[889.999s][info][gc,stats       ]     138 of   167 ms ( 82.7%): pl.nadoba.jvm.gc.benchmark.App.main()
[889.999s][info][gc,stats       ]     138 of   167 ms ( 82.7%): <total>
[889.999s][info][gc,stats       ]      14 of   167 ms (  8.3%): <average total>
[889.999s][info][gc,stats       ]     138 of   167 ms ( 82.7%): <average non-zero>
[889.999s][info][gc,stats       ] 
[889.999s][info][gc,metaspace   ] Metaspace: 24281K->24281K(1071104K)
[889.999s][info][gc,ergo        ] Pacer for Idle. Initial: 5242K, Alloc Tax Rate: 1.0x
[890.000s][info][gc             ] Trigger: Start next cycle immediately
[890.000s][info][gc,ergo        ] Free: 122M, Max: 256K regular, 75776K humongous, Frag: 40% external, 3% internal; Reserve: 13312K, Max: 256K
[890.000s][info][gc,start       ] GC(6691) Concurrent reset
[890.000s][info][gc,task        ] GC(6691) Using 6 of 24 workers for concurrent reset
[890.000s][info][gc,ergo        ] GC(6691) Pacer for Reset. Non-Taxable: 256M
[890.001s][info][gc             ] GC(6691) Concurrent reset 0.677ms
[890.001s][info][gc,start       ] GC(6691) Pause Init Mark (unload classes)
[890.001s][info][gc,task        ] GC(6691) Using 6 of 24 workers for init marking
[890.004s][info][gc,ergo        ] GC(6691) Pacer for Mark. Expected Live: 12097K, Free: 122M, Non-Taxable: 12554K, Alloc Tax Rate: 0.1x
[890.004s][info][gc             ] GC(6691) Pause Init Mark (unload classes) 2.585ms
[890.004s][info][gc,start       ] GC(6691) Concurrent marking (unload classes)
[890.004s][info][gc,task        ] GC(6691) Using 6 of 24 workers for concurrent marking
[890.072s][info][gc             ] GC(6691) Concurrent marking (unload classes) 68.324ms
[890.074s][info][gc,start       ] GC(6691) Pause Final Mark (unload classes)
[890.074s][info][gc,task        ] GC(6691) Using 6 of 24 workers for final marking
[890.130s][info][gc,stringtable ] GC(6691) Cleaned string and symbol table, strings: 8172 processed, 0 removed, symbols: 68000 processed, 0 removed
[890.130s][info][gc,ergo        ] GC(6691) Collectable Garbage: 107M (100%), Immediate: 106M (99%), CSet: 1004K (0%)
[890.132s][info][gc,ergo        ] GC(6691) Pacer for Evacuation. Used CSet: 4864K, Free: 192M, Non-Taxable: 19722K, Alloc Tax Rate: 1.1x
[890.132s][info][gc             ] GC(6691) Pause Final Mark (unload classes) 58.442ms
[890.132s][info][gc,start       ] GC(6691) Concurrent cleanup
[890.149s][info][gc             ] GC(6691) Concurrent cleanup 155M->72M(256M) 16.637ms
[890.149s][info][gc,ergo        ] GC(6691) Free: 168M, Max: 256K regular, 129M humongous, Frag: 23% external, 1% internal; Reserve: 12667K, Max: 256K
[890.149s][info][gc,start       ] GC(6691) Concurrent evacuation
[890.149s][info][gc,task        ] GC(6691) Using 6 of 24 workers for concurrent evacuation
[890.154s][info][gc             ] GC(6691) Concurrent evacuation 4.450ms
[890.154s][info][gc,start       ] GC(6691) Pause Init Update Refs
[890.154s][info][gc,ergo        ] GC(6691) Pacer for Update Refs. Used: 78228K, Free: 168M, Non-Taxable: 17239K, Alloc Tax Rate: 1.1x
[890.154s][info][gc             ] GC(6691) Pause Init Update Refs 0.200ms
[890.154s][info][gc,start       ] GC(6691) Concurrent update references
[890.154s][info][gc,task        ] GC(6691) Using 6 of 24 workers for concurrent reference update
[890.171s][info][gc             ] GC(6691) Concurrent update references 17.117ms
[890.172s][info][gc,start       ] GC(6691) Pause Final Update Refs
[890.172s][info][gc,task        ] GC(6691) Using 6 of 24 workers for final reference update
[890.173s][info][gc             ] GC(6691) Pause Final Update Refs 0.291ms
[890.173s][info][gc,start       ] GC(6691) Concurrent cleanup
[890.174s][info][gc             ] GC(6691) Concurrent cleanup 132M->127M(256M) 0.814ms
[890.174s][info][gc             ] GC(6691) Dat log --- cycle is complete
Current gc epoch: 5427
heap: ______
capacity: 268435456
used: 133846256
committed: 268435456
bytes_allocated_since_gc_start: 130023952
hot_size: 0
cold_size: 3002230
num_regions: 1024
hot_region_count: 18446744073709407577
cold_region_count: 144057
histogram: Placeholder

[890.174s][info][gc             ] GC(6691) Obj count ac histogram
[890.174s][info][gc             ] GC(6691) 	0: 212576
[890.174s][info][gc             ] GC(6691) 	1: 15
[890.174s][info][gc             ] GC(6691) 	2: 2
[890.174s][info][gc             ] GC(6691) 	3: 0
[890.174s][info][gc             ] GC(6691) 	4: 0
[890.174s][info][gc             ] GC(6691) 	5: 0
[890.174s][info][gc             ] GC(6691) 	6: 0
[890.174s][info][gc             ] GC(6691) 	7: 0
[890.174s][info][gc             ] GC(6691) 	8: 0
[890.174s][info][gc             ] GC(6691) 	9: 0
[890.174s][info][gc             ] GC(6691) 	10: 0
[890.174s][info][gc             ] GC(6691) 	11: 0
[890.174s][info][gc             ] GC(6691) 	12: 0
[890.174s][info][gc             ] GC(6691) 	13: 0
[890.174s][info][gc             ] GC(6691) 	14: 0
[890.174s][info][gc             ] GC(6691) 	15: 0
[890.174s][info][gc             ] GC(6691) 	16: 0
[890.174s][info][gc             ] GC(6691) 	17: 0
[890.174s][info][gc             ] GC(6691) 	18: 0
[890.174s][info][gc             ] GC(6691) 	19: 0
[890.174s][info][gc             ] GC(6691) Obj size ac histogram
[890.174s][info][gc             ] GC(6691) 	0: 1366941
[890.174s][info][gc             ] GC(6691) 	1: 720
[890.174s][info][gc             ] GC(6691) 	2: 14
[890.174s][info][gc             ] GC(6691) 	3: 0
[890.174s][info][gc             ] GC(6691) 	4: 0
[890.174s][info][gc             ] GC(6691) 	5: 0
[890.174s][info][gc             ] GC(6691) 	6: 0
[890.174s][info][gc             ] GC(6691) 	7: 0
[890.174s][info][gc             ] GC(6691) 	8: 0
[890.174s][info][gc             ] GC(6691) 	9: 0
[890.174s][info][gc             ] GC(6691) 	10: 0
[890.174s][info][gc             ] GC(6691) 	11: 0
[890.174s][info][gc             ] GC(6691) 	12: 0
[890.174s][info][gc             ] GC(6691) 	13: 0
[890.174s][info][gc             ] GC(6691) 	14: 0
[890.174s][info][gc             ] GC(6691) 	15: 0
[890.174s][info][gc             ] GC(6691) 	16: 0
[890.174s][info][gc             ] GC(6691) 	17: 0
[890.174s][info][gc             ] GC(6691) 	18: 0
[890.174s][info][gc             ] GC(6691) 	19: 0
[890.174s][info][gc,ergo        ] Free: 103M, Max: 256K regular, 98816K humongous, Frag: 7% external, 3% internal; Reserve: 13312K, Max: 256K
[890.174s][info][gc,stats       ] 
[890.174s][info][gc,stats       ] All times are wall-clock times, except per-root-class counters, that are sum over
[890.174s][info][gc,stats       ] all workers. Dividing the <total> over the root stage time estimates parallelism.
[890.174s][info][gc,stats       ] 
[890.174s][info][gc,stats       ] Concurrent Reset                    660 us
[890.174s][info][gc,stats       ] Pause Init Mark (G)                2887 us
[890.174s][info][gc,stats       ] Pause Init Mark (N)                2550 us
[890.174s][info][gc,stats       ]   Accumulate Stats                    5 us
[890.174s][info][gc,stats       ]   Make Parsable                      43 us
[890.174s][info][gc,stats       ]   Update Region States               15 us
[890.174s][info][gc,stats       ]   Scan Roots                       1732 us, parallelism: 1.22x
[890.174s][info][gc,stats       ]     S: <total>                     2113 us
[890.174s][info][gc,stats       ]     S: Thread Roots                 434 us, workers (us): 189,  57,  37, 103,   2,  47, ---, ---, ---, ---, ---, ---, ---, ---, ---, ---, ---, ---, ---, ---, ---, ---, ---, ---, 
[890.174s][info][gc,stats       ]     S: Universe Roots                30 us, workers (us):  30, ---, ---, ---, ---, ---, ---, ---, ---, ---, ---, ---, ---, ---, ---, ---, ---, ---, ---, ---, ---, ---, ---, ---, 
[890.174s][info][gc,stats       ]     S: JNI Handles Roots             30 us, workers (us): ---, ---, ---,  30, ---, ---, ---, ---, ---, ---, ---, ---, ---, ---, ---, ---, ---, ---, ---, ---, ---, ---, ---, ---, 
[890.174s][info][gc,stats       ]     S: Synchronizer Roots             1 us, workers (us): ---,   1, ---, ---, ---, ---, ---, ---, ---, ---, ---, ---, ---, ---, ---, ---, ---, ---, ---, ---, ---, ---, ---, ---, 
[890.174s][info][gc,stats       ]     S: Management Roots               2 us, workers (us): ---,   2, ---, ---, ---, ---, ---, ---, ---, ---, ---, ---, ---, ---, ---, ---, ---, ---, ---, ---, ---, ---, ---, ---, 
[890.174s][info][gc,stats       ]     S: System Dict Roots             47 us, workers (us): ---,  47, ---, ---, ---, ---, ---, ---, ---, ---, ---, ---, ---, ---, ---, ---, ---, ---, ---, ---, ---, ---, ---, ---, 
[890.174s][info][gc,stats       ]     S: CLDG Roots                  1567 us, workers (us): ---, ---,  16, ---, 1535,  16, ---, ---, ---, ---, ---, ---, ---, ---, ---, ---, ---, ---, ---, ---, ---, ---, ---, ---, 
[890.174s][info][gc,stats       ]     S: JVMTI Roots                    1 us, workers (us): ---, ---,   1, ---, ---, ---, ---, ---, ---, ---, ---, ---, ---, ---, ---, ---, ---, ---, ---, ---, ---, ---, ---, ---, 
[890.174s][info][gc,stats       ]   Resize TLABs                       18 us
[890.174s][info][gc,stats       ] Concurrent Marking                68271 us
[890.174s][info][gc,stats       ] Pause Final Mark (G)              60064 us
[890.174s][info][gc,stats       ] Pause Final Mark (N)              58386 us
[890.174s][info][gc,stats       ]   Finish Queues                     183 us
[890.174s][info][gc,stats       ]   System Purge                      292 us
[890.174s][info][gc,stats       ]     Unload Classes                   88 us
[890.174s][info][gc,stats       ]     Cleanup                       55132 us, parallelism: 1.58x
[890.174s][info][gc,stats       ]       CU: <total>                 87002 us
[890.174s][info][gc,stats       ]       CU: Code Cache Roots        66301 us, workers (us): 11031, 11009, 11032, 11032, 10993, 11205, ---, ---, ---, ---, ---, ---, ---, ---, ---, ---, ---, ---, ---, ---, ---, ---, ---, ---, 
[890.174s][info][gc,stats       ]       CU: Code Cache Cleaning      4618 us, workers (us): 765, 765, 761, 762, 812, 752, ---, ---, ---, ---, ---, ---, ---, ---, ---, ---, ---, ---, ---, ---, ---, ---, ---, ---, 
[890.174s][info][gc,stats       ]       CU: String Table Roots       3570 us, workers (us): 638, 658, 637, 597, 626, 414, ---, ---, ---, ---, ---, ---, ---, ---, ---, ---, ---, ---, ---, ---, ---, ---, ---, ---, 
[890.174s][info][gc,stats       ]       CU: Resolved Table Roots       13 us, workers (us):   0,   0,   0,   0,   0,  12, ---, ---, ---, ---, ---, ---, ---, ---, ---, ---, ---, ---, ---, ---, ---, ---, ---, ---, 
[890.174s][info][gc,stats       ]       CU: CLDG Roots              12500 us, workers (us): 2090, 2062, 2116, 2080, 2043, 2109, ---, ---, ---, ---, ---, ---, ---, ---, ---, ---, ---, ---, ---, ---, ---, ---, ---, ---, 
[890.174s][info][gc,stats       ]     Weak Roots                      291 us
[890.174s][info][gc,stats       ]     CLDG                              1 us
[890.174s][info][gc,stats       ]   Update Region States               23 us
[890.174s][info][gc,stats       ]   Retire TLABs                       39 us
[890.174s][info][gc,stats       ]   Choose Collection Set             300 us
[890.174s][info][gc,stats       ]   Rebuild Free Set                   17 us
[890.174s][info][gc,stats       ]   Initial Evacuation               2125 us, parallelism: 2.71x
[890.174s][info][gc,stats       ]     E: <total>                     5762 us
[890.174s][info][gc,stats       ]     E: Thread Roots                 162 us, workers (us):   1,   1,  30, 103,   1,  26, ---, ---, ---, ---, ---, ---, ---, ---, ---, ---, ---, ---, ---, ---, ---, ---, ---, ---, 
[890.174s][info][gc,stats       ]     E: Code Cache Roots            4609 us, workers (us): 1051, 984, 887, 442, 869, 375, ---, ---, ---, ---, ---, ---, ---, ---, ---, ---, ---, ---, ---, ---, ---, ---, ---, ---, 
[890.174s][info][gc,stats       ]     E: Universe Roots                 5 us, workers (us):   5, ---, ---, ---, ---, ---, ---, ---, ---, ---, ---, ---, ---, ---, ---, ---, ---, ---, ---, ---, ---, ---, ---, ---, 
[890.174s][info][gc,stats       ]     E: JNI Handles Roots              3 us, workers (us): ---,   3, ---, ---, ---, ---, ---, ---, ---, ---, ---, ---, ---, ---, ---, ---, ---, ---, ---, ---, ---, ---, ---, ---, 
[890.174s][info][gc,stats       ]     E: Synchronizer Roots             0 us, workers (us): ---,   0, ---, ---, ---, ---, ---, ---, ---, ---, ---, ---, ---, ---, ---, ---, ---, ---, ---, ---, ---, ---, ---, ---, 
[890.174s][info][gc,stats       ]     E: Management Roots               2 us, workers (us): ---,   2, ---, ---, ---, ---, ---, ---, ---, ---, ---, ---, ---, ---, ---, ---, ---, ---, ---, ---, ---, ---, ---, ---, 
[890.174s][info][gc,stats       ]     E: System Dict Roots             12 us, workers (us):  12, ---, ---, ---, ---, ---, ---, ---, ---, ---, ---, ---, ---, ---, ---, ---, ---, ---, ---, ---, ---, ---, ---, ---, 
[890.174s][info][gc,stats       ]     E: CLDG Roots                   969 us, workers (us): ---, ---, ---, 387,  57, 525, ---, ---, ---, ---, ---, ---, ---, ---, ---, ---, ---, ---, ---, ---, ---, ---, ---, ---, 
[890.174s][info][gc,stats       ]     E: JVMTI Roots                    1 us, workers (us): ---, ---,   1, ---, ---, ---, ---, ---, ---, ---, ---, ---, ---, ---, ---, ---, ---, ---, ---, ---, ---, ---, ---, ---, 
[890.174s][info][gc,stats       ] Concurrent Cleanup                16577 us
[890.174s][info][gc,stats       ] Concurrent Evacuation              4438 us
[890.174s][info][gc,stats       ] Pause Init  Update Refs (G)         470 us
[890.174s][info][gc,stats       ] Pause Init  Update Refs (N)         140 us
[890.174s][info][gc,stats       ]   Retire GCLABs                     121 us
[890.174s][info][gc,stats       ] Concurrent Update Refs            17077 us
[890.174s][info][gc,stats       ] Pause Final Update Refs (G)        1634 us
[890.174s][info][gc,stats       ] Pause Final Update Refs (N)         239 us
[890.174s][info][gc,stats       ]   Update Roots                      157 us, parallelism: 1.49x
[890.174s][info][gc,stats       ]     UR: <total>                     234 us
[890.174s][info][gc,stats       ]     UR: Thread Roots                234 us, workers (us):  84,  23,  36,  52,   9,  31, ---, ---, ---, ---, ---, ---, ---, ---, ---, ---, ---, ---, ---, ---, ---, ---, ---, ---, 
[890.174s][info][gc,stats       ]   Update Region States               25 us
[890.174s][info][gc,stats       ]   Trash Collection Set                9 us
[890.174s][info][gc,stats       ]   Rebuild Free Set                   27 us
[890.174s][info][gc,stats       ] Concurrent Cleanup                  764 us
[890.174s][info][gc,stats       ] Pacing                            84853 us
[890.174s][info][gc,stats       ] 
[890.174s][info][gc,stats       ] Allocation pacing accrued:
[890.174s][info][gc,stats       ]      85 of   175 ms ( 48.4%): pl.nadoba.jvm.gc.benchmark.App.main()
[890.174s][info][gc,stats       ]      85 of   175 ms ( 48.4%): <total>
[890.174s][info][gc,stats       ]       8 of   175 ms (  4.8%): <average total>
[890.174s][info][gc,stats       ]      85 of   175 ms ( 48.4%): <average non-zero>
[890.174s][info][gc,stats       ] 
[890.174s][info][gc,metaspace   ] Metaspace: 24281K->24281K(1071104K)
[890.174s][info][gc,ergo        ] Pacer for Idle. Initial: 5242K, Alloc Tax Rate: 1.0x
[890.176s][info][gc             ] Trigger: Start next cycle immediately
[890.176s][info][gc,ergo        ] Free: 103M, Max: 256K regular, 98816K humongous, Frag: 7% external, 3% internal; Reserve: 13312K, Max: 256K
[890.176s][info][gc,start       ] GC(6692) Concurrent reset
[890.176s][info][gc,task        ] GC(6692) Using 6 of 24 workers for concurrent reset
[890.176s][info][gc,ergo        ] GC(6692) Pacer for Reset. Non-Taxable: 256M
[890.176s][info][gc             ] GC(6692) Concurrent reset 0.530ms
[890.176s][info][gc,start       ] GC(6692) Pause Init Mark (process weakrefs) (unload classes)
[890.176s][info][gc,task        ] GC(6692) Using 6 of 24 workers for init marking
[890.178s][info][gc,ergo        ] GC(6692) Pacer for Mark. Expected Live: 12097K, Free: 103M, Non-Taxable: 10609K, Alloc Tax Rate: 0.1x
[890.178s][info][gc             ] GC(6692) Pause Init Mark (process weakrefs) (unload classes) 1.691ms
[890.178s][info][gc,start       ] GC(6692) Concurrent marking (process weakrefs) (unload classes)
[890.178s][info][gc,task        ] GC(6692) Using 6 of 24 workers for concurrent marking
[890.243s][info][gc             ] GC(6692) Concurrent marking (process weakrefs) (unload classes) 65.166ms
[890.243s][info][gc,start       ] GC(6692) Concurrent precleaning
[890.243s][info][gc,task        ] GC(6692) Using 1 of 24 workers for concurrent preclean
[890.243s][info][gc,ergo        ] GC(6692) Pacer for Precleaning. Non-Taxable: 256M
[890.247s][info][gc             ] GC(6692) Concurrent precleaning 4.127ms
[890.249s][info][gc,start       ] GC(6692) Pause Final Mark (process weakrefs) (unload classes)
[890.249s][info][gc,task        ] GC(6692) Using 6 of 24 workers for final marking
[890.304s][info][gc,stringtable ] GC(6692) Cleaned string and symbol table, strings: 8172 processed, 0 removed, symbols: 68000 processed, 0 removed
[890.305s][info][gc,ergo        ] GC(6692) Collectable Garbage: 125M (100%), Immediate: 124M (99%), CSet: 1004K (0%)
[890.308s][info][gc,ergo        ] GC(6692) Pacer for Evacuation. Used CSet: 4864K, Free: 173M, Non-Taxable: 17802K, Alloc Tax Rate: 1.1x
[890.308s][info][gc             ] GC(6692) Pause Final Mark (process weakrefs) (unload classes) 59.086ms
[890.308s][info][gc,start       ] GC(6692) Concurrent cleanup
[890.327s][info][gc             ] GC(6692) Concurrent cleanup 190M->86M(256M) 19.008ms
[890.327s][info][gc,ergo        ] GC(6692) Free: 152M, Max: 256K regular, 72192K humongous, Frag: 54% external, 1% internal; Reserve: 12537K, Max: 256K
[890.327s][info][gc,start       ] GC(6692) Concurrent evacuation
[890.327s][info][gc,task        ] GC(6692) Using 6 of 24 workers for concurrent evacuation
[890.331s][info][gc             ] GC(6692) Concurrent evacuation 3.241ms
[890.331s][info][gc,start       ] GC(6692) Pause Init Update Refs
[890.331s][info][gc,ergo        ] GC(6692) Pacer for Update Refs. Used: 92818K, Free: 152M, Non-Taxable: 15652K, Alloc Tax Rate: 1.1x
[890.331s][info][gc             ] GC(6692) Pause Init Update Refs 0.270ms
[890.331s][info][gc,start       ] GC(6692) Concurrent update references
[890.331s][info][gc,task        ] GC(6692) Using 6 of 24 workers for concurrent reference update
[890.348s][info][gc             ] GC(6692) Concurrent update references 16.809ms
[890.349s][info][gc,start       ] GC(6692) Pause Final Update Refs
[890.349s][info][gc,task        ] GC(6692) Using 6 of 24 workers for final reference update
[890.349s][info][gc             ] GC(6692) Pause Final Update Refs 0.384ms
[890.349s][info][gc,start       ] GC(6692) Concurrent cleanup
[890.350s][info][gc             ] GC(6692) Concurrent cleanup 137M->134M(256M) 0.729ms
[890.350s][info][gc             ] GC(6692) Dat log --- cycle is complete
Current gc epoch: 5428
heap: ______
capacity: 268435456
used: 141446480
committed: 268435456
bytes_allocated_since_gc_start: 138936848
hot_size: 0
cold_size: 3264374
num_regions: 1024
hot_region_count: 18446744073709407559
cold_region_count: 144076
histogram: Placeholder

[890.350s][info][gc             ] GC(6692) Obj count ac histogram
[890.350s][info][gc             ] GC(6692) 	0: 205059
[890.350s][info][gc             ] GC(6692) 	1: 15
[890.350s][info][gc             ] GC(6692) 	2: 4317
[890.350s][info][gc             ] GC(6692) 	3: 4456
[890.350s][info][gc             ] GC(6692) 	4: 864
[890.350s][info][gc             ] GC(6692) 	5: 15
[890.350s][info][gc             ] GC(6692) 	6: 0
[890.350s][info][gc             ] GC(6692) 	7: 0
[890.350s][info][gc             ] GC(6692) 	8: 0
[890.350s][info][gc             ] GC(6692) 	9: 0
[890.350s][info][gc             ] GC(6692) 	10: 0
[890.350s][info][gc             ] GC(6692) 	11: 0
[890.350s][info][gc             ] GC(6692) 	12: 0
[890.350s][info][gc             ] GC(6692) 	13: 0
[890.350s][info][gc             ] GC(6692) 	14: 0
[890.350s][info][gc             ] GC(6692) 	15: 0
[890.350s][info][gc             ] GC(6692) 	16: 0
[890.350s][info][gc             ] GC(6692) 	17: 0
[890.350s][info][gc             ] GC(6692) 	18: 0
[890.350s][info][gc             ] GC(6692) 	19: 0
[890.350s][info][gc             ] GC(6692) Obj size ac histogram
[890.350s][info][gc             ] GC(6692) 	0: 1260940
[890.350s][info][gc             ] GC(6692) 	1: 720
[890.350s][info][gc             ] GC(6692) 	2: 56010
[890.350s][info][gc             ] GC(6692) 	3: 41237
[890.350s][info][gc             ] GC(6692) 	4: 5331
[890.350s][info][gc             ] GC(6692) 	5: 150
[890.350s][info][gc             ] GC(6692) 	6: 0
[890.350s][info][gc             ] GC(6692) 	7: 0
[890.350s][info][gc             ] GC(6692) 	8: 0
[890.350s][info][gc             ] GC(6692) 	9: 0
[890.350s][info][gc             ] GC(6692) 	10: 0
[890.350s][info][gc             ] GC(6692) 	11: 0
[890.350s][info][gc             ] GC(6692) 	12: 0
[890.350s][info][gc             ] GC(6692) 	13: 0
[890.350s][info][gc             ] GC(6692) 	14: 0
[890.350s][info][gc             ] GC(6692) 	15: 0
[890.350s][info][gc             ] GC(6692) 	16: 0
[890.350s][info][gc             ] GC(6692) 	17: 0
[890.350s][info][gc             ] GC(6692) 	18: 0
[890.350s][info][gc             ] GC(6692) 	19: 0
[890.350s][info][gc,ergo        ] Free: 101229K, Max: 256K regular, 39936K humongous, Frag: 61% external, 4% internal; Reserve: 13312K, Max: 256K
[890.350s][info][gc,stats       ] 
[890.350s][info][gc,stats       ] All times are wall-clock times, except per-root-class counters, that are sum over
[890.350s][info][gc,stats       ] all workers. Dividing the <total> over the root stage time estimates parallelism.
[890.350s][info][gc,stats       ] 
[890.350s][info][gc,stats       ] Concurrent Reset                    521 us
[890.350s][info][gc,stats       ] Pause Init Mark (G)                2012 us
[890.350s][info][gc,stats       ] Pause Init Mark (N)                1635 us
[890.350s][info][gc,stats       ]   Accumulate Stats                    6 us
[890.350s][info][gc,stats       ]   Make Parsable                      50 us
[890.350s][info][gc,stats       ]   Update Region States               17 us
[890.350s][info][gc,stats       ]   Scan Roots                        717 us, parallelism: 1.55x
[890.350s][info][gc,stats       ]     S: <total>                     1114 us
[890.350s][info][gc,stats       ]     S: Thread Roots                 405 us, workers (us): 180,  76,   1,  47,  68,  34, ---, ---, ---, ---, ---, ---, ---, ---, ---, ---, ---, ---, ---, ---, ---, ---, ---, ---, 
[890.350s][info][gc,stats       ]     S: Universe Roots                32 us, workers (us):  32, ---, ---, ---, ---, ---, ---, ---, ---, ---, ---, ---, ---, ---, ---, ---, ---, ---, ---, ---, ---, ---, ---, ---, 
[890.350s][info][gc,stats       ]     S: JNI Handles Roots             19 us, workers (us):  19, ---, ---, ---, ---, ---, ---, ---, ---, ---, ---, ---, ---, ---, ---, ---, ---, ---, ---, ---, ---, ---, ---, ---, 
[890.350s][info][gc,stats       ]     S: Synchronizer Roots             1 us, workers (us): ---,   1, ---, ---, ---, ---, ---, ---, ---, ---, ---, ---, ---, ---, ---, ---, ---, ---, ---, ---, ---, ---, ---, ---, 
[890.350s][info][gc,stats       ]     S: Management Roots               2 us, workers (us):   2, ---, ---, ---, ---, ---, ---, ---, ---, ---, ---, ---, ---, ---, ---, ---, ---, ---, ---, ---, ---, ---, ---, ---, 
[890.350s][info][gc,stats       ]     S: System Dict Roots             37 us, workers (us): ---,  37, ---, ---, ---, ---, ---, ---, ---, ---, ---, ---, ---, ---, ---, ---, ---, ---, ---, ---, ---, ---, ---, ---, 
[890.350s][info][gc,stats       ]     S: CLDG Roots                   616 us, workers (us): ---, ---, 585,  19,  12, ---, ---, ---, ---, ---, ---, ---, ---, ---, ---, ---, ---, ---, ---, ---, ---, ---, ---, ---, 
[890.350s][info][gc,stats       ]     S: JVMTI Roots                    1 us, workers (us): ---, ---,   1, ---, ---, ---, ---, ---, ---, ---, ---, ---, ---, ---, ---, ---, ---, ---, ---, ---, ---, ---, ---, ---, 
[890.350s][info][gc,stats       ]   Resize TLABs                        4 us
[890.350s][info][gc,stats       ] Concurrent Marking                65098 us
[890.350s][info][gc,stats       ] Concurrent Precleaning             4112 us
[890.350s][info][gc,stats       ] Pause Final Mark (G)              60708 us
[890.350s][info][gc,stats       ] Pause Final Mark (N)              59032 us
[890.350s][info][gc,stats       ]   Finish Queues                     189 us
[890.350s][info][gc,stats       ]   Weak References                    41 us
[890.350s][info][gc,stats       ]     Process                          31 us
[890.350s][info][gc,stats       ]   System Purge                      205 us
[890.350s][info][gc,stats       ]     Unload Classes                   94 us
[890.350s][info][gc,stats       ]     Cleanup                       54858 us, parallelism: 1.82x
[890.350s][info][gc,stats       ]       CU: <total>                 99817 us
[890.350s][info][gc,stats       ]       CU: Code Cache Roots        78631 us, workers (us): 13068, 13263, 13128, 13085, 13034, 13053, ---, ---, ---, ---, ---, ---, ---, ---, ---, ---, ---, ---, ---, ---, ---, ---, ---, ---, 
[890.350s][info][gc,stats       ]       CU: Code Cache Cleaning      5039 us, workers (us): 843, 823, 843, 844, 840, 846, ---, ---, ---, ---, ---, ---, ---, ---, ---, ---, ---, ---, ---, ---, ---, ---, ---, ---, 
[890.350s][info][gc,stats       ]       CU: String Table Roots       3845 us, workers (us): 710, 507, 641, 638, 691, 657, ---, ---, ---, ---, ---, ---, ---, ---, ---, ---, ---, ---, ---, ---, ---, ---, ---, ---, 
[890.350s][info][gc,stats       ]       CU: Resolved Table Roots       20 us, workers (us):   0,  19,   0,   0,   0,   0, ---, ---, ---, ---, ---, ---, ---, ---, ---, ---, ---, ---, ---, ---, ---, ---, ---, ---, 
[890.350s][info][gc,stats       ]       CU: CLDG Roots              12283 us, workers (us): 2062, 2024, 2022, 2079, 2021, 2074, ---, ---, ---, ---, ---, ---, ---, ---, ---, ---, ---, ---, ---, ---, ---, ---, ---, ---, 
[890.350s][info][gc,stats       ]     Weak Roots                      204 us
[890.350s][info][gc,stats       ]     CLDG                              1 us
[890.350s][info][gc,stats       ]   Update Region States               25 us
[890.350s][info][gc,stats       ]   Retire TLABs                       54 us
[890.350s][info][gc,stats       ]   Choose Collection Set             381 us
[890.350s][info][gc,stats       ]   Rebuild Free Set                   18 us
[890.350s][info][gc,stats       ]   Initial Evacuation               2927 us, parallelism: 1.91x
[890.350s][info][gc,stats       ]     E: <total>                     5597 us
[890.350s][info][gc,stats       ]     E: Thread Roots                 159 us, workers (us):   2,  90,  38,  26,   2,   1, ---, ---, ---, ---, ---, ---, ---, ---, ---, ---, ---, ---, ---, ---, ---, ---, ---, ---, 
[890.351s][info][gc,stats       ]     E: Code Cache Roots            4691 us, workers (us): 1680, 689, 334, 496, 725, 768, ---, ---, ---, ---, ---, ---, ---, ---, ---, ---, ---, ---, ---, ---, ---, ---, ---, ---, 
[890.351s][info][gc,stats       ]     E: Universe Roots                 7 us, workers (us):   7, ---, ---, ---, ---, ---, ---, ---, ---, ---, ---, ---, ---, ---, ---, ---, ---, ---, ---, ---, ---, ---, ---, ---, 
[890.351s][info][gc,stats       ]     E: JNI Handles Roots              3 us, workers (us):   3, ---, ---, ---, ---, ---, ---, ---, ---, ---, ---, ---, ---, ---, ---, ---, ---, ---, ---, ---, ---, ---, ---, ---, 
[890.351s][info][gc,stats       ]     E: Synchronizer Roots             1 us, workers (us):   1, ---, ---, ---, ---, ---, ---, ---, ---, ---, ---, ---, ---, ---, ---, ---, ---, ---, ---, ---, ---, ---, ---, ---, 
[890.351s][info][gc,stats       ]     E: Management Roots               4 us, workers (us):   4, ---, ---, ---, ---, ---, ---, ---, ---, ---, ---, ---, ---, ---, ---, ---, ---, ---, ---, ---, ---, ---, ---, ---, 
[890.351s][info][gc,stats       ]     E: System Dict Roots             13 us, workers (us):  13, ---, ---, ---, ---, ---, ---, ---, ---, ---, ---, ---, ---, ---, ---, ---, ---, ---, ---, ---, ---, ---, ---, ---, 
[890.351s][info][gc,stats       ]     E: CLDG Roots                   719 us, workers (us): ---, ---, 401, 255,  63, ---, ---, ---, ---, ---, ---, ---, ---, ---, ---, ---, ---, ---, ---, ---, ---, ---, ---, ---, 
[890.351s][info][gc,stats       ]     E: JVMTI Roots                    1 us, workers (us):   1, ---, ---, ---, ---, ---, ---, ---, ---, ---, ---, ---, ---, ---, ---, ---, ---, ---, ---, ---, ---, ---, ---, ---, 
[890.351s][info][gc,stats       ] Concurrent Cleanup                18954 us
[890.351s][info][gc,stats       ] Concurrent Evacuation              3232 us
[890.351s][info][gc,stats       ] Pause Init  Update Refs (G)         576 us
[890.351s][info][gc,stats       ] Pause Init  Update Refs (N)         218 us
[890.351s][info][gc,stats       ]   Retire GCLABs                     190 us
[890.351s][info][gc,stats       ] Concurrent Update Refs            16772 us
[890.351s][info][gc,stats       ] Pause Final Update Refs (G)        1047 us
[890.351s][info][gc,stats       ] Pause Final Update Refs (N)         325 us
[890.351s][info][gc,stats       ]   Update Roots                      231 us, parallelism: 1.33x
[890.351s][info][gc,stats       ]     UR: <total>                     308 us
[890.351s][info][gc,stats       ]     UR: Thread Roots                308 us, workers (us): 129,  44,  50,  36,  29,  20, ---, ---, ---, ---, ---, ---, ---, ---, ---, ---, ---, ---, ---, ---, ---, ---, ---, ---, 
[890.351s][info][gc,stats       ]   Update Region States               29 us
[890.351s][info][gc,stats       ]   Trash Collection Set               10 us
[890.351s][info][gc,stats       ]   Rebuild Free Set                   31 us
[890.351s][info][gc,stats       ] Concurrent Cleanup                  707 us
[890.351s][info][gc,stats       ] Pacing                            84605 us
[890.351s][info][gc,stats       ] 
[890.351s][info][gc,stats       ] Allocation pacing accrued:
[890.351s][info][gc,stats       ]      85 of   176 ms ( 48.0%): pl.nadoba.jvm.gc.benchmark.App.main()
[890.351s][info][gc,stats       ]      85 of   176 ms ( 48.0%): <total>
[890.351s][info][gc,stats       ]       8 of   176 ms (  4.8%): <average total>
[890.351s][info][gc,stats       ]      85 of   176 ms ( 48.0%): <average non-zero>
[890.351s][info][gc,stats       ] 
[890.351s][info][gc,metaspace   ] Metaspace: 24281K->24281K(1071104K)
[890.351s][info][gc,ergo        ] Pacer for Idle. Initial: 5242K, Alloc Tax Rate: 1.0x
[890.352s][info][gc             ] Trigger: Start next cycle immediately
[890.352s][info][gc,ergo        ] Free: 96877K, Max: 256K regular, 39936K humongous, Frag: 59% external, 4% internal; Reserve: 13312K, Max: 256K
[890.352s][info][gc,start       ] GC(6693) Concurrent reset
[890.352s][info][gc,task        ] GC(6693) Using 6 of 24 workers for concurrent reset
[890.352s][info][gc,ergo        ] GC(6693) Pacer for Reset. Non-Taxable: 256M
[890.353s][info][gc             ] GC(6693) Concurrent reset 0.626ms
[890.354s][info][gc,start       ] GC(6693) Pause Init Mark
[890.354s][info][gc,task        ] GC(6693) Using 6 of 24 workers for init marking
[890.357s][info][gc,ergo        ] GC(6693) Pacer for Mark. Expected Live: 11687K, Free: 88429K, Non-Taxable: 8842K, Alloc Tax Rate: 0.2x
[890.357s][info][gc             ] GC(6693) Pause Init Mark 3.247ms
[890.357s][info][gc,start       ] GC(6693) Concurrent marking
[890.357s][info][gc,task        ] GC(6693) Using 6 of 24 workers for concurrent marking
[890.418s][info][gc             ] Failed to allocate Shared, 3072K
[890.418s][info][gc             ] Cancelling GC: Allocation Failure
[890.420s][info][gc             ] GC(6693) Concurrent marking 62.740ms
[890.420s][info][gc,ergo        ] Free: 8301K, Max: 256K regular, 2304K humongous, Frag: 71% external, 27% internal; Reserve: 13312K, Max: 256K
[890.420s][info][gc,stats       ] 
[890.420s][info][gc,stats       ] All times are wall-clock times, except per-root-class counters, that are sum over
[890.420s][info][gc,stats       ] all workers. Dividing the <total> over the root stage time estimates parallelism.
[890.420s][info][gc,stats       ] 
[890.420s][info][gc,stats       ] Concurrent Reset                    609 us
[890.420s][info][gc,stats       ] Pause Init Mark (G)                4724 us
[890.420s][info][gc,stats       ] Pause Init Mark (N)                3195 us
[890.420s][info][gc,stats       ]   Accumulate Stats                    8 us
[890.420s][info][gc,stats       ]   Make Parsable                      55 us
[890.420s][info][gc,stats       ]   Update Region States               19 us
[890.420s][info][gc,stats       ]   Scan Roots                       2145 us, parallelism: 2.04x
[890.420s][info][gc,stats       ]     S: <total>                     4373 us
[890.420s][info][gc,stats       ]     S: Thread Roots                 504 us, workers (us):  75, 101,   2,   2,   1, 323, ---, ---, ---, ---, ---, ---, ---, ---, ---, ---, ---, ---, ---, ---, ---, ---, ---, ---, 
[890.420s][info][gc,stats       ]     S: Universe Roots                16 us, workers (us):  16, ---, ---, ---, ---, ---, ---, ---, ---, ---, ---, ---, ---, ---, ---, ---, ---, ---, ---, ---, ---, ---, ---, ---, 
[890.420s][info][gc,stats       ]     S: JNI Handles Roots             17 us, workers (us):  17, ---, ---, ---, ---, ---, ---, ---, ---, ---, ---, ---, ---, ---, ---, ---, ---, ---, ---, ---, ---, ---, ---, ---, 
[890.420s][info][gc,stats       ]     S: Synchronizer Roots             1 us, workers (us): ---,   1, ---, ---, ---, ---, ---, ---, ---, ---, ---, ---, ---, ---, ---, ---, ---, ---, ---, ---, ---, ---, ---, ---, 
[890.420s][info][gc,stats       ]     S: Management Roots               3 us, workers (us): ---,   3, ---, ---, ---, ---, ---, ---, ---, ---, ---, ---, ---, ---, ---, ---, ---, ---, ---, ---, ---, ---, ---, ---, 
[890.420s][info][gc,stats       ]     S: System Dict Roots             59 us, workers (us): ---,  59, ---, ---, ---, ---, ---, ---, ---, ---, ---, ---, ---, ---, ---, ---, ---, ---, ---, ---, ---, ---, ---, ---, 
[890.420s][info][gc,stats       ]     S: CLDG Roots                  3774 us, workers (us): ---, ---, 1605, 242, 1926, ---, ---, ---, ---, ---, ---, ---, ---, ---, ---, ---, ---, ---, ---, ---, ---, ---, ---, ---, 
[890.420s][info][gc,stats       ]     S: JVMTI Roots                    0 us, workers (us):   0, ---, ---, ---, ---, ---, ---, ---, ---, ---, ---, ---, ---, ---, ---, ---, ---, ---, ---, ---, ---, ---, ---, ---, 
[890.420s][info][gc,stats       ]   Resize TLABs                       15 us
[890.420s][info][gc,stats       ] Concurrent Marking                62688 us
[890.420s][info][gc,stats       ] Pacing                            45660 us
[890.420s][info][gc,stats       ] 
[890.420s][info][gc,stats       ] Allocation pacing accrued:
[890.420s][info][gc,stats       ]      46 of    70 ms ( 65.5%): pl.nadoba.jvm.gc.benchmark.App.main()
[890.420s][info][gc,stats       ]      46 of    70 ms ( 65.5%): <total>
[890.420s][info][gc,stats       ]       5 of    70 ms (  6.6%): <average total>
[890.420s][info][gc,stats       ]      46 of    70 ms ( 65.5%): <average non-zero>
[890.420s][info][gc,stats       ] 
[890.420s][info][gc,metaspace   ] Metaspace: 24281K->24281K(1071104K)
[890.420s][info][gc,ergo        ] Pacer for Idle. Initial: 5242K, Alloc Tax Rate: 1.0x
[890.422s][info][gc             ] Trigger: Handle Allocation Failure
[890.422s][info][gc,ergo        ] Free: 8301K, Max: 256K regular, 2304K humongous, Frag: 71% external, 27% internal; Reserve: 13312K, Max: 256K
[890.422s][info][gc,start       ] GC(6694) Pause Degenerated GC (Mark)
[890.422s][info][gc,task        ] GC(6694) Using 6 of 24 workers for stw degenerated gc
[890.425s][info][gc,ergo        ] GC(6694) Collectable Garbage: 132M (100%), Immediate: 131M (99%), CSet: 1258K (0%)
[890.425s][info][gc,ergo        ] GC(6694) Pacer for Evacuation. Used CSet: 5117K, Free: 146M, Non-Taxable: 15037K, Alloc Tax Rate: 1.1x
[890.448s][info][gc,ergo        ] GC(6694) Pacer for Update Refs. Used: 98962K, Free: 146M, Non-Taxable: 15037K, Alloc Tax Rate: 1.1x
[890.467s][info][gc,ergo        ] GC(6694) Good progress for free space: 147M, need 2621K
[890.467s][info][gc,ergo        ] GC(6694) Good progress for used space: 131M, need 256K
[890.467s][info][gc             ] GC(6694) Pause Degenerated GC (Mark) 223M->91M(256M) 44.980ms
[890.467s][info][gc,ergo        ] Free: 147M, Max: 256K regular, 80896K humongous, Frag: 47% external, 2% internal; Reserve: 13312K, Max: 256K
[890.467s][info][gc,stats       ] 
[890.467s][info][gc,stats       ] All times are wall-clock times, except per-root-class counters, that are sum over
[890.467s][info][gc,stats       ] all workers. Dividing the <total> over the root stage time estimates parallelism.
[890.467s][info][gc,stats       ] 
[890.467s][info][gc,stats       ]   Finish Queues                    2219 us
[890.467s][info][gc,stats       ]   System Purge                      261 us
[890.467s][info][gc,stats       ]     Weak Roots                      259 us
[890.467s][info][gc,stats       ]   Update Region States               46 us
[890.467s][info][gc,stats       ]   Retire TLABs                       56 us
[890.467s][info][gc,stats       ]   Choose Collection Set             668 us
[890.467s][info][gc,stats       ]   Rebuild Free Set                   38 us
[890.467s][info][gc,stats       ]   Initial Evacuation                 19 us
[890.467s][info][gc,stats       ]   Retire GCLABs                     170 us
[890.467s][info][gc,stats       ]   Finish Work                     16400 us
[890.467s][info][gc,stats       ]   Update Region States               18 us
[890.467s][info][gc,stats       ]   Trash Collection Set               10 us
[890.467s][info][gc,stats       ]   Rebuild Free Set                   35 us
[890.467s][info][gc,stats       ] Pause Degenerated GC (G)          45329 us
[890.467s][info][gc,stats       ] Pause Degenerated GC (N)          44937 us
[890.467s][info][gc,stats       ]   Degen Update Roots               1664 us, parallelism: 4.23x
[890.467s][info][gc,stats       ]     DU: <total>                    7038 us
[890.467s][info][gc,stats       ]     DU: Thread Roots                130 us, workers (us):   1, 123,   1,   1,   1,   2, ---, ---, ---, ---, ---, ---, ---, ---, ---, ---, ---, ---, ---, ---, ---, ---, ---, ---, 
[890.467s][info][gc,stats       ]     DU: Code Cache Roots           5985 us, workers (us): 1283, 543, 650, 1173, 1063, 1272, ---, ---, ---, ---, ---, ---, ---, ---, ---, ---, ---, ---, ---, ---, ---, ---, ---, ---, 
[890.467s][info][gc,stats       ]     DU: Universe Roots                4 us, workers (us):   4, ---, ---, ---, ---, ---, ---, ---, ---, ---, ---, ---, ---, ---, ---, ---, ---, ---, ---, ---, ---, ---, ---, ---, 
[890.467s][info][gc,stats       ]     DU: JNI Handles Roots             3 us, workers (us):   3, ---, ---, ---, ---, ---, ---, ---, ---, ---, ---, ---, ---, ---, ---, ---, ---, ---, ---, ---, ---, ---, ---, ---, 
[890.467s][info][gc,stats       ]     DU: Synchronizer Roots            0 us, workers (us):   0, ---, ---, ---, ---, ---, ---, ---, ---, ---, ---, ---, ---, ---, ---, ---, ---, ---, ---, ---, ---, ---, ---, ---, 
[890.467s][info][gc,stats       ]     DU: Management Roots              1 us, workers (us):   1, ---, ---, ---, ---, ---, ---, ---, ---, ---, ---, ---, ---, ---, ---, ---, ---, ---, ---, ---, ---, ---, ---, ---, 
[890.467s][info][gc,stats       ]     DU: System Dict Roots             7 us, workers (us):   7, ---, ---, ---, ---, ---, ---, ---, ---, ---, ---, ---, ---, ---, ---, ---, ---, ---, ---, ---, ---, ---, ---, ---, 
[890.467s][info][gc,stats       ]     DU: CLDG Roots                  908 us, workers (us): ---, 385, 454,  69, ---, ---, ---, ---, ---, ---, ---, ---, ---, ---, ---, ---, ---, ---, ---, ---, ---, ---, ---, ---, 
[890.467s][info][gc,stats       ]     DU: JVMTI Roots                   1 us, workers (us):   1, ---, ---, ---, ---, ---, ---, ---, ---, ---, ---, ---, ---, ---, ---, ---, ---, ---, ---, ---, ---, ---, ---, ---, 
[890.467s][info][gc,stats       ] 
[890.467s][info][gc,stats       ] Allocation pacing accrued:
[890.467s][info][gc,stats       ]       0 of    47 ms (  0.0%): <total>
[890.467s][info][gc,stats       ]       0 of    47 ms (  0.0%): <average total>
[890.467s][info][gc,stats       ] 
[890.467s][info][gc,metaspace   ] Metaspace: 24281K->24281K(1071104K)
[890.467s][info][gc,ergo        ] Pacer for Idle. Initial: 5242K, Alloc Tax Rate: 1.0x
[890.469s][info][gc             ] Trigger: Start next cycle immediately
[890.469s][info][gc,ergo        ] Free: 143M, Max: 256K regular, 77568K humongous, Frag: 48% external, 1% internal; Reserve: 13312K, Max: 256K
[890.469s][info][gc,start       ] GC(6695) Concurrent reset
[890.469s][info][gc,task        ] GC(6695) Using 6 of 24 workers for concurrent reset
[890.469s][info][gc,ergo        ] GC(6695) Pacer for Reset. Non-Taxable: 256M
[890.469s][info][gc             ] GC(6695) Concurrent reset 0.604ms
[890.470s][info][gc,start       ] GC(6695) Pause Init Mark
[890.470s][info][gc,task        ] GC(6695) Using 6 of 24 workers for init marking
[890.472s][info][gc,ergo        ] GC(6695) Pacer for Mark. Expected Live: 12097K, Free: 143M, Non-Taxable: 14705K, Alloc Tax Rate: 0.1x
[890.472s][info][gc             ] GC(6695) Pause Init Mark 2.327ms
[890.472s][info][gc,start       ] GC(6695) Concurrent marking
[890.472s][info][gc,task        ] GC(6695) Using 6 of 24 workers for concurrent marking
[890.540s][info][gc             ] GC(6695) Concurrent marking 68.118ms
[890.540s][info][gc,start       ] GC(6695) Pause Final Mark
[890.540s][info][gc,task        ] GC(6695) Using 6 of 24 workers for final marking
[890.541s][info][gc,ergo        ] GC(6695) Collectable Garbage: 88557K (100%), Immediate: 87296K (98%), CSet: 1260K (1%)
[890.544s][info][gc,ergo        ] GC(6695) Pacer for Evacuation. Used CSet: 5120K, Free: 183M, Non-Taxable: 18749K, Alloc Tax Rate: 1.1x
[890.544s][info][gc             ] GC(6695) Pause Final Mark 4.132ms
[890.544s][info][gc,start       ] GC(6695) Concurrent cleanup
[890.558s][info][gc             ] GC(6695) Concurrent cleanup 147M->78M(256M) 13.527ms
[890.558s][info][gc,ergo        ] GC(6695) Free: 161M, Max: 256K regular, 155M humongous, Frag: 4% external, 1% internal; Reserve: 12544K, Max: 256K
[890.558s][info][gc,start       ] GC(6695) Concurrent evacuation
[890.558s][info][gc,task        ] GC(6695) Using 6 of 24 workers for concurrent evacuation
[890.561s][info][gc             ] GC(6695) Concurrent evacuation 3.428ms
[890.562s][info][gc,start       ] GC(6695) Pause Init Update Refs
[890.562s][info][gc,ergo        ] GC(6695) Pacer for Update Refs. Used: 89236K, Free: 157M, Non-Taxable: 16113K, Alloc Tax Rate: 1.1x
[890.562s][info][gc             ] GC(6695) Pause Init Update Refs 0.316ms
[890.562s][info][gc,start       ] GC(6695) Concurrent update references
[890.562s][info][gc,task        ] GC(6695) Using 6 of 24 workers for concurrent reference update
[890.578s][info][gc             ] GC(6695) Concurrent update references 15.870ms
[890.579s][info][gc,start       ] GC(6695) Pause Final Update Refs
[890.579s][info][gc,task        ] GC(6695) Using 6 of 24 workers for final reference update
[890.579s][info][gc             ] GC(6695) Pause Final Update Refs 0.309ms
[890.579s][info][gc,start       ] GC(6695) Concurrent cleanup
[890.580s][info][gc             ] GC(6695) Concurrent cleanup 112M->114M(256M) 0.762ms
[890.580s][info][gc             ] GC(6695) Dat log --- cycle is complete
Current gc epoch: 5429
heap: ______
capacity: 268435456
used: 119690416
committed: 268435456
bytes_allocated_since_gc_start: 114819336
hot_size: 0
cold_size: 7040768
num_regions: 1024
hot_region_count: 18446744073709407521
cold_region_count: 144115
histogram: Placeholder

[890.580s][info][gc             ] GC(6695) Obj count ac histogram
[890.580s][info][gc             ] GC(6695) 	0: 432422
[890.580s][info][gc             ] GC(6695) 	1: 15
[890.580s][info][gc             ] GC(6695) 	2: 16
[890.580s][info][gc             ] GC(6695) 	3: 2
[890.580s][info][gc             ] GC(6695) 	4: 0
[890.580s][info][gc             ] GC(6695) 	5: 0
[890.580s][info][gc             ] GC(6695) 	6: 0
[890.580s][info][gc             ] GC(6695) 	7: 0
[890.580s][info][gc             ] GC(6695) 	8: 0
[890.580s][info][gc             ] GC(6695) 	9: 0
[890.580s][info][gc             ] GC(6695) 	10: 0
[890.580s][info][gc             ] GC(6695) 	11: 0
[890.580s][info][gc             ] GC(6695) 	12: 0
[890.580s][info][gc             ] GC(6695) 	13: 0
[890.580s][info][gc             ] GC(6695) 	14: 0
[890.580s][info][gc             ] GC(6695) 	15: 0
[890.580s][info][gc             ] GC(6695) 	16: 0
[890.580s][info][gc             ] GC(6695) 	17: 0
[890.580s][info][gc             ] GC(6695) 	18: 0
[890.580s][info][gc             ] GC(6695) 	19: 0
[890.580s][info][gc             ] GC(6695) Obj size ac histogram
[890.580s][info][gc             ] GC(6695) 	0: 4459488
[890.580s][info][gc             ] GC(6695) 	1: 720
[890.580s][info][gc             ] GC(6695) 	2: 734
[890.580s][info][gc             ] GC(6695) 	3: 14
[890.580s][info][gc             ] GC(6695) 	4: 0
[890.580s][info][gc             ] GC(6695) 	5: 0
[890.580s][info][gc             ] GC(6695) 	6: 0
[890.580s][info][gc             ] GC(6695) 	7: 0
[890.580s][info][gc             ] GC(6695) 	8: 0
[890.580s][info][gc             ] GC(6695) 	9: 0
[890.580s][info][gc             ] GC(6695) 	10: 0
[890.580s][info][gc             ] GC(6695) 	11: 0
[890.580s][info][gc             ] GC(6695) 	12: 0
[890.580s][info][gc             ] GC(6695) 	13: 0
[890.580s][info][gc             ] GC(6695) 	14: 0
[890.580s][info][gc             ] GC(6695) 	15: 0
[890.580s][info][gc             ] GC(6695) 	16: 0
[890.580s][info][gc             ] GC(6695) 	17: 0
[890.580s][info][gc             ] GC(6695) 	18: 0
[890.580s][info][gc             ] GC(6695) 	19: 0
[890.580s][info][gc,ergo        ] Free: 123M, Max: 256K regular, 118M humongous, Frag: 4% external, 3% internal; Reserve: 13312K, Max: 256K
[890.580s][info][gc,stats       ] 
[890.580s][info][gc,stats       ] All times are wall-clock times, except per-root-class counters, that are sum over
[890.580s][info][gc,stats       ] all workers. Dividing the <total> over the root stage time estimates parallelism.
[890.580s][info][gc,stats       ] 
[890.580s][info][gc,stats       ] Concurrent Reset                    585 us
[890.580s][info][gc,stats       ] Pause Init Mark (G)                2657 us
[890.580s][info][gc,stats       ] Pause Init Mark (N)                2284 us
[890.580s][info][gc,stats       ]   Accumulate Stats                    4 us
[890.580s][info][gc,stats       ]   Make Parsable                      33 us
[890.580s][info][gc,stats       ]   Update Region States               12 us
[890.580s][info][gc,stats       ]   Scan Roots                       1625 us, parallelism: 2.03x
[890.580s][info][gc,stats       ]     S: <total>                     3300 us
[890.580s][info][gc,stats       ]     S: Thread Roots                 415 us, workers (us):   1,   1,   2, 205,  83, 123, ---, ---, ---, ---, ---, ---, ---, ---, ---, ---, ---, ---, ---, ---, ---, ---, ---, ---, 
[890.580s][info][gc,stats       ]     S: Universe Roots                31 us, workers (us):  31, ---, ---, ---, ---, ---, ---, ---, ---, ---, ---, ---, ---, ---, ---, ---, ---, ---, ---, ---, ---, ---, ---, ---, 
[890.580s][info][gc,stats       ]     S: JNI Handles Roots             15 us, workers (us):  15, ---, ---, ---, ---, ---, ---, ---, ---, ---, ---, ---, ---, ---, ---, ---, ---, ---, ---, ---, ---, ---, ---, ---, 
[890.580s][info][gc,stats       ]     S: Synchronizer Roots             1 us, workers (us): ---,   1, ---, ---, ---, ---, ---, ---, ---, ---, ---, ---, ---, ---, ---, ---, ---, ---, ---, ---, ---, ---, ---, ---, 
[890.580s][info][gc,stats       ]     S: Management Roots               2 us, workers (us): ---,   2, ---, ---, ---, ---, ---, ---, ---, ---, ---, ---, ---, ---, ---, ---, ---, ---, ---, ---, ---, ---, ---, ---, 
[890.580s][info][gc,stats       ]     S: System Dict Roots             37 us, workers (us): ---,  37, ---, ---, ---, ---, ---, ---, ---, ---, ---, ---, ---, ---, ---, ---, ---, ---, ---, ---, ---, ---, ---, ---, 
[890.580s][info][gc,stats       ]     S: CLDG Roots                  2799 us, workers (us): 1146, 1450, 202, ---, ---, ---, ---, ---, ---, ---, ---, ---, ---, ---, ---, ---, ---, ---, ---, ---, ---, ---, ---, ---, 
[890.580s][info][gc,stats       ]     S: JVMTI Roots                    1 us, workers (us):   1, ---, ---, ---, ---, ---, ---, ---, ---, ---, ---, ---, ---, ---, ---, ---, ---, ---, ---, ---, ---, ---, ---, ---, 
[890.580s][info][gc,stats       ]   Resize TLABs                        7 us
[890.580s][info][gc,stats       ] Concurrent Marking                68082 us
[890.580s][info][gc,stats       ] Pause Final Mark (G)               4311 us
[890.580s][info][gc,stats       ] Pause Final Mark (N)               4074 us
[890.580s][info][gc,stats       ]   Finish Queues                     179 us
[890.580s][info][gc,stats       ]   System Purge                      162 us
[890.580s][info][gc,stats       ]     Weak Roots                      161 us
[890.580s][info][gc,stats       ]   Update Region States               36 us
[890.580s][info][gc,stats       ]   Retire TLABs                       50 us
[890.580s][info][gc,stats       ]   Choose Collection Set             420 us
[890.580s][info][gc,stats       ]   Rebuild Free Set                   36 us
[890.580s][info][gc,stats       ]   Initial Evacuation               3168 us, parallelism: 1.70x
[890.580s][info][gc,stats       ]     E: <total>                     5394 us
[890.580s][info][gc,stats       ]     E: Thread Roots                 200 us, workers (us):   1,   1, 121,  33,   2,  41, ---, ---, ---, ---, ---, ---, ---, ---, ---, ---, ---, ---, ---, ---, ---, ---, ---, ---, 
[890.580s][info][gc,stats       ]     E: Code Cache Roots            4229 us, workers (us): 1220, 892, 654, 290, 399, 774, ---, ---, ---, ---, ---, ---, ---, ---, ---, ---, ---, ---, ---, ---, ---, ---, ---, ---, 
[890.580s][info][gc,stats       ]     E: Universe Roots                 6 us, workers (us):   6, ---, ---, ---, ---, ---, ---, ---, ---, ---, ---, ---, ---, ---, ---, ---, ---, ---, ---, ---, ---, ---, ---, ---, 
[890.580s][info][gc,stats       ]     E: JNI Handles Roots              2 us, workers (us):   2, ---, ---, ---, ---, ---, ---, ---, ---, ---, ---, ---, ---, ---, ---, ---, ---, ---, ---, ---, ---, ---, ---, ---, 
[890.580s][info][gc,stats       ]     E: Synchronizer Roots             1 us, workers (us): ---,   1, ---, ---, ---, ---, ---, ---, ---, ---, ---, ---, ---, ---, ---, ---, ---, ---, ---, ---, ---, ---, ---, ---, 
[890.580s][info][gc,stats       ]     E: Management Roots               3 us, workers (us): ---, ---,   3, ---, ---, ---, ---, ---, ---, ---, ---, ---, ---, ---, ---, ---, ---, ---, ---, ---, ---, ---, ---, ---, 
[890.580s][info][gc,stats       ]     E: System Dict Roots             11 us, workers (us): ---,  11, ---, ---, ---, ---, ---, ---, ---, ---, ---, ---, ---, ---, ---, ---, ---, ---, ---, ---, ---, ---, ---, ---, 
[890.580s][info][gc,stats       ]     E: CLDG Roots                   943 us, workers (us): ---, ---,  72, 474, 396, ---, ---, ---, ---, ---, ---, ---, ---, ---, ---, ---, ---, ---, ---, ---, ---, ---, ---, ---, 
[890.580s][info][gc,stats       ]     E: JVMTI Roots                    1 us, workers (us): ---, ---,   1, ---, ---, ---, ---, ---, ---, ---, ---, ---, ---, ---, ---, ---, ---, ---, ---, ---, ---, ---, ---, ---, 
[890.580s][info][gc,stats       ] Concurrent Cleanup                13477 us
[890.580s][info][gc,stats       ] Concurrent Evacuation              3416 us
[890.580s][info][gc,stats       ] Pause Init  Update Refs (G)         997 us
[890.580s][info][gc,stats       ] Pause Init  Update Refs (N)         264 us
[890.580s][info][gc,stats       ]   Retire GCLABs                     235 us
[890.580s][info][gc,stats       ] Concurrent Update Refs            15852 us
[890.580s][info][gc,stats       ] Pause Final Update Refs (G)         638 us
[890.580s][info][gc,stats       ] Pause Final Update Refs (N)         258 us
[890.580s][info][gc,stats       ]   Update Roots                      180 us, parallelism: 1.29x
[890.580s][info][gc,stats       ]     UR: <total>                     233 us
[890.580s][info][gc,stats       ]     UR: Thread Roots                233 us, workers (us):  97,  23,  27,   9,  32,  45, ---, ---, ---, ---, ---, ---, ---, ---, ---, ---, ---, ---, ---, ---, ---, ---, ---, ---, 
[890.580s][info][gc,stats       ]   Update Region States               22 us
[890.580s][info][gc,stats       ]   Trash Collection Set                9 us
[890.580s][info][gc,stats       ]   Rebuild Free Set                   27 us
[890.580s][info][gc,stats       ] Concurrent Cleanup                  735 us
[890.580s][info][gc,stats       ] Pacing                            85908 us
[890.580s][info][gc,stats       ] 
[890.580s][info][gc,stats       ] Allocation pacing accrued:
[890.580s][info][gc,stats       ]      86 of   113 ms ( 76.0%): pl.nadoba.jvm.gc.benchmark.App.main()
[890.580s][info][gc,stats       ]      86 of   113 ms ( 76.0%): <total>
[890.580s][info][gc,stats       ]       9 of   113 ms (  7.6%): <average total>
[890.580s][info][gc,stats       ]      86 of   113 ms ( 76.0%): <average non-zero>
[890.580s][info][gc,stats       ] 
[890.580s][info][gc,metaspace   ] Metaspace: 24281K->24281K(1071104K)
[890.580s][info][gc,ergo        ] Pacer for Idle. Initial: 5242K, Alloc Tax Rate: 1.0x
[890.582s][info][gc             ] Trigger: Start next cycle immediately
[890.582s][info][gc,ergo        ] Free: 123M, Max: 256K regular, 118M humongous, Frag: 4% external, 3% internal; Reserve: 13312K, Max: 256K
[890.582s][info][gc,start       ] GC(6696) Concurrent reset
[890.582s][info][gc,task        ] GC(6696) Using 6 of 24 workers for concurrent reset
[890.582s][info][gc,ergo        ] GC(6696) Pacer for Reset. Non-Taxable: 256M
[890.582s][info][gc             ] GC(6696) Concurrent reset 0.566ms
[890.582s][info][gc,start       ] GC(6696) Pause Init Mark (unload classes)
[890.582s][info][gc,task        ] GC(6696) Using 6 of 24 workers for init marking
[890.584s][info][gc,ergo        ] GC(6696) Pacer for Mark. Expected Live: 11482K, Free: 123M, Non-Taxable: 12682K, Alloc Tax Rate: 0.1x
[890.584s][info][gc             ] GC(6696) Pause Init Mark (unload classes) 1.799ms
[890.584s][info][gc,start       ] GC(6696) Concurrent marking (unload classes)
[890.584s][info][gc,task        ] GC(6696) Using 6 of 24 workers for concurrent marking
[890.651s][info][gc             ] GC(6696) Concurrent marking (unload classes) 67.004ms
[890.652s][info][gc,start       ] GC(6696) Pause Final Mark (unload classes)
[890.652s][info][gc,task        ] GC(6696) Using 6 of 24 workers for final marking
[890.707s][info][gc,stringtable ] GC(6696) Cleaned string and symbol table, strings: 8172 processed, 0 removed, symbols: 68000 processed, 0 removed
[890.708s][info][gc,ergo        ] GC(6696) Collectable Garbage: 105M (100%), Immediate: 104M (98%), CSet: 1516K (1%)
[890.710s][info][gc,ergo        ] GC(6696) Pacer for Evacuation. Used CSet: 5376K, Free: 183M, Non-Taxable: 18826K, Alloc Tax Rate: 1.1x
[890.710s][info][gc             ] GC(6696) Pause Final Mark (unload classes) 57.466ms
[890.710s][info][gc,start       ] GC(6696) Concurrent cleanup
[890.726s][info][gc             ] GC(6696) Concurrent cleanup 162M->74M(256M) 16.120ms
[890.726s][info][gc,ergo        ] GC(6696) Free: 166M, Max: 256K regular, 95232K humongous, Frag: 45% external, 1% internal; Reserve: 12670K, Max: 256K
[890.726s][info][gc,start       ] GC(6696) Concurrent evacuation
[890.726s][info][gc,task        ] GC(6696) Using 6 of 24 workers for concurrent evacuation
[890.729s][info][gc             ] GC(6696) Concurrent evacuation 2.810ms
[890.729s][info][gc,start       ] GC(6696) Pause Init Update Refs
[890.729s][info][gc,ergo        ] GC(6696) Pacer for Update Refs. Used: 89236K, Free: 157M, Non-Taxable: 16138K, Alloc Tax Rate: 1.1x
[890.729s][info][gc             ] GC(6696) Pause Init Update Refs 0.237ms
[890.729s][info][gc,start       ] GC(6696) Concurrent update references
[890.729s][info][gc,task        ] GC(6696) Using 6 of 24 workers for concurrent reference update
[890.745s][info][gc             ] GC(6696) Concurrent update references 15.924ms
[890.747s][info][gc,start       ] GC(6696) Pause Final Update Refs
[890.747s][info][gc,task        ] GC(6696) Using 6 of 24 workers for final reference update
[890.747s][info][gc             ] GC(6696) Pause Final Update Refs 0.262ms
[890.747s][info][gc,start       ] GC(6696) Concurrent cleanup
[890.748s][info][gc             ] GC(6696) Concurrent cleanup 142M->139M(256M) 0.805ms
[890.748s][info][gc             ] GC(6696) Dat log --- cycle is complete
Current gc epoch: 5430
heap: ______
capacity: 268435456
used: 146691440
committed: 268435456
bytes_allocated_since_gc_start: 143655440
hot_size: 0
cold_size: 3264374
num_regions: 1024
hot_region_count: 18446744073709407501
cold_region_count: 144134
histogram: Placeholder

[890.748s][info][gc             ] GC(6696) Obj count ac histogram
[890.748s][info][gc             ] GC(6696) 	0: 211109
[890.748s][info][gc             ] GC(6696) 	1: 15
[890.748s][info][gc             ] GC(6696) 	2: 2
[890.748s][info][gc             ] GC(6696) 	3: 0
[890.748s][info][gc             ] GC(6696) 	4: 0
[890.748s][info][gc             ] GC(6696) 	5: 0
[890.748s][info][gc             ] GC(6696) 	6: 0
[890.748s][info][gc             ] GC(6696) 	7: 0
[890.748s][info][gc             ] GC(6696) 	8: 0
[890.748s][info][gc             ] GC(6696) 	9: 0
[890.748s][info][gc             ] GC(6696) 	10: 0
[890.748s][info][gc             ] GC(6696) 	11: 0
[890.748s][info][gc             ] GC(6696) 	12: 0
[890.748s][info][gc             ] GC(6696) 	13: 0
[890.748s][info][gc             ] GC(6696) 	14: 0
[890.748s][info][gc             ] GC(6696) 	15: 0
[890.748s][info][gc             ] GC(6696) 	16: 0
[890.748s][info][gc             ] GC(6696) 	17: 0
[890.748s][info][gc             ] GC(6696) 	18: 0
[890.748s][info][gc             ] GC(6696) 	19: 0
[890.748s][info][gc             ] GC(6696) Obj size ac histogram
[890.748s][info][gc             ] GC(6696) 	0: 2520588
[890.748s][info][gc             ] GC(6696) 	1: 720
[890.748s][info][gc             ] GC(6696) 	2: 14
[890.748s][info][gc             ] GC(6696) 	3: 0
[890.748s][info][gc             ] GC(6696) 	4: 0
[890.748s][info][gc             ] GC(6696) 	5: 0
[890.748s][info][gc             ] GC(6696) 	6: 0
[890.748s][info][gc             ] GC(6696) 	7: 0
[890.748s][info][gc             ] GC(6696) 	8: 0
[890.748s][info][gc             ] GC(6696) 	9: 0
[890.748s][info][gc             ] GC(6696) 	10: 0
[890.748s][info][gc             ] GC(6696) 	11: 0
[890.748s][info][gc             ] GC(6696) 	12: 0
[890.748s][info][gc             ] GC(6696) 	13: 0
[890.748s][info][gc             ] GC(6696) 	14: 0
[890.748s][info][gc             ] GC(6696) 	15: 0
[890.748s][info][gc             ] GC(6696) 	16: 0
[890.748s][info][gc             ] GC(6696) 	17: 0
[890.748s][info][gc             ] GC(6696) 	18: 0
[890.748s][info][gc             ] GC(6696) 	19: 0
[890.748s][info][gc,ergo        ] Free: 90475K, Max: 256K regular, 71680K humongous, Frag: 21% external, 4% internal; Reserve: 13312K, Max: 256K
[890.748s][info][gc,stats       ] 
[890.748s][info][gc,stats       ] All times are wall-clock times, except per-root-class counters, that are sum over
[890.748s][info][gc,stats       ] all workers. Dividing the <total> over the root stage time estimates parallelism.
[890.748s][info][gc,stats       ] 
[890.748s][info][gc,stats       ] Concurrent Reset                    554 us
[890.748s][info][gc,stats       ] Pause Init Mark (G)                2136 us
[890.748s][info][gc,stats       ] Pause Init Mark (N)                1756 us
[890.748s][info][gc,stats       ]   Accumulate Stats                    7 us
[890.748s][info][gc,stats       ]   Make Parsable                      54 us
[890.748s][info][gc,stats       ]   Update Region States               18 us
[890.748s][info][gc,stats       ]   Scan Roots                        751 us, parallelism: 1.65x
[890.748s][info][gc,stats       ]     S: <total>                     1242 us
[890.748s][info][gc,stats       ]     S: Thread Roots                 492 us, workers (us):  28,  41,   1, 267,  93,  62, ---, ---, ---, ---, ---, ---, ---, ---, ---, ---, ---, ---, ---, ---, ---, ---, ---, ---, 
[890.748s][info][gc,stats       ]     S: Universe Roots                35 us, workers (us):  35, ---, ---, ---, ---, ---, ---, ---, ---, ---, ---, ---, ---, ---, ---, ---, ---, ---, ---, ---, ---, ---, ---, ---, 
[890.748s][info][gc,stats       ]     S: JNI Handles Roots             17 us, workers (us):  17, ---, ---, ---, ---, ---, ---, ---, ---, ---, ---, ---, ---, ---, ---, ---, ---, ---, ---, ---, ---, ---, ---, ---, 
[890.748s][info][gc,stats       ]     S: Synchronizer Roots             0 us, workers (us): ---,   0, ---, ---, ---, ---, ---, ---, ---, ---, ---, ---, ---, ---, ---, ---, ---, ---, ---, ---, ---, ---, ---, ---, 
[890.749s][info][gc,stats       ]     S: Management Roots               2 us, workers (us): ---,   2, ---, ---, ---, ---, ---, ---, ---, ---, ---, ---, ---, ---, ---, ---, ---, ---, ---, ---, ---, ---, ---, ---, 
[890.749s][info][gc,stats       ]     S: System Dict Roots             43 us, workers (us): ---,  43, ---, ---, ---, ---, ---, ---, ---, ---, ---, ---, ---, ---, ---, ---, ---, ---, ---, ---, ---, ---, ---, ---, 
[890.749s][info][gc,stats       ]     S: CLDG Roots                   652 us, workers (us):  12,  12, 628, ---, ---, ---, ---, ---, ---, ---, ---, ---, ---, ---, ---, ---, ---, ---, ---, ---, ---, ---, ---, ---, 
[890.749s][info][gc,stats       ]     S: JVMTI Roots                    1 us, workers (us): ---, ---,   1, ---, ---, ---, ---, ---, ---, ---, ---, ---, ---, ---, ---, ---, ---, ---, ---, ---, ---, ---, ---, ---, 
[890.749s][info][gc,stats       ]   Resize TLABs                        4 us
[890.749s][info][gc,stats       ] Concurrent Marking                66950 us
[890.749s][info][gc,stats       ] Pause Final Mark (G)              58245 us
[890.749s][info][gc,stats       ] Pause Final Mark (N)              57412 us
[890.749s][info][gc,stats       ]   Finish Queues                     202 us
[890.749s][info][gc,stats       ]   System Purge                      247 us
[890.749s][info][gc,stats       ]     Unload Classes                   97 us
[890.749s][info][gc,stats       ]     Cleanup                       54583 us, parallelism: 1.63x
[890.749s][info][gc,stats       ]       CU: <total>                 89097 us
[890.749s][info][gc,stats       ]       CU: Code Cache Roots        72975 us, workers (us): 12001, 12467, 12532, 12204, 11876, 11894, ---, ---, ---, ---, ---, ---, ---, ---, ---, ---, ---, ---, ---, ---, ---, ---, ---, ---, 
[890.749s][info][gc,stats       ]       CU: Code Cache Cleaning      4079 us, workers (us): 641, 884, 641, 644, 643, 626, ---, ---, ---, ---, ---, ---, ---, ---, ---, ---, ---, ---, ---, ---, ---, ---, ---, ---, 
[890.749s][info][gc,stats       ]       CU: String Table Roots       3225 us, workers (us): 728, 260, 194, 479, 803, 761, ---, ---, ---, ---, ---, ---, ---, ---, ---, ---, ---, ---, ---, ---, ---, ---, ---, ---, 
[890.749s][info][gc,stats       ]       CU: Resolved Table Roots       18 us, workers (us):   0,   0,   0,   0,   0,  18, ---, ---, ---, ---, ---, ---, ---, ---, ---, ---, ---, ---, ---, ---, ---, ---, ---, ---, 
[890.749s][info][gc,stats       ]       CU: CLDG Roots               8801 us, workers (us): 1487, 1291, 1518, 1486, 1489, 1530, ---, ---, ---, ---, ---, ---, ---, ---, ---, ---, ---, ---, ---, ---, ---, ---, ---, ---, 
[890.749s][info][gc,stats       ]     Weak Roots                      246 us
[890.749s][info][gc,stats       ]     CLDG                              1 us
[890.749s][info][gc,stats       ]   Update Region States               24 us
[890.749s][info][gc,stats       ]   Retire TLABs                       42 us
[890.749s][info][gc,stats       ]   Choose Collection Set             301 us
[890.749s][info][gc,stats       ]   Rebuild Free Set                   16 us
[890.749s][info][gc,stats       ]   Initial Evacuation               1693 us, parallelism: 2.81x
[890.749s][info][gc,stats       ]     E: <total>                     4763 us
[890.749s][info][gc,stats       ]     E: Thread Roots                 220 us, workers (us):   1,  76,   1,  18, 123,   1, ---, ---, ---, ---, ---, ---, ---, ---, ---, ---, ---, ---, ---, ---, ---, ---, ---, ---, 
[890.749s][info][gc,stats       ]     E: Code Cache Roots            3260 us, workers (us): 802, 679, 357,   0, 593, 828, ---, ---, ---, ---, ---, ---, ---, ---, ---, ---, ---, ---, ---, ---, ---, ---, ---, ---, 
[890.749s][info][gc,stats       ]     E: Universe Roots                15 us, workers (us): ---,  15, ---, ---, ---, ---, ---, ---, ---, ---, ---, ---, ---, ---, ---, ---, ---, ---, ---, ---, ---, ---, ---, ---, 
[890.749s][info][gc,stats       ]     E: JNI Handles Roots              3 us, workers (us): ---, ---, ---,   3, ---, ---, ---, ---, ---, ---, ---, ---, ---, ---, ---, ---, ---, ---, ---, ---, ---, ---, ---, ---, 
[890.749s][info][gc,stats       ]     E: Synchronizer Roots             0 us, workers (us):   0, ---, ---, ---, ---, ---, ---, ---, ---, ---, ---, ---, ---, ---, ---, ---, ---, ---, ---, ---, ---, ---, ---, ---, 
[890.749s][info][gc,stats       ]     E: Management Roots               2 us, workers (us): ---, ---,   2, ---, ---, ---, ---, ---, ---, ---, ---, ---, ---, ---, ---, ---, ---, ---, ---, ---, ---, ---, ---, ---, 
[890.749s][info][gc,stats       ]     E: System Dict Roots             19 us, workers (us):  19, ---, ---, ---, ---, ---, ---, ---, ---, ---, ---, ---, ---, ---, ---, ---, ---, ---, ---, ---, ---, ---, ---, ---, 
[890.749s][info][gc,stats       ]     E: CLDG Roots                  1243 us, workers (us): ---, ---, 421, 753,  69, ---, ---, ---, ---, ---, ---, ---, ---, ---, ---, ---, ---, ---, ---, ---, ---, ---, ---, ---, 
[890.749s][info][gc,stats       ]     E: JVMTI Roots                    1 us, workers (us): ---, ---, ---,   1, ---, ---, ---, ---, ---, ---, ---, ---, ---, ---, ---, ---, ---, ---, ---, ---, ---, ---, ---, ---, 
[890.749s][info][gc,stats       ] Concurrent Cleanup                16059 us
[890.749s][info][gc,stats       ] Concurrent Evacuation              2801 us
[890.749s][info][gc,stats       ] Pause Init  Update Refs (G)         724 us
[890.749s][info][gc,stats       ] Pause Init  Update Refs (N)         199 us
[890.749s][info][gc,stats       ]   Retire GCLABs                     180 us
[890.749s][info][gc,stats       ] Concurrent Update Refs            15891 us
[890.749s][info][gc,stats       ] Pause Final Update Refs (G)        1937 us
[890.749s][info][gc,stats       ] Pause Final Update Refs (N)         214 us
[890.749s][info][gc,stats       ]   Update Roots                      147 us, parallelism: 1.46x
[890.749s][info][gc,stats       ]     UR: <total>                     215 us
[890.749s][info][gc,stats       ]     UR: Thread Roots                215 us, workers (us):  83,  52,  25,  15,  29,  12, ---, ---, ---, ---, ---, ---, ---, ---, ---, ---, ---, ---, ---, ---, ---, ---, ---, ---, 
[890.749s][info][gc,stats       ]   Update Region States               23 us
[890.749s][info][gc,stats       ]   Trash Collection Set                8 us
[890.749s][info][gc,stats       ]   Rebuild Free Set                   19 us
[890.749s][info][gc,stats       ] Concurrent Cleanup                  772 us
[890.749s][info][gc,stats       ] Pacing                            76836 us
[890.749s][info][gc,stats       ] 
[890.749s][info][gc,stats       ] Allocation pacing accrued:
[890.749s][info][gc,stats       ]      77 of   169 ms ( 45.6%): pl.nadoba.jvm.gc.benchmark.App.main()
[890.749s][info][gc,stats       ]      77 of   169 ms ( 45.6%): <total>
[890.749s][info][gc,stats       ]       8 of   169 ms (  4.6%): <average total>
[890.749s][info][gc,stats       ]      77 of   169 ms ( 45.6%): <average non-zero>
[890.749s][info][gc,stats       ] 
[890.749s][info][gc,metaspace   ] Metaspace: 24281K->24281K(1071104K)
[890.749s][info][gc,ergo        ] Pacer for Idle. Initial: 5242K, Alloc Tax Rate: 1.0x
[890.750s][info][gc             ] Trigger: Start next cycle immediately
[890.750s][info][gc,ergo        ] Free: 88171K, Max: 256K regular, 71680K humongous, Frag: 19% external, 4% internal; Reserve: 13312K, Max: 256K
[890.750s][info][gc,start       ] GC(6697) Concurrent reset
[890.750s][info][gc,task        ] GC(6697) Using 6 of 24 workers for concurrent reset
[890.750s][info][gc,ergo        ] GC(6697) Pacer for Reset. Non-Taxable: 256M
[890.751s][info][gc             ] GC(6697) Concurrent reset 0.667ms
[890.752s][info][gc,start       ] GC(6697) Pause Init Mark (process weakrefs)
[890.752s][info][gc,task        ] GC(6697) Using 6 of 24 workers for init marking
[890.755s][info][gc,ergo        ] GC(6697) Pacer for Mark. Expected Live: 10254K, Free: 80747K, Non-Taxable: 8074K, Alloc Tax Rate: 0.2x
[890.755s][info][gc             ] GC(6697) Pause Init Mark (process weakrefs) 3.407ms
[890.755s][info][gc,start       ] GC(6697) Concurrent marking (process weakrefs)
[890.755s][info][gc,task        ] GC(6697) Using 6 of 24 workers for concurrent marking
[890.823s][info][gc             ] GC(6697) Concurrent marking (process weakrefs) 67.554ms
[890.823s][info][gc,start       ] GC(6697) Concurrent precleaning
[890.823s][info][gc,task        ] GC(6697) Using 1 of 24 workers for concurrent preclean
[890.823s][info][gc,ergo        ] GC(6697) Pacer for Precleaning. Non-Taxable: 256M
[890.825s][info][gc             ] GC(6697) Concurrent precleaning 2.568ms
[890.826s][info][gc,start       ] GC(6697) Pause Final Mark (process weakrefs)
[890.826s][info][gc,task        ] GC(6697) Using 6 of 24 workers for final marking
[890.827s][info][gc,ergo        ] GC(6697) Collectable Garbage: 141M (100%), Immediate: 140M (99%), CSet: 1260K (0%)
[890.830s][info][gc,ergo        ] GC(6697) Pacer for Evacuation. Used CSet: 5120K, Free: 158M, Non-Taxable: 16266K, Alloc Tax Rate: 1.1x
[890.830s][info][gc             ] GC(6697) Pause Final Mark (process weakrefs) 4.441ms
[890.830s][info][gc,start       ] GC(6697) Concurrent cleanup
[890.851s][info][gc             ] GC(6697) Concurrent cleanup 221M->97M(256M) 20.264ms
[890.851s][info][gc,ergo        ] GC(6697) Free: 141M, Max: 256K regular, 82944K humongous, Frag: 43% external, 2% internal; Reserve: 12635K, Max: 256K
[890.851s][info][gc,start       ] GC(6697) Concurrent evacuation
[890.851s][info][gc,task        ] GC(6697) Using 6 of 24 workers for concurrent evacuation
[890.855s][info][gc             ] GC(6697) Concurrent evacuation 4.483ms
[890.855s][info][gc,start       ] GC(6697) Pause Init Update Refs
[890.856s][info][gc,ergo        ] GC(6697) Pacer for Update Refs. Used: 101M, Free: 141M, Non-Taxable: 14500K, Alloc Tax Rate: 1.1x
[890.856s][info][gc             ] GC(6697) Pause Init Update Refs 0.227ms
[890.856s][info][gc,start       ] GC(6697) Concurrent update references
[890.856s][info][gc,task        ] GC(6697) Using 6 of 24 workers for concurrent reference update
[890.873s][info][gc             ] GC(6697) Concurrent update references 17.140ms
[890.873s][info][gc,start       ] GC(6697) Pause Final Update Refs
[890.873s][info][gc,task        ] GC(6697) Using 6 of 24 workers for final reference update
[890.873s][info][gc             ] GC(6697) Pause Final Update Refs 0.290ms
[890.874s][info][gc,start       ] GC(6697) Concurrent cleanup
[890.874s][info][gc             ] GC(6697) Concurrent cleanup 141M->139M(256M) 0.796ms
[890.874s][info][gc             ] GC(6697) Dat log --- cycle is complete
Current gc epoch: 5431
heap: ______
capacity: 268435456
used: 146685200
committed: 268435456
bytes_allocated_since_gc_start: 144179728
hot_size: 0
cold_size: 3979138
num_regions: 1024
hot_region_count: 18446744073709407482
cold_region_count: 144153
histogram: Placeholder

[890.874s][info][gc             ] GC(6697) Obj count ac histogram
[890.874s][info][gc             ] GC(6697) 	0: 215955
[890.874s][info][gc             ] GC(6697) 	1: 15
[890.874s][info][gc             ] GC(6697) 	2: 4714
[890.874s][info][gc             ] GC(6697) 	3: 4323
[890.874s][info][gc             ] GC(6697) 	4: 897
[890.874s][info][gc             ] GC(6697) 	5: 15
[890.874s][info][gc             ] GC(6697) 	6: 0
[890.874s][info][gc             ] GC(6697) 	7: 0
[890.874s][info][gc             ] GC(6697) 	8: 0
[890.874s][info][gc             ] GC(6697) 	9: 0
[890.874s][info][gc             ] GC(6697) 	10: 0
[890.874s][info][gc             ] GC(6697) 	11: 0
[890.874s][info][gc             ] GC(6697) 	12: 0
[890.874s][info][gc             ] GC(6697) 	13: 0
[890.874s][info][gc             ] GC(6697) 	14: 0
[890.874s][info][gc             ] GC(6697) 	15: 0
[890.874s][info][gc             ] GC(6697) 	16: 0
[890.874s][info][gc             ] GC(6697) 	17: 0
[890.874s][info][gc             ] GC(6697) 	18: 0
[890.874s][info][gc             ] GC(6697) 	19: 0
[890.875s][info][gc             ] GC(6697) Obj size ac histogram
[890.875s][info][gc             ] GC(6697) 	0: 3216711
[890.875s][info][gc             ] GC(6697) 	1: 720
[890.875s][info][gc             ] GC(6697) 	2: 68628
[890.875s][info][gc             ] GC(6697) 	3: 41177
[890.875s][info][gc             ] GC(6697) 	4: 5568
[890.875s][info][gc             ] GC(6697) 	5: 150
[890.875s][info][gc             ] GC(6697) 	6: 0
[890.875s][info][gc             ] GC(6697) 	7: 0
[890.875s][info][gc             ] GC(6697) 	8: 0
[890.875s][info][gc             ] GC(6697) 	9: 0
[890.875s][info][gc             ] GC(6697) 	10: 0
[890.875s][info][gc             ] GC(6697) 	11: 0
[890.875s][info][gc             ] GC(6697) 	12: 0
[890.875s][info][gc             ] GC(6697) 	13: 0
[890.875s][info][gc             ] GC(6697) 	14: 0
[890.875s][info][gc             ] GC(6697) 	15: 0
[890.875s][info][gc             ] GC(6697) 	16: 0
[890.875s][info][gc             ] GC(6697) 	17: 0
[890.875s][info][gc             ] GC(6697) 	18: 0
[890.875s][info][gc             ] GC(6697) 	19: 0
[890.875s][info][gc,ergo        ] Free: 98417K, Max: 256K regular, 52224K humongous, Frag: 47% external, 4% internal; Reserve: 13312K, Max: 256K
[890.875s][info][gc,stats       ] 
[890.875s][info][gc,stats       ] All times are wall-clock times, except per-root-class counters, that are sum over
[890.875s][info][gc,stats       ] all workers. Dividing the <total> over the root stage time estimates parallelism.
[890.875s][info][gc,stats       ] 
[890.875s][info][gc,stats       ] Concurrent Reset                    651 us
[890.875s][info][gc,stats       ] Pause Init Mark (G)                4464 us
[890.875s][info][gc,stats       ] Pause Init Mark (N)                3368 us
[890.875s][info][gc,stats       ]   Accumulate Stats                    5 us
[890.875s][info][gc,stats       ]   Make Parsable                      44 us
[890.875s][info][gc,stats       ]   Update Region States               16 us
[890.875s][info][gc,stats       ]   Scan Roots                       2627 us, parallelism: 1.63x
[890.875s][info][gc,stats       ]     S: <total>                     4280 us
[890.875s][info][gc,stats       ]     S: Thread Roots                 447 us, workers (us):  77,  94,   2,   1,   2, 271, ---, ---, ---, ---, ---, ---, ---, ---, ---, ---, ---, ---, ---, ---, ---, ---, ---, ---, 
[890.875s][info][gc,stats       ]     S: Universe Roots                15 us, workers (us):  15, ---, ---, ---, ---, ---, ---, ---, ---, ---, ---, ---, ---, ---, ---, ---, ---, ---, ---, ---, ---, ---, ---, ---, 
[890.875s][info][gc,stats       ]     S: JNI Handles Roots              9 us, workers (us):   9, ---, ---, ---, ---, ---, ---, ---, ---, ---, ---, ---, ---, ---, ---, ---, ---, ---, ---, ---, ---, ---, ---, ---, 
[890.875s][info][gc,stats       ]     S: Synchronizer Roots             0 us, workers (us): ---,   0, ---, ---, ---, ---, ---, ---, ---, ---, ---, ---, ---, ---, ---, ---, ---, ---, ---, ---, ---, ---, ---, ---, 
[890.875s][info][gc,stats       ]     S: Management Roots               2 us, workers (us): ---,   2, ---, ---, ---, ---, ---, ---, ---, ---, ---, ---, ---, ---, ---, ---, ---, ---, ---, ---, ---, ---, ---, ---, 
[890.875s][info][gc,stats       ]     S: System Dict Roots             56 us, workers (us): ---,  56, ---, ---, ---, ---, ---, ---, ---, ---, ---, ---, ---, ---, ---, ---, ---, ---, ---, ---, ---, ---, ---, ---, 
[890.875s][info][gc,stats       ]     S: CLDG Roots                  3749 us, workers (us): ---, ---, 281, 1041, 2427, ---, ---, ---, ---, ---, ---, ---, ---, ---, ---, ---, ---, ---, ---, ---, ---, ---, ---, ---, 
[890.875s][info][gc,stats       ]     S: JVMTI Roots                    0 us, workers (us):   0, ---, ---, ---, ---, ---, ---, ---, ---, ---, ---, ---, ---, ---, ---, ---, ---, ---, ---, ---, ---, ---, ---, ---, 
[890.875s][info][gc,stats       ]   Resize TLABs                        7 us
[890.875s][info][gc,stats       ] Concurrent Marking                67490 us
[890.875s][info][gc,stats       ] Concurrent Precleaning             2548 us
[890.875s][info][gc,stats       ] Pause Final Mark (G)               4884 us
[890.875s][info][gc,stats       ] Pause Final Mark (N)               4391 us
[890.875s][info][gc,stats       ]   Finish Queues                     188 us
[890.875s][info][gc,stats       ]   Weak References                    60 us
[890.875s][info][gc,stats       ]     Process                          40 us
[890.875s][info][gc,stats       ]   System Purge                      239 us
[890.875s][info][gc,stats       ]     Weak Roots                      238 us
[890.875s][info][gc,stats       ]   Update Region States               37 us
[890.875s][info][gc,stats       ]   Retire TLABs                       51 us
[890.875s][info][gc,stats       ]   Choose Collection Set             580 us
[890.875s][info][gc,stats       ]   Rebuild Free Set                   36 us
[890.875s][info][gc,stats       ]   Initial Evacuation               3177 us, parallelism: 1.78x
[890.875s][info][gc,stats       ]     E: <total>                     5660 us
[890.875s][info][gc,stats       ]     E: Thread Roots                 110 us, workers (us):   1,   2,  47,   1,  58,   1, ---, ---, ---, ---, ---, ---, ---, ---, ---, ---, ---, ---, ---, ---, ---, ---, ---, ---, 
[890.875s][info][gc,stats       ]     E: Code Cache Roots            4109 us, workers (us):   0, 1071, 813, 859, 797, 569, ---, ---, ---, ---, ---, ---, ---, ---, ---, ---, ---, ---, ---, ---, ---, ---, ---, ---, 
[890.875s][info][gc,stats       ]     E: Universe Roots                 6 us, workers (us):   6, ---, ---, ---, ---, ---, ---, ---, ---, ---, ---, ---, ---, ---, ---, ---, ---, ---, ---, ---, ---, ---, ---, ---, 
[890.875s][info][gc,stats       ]     E: JNI Handles Roots              3 us, workers (us):   3, ---, ---, ---, ---, ---, ---, ---, ---, ---, ---, ---, ---, ---, ---, ---, ---, ---, ---, ---, ---, ---, ---, ---, 
[890.875s][info][gc,stats       ]     E: Synchronizer Roots             1 us, workers (us): ---,   1, ---, ---, ---, ---, ---, ---, ---, ---, ---, ---, ---, ---, ---, ---, ---, ---, ---, ---, ---, ---, ---, ---, 
[890.875s][info][gc,stats       ]     E: Management Roots               2 us, workers (us):   2, ---, ---, ---, ---, ---, ---, ---, ---, ---, ---, ---, ---, ---, ---, ---, ---, ---, ---, ---, ---, ---, ---, ---, 
[890.875s][info][gc,stats       ]     E: System Dict Roots             12 us, workers (us): ---,  12, ---, ---, ---, ---, ---, ---, ---, ---, ---, ---, ---, ---, ---, ---, ---, ---, ---, ---, ---, ---, ---, ---, 
[890.875s][info][gc,stats       ]     E: CLDG Roots                  1418 us, workers (us): 878, ---, ---,  72, ---, 468, ---, ---, ---, ---, ---, ---, ---, ---, ---, ---, ---, ---, ---, ---, ---, ---, ---, ---, 
[890.875s][info][gc,stats       ]     E: JVMTI Roots                    1 us, workers (us):   1, ---, ---, ---, ---, ---, ---, ---, ---, ---, ---, ---, ---, ---, ---, ---, ---, ---, ---, ---, ---, ---, ---, ---, 
[890.875s][info][gc,stats       ] Concurrent Cleanup                20224 us
[890.875s][info][gc,stats       ] Concurrent Evacuation              4471 us
[890.875s][info][gc,stats       ] Pause Init  Update Refs (G)         518 us
[890.875s][info][gc,stats       ] Pause Init  Update Refs (N)         180 us
[890.875s][info][gc,stats       ]   Retire GCLABs                     155 us
[890.875s][info][gc,stats       ] Concurrent Update Refs            17093 us
[890.875s][info][gc,stats       ] Pause Final Update Refs (G)         653 us
[890.875s][info][gc,stats       ] Pause Final Update Refs (N)         233 us
[890.875s][info][gc,stats       ]   Update Roots                      128 us, parallelism: 1.07x
[890.875s][info][gc,stats       ]     UR: <total>                     138 us
[890.875s][info][gc,stats       ]     UR: Thread Roots                138 us, workers (us):  89,  43,   4,   1,   0,   0, ---, ---, ---, ---, ---, ---, ---, ---, ---, ---, ---, ---, ---, ---, ---, ---, ---, ---, 
[890.875s][info][gc,stats       ]   Update Region States               30 us
[890.875s][info][gc,stats       ]   Trash Collection Set               20 us
[890.875s][info][gc,stats       ]   Rebuild Free Set                   30 us
[890.875s][info][gc,stats       ] Concurrent Cleanup                  759 us
[890.875s][info][gc,stats       ] Pacing                            85178 us
[890.875s][info][gc,stats       ] 
[890.875s][info][gc,stats       ] Allocation pacing accrued:
[890.875s][info][gc,stats       ]      85 of   126 ms ( 67.4%): pl.nadoba.jvm.gc.benchmark.App.main()
[890.875s][info][gc,stats       ]      85 of   126 ms ( 67.4%): <total>
[890.875s][info][gc,stats       ]       9 of   126 ms (  6.7%): <average total>
[890.875s][info][gc,stats       ]      85 of   126 ms ( 67.4%): <average non-zero>
[890.875s][info][gc,stats       ] 
[890.875s][info][gc,metaspace   ] Metaspace: 24281K->24281K(1071104K)
[890.875s][info][gc,ergo        ] Pacer for Idle. Initial: 5242K, Alloc Tax Rate: 1.0x
[890.876s][info][gc             ] Trigger: Start next cycle immediately
[890.876s][info][gc,ergo        ] Free: 92017K, Max: 256K regular, 52224K humongous, Frag: 44% external, 4% internal; Reserve: 13312K, Max: 256K
[890.876s][info][gc,start       ] GC(6698) Concurrent reset
[890.876s][info][gc,task        ] GC(6698) Using 6 of 24 workers for concurrent reset
[890.876s][info][gc,ergo        ] GC(6698) Pacer for Reset. Non-Taxable: 256M
[890.877s][info][gc             ] GC(6698) Concurrent reset 0.625ms
[890.877s][info][gc,start       ] GC(6698) Pause Init Mark (process weakrefs)
[890.877s][info][gc,task        ] GC(6698) Using 6 of 24 workers for init marking
[890.881s][info][gc,ergo        ] GC(6698) Pacer for Mark. Expected Live: 11687K, Free: 92017K, Non-Taxable: 9201K, Alloc Tax Rate: 0.2x
[890.881s][info][gc             ] GC(6698) Pause Init Mark (process weakrefs) 3.710ms
[890.881s][info][gc,start       ] GC(6698) Concurrent marking (process weakrefs)
[890.881s][info][gc,task        ] GC(6698) Using 6 of 24 workers for concurrent marking
[890.922s][info][gc             ] GC(6698) Concurrent marking (process weakrefs) 40.514ms
[890.922s][info][gc,start       ] GC(6698) Concurrent precleaning
[890.922s][info][gc,task        ] GC(6698) Using 1 of 24 workers for concurrent preclean
[890.922s][info][gc,ergo        ] GC(6698) Pacer for Precleaning. Non-Taxable: 256M
[890.926s][info][gc             ] GC(6698) Concurrent precleaning 4.234ms
[890.926s][info][gc,start       ] GC(6698) Pause Final Mark (process weakrefs)
[890.926s][info][gc,task        ] GC(6698) Using 6 of 24 workers for final marking
[890.927s][info][gc,ergo        ] GC(6698) Collectable Garbage: 137M (100%), Immediate: 136M (99%), CSet: 1254K (0%)
[890.931s][info][gc,ergo        ] GC(6698) Pacer for Evacuation. Used CSet: 5113K, Free: 202M, Non-Taxable: 20772K, Alloc Tax Rate: 1.1x
[890.931s][info][gc             ] GC(6698) Pause Final Mark (process weakrefs) 4.659ms
[890.931s][info][gc,start       ] GC(6698) Concurrent cleanup
[890.951s][info][gc             ] GC(6698) Concurrent cleanup 175M->67M(256M) 20.055ms
[890.951s][info][gc,ergo        ] GC(6698) Free: 173M, Max: 256K regular, 119M humongous, Frag: 31% external, 1% internal; Reserve: 12653K, Max: 256K
[890.951s][info][gc,start       ] GC(6698) Concurrent evacuation
[890.951s][info][gc,task        ] GC(6698) Using 6 of 24 workers for concurrent evacuation
[890.955s][info][gc             ] GC(6698) Concurrent evacuation 3.759ms
[890.955s][info][gc,start       ] GC(6698) Pause Init Update Refs
[890.955s][info][gc,ergo        ] GC(6698) Pacer for Update Refs. Used: 73358K, Free: 173M, Non-Taxable: 17751K, Alloc Tax Rate: 1.1x
[890.955s][info][gc             ] GC(6698) Pause Init Update Refs 0.211ms
[890.955s][info][gc,start       ] GC(6698) Concurrent update references
[890.955s][info][gc,task        ] GC(6698) Using 6 of 24 workers for concurrent reference update
[890.972s][info][gc             ] GC(6698) Concurrent update references 17.127ms
[890.974s][info][gc,start       ] GC(6698) Pause Final Update Refs
[890.974s][info][gc,task        ] GC(6698) Using 6 of 24 workers for final reference update
[890.974s][info][gc             ] GC(6698) Pause Final Update Refs 0.309ms
[890.975s][info][gc,start       ] GC(6698) Concurrent cleanup
[890.975s][info][gc             ] GC(6698) Concurrent cleanup 131M->126M(256M) 0.682ms
[890.975s][info][gc             ] GC(6698) Dat log --- cycle is complete
Current gc epoch: 5432
heap: ______
capacity: 268435456
used: 132797616
committed: 268435456
bytes_allocated_since_gc_start: 128975376
hot_size: 0
cold_size: 3192702
num_regions: 1024
hot_region_count: 18446744073709407463
cold_region_count: 144171
histogram: Placeholder

[890.975s][info][gc             ] GC(6698) Obj count ac histogram
[890.975s][info][gc             ] GC(6698) 	0: 175405
[890.975s][info][gc             ] GC(6698) 	1: 15
[890.975s][info][gc             ] GC(6698) 	2: 4611
[890.975s][info][gc             ] GC(6698) 	3: 4257
[890.975s][info][gc             ] GC(6698) 	4: 863
[890.975s][info][gc             ] GC(6698) 	5: 15
[890.975s][info][gc             ] GC(6698) 	6: 0
[890.975s][info][gc             ] GC(6698) 	7: 0
[890.975s][info][gc             ] GC(6698) 	8: 0
[890.975s][info][gc             ] GC(6698) 	9: 0
[890.975s][info][gc             ] GC(6698) 	10: 0
[890.975s][info][gc             ] GC(6698) 	11: 0
[890.975s][info][gc             ] GC(6698) 	12: 0
[890.975s][info][gc             ] GC(6698) 	13: 0
[890.975s][info][gc             ] GC(6698) 	14: 0
[890.975s][info][gc             ] GC(6698) 	15: 0
[890.975s][info][gc             ] GC(6698) 	16: 0
[890.975s][info][gc             ] GC(6698) 	17: 0
[890.975s][info][gc             ] GC(6698) 	18: 0
[890.975s][info][gc             ] GC(6698) 	19: 0
[890.975s][info][gc             ] GC(6698) Obj size ac histogram
[890.975s][info][gc             ] GC(6698) 	0: 1204086
[890.975s][info][gc             ] GC(6698) 	1: 720
[890.975s][info][gc             ] GC(6698) 	2: 67622
[890.975s][info][gc             ] GC(6698) 	3: 40126
[890.975s][info][gc             ] GC(6698) 	4: 5325
[890.975s][info][gc             ] GC(6698) 	5: 150
[890.975s][info][gc             ] GC(6698) 	6: 0
[890.975s][info][gc             ] GC(6698) 	7: 0
[890.975s][info][gc             ] GC(6698) 	8: 0
[890.975s][info][gc             ] GC(6698) 	9: 0
[890.975s][info][gc             ] GC(6698) 	10: 0
[890.975s][info][gc             ] GC(6698) 	11: 0
[890.975s][info][gc             ] GC(6698) 	12: 0
[890.975s][info][gc             ] GC(6698) 	13: 0
[890.975s][info][gc             ] GC(6698) 	14: 0
[890.975s][info][gc             ] GC(6698) 	15: 0
[890.975s][info][gc             ] GC(6698) 	16: 0
[890.975s][info][gc             ] GC(6698) 	17: 0
[890.975s][info][gc             ] GC(6698) 	18: 0
[890.975s][info][gc             ] GC(6698) 	19: 0
[890.975s][info][gc,ergo        ] Free: 110M, Max: 256K regular, 102M humongous, Frag: 8% external, 3% internal; Reserve: 13312K, Max: 256K
[890.975s][info][gc,stats       ] 
[890.975s][info][gc,stats       ] All times are wall-clock times, except per-root-class counters, that are sum over
[890.975s][info][gc,stats       ] all workers. Dividing the <total> over the root stage time estimates parallelism.
[890.975s][info][gc,stats       ] 
[890.975s][info][gc,stats       ] Concurrent Reset                    613 us
[890.975s][info][gc,stats       ] Pause Init Mark (G)                4021 us
[890.975s][info][gc,stats       ] Pause Init Mark (N)                3657 us
[890.975s][info][gc,stats       ]   Accumulate Stats                    7 us
[890.976s][info][gc,stats       ]   Make Parsable                      55 us
[890.976s][info][gc,stats       ]   Update Region States               18 us
[890.976s][info][gc,stats       ]   Scan Roots                       2631 us, parallelism: 1.67x
[890.976s][info][gc,stats       ]     S: <total>                     4398 us
[890.976s][info][gc,stats       ]     S: Thread Roots                 453 us, workers (us):  69, 123,   2,   2,   1, 257, ---, ---, ---, ---, ---, ---, ---, ---, ---, ---, ---, ---, ---, ---, ---, ---, ---, ---, 
[890.976s][info][gc,stats       ]     S: Universe Roots                33 us, workers (us):  33, ---, ---, ---, ---, ---, ---, ---, ---, ---, ---, ---, ---, ---, ---, ---, ---, ---, ---, ---, ---, ---, ---, ---, 
[890.976s][info][gc,stats       ]     S: JNI Handles Roots             52 us, workers (us): ---,  52, ---, ---, ---, ---, ---, ---, ---, ---, ---, ---, ---, ---, ---, ---, ---, ---, ---, ---, ---, ---, ---, ---, 
[890.976s][info][gc,stats       ]     S: Synchronizer Roots             0 us, workers (us): ---,   0, ---, ---, ---, ---, ---, ---, ---, ---, ---, ---, ---, ---, ---, ---, ---, ---, ---, ---, ---, ---, ---, ---, 
[890.976s][info][gc,stats       ]     S: Management Roots               2 us, workers (us): ---,   2, ---, ---, ---, ---, ---, ---, ---, ---, ---, ---, ---, ---, ---, ---, ---, ---, ---, ---, ---, ---, ---, ---, 
[890.976s][info][gc,stats       ]     S: System Dict Roots             41 us, workers (us):  41, ---, ---, ---, ---, ---, ---, ---, ---, ---, ---, ---, ---, ---, ---, ---, ---, ---, ---, ---, ---, ---, ---, ---, 
[890.976s][info][gc,stats       ]     S: CLDG Roots                  3815 us, workers (us): ---, ---, 234, 2413, 1168, ---, ---, ---, ---, ---, ---, ---, ---, ---, ---, ---, ---, ---, ---, ---, ---, ---, ---, ---, 
[890.976s][info][gc,stats       ]     S: JVMTI Roots                    1 us, workers (us): ---,   1, ---, ---, ---, ---, ---, ---, ---, ---, ---, ---, ---, ---, ---, ---, ---, ---, ---, ---, ---, ---, ---, ---, 
[890.976s][info][gc,stats       ]   Resize TLABs                        7 us
[890.976s][info][gc,stats       ] Concurrent Marking                40460 us
[890.976s][info][gc,stats       ] Concurrent Precleaning             4217 us
[890.976s][info][gc,stats       ] Pause Final Mark (G)               4983 us
[890.976s][info][gc,stats       ] Pause Final Mark (N)               4604 us
[890.976s][info][gc,stats       ]   Finish Queues                     228 us
[890.976s][info][gc,stats       ]   Weak References                    47 us
[890.976s][info][gc,stats       ]     Process                          37 us
[890.976s][info][gc,stats       ]   System Purge                      233 us
[890.976s][info][gc,stats       ]     Weak Roots                      232 us
[890.976s][info][gc,stats       ]   Update Region States               40 us
[890.976s][info][gc,stats       ]   Retire TLABs                       53 us
[890.976s][info][gc,stats       ]   Choose Collection Set             661 us
[890.976s][info][gc,stats       ]   Rebuild Free Set                   42 us
[890.976s][info][gc,stats       ]   Initial Evacuation               3274 us, parallelism: 1.65x
[890.976s][info][gc,stats       ]     E: <total>                     5411 us
[890.976s][info][gc,stats       ]     E: Thread Roots                 225 us, workers (us):  21,  73,   1,   1, 127,   1, ---, ---, ---, ---, ---, ---, ---, ---, ---, ---, ---, ---, ---, ---, ---, ---, ---, ---, 
[890.976s][info][gc,stats       ]     E: Code Cache Roots            3760 us, workers (us): 802,   0, 738, 431, 723, 1065, ---, ---, ---, ---, ---, ---, ---, ---, ---, ---, ---, ---, ---, ---, ---, ---, ---, ---, 
[890.976s][info][gc,stats       ]     E: Universe Roots                 5 us, workers (us):   5, ---, ---, ---, ---, ---, ---, ---, ---, ---, ---, ---, ---, ---, ---, ---, ---, ---, ---, ---, ---, ---, ---, ---, 
[890.976s][info][gc,stats       ]     E: JNI Handles Roots              3 us, workers (us): ---,   3, ---, ---, ---, ---, ---, ---, ---, ---, ---, ---, ---, ---, ---, ---, ---, ---, ---, ---, ---, ---, ---, ---, 
[890.976s][info][gc,stats       ]     E: Synchronizer Roots             1 us, workers (us): ---,   1, ---, ---, ---, ---, ---, ---, ---, ---, ---, ---, ---, ---, ---, ---, ---, ---, ---, ---, ---, ---, ---, ---, 
[890.976s][info][gc,stats       ]     E: Management Roots               3 us, workers (us): ---,   3, ---, ---, ---, ---, ---, ---, ---, ---, ---, ---, ---, ---, ---, ---, ---, ---, ---, ---, ---, ---, ---, ---, 
[890.976s][info][gc,stats       ]     E: System Dict Roots             11 us, workers (us):  11, ---, ---, ---, ---, ---, ---, ---, ---, ---, ---, ---, ---, ---, ---, ---, ---, ---, ---, ---, ---, ---, ---, ---, 
[890.976s][info][gc,stats       ]     E: CLDG Roots                  1402 us, workers (us): ---, 736,  71, 595, ---, ---, ---, ---, ---, ---, ---, ---, ---, ---, ---, ---, ---, ---, ---, ---, ---, ---, ---, ---, 
[890.976s][info][gc,stats       ]     E: JVMTI Roots                    1 us, workers (us): ---,   1, ---, ---, ---, ---, ---, ---, ---, ---, ---, ---, ---, ---, ---, ---, ---, ---, ---, ---, ---, ---, ---, ---, 
[890.976s][info][gc,stats       ] Concurrent Cleanup                20006 us
[890.976s][info][gc,stats       ] Concurrent Evacuation              3751 us
[890.976s][info][gc,stats       ] Pause Init  Update Refs (G)         497 us
[890.976s][info][gc,stats       ] Pause Init  Update Refs (N)         158 us
[890.976s][info][gc,stats       ]   Retire GCLABs                     131 us
[890.976s][info][gc,stats       ] Concurrent Update Refs            17107 us
[890.976s][info][gc,stats       ] Pause Final Update Refs (G)        2016 us
[890.976s][info][gc,stats       ] Pause Final Update Refs (N)         246 us
[890.976s][info][gc,stats       ]   Update Roots                      151 us, parallelism: 1.43x
[890.976s][info][gc,stats       ]     UR: <total>                     215 us
[890.976s][info][gc,stats       ]     UR: Thread Roots                215 us, workers (us):  93,  26,  49,  13,  31,   3, ---, ---, ---, ---, ---, ---, ---, ---, ---, ---, ---, ---, ---, ---, ---, ---, ---, ---, 
[890.976s][info][gc,stats       ]   Update Region States               29 us
[890.976s][info][gc,stats       ]   Trash Collection Set               13 us
[890.976s][info][gc,stats       ]   Rebuild Free Set                   31 us
[890.976s][info][gc,stats       ] Concurrent Cleanup                  654 us
[890.976s][info][gc,stats       ] Pacing                            69289 us
[890.976s][info][gc,stats       ] 
[890.976s][info][gc,stats       ] Allocation pacing accrued:
[890.976s][info][gc,stats       ]      69 of   101 ms ( 68.9%): pl.nadoba.jvm.gc.benchmark.App.main()
[890.976s][info][gc,stats       ]      69 of   101 ms ( 68.9%): <total>
[890.976s][info][gc,stats       ]       7 of   101 ms (  6.9%): <average total>
[890.976s][info][gc,stats       ]      69 of   101 ms ( 68.9%): <average non-zero>
[890.976s][info][gc,stats       ] 
[890.976s][info][gc,metaspace   ] Metaspace: 24281K->24281K(1071104K)
[890.976s][info][gc,ergo        ] Pacer for Idle. Initial: 5242K, Alloc Tax Rate: 1.0x
[890.977s][info][gc             ] Trigger: Start next cycle immediately
[890.977s][info][gc,ergo        ] Free: 110M, Max: 256K regular, 102M humongous, Frag: 8% external, 3% internal; Reserve: 13312K, Max: 256K
[890.977s][info][gc,start       ] GC(6699) Concurrent reset
[890.977s][info][gc,task        ] GC(6699) Using 6 of 24 workers for concurrent reset
[890.977s][info][gc,ergo        ] GC(6699) Pacer for Reset. Non-Taxable: 256M
[890.978s][info][gc             ] GC(6699) Concurrent reset 0.606ms
[890.978s][info][gc,start       ] GC(6699) Pause Init Mark (unload classes)
[890.978s][info][gc,task        ] GC(6699) Using 6 of 24 workers for init marking
[890.980s][info][gc,ergo        ] GC(6699) Pacer for Mark. Expected Live: 11687K, Free: 110M, Non-Taxable: 11351K, Alloc Tax Rate: 0.1x
[890.980s][info][gc             ] GC(6699) Pause Init Mark (unload classes) 2.203ms
[890.980s][info][gc,start       ] GC(6699) Concurrent marking (unload classes)
[890.980s][info][gc,task        ] GC(6699) Using 6 of 24 workers for concurrent marking
[891.040s][info][gc             ] GC(6699) Concurrent marking (unload classes) 59.881ms
[891.040s][info][gc,start       ] GC(6699) Pause Final Mark (unload classes)
[891.040s][info][gc,task        ] GC(6699) Using 6 of 24 workers for final marking
[891.092s][info][gc,stringtable ] GC(6699) Cleaned string and symbol table, strings: 8172 processed, 0 removed, symbols: 68000 processed, 0 removed
[891.093s][info][gc,ergo        ] GC(6699) Collectable Garbage: 118M (100%), Immediate: 117M (99%), CSet: 1004K (0%)
[891.095s][info][gc,ergo        ] GC(6699) Pacer for Evacuation. Used CSet: 4863K, Free: 195M, Non-Taxable: 20055K, Alloc Tax Rate: 1.1x
[891.095s][info][gc             ] GC(6699) Pause Final Mark (unload classes) 54.707ms
[891.095s][info][gc,start       ] GC(6699) Concurrent cleanup
[891.111s][info][gc             ] GC(6699) Concurrent cleanup 163M->64M(256M) 16.286ms
[891.111s][info][gc,ergo        ] GC(6699) Free: 176M, Max: 256K regular, 69888K humongous, Frag: 62% external, 1% internal; Reserve: 12670K, Max: 256K
[891.111s][info][gc,start       ] GC(6699) Concurrent evacuation
[891.111s][info][gc,task        ] GC(6699) Using 6 of 24 workers for concurrent evacuation
[891.115s][info][gc             ] GC(6699) Concurrent evacuation 4.108ms
[891.116s][info][gc,start       ] GC(6699) Pause Init Update Refs
[891.116s][info][gc,ergo        ] GC(6699) Pacer for Update Refs. Used: 73096K, Free: 173M, Non-Taxable: 17777K, Alloc Tax Rate: 1.1x
[891.116s][info][gc             ] GC(6699) Pause Init Update Refs 0.212ms
[891.116s][info][gc,start       ] GC(6699) Concurrent update references
[891.116s][info][gc,task        ] GC(6699) Using 6 of 24 workers for concurrent reference update
[891.132s][info][gc             ] GC(6699) Concurrent update references 16.105ms
[891.133s][info][gc,start       ] GC(6699) Pause Final Update Refs
[891.133s][info][gc,task        ] GC(6699) Using 6 of 24 workers for final reference update
[891.134s][info][gc             ] GC(6699) Pause Final Update Refs 0.308ms
[891.134s][info][gc,start       ] GC(6699) Concurrent cleanup
[891.134s][info][gc             ] GC(6699) Concurrent cleanup 122M->117M(256M) 0.762ms
[891.134s][info][gc             ] GC(6699) Dat log --- cycle is complete
Current gc epoch: 5433
heap: ______
capacity: 268435456
used: 127542160
committed: 268435456
bytes_allocated_since_gc_start: 122946064
hot_size: 0
cold_size: 3264374
num_regions: 1024
hot_region_count: 18446744073709407445
cold_region_count: 144189
histogram: Placeholder

[891.134s][info][gc             ] GC(6699) Obj count ac histogram
[891.134s][info][gc             ] GC(6699) 	0: 197008
[891.134s][info][gc             ] GC(6699) 	1: 15
[891.134s][info][gc             ] GC(6699) 	2: 2
[891.134s][info][gc             ] GC(6699) 	3: 0
[891.134s][info][gc             ] GC(6699) 	4: 0
[891.134s][info][gc             ] GC(6699) 	5: 0
[891.135s][info][gc             ] GC(6699) 	6: 0
[891.135s][info][gc             ] GC(6699) 	7: 0
[891.135s][info][gc             ] GC(6699) 	8: 0
[891.135s][info][gc             ] GC(6699) 	9: 0
[891.135s][info][gc             ] GC(6699) 	10: 0
[891.135s][info][gc             ] GC(6699) 	11: 0
[891.135s][info][gc             ] GC(6699) 	12: 0
[891.135s][info][gc             ] GC(6699) 	13: 0
[891.135s][info][gc             ] GC(6699) 	14: 0
[891.135s][info][gc             ] GC(6699) 	15: 0
[891.135s][info][gc             ] GC(6699) 	16: 0
[891.135s][info][gc             ] GC(6699) 	17: 0
[891.135s][info][gc             ] GC(6699) 	18: 0
[891.135s][info][gc             ] GC(6699) 	19: 0
[891.135s][info][gc             ] GC(6699) Obj size ac histogram
[891.135s][info][gc             ] GC(6699) 	0: 1264512
[891.135s][info][gc             ] GC(6699) 	1: 720
[891.135s][info][gc             ] GC(6699) 	2: 14
[891.135s][info][gc             ] GC(6699) 	3: 0
[891.135s][info][gc             ] GC(6699) 	4: 0
[891.135s][info][gc             ] GC(6699) 	5: 0
[891.135s][info][gc             ] GC(6699) 	6: 0
[891.135s][info][gc             ] GC(6699) 	7: 0
[891.135s][info][gc             ] GC(6699) 	8: 0
[891.135s][info][gc             ] GC(6699) 	9: 0
[891.135s][info][gc             ] GC(6699) 	10: 0
[891.135s][info][gc             ] GC(6699) 	11: 0
[891.135s][info][gc             ] GC(6699) 	12: 0
[891.135s][info][gc             ] GC(6699) 	13: 0
[891.135s][info][gc             ] GC(6699) 	14: 0
[891.135s][info][gc             ] GC(6699) 	15: 0
[891.135s][info][gc             ] GC(6699) 	16: 0
[891.135s][info][gc             ] GC(6699) 	17: 0
[891.135s][info][gc             ] GC(6699) 	18: 0
[891.135s][info][gc             ] GC(6699) 	19: 0
[891.135s][info][gc,ergo        ] Free: 116M, Max: 256K regular, 69888K humongous, Frag: 42% external, 3% internal; Reserve: 13312K, Max: 256K
[891.135s][info][gc,stats       ] 
[891.135s][info][gc,stats       ] All times are wall-clock times, except per-root-class counters, that are sum over
[891.135s][info][gc,stats       ] all workers. Dividing the <total> over the root stage time estimates parallelism.
[891.135s][info][gc,stats       ] 
[891.135s][info][gc,stats       ] Concurrent Reset                    590 us
[891.135s][info][gc,stats       ] Pause Init Mark (G)                2542 us
[891.135s][info][gc,stats       ] Pause Init Mark (N)                2160 us
[891.135s][info][gc,stats       ]   Accumulate Stats                   14 us
[891.135s][info][gc,stats       ]   Make Parsable                      56 us
[891.135s][info][gc,stats       ]   Update Region States               18 us
[891.135s][info][gc,stats       ]   Scan Roots                       1144 us, parallelism: 1.26x
[891.135s][info][gc,stats       ]     S: <total>                     1445 us
[891.135s][info][gc,stats       ]     S: Thread Roots                 330 us, workers (us):  53,  18,  33,   1,  37, 187, ---, ---, ---, ---, ---, ---, ---, ---, ---, ---, ---, ---, ---, ---, ---, ---, ---, ---, 
[891.135s][info][gc,stats       ]     S: Universe Roots                24 us, workers (us):  24, ---, ---, ---, ---, ---, ---, ---, ---, ---, ---, ---, ---, ---, ---, ---, ---, ---, ---, ---, ---, ---, ---, ---, 
[891.135s][info][gc,stats       ]     S: JNI Handles Roots             23 us, workers (us): ---, ---,  23, ---, ---, ---, ---, ---, ---, ---, ---, ---, ---, ---, ---, ---, ---, ---, ---, ---, ---, ---, ---, ---, 
[891.135s][info][gc,stats       ]     S: Synchronizer Roots             0 us, workers (us): ---,   0, ---, ---, ---, ---, ---, ---, ---, ---, ---, ---, ---, ---, ---, ---, ---, ---, ---, ---, ---, ---, ---, ---, 
[891.135s][info][gc,stats       ]     S: Management Roots               2 us, workers (us): ---,   2, ---, ---, ---, ---, ---, ---, ---, ---, ---, ---, ---, ---, ---, ---, ---, ---, ---, ---, ---, ---, ---, ---, 
[891.135s][info][gc,stats       ]     S: System Dict Roots             36 us, workers (us): ---,  36, ---, ---, ---, ---, ---, ---, ---, ---, ---, ---, ---, ---, ---, ---, ---, ---, ---, ---, ---, ---, ---, ---, 
[891.135s][info][gc,stats       ]     S: CLDG Roots                  1030 us, workers (us):  21, ---, ---, 991,  18, ---, ---, ---, ---, ---, ---, ---, ---, ---, ---, ---, ---, ---, ---, ---, ---, ---, ---, ---, 
[891.135s][info][gc,stats       ]     S: JVMTI Roots                    1 us, workers (us): ---, ---,   1, ---, ---, ---, ---, ---, ---, ---, ---, ---, ---, ---, ---, ---, ---, ---, ---, ---, ---, ---, ---, ---, 
[891.135s][info][gc,stats       ]   Resize TLABs                        4 us
[891.135s][info][gc,stats       ] Concurrent Marking                59849 us
[891.135s][info][gc,stats       ] Pause Final Mark (G)              54908 us
[891.135s][info][gc,stats       ] Pause Final Mark (N)              54660 us
[891.135s][info][gc,stats       ]   Finish Queues                     189 us
[891.135s][info][gc,stats       ]   System Purge                      179 us
[891.135s][info][gc,stats       ]     Unload Classes                   99 us
[891.135s][info][gc,stats       ]     Cleanup                       51276 us, parallelism: 1.62x
[891.135s][info][gc,stats       ]       CU: <total>                 83227 us
[891.135s][info][gc,stats       ]       CU: Code Cache Roots        63555 us, workers (us): 10327, 10284, 11114, 10307, 11185, 10339, ---, ---, ---, ---, ---, ---, ---, ---, ---, ---, ---, ---, ---, ---, ---, ---, ---, ---, 
[891.135s][info][gc,stats       ]       CU: Code Cache Cleaning      5606 us, workers (us): 1102, 947, 886, 944, 810, 917, ---, ---, ---, ---, ---, ---, ---, ---, ---, ---, ---, ---, ---, ---, ---, ---, ---, ---, 
[891.135s][info][gc,stats       ]       CU: String Table Roots       2966 us, workers (us): 734, 774,   1, 750,   1, 707, ---, ---, ---, ---, ---, ---, ---, ---, ---, ---, ---, ---, ---, ---, ---, ---, ---, ---, 
[891.135s][info][gc,stats       ]       CU: Resolved Table Roots       29 us, workers (us):   0,   0,   0,   0,   0,  28, ---, ---, ---, ---, ---, ---, ---, ---, ---, ---, ---, ---, ---, ---, ---, ---, ---, ---, 
[891.135s][info][gc,stats       ]       CU: CLDG Roots              11071 us, workers (us): 1693, 1894, 1849, 1861, 1891, 1884, ---, ---, ---, ---, ---, ---, ---, ---, ---, ---, ---, ---, ---, ---, ---, ---, ---, ---, 
[891.135s][info][gc,stats       ]     Weak Roots                      177 us
[891.135s][info][gc,stats       ]     CLDG                              1 us
[891.135s][info][gc,stats       ]   Update Region States               24 us
[891.135s][info][gc,stats       ]   Retire TLABs                       41 us
[891.135s][info][gc,stats       ]   Choose Collection Set             328 us
[891.135s][info][gc,stats       ]   Rebuild Free Set                   15 us
[891.135s][info][gc,stats       ]   Initial Evacuation               2319 us, parallelism: 2.68x
[891.135s][info][gc,stats       ]     E: <total>                     6222 us
[891.135s][info][gc,stats       ]     E: Thread Roots                 239 us, workers (us): 151,   1,  84,   1,   1,   2, ---, ---, ---, ---, ---, ---, ---, ---, ---, ---, ---, ---, ---, ---, ---, ---, ---, ---, 
[891.135s][info][gc,stats       ]     E: Code Cache Roots            4557 us, workers (us):   0, 1116, 825, 470, 947, 1198, ---, ---, ---, ---, ---, ---, ---, ---, ---, ---, ---, ---, ---, ---, ---, ---, ---, ---, 
[891.135s][info][gc,stats       ]     E: Universe Roots                 6 us, workers (us):   6, ---, ---, ---, ---, ---, ---, ---, ---, ---, ---, ---, ---, ---, ---, ---, ---, ---, ---, ---, ---, ---, ---, ---, 
[891.135s][info][gc,stats       ]     E: JNI Handles Roots              4 us, workers (us): ---,   4, ---, ---, ---, ---, ---, ---, ---, ---, ---, ---, ---, ---, ---, ---, ---, ---, ---, ---, ---, ---, ---, ---, 
[891.135s][info][gc,stats       ]     E: Synchronizer Roots             0 us, workers (us):   0, ---, ---, ---, ---, ---, ---, ---, ---, ---, ---, ---, ---, ---, ---, ---, ---, ---, ---, ---, ---, ---, ---, ---, 
[891.135s][info][gc,stats       ]     E: Management Roots               2 us, workers (us):   2, ---, ---, ---, ---, ---, ---, ---, ---, ---, ---, ---, ---, ---, ---, ---, ---, ---, ---, ---, ---, ---, ---, ---, 
[891.135s][info][gc,stats       ]     E: System Dict Roots             12 us, workers (us):  12, ---, ---, ---, ---, ---, ---, ---, ---, ---, ---, ---, ---, ---, ---, ---, ---, ---, ---, ---, ---, ---, ---, ---, 
[891.135s][info][gc,stats       ]     E: CLDG Roots                  1400 us, workers (us): 749, ---, ---, 577, ---,  74, ---, ---, ---, ---, ---, ---, ---, ---, ---, ---, ---, ---, ---, ---, ---, ---, ---, ---, 
[891.135s][info][gc,stats       ]     E: JVMTI Roots                    1 us, workers (us): ---, ---,   1, ---, ---, ---, ---, ---, ---, ---, ---, ---, ---, ---, ---, ---, ---, ---, ---, ---, ---, ---, ---, ---, 
[891.135s][info][gc,stats       ] Concurrent Cleanup                16224 us
[891.135s][info][gc,stats       ] Concurrent Evacuation              4090 us
[891.135s][info][gc,stats       ] Pause Init  Update Refs (G)         508 us
[891.135s][info][gc,stats       ] Pause Init  Update Refs (N)         159 us
[891.135s][info][gc,stats       ]   Retire GCLABs                     142 us
[891.135s][info][gc,stats       ] Concurrent Update Refs            16086 us
[891.135s][info][gc,stats       ] Pause Final Update Refs (G)        1520 us
[891.135s][info][gc,stats       ] Pause Final Update Refs (N)         248 us
[891.135s][info][gc,stats       ]   Update Roots                      156 us, parallelism: 1.41x
[891.135s][info][gc,stats       ]     UR: <total>                     220 us
[891.135s][info][gc,stats       ]     UR: Thread Roots                220 us, workers (us):  98,  60,  20,  28,   7,   7, ---, ---, ---, ---, ---, ---, ---, ---, ---, ---, ---, ---, ---, ---, ---, ---, ---, ---, 
[891.135s][info][gc,stats       ]   Update Region States               26 us
[891.135s][info][gc,stats       ]   Trash Collection Set               10 us
[891.135s][info][gc,stats       ]   Rebuild Free Set                   31 us
[891.135s][info][gc,stats       ] Concurrent Cleanup                  727 us
[891.135s][info][gc,stats       ] Pacing                           132161 us
[891.135s][info][gc,stats       ] 
[891.135s][info][gc,stats       ] Allocation pacing accrued:
[891.135s][info][gc,stats       ]     132 of   160 ms ( 82.8%): pl.nadoba.jvm.gc.benchmark.App.main()
[891.135s][info][gc,stats       ]     132 of   160 ms ( 82.8%): <total>
[891.135s][info][gc,stats       ]      13 of   160 ms (  8.3%): <average total>
[891.135s][info][gc,stats       ]     132 of   160 ms ( 82.8%): <average non-zero>
[891.135s][info][gc,stats       ] 
[891.136s][info][gc,metaspace   ] Metaspace: 24281K->24281K(1071104K)
[891.136s][info][gc,ergo        ] Pacer for Idle. Initial: 5242K, Alloc Tax Rate: 1.0x
[891.137s][info][gc             ] Trigger: Start next cycle immediately
[891.137s][info][gc,ergo        ] Free: 108M, Max: 256K regular, 69888K humongous, Frag: 37% external, 3% internal; Reserve: 13312K, Max: 256K
[891.137s][info][gc,start       ] GC(6700) Concurrent reset
[891.137s][info][gc,task        ] GC(6700) Using 6 of 24 workers for concurrent reset
[891.137s][info][gc,ergo        ] GC(6700) Pacer for Reset. Non-Taxable: 256M
[891.137s][info][gc             ] GC(6700) Concurrent reset 0.677ms
[891.138s][info][gc,start       ] GC(6700) Pause Init Mark (process weakrefs) (unload classes)
[891.138s][info][gc,task        ] GC(6700) Using 6 of 24 workers for init marking
[891.140s][info][gc,ergo        ] GC(6700) Pacer for Mark. Expected Live: 10049K, Free: 105M, Non-Taxable: 10763K, Alloc Tax Rate: 0.1x
[891.140s][info][gc             ] GC(6700) Pause Init Mark (process weakrefs) (unload classes) 2.402ms
[891.140s][info][gc,start       ] GC(6700) Concurrent marking (process weakrefs) (unload classes)
[891.140s][info][gc,task        ] GC(6700) Using 6 of 24 workers for concurrent marking
[891.204s][info][gc             ] GC(6700) Concurrent marking (process weakrefs) (unload classes) 64.226ms
[891.204s][info][gc,start       ] GC(6700) Concurrent precleaning
[891.204s][info][gc,task        ] GC(6700) Using 1 of 24 workers for concurrent preclean
[891.204s][info][gc,ergo        ] GC(6700) Pacer for Precleaning. Non-Taxable: 256M
[891.208s][info][gc             ] GC(6700) Concurrent precleaning 3.967ms
[891.209s][info][gc,start       ] GC(6700) Pause Final Mark (process weakrefs) (unload classes)
[891.209s][info][gc,task        ] GC(6700) Using 6 of 24 workers for final marking
[891.263s][info][gc,stringtable ] GC(6700) Cleaned string and symbol table, strings: 8172 processed, 0 removed, symbols: 68000 processed, 0 removed
[891.264s][info][gc,ergo        ] GC(6700) Collectable Garbage: 121M (100%), Immediate: 120M (99%), CSet: 992K (0%)
[891.266s][info][gc,ergo        ] GC(6700) Pacer for Evacuation. Used CSet: 4851K, Free: 162M, Non-Taxable: 16650K, Alloc Tax Rate: 1.1x
[891.266s][info][gc             ] GC(6700) Pause Final Mark (process weakrefs) (unload classes) 57.604ms
[891.266s][info][gc,start       ] GC(6700) Concurrent cleanup
[891.284s][info][gc             ] GC(6700) Concurrent cleanup 198M->98M(256M) 17.714ms
[891.284s][info][gc,ergo        ] GC(6700) Free: 141M, Max: 256K regular, 71424K humongous, Frag: 51% external, 2% internal; Reserve: 12670K, Max: 256K
[891.284s][info][gc,start       ] GC(6700) Concurrent evacuation
[891.284s][info][gc,task        ] GC(6700) Using 6 of 24 workers for concurrent evacuation
[891.288s][info][gc             ] GC(6700) Concurrent evacuation 3.878ms
[891.288s][info][gc,start       ] GC(6700) Pause Init Update Refs
[891.288s][info][gc,ergo        ] GC(6700) Pacer for Update Refs. Used: 102M, Free: 141M, Non-Taxable: 14474K, Alloc Tax Rate: 1.1x
[891.288s][info][gc             ] GC(6700) Pause Init Update Refs 0.141ms
[891.288s][info][gc,start       ] GC(6700) Concurrent update references
[891.289s][info][gc,task        ] GC(6700) Using 6 of 24 workers for concurrent reference update
[891.304s][info][gc             ] GC(6700) Concurrent update references 15.989ms
[891.306s][info][gc,start       ] GC(6700) Pause Final Update Refs
[891.306s][info][gc,task        ] GC(6700) Using 6 of 24 workers for final reference update
[891.306s][info][gc             ] GC(6700) Pause Final Update Refs 0.315ms
[891.307s][info][gc,start       ] GC(6700) Concurrent cleanup
[891.307s][info][gc             ] GC(6700) Concurrent cleanup 157M->152M(256M) 0.779ms
[891.307s][info][gc             ] GC(6700) Dat log --- cycle is complete
Current gc epoch: 5434
heap: ______
capacity: 268435456
used: 160059232
committed: 268435456
bytes_allocated_since_gc_start: 157024784
hot_size: 0
cold_size: 2871162
num_regions: 1024
hot_region_count: 18446744073709407427
cold_region_count: 144207
histogram: Placeholder

[891.307s][info][gc             ] GC(6700) Obj count ac histogram
[891.307s][info][gc             ] GC(6700) 	0: 203023
[891.307s][info][gc             ] GC(6700) 	1: 15
[891.307s][info][gc             ] GC(6700) 	2: 4364
[891.307s][info][gc             ] GC(6700) 	3: 4482
[891.307s][info][gc             ] GC(6700) 	4: 892
[891.307s][info][gc             ] GC(6700) 	5: 15
[891.307s][info][gc             ] GC(6700) 	6: 0
[891.307s][info][gc             ] GC(6700) 	7: 0
[891.307s][info][gc             ] GC(6700) 	8: 0
[891.307s][info][gc             ] GC(6700) 	9: 0
[891.307s][info][gc             ] GC(6700) 	10: 0
[891.307s][info][gc             ] GC(6700) 	11: 0
[891.307s][info][gc             ] GC(6700) 	12: 0
[891.307s][info][gc             ] GC(6700) 	13: 0
[891.307s][info][gc             ] GC(6700) 	14: 0
[891.307s][info][gc             ] GC(6700) 	15: 0
[891.307s][info][gc             ] GC(6700) 	16: 0
[891.307s][info][gc             ] GC(6700) 	17: 0
[891.307s][info][gc             ] GC(6700) 	18: 0
[891.307s][info][gc             ] GC(6700) 	19: 0
[891.307s][info][gc             ] GC(6700) Obj size ac histogram
[891.307s][info][gc             ] GC(6700) 	0: 1675576
[891.307s][info][gc             ] GC(6700) 	1: 720
[891.307s][info][gc             ] GC(6700) 	2: 57051
[891.307s][info][gc             ] GC(6700) 	3: 41838
[891.307s][info][gc             ] GC(6700) 	4: 5525
[891.307s][info][gc             ] GC(6700) 	5: 150
[891.308s][info][gc             ] GC(6700) 	6: 0
[891.308s][info][gc             ] GC(6700) 	7: 0
[891.308s][info][gc             ] GC(6700) 	8: 0
[891.308s][info][gc             ] GC(6700) 	9: 0
[891.308s][info][gc             ] GC(6700) 	10: 0
[891.308s][info][gc             ] GC(6700) 	11: 0
[891.308s][info][gc             ] GC(6700) 	12: 0
[891.308s][info][gc             ] GC(6700) 	13: 0
[891.308s][info][gc             ] GC(6700) 	14: 0
[891.308s][info][gc             ] GC(6700) 	15: 0
[891.308s][info][gc             ] GC(6700) 	16: 0
[891.308s][info][gc             ] GC(6700) 	17: 0
[891.308s][info][gc             ] GC(6700) 	18: 0
[891.308s][info][gc             ] GC(6700) 	19: 0
[891.308s][info][gc,ergo        ] Free: 86124K, Max: 256K regular, 38400K humongous, Frag: 56% external, 4% internal; Reserve: 13312K, Max: 256K
[891.308s][info][gc,stats       ] 
[891.308s][info][gc,stats       ] All times are wall-clock times, except per-root-class counters, that are sum over
[891.308s][info][gc,stats       ] all workers. Dividing the <total> over the root stage time estimates parallelism.
[891.308s][info][gc,stats       ] 
[891.308s][info][gc,stats       ] Concurrent Reset                    661 us
[891.308s][info][gc,stats       ] Pause Init Mark (G)                2820 us
[891.308s][info][gc,stats       ] Pause Init Mark (N)                2345 us
[891.308s][info][gc,stats       ]   Accumulate Stats                    7 us
[891.308s][info][gc,stats       ]   Make Parsable                      52 us
[891.308s][info][gc,stats       ]   Update Region States               19 us
[891.308s][info][gc,stats       ]   Scan Roots                       1342 us, parallelism: 1.24x
[891.308s][info][gc,stats       ]     S: <total>                     1661 us
[891.308s][info][gc,stats       ]     S: Thread Roots                 409 us, workers (us):  84,  25,   1,  41,  53, 204, ---, ---, ---, ---, ---, ---, ---, ---, ---, ---, ---, ---, ---, ---, ---, ---, ---, ---, 
[891.308s][info][gc,stats       ]     S: Universe Roots                37 us, workers (us):  37, ---, ---, ---, ---, ---, ---, ---, ---, ---, ---, ---, ---, ---, ---, ---, ---, ---, ---, ---, ---, ---, ---, ---, 
[891.308s][info][gc,stats       ]     S: JNI Handles Roots             23 us, workers (us):  23, ---, ---, ---, ---, ---, ---, ---, ---, ---, ---, ---, ---, ---, ---, ---, ---, ---, ---, ---, ---, ---, ---, ---, 
[891.308s][info][gc,stats       ]     S: Synchronizer Roots             1 us, workers (us): ---,   1, ---, ---, ---, ---, ---, ---, ---, ---, ---, ---, ---, ---, ---, ---, ---, ---, ---, ---, ---, ---, ---, ---, 
[891.308s][info][gc,stats       ]     S: Management Roots               3 us, workers (us): ---,   3, ---, ---, ---, ---, ---, ---, ---, ---, ---, ---, ---, ---, ---, ---, ---, ---, ---, ---, ---, ---, ---, ---, 
[891.308s][info][gc,stats       ]     S: System Dict Roots             48 us, workers (us): ---,  48, ---, ---, ---, ---, ---, ---, ---, ---, ---, ---, ---, ---, ---, ---, ---, ---, ---, ---, ---, ---, ---, ---, 
[891.308s][info][gc,stats       ]     S: CLDG Roots                  1140 us, workers (us): ---, ---, 1110,  15,  15, ---, ---, ---, ---, ---, ---, ---, ---, ---, ---, ---, ---, ---, ---, ---, ---, ---, ---, ---, 
[891.308s][info][gc,stats       ]     S: JVMTI Roots                    1 us, workers (us):   1, ---, ---, ---, ---, ---, ---, ---, ---, ---, ---, ---, ---, ---, ---, ---, ---, ---, ---, ---, ---, ---, ---, ---, 
[891.308s][info][gc,stats       ]   Resize TLABs                        7 us
[891.308s][info][gc,stats       ] Concurrent Marking                64180 us
[891.308s][info][gc,stats       ] Concurrent Precleaning             3947 us
[891.308s][info][gc,stats       ] Pause Final Mark (G)              57944 us
[891.308s][info][gc,stats       ] Pause Final Mark (N)              57547 us
[891.308s][info][gc,stats       ]   Finish Queues                     240 us
[891.308s][info][gc,stats       ]   Weak References                    45 us
[891.308s][info][gc,stats       ]     Process                          35 us
[891.308s][info][gc,stats       ]   System Purge                      309 us
[891.308s][info][gc,stats       ]     Unload Classes                   97 us
[891.308s][info][gc,stats       ]     Cleanup                       53859 us, parallelism: 1.83x
[891.308s][info][gc,stats       ]       CU: <total>                 98374 us
[891.308s][info][gc,stats       ]       CU: Code Cache Roots        78410 us, workers (us): 12947, 12964, 13283, 13270, 13054, 12892, ---, ---, ---, ---, ---, ---, ---, ---, ---, ---, ---, ---, ---, ---, ---, ---, ---, ---, 
[891.308s][info][gc,stats       ]       CU: Code Cache Cleaning      4829 us, workers (us): 808, 808, 791, 809, 807, 807, ---, ---, ---, ---, ---, ---, ---, ---, ---, ---, ---, ---, ---, ---, ---, ---, ---, ---, 
[891.308s][info][gc,stats       ]       CU: String Table Roots       3353 us, workers (us): 706, 688, 365, 350, 559, 686, ---, ---, ---, ---, ---, ---, ---, ---, ---, ---, ---, ---, ---, ---, ---, ---, ---, ---, 
[891.308s][info][gc,stats       ]       CU: Resolved Table Roots       19 us, workers (us):   0,   0,  18,   0,   0,   0, ---, ---, ---, ---, ---, ---, ---, ---, ---, ---, ---, ---, ---, ---, ---, ---, ---, ---, 
[891.308s][info][gc,stats       ]       CU: CLDG Roots              11763 us, workers (us): 1981, 1985, 1974, 1966, 1928, 1929, ---, ---, ---, ---, ---, ---, ---, ---, ---, ---, ---, ---, ---, ---, ---, ---, ---, ---, 
[891.308s][info][gc,stats       ]     Weak Roots                      308 us
[891.308s][info][gc,stats       ]     CLDG                              1 us
[891.308s][info][gc,stats       ]   Update Region States               25 us
[891.308s][info][gc,stats       ]   Retire TLABs                       39 us
[891.308s][info][gc,stats       ]   Choose Collection Set             333 us
[891.308s][info][gc,stats       ]   Rebuild Free Set                   16 us
[891.308s][info][gc,stats       ]   Initial Evacuation               2376 us, parallelism: 2.80x
[891.308s][info][gc,stats       ]     E: <total>                     6651 us
[891.308s][info][gc,stats       ]     E: Thread Roots                 266 us, workers (us):   1, 203,  57,   2,   1,   1, ---, ---, ---, ---, ---, ---, ---, ---, ---, ---, ---, ---, ---, ---, ---, ---, ---, ---, 
[891.308s][info][gc,stats       ]     E: Code Cache Roots            4965 us, workers (us): 1324, 767, 849, 453, 1091, 481, ---, ---, ---, ---, ---, ---, ---, ---, ---, ---, ---, ---, ---, ---, ---, ---, ---, ---, 
[891.308s][info][gc,stats       ]     E: Universe Roots                 6 us, workers (us):   6, ---, ---, ---, ---, ---, ---, ---, ---, ---, ---, ---, ---, ---, ---, ---, ---, ---, ---, ---, ---, ---, ---, ---, 
[891.308s][info][gc,stats       ]     E: JNI Handles Roots              2 us, workers (us):   2, ---, ---, ---, ---, ---, ---, ---, ---, ---, ---, ---, ---, ---, ---, ---, ---, ---, ---, ---, ---, ---, ---, ---, 
[891.308s][info][gc,stats       ]     E: Synchronizer Roots             0 us, workers (us):   0, ---, ---, ---, ---, ---, ---, ---, ---, ---, ---, ---, ---, ---, ---, ---, ---, ---, ---, ---, ---, ---, ---, ---, 
[891.308s][info][gc,stats       ]     E: Management Roots               2 us, workers (us):   2, ---, ---, ---, ---, ---, ---, ---, ---, ---, ---, ---, ---, ---, ---, ---, ---, ---, ---, ---, ---, ---, ---, ---, 
[891.308s][info][gc,stats       ]     E: System Dict Roots             13 us, workers (us):  13, ---, ---, ---, ---, ---, ---, ---, ---, ---, ---, ---, ---, ---, ---, ---, ---, ---, ---, ---, ---, ---, ---, ---, 
[891.308s][info][gc,stats       ]     E: CLDG Roots                  1394 us, workers (us): ---, ---,  61, 755, ---, 579, ---, ---, ---, ---, ---, ---, ---, ---, ---, ---, ---, ---, ---, ---, ---, ---, ---, ---, 
[891.308s][info][gc,stats       ]     E: JVMTI Roots                    1 us, workers (us):   1, ---, ---, ---, ---, ---, ---, ---, ---, ---, ---, ---, ---, ---, ---, ---, ---, ---, ---, ---, ---, ---, ---, ---, 
[891.308s][info][gc,stats       ] Concurrent Cleanup                17650 us
[891.308s][info][gc,stats       ] Concurrent Evacuation              3866 us
[891.308s][info][gc,stats       ] Pause Init  Update Refs (G)         406 us
[891.308s][info][gc,stats       ] Pause Init  Update Refs (N)         109 us
[891.308s][info][gc,stats       ]   Retire GCLABs                      95 us
[891.308s][info][gc,stats       ] Concurrent Update Refs            15969 us
[891.308s][info][gc,stats       ] Pause Final Update Refs (G)        2004 us
[891.308s][info][gc,stats       ] Pause Final Update Refs (N)         272 us
[891.308s][info][gc,stats       ]   Update Roots                      216 us, parallelism: 1.30x
[891.308s][info][gc,stats       ]     UR: <total>                     281 us
[891.308s][info][gc,stats       ]     UR: Thread Roots                281 us, workers (us):  34, 106,  39,  56,  42,   4, ---, ---, ---, ---, ---, ---, ---, ---, ---, ---, ---, ---, ---, ---, ---, ---, ---, ---, 
[891.308s][info][gc,stats       ]   Update Region States               23 us
[891.308s][info][gc,stats       ]   Trash Collection Set                6 us
[891.308s][info][gc,stats       ]   Rebuild Free Set                   14 us
[891.308s][info][gc,stats       ] Concurrent Cleanup                  742 us
[891.308s][info][gc,stats       ] Pacing                           133930 us
[891.308s][info][gc,stats       ] 
[891.308s][info][gc,stats       ] Allocation pacing accrued:
[891.308s][info][gc,stats       ]     134 of   173 ms ( 77.4%): pl.nadoba.jvm.gc.benchmark.App.main()
[891.308s][info][gc,stats       ]     134 of   173 ms ( 77.4%): <total>
[891.308s][info][gc,stats       ]      13 of   173 ms (  7.7%): <average total>
[891.308s][info][gc,stats       ]     134 of   173 ms ( 77.4%): <average non-zero>
[891.308s][info][gc,stats       ] 
[891.308s][info][gc,metaspace   ] Metaspace: 24281K->24281K(1071104K)
[891.308s][info][gc,ergo        ] Pacer for Idle. Initial: 5242K, Alloc Tax Rate: 1.0x
[891.310s][info][gc             ] Trigger: Start next cycle immediately
[891.310s][info][gc,ergo        ] Free: 79724K, Max: 256K regular, 38400K humongous, Frag: 52% external, 5% internal; Reserve: 13312K, Max: 256K
[891.310s][info][gc,start       ] GC(6701) Concurrent reset
[891.310s][info][gc,task        ] GC(6701) Using 6 of 24 workers for concurrent reset
[891.310s][info][gc,ergo        ] GC(6701) Pacer for Reset. Non-Taxable: 256M
[891.310s][info][gc             ] GC(6701) Concurrent reset 0.693ms
[891.311s][info][gc,start       ] GC(6701) Pause Init Mark
[891.311s][info][gc,task        ] GC(6701) Using 6 of 24 workers for init marking
[891.313s][info][gc,ergo        ] GC(6701) Pacer for Mark. Expected Live: 10663K, Free: 79724K, Non-Taxable: 7972K, Alloc Tax Rate: 0.2x
[891.313s][info][gc             ] GC(6701) Pause Init Mark 2.078ms
[891.313s][info][gc,start       ] GC(6701) Concurrent marking
[891.313s][info][gc,task        ] GC(6701) Using 6 of 24 workers for concurrent marking
[891.372s][info][gc             ] GC(6701) Concurrent marking 59.033ms
[891.372s][info][gc,start       ] GC(6701) Pause Final Mark
[891.372s][info][gc,task        ] GC(6701) Using 6 of 24 workers for final marking
[891.373s][info][gc,ergo        ] GC(6701) Collectable Garbage: 150M (100%), Immediate: 149M (99%), CSet: 1003K (0%)
[891.375s][info][gc,ergo        ] GC(6701) Pacer for Evacuation. Used CSet: 4862K, Free: 204M, Non-Taxable: 20951K, Alloc Tax Rate: 1.1x
[891.375s][info][gc             ] GC(6701) Pause Final Mark 3.672ms
[891.376s][info][gc,start       ] GC(6701) Concurrent cleanup
[891.396s][info][gc             ] GC(6701) Concurrent cleanup 186M->64M(256M) 20.629ms
[891.396s][info][gc,ergo        ] GC(6701) Free: 175M, Max: 256K regular, 83712K humongous, Frag: 54% external, 1% internal; Reserve: 12544K, Max: 256K
[891.396s][info][gc,start       ] GC(6701) Concurrent evacuation
[891.396s][info][gc,task        ] GC(6701) Using 6 of 24 workers for concurrent evacuation
[891.401s][info][gc             ] GC(6701) Concurrent evacuation 4.538ms
[891.401s][info][gc,start       ] GC(6701) Pause Init Update Refs
[891.401s][info][gc,ergo        ] GC(6701) Pacer for Update Refs. Used: 70033K, Free: 175M, Non-Taxable: 18007K, Alloc Tax Rate: 1.1x
[891.401s][info][gc             ] GC(6701) Pause Init Update Refs 0.192ms
[891.401s][info][gc,start       ] GC(6701) Concurrent update references
[891.401s][info][gc,task        ] GC(6701) Using 6 of 24 workers for concurrent reference update
[891.418s][info][gc             ] GC(6701) Concurrent update references 16.713ms
[891.419s][info][gc,start       ] GC(6701) Pause Final Update Refs
[891.419s][info][gc,task        ] GC(6701) Using 6 of 24 workers for final reference update
[891.419s][info][gc             ] GC(6701) Pause Final Update Refs 0.262ms
[891.419s][info][gc,start       ] GC(6701) Concurrent cleanup
[891.420s][info][gc             ] GC(6701) Concurrent cleanup 121M->116M(256M) 0.770ms
[891.420s][info][gc             ] GC(6701) Dat log --- cycle is complete
Current gc epoch: 5435
heap: ______
capacity: 268435456
used: 122310032
committed: 268435456
bytes_allocated_since_gc_start: 119013904
hot_size: 0
cold_size: 3192702
num_regions: 1024
hot_region_count: 18446744073709407409
cold_region_count: 144225
histogram: Placeholder

[891.420s][info][gc             ] GC(6701) Obj count ac histogram
[891.420s][info][gc             ] GC(6701) 	0: 200306
[891.420s][info][gc             ] GC(6701) 	1: 15
[891.420s][info][gc             ] GC(6701) 	2: 2
[891.420s][info][gc             ] GC(6701) 	3: 0
[891.420s][info][gc             ] GC(6701) 	4: 0
[891.420s][info][gc             ] GC(6701) 	5: 0
[891.420s][info][gc             ] GC(6701) 	6: 0
[891.420s][info][gc             ] GC(6701) 	7: 0
[891.420s][info][gc             ] GC(6701) 	8: 0
[891.420s][info][gc             ] GC(6701) 	9: 0
[891.420s][info][gc             ] GC(6701) 	10: 0
[891.420s][info][gc             ] GC(6701) 	11: 0
[891.420s][info][gc             ] GC(6701) 	12: 0
[891.420s][info][gc             ] GC(6701) 	13: 0
[891.420s][info][gc             ] GC(6701) 	14: 0
[891.420s][info][gc             ] GC(6701) 	15: 0
[891.420s][info][gc             ] GC(6701) 	16: 0
[891.420s][info][gc             ] GC(6701) 	17: 0
[891.420s][info][gc             ] GC(6701) 	18: 0
[891.420s][info][gc             ] GC(6701) 	19: 0
[891.420s][info][gc             ] GC(6701) Obj size ac histogram
[891.420s][info][gc             ] GC(6701) 	0: 1372652
[891.420s][info][gc             ] GC(6701) 	1: 720
[891.420s][info][gc             ] GC(6701) 	2: 14
[891.420s][info][gc             ] GC(6701) 	3: 0
[891.420s][info][gc             ] GC(6701) 	4: 0
[891.420s][info][gc             ] GC(6701) 	5: 0
[891.420s][info][gc             ] GC(6701) 	6: 0
[891.420s][info][gc             ] GC(6701) 	7: 0
[891.420s][info][gc             ] GC(6701) 	8: 0
[891.420s][info][gc             ] GC(6701) 	9: 0
[891.420s][info][gc             ] GC(6701) 	10: 0
[891.420s][info][gc             ] GC(6701) 	11: 0
[891.420s][info][gc             ] GC(6701) 	12: 0
[891.420s][info][gc             ] GC(6701) 	13: 0
[891.420s][info][gc             ] GC(6701) 	14: 0
[891.420s][info][gc             ] GC(6701) 	15: 0
[891.420s][info][gc             ] GC(6701) 	16: 0
[891.420s][info][gc             ] GC(6701) 	17: 0
[891.420s][info][gc             ] GC(6701) 	18: 0
[891.420s][info][gc             ] GC(6701) 	19: 0
[891.420s][info][gc,ergo        ] Free: 120M, Max: 256K regular, 83712K humongous, Frag: 32% external, 3% internal; Reserve: 13312K, Max: 256K
[891.420s][info][gc,stats       ] 
[891.420s][info][gc,stats       ] All times are wall-clock times, except per-root-class counters, that are sum over
[891.420s][info][gc,stats       ] all workers. Dividing the <total> over the root stage time estimates parallelism.
[891.420s][info][gc,stats       ] 
[891.420s][info][gc,stats       ] Concurrent Reset                    676 us
[891.420s][info][gc,stats       ] Pause Init Mark (G)                2332 us
[891.420s][info][gc,stats       ] Pause Init Mark (N)                2051 us
[891.420s][info][gc,stats       ]   Accumulate Stats                    5 us
[891.420s][info][gc,stats       ]   Make Parsable                      39 us
[891.420s][info][gc,stats       ]   Update Region States               14 us
[891.420s][info][gc,stats       ]   Scan Roots                       1459 us, parallelism: 2.26x
[891.420s][info][gc,stats       ]     S: <total>                     3294 us
[891.420s][info][gc,stats       ]     S: Thread Roots                 447 us, workers (us):  83,   1,   1,   2, 287,  74, ---, ---, ---, ---, ---, ---, ---, ---, ---, ---, ---, ---, ---, ---, ---, ---, ---, ---, 
[891.420s][info][gc,stats       ]     S: Universe Roots                33 us, workers (us):  33, ---, ---, ---, ---, ---, ---, ---, ---, ---, ---, ---, ---, ---, ---, ---, ---, ---, ---, ---, ---, ---, ---, ---, 
[891.420s][info][gc,stats       ]     S: JNI Handles Roots             29 us, workers (us): ---,  29, ---, ---, ---, ---, ---, ---, ---, ---, ---, ---, ---, ---, ---, ---, ---, ---, ---, ---, ---, ---, ---, ---, 
[891.420s][info][gc,stats       ]     S: Synchronizer Roots             0 us, workers (us):   0, ---, ---, ---, ---, ---, ---, ---, ---, ---, ---, ---, ---, ---, ---, ---, ---, ---, ---, ---, ---, ---, ---, ---, 
[891.420s][info][gc,stats       ]     S: Management Roots               2 us, workers (us):   2, ---, ---, ---, ---, ---, ---, ---, ---, ---, ---, ---, ---, ---, ---, ---, ---, ---, ---, ---, ---, ---, ---, ---, 
[891.420s][info][gc,stats       ]     S: System Dict Roots             50 us, workers (us):  50, ---, ---, ---, ---, ---, ---, ---, ---, ---, ---, ---, ---, ---, ---, ---, ---, ---, ---, ---, ---, ---, ---, ---, 
[891.420s][info][gc,stats       ]     S: CLDG Roots                  2732 us, workers (us): ---, 1269, 211, 1252, ---, ---, ---, ---, ---, ---, ---, ---, ---, ---, ---, ---, ---, ---, ---, ---, ---, ---, ---, ---, 
[891.420s][info][gc,stats       ]     S: JVMTI Roots                    1 us, workers (us): ---,   1, ---, ---, ---, ---, ---, ---, ---, ---, ---, ---, ---, ---, ---, ---, ---, ---, ---, ---, ---, ---, ---, ---, 
[891.420s][info][gc,stats       ]   Resize TLABs                        4 us
[891.420s][info][gc,stats       ] Concurrent Marking                58981 us
[891.420s][info][gc,stats       ] Pause Final Mark (G)               3827 us
[891.420s][info][gc,stats       ] Pause Final Mark (N)               3640 us
[891.420s][info][gc,stats       ]   Finish Queues                     173 us
[891.420s][info][gc,stats       ]   System Purge                      195 us
[891.420s][info][gc,stats       ]     Weak Roots                      193 us
[891.420s][info][gc,stats       ]   Update Region States               32 us
[891.420s][info][gc,stats       ]   Retire TLABs                       46 us
[891.420s][info][gc,stats       ]   Choose Collection Set             565 us
[891.420s][info][gc,stats       ]   Rebuild Free Set                   31 us
[891.420s][info][gc,stats       ]   Initial Evacuation               2581 us, parallelism: 1.72x
[891.420s][info][gc,stats       ]     E: <total>                     4439 us
[891.420s][info][gc,stats       ]     E: Thread Roots                 144 us, workers (us):   1,   1,  55,   1,  25,  61, ---, ---, ---, ---, ---, ---, ---, ---, ---, ---, ---, ---, ---, ---, ---, ---, ---, ---, 
[891.420s][info][gc,stats       ]     E: Code Cache Roots            3306 us, workers (us): 747, 802, 517, 926, 314,   0, ---, ---, ---, ---, ---, ---, ---, ---, ---, ---, ---, ---, ---, ---, ---, ---, ---, ---, 
[891.420s][info][gc,stats       ]     E: Universe Roots                 5 us, workers (us):   5, ---, ---, ---, ---, ---, ---, ---, ---, ---, ---, ---, ---, ---, ---, ---, ---, ---, ---, ---, ---, ---, ---, ---, 
[891.420s][info][gc,stats       ]     E: JNI Handles Roots              3 us, workers (us): ---,   3, ---, ---, ---, ---, ---, ---, ---, ---, ---, ---, ---, ---, ---, ---, ---, ---, ---, ---, ---, ---, ---, ---, 
[891.420s][info][gc,stats       ]     E: Synchronizer Roots             1 us, workers (us): ---,   1, ---, ---, ---, ---, ---, ---, ---, ---, ---, ---, ---, ---, ---, ---, ---, ---, ---, ---, ---, ---, ---, ---, 
[891.420s][info][gc,stats       ]     E: Management Roots               2 us, workers (us):   2, ---, ---, ---, ---, ---, ---, ---, ---, ---, ---, ---, ---, ---, ---, ---, ---, ---, ---, ---, ---, ---, ---, ---, 
[891.420s][info][gc,stats       ]     E: System Dict Roots             11 us, workers (us): ---, ---,  11, ---, ---, ---, ---, ---, ---, ---, ---, ---, ---, ---, ---, ---, ---, ---, ---, ---, ---, ---, ---, ---, 
[891.420s][info][gc,stats       ]     E: CLDG Roots                   966 us, workers (us): ---, ---,  86, ---, 295, 584, ---, ---, ---, ---, ---, ---, ---, ---, ---, ---, ---, ---, ---, ---, ---, ---, ---, ---, 
[891.420s][info][gc,stats       ]     E: JVMTI Roots                    1 us, workers (us): ---, ---, ---,   1, ---, ---, ---, ---, ---, ---, ---, ---, ---, ---, ---, ---, ---, ---, ---, ---, ---, ---, ---, ---, 
[891.421s][info][gc,stats       ] Concurrent Cleanup                20578 us
[891.421s][info][gc,stats       ] Concurrent Evacuation              4528 us
[891.421s][info][gc,stats       ] Pause Init  Update Refs (G)         489 us
[891.421s][info][gc,stats       ] Pause Init  Update Refs (N)         147 us
[891.421s][info][gc,stats       ]   Retire GCLABs                     122 us
[891.421s][info][gc,stats       ] Concurrent Update Refs            16693 us
[891.421s][info][gc,stats       ] Pause Final Update Refs (G)         796 us
[891.421s][info][gc,stats       ] Pause Final Update Refs (N)         210 us
[891.421s][info][gc,stats       ]   Update Roots                      116 us, parallelism: 1.04x
[891.421s][info][gc,stats       ]     UR: <total>                     121 us
[891.421s][info][gc,stats       ]     UR: Thread Roots                121 us, workers (us):  67,  27,  25,   1,   0,   0, ---, ---, ---, ---, ---, ---, ---, ---, ---, ---, ---, ---, ---, ---, ---, ---, ---, ---, 
[891.421s][info][gc,stats       ]   Update Region States               33 us
[891.421s][info][gc,stats       ]   Trash Collection Set               11 us
[891.421s][info][gc,stats       ]   Rebuild Free Set                   29 us
[891.421s][info][gc,stats       ] Concurrent Cleanup                  751 us
[891.421s][info][gc,stats       ] Pacing                            83606 us
[891.421s][info][gc,stats       ] 
[891.421s][info][gc,stats       ] Allocation pacing accrued:
[891.421s][info][gc,stats       ]      84 of   112 ms ( 74.5%): pl.nadoba.jvm.gc.benchmark.App.main()
[891.421s][info][gc,stats       ]      84 of   112 ms ( 74.5%): <total>
[891.421s][info][gc,stats       ]       8 of   112 ms (  7.4%): <average total>
[891.421s][info][gc,stats       ]      84 of   112 ms ( 74.5%): <average non-zero>
[891.421s][info][gc,stats       ] 
[891.421s][info][gc,metaspace   ] Metaspace: 24281K->24281K(1071104K)
[891.421s][info][gc,ergo        ] Pacer for Idle. Initial: 5242K, Alloc Tax Rate: 1.0x
[891.422s][info][gc             ] Trigger: Start next cycle immediately
[891.422s][info][gc,ergo        ] Free: 120M, Max: 256K regular, 83712K humongous, Frag: 32% external, 3% internal; Reserve: 13312K, Max: 256K
[891.422s][info][gc,start       ] GC(6702) Concurrent reset
[891.422s][info][gc,task        ] GC(6702) Using 6 of 24 workers for concurrent reset
[891.422s][info][gc,ergo        ] GC(6702) Pacer for Reset. Non-Taxable: 256M
[891.423s][info][gc             ] GC(6702) Concurrent reset 0.745ms
[891.423s][info][gc,start       ] GC(6702) Pause Init Mark (unload classes)
[891.423s][info][gc,task        ] GC(6702) Using 6 of 24 workers for init marking
[891.425s][info][gc,ergo        ] GC(6702) Pacer for Mark. Expected Live: 10663K, Free: 120M, Non-Taxable: 12324K, Alloc Tax Rate: 0.1x
[891.425s][info][gc             ] GC(6702) Pause Init Mark (unload classes) 1.718ms
[891.425s][info][gc,start       ] GC(6702) Concurrent marking (unload classes)
[891.425s][info][gc,task        ] GC(6702) Using 6 of 24 workers for concurrent marking
[891.495s][info][gc             ] GC(6702) Concurrent marking (unload classes) 70.132ms
[891.497s][info][gc,start       ] GC(6702) Pause Final Mark (unload classes)
[891.497s][info][gc,task        ] GC(6702) Using 6 of 24 workers for final marking
[891.554s][info][gc,stringtable ] GC(6702) Cleaned string and symbol table, strings: 8172 processed, 0 removed, symbols: 68000 processed, 0 removed
[891.554s][info][gc,ergo        ] GC(6702) Collectable Garbage: 108M (100%), Immediate: 107M (99%), CSet: 1003K (0%)
[891.557s][info][gc,ergo        ] GC(6702) Pacer for Evacuation. Used CSet: 4862K, Free: 182M, Non-Taxable: 18698K, Alloc Tax Rate: 1.1x
[891.557s][info][gc             ] GC(6702) Pause Final Mark (unload classes) 60.278ms
[891.557s][info][gc,start       ] GC(6702) Concurrent cleanup
[891.573s][info][gc             ] GC(6702) Concurrent cleanup 165M->79M(256M) 16.296ms
[891.573s][info][gc,ergo        ] GC(6702) Free: 160M, Max: 256K regular, 69376K humongous, Frag: 58% external, 1% internal; Reserve: 12544K, Max: 256K
[891.573s][info][gc,start       ] GC(6702) Concurrent evacuation
[891.573s][info][gc,task        ] GC(6702) Using 6 of 24 workers for concurrent evacuation
[891.577s][info][gc             ] GC(6702) Concurrent evacuation 3.662ms
[891.577s][info][gc,start       ] GC(6702) Pause Init Update Refs
[891.578s][info][gc,ergo        ] GC(6702) Pacer for Update Refs. Used: 85395K, Free: 160M, Non-Taxable: 16445K, Alloc Tax Rate: 1.1x
[891.578s][info][gc             ] GC(6702) Pause Init Update Refs 0.207ms
[891.578s][info][gc,start       ] GC(6702) Concurrent update references
[891.578s][info][gc,task        ] GC(6702) Using 6 of 24 workers for concurrent reference update
[891.594s][info][gc             ] GC(6702) Concurrent update references 16.058ms
[891.595s][info][gc,start       ] GC(6702) Pause Final Update Refs
[891.595s][info][gc,task        ] GC(6702) Using 6 of 24 workers for final reference update
[891.595s][info][gc             ] GC(6702) Pause Final Update Refs 0.246ms
[891.595s][info][gc,start       ] GC(6702) Concurrent cleanup
[891.596s][info][gc             ] GC(6702) Concurrent cleanup 150M->145M(256M) 0.840ms
[891.596s][info][gc             ] GC(6702) Dat log --- cycle is complete
Current gc epoch: 5436
heap: ______
capacity: 268435456
used: 152720848
committed: 268435456
bytes_allocated_since_gc_start: 150733328
hot_size: 0
cold_size: 2609014
num_regions: 1024
hot_region_count: 18446744073709407391
cold_region_count: 144243
histogram: Placeholder

[891.596s][info][gc             ] GC(6702) Obj count ac histogram
[891.596s][info][gc             ] GC(6702) 	0: 217010
[891.596s][info][gc             ] GC(6702) 	1: 15
[891.596s][info][gc             ] GC(6702) 	2: 2
[891.596s][info][gc             ] GC(6702) 	3: 0
[891.596s][info][gc             ] GC(6702) 	4: 0
[891.596s][info][gc             ] GC(6702) 	5: 0
[891.596s][info][gc             ] GC(6702) 	6: 0
[891.596s][info][gc             ] GC(6702) 	7: 0
[891.596s][info][gc             ] GC(6702) 	8: 0
[891.596s][info][gc             ] GC(6702) 	9: 0
[891.596s][info][gc             ] GC(6702) 	10: 0
[891.596s][info][gc             ] GC(6702) 	11: 0
[891.596s][info][gc             ] GC(6702) 	12: 0
[891.596s][info][gc             ] GC(6702) 	13: 0
[891.596s][info][gc             ] GC(6702) 	14: 0
[891.596s][info][gc             ] GC(6702) 	15: 0
[891.596s][info][gc             ] GC(6702) 	16: 0
[891.596s][info][gc             ] GC(6702) 	17: 0
[891.596s][info][gc             ] GC(6702) 	18: 0
[891.596s][info][gc             ] GC(6702) 	19: 0
[891.596s][info][gc             ] GC(6702) Obj size ac histogram
[891.596s][info][gc             ] GC(6702) 	0: 1898604
[891.596s][info][gc             ] GC(6702) 	1: 720
[891.596s][info][gc             ] GC(6702) 	2: 14
[891.596s][info][gc             ] GC(6702) 	3: 0
[891.596s][info][gc             ] GC(6702) 	4: 0
[891.596s][info][gc             ] GC(6702) 	5: 0
[891.596s][info][gc             ] GC(6702) 	6: 0
[891.596s][info][gc             ] GC(6702) 	7: 0
[891.596s][info][gc             ] GC(6702) 	8: 0
[891.596s][info][gc             ] GC(6702) 	9: 0
[891.596s][info][gc             ] GC(6702) 	10: 0
[891.596s][info][gc             ] GC(6702) 	11: 0
[891.596s][info][gc             ] GC(6702) 	12: 0
[891.596s][info][gc             ] GC(6702) 	13: 0
[891.596s][info][gc             ] GC(6702) 	14: 0
[891.596s][info][gc             ] GC(6702) 	15: 0
[891.596s][info][gc             ] GC(6702) 	16: 0
[891.596s][info][gc             ] GC(6702) 	17: 0
[891.596s][info][gc             ] GC(6702) 	18: 0
[891.596s][info][gc             ] GC(6702) 	19: 0
[891.596s][info][gc,ergo        ] Free: 89963K, Max: 256K regular, 63488K humongous, Frag: 30% external, 4% internal; Reserve: 13312K, Max: 256K
[891.596s][info][gc,stats       ] 
[891.596s][info][gc,stats       ] All times are wall-clock times, except per-root-class counters, that are sum over
[891.596s][info][gc,stats       ] all workers. Dividing the <total> over the root stage time estimates parallelism.
[891.596s][info][gc,stats       ] 
[891.596s][info][gc,stats       ] Concurrent Reset                    728 us
[891.596s][info][gc,stats       ] Pause Init Mark (G)                2040 us
[891.596s][info][gc,stats       ] Pause Init Mark (N)                1675 us
[891.596s][info][gc,stats       ]   Accumulate Stats                    6 us
[891.596s][info][gc,stats       ]   Make Parsable                      52 us
[891.596s][info][gc,stats       ]   Update Region States               16 us
[891.596s][info][gc,stats       ]   Scan Roots                        757 us, parallelism: 1.53x
[891.596s][info][gc,stats       ]     S: <total>                     1155 us
[891.596s][info][gc,stats       ]     S: Thread Roots                 424 us, workers (us):  51,   2,   4,  37,  97, 234, ---, ---, ---, ---, ---, ---, ---, ---, ---, ---, ---, ---, ---, ---, ---, ---, ---, ---, 
[891.596s][info][gc,stats       ]     S: Universe Roots                20 us, workers (us):  20, ---, ---, ---, ---, ---, ---, ---, ---, ---, ---, ---, ---, ---, ---, ---, ---, ---, ---, ---, ---, ---, ---, ---, 
[891.596s][info][gc,stats       ]     S: JNI Handles Roots             11 us, workers (us):  11, ---, ---, ---, ---, ---, ---, ---, ---, ---, ---, ---, ---, ---, ---, ---, ---, ---, ---, ---, ---, ---, ---, ---, 
[891.596s][info][gc,stats       ]     S: Synchronizer Roots             0 us, workers (us): ---,   0, ---, ---, ---, ---, ---, ---, ---, ---, ---, ---, ---, ---, ---, ---, ---, ---, ---, ---, ---, ---, ---, ---, 
[891.596s][info][gc,stats       ]     S: Management Roots              13 us, workers (us): ---,  13, ---, ---, ---, ---, ---, ---, ---, ---, ---, ---, ---, ---, ---, ---, ---, ---, ---, ---, ---, ---, ---, ---, 
[891.596s][info][gc,stats       ]     S: System Dict Roots             50 us, workers (us): ---, ---,  50, ---, ---, ---, ---, ---, ---, ---, ---, ---, ---, ---, ---, ---, ---, ---, ---, ---, ---, ---, ---, ---, 
[891.596s][info][gc,stats       ]     S: CLDG Roots                   636 us, workers (us): ---, 617, ---,  10,  10, ---, ---, ---, ---, ---, ---, ---, ---, ---, ---, ---, ---, ---, ---, ---, ---, ---, ---, ---, 
[891.596s][info][gc,stats       ]     S: JVMTI Roots                    1 us, workers (us):   1, ---, ---, ---, ---, ---, ---, ---, ---, ---, ---, ---, ---, ---, ---, ---, ---, ---, ---, ---, ---, ---, ---, ---, 
[891.596s][info][gc,stats       ]   Resize TLABs                        4 us
[891.596s][info][gc,stats       ] Concurrent Marking                70087 us
[891.596s][info][gc,stats       ] Pause Final Mark (G)              62209 us
[891.596s][info][gc,stats       ] Pause Final Mark (N)              60222 us
[891.596s][info][gc,stats       ]   Finish Queues                     216 us
[891.596s][info][gc,stats       ]   System Purge                      227 us
[891.596s][info][gc,stats       ]     Unload Classes                  100 us
[891.596s][info][gc,stats       ]     Cleanup                       56565 us, parallelism: 1.67x
[891.596s][info][gc,stats       ]       CU: <total>                 94722 us
[891.596s][info][gc,stats       ]       CU: Code Cache Roots        75838 us, workers (us): 12544, 12639, 12724, 12937, 12495, 12498, ---, ---, ---, ---, ---, ---, ---, ---, ---, ---, ---, ---, ---, ---, ---, ---, ---, ---, 
[891.596s][info][gc,stats       ]       CU: Code Cache Cleaning      4593 us, workers (us): 730, 733, 732, 953, 732, 713, ---, ---, ---, ---, ---, ---, ---, ---, ---, ---, ---, ---, ---, ---, ---, ---, ---, ---, 
[891.596s][info][gc,stats       ]       CU: String Table Roots       3308 us, workers (us): 673, 568, 482, 264, 663, 658, ---, ---, ---, ---, ---, ---, ---, ---, ---, ---, ---, ---, ---, ---, ---, ---, ---, ---, 
[891.596s][info][gc,stats       ]       CU: Resolved Table Roots       20 us, workers (us):   0,   0,   0,   0,   0,  19, ---, ---, ---, ---, ---, ---, ---, ---, ---, ---, ---, ---, ---, ---, ---, ---, ---, ---, 
[891.596s][info][gc,stats       ]       CU: CLDG Roots              10963 us, workers (us): 1855, 1878, 1888, 1617, 1840, 1885, ---, ---, ---, ---, ---, ---, ---, ---, ---, ---, ---, ---, ---, ---, ---, ---, ---, ---, 
[891.596s][info][gc,stats       ]     Weak Roots                      226 us
[891.596s][info][gc,stats       ]     CLDG                              1 us
[891.596s][info][gc,stats       ]   Update Region States               23 us
[891.596s][info][gc,stats       ]   Retire TLABs                       44 us
[891.596s][info][gc,stats       ]   Choose Collection Set             301 us
[891.596s][info][gc,stats       ]   Rebuild Free Set                   14 us
[891.596s][info][gc,stats       ]   Initial Evacuation               2541 us, parallelism: 2.27x
[891.596s][info][gc,stats       ]     E: <total>                     5762 us
[891.596s][info][gc,stats       ]     E: Thread Roots                 162 us, workers (us):   1,   1,  85,   1,   2,  72, ---, ---, ---, ---, ---, ---, ---, ---, ---, ---, ---, ---, ---, ---, ---, ---, ---, ---, 
[891.596s][info][gc,stats       ]     E: Code Cache Roots            4791 us, workers (us): 961, 573, 328, 1321, 884, 724, ---, ---, ---, ---, ---, ---, ---, ---, ---, ---, ---, ---, ---, ---, ---, ---, ---, ---, 
[891.596s][info][gc,stats       ]     E: Universe Roots                12 us, workers (us):  12, ---, ---, ---, ---, ---, ---, ---, ---, ---, ---, ---, ---, ---, ---, ---, ---, ---, ---, ---, ---, ---, ---, ---, 
[891.596s][info][gc,stats       ]     E: JNI Handles Roots              2 us, workers (us):   2, ---, ---, ---, ---, ---, ---, ---, ---, ---, ---, ---, ---, ---, ---, ---, ---, ---, ---, ---, ---, ---, ---, ---, 
[891.596s][info][gc,stats       ]     E: Synchronizer Roots             0 us, workers (us): ---,   0, ---, ---, ---, ---, ---, ---, ---, ---, ---, ---, ---, ---, ---, ---, ---, ---, ---, ---, ---, ---, ---, ---, 
[891.596s][info][gc,stats       ]     E: Management Roots              13 us, workers (us): ---, ---,  13, ---, ---, ---, ---, ---, ---, ---, ---, ---, ---, ---, ---, ---, ---, ---, ---, ---, ---, ---, ---, ---, 
[891.596s][info][gc,stats       ]     E: System Dict Roots             19 us, workers (us): ---,  19, ---, ---, ---, ---, ---, ---, ---, ---, ---, ---, ---, ---, ---, ---, ---, ---, ---, ---, ---, ---, ---, ---, 
[891.596s][info][gc,stats       ]     E: CLDG Roots                   761 us, workers (us):  53, 314, 394, ---, ---, ---, ---, ---, ---, ---, ---, ---, ---, ---, ---, ---, ---, ---, ---, ---, ---, ---, ---, ---, 
[891.596s][info][gc,stats       ]     E: JVMTI Roots                    1 us, workers (us):   1, ---, ---, ---, ---, ---, ---, ---, ---, ---, ---, ---, ---, ---, ---, ---, ---, ---, ---, ---, ---, ---, ---, ---, 
[891.596s][info][gc,stats       ] Concurrent Cleanup                16238 us
[891.596s][info][gc,stats       ] Concurrent Evacuation              3650 us
[891.596s][info][gc,stats       ] Pause Init  Update Refs (G)         483 us
[891.596s][info][gc,stats       ] Pause Init  Update Refs (N)         144 us
[891.596s][info][gc,stats       ]   Retire GCLABs                     129 us
[891.596s][info][gc,stats       ] Concurrent Update Refs            16018 us
[891.596s][info][gc,stats       ] Pause Final Update Refs (G)        1263 us
[891.596s][info][gc,stats       ] Pause Final Update Refs (N)         201 us
[891.596s][info][gc,stats       ]   Update Roots                      136 us, parallelism: 1.59x
[891.596s][info][gc,stats       ]     UR: <total>                     218 us
[891.596s][info][gc,stats       ]     UR: Thread Roots                218 us, workers (us):  94,  56,  26,  29,   7,   6, ---, ---, ---, ---, ---, ---, ---, ---, ---, ---, ---, ---, ---, ---, ---, ---, ---, ---, 
[891.596s][info][gc,stats       ]   Update Region States               22 us
[891.596s][info][gc,stats       ]   Trash Collection Set                7 us
[891.596s][info][gc,stats       ]   Rebuild Free Set                   19 us
[891.596s][info][gc,stats       ] Concurrent Cleanup                  771 us
[891.596s][info][gc,stats       ] Pacing                            82713 us
[891.596s][info][gc,stats       ] 
[891.596s][info][gc,stats       ] Allocation pacing accrued:
[891.597s][info][gc,stats       ]      83 of   176 ms ( 47.0%): pl.nadoba.jvm.gc.benchmark.App.main()
[891.597s][info][gc,stats       ]      83 of   176 ms ( 47.0%): <total>
[891.597s][info][gc,stats       ]       8 of   176 ms (  4.7%): <average total>
[891.597s][info][gc,stats       ]      83 of   176 ms ( 47.0%): <average non-zero>
[891.597s][info][gc,stats       ] 
[891.597s][info][gc,metaspace   ] Metaspace: 24281K->24281K(1071104K)
[891.597s][info][gc,ergo        ] Pacer for Idle. Initial: 5242K, Alloc Tax Rate: 1.0x
[891.598s][info][gc             ] Trigger: Start next cycle immediately
[891.598s][info][gc,ergo        ] Free: 89963K, Max: 256K regular, 63488K humongous, Frag: 30% external, 4% internal; Reserve: 13312K, Max: 256K
[891.598s][info][gc,start       ] GC(6703) Concurrent reset
[891.598s][info][gc,task        ] GC(6703) Using 6 of 24 workers for concurrent reset
[891.598s][info][gc,ergo        ] GC(6703) Pacer for Reset. Non-Taxable: 256M
[891.598s][info][gc             ] GC(6703) Concurrent reset 0.627ms
[891.599s][info][gc,start       ] GC(6703) Pause Init Mark
[891.599s][info][gc,task        ] GC(6703) Using 6 of 24 workers for init marking
[891.602s][info][gc,ergo        ] GC(6703) Pacer for Mark. Expected Live: 9230K, Free: 89963K, Non-Taxable: 8996K, Alloc Tax Rate: 0.1x
[891.602s][info][gc             ] GC(6703) Pause Init Mark 3.279ms
[891.602s][info][gc,start       ] GC(6703) Concurrent marking
[891.602s][info][gc,task        ] GC(6703) Using 6 of 24 workers for concurrent marking
[891.670s][info][gc             ] GC(6703) Concurrent marking 67.677ms
[891.672s][info][gc,start       ] GC(6703) Pause Final Mark
[891.672s][info][gc,task        ] GC(6703) Using 6 of 24 workers for final marking
[891.673s][info][gc,ergo        ] GC(6703) Collectable Garbage: 139M (100%), Immediate: 138M (99%), CSet: 1004K (0%)
[891.676s][info][gc,ergo        ] GC(6703) Pacer for Evacuation. Used CSet: 4864K, Free: 175M, Non-Taxable: 18007K, Alloc Tax Rate: 1.1x
[891.676s][info][gc             ] GC(6703) Pause Final Mark 4.390ms
[891.676s][info][gc,start       ] GC(6703) Concurrent cleanup
[891.696s][info][gc             ] GC(6703) Concurrent cleanup 203M->84M(256M) 19.780ms
[891.696s][info][gc,ergo        ] GC(6703) Free: 155M, Max: 256K regular, 106M humongous, Frag: 32% external, 1% internal; Reserve: 12670K, Max: 256K
[891.696s][info][gc,start       ] GC(6703) Concurrent evacuation
[891.696s][info][gc,task        ] GC(6703) Using 6 of 24 workers for concurrent evacuation
[891.700s][info][gc             ] GC(6703) Concurrent evacuation 3.960ms
[891.700s][info][gc,start       ] GC(6703) Pause Init Update Refs
[891.701s][info][gc,ergo        ] GC(6703) Pacer for Update Refs. Used: 90516K, Free: 155M, Non-Taxable: 15959K, Alloc Tax Rate: 1.1x
[891.701s][info][gc             ] GC(6703) Pause Init Update Refs 0.242ms
[891.701s][info][gc,start       ] GC(6703) Concurrent update references
[891.701s][info][gc,task        ] GC(6703) Using 6 of 24 workers for concurrent reference update
[891.717s][info][gc             ] GC(6703) Concurrent update references 16.805ms
[891.719s][info][gc,start       ] GC(6703) Pause Final Update Refs
[891.719s][info][gc,task        ] GC(6703) Using 6 of 24 workers for final reference update
[891.719s][info][gc             ] GC(6703) Pause Final Update Refs 0.329ms
[891.719s][info][gc,start       ] GC(6703) Concurrent cleanup
[891.720s][info][gc             ] GC(6703) Concurrent cleanup 146M->148M(256M) 0.845ms
[891.720s][info][gc             ] GC(6703) Dat log --- cycle is complete
Current gc epoch: 5437
heap: ______
capacity: 268435456
used: 155866416
committed: 268435456
bytes_allocated_since_gc_start: 152568336
hot_size: 0
cold_size: 3192702
num_regions: 1024
hot_region_count: 18446744073709407373
cold_region_count: 144261
histogram: Placeholder

[891.720s][info][gc             ] GC(6703) Obj count ac histogram
[891.720s][info][gc             ] GC(6703) 	0: 215309
[891.720s][info][gc             ] GC(6703) 	1: 15
[891.720s][info][gc             ] GC(6703) 	2: 2
[891.720s][info][gc             ] GC(6703) 	3: 0
[891.720s][info][gc             ] GC(6703) 	4: 0
[891.720s][info][gc             ] GC(6703) 	5: 0
[891.720s][info][gc             ] GC(6703) 	6: 0
[891.720s][info][gc             ] GC(6703) 	7: 0
[891.720s][info][gc             ] GC(6703) 	8: 0
[891.720s][info][gc             ] GC(6703) 	9: 0
[891.720s][info][gc             ] GC(6703) 	10: 0
[891.720s][info][gc             ] GC(6703) 	11: 0
[891.720s][info][gc             ] GC(6703) 	12: 0
[891.720s][info][gc             ] GC(6703) 	13: 0
[891.720s][info][gc             ] GC(6703) 	14: 0
[891.720s][info][gc             ] GC(6703) 	15: 0
[891.720s][info][gc             ] GC(6703) 	16: 0
[891.720s][info][gc             ] GC(6703) 	17: 0
[891.720s][info][gc             ] GC(6703) 	18: 0
[891.720s][info][gc             ] GC(6703) 	19: 0
[891.720s][info][gc             ] GC(6703) Obj size ac histogram
[891.720s][info][gc             ] GC(6703) 	0: 1398190
[891.720s][info][gc             ] GC(6703) 	1: 720
[891.720s][info][gc             ] GC(6703) 	2: 14
[891.720s][info][gc             ] GC(6703) 	3: 0
[891.720s][info][gc             ] GC(6703) 	4: 0
[891.720s][info][gc             ] GC(6703) 	5: 0
[891.720s][info][gc             ] GC(6703) 	6: 0
[891.721s][info][gc             ] GC(6703) 	7: 0
[891.721s][info][gc             ] GC(6703) 	8: 0
[891.721s][info][gc             ] GC(6703) 	9: 0
[891.721s][info][gc             ] GC(6703) 	10: 0
[891.721s][info][gc             ] GC(6703) 	11: 0
[891.721s][info][gc             ] GC(6703) 	12: 0
[891.721s][info][gc             ] GC(6703) 	13: 0
[891.721s][info][gc             ] GC(6703) 	14: 0
[891.721s][info][gc             ] GC(6703) 	15: 0
[891.721s][info][gc             ] GC(6703) 	16: 0
[891.721s][info][gc             ] GC(6703) 	17: 0
[891.721s][info][gc             ] GC(6703) 	18: 0
[891.721s][info][gc             ] GC(6703) 	19: 0
[891.721s][info][gc,ergo        ] Free: 90475K, Max: 256K regular, 39168K humongous, Frag: 57% external, 4% internal; Reserve: 13312K, Max: 256K
[891.721s][info][gc,stats       ] 
[891.721s][info][gc,stats       ] All times are wall-clock times, except per-root-class counters, that are sum over
[891.721s][info][gc,stats       ] all workers. Dividing the <total> over the root stage time estimates parallelism.
[891.721s][info][gc,stats       ] 
[891.721s][info][gc,stats       ] Concurrent Reset                    611 us
[891.721s][info][gc,stats       ] Pause Init Mark (G)                3600 us
[891.721s][info][gc,stats       ] Pause Init Mark (N)                3210 us
[891.721s][info][gc,stats       ]   Accumulate Stats                    6 us
[891.721s][info][gc,stats       ]   Make Parsable                      43 us
[891.721s][info][gc,stats       ]   Update Region States               15 us
[891.721s][info][gc,stats       ]   Scan Roots                       2382 us, parallelism: 1.74x
[891.721s][info][gc,stats       ]     S: <total>                     4155 us
[891.721s][info][gc,stats       ]     S: Thread Roots                 481 us, workers (us):   1, 100,  80,   2,   1, 295, ---, ---, ---, ---, ---, ---, ---, ---, ---, ---, ---, ---, ---, ---, ---, ---, ---, ---, 
[891.721s][info][gc,stats       ]     S: Universe Roots                17 us, workers (us):  17, ---, ---, ---, ---, ---, ---, ---, ---, ---, ---, ---, ---, ---, ---, ---, ---, ---, ---, ---, ---, ---, ---, ---, 
[891.721s][info][gc,stats       ]     S: JNI Handles Roots             23 us, workers (us): ---, ---,  23, ---, ---, ---, ---, ---, ---, ---, ---, ---, ---, ---, ---, ---, ---, ---, ---, ---, ---, ---, ---, ---, 
[891.721s][info][gc,stats       ]     S: Synchronizer Roots             1 us, workers (us): ---,   1, ---, ---, ---, ---, ---, ---, ---, ---, ---, ---, ---, ---, ---, ---, ---, ---, ---, ---, ---, ---, ---, ---, 
[891.721s][info][gc,stats       ]     S: Management Roots               3 us, workers (us): ---,   3, ---, ---, ---, ---, ---, ---, ---, ---, ---, ---, ---, ---, ---, ---, ---, ---, ---, ---, ---, ---, ---, ---, 
[891.721s][info][gc,stats       ]     S: System Dict Roots             62 us, workers (us): ---,  62, ---, ---, ---, ---, ---, ---, ---, ---, ---, ---, ---, ---, ---, ---, ---, ---, ---, ---, ---, ---, ---, ---, 
[891.721s][info][gc,stats       ]     S: CLDG Roots                  3569 us, workers (us): 1167, ---, ---, 211, 2190, ---, ---, ---, ---, ---, ---, ---, ---, ---, ---, ---, ---, ---, ---, ---, ---, ---, ---, ---, 
[891.721s][info][gc,stats       ]     S: JVMTI Roots                    1 us, workers (us): ---, ---,   1, ---, ---, ---, ---, ---, ---, ---, ---, ---, ---, ---, ---, ---, ---, ---, ---, ---, ---, ---, ---, ---, 
[891.721s][info][gc,stats       ]   Resize TLABs                        7 us
[891.721s][info][gc,stats       ] Concurrent Marking                67641 us
[891.721s][info][gc,stats       ] Pause Final Mark (G)               6566 us
[891.721s][info][gc,stats       ] Pause Final Mark (N)               4335 us
[891.721s][info][gc,stats       ]   Finish Queues                     204 us
[891.721s][info][gc,stats       ]   System Purge                      260 us
[891.721s][info][gc,stats       ]     Weak Roots                      259 us
[891.721s][info][gc,stats       ]   Update Region States               39 us
[891.721s][info][gc,stats       ]   Retire TLABs                       52 us
[891.721s][info][gc,stats       ]   Choose Collection Set             644 us
[891.721s][info][gc,stats       ]   Rebuild Free Set                   38 us
[891.721s][info][gc,stats       ]   Initial Evacuation               3073 us, parallelism: 1.59x
[891.721s][info][gc,stats       ]     E: <total>                     4893 us
[891.721s][info][gc,stats       ]     E: Thread Roots                 133 us, workers (us):  83,   1,   1,  46,   1,   1, ---, ---, ---, ---, ---, ---, ---, ---, ---, ---, ---, ---, ---, ---, ---, ---, ---, ---, 
[891.721s][info][gc,stats       ]     E: Code Cache Roots            3513 us, workers (us): 611, 889, 277, 638, 606, 492, ---, ---, ---, ---, ---, ---, ---, ---, ---, ---, ---, ---, ---, ---, ---, ---, ---, ---, 
[891.721s][info][gc,stats       ]     E: Universe Roots                 4 us, workers (us):   4, ---, ---, ---, ---, ---, ---, ---, ---, ---, ---, ---, ---, ---, ---, ---, ---, ---, ---, ---, ---, ---, ---, ---, 
[891.721s][info][gc,stats       ]     E: JNI Handles Roots              2 us, workers (us):   2, ---, ---, ---, ---, ---, ---, ---, ---, ---, ---, ---, ---, ---, ---, ---, ---, ---, ---, ---, ---, ---, ---, ---, 
[891.721s][info][gc,stats       ]     E: Synchronizer Roots             0 us, workers (us):   0, ---, ---, ---, ---, ---, ---, ---, ---, ---, ---, ---, ---, ---, ---, ---, ---, ---, ---, ---, ---, ---, ---, ---, 
[891.721s][info][gc,stats       ]     E: Management Roots               2 us, workers (us):   2, ---, ---, ---, ---, ---, ---, ---, ---, ---, ---, ---, ---, ---, ---, ---, ---, ---, ---, ---, ---, ---, ---, ---, 
[891.721s][info][gc,stats       ]     E: System Dict Roots              9 us, workers (us):   9, ---, ---, ---, ---, ---, ---, ---, ---, ---, ---, ---, ---, ---, ---, ---, ---, ---, ---, ---, ---, ---, ---, ---, 
[891.721s][info][gc,stats       ]     E: CLDG Roots                  1228 us, workers (us): ---, ---, 607, ---,  78, 544, ---, ---, ---, ---, ---, ---, ---, ---, ---, ---, ---, ---, ---, ---, ---, ---, ---, ---, 
[891.721s][info][gc,stats       ]     E: JVMTI Roots                    1 us, workers (us):   1, ---, ---, ---, ---, ---, ---, ---, ---, ---, ---, ---, ---, ---, ---, ---, ---, ---, ---, ---, ---, ---, ---, ---, 
[891.721s][info][gc,stats       ] Concurrent Cleanup                19732 us
[891.721s][info][gc,stats       ] Concurrent Evacuation              3948 us
[891.721s][info][gc,stats       ] Pause Init  Update Refs (G)         573 us
[891.721s][info][gc,stats       ] Pause Init  Update Refs (N)         189 us
[891.721s][info][gc,stats       ]   Retire GCLABs                     162 us
[891.721s][info][gc,stats       ] Concurrent Update Refs            16788 us
[891.721s][info][gc,stats       ] Pause Final Update Refs (G)        1948 us
[891.721s][info][gc,stats       ] Pause Final Update Refs (N)         267 us
[891.721s][info][gc,stats       ]   Update Roots                      172 us, parallelism: 1.18x
[891.721s][info][gc,stats       ]     UR: <total>                     202 us
[891.721s][info][gc,stats       ]     UR: Thread Roots                202 us, workers (us):  90,  30,  26,   8,   6,  42, ---, ---, ---, ---, ---, ---, ---, ---, ---, ---, ---, ---, ---, ---, ---, ---, ---, ---, 
[891.721s][info][gc,stats       ]   Update Region States               30 us
[891.721s][info][gc,stats       ]   Trash Collection Set               11 us
[891.721s][info][gc,stats       ]   Rebuild Free Set                   31 us
[891.721s][info][gc,stats       ] Concurrent Cleanup                  795 us
[891.721s][info][gc,stats       ] Pacing                            87146 us
[891.721s][info][gc,stats       ] 
[891.721s][info][gc,stats       ] Allocation pacing accrued:
[891.721s][info][gc,stats       ]      87 of   125 ms ( 69.8%): pl.nadoba.jvm.gc.benchmark.App.main()
[891.721s][info][gc,stats       ]      87 of   125 ms ( 69.8%): <total>
[891.721s][info][gc,stats       ]       9 of   125 ms (  7.0%): <average total>
[891.721s][info][gc,stats       ]      87 of   125 ms ( 69.8%): <average non-zero>
[891.721s][info][gc,stats       ] 
[891.722s][info][gc,metaspace   ] Metaspace: 24281K->24281K(1071104K)
[891.722s][info][gc,ergo        ] Pacer for Idle. Initial: 5242K, Alloc Tax Rate: 1.0x
[891.723s][info][gc             ] Trigger: Start next cycle immediately
[891.723s][info][gc,ergo        ] Free: 81003K, Max: 256K regular, 29696K humongous, Frag: 64% external, 4% internal; Reserve: 13312K, Max: 256K
[891.723s][info][gc,start       ] GC(6704) Concurrent reset
[891.723s][info][gc,task        ] GC(6704) Using 6 of 24 workers for concurrent reset
[891.723s][info][gc,ergo        ] GC(6704) Pacer for Reset. Non-Taxable: 256M
[891.723s][info][gc             ] GC(6704) Concurrent reset 0.813ms
[891.724s][info][gc,start       ] GC(6704) Pause Init Mark (process weakrefs)
[891.724s][info][gc,task        ] GC(6704) Using 6 of 24 workers for init marking
[891.728s][info][gc,ergo        ] GC(6704) Pacer for Mark. Expected Live: 9230K, Free: 77675K, Non-Taxable: 7767K, Alloc Tax Rate: 0.1x
[891.728s][info][gc             ] GC(6704) Pause Init Mark (process weakrefs) 3.668ms
[891.728s][info][gc,start       ] GC(6704) Concurrent marking (process weakrefs)
[891.728s][info][gc,task        ] GC(6704) Using 6 of 24 workers for concurrent marking
[891.796s][info][gc             ] GC(6704) Concurrent marking (process weakrefs) 68.191ms
[891.796s][info][gc,start       ] GC(6704) Concurrent precleaning
[891.796s][info][gc,task        ] GC(6704) Using 1 of 24 workers for concurrent preclean
[891.796s][info][gc,ergo        ] GC(6704) Pacer for Precleaning. Non-Taxable: 256M
[891.798s][info][gc             ] GC(6704) Concurrent precleaning 2.318ms
[891.799s][info][gc,start       ] GC(6704) Pause Final Mark (process weakrefs)
[891.799s][info][gc,task        ] GC(6704) Using 6 of 24 workers for final marking
[891.800s][info][gc,ergo        ] GC(6704) Collectable Garbage: 149M (100%), Immediate: 148M (99%), CSet: 1004K (0%)
[891.803s][info][gc,ergo        ] GC(6704) Pacer for Evacuation. Used CSet: 4864K, Free: 182M, Non-Taxable: 18724K, Alloc Tax Rate: 1.1x
[891.803s][info][gc             ] GC(6704) Pause Final Mark (process weakrefs) 4.739ms
[891.804s][info][gc,start       ] GC(6704) Concurrent cleanup
[891.825s][info][gc             ] GC(6704) Concurrent cleanup 206M->83M(256M) 21.741ms
[891.825s][info][gc,ergo        ] GC(6704) Free: 156M, Max: 256K regular, 71936K humongous, Frag: 55% external, 1% internal; Reserve: 12541K, Max: 256K
[891.825s][info][gc,start       ] GC(6704) Concurrent evacuation
[891.825s][info][gc,task        ] GC(6704) Using 6 of 24 workers for concurrent evacuation
[891.830s][info][gc             ] GC(6704) Concurrent evacuation 4.179ms
[891.830s][info][gc,start       ] GC(6704) Pause Init Update Refs
[891.830s][info][gc,ergo        ] GC(6704) Pacer for Update Refs. Used: 89749K, Free: 156M, Non-Taxable: 15985K, Alloc Tax Rate: 1.1x
[891.830s][info][gc             ] GC(6704) Pause Init Update Refs 0.260ms
[891.830s][info][gc,start       ] GC(6704) Concurrent update references
[891.830s][info][gc,task        ] GC(6704) Using 6 of 24 workers for concurrent reference update
[891.848s][info][gc             ] GC(6704) Concurrent update references 18.311ms
[891.850s][info][gc,start       ] GC(6704) Pause Final Update Refs
[891.850s][info][gc,task        ] GC(6704) Using 6 of 24 workers for final reference update
[891.850s][info][gc             ] GC(6704) Pause Final Update Refs 0.306ms
[891.850s][info][gc,start       ] GC(6704) Concurrent cleanup
[891.851s][info][gc             ] GC(6704) Concurrent cleanup 137M->132M(256M) 0.923ms
[891.851s][info][gc             ] GC(6704) Dat log --- cycle is complete
Current gc epoch: 5438
heap: ______
capacity: 268435456
used: 139351440
committed: 268435456
bytes_allocated_since_gc_start: 136577552
hot_size: 0
cold_size: 2930562
num_regions: 1024
hot_region_count: 18446744073709407355
cold_region_count: 144280
histogram: Placeholder

[891.851s][info][gc             ] GC(6704) Obj count ac histogram
[891.851s][info][gc             ] GC(6704) 	0: 215949
[891.851s][info][gc             ] GC(6704) 	1: 15
[891.851s][info][gc             ] GC(6704) 	2: 4509
[891.851s][info][gc             ] GC(6704) 	3: 4270
[891.851s][info][gc             ] GC(6704) 	4: 871
[891.851s][info][gc             ] GC(6704) 	5: 15
[891.851s][info][gc             ] GC(6704) 	6: 0
[891.851s][info][gc             ] GC(6704) 	7: 0
[891.851s][info][gc             ] GC(6704) 	8: 0
[891.851s][info][gc             ] GC(6704) 	9: 0
[891.851s][info][gc             ] GC(6704) 	10: 0
[891.852s][info][gc             ] GC(6704) 	11: 0
[891.852s][info][gc             ] GC(6704) 	12: 0
[891.852s][info][gc             ] GC(6704) 	13: 0
[891.852s][info][gc             ] GC(6704) 	14: 0
[891.852s][info][gc             ] GC(6704) 	15: 0
[891.852s][info][gc             ] GC(6704) 	16: 0
[891.852s][info][gc             ] GC(6704) 	17: 0
[891.852s][info][gc             ] GC(6704) 	18: 0
[891.852s][info][gc             ] GC(6704) 	19: 0
[891.852s][info][gc             ] GC(6704) Obj size ac histogram
[891.852s][info][gc             ] GC(6704) 	0: 1739100
[891.852s][info][gc             ] GC(6704) 	1: 720
[891.852s][info][gc             ] GC(6704) 	2: 65757
[891.852s][info][gc             ] GC(6704) 	3: 40646
[891.852s][info][gc             ] GC(6704) 	4: 5379
[891.852s][info][gc             ] GC(6704) 	5: 150
[891.852s][info][gc             ] GC(6704) 	6: 0
[891.852s][info][gc             ] GC(6704) 	7: 0
[891.852s][info][gc             ] GC(6704) 	8: 0
[891.852s][info][gc             ] GC(6704) 	9: 0
[891.852s][info][gc             ] GC(6704) 	10: 0
[891.852s][info][gc             ] GC(6704) 	11: 0
[891.852s][info][gc             ] GC(6704) 	12: 0
[891.852s][info][gc             ] GC(6704) 	13: 0
[891.852s][info][gc             ] GC(6704) 	14: 0
[891.852s][info][gc             ] GC(6704) 	15: 0
[891.852s][info][gc             ] GC(6704) 	16: 0
[891.852s][info][gc             ] GC(6704) 	17: 0
[891.852s][info][gc             ] GC(6704) 	18: 0
[891.852s][info][gc             ] GC(6704) 	19: 0
[891.852s][info][gc,ergo        ] Free: 100M, Max: 256K regular, 40192K humongous, Frag: 61% external, 3% internal; Reserve: 13312K, Max: 256K
[891.852s][info][gc,stats       ] 
[891.852s][info][gc,stats       ] All times are wall-clock times, except per-root-class counters, that are sum over
[891.852s][info][gc,stats       ] all workers. Dividing the <total> over the root stage time estimates parallelism.
[891.852s][info][gc,stats       ] 
[891.852s][info][gc,stats       ] Concurrent Reset                    796 us
[891.852s][info][gc,stats       ] Pause Init Mark (G)                4389 us
[891.852s][info][gc,stats       ] Pause Init Mark (N)                3614 us
[891.852s][info][gc,stats       ]   Accumulate Stats                    7 us
[891.852s][info][gc,stats       ]   Make Parsable                      56 us
[891.852s][info][gc,stats       ]   Update Region States               28 us
[891.852s][info][gc,stats       ]   Scan Roots                       2569 us, parallelism: 1.86x
[891.852s][info][gc,stats       ]     S: <total>                     4769 us
[891.852s][info][gc,stats       ]     S: Thread Roots                 484 us, workers (us):  81,   1, 122,   1,   2, 276, ---, ---, ---, ---, ---, ---, ---, ---, ---, ---, ---, ---, ---, ---, ---, ---, ---, ---, 
[891.852s][info][gc,stats       ]     S: Universe Roots                33 us, workers (us):  33, ---, ---, ---, ---, ---, ---, ---, ---, ---, ---, ---, ---, ---, ---, ---, ---, ---, ---, ---, ---, ---, ---, ---, 
[891.852s][info][gc,stats       ]     S: JNI Handles Roots             32 us, workers (us): ---, ---,  32, ---, ---, ---, ---, ---, ---, ---, ---, ---, ---, ---, ---, ---, ---, ---, ---, ---, ---, ---, ---, ---, 
[891.852s][info][gc,stats       ]     S: Synchronizer Roots             0 us, workers (us):   0, ---, ---, ---, ---, ---, ---, ---, ---, ---, ---, ---, ---, ---, ---, ---, ---, ---, ---, ---, ---, ---, ---, ---, 
[891.852s][info][gc,stats       ]     S: Management Roots               2 us, workers (us):   2, ---, ---, ---, ---, ---, ---, ---, ---, ---, ---, ---, ---, ---, ---, ---, ---, ---, ---, ---, ---, ---, ---, ---, 
[891.852s][info][gc,stats       ]     S: System Dict Roots             48 us, workers (us):  48, ---, ---, ---, ---, ---, ---, ---, ---, ---, ---, ---, ---, ---, ---, ---, ---, ---, ---, ---, ---, ---, ---, ---, 
[891.852s][info][gc,stats       ]     S: CLDG Roots                  4169 us, workers (us): ---, 230, ---, 1581, 2358, ---, ---, ---, ---, ---, ---, ---, ---, ---, ---, ---, ---, ---, ---, ---, ---, ---, ---, ---, 
[891.852s][info][gc,stats       ]     S: JVMTI Roots                    1 us, workers (us): ---,   1, ---, ---, ---, ---, ---, ---, ---, ---, ---, ---, ---, ---, ---, ---, ---, ---, ---, ---, ---, ---, ---, ---, 
[891.852s][info][gc,stats       ]   Resize TLABs                        7 us
[891.852s][info][gc,stats       ] Concurrent Marking                68136 us
[891.852s][info][gc,stats       ] Concurrent Precleaning             2295 us
[891.852s][info][gc,stats       ] Pause Final Mark (G)               5082 us
[891.852s][info][gc,stats       ] Pause Final Mark (N)               4681 us
[891.852s][info][gc,stats       ]   Finish Queues                     196 us
[891.852s][info][gc,stats       ]   Weak References                    43 us
[891.852s][info][gc,stats       ]     Process                          33 us
[891.852s][info][gc,stats       ]   System Purge                      227 us
[891.852s][info][gc,stats       ]     Weak Roots                      226 us
[891.852s][info][gc,stats       ]   Update Region States               39 us
[891.852s][info][gc,stats       ]   Retire TLABs                       56 us
[891.852s][info][gc,stats       ]   Choose Collection Set             698 us
[891.852s][info][gc,stats       ]   Rebuild Free Set                   42 us
[891.852s][info][gc,stats       ]   Initial Evacuation               3353 us, parallelism: 1.68x
[891.852s][info][gc,stats       ]     E: <total>                     5642 us
[891.852s][info][gc,stats       ]     E: Thread Roots                 167 us, workers (us): 118,   1,  45,   1,   2,   1, ---, ---, ---, ---, ---, ---, ---, ---, ---, ---, ---, ---, ---, ---, ---, ---, ---, ---, 
[891.852s][info][gc,stats       ]     E: Code Cache Roots            4023 us, workers (us): 647, 590, 795, 1050,   0, 940, ---, ---, ---, ---, ---, ---, ---, ---, ---, ---, ---, ---, ---, ---, ---, ---, ---, ---, 
[891.852s][info][gc,stats       ]     E: Universe Roots                 7 us, workers (us):   7, ---, ---, ---, ---, ---, ---, ---, ---, ---, ---, ---, ---, ---, ---, ---, ---, ---, ---, ---, ---, ---, ---, ---, 
[891.852s][info][gc,stats       ]     E: JNI Handles Roots              3 us, workers (us): ---,   3, ---, ---, ---, ---, ---, ---, ---, ---, ---, ---, ---, ---, ---, ---, ---, ---, ---, ---, ---, ---, ---, ---, 
[891.852s][info][gc,stats       ]     E: Synchronizer Roots             0 us, workers (us):   0, ---, ---, ---, ---, ---, ---, ---, ---, ---, ---, ---, ---, ---, ---, ---, ---, ---, ---, ---, ---, ---, ---, ---, 
[891.852s][info][gc,stats       ]     E: Management Roots               3 us, workers (us):   3, ---, ---, ---, ---, ---, ---, ---, ---, ---, ---, ---, ---, ---, ---, ---, ---, ---, ---, ---, ---, ---, ---, ---, 
[891.852s][info][gc,stats       ]     E: System Dict Roots             14 us, workers (us):  14, ---, ---, ---, ---, ---, ---, ---, ---, ---, ---, ---, ---, ---, ---, ---, ---, ---, ---, ---, ---, ---, ---, ---, 
[891.852s][info][gc,stats       ]     E: CLDG Roots                  1424 us, workers (us):  81, 291, ---, ---, 1052, ---, ---, ---, ---, ---, ---, ---, ---, ---, ---, ---, ---, ---, ---, ---, ---, ---, ---, ---, 
[891.853s][info][gc,stats       ]     E: JVMTI Roots                    1 us, workers (us): ---,   1, ---, ---, ---, ---, ---, ---, ---, ---, ---, ---, ---, ---, ---, ---, ---, ---, ---, ---, ---, ---, ---, ---, 
[891.853s][info][gc,stats       ] Concurrent Cleanup                21692 us
[891.853s][info][gc,stats       ] Concurrent Evacuation              4164 us
[891.853s][info][gc,stats       ] Pause Init  Update Refs (G)         576 us
[891.853s][info][gc,stats       ] Pause Init  Update Refs (N)         206 us
[891.853s][info][gc,stats       ]   Retire GCLABs                     179 us
[891.853s][info][gc,stats       ] Concurrent Update Refs            18278 us
[891.853s][info][gc,stats       ] Pause Final Update Refs (G)        1930 us
[891.853s][info][gc,stats       ] Pause Final Update Refs (N)         242 us
[891.853s][info][gc,stats       ]   Update Roots                      146 us, parallelism: 1.27x
[891.853s][info][gc,stats       ]     UR: <total>                     186 us
[891.853s][info][gc,stats       ]     UR: Thread Roots                186 us, workers (us):  83,  41,  53,   2,   4,   2, ---, ---, ---, ---, ---, ---, ---, ---, ---, ---, ---, ---, ---, ---, ---, ---, ---, ---, 
[891.853s][info][gc,stats       ]   Update Region States               30 us
[891.853s][info][gc,stats       ]   Trash Collection Set               10 us
[891.853s][info][gc,stats       ]   Rebuild Free Set                   31 us
[891.853s][info][gc,stats       ] Concurrent Cleanup                  874 us
[891.853s][info][gc,stats       ] Pacing                            94170 us
[891.853s][info][gc,stats       ] 
[891.853s][info][gc,stats       ] Allocation pacing accrued:
[891.853s][info][gc,stats       ]      94 of   131 ms ( 71.7%): pl.nadoba.jvm.gc.benchmark.App.main()
[891.853s][info][gc,stats       ]      94 of   131 ms ( 71.7%): <total>
[891.853s][info][gc,stats       ]       9 of   131 ms (  7.2%): <average total>
[891.853s][info][gc,stats       ]      94 of   131 ms ( 71.7%): <average non-zero>
[891.853s][info][gc,stats       ] 
[891.853s][info][gc,metaspace   ] Metaspace: 24281K->24281K(1071104K)
[891.853s][info][gc,ergo        ] Pacer for Idle. Initial: 5242K, Alloc Tax Rate: 1.0x
[891.854s][info][gc             ] Trigger: Start next cycle immediately
[891.854s][info][gc,ergo        ] Free: 96875K, Max: 256K regular, 40192K humongous, Frag: 59% external, 3% internal; Reserve: 13312K, Max: 256K
[891.854s][info][gc,start       ] GC(6705) Concurrent reset
[891.854s][info][gc,task        ] GC(6705) Using 6 of 24 workers for concurrent reset
[891.854s][info][gc,ergo        ] GC(6705) Pacer for Reset. Non-Taxable: 256M
[891.855s][info][gc             ] GC(6705) Concurrent reset 0.827ms
[891.855s][info][gc,start       ] GC(6705) Pause Init Mark
[891.855s][info][gc,task        ] GC(6705) Using 6 of 24 workers for init marking
[891.858s][info][gc,ergo        ] GC(6705) Pacer for Mark. Expected Live: 9844K, Free: 90475K, Non-Taxable: 9047K, Alloc Tax Rate: 0.1x
[891.858s][info][gc             ] GC(6705) Pause Init Mark 2.975ms
[891.859s][info][gc,start       ] GC(6705) Concurrent marking
[891.859s][info][gc,task        ] GC(6705) Using 6 of 24 workers for concurrent marking
[891.918s][info][gc             ] GC(6705) Concurrent marking 59.357ms
[891.918s][info][gc,start       ] GC(6705) Pause Final Mark
[891.918s][info][gc,task        ] GC(6705) Using 6 of 24 workers for final marking
[891.919s][info][gc,ergo        ] GC(6705) Collectable Garbage: 132M (100%), Immediate: 131M (99%), CSet: 1260K (0%)
[891.923s][info][gc,ergo        ] GC(6705) Pacer for Evacuation. Used CSet: 5120K, Free: 177M, Non-Taxable: 18135K, Alloc Tax Rate: 1.1x
[891.923s][info][gc             ] GC(6705) Pause Final Mark 4.562ms
[891.923s][info][gc,start       ] GC(6705) Concurrent cleanup
[891.942s][info][gc             ] GC(6705) Concurrent cleanup 194M->89M(256M) 18.822ms
[891.942s][info][gc,ergo        ] GC(6705) Free: 149M, Max: 256K regular, 62208K humongous, Frag: 60% external, 1% internal; Reserve: 12667K, Max: 256K
[891.942s][info][gc,start       ] GC(6705) Concurrent evacuation
[891.942s][info][gc,task        ] GC(6705) Using 6 of 24 workers for concurrent evacuation
[891.946s][info][gc             ] GC(6705) Concurrent evacuation 4.059ms
[891.946s][info][gc,start       ] GC(6705) Pause Init Update Refs
[891.946s][info][gc,ergo        ] GC(6705) Pacer for Update Refs. Used: 96376K, Free: 149M, Non-Taxable: 15319K, Alloc Tax Rate: 1.1x
[891.946s][info][gc             ] GC(6705) Pause Init Update Refs 0.328ms
[891.946s][info][gc,start       ] GC(6705) Concurrent update references
[891.946s][info][gc,task        ] GC(6705) Using 6 of 24 workers for concurrent reference update
[891.963s][info][gc             ] GC(6705) Concurrent update references 16.480ms
[891.965s][info][gc,start       ] GC(6705) Pause Final Update Refs
[891.965s][info][gc,task        ] GC(6705) Using 6 of 24 workers for final reference update
[891.965s][info][gc             ] GC(6705) Pause Final Update Refs 0.323ms
[891.965s][info][gc,start       ] GC(6705) Concurrent cleanup
[891.966s][info][gc             ] GC(6705) Concurrent cleanup 152M->153M(256M) 0.655ms
[891.966s][info][gc             ] GC(6705) Dat log --- cycle is complete
Current gc epoch: 5439
heap: ______
capacity: 268435456
used: 160555952
committed: 268435456
bytes_allocated_since_gc_start: 157811216
hot_size: 0
cold_size: 3716994
num_regions: 1024
hot_region_count: 18446744073709407336
cold_region_count: 144300
histogram: Placeholder

[891.966s][info][gc             ] GC(6705) Obj count ac histogram
[891.966s][info][gc             ] GC(6705) 	0: 198867
[891.966s][info][gc             ] GC(6705) 	1: 15
[891.966s][info][gc             ] GC(6705) 	2: 2
[891.966s][info][gc             ] GC(6705) 	3: 0
[891.966s][info][gc             ] GC(6705) 	4: 0
[891.966s][info][gc             ] GC(6705) 	5: 0
[891.966s][info][gc             ] GC(6705) 	6: 0
[891.966s][info][gc             ] GC(6705) 	7: 0
[891.966s][info][gc             ] GC(6705) 	8: 0
[891.966s][info][gc             ] GC(6705) 	9: 0
[891.966s][info][gc             ] GC(6705) 	10: 0
[891.966s][info][gc             ] GC(6705) 	11: 0
[891.966s][info][gc             ] GC(6705) 	12: 0
[891.966s][info][gc             ] GC(6705) 	13: 0
[891.966s][info][gc             ] GC(6705) 	14: 0
[891.966s][info][gc             ] GC(6705) 	15: 0
[891.966s][info][gc             ] GC(6705) 	16: 0
[891.966s][info][gc             ] GC(6705) 	17: 0
[891.966s][info][gc             ] GC(6705) 	18: 0
[891.966s][info][gc             ] GC(6705) 	19: 0
[891.966s][info][gc             ] GC(6705) Obj size ac histogram
[891.966s][info][gc             ] GC(6705) 	0: 2144678
[891.966s][info][gc             ] GC(6705) 	1: 720
[891.966s][info][gc             ] GC(6705) 	2: 14
[891.966s][info][gc             ] GC(6705) 	3: 0
[891.966s][info][gc             ] GC(6705) 	4: 0
[891.966s][info][gc             ] GC(6705) 	5: 0
[891.966s][info][gc             ] GC(6705) 	6: 0
[891.966s][info][gc             ] GC(6705) 	7: 0
[891.966s][info][gc             ] GC(6705) 	8: 0
[891.966s][info][gc             ] GC(6705) 	9: 0
[891.966s][info][gc             ] GC(6705) 	10: 0
[891.966s][info][gc             ] GC(6705) 	11: 0
[891.966s][info][gc             ] GC(6705) 	12: 0
[891.966s][info][gc             ] GC(6705) 	13: 0
[891.966s][info][gc             ] GC(6705) 	14: 0
[891.966s][info][gc             ] GC(6705) 	15: 0
[891.966s][info][gc             ] GC(6705) 	16: 0
[891.966s][info][gc             ] GC(6705) 	17: 0
[891.966s][info][gc             ] GC(6705) 	18: 0
[891.966s][info][gc             ] GC(6705) 	19: 0
[891.966s][info][gc,ergo        ] Free: 84871K, Max: 256K regular, 39424K humongous, Frag: 54% external, 4% internal; Reserve: 13312K, Max: 256K
[891.966s][info][gc,stats       ] 
[891.966s][info][gc,stats       ] All times are wall-clock times, except per-root-class counters, that are sum over
[891.966s][info][gc,stats       ] all workers. Dividing the <total> over the root stage time estimates parallelism.
[891.966s][info][gc,stats       ] 
[891.966s][info][gc,stats       ] Concurrent Reset                    809 us
[891.966s][info][gc,stats       ] Pause Init Mark (G)                3717 us
[891.966s][info][gc,stats       ] Pause Init Mark (N)                2922 us
[891.966s][info][gc,stats       ]   Accumulate Stats                    8 us
[891.966s][info][gc,stats       ]   Make Parsable                      53 us
[891.966s][info][gc,stats       ]   Update Region States               20 us
[891.966s][info][gc,stats       ]   Scan Roots                       1914 us, parallelism: 2.16x
[891.966s][info][gc,stats       ]     S: <total>                     4140 us
[891.966s][info][gc,stats       ]     S: Thread Roots                 416 us, workers (us):  94,  58,   1, 259,   2,   2, ---, ---, ---, ---, ---, ---, ---, ---, ---, ---, ---, ---, ---, ---, ---, ---, ---, ---, 
[891.966s][info][gc,stats       ]     S: Universe Roots                28 us, workers (us):  28, ---, ---, ---, ---, ---, ---, ---, ---, ---, ---, ---, ---, ---, ---, ---, ---, ---, ---, ---, ---, ---, ---, ---, 
[891.966s][info][gc,stats       ]     S: JNI Handles Roots             20 us, workers (us):  20, ---, ---, ---, ---, ---, ---, ---, ---, ---, ---, ---, ---, ---, ---, ---, ---, ---, ---, ---, ---, ---, ---, ---, 
[891.966s][info][gc,stats       ]     S: Synchronizer Roots             0 us, workers (us): ---,   0, ---, ---, ---, ---, ---, ---, ---, ---, ---, ---, ---, ---, ---, ---, ---, ---, ---, ---, ---, ---, ---, ---, 
[891.966s][info][gc,stats       ]     S: Management Roots               2 us, workers (us): ---,   2, ---, ---, ---, ---, ---, ---, ---, ---, ---, ---, ---, ---, ---, ---, ---, ---, ---, ---, ---, ---, ---, ---, 
[891.966s][info][gc,stats       ]     S: System Dict Roots             25 us, workers (us): ---,  25, ---, ---, ---, ---, ---, ---, ---, ---, ---, ---, ---, ---, ---, ---, ---, ---, ---, ---, ---, ---, ---, ---, 
[891.966s][info][gc,stats       ]     S: CLDG Roots                  3648 us, workers (us): ---, ---, 1696, ---, 1706, 246, ---, ---, ---, ---, ---, ---, ---, ---, ---, ---, ---, ---, ---, ---, ---, ---, ---, ---, 
[891.966s][info][gc,stats       ]     S: JVMTI Roots                    1 us, workers (us):   1, ---, ---, ---, ---, ---, ---, ---, ---, ---, ---, ---, ---, ---, ---, ---, ---, ---, ---, ---, ---, ---, ---, ---, 
[891.966s][info][gc,stats       ]   Resize TLABs                        7 us
[891.966s][info][gc,stats       ] Concurrent Marking                59303 us
[891.966s][info][gc,stats       ] Pause Final Mark (G)               4745 us
[891.966s][info][gc,stats       ] Pause Final Mark (N)               4497 us
[891.966s][info][gc,stats       ]   Finish Queues                     209 us
[891.966s][info][gc,stats       ]   System Purge                      337 us
[891.966s][info][gc,stats       ]     Weak Roots                      336 us
[891.966s][info][gc,stats       ]   Update Region States               51 us
[891.966s][info][gc,stats       ]   Retire TLABs                       55 us
[891.966s][info][gc,stats       ]   Choose Collection Set             638 us
[891.966s][info][gc,stats       ]   Rebuild Free Set                   41 us
[891.966s][info][gc,stats       ]   Initial Evacuation               3139 us, parallelism: 1.45x
[891.966s][info][gc,stats       ]     E: <total>                     4546 us
[891.966s][info][gc,stats       ]     E: Thread Roots                  96 us, workers (us):   1,   1,  89,   2,   2,   2, ---, ---, ---, ---, ---, ---, ---, ---, ---, ---, ---, ---, ---, ---, ---, ---, ---, ---, 
[891.967s][info][gc,stats       ]     E: Code Cache Roots            3623 us, workers (us): 374, 764, 304, 829, 660, 691, ---, ---, ---, ---, ---, ---, ---, ---, ---, ---, ---, ---, ---, ---, ---, ---, ---, ---, 
[891.967s][info][gc,stats       ]     E: Universe Roots                 4 us, workers (us):   4, ---, ---, ---, ---, ---, ---, ---, ---, ---, ---, ---, ---, ---, ---, ---, ---, ---, ---, ---, ---, ---, ---, ---, 
[891.967s][info][gc,stats       ]     E: JNI Handles Roots              2 us, workers (us):   2, ---, ---, ---, ---, ---, ---, ---, ---, ---, ---, ---, ---, ---, ---, ---, ---, ---, ---, ---, ---, ---, ---, ---, 
[891.967s][info][gc,stats       ]     E: Synchronizer Roots             0 us, workers (us): ---,   0, ---, ---, ---, ---, ---, ---, ---, ---, ---, ---, ---, ---, ---, ---, ---, ---, ---, ---, ---, ---, ---, ---, 
[891.967s][info][gc,stats       ]     E: Management Roots               2 us, workers (us):   2, ---, ---, ---, ---, ---, ---, ---, ---, ---, ---, ---, ---, ---, ---, ---, ---, ---, ---, ---, ---, ---, ---, ---, 
[891.967s][info][gc,stats       ]     E: System Dict Roots              6 us, workers (us): ---,   6, ---, ---, ---, ---, ---, ---, ---, ---, ---, ---, ---, ---, ---, ---, ---, ---, ---, ---, ---, ---, ---, ---, 
[891.967s][info][gc,stats       ]     E: CLDG Roots                   811 us, workers (us): 433, ---, 292, ---, ---,  86, ---, ---, ---, ---, ---, ---, ---, ---, ---, ---, ---, ---, ---, ---, ---, ---, ---, ---, 
[891.967s][info][gc,stats       ]     E: JVMTI Roots                    1 us, workers (us):   1, ---, ---, ---, ---, ---, ---, ---, ---, ---, ---, ---, ---, ---, ---, ---, ---, ---, ---, ---, ---, ---, ---, ---, 
[891.967s][info][gc,stats       ] Concurrent Cleanup                18772 us
[891.967s][info][gc,stats       ] Concurrent Evacuation              4042 us
[891.967s][info][gc,stats       ] Pause Init  Update Refs (G)         636 us
[891.967s][info][gc,stats       ] Pause Init  Update Refs (N)         272 us
[891.967s][info][gc,stats       ]   Retire GCLABs                     225 us
[891.967s][info][gc,stats       ] Concurrent Update Refs            16444 us
[891.967s][info][gc,stats       ] Pause Final Update Refs (G)        2501 us
[891.967s][info][gc,stats       ] Pause Final Update Refs (N)         249 us
[891.967s][info][gc,stats       ]   Update Roots                      156 us, parallelism: 1.40x
[891.967s][info][gc,stats       ]     UR: <total>                     219 us
[891.967s][info][gc,stats       ]     UR: Thread Roots                219 us, workers (us):  83,  27,  26,  47,  31,   4, ---, ---, ---, ---, ---, ---, ---, ---, ---, ---, ---, ---, ---, ---, ---, ---, ---, ---, 
[891.967s][info][gc,stats       ]   Update Region States               29 us
[891.967s][info][gc,stats       ]   Trash Collection Set               11 us
[891.967s][info][gc,stats       ]   Rebuild Free Set                   29 us
[891.967s][info][gc,stats       ] Concurrent Cleanup                  632 us
[891.967s][info][gc,stats       ] Pacing                            75700 us
[891.967s][info][gc,stats       ] 
[891.967s][info][gc,stats       ] Allocation pacing accrued:
[891.967s][info][gc,stats       ]      76 of   114 ms ( 66.4%): pl.nadoba.jvm.gc.benchmark.App.main()
[891.967s][info][gc,stats       ]      76 of   114 ms ( 66.4%): <total>
[891.967s][info][gc,stats       ]       8 of   114 ms (  6.6%): <average total>
[891.967s][info][gc,stats       ]      76 of   114 ms ( 66.4%): <average non-zero>
[891.967s][info][gc,stats       ] 
[891.967s][info][gc,metaspace   ] Metaspace: 24281K->24281K(1071104K)
[891.967s][info][gc,ergo        ] Pacer for Idle. Initial: 5242K, Alloc Tax Rate: 1.0x
[891.968s][info][gc             ] Trigger: Start next cycle immediately
[891.968s][info][gc,ergo        ] Free: 79239K, Max: 256K regular, 39424K humongous, Frag: 50% external, 5% internal; Reserve: 13312K, Max: 256K
[891.968s][info][gc,start       ] GC(6706) Concurrent reset
[891.968s][info][gc,task        ] GC(6706) Using 6 of 24 workers for concurrent reset
[891.968s][info][gc,ergo        ] GC(6706) Pacer for Reset. Non-Taxable: 256M
[891.968s][info][gc             ] GC(6706) Concurrent reset 0.606ms
[891.969s][info][gc,start       ] GC(6706) Pause Init Mark (process weakrefs) (unload classes)
[891.969s][info][gc,task        ] GC(6706) Using 6 of 24 workers for init marking
[891.971s][info][gc,ergo        ] GC(6706) Pacer for Mark. Expected Live: 10458K, Free: 79239K, Non-Taxable: 7923K, Alloc Tax Rate: 0.2x
[891.971s][info][gc             ] GC(6706) Pause Init Mark (process weakrefs) (unload classes) 1.831ms
[891.971s][info][gc,start       ] GC(6706) Concurrent marking (process weakrefs) (unload classes)
[891.971s][info][gc,task        ] GC(6706) Using 6 of 24 workers for concurrent marking
[892.028s][info][gc             ] GC(6706) Concurrent marking (process weakrefs) (unload classes) 57.714ms
[892.028s][info][gc,start       ] GC(6706) Concurrent precleaning
[892.028s][info][gc,task        ] GC(6706) Using 1 of 24 workers for concurrent preclean
[892.028s][info][gc,ergo        ] GC(6706) Pacer for Precleaning. Non-Taxable: 256M
[892.031s][info][gc             ] GC(6706) Concurrent precleaning 2.768ms
[892.031s][info][gc,start       ] GC(6706) Pause Final Mark (process weakrefs) (unload classes)
[892.032s][info][gc,task        ] GC(6706) Using 6 of 24 workers for final marking
[892.087s][info][gc,stringtable ] GC(6706) Cleaned string and symbol table, strings: 8172 processed, 0 removed, symbols: 68000 processed, 0 removed
[892.087s][info][gc,ergo        ] GC(6706) Collectable Garbage: 149M (100%), Immediate: 148M (99%), CSet: 1488K (0%)
[892.090s][info][gc,ergo        ] GC(6706) Pacer for Evacuation. Used CSet: 5347K, Free: 199M, Non-Taxable: 20413K, Alloc Tax Rate: 1.1x
[892.090s][info][gc             ] GC(6706) Pause Final Mark (process weakrefs) (unload classes) 58.359ms
[892.090s][info][gc,start       ] GC(6706) Concurrent cleanup
[892.110s][info][gc             ] GC(6706) Concurrent cleanup 191M->66M(256M) 20.427ms
[892.110s][info][gc,ergo        ] GC(6706) Free: 174M, Max: 256K regular, 86016K humongous, Frag: 52% external, 1% internal; Reserve: 12572K, Max: 256K
[892.110s][info][gc,start       ] GC(6706) Concurrent evacuation
[892.110s][info][gc,task        ] GC(6706) Using 6 of 24 workers for concurrent evacuation
[892.113s][info][gc             ] GC(6706) Concurrent evacuation 2.688ms
[892.113s][info][gc,start       ] GC(6706) Pause Init Update Refs
[892.113s][info][gc,ergo        ] GC(6706) Pacer for Update Refs. Used: 71800K, Free: 174M, Non-Taxable: 17905K, Alloc Tax Rate: 1.1x
[892.113s][info][gc             ] GC(6706) Pause Init Update Refs 0.215ms
[892.114s][info][gc,start       ] GC(6706) Concurrent update references
[892.114s][info][gc,task        ] GC(6706) Using 6 of 24 workers for concurrent reference update
[892.131s][info][gc             ] GC(6706) Concurrent update references 17.265ms
[892.131s][info][gc,start       ] GC(6706) Pause Final Update Refs
[892.131s][info][gc,task        ] GC(6706) Using 6 of 24 workers for final reference update
[892.132s][info][gc             ] GC(6706) Pause Final Update Refs 0.349ms
[892.132s][info][gc,start       ] GC(6706) Concurrent cleanup
[892.133s][info][gc             ] GC(6706) Concurrent cleanup 128M->127M(256M) 0.963ms
[892.133s][info][gc             ] GC(6706) Dat log --- cycle is complete
Current gc epoch: 5440
heap: ______
capacity: 268435456
used: 134108336
committed: 268435456
bytes_allocated_since_gc_start: 130023952
hot_size: 0
cold_size: 2871158
num_regions: 1024
hot_region_count: 18446744073709407316
cold_region_count: 144319
histogram: Placeholder

[892.133s][info][gc             ] GC(6706) Obj count ac histogram
[892.133s][info][gc             ] GC(6706) 	0: 192350
[892.133s][info][gc             ] GC(6706) 	1: 15
[892.133s][info][gc             ] GC(6706) 	2: 4196
[892.133s][info][gc             ] GC(6706) 	3: 4456
[892.133s][info][gc             ] GC(6706) 	4: 876
[892.133s][info][gc             ] GC(6706) 	5: 15
[892.133s][info][gc             ] GC(6706) 	6: 0
[892.133s][info][gc             ] GC(6706) 	7: 0
[892.133s][info][gc             ] GC(6706) 	8: 0
[892.133s][info][gc             ] GC(6706) 	9: 0
[892.133s][info][gc             ] GC(6706) 	10: 0
[892.133s][info][gc             ] GC(6706) 	11: 0
[892.133s][info][gc             ] GC(6706) 	12: 0
[892.133s][info][gc             ] GC(6706) 	13: 0
[892.133s][info][gc             ] GC(6706) 	14: 0
[892.133s][info][gc             ] GC(6706) 	15: 0
[892.133s][info][gc             ] GC(6706) 	16: 0
[892.133s][info][gc             ] GC(6706) 	17: 0
[892.133s][info][gc             ] GC(6706) 	18: 0
[892.133s][info][gc             ] GC(6706) 	19: 0
[892.133s][info][gc             ] GC(6706) Obj size ac histogram
[892.133s][info][gc             ] GC(6706) 	0: 1246198
[892.133s][info][gc             ] GC(6706) 	1: 720
[892.133s][info][gc             ] GC(6706) 	2: 54149
[892.133s][info][gc             ] GC(6706) 	3: 41292
[892.133s][info][gc             ] GC(6706) 	4: 5415
[892.133s][info][gc             ] GC(6706) 	5: 150
[892.133s][info][gc             ] GC(6706) 	6: 0
[892.133s][info][gc             ] GC(6706) 	7: 0
[892.133s][info][gc             ] GC(6706) 	8: 0
[892.133s][info][gc             ] GC(6706) 	9: 0
[892.133s][info][gc             ] GC(6706) 	10: 0
[892.133s][info][gc             ] GC(6706) 	11: 0
[892.133s][info][gc             ] GC(6706) 	12: 0
[892.133s][info][gc             ] GC(6706) 	13: 0
[892.133s][info][gc             ] GC(6706) 	14: 0
[892.133s][info][gc             ] GC(6706) 	15: 0
[892.133s][info][gc             ] GC(6706) 	16: 0
[892.133s][info][gc             ] GC(6706) 	17: 0
[892.133s][info][gc             ] GC(6706) 	18: 0
[892.133s][info][gc             ] GC(6706) 	19: 0
[892.133s][info][gc,ergo        ] Free: 109M, Max: 256K regular, 34304K humongous, Frag: 70% external, 3% internal; Reserve: 13312K, Max: 256K
[892.133s][info][gc,stats       ] 
[892.133s][info][gc,stats       ] All times are wall-clock times, except per-root-class counters, that are sum over
[892.133s][info][gc,stats       ] all workers. Dividing the <total> over the root stage time estimates parallelism.
[892.133s][info][gc,stats       ] 
[892.133s][info][gc,stats       ] Concurrent Reset                    590 us
[892.133s][info][gc,stats       ] Pause Init Mark (G)                2191 us
[892.133s][info][gc,stats       ] Pause Init Mark (N)                1772 us
[892.133s][info][gc,stats       ]   Accumulate Stats                    7 us
[892.133s][info][gc,stats       ]   Make Parsable                      54 us
[892.133s][info][gc,stats       ]   Update Region States               20 us
[892.133s][info][gc,stats       ]   Scan Roots                        768 us, parallelism: 1.51x
[892.133s][info][gc,stats       ]     S: <total>                     1160 us
[892.133s][info][gc,stats       ]     S: Thread Roots                 441 us, workers (us):   1,  18,  27,  53,  93, 248, ---, ---, ---, ---, ---, ---, ---, ---, ---, ---, ---, ---, ---, ---, ---, ---, ---, ---, 
[892.133s][info][gc,stats       ]     S: Universe Roots                20 us, workers (us):  20, ---, ---, ---, ---, ---, ---, ---, ---, ---, ---, ---, ---, ---, ---, ---, ---, ---, ---, ---, ---, ---, ---, ---, 
[892.133s][info][gc,stats       ]     S: JNI Handles Roots             21 us, workers (us): ---, ---,  21, ---, ---, ---, ---, ---, ---, ---, ---, ---, ---, ---, ---, ---, ---, ---, ---, ---, ---, ---, ---, ---, 
[892.133s][info][gc,stats       ]     S: Synchronizer Roots             0 us, workers (us): ---,   0, ---, ---, ---, ---, ---, ---, ---, ---, ---, ---, ---, ---, ---, ---, ---, ---, ---, ---, ---, ---, ---, ---, 
[892.133s][info][gc,stats       ]     S: Management Roots               1 us, workers (us): ---,   1, ---, ---, ---, ---, ---, ---, ---, ---, ---, ---, ---, ---, ---, ---, ---, ---, ---, ---, ---, ---, ---, ---, 
[892.133s][info][gc,stats       ]     S: System Dict Roots             29 us, workers (us): ---,  29, ---, ---, ---, ---, ---, ---, ---, ---, ---, ---, ---, ---, ---, ---, ---, ---, ---, ---, ---, ---, ---, ---, 
[892.133s][info][gc,stats       ]     S: CLDG Roots                   647 us, workers (us): 622, ---, ---,  15,  11, ---, ---, ---, ---, ---, ---, ---, ---, ---, ---, ---, ---, ---, ---, ---, ---, ---, ---, ---, 
[892.133s][info][gc,stats       ]     S: JVMTI Roots                    1 us, workers (us): ---, ---,   1, ---, ---, ---, ---, ---, ---, ---, ---, ---, ---, ---, ---, ---, ---, ---, ---, ---, ---, ---, ---, ---, 
[892.133s][info][gc,stats       ]   Resize TLABs                        4 us
[892.133s][info][gc,stats       ] Concurrent Marking                57663 us
[892.134s][info][gc,stats       ] Concurrent Precleaning             2744 us
[892.134s][info][gc,stats       ] Pause Final Mark (G)              58649 us
[892.134s][info][gc,stats       ] Pause Final Mark (N)              58304 us
[892.134s][info][gc,stats       ]   Finish Queues                     189 us
[892.134s][info][gc,stats       ]   Weak References                    45 us
[892.134s][info][gc,stats       ]     Process                          34 us
[892.134s][info][gc,stats       ]   System Purge                      223 us
[892.134s][info][gc,stats       ]     Unload Classes                   94 us
[892.134s][info][gc,stats       ]     Cleanup                       54649 us, parallelism: 1.74x
[892.134s][info][gc,stats       ]       CU: <total>                 94958 us
[892.134s][info][gc,stats       ]       CU: Code Cache Roots        75374 us, workers (us): 12390, 12604, 12911, 12688, 12334, 12446, ---, ---, ---, ---, ---, ---, ---, ---, ---, ---, ---, ---, ---, ---, ---, ---, ---, ---, 
[892.134s][info][gc,stats       ]       CU: Code Cache Cleaning      4570 us, workers (us): 725, 724, 713, 959, 723, 726, ---, ---, ---, ---, ---, ---, ---, ---, ---, ---, ---, ---, ---, ---, ---, ---, ---, ---, 
[892.134s][info][gc,stats       ]       CU: String Table Roots       3563 us, workers (us): 780, 567, 252, 477, 809, 679, ---, ---, ---, ---, ---, ---, ---, ---, ---, ---, ---, ---, ---, ---, ---, ---, ---, ---, 
[892.134s][info][gc,stats       ]       CU: Resolved Table Roots       13 us, workers (us):   0,   0,  12,   0,   0,   0, ---, ---, ---, ---, ---, ---, ---, ---, ---, ---, ---, ---, ---, ---, ---, ---, ---, ---, 
[892.134s][info][gc,stats       ]       CU: CLDG Roots              11439 us, workers (us): 1919, 1948, 1956, 1738, 1915, 1964, ---, ---, ---, ---, ---, ---, ---, ---, ---, ---, ---, ---, ---, ---, ---, ---, ---, ---, 
[892.134s][info][gc,stats       ]     Weak Roots                      222 us
[892.134s][info][gc,stats       ]     CLDG                              1 us
[892.134s][info][gc,stats       ]   Update Region States               23 us
[892.134s][info][gc,stats       ]   Retire TLABs                       37 us
[892.134s][info][gc,stats       ]   Choose Collection Set             410 us
[892.134s][info][gc,stats       ]   Rebuild Free Set                   17 us
[892.134s][info][gc,stats       ]   Initial Evacuation               2431 us, parallelism: 2.80x
[892.134s][info][gc,stats       ]     E: <total>                     6809 us
[892.134s][info][gc,stats       ]     E: Thread Roots                 159 us, workers (us):   1, 152,   1,   1,   1,   2, ---, ---, ---, ---, ---, ---, ---, ---, ---, ---, ---, ---, ---, ---, ---, ---, ---, ---, 
[892.134s][info][gc,stats       ]     E: Code Cache Roots            5137 us, workers (us): 1373, 745, 980, 474, 481, 1083, ---, ---, ---, ---, ---, ---, ---, ---, ---, ---, ---, ---, ---, ---, ---, ---, ---, ---, 
[892.134s][info][gc,stats       ]     E: Universe Roots                 5 us, workers (us):   5, ---, ---, ---, ---, ---, ---, ---, ---, ---, ---, ---, ---, ---, ---, ---, ---, ---, ---, ---, ---, ---, ---, ---, 
[892.134s][info][gc,stats       ]     E: JNI Handles Roots              2 us, workers (us): ---, ---, ---,   2, ---, ---, ---, ---, ---, ---, ---, ---, ---, ---, ---, ---, ---, ---, ---, ---, ---, ---, ---, ---, 
[892.134s][info][gc,stats       ]     E: Synchronizer Roots             0 us, workers (us):   0, ---, ---, ---, ---, ---, ---, ---, ---, ---, ---, ---, ---, ---, ---, ---, ---, ---, ---, ---, ---, ---, ---, ---, 
[892.134s][info][gc,stats       ]     E: Management Roots               2 us, workers (us):   2, ---, ---, ---, ---, ---, ---, ---, ---, ---, ---, ---, ---, ---, ---, ---, ---, ---, ---, ---, ---, ---, ---, ---, 
[892.134s][info][gc,stats       ]     E: System Dict Roots              9 us, workers (us):   9, ---, ---, ---, ---, ---, ---, ---, ---, ---, ---, ---, ---, ---, ---, ---, ---, ---, ---, ---, ---, ---, ---, ---, 
[892.134s][info][gc,stats       ]     E: CLDG Roots                  1493 us, workers (us):  82, ---, ---, 689, 722, ---, ---, ---, ---, ---, ---, ---, ---, ---, ---, ---, ---, ---, ---, ---, ---, ---, ---, ---, 
[892.134s][info][gc,stats       ]     E: JVMTI Roots                    1 us, workers (us): ---,   1, ---, ---, ---, ---, ---, ---, ---, ---, ---, ---, ---, ---, ---, ---, ---, ---, ---, ---, ---, ---, ---, ---, 
[892.134s][info][gc,stats       ] Concurrent Cleanup                20357 us
[892.134s][info][gc,stats       ] Concurrent Evacuation              2671 us
[892.134s][info][gc,stats       ] Pause Init  Update Refs (G)         464 us
[892.134s][info][gc,stats       ] Pause Init  Update Refs (N)         184 us
[892.134s][info][gc,stats       ]   Retire GCLABs                     170 us
[892.134s][info][gc,stats       ] Concurrent Update Refs            17230 us
[892.134s][info][gc,stats       ] Pause Final Update Refs (G)         827 us
[892.134s][info][gc,stats       ] Pause Final Update Refs (N)         290 us
[892.134s][info][gc,stats       ]   Update Roots                      191 us, parallelism: 1.37x
[892.134s][info][gc,stats       ]     UR: <total>                     261 us
[892.134s][info][gc,stats       ]     UR: Thread Roots                261 us, workers (us): 100,  31,  34,  32,   9,  56, ---, ---, ---, ---, ---, ---, ---, ---, ---, ---, ---, ---, ---, ---, ---, ---, ---, ---, 
[892.134s][info][gc,stats       ]   Update Region States               32 us
[892.134s][info][gc,stats       ]   Trash Collection Set               11 us
[892.134s][info][gc,stats       ]   Rebuild Free Set                   32 us
[892.134s][info][gc,stats       ] Concurrent Cleanup                  931 us
[892.134s][info][gc,stats       ] Pacing                           135178 us
[892.134s][info][gc,stats       ] 
[892.134s][info][gc,stats       ] Allocation pacing accrued:
[892.134s][info][gc,stats       ]     135 of   167 ms ( 80.7%): pl.nadoba.jvm.gc.benchmark.App.main()
[892.134s][info][gc,stats       ]     135 of   167 ms ( 80.7%): <total>
[892.134s][info][gc,stats       ]      14 of   167 ms (  8.1%): <average total>
[892.134s][info][gc,stats       ]     135 of   167 ms ( 80.7%): <average non-zero>
[892.134s][info][gc,stats       ] 
[892.134s][info][gc,metaspace   ] Metaspace: 24281K->24281K(1071104K)
[892.134s][info][gc,ergo        ] Pacer for Idle. Initial: 5242K, Alloc Tax Rate: 1.0x
[892.135s][info][gc             ] Trigger: Start next cycle immediately
[892.135s][info][gc,ergo        ] Free: 109M, Max: 256K regular, 34304K humongous, Frag: 70% external, 3% internal; Reserve: 13312K, Max: 256K
[892.135s][info][gc,start       ] GC(6707) Concurrent reset
[892.135s][info][gc,task        ] GC(6707) Using 6 of 24 workers for concurrent reset
[892.135s][info][gc,ergo        ] GC(6707) Pacer for Reset. Non-Taxable: 256M
[892.136s][info][gc             ] GC(6707) Concurrent reset 0.771ms
[892.136s][info][gc,start       ] GC(6707) Pause Init Mark
[892.136s][info][gc,task        ] GC(6707) Using 6 of 24 workers for init marking
[892.140s][info][gc,ergo        ] GC(6707) Pacer for Mark. Expected Live: 10458K, Free: 109M, Non-Taxable: 11223K, Alloc Tax Rate: 0.1x
[892.140s][info][gc             ] GC(6707) Pause Init Mark 3.181ms
[892.140s][info][gc,start       ] GC(6707) Concurrent marking
[892.140s][info][gc,task        ] GC(6707) Using 6 of 24 workers for concurrent marking
[892.182s][info][gc             ] GC(6707) Concurrent marking 42.002ms
[892.182s][info][gc,start       ] GC(6707) Pause Final Mark
[892.182s][info][gc,task        ] GC(6707) Using 6 of 24 workers for final marking
[892.183s][info][gc,ergo        ] GC(6707) Collectable Garbage: 119M (100%), Immediate: 118M (98%), CSet: 1260K (1%)
[892.186s][info][gc,ergo        ] GC(6707) Pacer for Evacuation. Used CSet: 5119K, Free: 207M, Non-Taxable: 21258K, Alloc Tax Rate: 1.1x
[892.186s][info][gc             ] GC(6707) Pause Final Mark 4.575ms
[892.187s][info][gc,start       ] GC(6707) Concurrent cleanup
[892.203s][info][gc             ] GC(6707) Concurrent cleanup 152M->62M(256M) 16.903ms
[892.203s][info][gc,ergo        ] GC(6707) Free: 178M, Max: 256K regular, 97536K humongous, Frag: 47% external, 1% internal; Reserve: 12667K, Max: 256K
[892.203s][info][gc,start       ] GC(6707) Concurrent evacuation
[892.203s][info][gc,task        ] GC(6707) Using 6 of 24 workers for concurrent evacuation
[892.207s][info][gc             ] GC(6707) Concurrent evacuation 3.950ms
[892.208s][info][gc,start       ] GC(6707) Pause Init Update Refs
[892.208s][info][gc,ergo        ] GC(6707) Pacer for Update Refs. Used: 72340K, Free: 174M, Non-Taxable: 17828K, Alloc Tax Rate: 1.1x
[892.208s][info][gc             ] GC(6707) Pause Init Update Refs 0.236ms
[892.208s][info][gc,start       ] GC(6707) Concurrent update references
[892.208s][info][gc,task        ] GC(6707) Using 6 of 24 workers for concurrent reference update
[892.224s][info][gc             ] GC(6707) Concurrent update references 15.603ms
[892.224s][info][gc,start       ] GC(6707) Pause Final Update Refs
[892.224s][info][gc,task        ] GC(6707) Using 6 of 24 workers for final reference update
[892.225s][info][gc             ] GC(6707) Pause Final Update Refs 0.335ms
[892.225s][info][gc,start       ] GC(6707) Concurrent cleanup
[892.226s][info][gc             ] GC(6707) Concurrent cleanup 117M->112M(256M) 0.767ms
[892.226s][info][gc             ] GC(6707) Dat log --- cycle is complete
Current gc epoch: 5441
heap: ______
capacity: 268435456
used: 118117376
committed: 268435456
bytes_allocated_since_gc_start: 114033168
hot_size: 0
cold_size: 2537342
num_regions: 1024
hot_region_count: 18446744073709407297
cold_region_count: 144337
histogram: Placeholder

[892.226s][info][gc             ] GC(6707) Obj count ac histogram
[892.226s][info][gc             ] GC(6707) 	0: 180672
[892.226s][info][gc             ] GC(6707) 	1: 15
[892.226s][info][gc             ] GC(6707) 	2: 2
[892.226s][info][gc             ] GC(6707) 	3: 0
[892.226s][info][gc             ] GC(6707) 	4: 0
[892.226s][info][gc             ] GC(6707) 	5: 0
[892.226s][info][gc             ] GC(6707) 	6: 0
[892.226s][info][gc             ] GC(6707) 	7: 0
[892.226s][info][gc             ] GC(6707) 	8: 0
[892.226s][info][gc             ] GC(6707) 	9: 0
[892.226s][info][gc             ] GC(6707) 	10: 0
[892.226s][info][gc             ] GC(6707) 	11: 0
[892.226s][info][gc             ] GC(6707) 	12: 0
[892.226s][info][gc             ] GC(6707) 	13: 0
[892.226s][info][gc             ] GC(6707) 	14: 0
[892.226s][info][gc             ] GC(6707) 	15: 0
[892.226s][info][gc             ] GC(6707) 	16: 0
[892.226s][info][gc             ] GC(6707) 	17: 0
[892.226s][info][gc             ] GC(6707) 	18: 0
[892.226s][info][gc             ] GC(6707) 	19: 0
[892.226s][info][gc             ] GC(6707) Obj size ac histogram
[892.226s][info][gc             ] GC(6707) 	0: 1275961
[892.226s][info][gc             ] GC(6707) 	1: 720
[892.226s][info][gc             ] GC(6707) 	2: 14
[892.226s][info][gc             ] GC(6707) 	3: 0
[892.226s][info][gc             ] GC(6707) 	4: 0
[892.226s][info][gc             ] GC(6707) 	5: 0
[892.226s][info][gc             ] GC(6707) 	6: 0
[892.226s][info][gc             ] GC(6707) 	7: 0
[892.226s][info][gc             ] GC(6707) 	8: 0
[892.226s][info][gc             ] GC(6707) 	9: 0
[892.226s][info][gc             ] GC(6707) 	10: 0
[892.226s][info][gc             ] GC(6707) 	11: 0
[892.226s][info][gc             ] GC(6707) 	12: 0
[892.226s][info][gc             ] GC(6707) 	13: 0
[892.226s][info][gc             ] GC(6707) 	14: 0
[892.226s][info][gc             ] GC(6707) 	15: 0
[892.226s][info][gc             ] GC(6707) 	16: 0
[892.226s][info][gc             ] GC(6707) 	17: 0
[892.226s][info][gc             ] GC(6707) 	18: 0
[892.226s][info][gc             ] GC(6707) 	19: 0
[892.226s][info][gc,ergo        ] Free: 125M, Max: 256K regular, 97792K humongous, Frag: 24% external, 3% internal; Reserve: 13312K, Max: 256K
[892.226s][info][gc,stats       ] 
[892.226s][info][gc,stats       ] All times are wall-clock times, except per-root-class counters, that are sum over
[892.226s][info][gc,stats       ] all workers. Dividing the <total> over the root stage time estimates parallelism.
[892.226s][info][gc,stats       ] 
[892.226s][info][gc,stats       ] Concurrent Reset                    753 us
[892.226s][info][gc,stats       ] Pause Init Mark (G)                3483 us
[892.226s][info][gc,stats       ] Pause Init Mark (N)                3141 us
[892.226s][info][gc,stats       ]   Accumulate Stats                    6 us
[892.226s][info][gc,stats       ]   Make Parsable                      48 us
[892.226s][info][gc,stats       ]   Update Region States               14 us
[892.226s][info][gc,stats       ]   Scan Roots                       2294 us, parallelism: 2.15x
[892.226s][info][gc,stats       ]     S: <total>                     4921 us
[892.226s][info][gc,stats       ]     S: Thread Roots                 390 us, workers (us): 102,  67, 215,   2,   2,   1, ---, ---, ---, ---, ---, ---, ---, ---, ---, ---, ---, ---, ---, ---, ---, ---, ---, ---, 
[892.226s][info][gc,stats       ]     S: Universe Roots                65 us, workers (us):  65, ---, ---, ---, ---, ---, ---, ---, ---, ---, ---, ---, ---, ---, ---, ---, ---, ---, ---, ---, ---, ---, ---, ---, 
[892.226s][info][gc,stats       ]     S: JNI Handles Roots             24 us, workers (us): ---, ---,  24, ---, ---, ---, ---, ---, ---, ---, ---, ---, ---, ---, ---, ---, ---, ---, ---, ---, ---, ---, ---, ---, 
[892.226s][info][gc,stats       ]     S: Synchronizer Roots             1 us, workers (us): ---,   1, ---, ---, ---, ---, ---, ---, ---, ---, ---, ---, ---, ---, ---, ---, ---, ---, ---, ---, ---, ---, ---, ---, 
[892.226s][info][gc,stats       ]     S: Management Roots               2 us, workers (us): ---,   2, ---, ---, ---, ---, ---, ---, ---, ---, ---, ---, ---, ---, ---, ---, ---, ---, ---, ---, ---, ---, ---, ---, 
[892.226s][info][gc,stats       ]     S: System Dict Roots             34 us, workers (us): ---,  34, ---, ---, ---, ---, ---, ---, ---, ---, ---, ---, ---, ---, ---, ---, ---, ---, ---, ---, ---, ---, ---, ---, 
[892.226s][info][gc,stats       ]     S: CLDG Roots                  4406 us, workers (us): ---, ---, ---, 2109, 261, 2036, ---, ---, ---, ---, ---, ---, ---, ---, ---, ---, ---, ---, ---, ---, ---, ---, ---, ---, 
[892.226s][info][gc,stats       ]     S: JVMTI Roots                    1 us, workers (us): ---, ---,   1, ---, ---, ---, ---, ---, ---, ---, ---, ---, ---, ---, ---, ---, ---, ---, ---, ---, ---, ---, ---, ---, 
[892.226s][info][gc,stats       ]   Resize TLABs                        6 us
[892.226s][info][gc,stats       ] Concurrent Marking                41947 us
[892.226s][info][gc,stats       ] Pause Final Mark (G)               4767 us
[892.226s][info][gc,stats       ] Pause Final Mark (N)               4528 us
[892.226s][info][gc,stats       ]   Finish Queues                     183 us
[892.226s][info][gc,stats       ]   System Purge                      324 us
[892.226s][info][gc,stats       ]     Weak Roots                      322 us
[892.226s][info][gc,stats       ]   Update Region States               36 us
[892.226s][info][gc,stats       ]   Retire TLABs                       50 us
[892.226s][info][gc,stats       ]   Choose Collection Set             533 us
[892.226s][info][gc,stats       ]   Rebuild Free Set                   38 us
[892.226s][info][gc,stats       ]   Initial Evacuation               3339 us, parallelism: 1.40x
[892.226s][info][gc,stats       ]     E: <total>                     4676 us
[892.226s][info][gc,stats       ]     E: Thread Roots                 119 us, workers (us):   1,  17,   1,  21,  77,   1, ---, ---, ---, ---, ---, ---, ---, ---, ---, ---, ---, ---, ---, ---, ---, ---, ---, ---, 
[892.226s][info][gc,stats       ]     E: Code Cache Roots            3836 us, workers (us): 772, 627, 1261, 250, 300, 626, ---, ---, ---, ---, ---, ---, ---, ---, ---, ---, ---, ---, ---, ---, ---, ---, ---, ---, 
[892.226s][info][gc,stats       ]     E: Universe Roots                 3 us, workers (us):   3, ---, ---, ---, ---, ---, ---, ---, ---, ---, ---, ---, ---, ---, ---, ---, ---, ---, ---, ---, ---, ---, ---, ---, 
[892.226s][info][gc,stats       ]     E: JNI Handles Roots              2 us, workers (us): ---,   2, ---, ---, ---, ---, ---, ---, ---, ---, ---, ---, ---, ---, ---, ---, ---, ---, ---, ---, ---, ---, ---, ---, 
[892.226s][info][gc,stats       ]     E: Synchronizer Roots             1 us, workers (us):   1, ---, ---, ---, ---, ---, ---, ---, ---, ---, ---, ---, ---, ---, ---, ---, ---, ---, ---, ---, ---, ---, ---, ---, 
[892.226s][info][gc,stats       ]     E: Management Roots               3 us, workers (us): ---,   3, ---, ---, ---, ---, ---, ---, ---, ---, ---, ---, ---, ---, ---, ---, ---, ---, ---, ---, ---, ---, ---, ---, 
[892.226s][info][gc,stats       ]     E: System Dict Roots              8 us, workers (us):   8, ---, ---, ---, ---, ---, ---, ---, ---, ---, ---, ---, ---, ---, ---, ---, ---, ---, ---, ---, ---, ---, ---, ---, 
[892.226s][info][gc,stats       ]     E: CLDG Roots                   704 us, workers (us): ---, ---, ---, 384, 272,  49, ---, ---, ---, ---, ---, ---, ---, ---, ---, ---, ---, ---, ---, ---, ---, ---, ---, ---, 
[892.226s][info][gc,stats       ]     E: JVMTI Roots                    1 us, workers (us): ---,   1, ---, ---, ---, ---, ---, ---, ---, ---, ---, ---, ---, ---, ---, ---, ---, ---, ---, ---, ---, ---, ---, ---, 
[892.226s][info][gc,stats       ] Concurrent Cleanup                16850 us
[892.226s][info][gc,stats       ] Concurrent Evacuation              3941 us
[892.226s][info][gc,stats       ] Pause Init  Update Refs (G)         708 us
[892.226s][info][gc,stats       ] Pause Init  Update Refs (N)         189 us
[892.226s][info][gc,stats       ]   Retire GCLABs                     139 us
[892.226s][info][gc,stats       ] Concurrent Update Refs            15565 us
[892.226s][info][gc,stats       ] Pause Final Update Refs (G)         951 us
[892.226s][info][gc,stats       ] Pause Final Update Refs (N)         276 us
[892.226s][info][gc,stats       ]   Update Roots                      181 us, parallelism: 1.06x
[892.226s][info][gc,stats       ]     UR: <total>                     191 us
[892.226s][info][gc,stats       ]     UR: Thread Roots                191 us, workers (us):  90,  52,  41,   4,   2,   2, ---, ---, ---, ---, ---, ---, ---, ---, ---, ---, ---, ---, ---, ---, ---, ---, ---, ---, 
[892.226s][info][gc,stats       ]   Update Region States               26 us
[892.226s][info][gc,stats       ]   Trash Collection Set               11 us
[892.226s][info][gc,stats       ]   Rebuild Free Set                   32 us
[892.226s][info][gc,stats       ] Concurrent Cleanup                  721 us
[892.226s][info][gc,stats       ] Pacing                            68395 us
[892.226s][info][gc,stats       ] 
[892.226s][info][gc,stats       ] Allocation pacing accrued:
[892.226s][info][gc,stats       ]      68 of    92 ms ( 74.1%): pl.nadoba.jvm.gc.benchmark.App.main()
[892.226s][info][gc,stats       ]      68 of    92 ms ( 74.1%): <total>
[892.226s][info][gc,stats       ]       7 of    92 ms (  7.4%): <average total>
[892.226s][info][gc,stats       ]      68 of    92 ms ( 74.1%): <average non-zero>
[892.226s][info][gc,stats       ] 
[892.226s][info][gc,metaspace   ] Metaspace: 24281K->24281K(1071104K)
[892.227s][info][gc,ergo        ] Pacer for Idle. Initial: 5242K, Alloc Tax Rate: 1.0x
[892.228s][info][gc             ] Trigger: Start next cycle immediately
[892.228s][info][gc,ergo        ] Free: 120M, Max: 256K regular, 97792K humongous, Frag: 21% external, 3% internal; Reserve: 13312K, Max: 256K
[892.228s][info][gc,start       ] GC(6708) Concurrent reset
[892.228s][info][gc,task        ] GC(6708) Using 6 of 24 workers for concurrent reset
[892.228s][info][gc,ergo        ] GC(6708) Pacer for Reset. Non-Taxable: 256M
[892.228s][info][gc             ] GC(6708) Concurrent reset 0.649ms
[892.229s][info][gc,start       ] GC(6708) Pause Init Mark (process weakrefs) (unload classes)
[892.229s][info][gc,task        ] GC(6708) Using 6 of 24 workers for init marking
[892.230s][info][gc,ergo        ] GC(6708) Pacer for Mark. Expected Live: 10458K, Free: 120M, Non-Taxable: 12375K, Alloc Tax Rate: 0.1x
[892.230s][info][gc             ] GC(6708) Pause Init Mark (process weakrefs) (unload classes) 1.774ms
[892.230s][info][gc,start       ] GC(6708) Concurrent marking (process weakrefs) (unload classes)
[892.230s][info][gc,task        ] GC(6708) Using 6 of 24 workers for concurrent marking
[892.294s][info][gc             ] GC(6708) Concurrent marking (process weakrefs) (unload classes) 64.040ms
[892.294s][info][gc,start       ] GC(6708) Concurrent precleaning
[892.295s][info][gc,task        ] GC(6708) Using 1 of 24 workers for concurrent preclean
[892.295s][info][gc,ergo        ] GC(6708) Pacer for Precleaning. Non-Taxable: 256M
[892.299s][info][gc             ] GC(6708) Concurrent precleaning 4.466ms
[892.300s][info][gc,start       ] GC(6708) Pause Final Mark (process weakrefs) (unload classes)
[892.300s][info][gc,task        ] GC(6708) Using 6 of 24 workers for final marking
[892.356s][info][gc,stringtable ] GC(6708) Cleaned string and symbol table, strings: 8172 processed, 0 removed, symbols: 68000 processed, 0 removed
[892.356s][info][gc,ergo        ] GC(6708) Collectable Garbage: 108M (100%), Immediate: 107M (99%), CSet: 1004K (0%)
[892.359s][info][gc,ergo        ] GC(6708) Pacer for Evacuation. Used CSet: 4863K, Free: 166M, Non-Taxable: 17034K, Alloc Tax Rate: 1.1x
[892.359s][info][gc             ] GC(6708) Pause Final Mark (process weakrefs) (unload classes) 58.482ms
[892.359s][info][gc,start       ] GC(6708) Concurrent cleanup
[892.375s][info][gc             ] GC(6708) Concurrent cleanup 181M->91M(256M) 16.221ms
[892.375s][info][gc,ergo        ] GC(6708) Free: 147M, Max: 256K regular, 70400K humongous, Frag: 54% external, 1% internal; Reserve: 12670K, Max: 256K
[892.375s][info][gc,start       ] GC(6708) Concurrent evacuation
[892.375s][info][gc,task        ] GC(6708) Using 6 of 24 workers for concurrent evacuation
[892.378s][info][gc             ] GC(6708) Concurrent evacuation 2.704ms
[892.378s][info][gc,start       ] GC(6708) Pause Init Update Refs
[892.378s][info][gc,ergo        ] GC(6708) Pacer for Update Refs. Used: 97940K, Free: 147M, Non-Taxable: 15140K, Alloc Tax Rate: 1.1x
[892.378s][info][gc             ] GC(6708) Pause Init Update Refs 0.260ms
[892.378s][info][gc,start       ] GC(6708) Concurrent update references
[892.378s][info][gc,task        ] GC(6708) Using 6 of 24 workers for concurrent reference update
[892.395s][info][gc             ] GC(6708) Concurrent update references 16.720ms
[892.396s][info][gc,start       ] GC(6708) Pause Final Update Refs
[892.396s][info][gc,task        ] GC(6708) Using 6 of 24 workers for final reference update
[892.396s][info][gc             ] GC(6708) Pause Final Update Refs 0.270ms
[892.396s][info][gc,start       ] GC(6708) Concurrent cleanup
[892.397s][info][gc             ] GC(6708) Concurrent cleanup 145M->140M(256M) 0.721ms
[892.397s][info][gc             ] GC(6708) Dat log --- cycle is complete
Current gc epoch: 5442
heap: ______
capacity: 268435456
used: 147739984
committed: 268435456
bytes_allocated_since_gc_start: 144966160
hot_size: 0
cold_size: 3002230
num_regions: 1024
hot_region_count: 18446744073709407279
cold_region_count: 144356
histogram: Placeholder

[892.397s][info][gc             ] GC(6708) Obj count ac histogram
[892.397s][info][gc             ] GC(6708) 	0: 203099
[892.397s][info][gc             ] GC(6708) 	1: 15
[892.397s][info][gc             ] GC(6708) 	2: 4313
[892.397s][info][gc             ] GC(6708) 	3: 4308
[892.397s][info][gc             ] GC(6708) 	4: 884
[892.397s][info][gc             ] GC(6708) 	5: 15
[892.397s][info][gc             ] GC(6708) 	6: 0
[892.397s][info][gc             ] GC(6708) 	7: 0
[892.397s][info][gc             ] GC(6708) 	8: 0
[892.397s][info][gc             ] GC(6708) 	9: 0
[892.397s][info][gc             ] GC(6708) 	10: 0
[892.397s][info][gc             ] GC(6708) 	11: 0
[892.397s][info][gc             ] GC(6708) 	12: 0
[892.397s][info][gc             ] GC(6708) 	13: 0
[892.397s][info][gc             ] GC(6708) 	14: 0
[892.397s][info][gc             ] GC(6708) 	15: 0
[892.397s][info][gc             ] GC(6708) 	16: 0
[892.397s][info][gc             ] GC(6708) 	17: 0
[892.397s][info][gc             ] GC(6708) 	18: 0
[892.397s][info][gc             ] GC(6708) 	19: 0
[892.397s][info][gc             ] GC(6708) Obj size ac histogram
[892.397s][info][gc             ] GC(6708) 	0: 2221559
[892.397s][info][gc             ] GC(6708) 	1: 672
[892.397s][info][gc             ] GC(6708) 	2: 55992
[892.397s][info][gc             ] GC(6708) 	3: 40274
[892.397s][info][gc             ] GC(6708) 	4: 5458
[892.397s][info][gc             ] GC(6708) 	5: 150
[892.397s][info][gc             ] GC(6708) 	6: 0
[892.397s][info][gc             ] GC(6708) 	7: 0
[892.397s][info][gc             ] GC(6708) 	8: 0
[892.397s][info][gc             ] GC(6708) 	9: 0
[892.397s][info][gc             ] GC(6708) 	10: 0
[892.397s][info][gc             ] GC(6708) 	11: 0
[892.397s][info][gc             ] GC(6708) 	12: 0
[892.397s][info][gc             ] GC(6708) 	13: 0
[892.397s][info][gc             ] GC(6708) 	14: 0
[892.397s][info][gc             ] GC(6708) 	15: 0
[892.397s][info][gc             ] GC(6708) 	16: 0
[892.397s][info][gc             ] GC(6708) 	17: 0
[892.397s][info][gc             ] GC(6708) 	18: 0
[892.397s][info][gc             ] GC(6708) 	19: 0
[892.397s][info][gc,ergo        ] Free: 97643K, Max: 256K regular, 49664K humongous, Frag: 49% external, 4% internal; Reserve: 13312K, Max: 256K
[892.397s][info][gc,stats       ] 
[892.397s][info][gc,stats       ] All times are wall-clock times, except per-root-class counters, that are sum over
[892.397s][info][gc,stats       ] all workers. Dividing the <total> over the root stage time estimates parallelism.
[892.397s][info][gc,stats       ] 
[892.397s][info][gc,stats       ] Concurrent Reset                    631 us
[892.397s][info][gc,stats       ] Pause Init Mark (G)                2100 us
[892.397s][info][gc,stats       ] Pause Init Mark (N)                1731 us
[892.397s][info][gc,stats       ]   Accumulate Stats                    7 us
[892.397s][info][gc,stats       ]   Make Parsable                      53 us
[892.397s][info][gc,stats       ]   Update Region States               17 us
[892.397s][info][gc,stats       ]   Scan Roots                        719 us, parallelism: 1.53x
[892.397s][info][gc,stats       ]     S: <total>                     1099 us
[892.397s][info][gc,stats       ]     S: Thread Roots                 395 us, workers (us):  24,  58,   1, 224,  38,  50, ---, ---, ---, ---, ---, ---, ---, ---, ---, ---, ---, ---, ---, ---, ---, ---, ---, ---, 
[892.397s][info][gc,stats       ]     S: Universe Roots                33 us, workers (us):  33, ---, ---, ---, ---, ---, ---, ---, ---, ---, ---, ---, ---, ---, ---, ---, ---, ---, ---, ---, ---, ---, ---, ---, 
[892.397s][info][gc,stats       ]     S: JNI Handles Roots             21 us, workers (us):  21, ---, ---, ---, ---, ---, ---, ---, ---, ---, ---, ---, ---, ---, ---, ---, ---, ---, ---, ---, ---, ---, ---, ---, 
[892.397s][info][gc,stats       ]     S: Synchronizer Roots             0 us, workers (us): ---,   0, ---, ---, ---, ---, ---, ---, ---, ---, ---, ---, ---, ---, ---, ---, ---, ---, ---, ---, ---, ---, ---, ---, 
[892.397s][info][gc,stats       ]     S: Management Roots               2 us, workers (us):   2, ---, ---, ---, ---, ---, ---, ---, ---, ---, ---, ---, ---, ---, ---, ---, ---, ---, ---, ---, ---, ---, ---, ---, 
[892.397s][info][gc,stats       ]     S: System Dict Roots             25 us, workers (us): ---,  25, ---, ---, ---, ---, ---, ---, ---, ---, ---, ---, ---, ---, ---, ---, ---, ---, ---, ---, ---, ---, ---, ---, 
[892.397s][info][gc,stats       ]     S: CLDG Roots                   621 us, workers (us):  25,  22, 574, ---, ---, ---, ---, ---, ---, ---, ---, ---, ---, ---, ---, ---, ---, ---, ---, ---, ---, ---, ---, ---, 
[892.397s][info][gc,stats       ]     S: JVMTI Roots                    1 us, workers (us):   1, ---, ---, ---, ---, ---, ---, ---, ---, ---, ---, ---, ---, ---, ---, ---, ---, ---, ---, ---, ---, ---, ---, ---, 
[892.397s][info][gc,stats       ]   Resize TLABs                        5 us
[892.397s][info][gc,stats       ] Concurrent Marking                63976 us
[892.397s][info][gc,stats       ] Concurrent Precleaning             4414 us
[892.397s][info][gc,stats       ] Pause Final Mark (G)              59719 us
[892.397s][info][gc,stats       ] Pause Final Mark (N)              58424 us
[892.397s][info][gc,stats       ]   Finish Queues                     198 us
[892.397s][info][gc,stats       ]   Weak References                    45 us
[892.397s][info][gc,stats       ]     Process                          34 us
[892.397s][info][gc,stats       ]   System Purge                      283 us
[892.397s][info][gc,stats       ]     Unload Classes                  115 us
[892.397s][info][gc,stats       ]     Cleanup                       54884 us, parallelism: 1.88x
[892.397s][info][gc,stats       ]       CU: <total>                103178 us
[892.397s][info][gc,stats       ]       CU: Code Cache Roots        81024 us, workers (us): 14352, 13204, 13188, 13141, 13379, 13759, ---, ---, ---, ---, ---, ---, ---, ---, ---, ---, ---, ---, ---, ---, ---, ---, ---, ---, 
[892.397s][info][gc,stats       ]       CU: Code Cache Cleaning      6562 us, workers (us): 868, 1141, 1142, 1142, 1143, 1126, ---, ---, ---, ---, ---, ---, ---, ---, ---, ---, ---, ---, ---, ---, ---, ---, ---, ---, 
[892.397s][info][gc,stats       ]       CU: String Table Roots       3465 us, workers (us):   1, 853, 868, 878, 626, 238, ---, ---, ---, ---, ---, ---, ---, ---, ---, ---, ---, ---, ---, ---, ---, ---, ---, ---, 
[892.397s][info][gc,stats       ]       CU: Resolved Table Roots       21 us, workers (us):   0,   0,   0,   0,   0,  21, ---, ---, ---, ---, ---, ---, ---, ---, ---, ---, ---, ---, ---, ---, ---, ---, ---, ---, 
[892.397s][info][gc,stats       ]       CU: CLDG Roots              12106 us, workers (us): 1973, 1996, 2020, 2033, 2046, 2037, ---, ---, ---, ---, ---, ---, ---, ---, ---, ---, ---, ---, ---, ---, ---, ---, ---, ---, 
[892.397s][info][gc,stats       ]     Weak Roots                      282 us
[892.397s][info][gc,stats       ]     CLDG                              0 us
[892.397s][info][gc,stats       ]   Update Region States               23 us
[892.397s][info][gc,stats       ]   Retire TLABs                       42 us
[892.397s][info][gc,stats       ]   Choose Collection Set             302 us
[892.397s][info][gc,stats       ]   Rebuild Free Set                   14 us
[892.397s][info][gc,stats       ]   Initial Evacuation               2328 us, parallelism: 2.77x
[892.397s][info][gc,stats       ]     E: <total>                     6448 us
[892.397s][info][gc,stats       ]     E: Thread Roots                 173 us, workers (us):   1,   1,   1, 165,   1,   2, ---, ---, ---, ---, ---, ---, ---, ---, ---, ---, ---, ---, ---, ---, ---, ---, ---, ---, 
[892.398s][info][gc,stats       ]     E: Code Cache Roots            4421 us, workers (us): 907, 968, 1331, 755, 460,   0, ---, ---, ---, ---, ---, ---, ---, ---, ---, ---, ---, ---, ---, ---, ---, ---, ---, ---, 
[892.398s][info][gc,stats       ]     E: Universe Roots                 5 us, workers (us):   5, ---, ---, ---, ---, ---, ---, ---, ---, ---, ---, ---, ---, ---, ---, ---, ---, ---, ---, ---, ---, ---, ---, ---, 
[892.398s][info][gc,stats       ]     E: JNI Handles Roots              3 us, workers (us): ---, ---, ---,   3, ---, ---, ---, ---, ---, ---, ---, ---, ---, ---, ---, ---, ---, ---, ---, ---, ---, ---, ---, ---, 
[892.398s][info][gc,stats       ]     E: Synchronizer Roots             0 us, workers (us): ---,   0, ---, ---, ---, ---, ---, ---, ---, ---, ---, ---, ---, ---, ---, ---, ---, ---, ---, ---, ---, ---, ---, ---, 
[892.398s][info][gc,stats       ]     E: Management Roots              13 us, workers (us): ---,  13, ---, ---, ---, ---, ---, ---, ---, ---, ---, ---, ---, ---, ---, ---, ---, ---, ---, ---, ---, ---, ---, ---, 
[892.398s][info][gc,stats       ]     E: System Dict Roots             10 us, workers (us):  10, ---, ---, ---, ---, ---, ---, ---, ---, ---, ---, ---, ---, ---, ---, ---, ---, ---, ---, ---, ---, ---, ---, ---, 
[892.398s][info][gc,stats       ]     E: CLDG Roots                  1823 us, workers (us): ---,  72, ---, ---, 754, 997, ---, ---, ---, ---, ---, ---, ---, ---, ---, ---, ---, ---, ---, ---, ---, ---, ---, ---, 
[892.398s][info][gc,stats       ]     E: JVMTI Roots                    1 us, workers (us): ---,   1, ---, ---, ---, ---, ---, ---, ---, ---, ---, ---, ---, ---, ---, ---, ---, ---, ---, ---, ---, ---, ---, ---, 
[892.398s][info][gc,stats       ] Concurrent Cleanup                16164 us
[892.398s][info][gc,stats       ] Concurrent Evacuation              2686 us
[892.398s][info][gc,stats       ] Pause Init  Update Refs (G)         503 us
[892.398s][info][gc,stats       ] Pause Init  Update Refs (N)         217 us
[892.398s][info][gc,stats       ]   Retire GCLABs                     200 us
[892.398s][info][gc,stats       ] Concurrent Update Refs            16689 us
[892.398s][info][gc,stats       ] Pause Final Update Refs (G)        1081 us
[892.398s][info][gc,stats       ] Pause Final Update Refs (N)         225 us
[892.398s][info][gc,stats       ]   Update Roots                      152 us, parallelism: 1.37x
[892.398s][info][gc,stats       ]     UR: <total>                     208 us
[892.398s][info][gc,stats       ]     UR: Thread Roots                208 us, workers (us): 106,  55,  38,   4,   2,   2, ---, ---, ---, ---, ---, ---, ---, ---, ---, ---, ---, ---, ---, ---, ---, ---, ---, ---, 
[892.398s][info][gc,stats       ]   Update Region States               24 us
[892.398s][info][gc,stats       ]   Trash Collection Set                8 us
[892.398s][info][gc,stats       ]   Rebuild Free Set                   22 us
[892.398s][info][gc,stats       ] Concurrent Cleanup                  700 us
[892.398s][info][gc,stats       ] Pacing                            78768 us
[892.398s][info][gc,stats       ] 
[892.398s][info][gc,stats       ] Allocation pacing accrued:
[892.398s][info][gc,stats       ]      79 of   171 ms ( 46.0%): pl.nadoba.jvm.gc.benchmark.App.main()
[892.398s][info][gc,stats       ]      79 of   171 ms ( 46.0%): <total>
[892.398s][info][gc,stats       ]       8 of   171 ms (  4.6%): <average total>
[892.398s][info][gc,stats       ]      79 of   171 ms ( 46.0%): <average non-zero>
[892.398s][info][gc,stats       ] 
[892.398s][info][gc,metaspace   ] Metaspace: 24281K->24281K(1071104K)
[892.398s][info][gc,ergo        ] Pacer for Idle. Initial: 5242K, Alloc Tax Rate: 1.0x
[892.399s][info][gc             ] Trigger: Start next cycle immediately
[892.399s][info][gc,ergo        ] Free: 88171K, Max: 256K regular, 49664K humongous, Frag: 44% external, 4% internal; Reserve: 13312K, Max: 256K
[892.399s][info][gc,start       ] GC(6709) Concurrent reset
[892.399s][info][gc,task        ] GC(6709) Using 6 of 24 workers for concurrent reset
[892.399s][info][gc,ergo        ] GC(6709) Pacer for Reset. Non-Taxable: 256M
[892.400s][info][gc             ] GC(6709) Concurrent reset 0.623ms
[892.400s][info][gc,start       ] GC(6709) Pause Init Mark (unload classes)
[892.400s][info][gc,task        ] GC(6709) Using 6 of 24 workers for init marking
[892.402s][info][gc,ergo        ] GC(6709) Pacer for Mark. Expected Live: 10458K, Free: 88171K, Non-Taxable: 8817K, Alloc Tax Rate: 0.1x
[892.402s][info][gc             ] GC(6709) Pause Init Mark (unload classes) 1.809ms
[892.402s][info][gc,start       ] GC(6709) Concurrent marking (unload classes)
[892.402s][info][gc,task        ] GC(6709) Using 6 of 24 workers for concurrent marking
[892.469s][info][gc             ] GC(6709) Concurrent marking (unload classes) 67.517ms
[892.471s][info][gc,start       ] GC(6709) Pause Final Mark (unload classes)
[892.471s][info][gc,task        ] GC(6709) Using 6 of 24 workers for final marking
[892.528s][info][gc,stringtable ] GC(6709) Cleaned string and symbol table, strings: 8172 processed, 0 removed, symbols: 68000 processed, 0 removed
[892.529s][info][gc,ergo        ] GC(6709) Collectable Garbage: 141M (100%), Immediate: 140M (99%), CSet: 1260K (0%)
[892.531s][info][gc,ergo        ] GC(6709) Pacer for Evacuation. Used CSet: 5119K, Free: 178M, Non-Taxable: 18237K, Alloc Tax Rate: 1.1x
[892.531s][info][gc             ] GC(6709) Pause Final Mark (unload classes) 60.101ms
[892.531s][info][gc,start       ] GC(6709) Concurrent cleanup
[892.552s][info][gc             ] GC(6709) Concurrent cleanup 203M->83M(256M) 20.766ms
[892.552s][info][gc,ergo        ] GC(6709) Free: 156M, Max: 256K regular, 60416K humongous, Frag: 63% external, 1% internal; Reserve: 12670K, Max: 256K
[892.552s][info][gc,start       ] GC(6709) Concurrent evacuation
[892.552s][info][gc,task        ] GC(6709) Using 6 of 24 workers for concurrent evacuation
[892.556s][info][gc             ] GC(6709) Concurrent evacuation 3.763ms
[892.556s][info][gc,start       ] GC(6709) Pause Init Update Refs
[892.556s][info][gc,ergo        ] GC(6709) Pacer for Update Refs. Used: 90004K, Free: 156M, Non-Taxable: 16061K, Alloc Tax Rate: 1.1x
[892.556s][info][gc             ] GC(6709) Pause Init Update Refs 0.221ms
[892.556s][info][gc,start       ] GC(6709) Concurrent update references
[892.556s][info][gc,task        ] GC(6709) Using 6 of 24 workers for concurrent reference update
[892.572s][info][gc             ] GC(6709) Concurrent update references 16.094ms
[892.573s][info][gc,start       ] GC(6709) Pause Final Update Refs
[892.574s][info][gc,task        ] GC(6709) Using 6 of 24 workers for final reference update
[892.574s][info][gc             ] GC(6709) Pause Final Update Refs 0.276ms
[892.574s][info][gc,start       ] GC(6709) Concurrent cleanup
[892.575s][info][gc             ] GC(6709) Concurrent cleanup 152M->147M(256M) 0.879ms
[892.575s][info][gc             ] GC(6709) Dat log --- cycle is complete
Current gc epoch: 5443
heap: ______
capacity: 268435456
used: 155079920
committed: 268435456
bytes_allocated_since_gc_start: 150995472
hot_size: 0
cold_size: 3002230
num_regions: 1024
hot_region_count: 18446744073709407260
cold_region_count: 144375
histogram: Placeholder

[892.575s][info][gc             ] GC(6709) Obj count ac histogram
[892.575s][info][gc             ] GC(6709) 	0: 213826
[892.575s][info][gc             ] GC(6709) 	1: 15
[892.575s][info][gc             ] GC(6709) 	2: 2
[892.575s][info][gc             ] GC(6709) 	3: 0
[892.575s][info][gc             ] GC(6709) 	4: 0
[892.575s][info][gc             ] GC(6709) 	5: 0
[892.575s][info][gc             ] GC(6709) 	6: 0
[892.575s][info][gc             ] GC(6709) 	7: 0
[892.575s][info][gc             ] GC(6709) 	8: 0
[892.575s][info][gc             ] GC(6709) 	9: 0
[892.575s][info][gc             ] GC(6709) 	10: 0
[892.575s][info][gc             ] GC(6709) 	11: 0
[892.575s][info][gc             ] GC(6709) 	12: 0
[892.575s][info][gc             ] GC(6709) 	13: 0
[892.575s][info][gc             ] GC(6709) 	14: 0
[892.575s][info][gc             ] GC(6709) 	15: 0
[892.575s][info][gc             ] GC(6709) 	16: 0
[892.575s][info][gc             ] GC(6709) 	17: 0
[892.575s][info][gc             ] GC(6709) 	18: 0
[892.575s][info][gc             ] GC(6709) 	19: 0
[892.575s][info][gc             ] GC(6709) Obj size ac histogram
[892.575s][info][gc             ] GC(6709) 	0: 2256157
[892.575s][info][gc             ] GC(6709) 	1: 720
[892.575s][info][gc             ] GC(6709) 	2: 14
[892.575s][info][gc             ] GC(6709) 	3: 0
[892.575s][info][gc             ] GC(6709) 	4: 0
[892.575s][info][gc             ] GC(6709) 	5: 0
[892.575s][info][gc             ] GC(6709) 	6: 0
[892.575s][info][gc             ] GC(6709) 	7: 0
[892.575s][info][gc             ] GC(6709) 	8: 0
[892.575s][info][gc             ] GC(6709) 	9: 0
[892.575s][info][gc             ] GC(6709) 	10: 0
[892.575s][info][gc             ] GC(6709) 	11: 0
[892.575s][info][gc             ] GC(6709) 	12: 0
[892.575s][info][gc             ] GC(6709) 	13: 0
[892.575s][info][gc             ] GC(6709) 	14: 0
[892.575s][info][gc             ] GC(6709) 	15: 0
[892.575s][info][gc             ] GC(6709) 	16: 0
[892.575s][info][gc             ] GC(6709) 	17: 0
[892.575s][info][gc             ] GC(6709) 	18: 0
[892.575s][info][gc             ] GC(6709) 	19: 0
[892.575s][info][gc,ergo        ] Free: 91755K, Max: 256K regular, 53248K humongous, Frag: 42% external, 4% internal; Reserve: 13312K, Max: 256K
[892.575s][info][gc,stats       ] 
[892.575s][info][gc,stats       ] All times are wall-clock times, except per-root-class counters, that are sum over
[892.575s][info][gc,stats       ] all workers. Dividing the <total> over the root stage time estimates parallelism.
[892.575s][info][gc,stats       ] 
[892.575s][info][gc,stats       ] Concurrent Reset                    612 us
[892.575s][info][gc,stats       ] Pause Init Mark (G)                2079 us
[892.575s][info][gc,stats       ] Pause Init Mark (N)                1760 us
[892.575s][info][gc,stats       ]   Accumulate Stats                    6 us
[892.575s][info][gc,stats       ]   Make Parsable                      46 us
[892.575s][info][gc,stats       ]   Update Region States               16 us
[892.575s][info][gc,stats       ]   Scan Roots                        965 us, parallelism: 1.21x
[892.575s][info][gc,stats       ]     S: <total>                     1168 us
[892.575s][info][gc,stats       ]     S: Thread Roots                 270 us, workers (us):  61,  27,  22,   1, 127,  32, ---, ---, ---, ---, ---, ---, ---, ---, ---, ---, ---, ---, ---, ---, ---, ---, ---, ---, 
[892.575s][info][gc,stats       ]     S: Universe Roots                38 us, workers (us):  38, ---, ---, ---, ---, ---, ---, ---, ---, ---, ---, ---, ---, ---, ---, ---, ---, ---, ---, ---, ---, ---, ---, ---, 
[892.575s][info][gc,stats       ]     S: JNI Handles Roots             12 us, workers (us): ---, ---,  12, ---, ---, ---, ---, ---, ---, ---, ---, ---, ---, ---, ---, ---, ---, ---, ---, ---, ---, ---, ---, ---, 
[892.575s][info][gc,stats       ]     S: Synchronizer Roots             0 us, workers (us): ---,   0, ---, ---, ---, ---, ---, ---, ---, ---, ---, ---, ---, ---, ---, ---, ---, ---, ---, ---, ---, ---, ---, ---, 
[892.575s][info][gc,stats       ]     S: Management Roots               1 us, workers (us): ---,   1, ---, ---, ---, ---, ---, ---, ---, ---, ---, ---, ---, ---, ---, ---, ---, ---, ---, ---, ---, ---, ---, ---, 
[892.575s][info][gc,stats       ]     S: System Dict Roots             21 us, workers (us): ---,  21, ---, ---, ---, ---, ---, ---, ---, ---, ---, ---, ---, ---, ---, ---, ---, ---, ---, ---, ---, ---, ---, ---, 
[892.575s][info][gc,stats       ]     S: CLDG Roots                   825 us, workers (us):  13, ---, ---, 804,   8, ---, ---, ---, ---, ---, ---, ---, ---, ---, ---, ---, ---, ---, ---, ---, ---, ---, ---, ---, 
[892.575s][info][gc,stats       ]     S: JVMTI Roots                    1 us, workers (us): ---, ---,   1, ---, ---, ---, ---, ---, ---, ---, ---, ---, ---, ---, ---, ---, ---, ---, ---, ---, ---, ---, ---, ---, 
[892.575s][info][gc,stats       ]   Resize TLABs                        3 us
[892.575s][info][gc,stats       ] Concurrent Marking                67479 us
[892.575s][info][gc,stats       ] Pause Final Mark (G)              61853 us
[892.575s][info][gc,stats       ] Pause Final Mark (N)              60050 us
[892.575s][info][gc,stats       ]   Finish Queues                     190 us
[892.575s][info][gc,stats       ]   System Purge                      234 us
[892.575s][info][gc,stats       ]     Unload Classes                   92 us
[892.575s][info][gc,stats       ]     Cleanup                       56821 us, parallelism: 1.73x
[892.575s][info][gc,stats       ]       CU: <total>                 98169 us
[892.575s][info][gc,stats       ]       CU: Code Cache Roots        76013 us, workers (us): 13650, 12595, 12787, 12283, 12442, 12256, ---, ---, ---, ---, ---, ---, ---, ---, ---, ---, ---, ---, ---, ---, ---, ---, ---, ---, 
[892.575s][info][gc,stats       ]       CU: Code Cache Cleaning      6731 us, workers (us): 1004, 1148, 1150, 1147, 1132, 1150, ---, ---, ---, ---, ---, ---, ---, ---, ---, ---, ---, ---, ---, ---, ---, ---, ---, ---, 
[892.575s][info][gc,stats       ]       CU: String Table Roots       3853 us, workers (us):   1, 675, 477, 956, 783, 962, ---, ---, ---, ---, ---, ---, ---, ---, ---, ---, ---, ---, ---, ---, ---, ---, ---, ---, 
[892.575s][info][gc,stats       ]       CU: Resolved Table Roots       19 us, workers (us):   0,   0,   0,   0,  18,   0, ---, ---, ---, ---, ---, ---, ---, ---, ---, ---, ---, ---, ---, ---, ---, ---, ---, ---, 
[892.575s][info][gc,stats       ]       CU: CLDG Roots              11552 us, workers (us): 1696, 1971, 1990, 1964, 1956, 1976, ---, ---, ---, ---, ---, ---, ---, ---, ---, ---, ---, ---, ---, ---, ---, ---, ---, ---, 
[892.575s][info][gc,stats       ]     Weak Roots                      233 us
[892.575s][info][gc,stats       ]     CLDG                              1 us
[892.575s][info][gc,stats       ]   Update Region States               26 us
[892.575s][info][gc,stats       ]   Retire TLABs                       46 us
[892.575s][info][gc,stats       ]   Choose Collection Set             406 us
[892.575s][info][gc,stats       ]   Rebuild Free Set                   19 us
[892.575s][info][gc,stats       ]   Initial Evacuation               2008 us, parallelism: 2.61x
[892.575s][info][gc,stats       ]     E: <total>                     5249 us
[892.575s][info][gc,stats       ]     E: Thread Roots                 159 us, workers (us):   1,  43, 111,   1,   1,   1, ---, ---, ---, ---, ---, ---, ---, ---, ---, ---, ---, ---, ---, ---, ---, ---, ---, ---, 
[892.575s][info][gc,stats       ]     E: Code Cache Roots            4209 us, workers (us): 911, 717, 293, 913, 455, 920, ---, ---, ---, ---, ---, ---, ---, ---, ---, ---, ---, ---, ---, ---, ---, ---, ---, ---, 
[892.575s][info][gc,stats       ]     E: Universe Roots                 6 us, workers (us):   6, ---, ---, ---, ---, ---, ---, ---, ---, ---, ---, ---, ---, ---, ---, ---, ---, ---, ---, ---, ---, ---, ---, ---, 
[892.575s][info][gc,stats       ]     E: JNI Handles Roots              4 us, workers (us): ---,   4, ---, ---, ---, ---, ---, ---, ---, ---, ---, ---, ---, ---, ---, ---, ---, ---, ---, ---, ---, ---, ---, ---, 
[892.575s][info][gc,stats       ]     E: Synchronizer Roots             1 us, workers (us): ---,   1, ---, ---, ---, ---, ---, ---, ---, ---, ---, ---, ---, ---, ---, ---, ---, ---, ---, ---, ---, ---, ---, ---, 
[892.576s][info][gc,stats       ]     E: Management Roots               3 us, workers (us): ---,   3, ---, ---, ---, ---, ---, ---, ---, ---, ---, ---, ---, ---, ---, ---, ---, ---, ---, ---, ---, ---, ---, ---, 
[892.576s][info][gc,stats       ]     E: System Dict Roots             12 us, workers (us): ---, ---,  12, ---, ---, ---, ---, ---, ---, ---, ---, ---, ---, ---, ---, ---, ---, ---, ---, ---, ---, ---, ---, ---, 
[892.576s][info][gc,stats       ]     E: CLDG Roots                   855 us, workers (us): ---,  53, 403, ---, 399, ---, ---, ---, ---, ---, ---, ---, ---, ---, ---, ---, ---, ---, ---, ---, ---, ---, ---, ---, 
[892.576s][info][gc,stats       ]     E: JVMTI Roots                    1 us, workers (us):   1, ---, ---, ---, ---, ---, ---, ---, ---, ---, ---, ---, ---, ---, ---, ---, ---, ---, ---, ---, ---, ---, ---, ---, 
[892.576s][info][gc,stats       ] Concurrent Cleanup                20707 us
[892.576s][info][gc,stats       ] Concurrent Evacuation              3737 us
[892.576s][info][gc,stats       ] Pause Init  Update Refs (G)         476 us
[892.576s][info][gc,stats       ] Pause Init  Update Refs (N)         180 us
[892.576s][info][gc,stats       ]   Retire GCLABs                     162 us
[892.576s][info][gc,stats       ] Concurrent Update Refs            16066 us
[892.576s][info][gc,stats       ] Pause Final Update Refs (G)        1591 us
[892.576s][info][gc,stats       ] Pause Final Update Refs (N)         228 us
[892.576s][info][gc,stats       ]   Update Roots                      160 us, parallelism: 1.23x
[892.576s][info][gc,stats       ]     UR: <total>                     196 us
[892.576s][info][gc,stats       ]     UR: Thread Roots                196 us, workers (us):  95,  47,  45,   5,   2,   2, ---, ---, ---, ---, ---, ---, ---, ---, ---, ---, ---, ---, ---, ---, ---, ---, ---, ---, 
[892.576s][info][gc,stats       ]   Update Region States               22 us
[892.576s][info][gc,stats       ]   Trash Collection Set                7 us
[892.576s][info][gc,stats       ]   Rebuild Free Set                   21 us
[892.576s][info][gc,stats       ] Concurrent Cleanup                  830 us
[892.576s][info][gc,stats       ] Pacing                            80404 us
[892.576s][info][gc,stats       ] 
[892.576s][info][gc,stats       ] Allocation pacing accrued:
[892.576s][info][gc,stats       ]      80 of   178 ms ( 45.2%): pl.nadoba.jvm.gc.benchmark.App.main()
[892.576s][info][gc,stats       ]      80 of   178 ms ( 45.2%): <total>
[892.576s][info][gc,stats       ]       8 of   178 ms (  4.5%): <average total>
[892.576s][info][gc,stats       ]      80 of   178 ms ( 45.2%): <average non-zero>
[892.576s][info][gc,stats       ] 
[892.576s][info][gc,metaspace   ] Metaspace: 24281K->24281K(1071104K)
[892.576s][info][gc,ergo        ] Pacer for Idle. Initial: 5242K, Alloc Tax Rate: 1.0x
[892.577s][info][gc             ] Trigger: Start next cycle immediately
[892.577s][info][gc,ergo        ] Free: 83307K, Max: 256K regular, 44800K humongous, Frag: 46% external, 4% internal; Reserve: 13312K, Max: 256K
[892.577s][info][gc,start       ] GC(6710) Concurrent reset
[892.577s][info][gc,task        ] GC(6710) Using 6 of 24 workers for concurrent reset
[892.577s][info][gc,ergo        ] GC(6710) Pacer for Reset. Non-Taxable: 256M
[892.578s][info][gc             ] GC(6710) Concurrent reset 0.648ms
[892.578s][info][gc,start       ] GC(6710) Pause Init Mark
[892.578s][info][gc,task        ] GC(6710) Using 6 of 24 workers for init marking
[892.581s][info][gc,ergo        ] GC(6710) Pacer for Mark. Expected Live: 9844K, Free: 83307K, Non-Taxable: 8330K, Alloc Tax Rate: 0.1x
[892.581s][info][gc             ] GC(6710) Pause Init Mark 3.035ms
[892.581s][info][gc,start       ] GC(6710) Concurrent marking
[892.581s][info][gc,task        ] GC(6710) Using 6 of 24 workers for concurrent marking
[892.652s][info][gc             ] GC(6710) Concurrent marking 71.504ms
[892.653s][info][gc,start       ] GC(6710) Pause Final Mark
[892.653s][info][gc,task        ] GC(6710) Using 6 of 24 workers for final marking
[892.654s][info][gc,ergo        ] GC(6710) Collectable Garbage: 147M (100%), Immediate: 146M (99%), CSet: 1260K (0%)
[892.658s][info][gc,ergo        ] GC(6710) Pacer for Evacuation. Used CSet: 5120K, Free: 174M, Non-Taxable: 17905K, Alloc Tax Rate: 1.1x
[892.658s][info][gc             ] GC(6710) Pause Final Mark 4.353ms
[892.658s][info][gc,start       ] GC(6710) Concurrent cleanup
[892.679s][info][gc             ] GC(6710) Concurrent cleanup 212M->84M(256M) 21.766ms
[892.679s][info][gc,ergo        ] GC(6710) Free: 155M, Max: 256K regular, 56576K humongous, Frag: 65% external, 1% internal; Reserve: 12511K, Max: 256K
[892.679s][info][gc,start       ] GC(6710) Concurrent evacuation
[892.679s][info][gc,task        ] GC(6710) Using 6 of 24 workers for concurrent evacuation
[892.683s][info][gc             ] GC(6710) Concurrent evacuation 3.811ms
[892.684s][info][gc,start       ] GC(6710) Pause Init Update Refs
[892.684s][info][gc,ergo        ] GC(6710) Pacer for Update Refs. Used: 91028K, Free: 155M, Non-Taxable: 15959K, Alloc Tax Rate: 1.1x
[892.684s][info][gc             ] GC(6710) Pause Init Update Refs 0.287ms
[892.684s][info][gc,start       ] GC(6710) Concurrent update references
[892.684s][info][gc,task        ] GC(6710) Using 6 of 24 workers for concurrent reference update
[892.701s][info][gc             ] GC(6710) Concurrent update references 17.060ms
[892.702s][info][gc,start       ] GC(6710) Pause Final Update Refs
[892.702s][info][gc,task        ] GC(6710) Using 6 of 24 workers for final reference update
[892.702s][info][gc             ] GC(6710) Pause Final Update Refs 0.318ms
[892.702s][info][gc,start       ] GC(6710) Concurrent cleanup
[892.703s][info][gc             ] GC(6710) Concurrent cleanup 140M->135M(256M) 0.841ms
[892.703s][info][gc             ] GC(6710) Dat log --- cycle is complete
Current gc epoch: 5444
heap: ______
capacity: 268435456
used: 142497072
committed: 268435456
bytes_allocated_since_gc_start: 138936848
hot_size: 0
cold_size: 3323774
num_regions: 1024
hot_region_count: 18446744073709407241
cold_region_count: 144394
histogram: Placeholder

[892.703s][info][gc             ] GC(6710) Obj count ac histogram
[892.703s][info][gc             ] GC(6710) 	0: 220640
[892.703s][info][gc             ] GC(6710) 	1: 15
[892.703s][info][gc             ] GC(6710) 	2: 2
[892.703s][info][gc             ] GC(6710) 	3: 0
[892.703s][info][gc             ] GC(6710) 	4: 0
[892.703s][info][gc             ] GC(6710) 	5: 0
[892.703s][info][gc             ] GC(6710) 	6: 0
[892.703s][info][gc             ] GC(6710) 	7: 0
[892.703s][info][gc             ] GC(6710) 	8: 0
[892.703s][info][gc             ] GC(6710) 	9: 0
[892.703s][info][gc             ] GC(6710) 	10: 0
[892.703s][info][gc             ] GC(6710) 	11: 0
[892.703s][info][gc             ] GC(6710) 	12: 0
[892.703s][info][gc             ] GC(6710) 	13: 0
[892.703s][info][gc             ] GC(6710) 	14: 0
[892.703s][info][gc             ] GC(6710) 	15: 0
[892.703s][info][gc             ] GC(6710) 	16: 0
[892.703s][info][gc             ] GC(6710) 	17: 0
[892.703s][info][gc             ] GC(6710) 	18: 0
[892.703s][info][gc             ] GC(6710) 	19: 0
[892.703s][info][gc             ] GC(6710) Obj size ac histogram
[892.703s][info][gc             ] GC(6710) 	0: 2571142
[892.703s][info][gc             ] GC(6710) 	1: 720
[892.703s][info][gc             ] GC(6710) 	2: 14
[892.703s][info][gc             ] GC(6710) 	3: 0
[892.703s][info][gc             ] GC(6710) 	4: 0
[892.703s][info][gc             ] GC(6710) 	5: 0
[892.703s][info][gc             ] GC(6710) 	6: 0
[892.703s][info][gc             ] GC(6710) 	7: 0
[892.703s][info][gc             ] GC(6710) 	8: 0
[892.703s][info][gc             ] GC(6710) 	9: 0
[892.703s][info][gc             ] GC(6710) 	10: 0
[892.703s][info][gc             ] GC(6710) 	11: 0
[892.703s][info][gc             ] GC(6710) 	12: 0
[892.703s][info][gc             ] GC(6710) 	13: 0
[892.703s][info][gc             ] GC(6710) 	14: 0
[892.703s][info][gc             ] GC(6710) 	15: 0
[892.703s][info][gc             ] GC(6710) 	16: 0
[892.703s][info][gc             ] GC(6710) 	17: 0
[892.703s][info][gc             ] GC(6710) 	18: 0
[892.703s][info][gc             ] GC(6710) 	19: 0
[892.703s][info][gc,ergo        ] Free: 101M, Max: 256K regular, 33280K humongous, Frag: 68% external, 3% internal; Reserve: 13312K, Max: 256K
[892.703s][info][gc,stats       ] 
[892.703s][info][gc,stats       ] All times are wall-clock times, except per-root-class counters, that are sum over
[892.703s][info][gc,stats       ] all workers. Dividing the <total> over the root stage time estimates parallelism.
[892.703s][info][gc,stats       ] 
[892.703s][info][gc,stats       ] Concurrent Reset                    637 us
[892.703s][info][gc,stats       ] Pause Init Mark (G)                3392 us
[892.703s][info][gc,stats       ] Pause Init Mark (N)                2989 us
[892.703s][info][gc,stats       ]   Accumulate Stats                    5 us
[892.703s][info][gc,stats       ]   Make Parsable                      45 us
[892.703s][info][gc,stats       ]   Update Region States               16 us
[892.703s][info][gc,stats       ]   Scan Roots                       2201 us, parallelism: 2.05x
[892.703s][info][gc,stats       ]     S: <total>                     4521 us
[892.703s][info][gc,stats       ]     S: Thread Roots                 385 us, workers (us):  68,  79,   2,   2, 232,   1, ---, ---, ---, ---, ---, ---, ---, ---, ---, ---, ---, ---, ---, ---, ---, ---, ---, ---, 
[892.703s][info][gc,stats       ]     S: Universe Roots                14 us, workers (us):  14, ---, ---, ---, ---, ---, ---, ---, ---, ---, ---, ---, ---, ---, ---, ---, ---, ---, ---, ---, ---, ---, ---, ---, 
[892.703s][info][gc,stats       ]     S: JNI Handles Roots             11 us, workers (us):  11, ---, ---, ---, ---, ---, ---, ---, ---, ---, ---, ---, ---, ---, ---, ---, ---, ---, ---, ---, ---, ---, ---, ---, 
[892.703s][info][gc,stats       ]     S: Synchronizer Roots             0 us, workers (us): ---,   0, ---, ---, ---, ---, ---, ---, ---, ---, ---, ---, ---, ---, ---, ---, ---, ---, ---, ---, ---, ---, ---, ---, 
[892.703s][info][gc,stats       ]     S: Management Roots               2 us, workers (us): ---,   2, ---, ---, ---, ---, ---, ---, ---, ---, ---, ---, ---, ---, ---, ---, ---, ---, ---, ---, ---, ---, ---, ---, 
[892.703s][info][gc,stats       ]     S: System Dict Roots             55 us, workers (us): ---,  55, ---, ---, ---, ---, ---, ---, ---, ---, ---, ---, ---, ---, ---, ---, ---, ---, ---, ---, ---, ---, ---, ---, 
[892.703s][info][gc,stats       ]     S: CLDG Roots                  4053 us, workers (us): ---, ---, 227, 1826, ---, 2000, ---, ---, ---, ---, ---, ---, ---, ---, ---, ---, ---, ---, ---, ---, ---, ---, ---, ---, 
[892.703s][info][gc,stats       ]     S: JVMTI Roots                    0 us, workers (us):   0, ---, ---, ---, ---, ---, ---, ---, ---, ---, ---, ---, ---, ---, ---, ---, ---, ---, ---, ---, ---, ---, ---, ---, 
[892.703s][info][gc,stats       ]   Resize TLABs                        7 us
[892.703s][info][gc,stats       ] Concurrent Marking                71449 us
[892.703s][info][gc,stats       ] Pause Final Mark (G)               5218 us
[892.703s][info][gc,stats       ] Pause Final Mark (N)               4298 us
[892.703s][info][gc,stats       ]   Finish Queues                     201 us
[892.703s][info][gc,stats       ]   System Purge                      255 us
[892.703s][info][gc,stats       ]     Weak Roots                      254 us
[892.703s][info][gc,stats       ]   Update Region States               41 us
[892.703s][info][gc,stats       ]   Retire TLABs                       53 us
[892.703s][info][gc,stats       ]   Choose Collection Set             632 us
[892.703s][info][gc,stats       ]   Rebuild Free Set                   40 us
[892.703s][info][gc,stats       ]   Initial Evacuation               3051 us, parallelism: 1.63x
[892.703s][info][gc,stats       ]     E: <total>                     4977 us
[892.703s][info][gc,stats       ]     E: Thread Roots                 148 us, workers (us):  97,   1,  46,   2,   1,   2, ---, ---, ---, ---, ---, ---, ---, ---, ---, ---, ---, ---, ---, ---, ---, ---, ---, ---, 
[892.703s][info][gc,stats       ]     E: Code Cache Roots            4084 us, workers (us): 714, 516, 340, 800, 731, 982, ---, ---, ---, ---, ---, ---, ---, ---, ---, ---, ---, ---, ---, ---, ---, ---, ---, ---, 
[892.703s][info][gc,stats       ]     E: Universe Roots                 3 us, workers (us):   3, ---, ---, ---, ---, ---, ---, ---, ---, ---, ---, ---, ---, ---, ---, ---, ---, ---, ---, ---, ---, ---, ---, ---, 
[892.703s][info][gc,stats       ]     E: JNI Handles Roots              1 us, workers (us):   1, ---, ---, ---, ---, ---, ---, ---, ---, ---, ---, ---, ---, ---, ---, ---, ---, ---, ---, ---, ---, ---, ---, ---, 
[892.704s][info][gc,stats       ]     E: Synchronizer Roots             0 us, workers (us):   0, ---, ---, ---, ---, ---, ---, ---, ---, ---, ---, ---, ---, ---, ---, ---, ---, ---, ---, ---, ---, ---, ---, ---, 
[892.704s][info][gc,stats       ]     E: Management Roots               2 us, workers (us):   2, ---, ---, ---, ---, ---, ---, ---, ---, ---, ---, ---, ---, ---, ---, ---, ---, ---, ---, ---, ---, ---, ---, ---, 
[892.704s][info][gc,stats       ]     E: System Dict Roots              6 us, workers (us):   6, ---, ---, ---, ---, ---, ---, ---, ---, ---, ---, ---, ---, ---, ---, ---, ---, ---, ---, ---, ---, ---, ---, ---, 
[892.704s][info][gc,stats       ]     E: CLDG Roots                   731 us, workers (us): ---, 271, 398, ---,  63, ---, ---, ---, ---, ---, ---, ---, ---, ---, ---, ---, ---, ---, ---, ---, ---, ---, ---, ---, 
[892.704s][info][gc,stats       ]     E: JVMTI Roots                    1 us, workers (us):   1, ---, ---, ---, ---, ---, ---, ---, ---, ---, ---, ---, ---, ---, ---, ---, ---, ---, ---, ---, ---, ---, ---, ---, 
[892.704s][info][gc,stats       ] Concurrent Cleanup                21716 us
[892.704s][info][gc,stats       ] Concurrent Evacuation              3804 us
[892.704s][info][gc,stats       ] Pause Init  Update Refs (G)         567 us
[892.704s][info][gc,stats       ] Pause Init  Update Refs (N)         229 us
[892.704s][info][gc,stats       ]   Retire GCLABs                     200 us
[892.704s][info][gc,stats       ] Concurrent Update Refs            17028 us
[892.704s][info][gc,stats       ] Pause Final Update Refs (G)         997 us
[892.704s][info][gc,stats       ] Pause Final Update Refs (N)         261 us
[892.704s][info][gc,stats       ]   Update Roots                      167 us, parallelism: 1.28x
[892.704s][info][gc,stats       ]     UR: <total>                     214 us
[892.704s][info][gc,stats       ]     UR: Thread Roots                214 us, workers (us):  82,  27,  27,   7,  29,  42, ---, ---, ---, ---, ---, ---, ---, ---, ---, ---, ---, ---, ---, ---, ---, ---, ---, ---, 
[892.704s][info][gc,stats       ]   Update Region States               28 us
[892.704s][info][gc,stats       ]   Trash Collection Set               11 us
[892.704s][info][gc,stats       ]   Rebuild Free Set                   31 us
[892.704s][info][gc,stats       ] Concurrent Cleanup                  809 us
[892.704s][info][gc,stats       ] Pacing                            90387 us
[892.704s][info][gc,stats       ] 
[892.704s][info][gc,stats       ] Allocation pacing accrued:
[892.704s][info][gc,stats       ]      90 of   128 ms ( 70.6%): pl.nadoba.jvm.gc.benchmark.App.main()
[892.704s][info][gc,stats       ]      90 of   128 ms ( 70.6%): <total>
[892.704s][info][gc,stats       ]       9 of   128 ms (  7.1%): <average total>
[892.704s][info][gc,stats       ]      90 of   128 ms ( 70.6%): <average non-zero>
[892.704s][info][gc,stats       ] 
[892.704s][info][gc,metaspace   ] Metaspace: 24281K->24281K(1071104K)
[892.704s][info][gc,ergo        ] Pacer for Idle. Initial: 5242K, Alloc Tax Rate: 1.0x
[892.705s][info][gc             ] Trigger: Start next cycle immediately
[892.705s][info][gc,ergo        ] Free: 97899K, Max: 256K regular, 33280K humongous, Frag: 66% external, 3% internal; Reserve: 13312K, Max: 256K
[892.705s][info][gc,start       ] GC(6711) Concurrent reset
[892.705s][info][gc,task        ] GC(6711) Using 6 of 24 workers for concurrent reset
[892.705s][info][gc,ergo        ] GC(6711) Pacer for Reset. Non-Taxable: 256M
[892.706s][info][gc             ] GC(6711) Concurrent reset 0.672ms
[892.706s][info][gc,start       ] GC(6711) Pause Init Mark (process weakrefs) (unload classes)
[892.706s][info][gc,task        ] GC(6711) Using 6 of 24 workers for init marking
[892.708s][info][gc,ergo        ] GC(6711) Pacer for Mark. Expected Live: 8615K, Free: 92523K, Non-Taxable: 9252K, Alloc Tax Rate: 0.1x
[892.708s][info][gc             ] GC(6711) Pause Init Mark (process weakrefs) (unload classes) 1.896ms
[892.708s][info][gc,start       ] GC(6711) Concurrent marking (process weakrefs) (unload classes)
[892.708s][info][gc,task        ] GC(6711) Using 6 of 24 workers for concurrent marking
[892.772s][info][gc             ] GC(6711) Concurrent marking (process weakrefs) (unload classes) 64.178ms
[892.772s][info][gc,start       ] GC(6711) Concurrent precleaning
[892.772s][info][gc,task        ] GC(6711) Using 1 of 24 workers for concurrent preclean
[892.772s][info][gc,ergo        ] GC(6711) Pacer for Precleaning. Non-Taxable: 256M
[892.777s][info][gc             ] GC(6711) Concurrent precleaning 4.152ms
[892.777s][info][gc,start       ] GC(6711) Pause Final Mark (process weakrefs) (unload classes)
[892.777s][info][gc,task        ] GC(6711) Using 6 of 24 workers for final marking
[892.835s][info][gc,stringtable ] GC(6711) Cleaned string and symbol table, strings: 8172 processed, 0 removed, symbols: 68000 processed, 0 removed
[892.835s][info][gc,ergo        ] GC(6711) Collectable Garbage: 132M (100%), Immediate: 131M (99%), CSet: 1260K (0%)
[892.838s][info][gc,ergo        ] GC(6711) Pacer for Evacuation. Used CSet: 5120K, Free: 155M, Non-Taxable: 15933K, Alloc Tax Rate: 1.1x
[892.838s][info][gc             ] GC(6711) Pause Final Mark (process weakrefs) (unload classes) 60.442ms
[892.838s][info][gc,start       ] GC(6711) Concurrent cleanup
[892.857s][info][gc             ] GC(6711) Concurrent cleanup 214M->104M(256M) 19.307ms
[892.857s][info][gc,ergo        ] GC(6711) Free: 133M, Max: 256K regular, 69632K humongous, Frag: 49% external, 2% internal; Reserve: 12667K, Max: 256K
[892.857s][info][gc,start       ] GC(6711) Concurrent evacuation
[892.857s][info][gc,task        ] GC(6711) Using 6 of 24 workers for concurrent evacuation
[892.860s][info][gc             ] GC(6711) Concurrent evacuation 3.325ms
[892.861s][info][gc,start       ] GC(6711) Pause Init Update Refs
[892.861s][info][gc,ergo        ] GC(6711) Pacer for Update Refs. Used: 109M, Free: 133M, Non-Taxable: 13681K, Alloc Tax Rate: 1.1x
[892.861s][info][gc             ] GC(6711) Pause Init Update Refs 0.257ms
[892.861s][info][gc,start       ] GC(6711) Concurrent update references
[892.861s][info][gc,task        ] GC(6711) Using 6 of 24 workers for concurrent reference update
[892.878s][info][gc             ] GC(6711) Concurrent update references 17.066ms
[892.878s][info][gc,start       ] GC(6711) Pause Final Update Refs
[892.878s][info][gc,task        ] GC(6711) Using 6 of 24 workers for final reference update
[892.879s][info][gc             ] GC(6711) Pause Final Update Refs 0.306ms
[892.879s][info][gc,start       ] GC(6711) Concurrent cleanup
[892.879s][info][gc             ] GC(6711) Concurrent cleanup 161M->156M(256M) 0.666ms
[892.879s][info][gc             ] GC(6711) Dat log --- cycle is complete
Current gc epoch: 5445
heap: ______
capacity: 268435456
used: 163731056
committed: 268435456
bytes_allocated_since_gc_start: 162529808
hot_size: 0
cold_size: 3395450
num_regions: 1024
hot_region_count: 18446744073709407222
cold_region_count: 144414
histogram: Placeholder

[892.879s][info][gc             ] GC(6711) Obj count ac histogram
[892.879s][info][gc             ] GC(6711) 	0: 204324
[892.879s][info][gc             ] GC(6711) 	1: 15
[892.879s][info][gc             ] GC(6711) 	2: 4122
[892.879s][info][gc             ] GC(6711) 	3: 4446
[892.879s][info][gc             ] GC(6711) 	4: 897
[892.879s][info][gc             ] GC(6711) 	5: 15
[892.879s][info][gc             ] GC(6711) 	6: 0
[892.879s][info][gc             ] GC(6711) 	7: 0
[892.879s][info][gc             ] GC(6711) 	8: 0
[892.879s][info][gc             ] GC(6711) 	9: 0
[892.879s][info][gc             ] GC(6711) 	10: 0
[892.879s][info][gc             ] GC(6711) 	11: 0
[892.879s][info][gc             ] GC(6711) 	12: 0
[892.879s][info][gc             ] GC(6711) 	13: 0
[892.879s][info][gc             ] GC(6711) 	14: 0
[892.879s][info][gc             ] GC(6711) 	15: 0
[892.879s][info][gc             ] GC(6711) 	16: 0
[892.879s][info][gc             ] GC(6711) 	17: 0
[892.879s][info][gc             ] GC(6711) 	18: 0
[892.879s][info][gc             ] GC(6711) 	19: 0
[892.879s][info][gc             ] GC(6711) Obj size ac histogram
[892.879s][info][gc             ] GC(6711) 	0: 1927863
[892.879s][info][gc             ] GC(6711) 	1: 720
[892.879s][info][gc             ] GC(6711) 	2: 53595
[892.879s][info][gc             ] GC(6711) 	3: 41282
[892.879s][info][gc             ] GC(6711) 	4: 5560
[892.879s][info][gc             ] GC(6711) 	5: 150
[892.879s][info][gc             ] GC(6711) 	6: 0
[892.879s][info][gc             ] GC(6711) 	7: 0
[892.879s][info][gc             ] GC(6711) 	8: 0
[892.879s][info][gc             ] GC(6711) 	9: 0
[892.879s][info][gc             ] GC(6711) 	10: 0
[892.879s][info][gc             ] GC(6711) 	11: 0
[892.879s][info][gc             ] GC(6711) 	12: 0
[892.879s][info][gc             ] GC(6711) 	13: 0
[892.879s][info][gc             ] GC(6711) 	14: 0
[892.879s][info][gc             ] GC(6711) 	15: 0
[892.879s][info][gc             ] GC(6711) 	16: 0
[892.879s][info][gc             ] GC(6711) 	17: 0
[892.879s][info][gc             ] GC(6711) 	18: 0
[892.879s][info][gc             ] GC(6711) 	19: 0
[892.880s][info][gc,ergo        ] Free: 78955K, Max: 256K regular, 43520K humongous, Frag: 45% external, 4% internal; Reserve: 13312K, Max: 256K
[892.880s][info][gc,stats       ] 
[892.880s][info][gc,stats       ] All times are wall-clock times, except per-root-class counters, that are sum over
[892.880s][info][gc,stats       ] all workers. Dividing the <total> over the root stage time estimates parallelism.
[892.880s][info][gc,stats       ] 
[892.880s][info][gc,stats       ] Concurrent Reset                    656 us
[892.880s][info][gc,stats       ] Pause Init Mark (G)                2636 us
[892.880s][info][gc,stats       ] Pause Init Mark (N)                1838 us
[892.880s][info][gc,stats       ]   Accumulate Stats                    7 us
[892.880s][info][gc,stats       ]   Make Parsable                      53 us
[892.880s][info][gc,stats       ]   Update Region States               19 us
[892.880s][info][gc,stats       ]   Scan Roots                        865 us, parallelism: 1.54x
[892.880s][info][gc,stats       ]     S: <total>                     1335 us
[892.880s][info][gc,stats       ]     S: Thread Roots                 493 us, workers (us):  30,   2, 101,  54, 261,  45, ---, ---, ---, ---, ---, ---, ---, ---, ---, ---, ---, ---, ---, ---, ---, ---, ---, ---, 
[892.880s][info][gc,stats       ]     S: Universe Roots                33 us, workers (us):  33, ---, ---, ---, ---, ---, ---, ---, ---, ---, ---, ---, ---, ---, ---, ---, ---, ---, ---, ---, ---, ---, ---, ---, 
[892.880s][info][gc,stats       ]     S: JNI Handles Roots             24 us, workers (us): ---, ---,  24, ---, ---, ---, ---, ---, ---, ---, ---, ---, ---, ---, ---, ---, ---, ---, ---, ---, ---, ---, ---, ---, 
[892.880s][info][gc,stats       ]     S: Synchronizer Roots             0 us, workers (us):   0, ---, ---, ---, ---, ---, ---, ---, ---, ---, ---, ---, ---, ---, ---, ---, ---, ---, ---, ---, ---, ---, ---, ---, 
[892.880s][info][gc,stats       ]     S: Management Roots               2 us, workers (us):   2, ---, ---, ---, ---, ---, ---, ---, ---, ---, ---, ---, ---, ---, ---, ---, ---, ---, ---, ---, ---, ---, ---, ---, 
[892.880s][info][gc,stats       ]     S: System Dict Roots             33 us, workers (us):  33, ---, ---, ---, ---, ---, ---, ---, ---, ---, ---, ---, ---, ---, ---, ---, ---, ---, ---, ---, ---, ---, ---, ---, 
[892.880s][info][gc,stats       ]     S: CLDG Roots                   749 us, workers (us): ---, 725,  12,  12, ---, ---, ---, ---, ---, ---, ---, ---, ---, ---, ---, ---, ---, ---, ---, ---, ---, ---, ---, ---, 
[892.880s][info][gc,stats       ]     S: JVMTI Roots                    1 us, workers (us): ---,   1, ---, ---, ---, ---, ---, ---, ---, ---, ---, ---, ---, ---, ---, ---, ---, ---, ---, ---, ---, ---, ---, ---, 
[892.880s][info][gc,stats       ]   Resize TLABs                        4 us
[892.880s][info][gc,stats       ] Concurrent Marking                64138 us
[892.880s][info][gc,stats       ] Concurrent Precleaning             4129 us
[892.880s][info][gc,stats       ] Pause Final Mark (G)              61143 us
[892.880s][info][gc,stats       ] Pause Final Mark (N)              60383 us
[892.880s][info][gc,stats       ]   Finish Queues                     186 us
[892.880s][info][gc,stats       ]   Weak References                    45 us
[892.880s][info][gc,stats       ]     Process                          35 us
[892.880s][info][gc,stats       ]   System Purge                      244 us
[892.880s][info][gc,stats       ]     Unload Classes                   99 us
[892.880s][info][gc,stats       ]     Cleanup                       56966 us, parallelism: 1.93x
[892.880s][info][gc,stats       ]       CU: <total>                110081 us
[892.880s][info][gc,stats       ]       CU: Code Cache Roots        84331 us, workers (us): 15481, 13751, 13633, 13675, 14035, 13757, ---, ---, ---, ---, ---, ---, ---, ---, ---, ---, ---, ---, ---, ---, ---, ---, ---, ---, 
[892.880s][info][gc,stats       ]       CU: Code Cache Cleaning     10229 us, workers (us): 874, 1875, 1874, 1855, 1875, 1877, ---, ---, ---, ---, ---, ---, ---, ---, ---, ---, ---, ---, ---, ---, ---, ---, ---, ---, 
[892.880s][info][gc,stats       ]       CU: String Table Roots       3417 us, workers (us):   1, 727, 842, 778, 405, 665, ---, ---, ---, ---, ---, ---, ---, ---, ---, ---, ---, ---, ---, ---, ---, ---, ---, ---, 
[892.880s][info][gc,stats       ]       CU: Resolved Table Roots       22 us, workers (us):   0,   0,   0,  22,   0,   0, ---, ---, ---, ---, ---, ---, ---, ---, ---, ---, ---, ---, ---, ---, ---, ---, ---, ---, 
[892.880s][info][gc,stats       ]       CU: CLDG Roots              12081 us, workers (us): 2016, 2000, 2041, 2045, 1989, 1990, ---, ---, ---, ---, ---, ---, ---, ---, ---, ---, ---, ---, ---, ---, ---, ---, ---, ---, 
[892.880s][info][gc,stats       ]     Weak Roots                      243 us
[892.880s][info][gc,stats       ]     CLDG                              1 us
[892.880s][info][gc,stats       ]   Update Region States               26 us
[892.880s][info][gc,stats       ]   Retire TLABs                       41 us
[892.880s][info][gc,stats       ]   Choose Collection Set             356 us
[892.880s][info][gc,stats       ]   Rebuild Free Set                   15 us
[892.880s][info][gc,stats       ]   Initial Evacuation               2216 us, parallelism: 2.79x
[892.880s][info][gc,stats       ]     E: <total>                     6192 us
[892.880s][info][gc,stats       ]     E: Thread Roots                 208 us, workers (us):   1, 123,  12,   1,  69,   1, ---, ---, ---, ---, ---, ---, ---, ---, ---, ---, ---, ---, ---, ---, ---, ---, ---, ---, 
[892.880s][info][gc,stats       ]     E: Code Cache Roots            4621 us, workers (us): 952, 883, 512, 353, 901, 1018, ---, ---, ---, ---, ---, ---, ---, ---, ---, ---, ---, ---, ---, ---, ---, ---, ---, ---, 
[892.880s][info][gc,stats       ]     E: Universe Roots                 6 us, workers (us):   6, ---, ---, ---, ---, ---, ---, ---, ---, ---, ---, ---, ---, ---, ---, ---, ---, ---, ---, ---, ---, ---, ---, ---, 
[892.880s][info][gc,stats       ]     E: JNI Handles Roots              3 us, workers (us): ---,   3, ---, ---, ---, ---, ---, ---, ---, ---, ---, ---, ---, ---, ---, ---, ---, ---, ---, ---, ---, ---, ---, ---, 
[892.880s][info][gc,stats       ]     E: Synchronizer Roots             1 us, workers (us): ---,   1, ---, ---, ---, ---, ---, ---, ---, ---, ---, ---, ---, ---, ---, ---, ---, ---, ---, ---, ---, ---, ---, ---, 
[892.880s][info][gc,stats       ]     E: Management Roots               2 us, workers (us): ---,   2, ---, ---, ---, ---, ---, ---, ---, ---, ---, ---, ---, ---, ---, ---, ---, ---, ---, ---, ---, ---, ---, ---, 
[892.880s][info][gc,stats       ]     E: System Dict Roots             22 us, workers (us):  22, ---, ---, ---, ---, ---, ---, ---, ---, ---, ---, ---, ---, ---, ---, ---, ---, ---, ---, ---, ---, ---, ---, ---, 
[892.880s][info][gc,stats       ]     E: CLDG Roots                  1328 us, workers (us):  96, ---, 462, 771, ---, ---, ---, ---, ---, ---, ---, ---, ---, ---, ---, ---, ---, ---, ---, ---, ---, ---, ---, ---, 
[892.880s][info][gc,stats       ]     E: JVMTI Roots                    1 us, workers (us): ---,   1, ---, ---, ---, ---, ---, ---, ---, ---, ---, ---, ---, ---, ---, ---, ---, ---, ---, ---, ---, ---, ---, ---, 
[892.880s][info][gc,stats       ] Concurrent Cleanup                19251 us
[892.880s][info][gc,stats       ] Concurrent Evacuation              3313 us
[892.880s][info][gc,stats       ] Pause Init  Update Refs (G)         513 us
[892.880s][info][gc,stats       ] Pause Init  Update Refs (N)         225 us
[892.880s][info][gc,stats       ]   Retire GCLABs                     206 us
[892.880s][info][gc,stats       ] Concurrent Update Refs            17039 us
[892.880s][info][gc,stats       ] Pause Final Update Refs (G)         613 us
[892.880s][info][gc,stats       ] Pause Final Update Refs (N)         266 us
[892.880s][info][gc,stats       ]   Update Roots                      206 us, parallelism: 1.13x
[892.880s][info][gc,stats       ]     UR: <total>                     233 us
[892.880s][info][gc,stats       ]     UR: Thread Roots                233 us, workers (us): 100,  24,  25,   9,  44,  31, ---, ---, ---, ---, ---, ---, ---, ---, ---, ---, ---, ---, ---, ---, ---, ---, ---, ---, 
[892.880s][info][gc,stats       ]   Update Region States               22 us
[892.880s][info][gc,stats       ]   Trash Collection Set                7 us
[892.880s][info][gc,stats       ]   Rebuild Free Set                   16 us
[892.880s][info][gc,stats       ] Concurrent Cleanup                  638 us
[892.880s][info][gc,stats       ] Pacing                            76241 us
[892.880s][info][gc,stats       ] 
[892.880s][info][gc,stats       ] Allocation pacing accrued:
[892.880s][info][gc,stats       ]      76 of   176 ms ( 43.3%): pl.nadoba.jvm.gc.benchmark.App.main()
[892.880s][info][gc,stats       ]      76 of   176 ms ( 43.3%): <total>
[892.880s][info][gc,stats       ]       8 of   176 ms (  4.3%): <average total>
[892.880s][info][gc,stats       ]      76 of   176 ms ( 43.3%): <average non-zero>
[892.880s][info][gc,stats       ] 
[892.880s][info][gc,metaspace   ] Metaspace: 24281K->24281K(1071104K)
[892.880s][info][gc,ergo        ] Pacer for Idle. Initial: 5242K, Alloc Tax Rate: 1.0x
[892.881s][info][gc             ] Trigger: Start next cycle immediately
[892.881s][info][gc,ergo        ] Free: 72299K, Max: 256K regular, 43520K humongous, Frag: 40% external, 5% internal; Reserve: 13312K, Max: 256K
[892.881s][info][gc,start       ] GC(6712) Concurrent reset
[892.881s][info][gc,task        ] GC(6712) Using 6 of 24 workers for concurrent reset
[892.881s][info][gc,ergo        ] GC(6712) Pacer for Reset. Non-Taxable: 256M
[892.882s][info][gc             ] GC(6712) Concurrent reset 0.613ms
[892.882s][info][gc,start       ] GC(6712) Pause Init Mark (process weakrefs) (unload classes)
[892.882s][info][gc,task        ] GC(6712) Using 6 of 24 workers for init marking
[892.884s][info][gc,ergo        ] GC(6712) Pacer for Mark. Expected Live: 9639K, Free: 72299K, Non-Taxable: 7229K, Alloc Tax Rate: 0.2x
[892.884s][info][gc             ] GC(6712) Pause Init Mark (process weakrefs) (unload classes) 2.050ms
[892.884s][info][gc,start       ] GC(6712) Concurrent marking (process weakrefs) (unload classes)
[892.884s][info][gc,task        ] GC(6712) Using 6 of 24 workers for concurrent marking
[892.952s][info][gc             ] GC(6712) Concurrent marking (process weakrefs) (unload classes) 67.656ms
[892.952s][info][gc,start       ] GC(6712) Concurrent precleaning
[892.952s][info][gc,task        ] GC(6712) Using 1 of 24 workers for concurrent preclean
[892.952s][info][gc,ergo        ] GC(6712) Pacer for Precleaning. Non-Taxable: 256M
[892.956s][info][gc             ] GC(6712) Concurrent precleaning 4.359ms
[892.956s][info][gc,start       ] GC(6712) Pause Final Mark (process weakrefs) (unload classes)
[892.956s][info][gc,task        ] GC(6712) Using 6 of 24 workers for final marking
[893.011s][info][gc,stringtable ] GC(6712) Cleaned string and symbol table, strings: 8172 processed, 0 removed, symbols: 68000 processed, 0 removed
[893.012s][info][gc,ergo        ] GC(6712) Collectable Garbage: 154M (100%), Immediate: 153M (99%), CSet: 1516K (0%)
[893.014s][info][gc,ergo        ] GC(6712) Pacer for Evacuation. Used CSet: 5376K, Free: 198M, Non-Taxable: 20311K, Alloc Tax Rate: 1.1x
[893.014s][info][gc             ] GC(6712) Pause Final Mark (process weakrefs) (unload classes) 57.442ms
[893.014s][info][gc,start       ] GC(6712) Concurrent cleanup
[893.035s][info][gc             ] GC(6712) Concurrent cleanup 196M->71M(256M) 21.357ms
[893.035s][info][gc,ergo        ] GC(6712) Free: 169M, Max: 256K regular, 65792K humongous, Frag: 63% external, 1% internal; Reserve: 12544K, Max: 256K
[893.035s][info][gc,start       ] GC(6712) Concurrent evacuation
[893.035s][info][gc,task        ] GC(6712) Using 6 of 24 workers for concurrent evacuation
[893.038s][info][gc             ] GC(6712) Concurrent evacuation 2.949ms
[893.038s][info][gc,start       ] GC(6712) Pause Init Update Refs
[893.039s][info][gc,ergo        ] GC(6712) Pacer for Update Refs. Used: 77203K, Free: 169M, Non-Taxable: 17367K, Alloc Tax Rate: 1.1x
[893.039s][info][gc             ] GC(6712) Pause Init Update Refs 0.247ms
[893.039s][info][gc,start       ] GC(6712) Concurrent update references
[893.039s][info][gc,task        ] GC(6712) Using 6 of 24 workers for concurrent reference update
[893.056s][info][gc             ] GC(6712) Concurrent update references 17.483ms
[893.057s][info][gc,start       ] GC(6712) Pause Final Update Refs
[893.057s][info][gc,task        ] GC(6712) Using 6 of 24 workers for final reference update
[893.058s][info][gc             ] GC(6712) Pause Final Update Refs 0.291ms
[893.058s][info][gc,start       ] GC(6712) Concurrent cleanup
[893.059s][info][gc             ] GC(6712) Concurrent cleanup 128M->127M(256M) 0.814ms
[893.059s][info][gc             ] GC(6712) Dat log --- cycle is complete
Current gc epoch: 5446
heap: ______
capacity: 268435456
used: 133320648
committed: 268435456
bytes_allocated_since_gc_start: 129499664
hot_size: 0
cold_size: 2084735
num_regions: 1024
hot_region_count: 18446744073709407202
cold_region_count: 144434
histogram: Placeholder

[893.059s][info][gc             ] GC(6712) Obj count ac histogram
[893.059s][info][gc             ] GC(6712) 	0: 209667
[893.059s][info][gc             ] GC(6712) 	1: 15
[893.059s][info][gc             ] GC(6712) 	2: 4563
[893.059s][info][gc             ] GC(6712) 	3: 4304
[893.059s][info][gc             ] GC(6712) 	4: 882
[893.059s][info][gc             ] GC(6712) 	5: 15
[893.059s][info][gc             ] GC(6712) 	6: 0
[893.059s][info][gc             ] GC(6712) 	7: 0
[893.059s][info][gc             ] GC(6712) 	8: 0
[893.059s][info][gc             ] GC(6712) 	9: 0
[893.059s][info][gc             ] GC(6712) 	10: 0
[893.059s][info][gc             ] GC(6712) 	11: 0
[893.059s][info][gc             ] GC(6712) 	12: 0
[893.059s][info][gc             ] GC(6712) 	13: 0
[893.059s][info][gc             ] GC(6712) 	14: 0
[893.059s][info][gc             ] GC(6712) 	15: 0
[893.059s][info][gc             ] GC(6712) 	16: 0
[893.059s][info][gc             ] GC(6712) 	17: 0
[893.059s][info][gc             ] GC(6712) 	18: 0
[893.059s][info][gc             ] GC(6712) 	19: 0
[893.059s][info][gc             ] GC(6712) Obj size ac histogram
[893.059s][info][gc             ] GC(6712) 	0: 1284433
[893.059s][info][gc             ] GC(6712) 	1: 720
[893.059s][info][gc             ] GC(6712) 	2: 60599
[893.059s][info][gc             ] GC(6712) 	3: 40024
[893.059s][info][gc             ] GC(6712) 	4: 5458
[893.059s][info][gc             ] GC(6712) 	5: 150
[893.059s][info][gc             ] GC(6712) 	6: 0
[893.059s][info][gc             ] GC(6712) 	7: 0
[893.059s][info][gc             ] GC(6712) 	8: 0
[893.059s][info][gc             ] GC(6712) 	9: 0
[893.059s][info][gc             ] GC(6712) 	10: 0
[893.059s][info][gc             ] GC(6712) 	11: 0
[893.059s][info][gc             ] GC(6712) 	12: 0
[893.059s][info][gc             ] GC(6712) 	13: 0
[893.059s][info][gc             ] GC(6712) 	14: 0
[893.059s][info][gc             ] GC(6712) 	15: 0
[893.059s][info][gc             ] GC(6712) 	16: 0
[893.059s][info][gc             ] GC(6712) 	17: 0
[893.059s][info][gc             ] GC(6712) 	18: 0
[893.059s][info][gc             ] GC(6712) 	19: 0
[893.059s][info][gc,ergo        ] Free: 109M, Max: 256K regular, 65792K humongous, Frag: 42% external, 3% internal; Reserve: 13312K, Max: 256K
[893.059s][info][gc,stats       ] 
[893.059s][info][gc,stats       ] All times are wall-clock times, except per-root-class counters, that are sum over
[893.059s][info][gc,stats       ] all workers. Dividing the <total> over the root stage time estimates parallelism.
[893.059s][info][gc,stats       ] 
[893.059s][info][gc,stats       ] Concurrent Reset                    603 us
[893.059s][info][gc,stats       ] Pause Init Mark (G)                2315 us
[893.059s][info][gc,stats       ] Pause Init Mark (N)                2023 us
[893.059s][info][gc,stats       ]   Accumulate Stats                    5 us
[893.059s][info][gc,stats       ]   Make Parsable                      41 us
[893.059s][info][gc,stats       ]   Update Region States               14 us
[893.059s][info][gc,stats       ]   Scan Roots                       1402 us, parallelism: 1.22x
[893.059s][info][gc,stats       ]     S: <total>                     1714 us
[893.059s][info][gc,stats       ]     S: Thread Roots                 413 us, workers (us): 204,   2,  82,  51,  33,  42, ---, ---, ---, ---, ---, ---, ---, ---, ---, ---, ---, ---, ---, ---, ---, ---, ---, ---, 
[893.059s][info][gc,stats       ]     S: Universe Roots                33 us, workers (us):  33, ---, ---, ---, ---, ---, ---, ---, ---, ---, ---, ---, ---, ---, ---, ---, ---, ---, ---, ---, ---, ---, ---, ---, 
[893.059s][info][gc,stats       ]     S: JNI Handles Roots             15 us, workers (us):  15, ---, ---, ---, ---, ---, ---, ---, ---, ---, ---, ---, ---, ---, ---, ---, ---, ---, ---, ---, ---, ---, ---, ---, 
[893.059s][info][gc,stats       ]     S: Synchronizer Roots             0 us, workers (us):   0, ---, ---, ---, ---, ---, ---, ---, ---, ---, ---, ---, ---, ---, ---, ---, ---, ---, ---, ---, ---, ---, ---, ---, 
[893.059s][info][gc,stats       ]     S: Management Roots               2 us, workers (us):   2, ---, ---, ---, ---, ---, ---, ---, ---, ---, ---, ---, ---, ---, ---, ---, ---, ---, ---, ---, ---, ---, ---, ---, 
[893.059s][info][gc,stats       ]     S: System Dict Roots             30 us, workers (us):  30, ---, ---, ---, ---, ---, ---, ---, ---, ---, ---, ---, ---, ---, ---, ---, ---, ---, ---, ---, ---, ---, ---, ---, 
[893.059s][info][gc,stats       ]     S: CLDG Roots                  1220 us, workers (us): ---, 1194,  13,  13, ---, ---, ---, ---, ---, ---, ---, ---, ---, ---, ---, ---, ---, ---, ---, ---, ---, ---, ---, ---, 
[893.059s][info][gc,stats       ]     S: JVMTI Roots                    1 us, workers (us):   1, ---, ---, ---, ---, ---, ---, ---, ---, ---, ---, ---, ---, ---, ---, ---, ---, ---, ---, ---, ---, ---, ---, ---, 
[893.059s][info][gc,stats       ]   Resize TLABs                        6 us
[893.059s][info][gc,stats       ] Concurrent Marking                67619 us
[893.059s][info][gc,stats       ] Concurrent Precleaning             4339 us
[893.059s][info][gc,stats       ] Pause Final Mark (G)              57783 us
[893.059s][info][gc,stats       ] Pause Final Mark (N)              57398 us
[893.059s][info][gc,stats       ]   Finish Queues                     173 us
[893.059s][info][gc,stats       ]   Weak References                    32 us
[893.059s][info][gc,stats       ]     Process                          25 us
[893.059s][info][gc,stats       ]   System Purge                      225 us
[893.059s][info][gc,stats       ]     Unload Classes                   79 us
[893.059s][info][gc,stats       ]     Cleanup                       54089 us, parallelism: 1.86x
[893.059s][info][gc,stats       ]       CU: <total>                100481 us
[893.059s][info][gc,stats       ]       CU: Code Cache Roots        80030 us, workers (us): 13329, 13271, 13627, 13541, 13168, 13093, ---, ---, ---, ---, ---, ---, ---, ---, ---, ---, ---, ---, ---, ---, ---, ---, ---, ---, 
[893.059s][info][gc,stats       ]       CU: Code Cache Cleaning      4647 us, workers (us): 767, 776, 776, 774, 777, 777, ---, ---, ---, ---, ---, ---, ---, ---, ---, ---, ---, ---, ---, ---, ---, ---, ---, ---, 
[893.059s][info][gc,stats       ]       CU: String Table Roots       3684 us, workers (us): 636, 696, 337, 420, 761, 834, ---, ---, ---, ---, ---, ---, ---, ---, ---, ---, ---, ---, ---, ---, ---, ---, ---, ---, 
[893.059s][info][gc,stats       ]       CU: Resolved Table Roots       13 us, workers (us):  12,   0,   0,   0,   0,   0, ---, ---, ---, ---, ---, ---, ---, ---, ---, ---, ---, ---, ---, ---, ---, ---, ---, ---, 
[893.059s][info][gc,stats       ]       CU: CLDG Roots              12107 us, workers (us): 2045, 2051, 1995, 2032, 1992, 1993, ---, ---, ---, ---, ---, ---, ---, ---, ---, ---, ---, ---, ---, ---, ---, ---, ---, ---, 
[893.059s][info][gc,stats       ]     Weak Roots                      224 us
[893.059s][info][gc,stats       ]     CLDG                              1 us
[893.059s][info][gc,stats       ]   Update Region States               25 us
[893.059s][info][gc,stats       ]   Retire TLABs                       40 us
[893.059s][info][gc,stats       ]   Choose Collection Set             411 us
[893.059s][info][gc,stats       ]   Rebuild Free Set                   20 us
[893.059s][info][gc,stats       ]   Initial Evacuation               2118 us, parallelism: 2.63x
[893.059s][info][gc,stats       ]     E: <total>                     5582 us
[893.059s][info][gc,stats       ]     E: Thread Roots                 156 us, workers (us):   1, 115,  36,   1,   1,   1, ---, ---, ---, ---, ---, ---, ---, ---, ---, ---, ---, ---, ---, ---, ---, ---, ---, ---, 
[893.059s][info][gc,stats       ]     E: Code Cache Roots            4592 us, workers (us): 989, 372, 335, 1105, 940, 851, ---, ---, ---, ---, ---, ---, ---, ---, ---, ---, ---, ---, ---, ---, ---, ---, ---, ---, 
[893.059s][info][gc,stats       ]     E: Universe Roots                 6 us, workers (us):   6, ---, ---, ---, ---, ---, ---, ---, ---, ---, ---, ---, ---, ---, ---, ---, ---, ---, ---, ---, ---, ---, ---, ---, 
[893.059s][info][gc,stats       ]     E: JNI Handles Roots              2 us, workers (us):   2, ---, ---, ---, ---, ---, ---, ---, ---, ---, ---, ---, ---, ---, ---, ---, ---, ---, ---, ---, ---, ---, ---, ---, 
[893.059s][info][gc,stats       ]     E: Synchronizer Roots             0 us, workers (us):   0, ---, ---, ---, ---, ---, ---, ---, ---, ---, ---, ---, ---, ---, ---, ---, ---, ---, ---, ---, ---, ---, ---, ---, 
[893.059s][info][gc,stats       ]     E: Management Roots               2 us, workers (us):   2, ---, ---, ---, ---, ---, ---, ---, ---, ---, ---, ---, ---, ---, ---, ---, ---, ---, ---, ---, ---, ---, ---, ---, 
[893.059s][info][gc,stats       ]     E: System Dict Roots             13 us, workers (us):  13, ---, ---, ---, ---, ---, ---, ---, ---, ---, ---, ---, ---, ---, ---, ---, ---, ---, ---, ---, ---, ---, ---, ---, 
[893.059s][info][gc,stats       ]     E: CLDG Roots                   810 us, workers (us): ---, 321, 431, ---, ---,  58, ---, ---, ---, ---, ---, ---, ---, ---, ---, ---, ---, ---, ---, ---, ---, ---, ---, ---, 
[893.059s][info][gc,stats       ]     E: JVMTI Roots                    1 us, workers (us):   1, ---, ---, ---, ---, ---, ---, ---, ---, ---, ---, ---, ---, ---, ---, ---, ---, ---, ---, ---, ---, ---, ---, ---, 
[893.059s][info][gc,stats       ] Concurrent Cleanup                21299 us
[893.059s][info][gc,stats       ] Concurrent Evacuation              2931 us
[893.059s][info][gc,stats       ] Pause Init  Update Refs (G)         475 us
[893.059s][info][gc,stats       ] Pause Init  Update Refs (N)         212 us
[893.059s][info][gc,stats       ]   Retire GCLABs                     195 us
[893.059s][info][gc,stats       ] Concurrent Update Refs            17463 us
[893.059s][info][gc,stats       ] Pause Final Update Refs (G)        1489 us
[893.059s][info][gc,stats       ] Pause Final Update Refs (N)         243 us
[893.059s][info][gc,stats       ]   Update Roots                      155 us, parallelism: 0.98x
[893.059s][info][gc,stats       ]     UR: <total>                     152 us
[893.059s][info][gc,stats       ]     UR: Thread Roots                152 us, workers (us):  61,  34,  19,  29,   6,   4, ---, ---, ---, ---, ---, ---, ---, ---, ---, ---, ---, ---, ---, ---, ---, ---, ---, ---, 
[893.059s][info][gc,stats       ]   Update Region States               28 us
[893.059s][info][gc,stats       ]   Trash Collection Set               11 us
[893.059s][info][gc,stats       ]   Rebuild Free Set                   32 us
[893.059s][info][gc,stats       ] Concurrent Cleanup                  783 us
[893.059s][info][gc,stats       ] Pacing                           149217 us
[893.059s][info][gc,stats       ] 
[893.059s][info][gc,stats       ] Allocation pacing accrued:
[893.059s][info][gc,stats       ]     149 of   180 ms ( 83.1%): pl.nadoba.jvm.gc.benchmark.App.main()
[893.059s][info][gc,stats       ]     149 of   180 ms ( 83.1%): <total>
[893.059s][info][gc,stats       ]      15 of   180 ms (  8.3%): <average total>
[893.059s][info][gc,stats       ]     149 of   180 ms ( 83.1%): <average non-zero>
[893.059s][info][gc,stats       ] 
[893.059s][info][gc,metaspace   ] Metaspace: 24281K->24281K(1071104K)
[893.059s][info][gc,ergo        ] Pacer for Idle. Initial: 5242K, Alloc Tax Rate: 1.0x
[893.061s][info][gc             ] Trigger: Start next cycle immediately
[893.061s][info][gc,ergo        ] Free: 105M, Max: 256K regular, 65792K humongous, Frag: 39% external, 3% internal; Reserve: 13312K, Max: 256K
[893.061s][info][gc,start       ] GC(6713) Concurrent reset
[893.061s][info][gc,task        ] GC(6713) Using 6 of 24 workers for concurrent reset
[893.061s][info][gc,ergo        ] GC(6713) Pacer for Reset. Non-Taxable: 256M
[893.061s][info][gc             ] GC(6713) Concurrent reset 0.684ms
[893.062s][info][gc,start       ] GC(6713) Pause Init Mark
[893.062s][info][gc,task        ] GC(6713) Using 6 of 24 workers for init marking
[893.064s][info][gc,ergo        ] GC(6713) Pacer for Mark. Expected Live: 9639K, Free: 105M, Non-Taxable: 10814K, Alloc Tax Rate: 0.1x
[893.064s][info][gc             ] GC(6713) Pause Init Mark 2.688ms
[893.064s][info][gc,start       ] GC(6713) Concurrent marking
[893.064s][info][gc,task        ] GC(6713) Using 6 of 24 workers for concurrent marking
[893.129s][info][gc             ] GC(6713) Concurrent marking 64.774ms
[893.129s][info][gc,start       ] GC(6713) Pause Final Mark
[893.129s][info][gc,task        ] GC(6713) Using 6 of 24 workers for final marking
[893.130s][info][gc,ergo        ] GC(6713) Collectable Garbage: 122M (100%), Immediate: 121M (98%), CSet: 1515K (1%)
[893.133s][info][gc,ergo        ] GC(6713) Pacer for Evacuation. Used CSet: 5374K, Free: 198M, Non-Taxable: 20311K, Alloc Tax Rate: 1.1x
[893.133s][info][gc             ] GC(6713) Pause Final Mark 4.225ms
[893.134s][info][gc,start       ] GC(6713) Concurrent cleanup
[893.152s][info][gc             ] GC(6713) Concurrent cleanup 164M->74M(256M) 18.635ms
[893.152s][info][gc,ergo        ] GC(6713) Free: 167M, Max: 256K regular, 95232K humongous, Frag: 45% external, 1% internal; Reserve: 12544K, Max: 256K
[893.152s][info][gc,start       ] GC(6713) Concurrent evacuation
[893.152s][info][gc,task        ] GC(6713) Using 6 of 24 workers for concurrent evacuation
[893.156s][info][gc             ] GC(6713) Concurrent evacuation 4.091ms
[893.157s][info][gc,start       ] GC(6713) Pause Init Update Refs
[893.157s][info][gc,ergo        ] GC(6713) Pacer for Update Refs. Used: 79974K, Free: 167M, Non-Taxable: 17111K, Alloc Tax Rate: 1.1x
[893.157s][info][gc             ] GC(6713) Pause Init Update Refs 0.270ms
[893.157s][info][gc,start       ] GC(6713) Concurrent update references
[893.157s][info][gc,task        ] GC(6713) Using 6 of 24 workers for concurrent reference update
[893.175s][info][gc             ] GC(6713) Concurrent update references 17.711ms
[893.176s][info][gc,start       ] GC(6713) Pause Final Update Refs
[893.176s][info][gc,task        ] GC(6713) Using 6 of 24 workers for final reference update
[893.177s][info][gc             ] GC(6713) Pause Final Update Refs 0.306ms
[893.177s][info][gc,start       ] GC(6713) Concurrent cleanup
[893.178s][info][gc             ] GC(6713) Concurrent cleanup 131M->125M(256M) 0.922ms
[893.178s][info][gc             ] GC(6713) Dat log --- cycle is complete
Current gc epoch: 5447
heap: ______
capacity: 268435456
used: 131965328
committed: 268435456
bytes_allocated_since_gc_start: 127140368
hot_size: 0
cold_size: 3323787
num_regions: 1024
hot_region_count: 18446744073709407182
cold_region_count: 144453
histogram: Placeholder

[893.178s][info][gc             ] GC(6713) Obj count ac histogram
[893.178s][info][gc             ] GC(6713) 	0: 212183
[893.178s][info][gc             ] GC(6713) 	1: 15
[893.178s][info][gc             ] GC(6713) 	2: 2
[893.178s][info][gc             ] GC(6713) 	3: 0
[893.178s][info][gc             ] GC(6713) 	4: 0
[893.178s][info][gc             ] GC(6713) 	5: 0
[893.178s][info][gc             ] GC(6713) 	6: 0
[893.178s][info][gc             ] GC(6713) 	7: 0
[893.178s][info][gc             ] GC(6713) 	8: 0
[893.178s][info][gc             ] GC(6713) 	9: 0
[893.178s][info][gc             ] GC(6713) 	10: 0
[893.178s][info][gc             ] GC(6713) 	11: 0
[893.178s][info][gc             ] GC(6713) 	12: 0
[893.178s][info][gc             ] GC(6713) 	13: 0
[893.178s][info][gc             ] GC(6713) 	14: 0
[893.178s][info][gc             ] GC(6713) 	15: 0
[893.178s][info][gc             ] GC(6713) 	16: 0
[893.178s][info][gc             ] GC(6713) 	17: 0
[893.178s][info][gc             ] GC(6713) 	18: 0
[893.178s][info][gc             ] GC(6713) 	19: 0
[893.178s][info][gc             ] GC(6713) Obj size ac histogram
[893.178s][info][gc             ] GC(6713) 	0: 1361351
[893.178s][info][gc             ] GC(6713) 	1: 720
[893.178s][info][gc             ] GC(6713) 	2: 14
[893.178s][info][gc             ] GC(6713) 	3: 0
[893.178s][info][gc             ] GC(6713) 	4: 0
[893.178s][info][gc             ] GC(6713) 	5: 0
[893.178s][info][gc             ] GC(6713) 	6: 0
[893.178s][info][gc             ] GC(6713) 	7: 0
[893.178s][info][gc             ] GC(6713) 	8: 0
[893.178s][info][gc             ] GC(6713) 	9: 0
[893.178s][info][gc             ] GC(6713) 	10: 0
[893.178s][info][gc             ] GC(6713) 	11: 0
[893.178s][info][gc             ] GC(6713) 	12: 0
[893.178s][info][gc             ] GC(6713) 	13: 0
[893.178s][info][gc             ] GC(6713) 	14: 0
[893.178s][info][gc             ] GC(6713) 	15: 0
[893.178s][info][gc             ] GC(6713) 	16: 0
[893.178s][info][gc             ] GC(6713) 	17: 0
[893.178s][info][gc             ] GC(6713) 	18: 0
[893.178s][info][gc             ] GC(6713) 	19: 0
[893.178s][info][gc,ergo        ] Free: 112M, Max: 256K regular, 95488K humongous, Frag: 17% external, 3% internal; Reserve: 13312K, Max: 256K
[893.178s][info][gc,stats       ] 
[893.178s][info][gc,stats       ] All times are wall-clock times, except per-root-class counters, that are sum over
[893.178s][info][gc,stats       ] all workers. Dividing the <total> over the root stage time estimates parallelism.
[893.178s][info][gc,stats       ] 
[893.178s][info][gc,stats       ] Concurrent Reset                    670 us
[893.178s][info][gc,stats       ] Pause Init Mark (G)                3023 us
[893.178s][info][gc,stats       ] Pause Init Mark (N)                2645 us
[893.178s][info][gc,stats       ]   Accumulate Stats                    5 us
[893.178s][info][gc,stats       ]   Make Parsable                      43 us
[893.178s][info][gc,stats       ]   Update Region States               14 us
[893.178s][info][gc,stats       ]   Scan Roots                       1872 us, parallelism: 2.00x
[893.178s][info][gc,stats       ]     S: <total>                     3751 us
[893.178s][info][gc,stats       ]     S: Thread Roots                 389 us, workers (us):   2,  64, 104,   1,   2, 216, ---, ---, ---, ---, ---, ---, ---, ---, ---, ---, ---, ---, ---, ---, ---, ---, ---, ---, 
[893.178s][info][gc,stats       ]     S: Universe Roots                46 us, workers (us):  46, ---, ---, ---, ---, ---, ---, ---, ---, ---, ---, ---, ---, ---, ---, ---, ---, ---, ---, ---, ---, ---, ---, ---, 
[893.178s][info][gc,stats       ]     S: JNI Handles Roots             27 us, workers (us): ---, ---,  27, ---, ---, ---, ---, ---, ---, ---, ---, ---, ---, ---, ---, ---, ---, ---, ---, ---, ---, ---, ---, ---, 
[893.178s][info][gc,stats       ]     S: Synchronizer Roots             0 us, workers (us): ---,   0, ---, ---, ---, ---, ---, ---, ---, ---, ---, ---, ---, ---, ---, ---, ---, ---, ---, ---, ---, ---, ---, ---, 
[893.178s][info][gc,stats       ]     S: Management Roots               3 us, workers (us): ---, ---,   3, ---, ---, ---, ---, ---, ---, ---, ---, ---, ---, ---, ---, ---, ---, ---, ---, ---, ---, ---, ---, ---, 
[893.178s][info][gc,stats       ]     S: System Dict Roots             29 us, workers (us): ---,  29, ---, ---, ---, ---, ---, ---, ---, ---, ---, ---, ---, ---, ---, ---, ---, ---, ---, ---, ---, ---, ---, ---, 
[893.178s][info][gc,stats       ]     S: CLDG Roots                  3257 us, workers (us): 1674, ---, ---, 1362, 221, ---, ---, ---, ---, ---, ---, ---, ---, ---, ---, ---, ---, ---, ---, ---, ---, ---, ---, ---, 
[893.178s][info][gc,stats       ]     S: JVMTI Roots                    1 us, workers (us): ---, ---,   1, ---, ---, ---, ---, ---, ---, ---, ---, ---, ---, ---, ---, ---, ---, ---, ---, ---, ---, ---, ---, ---, 
[893.178s][info][gc,stats       ]   Resize TLABs                        7 us
[893.178s][info][gc,stats       ] Concurrent Marking                64722 us
[893.178s][info][gc,stats       ] Pause Final Mark (G)               4408 us
[893.178s][info][gc,stats       ] Pause Final Mark (N)               4156 us
[893.178s][info][gc,stats       ]   Finish Queues                     200 us
[893.178s][info][gc,stats       ]   System Purge                      169 us
[893.178s][info][gc,stats       ]     Weak Roots                      168 us
[893.178s][info][gc,stats       ]   Update Region States               30 us
[893.178s][info][gc,stats       ]   Retire TLABs                       43 us
[893.178s][info][gc,stats       ]   Choose Collection Set             430 us
[893.178s][info][gc,stats       ]   Rebuild Free Set                   28 us
[893.178s][info][gc,stats       ]   Initial Evacuation               3237 us, parallelism: 1.73x
[893.178s][info][gc,stats       ]     E: <total>                     5600 us
[893.178s][info][gc,stats       ]     E: Thread Roots                 100 us, workers (us):   1,   1,   2,   1,  64,  30, ---, ---, ---, ---, ---, ---, ---, ---, ---, ---, ---, ---, ---, ---, ---, ---, ---, ---, 
[893.178s][info][gc,stats       ]     E: Code Cache Roots            4539 us, workers (us): 1034, 1176, 734, 564, 249, 781, ---, ---, ---, ---, ---, ---, ---, ---, ---, ---, ---, ---, ---, ---, ---, ---, ---, ---, 
[893.179s][info][gc,stats       ]     E: Universe Roots                 6 us, workers (us):   6, ---, ---, ---, ---, ---, ---, ---, ---, ---, ---, ---, ---, ---, ---, ---, ---, ---, ---, ---, ---, ---, ---, ---, 
[893.179s][info][gc,stats       ]     E: JNI Handles Roots              3 us, workers (us):   3, ---, ---, ---, ---, ---, ---, ---, ---, ---, ---, ---, ---, ---, ---, ---, ---, ---, ---, ---, ---, ---, ---, ---, 
[893.179s][info][gc,stats       ]     E: Synchronizer Roots             1 us, workers (us): ---,   1, ---, ---, ---, ---, ---, ---, ---, ---, ---, ---, ---, ---, ---, ---, ---, ---, ---, ---, ---, ---, ---, ---, 
[893.179s][info][gc,stats       ]     E: Management Roots               4 us, workers (us): ---, ---,   4, ---, ---, ---, ---, ---, ---, ---, ---, ---, ---, ---, ---, ---, ---, ---, ---, ---, ---, ---, ---, ---, 
[893.179s][info][gc,stats       ]     E: System Dict Roots             13 us, workers (us): ---,  13, ---, ---, ---, ---, ---, ---, ---, ---, ---, ---, ---, ---, ---, ---, ---, ---, ---, ---, ---, ---, ---, ---, 
[893.179s][info][gc,stats       ]     E: CLDG Roots                   934 us, workers (us): ---, ---,  83, 339, 512, ---, ---, ---, ---, ---, ---, ---, ---, ---, ---, ---, ---, ---, ---, ---, ---, ---, ---, ---, 
[893.179s][info][gc,stats       ]     E: JVMTI Roots                    1 us, workers (us): ---, ---,   1, ---, ---, ---, ---, ---, ---, ---, ---, ---, ---, ---, ---, ---, ---, ---, ---, ---, ---, ---, ---, ---, 
[893.179s][info][gc,stats       ] Concurrent Cleanup                18584 us
[893.179s][info][gc,stats       ] Concurrent Evacuation              4074 us
[893.179s][info][gc,stats       ] Pause Init  Update Refs (G)         596 us
[893.179s][info][gc,stats       ] Pause Init  Update Refs (N)         215 us
[893.179s][info][gc,stats       ]   Retire GCLABs                     183 us
[893.179s][info][gc,stats       ] Concurrent Update Refs            17679 us
[893.179s][info][gc,stats       ] Pause Final Update Refs (G)        2100 us
[893.179s][info][gc,stats       ] Pause Final Update Refs (N)         248 us
[893.179s][info][gc,stats       ]   Update Roots                      151 us, parallelism: 1.30x
[893.179s][info][gc,stats       ]     UR: <total>                     196 us
[893.179s][info][gc,stats       ]     UR: Thread Roots                196 us, workers (us):  83,  47,  57,   8,   1,   0, ---, ---, ---, ---, ---, ---, ---, ---, ---, ---, ---, ---, ---, ---, ---, ---, ---, ---, 
[893.179s][info][gc,stats       ]   Update Region States               30 us
[893.179s][info][gc,stats       ]   Trash Collection Set               11 us
[893.179s][info][gc,stats       ]   Rebuild Free Set                   32 us
[893.179s][info][gc,stats       ] Concurrent Cleanup                  868 us
[893.179s][info][gc,stats       ] Pacing                            89372 us
[893.179s][info][gc,stats       ] 
[893.179s][info][gc,stats       ] Allocation pacing accrued:
[893.179s][info][gc,stats       ]      89 of   119 ms ( 74.9%): pl.nadoba.jvm.gc.benchmark.App.main()
[893.179s][info][gc,stats       ]      89 of   119 ms ( 74.9%): <total>
[893.179s][info][gc,stats       ]       9 of   119 ms (  7.5%): <average total>
[893.179s][info][gc,stats       ]      89 of   119 ms ( 74.9%): <average non-zero>
[893.179s][info][gc,stats       ] 
[893.179s][info][gc,metaspace   ] Metaspace: 24281K->24281K(1071104K)
[893.179s][info][gc,ergo        ] Pacer for Idle. Initial: 5242K, Alloc Tax Rate: 1.0x
[893.180s][info][gc             ] Trigger: Start next cycle immediately
[893.180s][info][gc,ergo        ] Free: 112M, Max: 256K regular, 95488K humongous, Frag: 17% external, 3% internal; Reserve: 13312K, Max: 256K
[893.180s][info][gc,start       ] GC(6714) Concurrent reset
[893.180s][info][gc,task        ] GC(6714) Using 6 of 24 workers for concurrent reset
[893.180s][info][gc,ergo        ] GC(6714) Pacer for Reset. Non-Taxable: 256M
[893.181s][info][gc             ] GC(6714) Concurrent reset 0.714ms
[893.181s][info][gc,start       ] GC(6714) Pause Init Mark (unload classes)
[893.181s][info][gc,task        ] GC(6714) Using 6 of 24 workers for init marking
[893.183s][info][gc,ergo        ] GC(6714) Pacer for Mark. Expected Live: 9639K, Free: 112M, Non-Taxable: 11509K, Alloc Tax Rate: 0.1x
[893.183s][info][gc             ] GC(6714) Pause Init Mark (unload classes) 1.652ms
[893.183s][info][gc,start       ] GC(6714) Concurrent marking (unload classes)
[893.183s][info][gc,task        ] GC(6714) Using 6 of 24 workers for concurrent marking
[893.251s][info][gc             ] GC(6714) Concurrent marking (unload classes) 67.833ms
[893.251s][info][gc,start       ] GC(6714) Pause Final Mark (unload classes)
[893.251s][info][gc,task        ] GC(6714) Using 6 of 24 workers for final marking
[893.307s][info][gc,stringtable ] GC(6714) Cleaned string and symbol table, strings: 8172 processed, 0 removed, symbols: 68000 processed, 0 removed
[893.307s][info][gc,ergo        ] GC(6714) Collectable Garbage: 117M (100%), Immediate: 116M (98%), CSet: 1216K (1%)
[893.310s][info][gc,ergo        ] GC(6714) Pacer for Evacuation. Used CSet: 5075K, Free: 184M, Non-Taxable: 18852K, Alloc Tax Rate: 1.1x
[893.310s][info][gc             ] GC(6714) Pause Final Mark (unload classes) 59.041ms
[893.310s][info][gc,start       ] GC(6714) Concurrent cleanup
[893.326s][info][gc             ] GC(6714) Concurrent cleanup 173M->84M(256M) 16.514ms
[893.326s][info][gc,ergo        ] GC(6714) Free: 155M, Max: 256K regular, 59392K humongous, Frag: 63% external, 1% internal; Reserve: 12544K, Max: 256K
[893.326s][info][gc,start       ] GC(6714) Concurrent evacuation
[893.326s][info][gc,task        ] GC(6714) Using 6 of 24 workers for concurrent evacuation
[893.329s][info][gc             ] GC(6714) Concurrent evacuation 2.934ms
[893.330s][info][gc,start       ] GC(6714) Pause Init Update Refs
[893.330s][info][gc,ergo        ] GC(6714) Pacer for Update Refs. Used: 90984K, Free: 155M, Non-Taxable: 15933K, Alloc Tax Rate: 1.1x
[893.330s][info][gc             ] GC(6714) Pause Init Update Refs 0.215ms
[893.330s][info][gc,start       ] GC(6714) Concurrent update references
[893.330s][info][gc,task        ] GC(6714) Using 6 of 24 workers for concurrent reference update
[893.347s][info][gc             ] GC(6714) Concurrent update references 17.427ms
[893.348s][info][gc,start       ] GC(6714) Pause Final Update Refs
[893.348s][info][gc,task        ] GC(6714) Using 6 of 24 workers for final reference update
[893.348s][info][gc             ] GC(6714) Pause Final Update Refs 0.308ms
[893.348s][info][gc,start       ] GC(6714) Concurrent cleanup
[893.349s][info][gc             ] GC(6714) Concurrent cleanup 143M->138M(256M) 0.925ms
[893.349s][info][gc             ] GC(6714) Dat log --- cycle is complete
Current gc epoch: 5448
heap: ______
capacity: 268435456
used: 145642736
committed: 268435456
bytes_allocated_since_gc_start: 141558288
hot_size: 0
cold_size: 3264387
num_regions: 1024
hot_region_count: 18446744073709407163
cold_region_count: 144472
histogram: Placeholder

[893.349s][info][gc             ] GC(6714) Obj count ac histogram
[893.349s][info][gc             ] GC(6714) 	0: 215364
[893.349s][info][gc             ] GC(6714) 	1: 15
[893.349s][info][gc             ] GC(6714) 	2: 2
[893.349s][info][gc             ] GC(6714) 	3: 0
[893.349s][info][gc             ] GC(6714) 	4: 0
[893.349s][info][gc             ] GC(6714) 	5: 0
[893.349s][info][gc             ] GC(6714) 	6: 0
[893.349s][info][gc             ] GC(6714) 	7: 0
[893.349s][info][gc             ] GC(6714) 	8: 0
[893.349s][info][gc             ] GC(6714) 	9: 0
[893.349s][info][gc             ] GC(6714) 	10: 0
[893.349s][info][gc             ] GC(6714) 	11: 0
[893.349s][info][gc             ] GC(6714) 	12: 0
[893.349s][info][gc             ] GC(6714) 	13: 0
[893.349s][info][gc             ] GC(6714) 	14: 0
[893.349s][info][gc             ] GC(6714) 	15: 0
[893.349s][info][gc             ] GC(6714) 	16: 0
[893.349s][info][gc             ] GC(6714) 	17: 0
[893.349s][info][gc             ] GC(6714) 	18: 0
[893.349s][info][gc             ] GC(6714) 	19: 0
[893.349s][info][gc             ] GC(6714) Obj size ac histogram
[893.349s][info][gc             ] GC(6714) 	0: 2566903
[893.350s][info][gc             ] GC(6714) 	1: 720
[893.350s][info][gc             ] GC(6714) 	2: 14
[893.350s][info][gc             ] GC(6714) 	3: 0
[893.350s][info][gc             ] GC(6714) 	4: 0
[893.350s][info][gc             ] GC(6714) 	5: 0
[893.350s][info][gc             ] GC(6714) 	6: 0
[893.350s][info][gc             ] GC(6714) 	7: 0
[893.350s][info][gc             ] GC(6714) 	8: 0
[893.350s][info][gc             ] GC(6714) 	9: 0
[893.350s][info][gc             ] GC(6714) 	10: 0
[893.350s][info][gc             ] GC(6714) 	11: 0
[893.350s][info][gc             ] GC(6714) 	12: 0
[893.350s][info][gc             ] GC(6714) 	13: 0
[893.350s][info][gc             ] GC(6714) 	14: 0
[893.350s][info][gc             ] GC(6714) 	15: 0
[893.350s][info][gc             ] GC(6714) 	16: 0
[893.350s][info][gc             ] GC(6714) 	17: 0
[893.350s][info][gc             ] GC(6714) 	18: 0
[893.350s][info][gc             ] GC(6714) 	19: 0
[893.350s][info][gc,ergo        ] Free: 100971K, Max: 256K regular, 59392K humongous, Frag: 41% external, 3% internal; Reserve: 13312K, Max: 256K
[893.350s][info][gc,stats       ] 
[893.350s][info][gc,stats       ] All times are wall-clock times, except per-root-class counters, that are sum over
[893.350s][info][gc,stats       ] all workers. Dividing the <total> over the root stage time estimates parallelism.
[893.350s][info][gc,stats       ] 
[893.350s][info][gc,stats       ] Concurrent Reset                    696 us
[893.350s][info][gc,stats       ] Pause Init Mark (G)                2015 us
[893.350s][info][gc,stats       ] Pause Init Mark (N)                1605 us
[893.350s][info][gc,stats       ]   Accumulate Stats                    7 us
[893.350s][info][gc,stats       ]   Make Parsable                      54 us
[893.350s][info][gc,stats       ]   Update Region States               16 us
[893.350s][info][gc,stats       ]   Scan Roots                        641 us, parallelism: 1.33x
[893.350s][info][gc,stats       ]     S: <total>                      853 us
[893.350s][info][gc,stats       ]     S: Thread Roots                 278 us, workers (us):   1,  65,  94,  31,  37,  49, ---, ---, ---, ---, ---, ---, ---, ---, ---, ---, ---, ---, ---, ---, ---, ---, ---, ---, 
[893.350s][info][gc,stats       ]     S: Universe Roots                11 us, workers (us):  11, ---, ---, ---, ---, ---, ---, ---, ---, ---, ---, ---, ---, ---, ---, ---, ---, ---, ---, ---, ---, ---, ---, ---, 
[893.350s][info][gc,stats       ]     S: JNI Handles Roots              5 us, workers (us):   5, ---, ---, ---, ---, ---, ---, ---, ---, ---, ---, ---, ---, ---, ---, ---, ---, ---, ---, ---, ---, ---, ---, ---, 
[893.350s][info][gc,stats       ]     S: Synchronizer Roots             0 us, workers (us):   0, ---, ---, ---, ---, ---, ---, ---, ---, ---, ---, ---, ---, ---, ---, ---, ---, ---, ---, ---, ---, ---, ---, ---, 
[893.350s][info][gc,stats       ]     S: Management Roots               1 us, workers (us):   1, ---, ---, ---, ---, ---, ---, ---, ---, ---, ---, ---, ---, ---, ---, ---, ---, ---, ---, ---, ---, ---, ---, ---, 
[893.350s][info][gc,stats       ]     S: System Dict Roots             28 us, workers (us):  28, ---, ---, ---, ---, ---, ---, ---, ---, ---, ---, ---, ---, ---, ---, ---, ---, ---, ---, ---, ---, ---, ---, ---, 
[893.350s][info][gc,stats       ]     S: CLDG Roots                   529 us, workers (us): 514,   8,   6, ---, ---, ---, ---, ---, ---, ---, ---, ---, ---, ---, ---, ---, ---, ---, ---, ---, ---, ---, ---, ---, 
[893.350s][info][gc,stats       ]     S: JVMTI Roots                    1 us, workers (us):   1, ---, ---, ---, ---, ---, ---, ---, ---, ---, ---, ---, ---, ---, ---, ---, ---, ---, ---, ---, ---, ---, ---, ---, 
[893.350s][info][gc,stats       ]   Resize TLABs                        4 us
[893.350s][info][gc,stats       ] Concurrent Marking                67798 us
[893.350s][info][gc,stats       ] Pause Final Mark (G)              59217 us
[893.350s][info][gc,stats       ] Pause Final Mark (N)              58985 us
[893.350s][info][gc,stats       ]   Finish Queues                     209 us
[893.350s][info][gc,stats       ]   System Purge                      258 us
[893.350s][info][gc,stats       ]     Unload Classes                   94 us
[893.350s][info][gc,stats       ]     Cleanup                       55471 us, parallelism: 1.87x
[893.350s][info][gc,stats       ]       CU: <total>                103521 us
[893.350s][info][gc,stats       ]       CU: Code Cache Roots        78015 us, workers (us): 12731, 12586, 12613, 13057, 12597, 14433, ---, ---, ---, ---, ---, ---, ---, ---, ---, ---, ---, ---, ---, ---, ---, ---, ---, ---, 
[893.350s][info][gc,stats       ]       CU: Code Cache Cleaning      9312 us, workers (us): 1700, 1706, 1704, 1705, 1684, 814, ---, ---, ---, ---, ---, ---, ---, ---, ---, ---, ---, ---, ---, ---, ---, ---, ---, ---, 
[893.350s][info][gc,stats       ]       CU: String Table Roots       4193 us, workers (us): 835, 975, 945, 489, 948,   1, ---, ---, ---, ---, ---, ---, ---, ---, ---, ---, ---, ---, ---, ---, ---, ---, ---, ---, 
[893.350s][info][gc,stats       ]       CU: Resolved Table Roots       21 us, workers (us):   0,   0,   0,   0,  20,   0, ---, ---, ---, ---, ---, ---, ---, ---, ---, ---, ---, ---, ---, ---, ---, ---, ---, ---, 
[893.350s][info][gc,stats       ]       CU: CLDG Roots              11979 us, workers (us): 2027, 1965, 1968, 1967, 2027, 2025, ---, ---, ---, ---, ---, ---, ---, ---, ---, ---, ---, ---, ---, ---, ---, ---, ---, ---, 
[893.350s][info][gc,stats       ]     Weak Roots                      256 us
[893.350s][info][gc,stats       ]     CLDG                              1 us
[893.350s][info][gc,stats       ]   Update Region States               21 us
[893.350s][info][gc,stats       ]   Retire TLABs                       40 us
[893.350s][info][gc,stats       ]   Choose Collection Set             310 us
[893.350s][info][gc,stats       ]   Rebuild Free Set                   15 us
[893.350s][info][gc,stats       ]   Initial Evacuation               2374 us, parallelism: 2.90x
[893.350s][info][gc,stats       ]     E: <total>                     6891 us
[893.350s][info][gc,stats       ]     E: Thread Roots                 147 us, workers (us):   2, 109,   1,   2,   2,  32, ---, ---, ---, ---, ---, ---, ---, ---, ---, ---, ---, ---, ---, ---, ---, ---, ---, ---, 
[893.350s][info][gc,stats       ]     E: Code Cache Roots            5313 us, workers (us):   0, 598, 1343, 1108, 1332, 932, ---, ---, ---, ---, ---, ---, ---, ---, ---, ---, ---, ---, ---, ---, ---, ---, ---, ---, 
[893.350s][info][gc,stats       ]     E: Universe Roots                 5 us, workers (us):   5, ---, ---, ---, ---, ---, ---, ---, ---, ---, ---, ---, ---, ---, ---, ---, ---, ---, ---, ---, ---, ---, ---, ---, 
[893.350s][info][gc,stats       ]     E: JNI Handles Roots              2 us, workers (us):   2, ---, ---, ---, ---, ---, ---, ---, ---, ---, ---, ---, ---, ---, ---, ---, ---, ---, ---, ---, ---, ---, ---, ---, 
[893.350s][info][gc,stats       ]     E: Synchronizer Roots             0 us, workers (us): ---,   0, ---, ---, ---, ---, ---, ---, ---, ---, ---, ---, ---, ---, ---, ---, ---, ---, ---, ---, ---, ---, ---, ---, 
[893.350s][info][gc,stats       ]     E: Management Roots               3 us, workers (us):   3, ---, ---, ---, ---, ---, ---, ---, ---, ---, ---, ---, ---, ---, ---, ---, ---, ---, ---, ---, ---, ---, ---, ---, 
[893.350s][info][gc,stats       ]     E: System Dict Roots             11 us, workers (us): ---,  11, ---, ---, ---, ---, ---, ---, ---, ---, ---, ---, ---, ---, ---, ---, ---, ---, ---, ---, ---, ---, ---, ---, 
[893.350s][info][gc,stats       ]     E: CLDG Roots                  1409 us, workers (us): 1025, 315, ---, ---, ---,  69, ---, ---, ---, ---, ---, ---, ---, ---, ---, ---, ---, ---, ---, ---, ---, ---, ---, ---, 
[893.350s][info][gc,stats       ]     E: JVMTI Roots                    1 us, workers (us): ---, ---,   1, ---, ---, ---, ---, ---, ---, ---, ---, ---, ---, ---, ---, ---, ---, ---, ---, ---, ---, ---, ---, ---, 
[893.350s][info][gc,stats       ] Concurrent Cleanup                16456 us
[893.350s][info][gc,stats       ] Concurrent Evacuation              2926 us
[893.350s][info][gc,stats       ] Pause Init  Update Refs (G)         473 us
[893.350s][info][gc,stats       ] Pause Init  Update Refs (N)         183 us
[893.350s][info][gc,stats       ]   Retire GCLABs                     168 us
[893.351s][info][gc,stats       ] Concurrent Update Refs            17393 us
[893.351s][info][gc,stats       ] Pause Final Update Refs (G)        1079 us
[893.351s][info][gc,stats       ] Pause Final Update Refs (N)         267 us
[893.351s][info][gc,stats       ]   Update Roots                      192 us, parallelism: 1.20x
[893.351s][info][gc,stats       ]     UR: <total>                     231 us
[893.351s][info][gc,stats       ]     UR: Thread Roots                231 us, workers (us):  96,  23,  10,  27,  43,  33, ---, ---, ---, ---, ---, ---, ---, ---, ---, ---, ---, ---, ---, ---, ---, ---, ---, ---, 
[893.351s][info][gc,stats       ]   Update Region States               23 us
[893.351s][info][gc,stats       ]   Trash Collection Set               16 us
[893.351s][info][gc,stats       ]   Rebuild Free Set                   19 us
[893.351s][info][gc,stats       ] Concurrent Cleanup                  896 us
[893.351s][info][gc,stats       ] Pacing                           140382 us
[893.351s][info][gc,stats       ] 
[893.351s][info][gc,stats       ] Allocation pacing accrued:
[893.351s][info][gc,stats       ]     140 of   172 ms ( 81.7%): pl.nadoba.jvm.gc.benchmark.App.main()
[893.351s][info][gc,stats       ]     140 of   172 ms ( 81.7%): <total>
[893.351s][info][gc,stats       ]      14 of   172 ms (  8.2%): <average total>
[893.351s][info][gc,stats       ]     140 of   172 ms ( 81.7%): <average non-zero>
[893.351s][info][gc,stats       ] 
[893.351s][info][gc,metaspace   ] Metaspace: 24281K->24281K(1071104K)
[893.351s][info][gc,ergo        ] Pacer for Idle. Initial: 5242K, Alloc Tax Rate: 1.0x
[893.352s][info][gc             ] Trigger: Start next cycle immediately
[893.352s][info][gc,ergo        ] Free: 92011K, Max: 256K regular, 59392K humongous, Frag: 36% external, 4% internal; Reserve: 13312K, Max: 256K
[893.352s][info][gc,start       ] GC(6715) Concurrent reset
[893.352s][info][gc,task        ] GC(6715) Using 6 of 24 workers for concurrent reset
[893.352s][info][gc,ergo        ] GC(6715) Pacer for Reset. Non-Taxable: 256M
[893.353s][info][gc             ] GC(6715) Concurrent reset 0.754ms
[893.354s][info][gc,start       ] GC(6715) Pause Init Mark (unload classes)
[893.354s][info][gc,task        ] GC(6715) Using 6 of 24 workers for init marking
[893.356s][info][gc,ergo        ] GC(6715) Pacer for Mark. Expected Live: 9639K, Free: 79979K, Non-Taxable: 7997K, Alloc Tax Rate: 0.1x
[893.356s][info][gc             ] GC(6715) Pause Init Mark (unload classes) 1.542ms
[893.356s][info][gc,start       ] GC(6715) Concurrent marking (unload classes)
[893.356s][info][gc,task        ] GC(6715) Using 6 of 24 workers for concurrent marking
[893.416s][info][gc             ] GC(6715) Concurrent marking (unload classes) 59.594ms
[893.416s][info][gc,start       ] GC(6715) Pause Final Mark (unload classes)
[893.416s][info][gc,task        ] GC(6715) Using 6 of 24 workers for final marking
[893.470s][info][gc,stringtable ] GC(6715) Cleaned string and symbol table, strings: 8172 processed, 0 removed, symbols: 68000 processed, 0 removed
[893.471s][info][gc,ergo        ] GC(6715) Collectable Garbage: 142M (100%), Immediate: 141M (99%), CSet: 1260K (0%)
[893.473s][info][gc,ergo        ] GC(6715) Pacer for Evacuation. Used CSet: 5120K, Free: 159M, Non-Taxable: 16369K, Alloc Tax Rate: 1.1x
[893.473s][info][gc             ] GC(6715) Pause Final Mark (unload classes) 57.388ms
[893.473s][info][gc,start       ] GC(6715) Concurrent cleanup
[893.494s][info][gc             ] GC(6715) Concurrent cleanup 220M->108M(256M) 20.756ms
[893.494s][info][gc,ergo        ] GC(6715) Free: 129M, Max: 256K regular, 80384K humongous, Frag: 40% external, 2% internal; Reserve: 12635K, Max: 256K
[893.494s][info][gc,start       ] GC(6715) Concurrent evacuation
[893.494s][info][gc,task        ] GC(6715) Using 6 of 24 workers for concurrent evacuation
[893.497s][info][gc             ] GC(6715) Concurrent evacuation 3.131ms
[893.497s][info][gc,start       ] GC(6715) Pause Init Update Refs
[893.498s][info][gc,ergo        ] GC(6715) Pacer for Update Refs. Used: 112M, Free: 129M, Non-Taxable: 13245K, Alloc Tax Rate: 1.1x
[893.498s][info][gc             ] GC(6715) Pause Init Update Refs 0.287ms
[893.498s][info][gc,start       ] GC(6715) Concurrent update references
[893.498s][info][gc,task        ] GC(6715) Using 6 of 24 workers for concurrent reference update
[893.514s][info][gc             ] GC(6715) Concurrent update references 16.249ms
[893.516s][info][gc,start       ] GC(6715) Pause Final Update Refs
[893.516s][info][gc,task        ] GC(6715) Using 6 of 24 workers for final reference update
[893.516s][info][gc             ] GC(6715) Pause Final Update Refs 0.315ms
[893.516s][info][gc,start       ] GC(6715) Concurrent cleanup
[893.517s][info][gc             ] GC(6715) Concurrent cleanup 166M->161M(256M) 0.931ms
[893.517s][info][gc             ] GC(6715) Dat log --- cycle is complete
Current gc epoch: 5449
heap: ______
capacity: 268435456
used: 169760240
committed: 268435456
bytes_allocated_since_gc_start: 172491280
hot_size: 0
cold_size: 3919751
num_regions: 1024
hot_region_count: 18446744073709407144
cold_region_count: 144491
histogram: Placeholder

[893.517s][info][gc             ] GC(6715) Obj count ac histogram
[893.517s][info][gc             ] GC(6715) 	0: 196263
[893.517s][info][gc             ] GC(6715) 	1: 15
[893.517s][info][gc             ] GC(6715) 	2: 2
[893.517s][info][gc             ] GC(6715) 	3: 0
[893.517s][info][gc             ] GC(6715) 	4: 0
[893.517s][info][gc             ] GC(6715) 	5: 0
[893.517s][info][gc             ] GC(6715) 	6: 0
[893.517s][info][gc             ] GC(6715) 	7: 0
[893.517s][info][gc             ] GC(6715) 	8: 0
[893.517s][info][gc             ] GC(6715) 	9: 0
[893.517s][info][gc             ] GC(6715) 	10: 0
[893.517s][info][gc             ] GC(6715) 	11: 0
[893.517s][info][gc             ] GC(6715) 	12: 0
[893.517s][info][gc             ] GC(6715) 	13: 0
[893.517s][info][gc             ] GC(6715) 	14: 0
[893.517s][info][gc             ] GC(6715) 	15: 0
[893.517s][info][gc             ] GC(6715) 	16: 0
[893.517s][info][gc             ] GC(6715) 	17: 0
[893.517s][info][gc             ] GC(6715) 	18: 0
[893.517s][info][gc             ] GC(6715) 	19: 0
[893.517s][info][gc             ] GC(6715) Obj size ac histogram
[893.517s][info][gc             ] GC(6715) 	0: 2206126
[893.517s][info][gc             ] GC(6715) 	1: 720
[893.517s][info][gc             ] GC(6715) 	2: 14
[893.517s][info][gc             ] GC(6715) 	3: 0
[893.517s][info][gc             ] GC(6715) 	4: 0
[893.517s][info][gc             ] GC(6715) 	5: 0
[893.517s][info][gc             ] GC(6715) 	6: 0
[893.517s][info][gc             ] GC(6715) 	7: 0
[893.518s][info][gc             ] GC(6715) 	8: 0
[893.518s][info][gc             ] GC(6715) 	9: 0
[893.518s][info][gc             ] GC(6715) 	10: 0
[893.518s][info][gc             ] GC(6715) 	11: 0
[893.518s][info][gc             ] GC(6715) 	12: 0
[893.518s][info][gc             ] GC(6715) 	13: 0
[893.518s][info][gc             ] GC(6715) 	14: 0
[893.518s][info][gc             ] GC(6715) 	15: 0
[893.518s][info][gc             ] GC(6715) 	16: 0
[893.518s][info][gc             ] GC(6715) 	17: 0
[893.518s][info][gc             ] GC(6715) 	18: 0
[893.518s][info][gc             ] GC(6715) 	19: 0
[893.518s][info][gc,ergo        ] Free: 72043K, Max: 256K regular, 36864K humongous, Frag: 49% external, 5% internal; Reserve: 13312K, Max: 256K
[893.518s][info][gc,stats       ] 
[893.518s][info][gc,stats       ] All times are wall-clock times, except per-root-class counters, that are sum over
[893.518s][info][gc,stats       ] all workers. Dividing the <total> over the root stage time estimates parallelism.
[893.518s][info][gc,stats       ] 
[893.518s][info][gc,stats       ] Concurrent Reset                    736 us
[893.518s][info][gc,stats       ] Pause Init Mark (G)                3338 us
[893.518s][info][gc,stats       ] Pause Init Mark (N)                1498 us
[893.518s][info][gc,stats       ]   Accumulate Stats                    5 us
[893.518s][info][gc,stats       ]   Make Parsable                      43 us
[893.518s][info][gc,stats       ]   Update Region States               28 us
[893.518s][info][gc,stats       ]   Scan Roots                        808 us, parallelism: 1.64x
[893.518s][info][gc,stats       ]     S: <total>                     1322 us
[893.518s][info][gc,stats       ]     S: Thread Roots                 494 us, workers (us):  46,   2,  82, 253,  65,  46, ---, ---, ---, ---, ---, ---, ---, ---, ---, ---, ---, ---, ---, ---, ---, ---, ---, ---, 
[893.518s][info][gc,stats       ]     S: Universe Roots                45 us, workers (us):  45, ---, ---, ---, ---, ---, ---, ---, ---, ---, ---, ---, ---, ---, ---, ---, ---, ---, ---, ---, ---, ---, ---, ---, 
[893.518s][info][gc,stats       ]     S: JNI Handles Roots             27 us, workers (us): ---, ---, ---, ---,  27, ---, ---, ---, ---, ---, ---, ---, ---, ---, ---, ---, ---, ---, ---, ---, ---, ---, ---, ---, 
[893.518s][info][gc,stats       ]     S: Synchronizer Roots             0 us, workers (us): ---,   0, ---, ---, ---, ---, ---, ---, ---, ---, ---, ---, ---, ---, ---, ---, ---, ---, ---, ---, ---, ---, ---, ---, 
[893.518s][info][gc,stats       ]     S: Management Roots               2 us, workers (us): ---,   2, ---, ---, ---, ---, ---, ---, ---, ---, ---, ---, ---, ---, ---, ---, ---, ---, ---, ---, ---, ---, ---, ---, 
[893.518s][info][gc,stats       ]     S: System Dict Roots             53 us, workers (us): ---, ---,  53, ---, ---, ---, ---, ---, ---, ---, ---, ---, ---, ---, ---, ---, ---, ---, ---, ---, ---, ---, ---, ---, 
[893.518s][info][gc,stats       ]     S: CLDG Roots                   701 us, workers (us): ---, 676, ---,  12, ---,  12, ---, ---, ---, ---, ---, ---, ---, ---, ---, ---, ---, ---, ---, ---, ---, ---, ---, ---, 
[893.518s][info][gc,stats       ]     S: JVMTI Roots                    1 us, workers (us): ---, ---, ---,   1, ---, ---, ---, ---, ---, ---, ---, ---, ---, ---, ---, ---, ---, ---, ---, ---, ---, ---, ---, ---, 
[893.518s][info][gc,stats       ]   Resize TLABs                        3 us
[893.518s][info][gc,stats       ] Concurrent Marking                59528 us
[893.518s][info][gc,stats       ] Pause Final Mark (G)              57557 us
[893.518s][info][gc,stats       ] Pause Final Mark (N)              57327 us
[893.518s][info][gc,stats       ]   Finish Queues                     186 us
[893.518s][info][gc,stats       ]   System Purge                      183 us
[893.518s][info][gc,stats       ]     Unload Classes                   83 us
[893.518s][info][gc,stats       ]     Cleanup                       54266 us, parallelism: 1.78x
[893.518s][info][gc,stats       ]       CU: <total>                 96426 us
[893.518s][info][gc,stats       ]       CU: Code Cache Roots        74970 us, workers (us): 12116, 11876, 11874, 13695, 12781, 12627, ---, ---, ---, ---, ---, ---, ---, ---, ---, ---, ---, ---, ---, ---, ---, ---, ---, ---, 
[893.518s][info][gc,stats       ]       CU: Code Cache Cleaning      8585 us, workers (us): 1542, 1525, 1543, 672, 1757, 1545, ---, ---, ---, ---, ---, ---, ---, ---, ---, ---, ---, ---, ---, ---, ---, ---, ---, ---, 
[893.518s][info][gc,stats       ]       CU: String Table Roots       2886 us, workers (us): 723, 959, 960,   1,  46, 199, ---, ---, ---, ---, ---, ---, ---, ---, ---, ---, ---, ---, ---, ---, ---, ---, ---, ---, 
[893.518s][info][gc,stats       ]       CU: Resolved Table Roots       20 us, workers (us):   0,  19,   0,   0,   0,   0, ---, ---, ---, ---, ---, ---, ---, ---, ---, ---, ---, ---, ---, ---, ---, ---, ---, ---, 
[893.518s][info][gc,stats       ]       CU: CLDG Roots               9966 us, workers (us): 1676, 1722, 1682, 1722, 1460, 1705, ---, ---, ---, ---, ---, ---, ---, ---, ---, ---, ---, ---, ---, ---, ---, ---, ---, ---, 
[893.518s][info][gc,stats       ]     Weak Roots                      182 us
[893.518s][info][gc,stats       ]     CLDG                              1 us
[893.518s][info][gc,stats       ]   Update Region States               24 us
[893.518s][info][gc,stats       ]   Retire TLABs                       40 us
[893.518s][info][gc,stats       ]   Choose Collection Set             386 us
[893.518s][info][gc,stats       ]   Rebuild Free Set                   17 us
[893.518s][info][gc,stats       ]   Initial Evacuation               1951 us, parallelism: 2.69x
[893.518s][info][gc,stats       ]     E: <total>                     5244 us
[893.518s][info][gc,stats       ]     E: Thread Roots                 205 us, workers (us):  64,  89,   1,   2,  49,   1, ---, ---, ---, ---, ---, ---, ---, ---, ---, ---, ---, ---, ---, ---, ---, ---, ---, ---, 
[893.518s][info][gc,stats       ]     E: Code Cache Roots            3541 us, workers (us): 767, 383, 824,   0, 693, 874, ---, ---, ---, ---, ---, ---, ---, ---, ---, ---, ---, ---, ---, ---, ---, ---, ---, ---, 
[893.518s][info][gc,stats       ]     E: Universe Roots                 6 us, workers (us):   6, ---, ---, ---, ---, ---, ---, ---, ---, ---, ---, ---, ---, ---, ---, ---, ---, ---, ---, ---, ---, ---, ---, ---, 
[893.518s][info][gc,stats       ]     E: JNI Handles Roots              2 us, workers (us):   2, ---, ---, ---, ---, ---, ---, ---, ---, ---, ---, ---, ---, ---, ---, ---, ---, ---, ---, ---, ---, ---, ---, ---, 
[893.518s][info][gc,stats       ]     E: Synchronizer Roots             0 us, workers (us):   0, ---, ---, ---, ---, ---, ---, ---, ---, ---, ---, ---, ---, ---, ---, ---, ---, ---, ---, ---, ---, ---, ---, ---, 
[893.518s][info][gc,stats       ]     E: Management Roots               2 us, workers (us):   2, ---, ---, ---, ---, ---, ---, ---, ---, ---, ---, ---, ---, ---, ---, ---, ---, ---, ---, ---, ---, ---, ---, ---, 
[893.518s][info][gc,stats       ]     E: System Dict Roots             14 us, workers (us):  14, ---, ---, ---, ---, ---, ---, ---, ---, ---, ---, ---, ---, ---, ---, ---, ---, ---, ---, ---, ---, ---, ---, ---, 
[893.518s][info][gc,stats       ]     E: CLDG Roots                  1472 us, workers (us): ---, 374, ---, 1005,  94, ---, ---, ---, ---, ---, ---, ---, ---, ---, ---, ---, ---, ---, ---, ---, ---, ---, ---, ---, 
[893.518s][info][gc,stats       ]     E: JVMTI Roots                    1 us, workers (us):   1, ---, ---, ---, ---, ---, ---, ---, ---, ---, ---, ---, ---, ---, ---, ---, ---, ---, ---, ---, ---, ---, ---, ---, 
[893.518s][info][gc,stats       ] Concurrent Cleanup                20692 us
[893.518s][info][gc,stats       ] Concurrent Evacuation              3119 us
[893.518s][info][gc,stats       ] Pause Init  Update Refs (G)         555 us
[893.518s][info][gc,stats       ] Pause Init  Update Refs (N)         233 us
[893.518s][info][gc,stats       ]   Retire GCLABs                     204 us
[893.518s][info][gc,stats       ] Concurrent Update Refs            16230 us
[893.518s][info][gc,stats       ] Pause Final Update Refs (G)        2352 us
[893.518s][info][gc,stats       ] Pause Final Update Refs (N)         262 us
[893.518s][info][gc,stats       ]   Update Roots                      175 us, parallelism: 1.25x
[893.518s][info][gc,stats       ]     UR: <total>                     218 us
[893.518s][info][gc,stats       ]     UR: Thread Roots                218 us, workers (us):  99,  35,  28,   8,  42,   7, ---, ---, ---, ---, ---, ---, ---, ---, ---, ---, ---, ---, ---, ---, ---, ---, ---, ---, 
[893.518s][info][gc,stats       ]   Update Region States               27 us
[893.518s][info][gc,stats       ]   Trash Collection Set               10 us
[893.518s][info][gc,stats       ]   Rebuild Free Set                   30 us
[893.518s][info][gc,stats       ] Concurrent Cleanup                  881 us
[893.518s][info][gc,stats       ] Pacing                           124929 us
[893.518s][info][gc,stats       ] 
[893.518s][info][gc,stats       ] Allocation pacing accrued:
[893.518s][info][gc,stats       ]     125 of   168 ms ( 74.5%): pl.nadoba.jvm.gc.benchmark.App.main()
[893.518s][info][gc,stats       ]     125 of   168 ms ( 74.5%): <total>
[893.518s][info][gc,stats       ]      12 of   168 ms (  7.4%): <average total>
[893.518s][info][gc,stats       ]     125 of   168 ms ( 74.5%): <average non-zero>
[893.518s][info][gc,stats       ] 
[893.518s][info][gc,metaspace   ] Metaspace: 24281K->24281K(1071104K)
[893.518s][info][gc,ergo        ] Pacer for Idle. Initial: 5242K, Alloc Tax Rate: 1.0x
[893.520s][info][gc             ] Trigger: Start next cycle immediately
[893.520s][info][gc,ergo        ] Free: 65387K, Max: 256K regular, 36864K humongous, Frag: 44% external, 5% internal; Reserve: 13312K, Max: 256K
[893.520s][info][gc,start       ] GC(6716) Concurrent reset
[893.520s][info][gc,task        ] GC(6716) Using 6 of 24 workers for concurrent reset
[893.520s][info][gc,ergo        ] GC(6716) Pacer for Reset. Non-Taxable: 256M
[893.520s][info][gc             ] GC(6716) Concurrent reset 0.689ms
[893.520s][info][gc,start       ] GC(6716) Pause Init Mark
[893.521s][info][gc,task        ] GC(6716) Using 6 of 24 workers for init marking
[893.523s][info][gc,ergo        ] GC(6716) Pacer for Mark. Expected Live: 11073K, Free: 65387K, Non-Taxable: 6538K, Alloc Tax Rate: 0.2x
[893.524s][info][gc             ] GC(6716) Pause Init Mark 3.039ms
[893.524s][info][gc,start       ] GC(6716) Concurrent marking
[893.524s][info][gc,task        ] GC(6716) Using 6 of 24 workers for concurrent marking
[893.592s][info][gc             ] GC(6716) Concurrent marking 68.211ms
[893.592s][info][gc,start       ] GC(6716) Pause Final Mark
[893.592s][info][gc,task        ] GC(6716) Using 6 of 24 workers for final marking
[893.593s][info][gc,ergo        ] GC(6716) Collectable Garbage: 162M (100%), Immediate: 161M (99%), CSet: 1260K (0%)
[893.597s][info][gc,ergo        ] GC(6716) Pacer for Evacuation. Used CSet: 5120K, Free: 195M, Non-Taxable: 20004K, Alloc Tax Rate: 1.1x
[893.597s][info][gc             ] GC(6716) Pause Final Mark 4.683ms
[893.597s][info][gc,start       ] GC(6716) Concurrent cleanup
[893.619s][info][gc             ] GC(6716) Concurrent cleanup 207M->69M(256M) 22.326ms
[893.619s][info][gc,ergo        ] GC(6716) Free: 170M, Max: 256K regular, 73216K humongous, Frag: 59% external, 1% internal; Reserve: 12667K, Max: 256K
[893.619s][info][gc,start       ] GC(6716) Concurrent evacuation
[893.619s][info][gc,task        ] GC(6716) Using 6 of 24 workers for concurrent evacuation
[893.623s][info][gc             ] GC(6716) Concurrent evacuation 4.079ms
[893.623s][info][gc,start       ] GC(6716) Pause Init Update Refs
[893.624s][info][gc,ergo        ] GC(6716) Pacer for Update Refs. Used: 75668K, Free: 170M, Non-Taxable: 17469K, Alloc Tax Rate: 1.1x
[893.624s][info][gc             ] GC(6716) Pause Init Update Refs 0.291ms
[893.624s][info][gc,start       ] GC(6716) Concurrent update references
[893.624s][info][gc,task        ] GC(6716) Using 6 of 24 workers for concurrent reference update
[893.640s][info][gc             ] GC(6716) Concurrent update references 16.452ms
[893.641s][info][gc,start       ] GC(6716) Pause Final Update Refs
[893.641s][info][gc,task        ] GC(6716) Using 6 of 24 workers for final reference update
[893.641s][info][gc             ] GC(6716) Pause Final Update Refs 0.358ms
[893.641s][info][gc,start       ] GC(6716) Concurrent cleanup
[893.642s][info][gc             ] GC(6716) Concurrent cleanup 117M->112M(256M) 0.836ms
[893.642s][info][gc             ] GC(6716) Dat log --- cycle is complete
Current gc epoch: 5450
heap: ______
capacity: 268435456
used: 118379696
committed: 268435456
bytes_allocated_since_gc_start: 113771024
hot_size: 0
cold_size: 2406283
num_regions: 1024
hot_region_count: 18446744073709407125
cold_region_count: 144510
histogram: Placeholder

[893.642s][info][gc             ] GC(6716) Obj count ac histogram
[893.642s][info][gc             ] GC(6716) 	0: 222267
[893.642s][info][gc             ] GC(6716) 	1: 15
[893.642s][info][gc             ] GC(6716) 	2: 2
[893.642s][info][gc             ] GC(6716) 	3: 0
[893.642s][info][gc             ] GC(6716) 	4: 0
[893.642s][info][gc             ] GC(6716) 	5: 0
[893.642s][info][gc             ] GC(6716) 	6: 0
[893.642s][info][gc             ] GC(6716) 	7: 0
[893.642s][info][gc             ] GC(6716) 	8: 0
[893.642s][info][gc             ] GC(6716) 	9: 0
[893.642s][info][gc             ] GC(6716) 	10: 0
[893.642s][info][gc             ] GC(6716) 	11: 0
[893.642s][info][gc             ] GC(6716) 	12: 0
[893.642s][info][gc             ] GC(6716) 	13: 0
[893.642s][info][gc             ] GC(6716) 	14: 0
[893.642s][info][gc             ] GC(6716) 	15: 0
[893.642s][info][gc             ] GC(6716) 	16: 0
[893.642s][info][gc             ] GC(6716) 	17: 0
[893.642s][info][gc             ] GC(6716) 	18: 0
[893.642s][info][gc             ] GC(6716) 	19: 0
[893.642s][info][gc             ] GC(6716) Obj size ac histogram
[893.642s][info][gc             ] GC(6716) 	0: 1365131
[893.642s][info][gc             ] GC(6716) 	1: 720
[893.642s][info][gc             ] GC(6716) 	2: 14
[893.642s][info][gc             ] GC(6716) 	3: 0
[893.642s][info][gc             ] GC(6716) 	4: 0
[893.642s][info][gc             ] GC(6716) 	5: 0
[893.642s][info][gc             ] GC(6716) 	6: 0
[893.642s][info][gc             ] GC(6716) 	7: 0
[893.642s][info][gc             ] GC(6716) 	8: 0
[893.642s][info][gc             ] GC(6716) 	9: 0
[893.642s][info][gc             ] GC(6716) 	10: 0
[893.642s][info][gc             ] GC(6716) 	11: 0
[893.642s][info][gc             ] GC(6716) 	12: 0
[893.642s][info][gc             ] GC(6716) 	13: 0
[893.642s][info][gc             ] GC(6716) 	14: 0
[893.642s][info][gc             ] GC(6716) 	15: 0
[893.642s][info][gc             ] GC(6716) 	16: 0
[893.642s][info][gc             ] GC(6716) 	17: 0
[893.642s][info][gc             ] GC(6716) 	18: 0
[893.642s][info][gc             ] GC(6716) 	19: 0
[893.642s][info][gc,ergo        ] Free: 115M, Max: 256K regular, 67840K humongous, Frag: 43% external, 3% internal; Reserve: 13312K, Max: 256K
[893.642s][info][gc,stats       ] 
[893.642s][info][gc,stats       ] All times are wall-clock times, except per-root-class counters, that are sum over
[893.642s][info][gc,stats       ] all workers. Dividing the <total> over the root stage time estimates parallelism.
[893.642s][info][gc,stats       ] 
[893.642s][info][gc,stats       ] Concurrent Reset                    676 us
[893.642s][info][gc,stats       ] Pause Init Mark (G)                3323 us
[893.642s][info][gc,stats       ] Pause Init Mark (N)                2992 us
[893.642s][info][gc,stats       ]   Accumulate Stats                    7 us
[893.642s][info][gc,stats       ]   Make Parsable                      56 us
[893.642s][info][gc,stats       ]   Update Region States               20 us
[893.642s][info][gc,stats       ]   Scan Roots                       1941 us, parallelism: 2.09x
[893.642s][info][gc,stats       ]     S: <total>                     4058 us
[893.643s][info][gc,stats       ]     S: Thread Roots                 487 us, workers (us):   2,   1,   1, 271,  82, 129, ---, ---, ---, ---, ---, ---, ---, ---, ---, ---, ---, ---, ---, ---, ---, ---, ---, ---, 
[893.643s][info][gc,stats       ]     S: Universe Roots                26 us, workers (us):  26, ---, ---, ---, ---, ---, ---, ---, ---, ---, ---, ---, ---, ---, ---, ---, ---, ---, ---, ---, ---, ---, ---, ---, 
[893.643s][info][gc,stats       ]     S: JNI Handles Roots             15 us, workers (us):  15, ---, ---, ---, ---, ---, ---, ---, ---, ---, ---, ---, ---, ---, ---, ---, ---, ---, ---, ---, ---, ---, ---, ---, 
[893.643s][info][gc,stats       ]     S: Synchronizer Roots             0 us, workers (us): ---,   0, ---, ---, ---, ---, ---, ---, ---, ---, ---, ---, ---, ---, ---, ---, ---, ---, ---, ---, ---, ---, ---, ---, 
[893.643s][info][gc,stats       ]     S: Management Roots               2 us, workers (us): ---,   2, ---, ---, ---, ---, ---, ---, ---, ---, ---, ---, ---, ---, ---, ---, ---, ---, ---, ---, ---, ---, ---, ---, 
[893.643s][info][gc,stats       ]     S: System Dict Roots             44 us, workers (us): ---,  44, ---, ---, ---, ---, ---, ---, ---, ---, ---, ---, ---, ---, ---, ---, ---, ---, ---, ---, ---, ---, ---, ---, 
[893.643s][info][gc,stats       ]     S: CLDG Roots                  3483 us, workers (us): 1524, 208, 1751, ---, ---, ---, ---, ---, ---, ---, ---, ---, ---, ---, ---, ---, ---, ---, ---, ---, ---, ---, ---, ---, 
[893.643s][info][gc,stats       ]     S: JVMTI Roots                    1 us, workers (us):   1, ---, ---, ---, ---, ---, ---, ---, ---, ---, ---, ---, ---, ---, ---, ---, ---, ---, ---, ---, ---, ---, ---, ---, 
[893.643s][info][gc,stats       ]   Resize TLABs                        6 us
[893.643s][info][gc,stats       ] Concurrent Marking                68155 us
[893.643s][info][gc,stats       ] Pause Final Mark (G)               4908 us
[893.643s][info][gc,stats       ] Pause Final Mark (N)               4634 us
[893.643s][info][gc,stats       ]   Finish Queues                     230 us
[893.643s][info][gc,stats       ]   System Purge                      190 us
[893.643s][info][gc,stats       ]     Weak Roots                      189 us
[893.643s][info][gc,stats       ]   Update Region States               44 us
[893.643s][info][gc,stats       ]   Retire TLABs                       56 us
[893.643s][info][gc,stats       ]   Choose Collection Set             774 us
[893.643s][info][gc,stats       ]   Rebuild Free Set                   44 us
[893.643s][info][gc,stats       ]   Initial Evacuation               3270 us, parallelism: 1.47x
[893.643s][info][gc,stats       ]     E: <total>                     4813 us
[893.643s][info][gc,stats       ]     E: Thread Roots                  82 us, workers (us):   1,   1,  76,   1,   2,   1, ---, ---, ---, ---, ---, ---, ---, ---, ---, ---, ---, ---, ---, ---, ---, ---, ---, ---, 
[893.643s][info][gc,stats       ]     E: Code Cache Roots            3867 us, workers (us): 248, 619, 340, 904, 1079, 677, ---, ---, ---, ---, ---, ---, ---, ---, ---, ---, ---, ---, ---, ---, ---, ---, ---, ---, 
[893.643s][info][gc,stats       ]     E: Universe Roots                 5 us, workers (us):   5, ---, ---, ---, ---, ---, ---, ---, ---, ---, ---, ---, ---, ---, ---, ---, ---, ---, ---, ---, ---, ---, ---, ---, 
[893.643s][info][gc,stats       ]     E: JNI Handles Roots              2 us, workers (us):   2, ---, ---, ---, ---, ---, ---, ---, ---, ---, ---, ---, ---, ---, ---, ---, ---, ---, ---, ---, ---, ---, ---, ---, 
[893.643s][info][gc,stats       ]     E: Synchronizer Roots             0 us, workers (us):   0, ---, ---, ---, ---, ---, ---, ---, ---, ---, ---, ---, ---, ---, ---, ---, ---, ---, ---, ---, ---, ---, ---, ---, 
[893.643s][info][gc,stats       ]     E: Management Roots               1 us, workers (us):   1, ---, ---, ---, ---, ---, ---, ---, ---, ---, ---, ---, ---, ---, ---, ---, ---, ---, ---, ---, ---, ---, ---, ---, 
[893.643s][info][gc,stats       ]     E: System Dict Roots              9 us, workers (us):   9, ---, ---, ---, ---, ---, ---, ---, ---, ---, ---, ---, ---, ---, ---, ---, ---, ---, ---, ---, ---, ---, ---, ---, 
[893.643s][info][gc,stats       ]     E: CLDG Roots                   846 us, workers (us): 538,  60, 248, ---, ---, ---, ---, ---, ---, ---, ---, ---, ---, ---, ---, ---, ---, ---, ---, ---, ---, ---, ---, ---, 
[893.643s][info][gc,stats       ]     E: JVMTI Roots                    1 us, workers (us):   1, ---, ---, ---, ---, ---, ---, ---, ---, ---, ---, ---, ---, ---, ---, ---, ---, ---, ---, ---, ---, ---, ---, ---, 
[893.643s][info][gc,stats       ] Concurrent Cleanup                22274 us
[893.643s][info][gc,stats       ] Concurrent Evacuation              4067 us
[893.643s][info][gc,stats       ] Pause Init  Update Refs (G)         555 us
[893.643s][info][gc,stats       ] Pause Init  Update Refs (N)         237 us
[893.643s][info][gc,stats       ]   Retire GCLABs                     205 us
[893.643s][info][gc,stats       ] Concurrent Update Refs            16418 us
[893.643s][info][gc,stats       ] Pause Final Update Refs (G)         819 us
[893.643s][info][gc,stats       ] Pause Final Update Refs (N)         243 us
[893.643s][info][gc,stats       ]   Update Roots                      146 us, parallelism: 1.32x
[893.643s][info][gc,stats       ]     UR: <total>                     193 us
[893.643s][info][gc,stats       ]     UR: Thread Roots                193 us, workers (us):  85,  23,  25,  24,  34,   2, ---, ---, ---, ---, ---, ---, ---, ---, ---, ---, ---, ---, ---, ---, ---, ---, ---, ---, 
[893.643s][info][gc,stats       ]   Update Region States               30 us
[893.643s][info][gc,stats       ]   Trash Collection Set               11 us
[893.643s][info][gc,stats       ]   Rebuild Free Set                   33 us
[893.643s][info][gc,stats       ] Concurrent Cleanup                  809 us
[893.643s][info][gc,stats       ] Pacing                            96552 us
[893.643s][info][gc,stats       ] 
[893.643s][info][gc,stats       ] Allocation pacing accrued:
[893.643s][info][gc,stats       ]      97 of   125 ms ( 77.5%): pl.nadoba.jvm.gc.benchmark.App.main()
[893.643s][info][gc,stats       ]      97 of   125 ms ( 77.5%): <total>
[893.643s][info][gc,stats       ]      10 of   125 ms (  7.7%): <average total>
[893.643s][info][gc,stats       ]      97 of   125 ms ( 77.5%): <average non-zero>
[893.643s][info][gc,stats       ] 
[893.643s][info][gc,metaspace   ] Metaspace: 24281K->24281K(1071104K)
[893.643s][info][gc,ergo        ] Pacer for Idle. Initial: 5242K, Alloc Tax Rate: 1.0x
[893.644s][info][gc             ] Trigger: Start next cycle immediately
[893.644s][info][gc,ergo        ] Free: 115M, Max: 256K regular, 67840K humongous, Frag: 43% external, 3% internal; Reserve: 13312K, Max: 256K
[893.644s][info][gc,start       ] GC(6717) Concurrent reset
[893.644s][info][gc,task        ] GC(6717) Using 6 of 24 workers for concurrent reset
[893.644s][info][gc,ergo        ] GC(6717) Pacer for Reset. Non-Taxable: 256M
[893.645s][info][gc             ] GC(6717) Concurrent reset 0.667ms
[893.645s][info][gc,start       ] GC(6717) Pause Init Mark
[893.645s][info][gc,task        ] GC(6717) Using 6 of 24 workers for init marking
[893.649s][info][gc,ergo        ] GC(6717) Pacer for Mark. Expected Live: 10049K, Free: 115M, Non-Taxable: 11863K, Alloc Tax Rate: 0.1x
[893.649s][info][gc             ] GC(6717) Pause Init Mark 3.532ms
[893.649s][info][gc,start       ] GC(6717) Concurrent marking
[893.649s][info][gc,task        ] GC(6717) Using 6 of 24 workers for concurrent marking
[893.716s][info][gc             ] GC(6717) Concurrent marking 67.150ms
[893.717s][info][gc,start       ] GC(6717) Pause Final Mark
[893.717s][info][gc,task        ] GC(6717) Using 6 of 24 workers for final marking
[893.718s][info][gc,ergo        ] GC(6717) Collectable Garbage: 113M (100%), Immediate: 112M (98%), CSet: 1260K (1%)
[893.721s][info][gc,ergo        ] GC(6717) Pacer for Evacuation. Used CSet: 5120K, Free: 180M, Non-Taxable: 18519K, Alloc Tax Rate: 1.1x
[893.721s][info][gc             ] GC(6717) Pause Final Mark 4.683ms
[893.721s][info][gc,start       ] GC(6717) Concurrent cleanup
[893.738s][info][gc             ] GC(6717) Concurrent cleanup 172M->82M(256M) 16.347ms
[893.738s][info][gc,ergo        ] GC(6717) Free: 157M, Max: 256K regular, 58368K humongous, Frag: 64% external, 1% internal; Reserve: 12544K, Max: 256K
[893.738s][info][gc,start       ] GC(6717) Concurrent evacuation
[893.738s][info][gc,task        ] GC(6717) Using 6 of 24 workers for concurrent evacuation
[893.741s][info][gc             ] GC(6717) Concurrent evacuation 3.381ms
[893.742s][info][gc,start       ] GC(6717) Pause Init Update Refs
[893.742s][info][gc,ergo        ] GC(6717) Pacer for Update Refs. Used: 88724K, Free: 157M, Non-Taxable: 16164K, Alloc Tax Rate: 1.1x
[893.742s][info][gc             ] GC(6717) Pause Init Update Refs 0.215ms
[893.742s][info][gc,start       ] GC(6717) Concurrent update references
[893.742s][info][gc,task        ] GC(6717) Using 6 of 24 workers for concurrent reference update
[893.758s][info][gc             ] GC(6717) Concurrent update references 16.093ms
[893.759s][info][gc,start       ] GC(6717) Pause Final Update Refs
[893.759s][info][gc,task        ] GC(6717) Using 6 of 24 workers for final reference update
[893.759s][info][gc             ] GC(6717) Pause Final Update Refs 0.275ms
[893.760s][info][gc,start       ] GC(6717) Concurrent cleanup
[893.760s][info][gc             ] GC(6717) Concurrent cleanup 144M->139M(256M) 0.810ms
[893.760s][info][gc             ] GC(6717) Dat log --- cycle is complete
Current gc epoch: 5451
heap: ______
capacity: 268435456
used: 146429200
committed: 268435456
bytes_allocated_since_gc_start: 142869008
hot_size: 0
cold_size: 2930571
num_regions: 1024
hot_region_count: 18446744073709407106
cold_region_count: 144528
histogram: Placeholder

[893.760s][info][gc             ] GC(6717) Obj count ac histogram
[893.760s][info][gc             ] GC(6717) 	0: 216255
[893.760s][info][gc             ] GC(6717) 	1: 15
[893.760s][info][gc             ] GC(6717) 	2: 2
[893.760s][info][gc             ] GC(6717) 	3: 0
[893.760s][info][gc             ] GC(6717) 	4: 0
[893.760s][info][gc             ] GC(6717) 	5: 0
[893.760s][info][gc             ] GC(6717) 	6: 0
[893.760s][info][gc             ] GC(6717) 	7: 0
[893.760s][info][gc             ] GC(6717) 	8: 0
[893.760s][info][gc             ] GC(6717) 	9: 0
[893.760s][info][gc             ] GC(6717) 	10: 0
[893.760s][info][gc             ] GC(6717) 	11: 0
[893.760s][info][gc             ] GC(6717) 	12: 0
[893.760s][info][gc             ] GC(6717) 	13: 0
[893.760s][info][gc             ] GC(6717) 	14: 0
[893.760s][info][gc             ] GC(6717) 	15: 0
[893.760s][info][gc             ] GC(6717) 	16: 0
[893.760s][info][gc             ] GC(6717) 	17: 0
[893.760s][info][gc             ] GC(6717) 	18: 0
[893.760s][info][gc             ] GC(6717) 	19: 0
[893.760s][info][gc             ] GC(6717) Obj size ac histogram
[893.761s][info][gc             ] GC(6717) 	0: 1429796
[893.761s][info][gc             ] GC(6717) 	1: 720
[893.761s][info][gc             ] GC(6717) 	2: 14
[893.761s][info][gc             ] GC(6717) 	3: 0
[893.761s][info][gc             ] GC(6717) 	4: 0
[893.761s][info][gc             ] GC(6717) 	5: 0
[893.761s][info][gc             ] GC(6717) 	6: 0
[893.761s][info][gc             ] GC(6717) 	7: 0
[893.761s][info][gc             ] GC(6717) 	8: 0
[893.761s][info][gc             ] GC(6717) 	9: 0
[893.761s][info][gc             ] GC(6717) 	10: 0
[893.761s][info][gc             ] GC(6717) 	11: 0
[893.761s][info][gc             ] GC(6717) 	12: 0
[893.761s][info][gc             ] GC(6717) 	13: 0
[893.761s][info][gc             ] GC(6717) 	14: 0
[893.761s][info][gc             ] GC(6717) 	15: 0
[893.761s][info][gc             ] GC(6717) 	16: 0
[893.761s][info][gc             ] GC(6717) 	17: 0
[893.761s][info][gc             ] GC(6717) 	18: 0
[893.761s][info][gc             ] GC(6717) 	19: 0
[893.761s][info][gc,ergo        ] Free: 99947K, Max: 256K regular, 58624K humongous, Frag: 42% external, 3% internal; Reserve: 13312K, Max: 256K
[893.761s][info][gc,stats       ] 
[893.761s][info][gc,stats       ] All times are wall-clock times, except per-root-class counters, that are sum over
[893.761s][info][gc,stats       ] all workers. Dividing the <total> over the root stage time estimates parallelism.
[893.761s][info][gc,stats       ] 
[893.761s][info][gc,stats       ] Concurrent Reset                    650 us
[893.761s][info][gc,stats       ] Pause Init Mark (G)                3822 us
[893.761s][info][gc,stats       ] Pause Init Mark (N)                3480 us
[893.761s][info][gc,stats       ]   Accumulate Stats                    7 us
[893.761s][info][gc,stats       ]   Make Parsable                      53 us
[893.761s][info][gc,stats       ]   Update Region States               18 us
[893.761s][info][gc,stats       ]   Scan Roots                       2470 us, parallelism: 1.87x
[893.761s][info][gc,stats       ]     S: <total>                     4623 us
[893.761s][info][gc,stats       ]     S: Thread Roots                 463 us, workers (us): 105,   1,   2,  71, 282,   2, ---, ---, ---, ---, ---, ---, ---, ---, ---, ---, ---, ---, ---, ---, ---, ---, ---, ---, 
[893.761s][info][gc,stats       ]     S: Universe Roots                27 us, workers (us):  27, ---, ---, ---, ---, ---, ---, ---, ---, ---, ---, ---, ---, ---, ---, ---, ---, ---, ---, ---, ---, ---, ---, ---, 
[893.761s][info][gc,stats       ]     S: JNI Handles Roots             17 us, workers (us): ---,  17, ---, ---, ---, ---, ---, ---, ---, ---, ---, ---, ---, ---, ---, ---, ---, ---, ---, ---, ---, ---, ---, ---, 
[893.761s][info][gc,stats       ]     S: Synchronizer Roots             0 us, workers (us):   0, ---, ---, ---, ---, ---, ---, ---, ---, ---, ---, ---, ---, ---, ---, ---, ---, ---, ---, ---, ---, ---, ---, ---, 
[893.761s][info][gc,stats       ]     S: Management Roots               1 us, workers (us):   1, ---, ---, ---, ---, ---, ---, ---, ---, ---, ---, ---, ---, ---, ---, ---, ---, ---, ---, ---, ---, ---, ---, ---, 
[893.761s][info][gc,stats       ]     S: System Dict Roots             36 us, workers (us):  36, ---, ---, ---, ---, ---, ---, ---, ---, ---, ---, ---, ---, ---, ---, ---, ---, ---, ---, ---, ---, ---, ---, ---, 
[893.761s][info][gc,stats       ]     S: CLDG Roots                  4078 us, workers (us): ---, 1526, 287, ---, ---, 2265, ---, ---, ---, ---, ---, ---, ---, ---, ---, ---, ---, ---, ---, ---, ---, ---, ---, ---, 
[893.761s][info][gc,stats       ]     S: JVMTI Roots                    1 us, workers (us): ---,   1, ---, ---, ---, ---, ---, ---, ---, ---, ---, ---, ---, ---, ---, ---, ---, ---, ---, ---, ---, ---, ---, ---, 
[893.761s][info][gc,stats       ]   Resize TLABs                        7 us
[893.761s][info][gc,stats       ] Concurrent Marking                67090 us
[893.761s][info][gc,stats       ] Pause Final Mark (G)               5509 us
[893.761s][info][gc,stats       ] Pause Final Mark (N)               4626 us
[893.761s][info][gc,stats       ]   Finish Queues                     222 us
[893.761s][info][gc,stats       ]   System Purge                      248 us
[893.761s][info][gc,stats       ]     Weak Roots                      247 us
[893.761s][info][gc,stats       ]   Update Region States               42 us
[893.761s][info][gc,stats       ]   Retire TLABs                       57 us
[893.761s][info][gc,stats       ]   Choose Collection Set             543 us
[893.761s][info][gc,stats       ]   Rebuild Free Set                   40 us
[893.761s][info][gc,stats       ]   Initial Evacuation               3445 us, parallelism: 1.51x
[893.761s][info][gc,stats       ]     E: <total>                     5193 us
[893.761s][info][gc,stats       ]     E: Thread Roots                 122 us, workers (us):   1,   0,   1,  36,  56,  28, ---, ---, ---, ---, ---, ---, ---, ---, ---, ---, ---, ---, ---, ---, ---, ---, ---, ---, 
[893.761s][info][gc,stats       ]     E: Code Cache Roots            4351 us, workers (us): 755, 1208, 1067, 382, 608, 331, ---, ---, ---, ---, ---, ---, ---, ---, ---, ---, ---, ---, ---, ---, ---, ---, ---, ---, 
[893.761s][info][gc,stats       ]     E: Universe Roots                 6 us, workers (us):   6, ---, ---, ---, ---, ---, ---, ---, ---, ---, ---, ---, ---, ---, ---, ---, ---, ---, ---, ---, ---, ---, ---, ---, 
[893.761s][info][gc,stats       ]     E: JNI Handles Roots              2 us, workers (us): ---,   2, ---, ---, ---, ---, ---, ---, ---, ---, ---, ---, ---, ---, ---, ---, ---, ---, ---, ---, ---, ---, ---, ---, 
[893.761s][info][gc,stats       ]     E: Synchronizer Roots             0 us, workers (us): ---,   0, ---, ---, ---, ---, ---, ---, ---, ---, ---, ---, ---, ---, ---, ---, ---, ---, ---, ---, ---, ---, ---, ---, 
[893.761s][info][gc,stats       ]     E: Management Roots               1 us, workers (us): ---,   1, ---, ---, ---, ---, ---, ---, ---, ---, ---, ---, ---, ---, ---, ---, ---, ---, ---, ---, ---, ---, ---, ---, 
[893.761s][info][gc,stats       ]     E: System Dict Roots             13 us, workers (us): ---, ---,  13, ---, ---, ---, ---, ---, ---, ---, ---, ---, ---, ---, ---, ---, ---, ---, ---, ---, ---, ---, ---, ---, 
[893.761s][info][gc,stats       ]     E: CLDG Roots                   698 us, workers (us): ---, ---, ---, 306,  47, 344, ---, ---, ---, ---, ---, ---, ---, ---, ---, ---, ---, ---, ---, ---, ---, ---, ---, ---, 
[893.761s][info][gc,stats       ]     E: JVMTI Roots                    0 us, workers (us): ---,   0, ---, ---, ---, ---, ---, ---, ---, ---, ---, ---, ---, ---, ---, ---, ---, ---, ---, ---, ---, ---, ---, ---, 
[893.761s][info][gc,stats       ] Concurrent Cleanup                16298 us
[893.761s][info][gc,stats       ] Concurrent Evacuation              3372 us
[893.761s][info][gc,stats       ] Pause Init  Update Refs (G)         539 us
[893.761s][info][gc,stats       ] Pause Init  Update Refs (N)         159 us
[893.761s][info][gc,stats       ]   Retire GCLABs                     131 us
[893.761s][info][gc,stats       ] Concurrent Update Refs            16060 us
[893.761s][info][gc,stats       ] Pause Final Update Refs (G)        1601 us
[893.761s][info][gc,stats       ] Pause Final Update Refs (N)         218 us
[893.761s][info][gc,stats       ]   Update Roots                      125 us, parallelism: 1.23x
[893.761s][info][gc,stats       ]     UR: <total>                     153 us
[893.761s][info][gc,stats       ]     UR: Thread Roots                153 us, workers (us):  84,  63,   4,   2,   0,   0, ---, ---, ---, ---, ---, ---, ---, ---, ---, ---, ---, ---, ---, ---, ---, ---, ---, ---, 
[893.761s][info][gc,stats       ]   Update Region States               28 us
[893.761s][info][gc,stats       ]   Trash Collection Set               11 us
[893.761s][info][gc,stats       ]   Rebuild Free Set                   31 us
[893.761s][info][gc,stats       ] Concurrent Cleanup                  772 us
[893.761s][info][gc,stats       ] Pacing                            79504 us
[893.761s][info][gc,stats       ] 
[893.761s][info][gc,stats       ] Allocation pacing accrued:
[893.761s][info][gc,stats       ]      80 of   118 ms ( 67.2%): pl.nadoba.jvm.gc.benchmark.App.main()
[893.761s][info][gc,stats       ]      80 of   118 ms ( 67.2%): <total>
[893.761s][info][gc,stats       ]       8 of   118 ms (  6.7%): <average total>
[893.761s][info][gc,stats       ]      80 of   118 ms ( 67.2%): <average non-zero>
[893.761s][info][gc,stats       ] 
[893.761s][info][gc,metaspace   ] Metaspace: 24281K->24281K(1071104K)
[893.761s][info][gc,ergo        ] Pacer for Idle. Initial: 5242K, Alloc Tax Rate: 1.0x
[893.762s][info][gc             ] Trigger: Start next cycle immediately
[893.763s][info][gc,ergo        ] Free: 94571K, Max: 256K regular, 58624K humongous, Frag: 38% external, 4% internal; Reserve: 13312K, Max: 256K
[893.763s][info][gc,start       ] GC(6718) Concurrent reset
[893.763s][info][gc,task        ] GC(6718) Using 6 of 24 workers for concurrent reset
[893.763s][info][gc,ergo        ] GC(6718) Pacer for Reset. Non-Taxable: 256M
[893.763s][info][gc             ] GC(6718) Concurrent reset 0.720ms
[893.764s][info][gc,start       ] GC(6718) Pause Init Mark (unload classes)
[893.764s][info][gc,task        ] GC(6718) Using 6 of 24 workers for init marking
[893.766s][info][gc,ergo        ] GC(6718) Pacer for Mark. Expected Live: 10049K, Free: 94571K, Non-Taxable: 9457K, Alloc Tax Rate: 0.1x
[893.766s][info][gc             ] GC(6718) Pause Init Mark (unload classes) 2.214ms
[893.766s][info][gc,start       ] GC(6718) Concurrent marking (unload classes)
[893.766s][info][gc,task        ] GC(6718) Using 6 of 24 workers for concurrent marking
[893.831s][info][gc             ] GC(6718) Concurrent marking (unload classes) 65.312ms
[893.833s][info][gc,start       ] GC(6718) Pause Final Mark (unload classes)
[893.833s][info][gc,task        ] GC(6718) Using 6 of 24 workers for final marking
[893.890s][info][gc,stringtable ] GC(6718) Cleaned string and symbol table, strings: 8172 processed, 0 removed, symbols: 68000 processed, 0 removed
[893.891s][info][gc,ergo        ] GC(6718) Collectable Garbage: 136M (100%), Immediate: 135M (99%), CSet: 1004K (0%)
[893.893s][info][gc,ergo        ] GC(6718) Pacer for Evacuation. Used CSet: 4864K, Free: 191M, Non-Taxable: 19620K, Alloc Tax Rate: 1.1x
[893.893s][info][gc             ] GC(6718) Pause Final Mark (unload classes) 60.599ms
[893.894s][info][gc,start       ] GC(6718) Concurrent cleanup
[893.914s][info][gc             ] GC(6718) Concurrent cleanup 185M->72M(256M) 20.895ms
[893.914s][info][gc,ergo        ] GC(6718) Free: 168M, Max: 256K regular, 60416K humongous, Frag: 65% external, 1% internal; Reserve: 12637K, Max: 256K
[893.914s][info][gc,start       ] GC(6718) Concurrent evacuation
[893.914s][info][gc,task        ] GC(6718) Using 6 of 24 workers for concurrent evacuation
[893.919s][info][gc             ] GC(6718) Concurrent evacuation 4.332ms
[893.919s][info][gc,start       ] GC(6718) Pause Init Update Refs
[893.919s][info][gc,ergo        ] GC(6718) Pacer for Update Refs. Used: 78215K, Free: 168M, Non-Taxable: 17239K, Alloc Tax Rate: 1.1x
[893.919s][info][gc             ] GC(6718) Pause Init Update Refs 0.194ms
[893.919s][info][gc,start       ] GC(6718) Concurrent update references
[893.919s][info][gc,task        ] GC(6718) Using 6 of 24 workers for concurrent reference update
[893.935s][info][gc             ] GC(6718) Concurrent update references 16.022ms
[893.936s][info][gc,start       ] GC(6718) Pause Final Update Refs
[893.936s][info][gc,task        ] GC(6718) Using 6 of 24 workers for final reference update
[893.936s][info][gc             ] GC(6718) Pause Final Update Refs 0.279ms
[893.936s][info][gc,start       ] GC(6718) Concurrent cleanup
[893.937s][info][gc             ] GC(6718) Concurrent cleanup 132M->127M(256M) 0.623ms
[893.937s][info][gc             ] GC(6718) Dat log --- cycle is complete
Current gc epoch: 5452
heap: ______
capacity: 268435456
used: 133833032
committed: 268435456
bytes_allocated_since_gc_start: 130023952
hot_size: 0
cold_size: 3264387
num_regions: 1024
hot_region_count: 18446744073709407088
cold_region_count: 144546
histogram: Placeholder

[893.937s][info][gc             ] GC(6718) Obj count ac histogram
[893.937s][info][gc             ] GC(6718) 	0: 209324
[893.937s][info][gc             ] GC(6718) 	1: 15
[893.937s][info][gc             ] GC(6718) 	2: 2
[893.937s][info][gc             ] GC(6718) 	3: 0
[893.937s][info][gc             ] GC(6718) 	4: 0
[893.937s][info][gc             ] GC(6718) 	5: 0
[893.937s][info][gc             ] GC(6718) 	6: 0
[893.937s][info][gc             ] GC(6718) 	7: 0
[893.937s][info][gc             ] GC(6718) 	8: 0
[893.937s][info][gc             ] GC(6718) 	9: 0
[893.937s][info][gc             ] GC(6718) 	10: 0
[893.937s][info][gc             ] GC(6718) 	11: 0
[893.937s][info][gc             ] GC(6718) 	12: 0
[893.937s][info][gc             ] GC(6718) 	13: 0
[893.937s][info][gc             ] GC(6718) 	14: 0
[893.937s][info][gc             ] GC(6718) 	15: 0
[893.937s][info][gc             ] GC(6718) 	16: 0
[893.937s][info][gc             ] GC(6718) 	17: 0
[893.937s][info][gc             ] GC(6718) 	18: 0
[893.937s][info][gc             ] GC(6718) 	19: 0
[893.937s][info][gc             ] GC(6718) Obj size ac histogram
[893.937s][info][gc             ] GC(6718) 	0: 1321718
[893.937s][info][gc             ] GC(6718) 	1: 720
[893.937s][info][gc             ] GC(6718) 	2: 14
[893.937s][info][gc             ] GC(6718) 	3: 0
[893.937s][info][gc             ] GC(6718) 	4: 0
[893.937s][info][gc             ] GC(6718) 	5: 0
[893.937s][info][gc             ] GC(6718) 	6: 0
[893.937s][info][gc             ] GC(6718) 	7: 0
[893.937s][info][gc             ] GC(6718) 	8: 0
[893.937s][info][gc             ] GC(6718) 	9: 0
[893.937s][info][gc             ] GC(6718) 	10: 0
[893.937s][info][gc             ] GC(6718) 	11: 0
[893.937s][info][gc             ] GC(6718) 	12: 0
[893.937s][info][gc             ] GC(6718) 	13: 0
[893.937s][info][gc             ] GC(6718) 	14: 0
[893.937s][info][gc             ] GC(6718) 	15: 0
[893.937s][info][gc             ] GC(6718) 	16: 0
[893.937s][info][gc             ] GC(6718) 	17: 0
[893.937s][info][gc             ] GC(6718) 	18: 0
[893.937s][info][gc             ] GC(6718) 	19: 0
[893.937s][info][gc,ergo        ] Free: 109M, Max: 256K regular, 51968K humongous, Frag: 54% external, 3% internal; Reserve: 13312K, Max: 256K
[893.937s][info][gc,stats       ] 
[893.937s][info][gc,stats       ] All times are wall-clock times, except per-root-class counters, that are sum over
[893.937s][info][gc,stats       ] all workers. Dividing the <total> over the root stage time estimates parallelism.
[893.937s][info][gc,stats       ] 
[893.937s][info][gc,stats       ] Concurrent Reset                    704 us
[893.937s][info][gc,stats       ] Pause Init Mark (G)                2566 us
[893.937s][info][gc,stats       ] Pause Init Mark (N)                2171 us
[893.937s][info][gc,stats       ]   Accumulate Stats                    8 us
[893.937s][info][gc,stats       ]   Make Parsable                      56 us
[893.937s][info][gc,stats       ]   Update Region States               18 us
[893.937s][info][gc,stats       ]   Scan Roots                       1172 us, parallelism: 1.42x
[893.937s][info][gc,stats       ]     S: <total>                     1665 us
[893.937s][info][gc,stats       ]     S: Thread Roots                 507 us, workers (us):  49,   2,  46,  48,  92, 269, ---, ---, ---, ---, ---, ---, ---, ---, ---, ---, ---, ---, ---, ---, ---, ---, ---, ---, 
[893.937s][info][gc,stats       ]     S: Universe Roots                27 us, workers (us):  27, ---, ---, ---, ---, ---, ---, ---, ---, ---, ---, ---, ---, ---, ---, ---, ---, ---, ---, ---, ---, ---, ---, ---, 
[893.937s][info][gc,stats       ]     S: JNI Handles Roots             27 us, workers (us): ---, ---,  27, ---, ---, ---, ---, ---, ---, ---, ---, ---, ---, ---, ---, ---, ---, ---, ---, ---, ---, ---, ---, ---, 
[893.937s][info][gc,stats       ]     S: Synchronizer Roots             0 us, workers (us):   0, ---, ---, ---, ---, ---, ---, ---, ---, ---, ---, ---, ---, ---, ---, ---, ---, ---, ---, ---, ---, ---, ---, ---, 
[893.937s][info][gc,stats       ]     S: Management Roots               1 us, workers (us):   1, ---, ---, ---, ---, ---, ---, ---, ---, ---, ---, ---, ---, ---, ---, ---, ---, ---, ---, ---, ---, ---, ---, ---, 
[893.937s][info][gc,stats       ]     S: System Dict Roots             36 us, workers (us):  36, ---, ---, ---, ---, ---, ---, ---, ---, ---, ---, ---, ---, ---, ---, ---, ---, ---, ---, ---, ---, ---, ---, ---, 
[893.937s][info][gc,stats       ]     S: CLDG Roots                  1066 us, workers (us): ---, 1042, ---,  13,  12, ---, ---, ---, ---, ---, ---, ---, ---, ---, ---, ---, ---, ---, ---, ---, ---, ---, ---, ---, 
[893.937s][info][gc,stats       ]     S: JVMTI Roots                    1 us, workers (us): ---,   1, ---, ---, ---, ---, ---, ---, ---, ---, ---, ---, ---, ---, ---, ---, ---, ---, ---, ---, ---, ---, ---, ---, 
[893.937s][info][gc,stats       ]   Resize TLABs                        4 us
[893.937s][info][gc,stats       ] Concurrent Marking                65257 us
[893.937s][info][gc,stats       ] Pause Final Mark (G)              62326 us
[893.937s][info][gc,stats       ] Pause Final Mark (N)              60537 us
[893.937s][info][gc,stats       ]   Finish Queues                     220 us
[893.937s][info][gc,stats       ]   System Purge                      231 us
[893.937s][info][gc,stats       ]     Unload Classes                  100 us
[893.937s][info][gc,stats       ]     Cleanup                       56710 us, parallelism: 1.69x
[893.937s][info][gc,stats       ]       CU: <total>                 96013 us
[893.937s][info][gc,stats       ]       CU: Code Cache Roots        76327 us, workers (us): 12665, 12945, 12510, 13091, 12450, 12666, ---, ---, ---, ---, ---, ---, ---, ---, ---, ---, ---, ---, ---, ---, ---, ---, ---, ---, 
[893.937s][info][gc,stats       ]       CU: Code Cache Cleaning      4537 us, workers (us): 758, 757, 770, 757, 753, 742, ---, ---, ---, ---, ---, ---, ---, ---, ---, ---, ---, ---, ---, ---, ---, ---, ---, ---, 
[893.937s][info][gc,stats       ]       CU: String Table Roots       3594 us, workers (us): 676, 390, 821, 239, 853, 615, ---, ---, ---, ---, ---, ---, ---, ---, ---, ---, ---, ---, ---, ---, ---, ---, ---, ---, 
[893.937s][info][gc,stats       ]       CU: Resolved Table Roots       18 us, workers (us):   0,   0,   0,   0,   0,  17, ---, ---, ---, ---, ---, ---, ---, ---, ---, ---, ---, ---, ---, ---, ---, ---, ---, ---, 
[893.937s][info][gc,stats       ]       CU: CLDG Roots              11537 us, workers (us): 1947, 1904, 1909, 1931, 1895, 1951, ---, ---, ---, ---, ---, ---, ---, ---, ---, ---, ---, ---, ---, ---, ---, ---, ---, ---, 
[893.937s][info][gc,stats       ]     Weak Roots                      229 us
[893.937s][info][gc,stats       ]     CLDG                              1 us
[893.937s][info][gc,stats       ]   Update Region States               23 us
[893.937s][info][gc,stats       ]   Retire TLABs                       41 us
[893.937s][info][gc,stats       ]   Choose Collection Set             362 us
[893.937s][info][gc,stats       ]   Rebuild Free Set                   16 us
[893.937s][info][gc,stats       ]   Initial Evacuation               2637 us, parallelism: 2.63x
[893.937s][info][gc,stats       ]     E: <total>                     6931 us
[893.937s][info][gc,stats       ]     E: Thread Roots                 160 us, workers (us):   2,   2,   2, 153,   1,   1, ---, ---, ---, ---, ---, ---, ---, ---, ---, ---, ---, ---, ---, ---, ---, ---, ---, ---, 
[893.938s][info][gc,stats       ]     E: Code Cache Roots            4919 us, workers (us): 1052, 843,   0, 855, 1036, 1132, ---, ---, ---, ---, ---, ---, ---, ---, ---, ---, ---, ---, ---, ---, ---, ---, ---, ---, 
[893.938s][info][gc,stats       ]     E: Universe Roots                 5 us, workers (us):   5, ---, ---, ---, ---, ---, ---, ---, ---, ---, ---, ---, ---, ---, ---, ---, ---, ---, ---, ---, ---, ---, ---, ---, 
[893.938s][info][gc,stats       ]     E: JNI Handles Roots              2 us, workers (us):   2, ---, ---, ---, ---, ---, ---, ---, ---, ---, ---, ---, ---, ---, ---, ---, ---, ---, ---, ---, ---, ---, ---, ---, 
[893.938s][info][gc,stats       ]     E: Synchronizer Roots             0 us, workers (us):   0, ---, ---, ---, ---, ---, ---, ---, ---, ---, ---, ---, ---, ---, ---, ---, ---, ---, ---, ---, ---, ---, ---, ---, 
[893.938s][info][gc,stats       ]     E: Management Roots               3 us, workers (us):   3, ---, ---, ---, ---, ---, ---, ---, ---, ---, ---, ---, ---, ---, ---, ---, ---, ---, ---, ---, ---, ---, ---, ---, 
[893.938s][info][gc,stats       ]     E: System Dict Roots             14 us, workers (us): ---,  14, ---, ---, ---, ---, ---, ---, ---, ---, ---, ---, ---, ---, ---, ---, ---, ---, ---, ---, ---, ---, ---, ---, 
[893.938s][info][gc,stats       ]     E: CLDG Roots                  1826 us, workers (us):  92, 727, 1008, ---, ---, ---, ---, ---, ---, ---, ---, ---, ---, ---, ---, ---, ---, ---, ---, ---, ---, ---, ---, ---, 
[893.938s][info][gc,stats       ]     E: JVMTI Roots                    1 us, workers (us):   1, ---, ---, ---, ---, ---, ---, ---, ---, ---, ---, ---, ---, ---, ---, ---, ---, ---, ---, ---, ---, ---, ---, ---, 
[893.938s][info][gc,stats       ] Concurrent Cleanup                20834 us
[893.938s][info][gc,stats       ] Concurrent Evacuation              4320 us
[893.938s][info][gc,stats       ] Pause Init  Update Refs (G)         471 us
[893.938s][info][gc,stats       ] Pause Init  Update Refs (N)         137 us
[893.938s][info][gc,stats       ]   Retire GCLABs                     120 us
[893.938s][info][gc,stats       ] Concurrent Update Refs            16005 us
[893.938s][info][gc,stats       ] Pause Final Update Refs (G)         856 us
[893.938s][info][gc,stats       ] Pause Final Update Refs (N)         239 us
[893.938s][info][gc,stats       ]   Update Roots                      144 us, parallelism: 1.19x
[893.938s][info][gc,stats       ]     UR: <total>                     172 us
[893.938s][info][gc,stats       ]     UR: Thread Roots                172 us, workers (us):  57,  59,  19,  28,   5,   3, ---, ---, ---, ---, ---, ---, ---, ---, ---, ---, ---, ---, ---, ---, ---, ---, ---, ---, 
[893.938s][info][gc,stats       ]   Update Region States               26 us
[893.938s][info][gc,stats       ]   Trash Collection Set                9 us
[893.938s][info][gc,stats       ]   Rebuild Free Set                   27 us
[893.938s][info][gc,stats       ] Concurrent Cleanup                  606 us
[893.938s][info][gc,stats       ] Pacing                            85247 us
[893.938s][info][gc,stats       ] 
[893.938s][info][gc,stats       ] Allocation pacing accrued:
[893.938s][info][gc,stats       ]      85 of   176 ms ( 48.3%): pl.nadoba.jvm.gc.benchmark.App.main()
[893.938s][info][gc,stats       ]      85 of   176 ms ( 48.3%): <total>
[893.938s][info][gc,stats       ]       9 of   176 ms (  4.8%): <average total>
[893.938s][info][gc,stats       ]      85 of   176 ms ( 48.3%): <average non-zero>
[893.938s][info][gc,stats       ] 
[893.938s][info][gc,metaspace   ] Metaspace: 24281K->24281K(1071104K)
[893.938s][info][gc,ergo        ] Pacer for Idle. Initial: 5242K, Alloc Tax Rate: 1.0x
[893.939s][info][gc             ] Trigger: Start next cycle immediately
[893.939s][info][gc,ergo        ] Free: 104M, Max: 256K regular, 46592K humongous, Frag: 57% external, 4% internal; Reserve: 13312K, Max: 256K
[893.939s][info][gc,start       ] GC(6719) Concurrent reset
[893.939s][info][gc,task        ] GC(6719) Using 6 of 24 workers for concurrent reset
[893.939s][info][gc,ergo        ] GC(6719) Pacer for Reset. Non-Taxable: 256M
[893.940s][info][gc             ] GC(6719) Concurrent reset 0.647ms
[893.940s][info][gc,start       ] GC(6719) Pause Init Mark
[893.940s][info][gc,task        ] GC(6719) Using 6 of 24 workers for init marking
[893.943s][info][gc,ergo        ] GC(6719) Pacer for Mark. Expected Live: 10049K, Free: 101M, Non-Taxable: 10380K, Alloc Tax Rate: 0.1x
[893.943s][info][gc             ] GC(6719) Pause Init Mark 3.061ms
[893.943s][info][gc,start       ] GC(6719) Concurrent marking
[893.943s][info][gc,task        ] GC(6719) Using 6 of 24 workers for concurrent marking
[894.012s][info][gc             ] GC(6719) Concurrent marking 68.816ms
[894.012s][info][gc,start       ] GC(6719) Pause Final Mark
[894.012s][info][gc,task        ] GC(6719) Using 6 of 24 workers for final marking
[894.013s][info][gc,ergo        ] GC(6719) Collectable Garbage: 124M (100%), Immediate: 123M (99%), CSet: 991K (0%)
[894.016s][info][gc,ergo        ] GC(6719) Pacer for Evacuation. Used CSet: 4851K, Free: 173M, Non-Taxable: 17725K, Alloc Tax Rate: 1.1x
[894.016s][info][gc             ] GC(6719) Pause Final Mark 3.985ms
[894.016s][info][gc,start       ] GC(6719) Concurrent cleanup
[894.034s][info][gc             ] GC(6719) Concurrent cleanup 190M->85M(256M) 17.767ms
[894.034s][info][gc,ergo        ] GC(6719) Free: 154M, Max: 256K regular, 56064K humongous, Frag: 65% external, 1% internal; Reserve: 12670K, Max: 256K
[894.034s][info][gc,start       ] GC(6719) Concurrent evacuation
[894.034s][info][gc,task        ] GC(6719) Using 6 of 24 workers for concurrent evacuation
[894.038s][info][gc             ] GC(6719) Concurrent evacuation 3.533ms
[894.038s][info][gc,start       ] GC(6719) Pause Init Update Refs
[894.038s][info][gc,ergo        ] GC(6719) Pacer for Update Refs. Used: 98696K, Free: 146M, Non-Taxable: 15037K, Alloc Tax Rate: 1.1x
[894.038s][info][gc             ] GC(6719) Pause Init Update Refs 0.250ms
[894.038s][info][gc,start       ] GC(6719) Concurrent update references
[894.038s][info][gc,task        ] GC(6719) Using 6 of 24 workers for concurrent reference update
[894.054s][info][gc             ] GC(6719) Concurrent update references 15.469ms
[894.055s][info][gc,start       ] GC(6719) Pause Final Update Refs
[894.055s][info][gc,task        ] GC(6719) Using 6 of 24 workers for final reference update
[894.056s][info][gc             ] GC(6719) Pause Final Update Refs 0.312ms
[894.056s][info][gc,start       ] GC(6719) Concurrent cleanup
[894.056s][info][gc             ] GC(6719) Concurrent cleanup 122M->124M(256M) 0.557ms
[894.056s][info][gc             ] GC(6719) Dat log --- cycle is complete
Current gc epoch: 5453
heap: ______
capacity: 268435456
used: 130700592
committed: 268435456
bytes_allocated_since_gc_start: 127402512
hot_size: 0
cold_size: 2930575
num_regions: 1024
hot_region_count: 18446744073709407070
cold_region_count: 144564
histogram: Placeholder

[894.056s][info][gc             ] GC(6719) Obj count ac histogram
[894.056s][info][gc             ] GC(6719) 	0: 223457
[894.056s][info][gc             ] GC(6719) 	1: 15
[894.056s][info][gc             ] GC(6719) 	2: 2
[894.056s][info][gc             ] GC(6719) 	3: 0
[894.056s][info][gc             ] GC(6719) 	4: 0
[894.056s][info][gc             ] GC(6719) 	5: 0
[894.056s][info][gc             ] GC(6719) 	6: 0
[894.056s][info][gc             ] GC(6719) 	7: 0
[894.056s][info][gc             ] GC(6719) 	8: 0
[894.056s][info][gc             ] GC(6719) 	9: 0
[894.056s][info][gc             ] GC(6719) 	10: 0
[894.056s][info][gc             ] GC(6719) 	11: 0
[894.056s][info][gc             ] GC(6719) 	12: 0
[894.056s][info][gc             ] GC(6719) 	13: 0
[894.056s][info][gc             ] GC(6719) 	14: 0
[894.056s][info][gc             ] GC(6719) 	15: 0
[894.056s][info][gc             ] GC(6719) 	16: 0
[894.056s][info][gc             ] GC(6719) 	17: 0
[894.056s][info][gc             ] GC(6719) 	18: 0
[894.056s][info][gc             ] GC(6719) 	19: 0
[894.056s][info][gc             ] GC(6719) Obj size ac histogram
[894.056s][info][gc             ] GC(6719) 	0: 1782104
[894.056s][info][gc             ] GC(6719) 	1: 720
[894.056s][info][gc             ] GC(6719) 	2: 14
[894.056s][info][gc             ] GC(6719) 	3: 0
[894.057s][info][gc             ] GC(6719) 	4: 0
[894.057s][info][gc             ] GC(6719) 	5: 0
[894.057s][info][gc             ] GC(6719) 	6: 0
[894.057s][info][gc             ] GC(6719) 	7: 0
[894.057s][info][gc             ] GC(6719) 	8: 0
[894.057s][info][gc             ] GC(6719) 	9: 0
[894.057s][info][gc             ] GC(6719) 	10: 0
[894.057s][info][gc             ] GC(6719) 	11: 0
[894.057s][info][gc             ] GC(6719) 	12: 0
[894.057s][info][gc             ] GC(6719) 	13: 0
[894.057s][info][gc             ] GC(6719) 	14: 0
[894.057s][info][gc             ] GC(6719) 	15: 0
[894.057s][info][gc             ] GC(6719) 	16: 0
[894.057s][info][gc             ] GC(6719) 	17: 0
[894.057s][info][gc             ] GC(6719) 	18: 0
[894.057s][info][gc             ] GC(6719) 	19: 0
[894.057s][info][gc,ergo        ] Free: 112M, Max: 256K regular, 35072K humongous, Frag: 70% external, 3% internal; Reserve: 13312K, Max: 256K
[894.057s][info][gc,stats       ] 
[894.057s][info][gc,stats       ] All times are wall-clock times, except per-root-class counters, that are sum over
[894.057s][info][gc,stats       ] all workers. Dividing the <total> over the root stage time estimates parallelism.
[894.057s][info][gc,stats       ] 
[894.057s][info][gc,stats       ] Concurrent Reset                    630 us
[894.057s][info][gc,stats       ] Pause Init Mark (G)                3708 us
[894.057s][info][gc,stats       ] Pause Init Mark (N)                3020 us
[894.057s][info][gc,stats       ]   Accumulate Stats                    6 us
[894.057s][info][gc,stats       ]   Make Parsable                      49 us
[894.057s][info][gc,stats       ]   Update Region States               17 us
[894.057s][info][gc,stats       ]   Scan Roots                       2130 us, parallelism: 1.98x
[894.057s][info][gc,stats       ]     S: <total>                     4218 us
[894.057s][info][gc,stats       ]     S: Thread Roots                 480 us, workers (us):  85, 129, 262,   2,   1,   2, ---, ---, ---, ---, ---, ---, ---, ---, ---, ---, ---, ---, ---, ---, ---, ---, ---, ---, 
[894.057s][info][gc,stats       ]     S: Universe Roots                42 us, workers (us):  42, ---, ---, ---, ---, ---, ---, ---, ---, ---, ---, ---, ---, ---, ---, ---, ---, ---, ---, ---, ---, ---, ---, ---, 
[894.057s][info][gc,stats       ]     S: JNI Handles Roots             25 us, workers (us): ---, ---,  25, ---, ---, ---, ---, ---, ---, ---, ---, ---, ---, ---, ---, ---, ---, ---, ---, ---, ---, ---, ---, ---, 
[894.057s][info][gc,stats       ]     S: Synchronizer Roots             1 us, workers (us): ---,   1, ---, ---, ---, ---, ---, ---, ---, ---, ---, ---, ---, ---, ---, ---, ---, ---, ---, ---, ---, ---, ---, ---, 
[894.057s][info][gc,stats       ]     S: Management Roots               2 us, workers (us): ---,   2, ---, ---, ---, ---, ---, ---, ---, ---, ---, ---, ---, ---, ---, ---, ---, ---, ---, ---, ---, ---, ---, ---, 
[894.057s][info][gc,stats       ]     S: System Dict Roots             58 us, workers (us): ---,  58, ---, ---, ---, ---, ---, ---, ---, ---, ---, ---, ---, ---, ---, ---, ---, ---, ---, ---, ---, ---, ---, ---, 
[894.057s][info][gc,stats       ]     S: CLDG Roots                  3610 us, workers (us): ---, ---, ---, 1928, 1401, 280, ---, ---, ---, ---, ---, ---, ---, ---, ---, ---, ---, ---, ---, ---, ---, ---, ---, ---, 
[894.057s][info][gc,stats       ]     S: JVMTI Roots                    1 us, workers (us): ---, ---,   1, ---, ---, ---, ---, ---, ---, ---, ---, ---, ---, ---, ---, ---, ---, ---, ---, ---, ---, ---, ---, ---, 
[894.057s][info][gc,stats       ]   Resize TLABs                        7 us
[894.057s][info][gc,stats       ] Concurrent Marking                68780 us
[894.057s][info][gc,stats       ] Pause Final Mark (G)               4177 us
[894.057s][info][gc,stats       ] Pause Final Mark (N)               3919 us
[894.057s][info][gc,stats       ]   Finish Queues                     173 us
[894.057s][info][gc,stats       ]   System Purge                      182 us
[894.057s][info][gc,stats       ]     Weak Roots                      180 us
[894.057s][info][gc,stats       ]   Update Region States               40 us
[894.057s][info][gc,stats       ]   Retire TLABs                       51 us
[894.057s][info][gc,stats       ]   Choose Collection Set             564 us
[894.057s][info][gc,stats       ]   Rebuild Free Set                   39 us
[894.057s][info][gc,stats       ]   Initial Evacuation               2846 us, parallelism: 1.58x
[894.057s][info][gc,stats       ]     E: <total>                     4498 us
[894.057s][info][gc,stats       ]     E: Thread Roots                 126 us, workers (us):   2,   1,  75,   1,  46,   1, ---, ---, ---, ---, ---, ---, ---, ---, ---, ---, ---, ---, ---, ---, ---, ---, ---, ---, 
[894.057s][info][gc,stats       ]     E: Code Cache Roots            3498 us, workers (us): 743, 799, 587, 378, 291, 701, ---, ---, ---, ---, ---, ---, ---, ---, ---, ---, ---, ---, ---, ---, ---, ---, ---, ---, 
[894.057s][info][gc,stats       ]     E: Universe Roots                 5 us, workers (us):   5, ---, ---, ---, ---, ---, ---, ---, ---, ---, ---, ---, ---, ---, ---, ---, ---, ---, ---, ---, ---, ---, ---, ---, 
[894.057s][info][gc,stats       ]     E: JNI Handles Roots              2 us, workers (us):   2, ---, ---, ---, ---, ---, ---, ---, ---, ---, ---, ---, ---, ---, ---, ---, ---, ---, ---, ---, ---, ---, ---, ---, 
[894.057s][info][gc,stats       ]     E: Synchronizer Roots             0 us, workers (us):   0, ---, ---, ---, ---, ---, ---, ---, ---, ---, ---, ---, ---, ---, ---, ---, ---, ---, ---, ---, ---, ---, ---, ---, 
[894.057s][info][gc,stats       ]     E: Management Roots               3 us, workers (us):   3, ---, ---, ---, ---, ---, ---, ---, ---, ---, ---, ---, ---, ---, ---, ---, ---, ---, ---, ---, ---, ---, ---, ---, 
[894.057s][info][gc,stats       ]     E: System Dict Roots             13 us, workers (us): ---,  13, ---, ---, ---, ---, ---, ---, ---, ---, ---, ---, ---, ---, ---, ---, ---, ---, ---, ---, ---, ---, ---, ---, 
[894.057s][info][gc,stats       ]     E: CLDG Roots                   849 us, workers (us): ---,  86, ---, 460, 304, ---, ---, ---, ---, ---, ---, ---, ---, ---, ---, ---, ---, ---, ---, ---, ---, ---, ---, ---, 
[894.057s][info][gc,stats       ]     E: JVMTI Roots                    1 us, workers (us): ---, ---,   1, ---, ---, ---, ---, ---, ---, ---, ---, ---, ---, ---, ---, ---, ---, ---, ---, ---, ---, ---, ---, ---, 
[894.057s][info][gc,stats       ] Concurrent Cleanup                17718 us
[894.057s][info][gc,stats       ] Concurrent Evacuation              3514 us
[894.057s][info][gc,stats       ] Pause Init  Update Refs (G)         693 us
[894.057s][info][gc,stats       ] Pause Init  Update Refs (N)         187 us
[894.057s][info][gc,stats       ]   Retire GCLABs                     136 us
[894.057s][info][gc,stats       ] Concurrent Update Refs            15439 us
[894.057s][info][gc,stats       ] Pause Final Update Refs (G)        1957 us
[894.057s][info][gc,stats       ] Pause Final Update Refs (N)         254 us
[894.057s][info][gc,stats       ]   Update Roots                      159 us, parallelism: 1.31x
[894.057s][info][gc,stats       ]     UR: <total>                     208 us
[894.057s][info][gc,stats       ]     UR: Thread Roots                208 us, workers (us):  84,  22,  20,  32,  43,   7, ---, ---, ---, ---, ---, ---, ---, ---, ---, ---, ---, ---, ---, ---, ---, ---, ---, ---, 
[894.057s][info][gc,stats       ]   Update Region States               29 us
[894.057s][info][gc,stats       ]   Trash Collection Set               11 us
[894.057s][info][gc,stats       ]   Rebuild Free Set                   32 us
[894.057s][info][gc,stats       ] Concurrent Cleanup                  532 us
[894.057s][info][gc,stats       ] Pacing                            87835 us
[894.057s][info][gc,stats       ] 
[894.057s][info][gc,stats       ] Allocation pacing accrued:
[894.057s][info][gc,stats       ]      88 of   119 ms ( 73.6%): pl.nadoba.jvm.gc.benchmark.App.main()
[894.057s][info][gc,stats       ]      88 of   119 ms ( 73.6%): <total>
[894.057s][info][gc,stats       ]       9 of   119 ms (  7.4%): <average total>
[894.057s][info][gc,stats       ]      88 of   119 ms ( 73.6%): <average non-zero>
[894.057s][info][gc,stats       ] 
[894.057s][info][gc,metaspace   ] Metaspace: 24281K->24281K(1071104K)
[894.057s][info][gc,ergo        ] Pacer for Idle. Initial: 5242K, Alloc Tax Rate: 1.0x
[894.058s][info][gc             ] Trigger: Start next cycle immediately
[894.058s][info][gc,ergo        ] Free: 112M, Max: 256K regular, 35072K humongous, Frag: 70% external, 3% internal; Reserve: 13312K, Max: 256K
[894.058s][info][gc,start       ] GC(6720) Concurrent reset
[894.058s][info][gc,task        ] GC(6720) Using 6 of 24 workers for concurrent reset
[894.058s][info][gc,ergo        ] GC(6720) Pacer for Reset. Non-Taxable: 256M
[894.059s][info][gc             ] GC(6720) Concurrent reset 0.574ms
[894.059s][info][gc,start       ] GC(6720) Pause Init Mark (unload classes)
[894.059s][info][gc,task        ] GC(6720) Using 6 of 24 workers for init marking
[894.061s][info][gc,ergo        ] GC(6720) Pacer for Mark. Expected Live: 10663K, Free: 112M, Non-Taxable: 11505K, Alloc Tax Rate: 0.1x
[894.061s][info][gc             ] GC(6720) Pause Init Mark (unload classes) 1.780ms
[894.061s][info][gc,start       ] GC(6720) Concurrent marking (unload classes)
[894.061s][info][gc,task        ] GC(6720) Using 6 of 24 workers for concurrent marking
[894.128s][info][gc             ] GC(6720) Concurrent marking (unload classes) 67.339ms
[894.128s][info][gc,start       ] GC(6720) Pause Final Mark (unload classes)
[894.128s][info][gc,task        ] GC(6720) Using 6 of 24 workers for final marking
[894.186s][info][gc,stringtable ] GC(6720) Cleaned string and symbol table, strings: 8172 processed, 0 removed, symbols: 68000 processed, 0 removed
[894.187s][info][gc,ergo        ] GC(6720) Collectable Garbage: 116M (100%), Immediate: 115M (99%), CSet: 1004K (0%)
[894.189s][info][gc,ergo        ] GC(6720) Pacer for Evacuation. Used CSet: 4864K, Free: 191M, Non-Taxable: 19594K, Alloc Tax Rate: 1.1x
[894.189s][info][gc             ] GC(6720) Pause Final Mark (unload classes) 60.693ms
[894.189s][info][gc,start       ] GC(6720) Concurrent cleanup
[894.206s][info][gc             ] GC(6720) Concurrent cleanup 165M->74M(256M) 17.073ms
[894.206s][info][gc,ergo        ] GC(6720) Free: 166M, Max: 256K regular, 81920K humongous, Frag: 52% external, 1% internal; Reserve: 12541K, Max: 256K
[894.206s][info][gc,start       ] GC(6720) Concurrent evacuation
[894.206s][info][gc,task        ] GC(6720) Using 6 of 24 workers for concurrent evacuation
[894.209s][info][gc             ] GC(6720) Concurrent evacuation 2.650ms
[894.209s][info][gc,start       ] GC(6720) Pause Init Update Refs
[894.209s][info][gc,ergo        ] GC(6720) Pacer for Update Refs. Used: 80276K, Free: 166M, Non-Taxable: 17009K, Alloc Tax Rate: 1.1x
[894.209s][info][gc             ] GC(6720) Pause Init Update Refs 0.180ms
[894.209s][info][gc,start       ] GC(6720) Concurrent update references
[894.209s][info][gc,task        ] GC(6720) Using 6 of 24 workers for concurrent reference update
[894.226s][info][gc             ] GC(6720) Concurrent update references 16.871ms
[894.227s][info][gc,start       ] GC(6720) Pause Final Update Refs
[894.227s][info][gc,task        ] GC(6720) Using 6 of 24 workers for final reference update
[894.227s][info][gc             ] GC(6720) Pause Final Update Refs 0.271ms
[894.227s][info][gc,start       ] GC(6720) Concurrent cleanup
[894.228s][info][gc             ] GC(6720) Concurrent cleanup 120M->115M(256M) 0.644ms
[894.228s][info][gc             ] GC(6720) Dat log --- cycle is complete
Current gc epoch: 5454
heap: ______
capacity: 268435456
used: 121263216
committed: 268435456
bytes_allocated_since_gc_start: 116392464
hot_size: 0
cold_size: 3133315
num_regions: 1024
hot_region_count: 18446744073709407052
cold_region_count: 144582
histogram: Placeholder

[894.228s][info][gc             ] GC(6720) Obj count ac histogram
[894.228s][info][gc             ] GC(6720) 	0: 212608
[894.228s][info][gc             ] GC(6720) 	1: 15
[894.228s][info][gc             ] GC(6720) 	2: 2
[894.228s][info][gc             ] GC(6720) 	3: 0
[894.228s][info][gc             ] GC(6720) 	4: 0
[894.228s][info][gc             ] GC(6720) 	5: 0
[894.228s][info][gc             ] GC(6720) 	6: 0
[894.228s][info][gc             ] GC(6720) 	7: 0
[894.228s][info][gc             ] GC(6720) 	8: 0
[894.228s][info][gc             ] GC(6720) 	9: 0
[894.228s][info][gc             ] GC(6720) 	10: 0
[894.228s][info][gc             ] GC(6720) 	11: 0
[894.228s][info][gc             ] GC(6720) 	12: 0
[894.228s][info][gc             ] GC(6720) 	13: 0
[894.228s][info][gc             ] GC(6720) 	14: 0
[894.228s][info][gc             ] GC(6720) 	15: 0
[894.228s][info][gc             ] GC(6720) 	16: 0
[894.228s][info][gc             ] GC(6720) 	17: 0
[894.228s][info][gc             ] GC(6720) 	18: 0
[894.228s][info][gc             ] GC(6720) 	19: 0
[894.228s][info][gc             ] GC(6720) Obj size ac histogram
[894.228s][info][gc             ] GC(6720) 	0: 2411980
[894.228s][info][gc             ] GC(6720) 	1: 720
[894.228s][info][gc             ] GC(6720) 	2: 14
[894.228s][info][gc             ] GC(6720) 	3: 0
[894.228s][info][gc             ] GC(6720) 	4: 0
[894.228s][info][gc             ] GC(6720) 	5: 0
[894.228s][info][gc             ] GC(6720) 	6: 0
[894.228s][info][gc             ] GC(6720) 	7: 0
[894.228s][info][gc             ] GC(6720) 	8: 0
[894.228s][info][gc             ] GC(6720) 	9: 0
[894.228s][info][gc             ] GC(6720) 	10: 0
[894.228s][info][gc             ] GC(6720) 	11: 0
[894.228s][info][gc             ] GC(6720) 	12: 0
[894.228s][info][gc             ] GC(6720) 	13: 0
[894.228s][info][gc             ] GC(6720) 	14: 0
[894.228s][info][gc             ] GC(6720) 	15: 0
[894.228s][info][gc             ] GC(6720) 	16: 0
[894.228s][info][gc             ] GC(6720) 	17: 0
[894.228s][info][gc             ] GC(6720) 	18: 0
[894.228s][info][gc             ] GC(6720) 	19: 0
[894.228s][info][gc,ergo        ] Free: 122M, Max: 256K regular, 81920K humongous, Frag: 35% external, 3% internal; Reserve: 13312K, Max: 256K
[894.228s][info][gc,stats       ] 
[894.228s][info][gc,stats       ] All times are wall-clock times, except per-root-class counters, that are sum over
[894.228s][info][gc,stats       ] all workers. Dividing the <total> over the root stage time estimates parallelism.
[894.228s][info][gc,stats       ] 
[894.228s][info][gc,stats       ] Concurrent Reset                    558 us
[894.228s][info][gc,stats       ] Pause Init Mark (G)                2071 us
[894.228s][info][gc,stats       ] Pause Init Mark (N)                1742 us
[894.228s][info][gc,stats       ]   Accumulate Stats                    7 us
[894.228s][info][gc,stats       ]   Make Parsable                      56 us
[894.228s][info][gc,stats       ]   Update Region States               17 us
[894.228s][info][gc,stats       ]   Scan Roots                        728 us, parallelism: 1.52x
[894.228s][info][gc,stats       ]     S: <total>                     1107 us
[894.228s][info][gc,stats       ]     S: Thread Roots                 381 us, workers (us): 139,  99,  47,   1,  40,  55, ---, ---, ---, ---, ---, ---, ---, ---, ---, ---, ---, ---, ---, ---, ---, ---, ---, ---, 
[894.228s][info][gc,stats       ]     S: Universe Roots                39 us, workers (us):  39, ---, ---, ---, ---, ---, ---, ---, ---, ---, ---, ---, ---, ---, ---, ---, ---, ---, ---, ---, ---, ---, ---, ---, 
[894.228s][info][gc,stats       ]     S: JNI Handles Roots             32 us, workers (us): ---, ---, ---, ---,  32, ---, ---, ---, ---, ---, ---, ---, ---, ---, ---, ---, ---, ---, ---, ---, ---, ---, ---, ---, 
[894.228s][info][gc,stats       ]     S: Synchronizer Roots             1 us, workers (us): ---,   1, ---, ---, ---, ---, ---, ---, ---, ---, ---, ---, ---, ---, ---, ---, ---, ---, ---, ---, ---, ---, ---, ---, 
[894.228s][info][gc,stats       ]     S: Management Roots               3 us, workers (us): ---,   3, ---, ---, ---, ---, ---, ---, ---, ---, ---, ---, ---, ---, ---, ---, ---, ---, ---, ---, ---, ---, ---, ---, 
[894.228s][info][gc,stats       ]     S: System Dict Roots             50 us, workers (us): ---,  50, ---, ---, ---, ---, ---, ---, ---, ---, ---, ---, ---, ---, ---, ---, ---, ---, ---, ---, ---, ---, ---, ---, 
[894.228s][info][gc,stats       ]     S: CLDG Roots                   601 us, workers (us): ---, ---,  15, 571, ---,  15, ---, ---, ---, ---, ---, ---, ---, ---, ---, ---, ---, ---, ---, ---, ---, ---, ---, ---, 
[894.228s][info][gc,stats       ]     S: JVMTI Roots                    1 us, workers (us): ---, ---,   1, ---, ---, ---, ---, ---, ---, ---, ---, ---, ---, ---, ---, ---, ---, ---, ---, ---, ---, ---, ---, ---, 
[894.228s][info][gc,stats       ]   Resize TLABs                        5 us
[894.228s][info][gc,stats       ] Concurrent Marking                67287 us
[894.228s][info][gc,stats       ] Pause Final Mark (G)              60895 us
[894.228s][info][gc,stats       ] Pause Final Mark (N)              60638 us
[894.228s][info][gc,stats       ]   Finish Queues                     177 us
[894.228s][info][gc,stats       ]   System Purge                      203 us
[894.228s][info][gc,stats       ]     Unload Classes                   98 us
[894.228s][info][gc,stats       ]     Cleanup                       57119 us, parallelism: 1.67x
[894.228s][info][gc,stats       ]       CU: <total>                 95181 us
[894.228s][info][gc,stats       ]       CU: Code Cache Roots        75731 us, workers (us): 12443, 12723, 12384, 12391, 12469, 13321, ---, ---, ---, ---, ---, ---, ---, ---, ---, ---, ---, ---, ---, ---, ---, ---, ---, ---, 
[894.228s][info][gc,stats       ]       CU: Code Cache Cleaning      5680 us, workers (us): 930, 949, 944, 947, 1160, 751, ---, ---, ---, ---, ---, ---, ---, ---, ---, ---, ---, ---, ---, ---, ---, ---, ---, ---, 
[894.228s][info][gc,stats       ]       CU: String Table Roots       3278 us, workers (us): 701, 419, 759, 739, 659,   1, ---, ---, ---, ---, ---, ---, ---, ---, ---, ---, ---, ---, ---, ---, ---, ---, ---, ---, 
[894.228s][info][gc,stats       ]       CU: Resolved Table Roots       19 us, workers (us):  18,   0,   0,   0,   0,   0, ---, ---, ---, ---, ---, ---, ---, ---, ---, ---, ---, ---, ---, ---, ---, ---, ---, ---, 
[894.228s][info][gc,stats       ]       CU: CLDG Roots              10473 us, workers (us): 1803, 1769, 1758, 1805, 1580, 1759, ---, ---, ---, ---, ---, ---, ---, ---, ---, ---, ---, ---, ---, ---, ---, ---, ---, ---, 
[894.228s][info][gc,stats       ]     Weak Roots                      202 us
[894.228s][info][gc,stats       ]     CLDG                              1 us
[894.228s][info][gc,stats       ]   Update Region States               23 us
[894.228s][info][gc,stats       ]   Retire TLABs                       41 us
[894.228s][info][gc,stats       ]   Choose Collection Set             318 us
[894.228s][info][gc,stats       ]   Rebuild Free Set                   17 us
[894.228s][info][gc,stats       ]   Initial Evacuation               2447 us, parallelism: 2.28x
[894.228s][info][gc,stats       ]     E: <total>                     5578 us
[894.228s][info][gc,stats       ]     E: Thread Roots                 212 us, workers (us): 194,   1,  13,   1,   1,   2, ---, ---, ---, ---, ---, ---, ---, ---, ---, ---, ---, ---, ---, ---, ---, ---, ---, ---, 
[894.228s][info][gc,stats       ]     E: Code Cache Roots            4362 us, workers (us): 662, 592, 831, 1007, 280, 989, ---, ---, ---, ---, ---, ---, ---, ---, ---, ---, ---, ---, ---, ---, ---, ---, ---, ---, 
[894.228s][info][gc,stats       ]     E: Universe Roots                 5 us, workers (us):   5, ---, ---, ---, ---, ---, ---, ---, ---, ---, ---, ---, ---, ---, ---, ---, ---, ---, ---, ---, ---, ---, ---, ---, 
[894.228s][info][gc,stats       ]     E: JNI Handles Roots              2 us, workers (us):   2, ---, ---, ---, ---, ---, ---, ---, ---, ---, ---, ---, ---, ---, ---, ---, ---, ---, ---, ---, ---, ---, ---, ---, 
[894.228s][info][gc,stats       ]     E: Synchronizer Roots             0 us, workers (us):   0, ---, ---, ---, ---, ---, ---, ---, ---, ---, ---, ---, ---, ---, ---, ---, ---, ---, ---, ---, ---, ---, ---, ---, 
[894.228s][info][gc,stats       ]     E: Management Roots               2 us, workers (us):   2, ---, ---, ---, ---, ---, ---, ---, ---, ---, ---, ---, ---, ---, ---, ---, ---, ---, ---, ---, ---, ---, ---, ---, 
[894.228s][info][gc,stats       ]     E: System Dict Roots             11 us, workers (us): ---,  11, ---, ---, ---, ---, ---, ---, ---, ---, ---, ---, ---, ---, ---, ---, ---, ---, ---, ---, ---, ---, ---, ---, 
[894.228s][info][gc,stats       ]     E: CLDG Roots                   984 us, workers (us): ---, 292, ---,  60, 632, ---, ---, ---, ---, ---, ---, ---, ---, ---, ---, ---, ---, ---, ---, ---, ---, ---, ---, ---, 
[894.228s][info][gc,stats       ]     E: JVMTI Roots                    1 us, workers (us):   1, ---, ---, ---, ---, ---, ---, ---, ---, ---, ---, ---, ---, ---, ---, ---, ---, ---, ---, ---, ---, ---, ---, ---, 
[894.228s][info][gc,stats       ] Concurrent Cleanup                17012 us
[894.228s][info][gc,stats       ] Concurrent Evacuation              2638 us
[894.228s][info][gc,stats       ] Pause Init  Update Refs (G)         421 us
[894.228s][info][gc,stats       ] Pause Init  Update Refs (N)         143 us
[894.228s][info][gc,stats       ]   Retire GCLABs                     125 us
[894.228s][info][gc,stats       ] Concurrent Update Refs            16837 us
[894.228s][info][gc,stats       ] Pause Final Update Refs (G)         719 us
[894.228s][info][gc,stats       ] Pause Final Update Refs (N)         227 us
[894.228s][info][gc,stats       ]   Update Roots                      157 us, parallelism: 1.40x
[894.228s][info][gc,stats       ]     UR: <total>                     220 us
[894.228s][info][gc,stats       ]     UR: Thread Roots                220 us, workers (us): 103,  40,  28,  43,   4,   2, ---, ---, ---, ---, ---, ---, ---, ---, ---, ---, ---, ---, ---, ---, ---, ---, ---, ---, 
[894.228s][info][gc,stats       ]   Update Region States               21 us
[894.228s][info][gc,stats       ]   Trash Collection Set                8 us
[894.228s][info][gc,stats       ]   Rebuild Free Set                   23 us
[894.228s][info][gc,stats       ] Concurrent Cleanup                  613 us
[894.228s][info][gc,stats       ] Pacing                           144344 us
[894.228s][info][gc,stats       ] 
[894.228s][info][gc,stats       ] Allocation pacing accrued:
[894.228s][info][gc,stats       ]     144 of   171 ms ( 84.3%): pl.nadoba.jvm.gc.benchmark.App.main()
[894.228s][info][gc,stats       ]     144 of   171 ms ( 84.3%): <total>
[894.228s][info][gc,stats       ]      14 of   171 ms (  8.4%): <average total>
[894.228s][info][gc,stats       ]     144 of   171 ms ( 84.3%): <average non-zero>
[894.228s][info][gc,stats       ] 
[894.228s][info][gc,metaspace   ] Metaspace: 24281K->24281K(1071104K)
[894.228s][info][gc,ergo        ] Pacer for Idle. Initial: 5242K, Alloc Tax Rate: 1.0x
[894.229s][info][gc             ] Trigger: Start next cycle immediately
[894.229s][info][gc,ergo        ] Free: 117M, Max: 256K regular, 81920K humongous, Frag: 32% external, 3% internal; Reserve: 13312K, Max: 256K
[894.229s][info][gc,start       ] GC(6721) Concurrent reset
[894.229s][info][gc,task        ] GC(6721) Using 6 of 24 workers for concurrent reset
[894.229s][info][gc,ergo        ] GC(6721) Pacer for Reset. Non-Taxable: 256M
[894.230s][info][gc             ] GC(6721) Concurrent reset 0.565ms
[894.230s][info][gc,start       ] GC(6721) Pause Init Mark (unload classes)
[894.230s][info][gc,task        ] GC(6721) Using 6 of 24 workers for init marking
[894.232s][info][gc,ergo        ] GC(6721) Pacer for Mark. Expected Live: 9230K, Free: 117M, Non-Taxable: 12042K, Alloc Tax Rate: 0.1x
[894.233s][info][gc             ] GC(6721) Pause Init Mark (unload classes) 2.368ms
[894.233s][info][gc,start       ] GC(6721) Concurrent marking (unload classes)
[894.233s][info][gc,task        ] GC(6721) Using 6 of 24 workers for concurrent marking
[894.298s][info][gc             ] GC(6721) Concurrent marking (unload classes) 64.928ms
[894.299s][info][gc,start       ] GC(6721) Pause Final Mark (unload classes)
[894.299s][info][gc,task        ] GC(6721) Using 6 of 24 workers for final marking
[894.354s][info][gc,stringtable ] GC(6721) Cleaned string and symbol table, strings: 8172 processed, 0 removed, symbols: 68000 processed, 0 removed
[894.355s][info][gc,ergo        ] GC(6721) Collectable Garbage: 112M (100%), Immediate: 111M (99%), CSet: 1004K (0%)
[894.357s][info][gc,ergo        ] GC(6721) Pacer for Evacuation. Used CSet: 4864K, Free: 192M, Non-Taxable: 19722K, Alloc Tax Rate: 1.1x
[894.357s][info][gc             ] GC(6721) Pause Final Mark (unload classes) 58.290ms
[894.357s][info][gc,start       ] GC(6721) Concurrent cleanup
[894.374s][info][gc             ] GC(6721) Concurrent cleanup 159M->69M(256M) 17.076ms
[894.374s][info][gc,ergo        ] GC(6721) Free: 170M, Max: 256K regular, 71168K humongous, Frag: 60% external, 1% internal; Reserve: 12509K, Max: 256K
[894.374s][info][gc,start       ] GC(6721) Concurrent evacuation
[894.374s][info][gc,task        ] GC(6721) Using 6 of 24 workers for concurrent evacuation
[894.379s][info][gc             ] GC(6721) Concurrent evacuation 4.459ms
[894.379s][info][gc,start       ] GC(6721) Pause Init Update Refs
[894.379s][info][gc,ergo        ] GC(6721) Pacer for Update Refs. Used: 75413K, Free: 170M, Non-Taxable: 17444K, Alloc Tax Rate: 1.1x
[894.379s][info][gc             ] GC(6721) Pause Init Update Refs 0.191ms
[894.379s][info][gc,start       ] GC(6721) Concurrent update references
[894.379s][info][gc,task        ] GC(6721) Using 6 of 24 workers for concurrent reference update
[894.397s][info][gc             ] GC(6721) Concurrent update references 17.556ms
[894.398s][info][gc,start       ] GC(6721) Pause Final Update Refs
[894.398s][info][gc,task        ] GC(6721) Using 6 of 24 workers for final reference update
[894.398s][info][gc             ] GC(6721) Pause Final Update Refs 0.260ms
[894.398s][info][gc,start       ] GC(6721) Concurrent cleanup
[894.399s][info][gc             ] GC(6721) Concurrent cleanup 132M->127M(256M) 0.745ms
[894.399s][info][gc             ] GC(6721) Dat log --- cycle is complete
Current gc epoch: 5455
heap: ______
capacity: 268435456
used: 134108560
committed: 268435456
bytes_allocated_since_gc_start: 131334672
hot_size: 0
cold_size: 2215811
num_regions: 1024
hot_region_count: 18446744073709407034
cold_region_count: 144601
histogram: Placeholder

[894.399s][info][gc             ] GC(6721) Obj count ac histogram
[894.399s][info][gc             ] GC(6721) 	0: 207447
[894.399s][info][gc             ] GC(6721) 	1: 15
[894.399s][info][gc             ] GC(6721) 	2: 2
[894.399s][info][gc             ] GC(6721) 	3: 0
[894.399s][info][gc             ] GC(6721) 	4: 0
[894.399s][info][gc             ] GC(6721) 	5: 0
[894.399s][info][gc             ] GC(6721) 	6: 0
[894.399s][info][gc             ] GC(6721) 	7: 0
[894.399s][info][gc             ] GC(6721) 	8: 0
[894.399s][info][gc             ] GC(6721) 	9: 0
[894.399s][info][gc             ] GC(6721) 	10: 0
[894.399s][info][gc             ] GC(6721) 	11: 0
[894.399s][info][gc             ] GC(6721) 	12: 0
[894.399s][info][gc             ] GC(6721) 	13: 0
[894.399s][info][gc             ] GC(6721) 	14: 0
[894.399s][info][gc             ] GC(6721) 	15: 0
[894.399s][info][gc             ] GC(6721) 	16: 0
[894.399s][info][gc             ] GC(6721) 	17: 0
[894.399s][info][gc             ] GC(6721) 	18: 0
[894.399s][info][gc             ] GC(6721) 	19: 0
[894.399s][info][gc             ] GC(6721) Obj size ac histogram
[894.399s][info][gc             ] GC(6721) 	0: 1302839
[894.399s][info][gc             ] GC(6721) 	1: 720
[894.399s][info][gc             ] GC(6721) 	2: 14
[894.399s][info][gc             ] GC(6721) 	3: 0
[894.399s][info][gc             ] GC(6721) 	4: 0
[894.399s][info][gc             ] GC(6721) 	5: 0
[894.399s][info][gc             ] GC(6721) 	6: 0
[894.399s][info][gc             ] GC(6721) 	7: 0
[894.399s][info][gc             ] GC(6721) 	8: 0
[894.399s][info][gc             ] GC(6721) 	9: 0
[894.399s][info][gc             ] GC(6721) 	10: 0
[894.399s][info][gc             ] GC(6721) 	11: 0
[894.399s][info][gc             ] GC(6721) 	12: 0
[894.399s][info][gc             ] GC(6721) 	13: 0
[894.399s][info][gc             ] GC(6721) 	14: 0
[894.399s][info][gc             ] GC(6721) 	15: 0
[894.399s][info][gc             ] GC(6721) 	16: 0
[894.399s][info][gc             ] GC(6721) 	17: 0
[894.399s][info][gc             ] GC(6721) 	18: 0
[894.399s][info][gc             ] GC(6721) 	19: 0
[894.399s][info][gc,ergo        ] Free: 108M, Max: 256K regular, 70912K humongous, Frag: 36% external, 3% internal; Reserve: 13312K, Max: 256K
[894.399s][info][gc,stats       ] 
[894.399s][info][gc,stats       ] All times are wall-clock times, except per-root-class counters, that are sum over
[894.399s][info][gc,stats       ] all workers. Dividing the <total> over the root stage time estimates parallelism.
[894.399s][info][gc,stats       ] 
[894.399s][info][gc,stats       ] Concurrent Reset                    549 us
[894.399s][info][gc,stats       ] Pause Init Mark (G)                2640 us
[894.399s][info][gc,stats       ] Pause Init Mark (N)                2326 us
[894.399s][info][gc,stats       ]   Accumulate Stats                    6 us
[894.399s][info][gc,stats       ]   Make Parsable                      44 us
[894.399s][info][gc,stats       ]   Update Region States               13 us
[894.399s][info][gc,stats       ]   Scan Roots                       1490 us, parallelism: 1.19x
[894.399s][info][gc,stats       ]     S: <total>                     1775 us
[894.399s][info][gc,stats       ]     S: Thread Roots                 383 us, workers (us):  44,   4,   1,  43, 204,  87, ---, ---, ---, ---, ---, ---, ---, ---, ---, ---, ---, ---, ---, ---, ---, ---, ---, ---, 
[894.399s][info][gc,stats       ]     S: Universe Roots                15 us, workers (us):  15, ---, ---, ---, ---, ---, ---, ---, ---, ---, ---, ---, ---, ---, ---, ---, ---, ---, ---, ---, ---, ---, ---, ---, 
[894.399s][info][gc,stats       ]     S: JNI Handles Roots             10 us, workers (us):  10, ---, ---, ---, ---, ---, ---, ---, ---, ---, ---, ---, ---, ---, ---, ---, ---, ---, ---, ---, ---, ---, ---, ---, 
[894.399s][info][gc,stats       ]     S: Synchronizer Roots             0 us, workers (us): ---,   0, ---, ---, ---, ---, ---, ---, ---, ---, ---, ---, ---, ---, ---, ---, ---, ---, ---, ---, ---, ---, ---, ---, 
[894.399s][info][gc,stats       ]     S: Management Roots               2 us, workers (us): ---,   2, ---, ---, ---, ---, ---, ---, ---, ---, ---, ---, ---, ---, ---, ---, ---, ---, ---, ---, ---, ---, ---, ---, 
[894.399s][info][gc,stats       ]     S: System Dict Roots             48 us, workers (us): ---,  48, ---, ---, ---, ---, ---, ---, ---, ---, ---, ---, ---, ---, ---, ---, ---, ---, ---, ---, ---, ---, ---, ---, 
[894.399s][info][gc,stats       ]     S: CLDG Roots                  1316 us, workers (us): ---, ---, 1288,  14, ---,  14, ---, ---, ---, ---, ---, ---, ---, ---, ---, ---, ---, ---, ---, ---, ---, ---, ---, ---, 
[894.399s][info][gc,stats       ]     S: JVMTI Roots                    0 us, workers (us):   0, ---, ---, ---, ---, ---, ---, ---, ---, ---, ---, ---, ---, ---, ---, ---, ---, ---, ---, ---, ---, ---, ---, ---, 
[894.399s][info][gc,stats       ]   Resize TLABs                        7 us
[894.399s][info][gc,stats       ] Concurrent Marking                64875 us
[894.399s][info][gc,stats       ] Pause Final Mark (G)              59412 us
[894.399s][info][gc,stats       ] Pause Final Mark (N)              58238 us
[894.399s][info][gc,stats       ]   Finish Queues                     167 us
[894.399s][info][gc,stats       ]   System Purge                      228 us
[894.399s][info][gc,stats       ]     Unload Classes                   92 us
[894.399s][info][gc,stats       ]     Cleanup                       54827 us, parallelism: 1.67x
[894.399s][info][gc,stats       ]       CU: <total>                 91702 us
[894.399s][info][gc,stats       ]       CU: Code Cache Roots        66936 us, workers (us): 10741, 10765, 11554, 12417, 10694, 10764, ---, ---, ---, ---, ---, ---, ---, ---, ---, ---, ---, ---, ---, ---, ---, ---, ---, ---, 
[894.399s][info][gc,stats       ]       CU: Code Cache Cleaning      9203 us, workers (us): 1625, 1652, 1642, 1001, 1641, 1643, ---, ---, ---, ---, ---, ---, ---, ---, ---, ---, ---, ---, ---, ---, ---, ---, ---, ---, 
[894.399s][info][gc,stats       ]       CU: String Table Roots       3667 us, workers (us): 911, 889,  95,   1, 925, 847, ---, ---, ---, ---, ---, ---, ---, ---, ---, ---, ---, ---, ---, ---, ---, ---, ---, ---, 
[894.399s][info][gc,stats       ]       CU: Resolved Table Roots       19 us, workers (us):  18,   0,   0,   0,   0,   0, ---, ---, ---, ---, ---, ---, ---, ---, ---, ---, ---, ---, ---, ---, ---, ---, ---, ---, 
[894.399s][info][gc,stats       ]       CU: CLDG Roots              11877 us, workers (us): 1998, 2014, 2027, 1845, 2018, 1976, ---, ---, ---, ---, ---, ---, ---, ---, ---, ---, ---, ---, ---, ---, ---, ---, ---, ---, 
[894.399s][info][gc,stats       ]     Weak Roots                      227 us
[894.400s][info][gc,stats       ]     CLDG                              1 us
[894.400s][info][gc,stats       ]   Update Region States               25 us
[894.400s][info][gc,stats       ]   Retire TLABs                       39 us
[894.400s][info][gc,stats       ]   Choose Collection Set             294 us
[894.400s][info][gc,stats       ]   Rebuild Free Set                   16 us
[894.400s][info][gc,stats       ]   Initial Evacuation               2371 us, parallelism: 2.48x
[894.400s][info][gc,stats       ]     E: <total>                     5881 us
[894.400s][info][gc,stats       ]     E: Thread Roots                 222 us, workers (us):   1,  11,   1,   1, 207,   1, ---, ---, ---, ---, ---, ---, ---, ---, ---, ---, ---, ---, ---, ---, ---, ---, ---, ---, 
[894.400s][info][gc,stats       ]     E: Code Cache Roots            4532 us, workers (us): 1061, 491, 975, 420, 669, 916, ---, ---, ---, ---, ---, ---, ---, ---, ---, ---, ---, ---, ---, ---, ---, ---, ---, ---, 
[894.400s][info][gc,stats       ]     E: Universe Roots                 6 us, workers (us):   6, ---, ---, ---, ---, ---, ---, ---, ---, ---, ---, ---, ---, ---, ---, ---, ---, ---, ---, ---, ---, ---, ---, ---, 
[894.400s][info][gc,stats       ]     E: JNI Handles Roots              3 us, workers (us): ---, ---,   3, ---, ---, ---, ---, ---, ---, ---, ---, ---, ---, ---, ---, ---, ---, ---, ---, ---, ---, ---, ---, ---, 
[894.400s][info][gc,stats       ]     E: Synchronizer Roots             0 us, workers (us):   0, ---, ---, ---, ---, ---, ---, ---, ---, ---, ---, ---, ---, ---, ---, ---, ---, ---, ---, ---, ---, ---, ---, ---, 
[894.400s][info][gc,stats       ]     E: Management Roots               2 us, workers (us):   2, ---, ---, ---, ---, ---, ---, ---, ---, ---, ---, ---, ---, ---, ---, ---, ---, ---, ---, ---, ---, ---, ---, ---, 
[894.400s][info][gc,stats       ]     E: System Dict Roots             13 us, workers (us):  13, ---, ---, ---, ---, ---, ---, ---, ---, ---, ---, ---, ---, ---, ---, ---, ---, ---, ---, ---, ---, ---, ---, ---, 
[894.400s][info][gc,stats       ]     E: CLDG Roots                  1101 us, workers (us): ---, 424, ---, 614,  64, ---, ---, ---, ---, ---, ---, ---, ---, ---, ---, ---, ---, ---, ---, ---, ---, ---, ---, ---, 
[894.400s][info][gc,stats       ]     E: JVMTI Roots                    1 us, workers (us): ---,   1, ---, ---, ---, ---, ---, ---, ---, ---, ---, ---, ---, ---, ---, ---, ---, ---, ---, ---, ---, ---, ---, ---, 
[894.400s][info][gc,stats       ] Concurrent Cleanup                17016 us
[894.400s][info][gc,stats       ] Concurrent Evacuation              4447 us
[894.400s][info][gc,stats       ] Pause Init  Update Refs (G)         456 us
[894.400s][info][gc,stats       ] Pause Init  Update Refs (N)         158 us
[894.400s][info][gc,stats       ]   Retire GCLABs                     145 us
[894.400s][info][gc,stats       ] Concurrent Update Refs            17522 us
[894.400s][info][gc,stats       ] Pause Final Update Refs (G)        1504 us
[894.400s][info][gc,stats       ] Pause Final Update Refs (N)         205 us
[894.400s][info][gc,stats       ]   Update Roots                      145 us, parallelism: 1.41x
[894.400s][info][gc,stats       ]     UR: <total>                     206 us
[894.400s][info][gc,stats       ]     UR: Thread Roots                206 us, workers (us):  82,  40,  29,  41,   7,   7, ---, ---, ---, ---, ---, ---, ---, ---, ---, ---, ---, ---, ---, ---, ---, ---, ---, ---, 
[894.400s][info][gc,stats       ]   Update Region States               22 us
[894.400s][info][gc,stats       ]   Trash Collection Set                6 us
[894.400s][info][gc,stats       ]   Rebuild Free Set                   16 us
[894.400s][info][gc,stats       ] Concurrent Cleanup                  696 us
[894.400s][info][gc,stats       ] Pacing                            81237 us
[894.400s][info][gc,stats       ] 
[894.400s][info][gc,stats       ] Allocation pacing accrued:
[894.400s][info][gc,stats       ]      81 of   171 ms ( 47.4%): pl.nadoba.jvm.gc.benchmark.App.main()
[894.400s][info][gc,stats       ]      81 of   171 ms ( 47.4%): <total>
[894.400s][info][gc,stats       ]       8 of   171 ms (  4.7%): <average total>
[894.400s][info][gc,stats       ]      81 of   171 ms ( 47.4%): <average non-zero>
[894.400s][info][gc,stats       ] 
[894.400s][info][gc,metaspace   ] Metaspace: 24281K->24281K(1071104K)
[894.400s][info][gc,ergo        ] Pacer for Idle. Initial: 5242K, Alloc Tax Rate: 1.0x
[894.401s][info][gc             ] Trigger: Start next cycle immediately
[894.401s][info][gc,ergo        ] Free: 108M, Max: 256K regular, 70912K humongous, Frag: 36% external, 3% internal; Reserve: 13312K, Max: 256K
[894.401s][info][gc,start       ] GC(6722) Concurrent reset
[894.401s][info][gc,task        ] GC(6722) Using 6 of 24 workers for concurrent reset
[894.401s][info][gc,ergo        ] GC(6722) Pacer for Reset. Non-Taxable: 256M
[894.402s][info][gc             ] GC(6722) Concurrent reset 0.608ms
[894.402s][info][gc,start       ] GC(6722) Pause Init Mark (process weakrefs) (unload classes)
[894.402s][info][gc,task        ] GC(6722) Using 6 of 24 workers for init marking
[894.403s][info][gc,ergo        ] GC(6722) Pacer for Mark. Expected Live: 9230K, Free: 108M, Non-Taxable: 11095K, Alloc Tax Rate: 0.1x
[894.403s][info][gc             ] GC(6722) Pause Init Mark (process weakrefs) (unload classes) 1.644ms
[894.403s][info][gc,start       ] GC(6722) Concurrent marking (process weakrefs) (unload classes)
[894.404s][info][gc,task        ] GC(6722) Using 6 of 24 workers for concurrent marking
[894.467s][info][gc             ] GC(6722) Concurrent marking (process weakrefs) (unload classes) 63.866ms
[894.467s][info][gc,start       ] GC(6722) Concurrent precleaning
[894.467s][info][gc,task        ] GC(6722) Using 1 of 24 workers for concurrent preclean
[894.467s][info][gc,ergo        ] GC(6722) Pacer for Precleaning. Non-Taxable: 256M
[894.472s][info][gc             ] GC(6722) Concurrent precleaning 4.188ms
[894.472s][info][gc,start       ] GC(6722) Pause Final Mark (process weakrefs) (unload classes)
[894.472s][info][gc,task        ] GC(6722) Using 6 of 24 workers for final marking
[894.529s][info][gc,stringtable ] GC(6722) Cleaned string and symbol table, strings: 8172 processed, 0 removed, symbols: 68000 processed, 0 removed
[894.529s][info][gc,ergo        ] GC(6722) Collectable Garbage: 119M (100%), Immediate: 118M (98%), CSet: 1260K (1%)
[894.531s][info][gc,ergo        ] GC(6722) Pacer for Evacuation. Used CSet: 5120K, Free: 181M, Non-Taxable: 18545K, Alloc Tax Rate: 1.1x
[894.531s][info][gc             ] GC(6722) Pause Final Mark (process weakrefs) (unload classes) 59.215ms
[894.532s][info][gc,start       ] GC(6722) Concurrent cleanup
[894.550s][info][gc             ] GC(6722) Concurrent cleanup 178M->79M(256M) 18.723ms
[894.550s][info][gc,ergo        ] GC(6722) Free: 160M, Max: 256K regular, 50176K humongous, Frag: 70% external, 1% internal; Reserve: 12670K, Max: 256K
[894.550s][info][gc,start       ] GC(6722) Concurrent evacuation
[894.550s][info][gc,task        ] GC(6722) Using 6 of 24 workers for concurrent evacuation
[894.553s][info][gc             ] GC(6722) Concurrent evacuation 2.917ms
[894.553s][info][gc,start       ] GC(6722) Pause Init Update Refs
[894.554s][info][gc,ergo        ] GC(6722) Pacer for Update Refs. Used: 85908K, Free: 160M, Non-Taxable: 16420K, Alloc Tax Rate: 1.1x
[894.554s][info][gc             ] GC(6722) Pause Init Update Refs 0.183ms
[894.554s][info][gc,start       ] GC(6722) Concurrent update references
[894.554s][info][gc,task        ] GC(6722) Using 6 of 24 workers for concurrent reference update
[894.571s][info][gc             ] GC(6722) Concurrent update references 17.011ms
[894.571s][info][gc,start       ] GC(6722) Pause Final Update Refs
[894.571s][info][gc,task        ] GC(6722) Using 6 of 24 workers for final reference update
[894.572s][info][gc             ] GC(6722) Pause Final Update Refs 0.268ms
[894.572s][info][gc,start       ] GC(6722) Concurrent cleanup
[894.572s][info][gc             ] GC(6722) Concurrent cleanup 144M->147M(256M) 0.782ms
[894.572s][info][gc             ] GC(6722) Dat log --- cycle is complete
Current gc epoch: 5456
heap: ______
capacity: 268435456
used: 155080112
committed: 268435456
bytes_allocated_since_gc_start: 152568336
hot_size: 0
cold_size: 3264387
num_regions: 1024
hot_region_count: 18446744073709407015
cold_region_count: 144620
histogram: Placeholder

[894.572s][info][gc             ] GC(6722) Obj count ac histogram
[894.572s][info][gc             ] GC(6722) 	0: 205029
[894.572s][info][gc             ] GC(6722) 	1: 15
[894.572s][info][gc             ] GC(6722) 	2: 4386
[894.572s][info][gc             ] GC(6722) 	3: 4341
[894.572s][info][gc             ] GC(6722) 	4: 899
[894.572s][info][gc             ] GC(6722) 	5: 15
[894.572s][info][gc             ] GC(6722) 	6: 0
[894.572s][info][gc             ] GC(6722) 	7: 0
[894.572s][info][gc             ] GC(6722) 	8: 0
[894.572s][info][gc             ] GC(6722) 	9: 0
[894.572s][info][gc             ] GC(6722) 	10: 0
[894.572s][info][gc             ] GC(6722) 	11: 0
[894.572s][info][gc             ] GC(6722) 	12: 0
[894.572s][info][gc             ] GC(6722) 	13: 0
[894.572s][info][gc             ] GC(6722) 	14: 0
[894.572s][info][gc             ] GC(6722) 	15: 0
[894.573s][info][gc             ] GC(6722) 	16: 0
[894.573s][info][gc             ] GC(6722) 	17: 0
[894.573s][info][gc             ] GC(6722) 	18: 0
[894.573s][info][gc             ] GC(6722) 	19: 0
[894.573s][info][gc             ] GC(6722) Obj size ac histogram
[894.573s][info][gc             ] GC(6722) 	0: 2457693
[894.573s][info][gc             ] GC(6722) 	1: 720
[894.573s][info][gc             ] GC(6722) 	2: 57393
[894.573s][info][gc             ] GC(6722) 	3: 40716
[894.573s][info][gc             ] GC(6722) 	4: 5574
[894.573s][info][gc             ] GC(6722) 	5: 150
[894.573s][info][gc             ] GC(6722) 	6: 0
[894.573s][info][gc             ] GC(6722) 	7: 0
[894.573s][info][gc             ] GC(6722) 	8: 0
[894.573s][info][gc             ] GC(6722) 	9: 0
[894.573s][info][gc             ] GC(6722) 	10: 0
[894.573s][info][gc             ] GC(6722) 	11: 0
[894.573s][info][gc             ] GC(6722) 	12: 0
[894.573s][info][gc             ] GC(6722) 	13: 0
[894.573s][info][gc             ] GC(6722) 	14: 0
[894.573s][info][gc             ] GC(6722) 	15: 0
[894.573s][info][gc             ] GC(6722) 	16: 0
[894.573s][info][gc             ] GC(6722) 	17: 0
[894.573s][info][gc             ] GC(6722) 	18: 0
[894.573s][info][gc             ] GC(6722) 	19: 0
[894.573s][info][gc,ergo        ] Free: 90219K, Max: 256K regular, 49664K humongous, Frag: 45% external, 4% internal; Reserve: 13312K, Max: 256K
[894.573s][info][gc,stats       ] 
[894.573s][info][gc,stats       ] All times are wall-clock times, except per-root-class counters, that are sum over
[894.573s][info][gc,stats       ] all workers. Dividing the <total> over the root stage time estimates parallelism.
[894.573s][info][gc,stats       ] 
[894.573s][info][gc,stats       ] Concurrent Reset                    592 us
[894.573s][info][gc,stats       ] Pause Init Mark (G)                1925 us
[894.573s][info][gc,stats       ] Pause Init Mark (N)                1621 us
[894.573s][info][gc,stats       ]   Accumulate Stats                    5 us
[894.573s][info][gc,stats       ]   Make Parsable                      40 us
[894.573s][info][gc,stats       ]   Update Region States               13 us
[894.573s][info][gc,stats       ]   Scan Roots                       1013 us, parallelism: 1.37x
[894.573s][info][gc,stats       ]     S: <total>                     1393 us
[894.573s][info][gc,stats       ]     S: Thread Roots                 349 us, workers (us):  15, 143,   1,  89,  43,  59, ---, ---, ---, ---, ---, ---, ---, ---, ---, ---, ---, ---, ---, ---, ---, ---, ---, ---, 
[894.573s][info][gc,stats       ]     S: Universe Roots                39 us, workers (us):  39, ---, ---, ---, ---, ---, ---, ---, ---, ---, ---, ---, ---, ---, ---, ---, ---, ---, ---, ---, ---, ---, ---, ---, 
[894.573s][info][gc,stats       ]     S: JNI Handles Roots             30 us, workers (us): ---, ---, ---,  30, ---, ---, ---, ---, ---, ---, ---, ---, ---, ---, ---, ---, ---, ---, ---, ---, ---, ---, ---, ---, 
[894.573s][info][gc,stats       ]     S: Synchronizer Roots             0 us, workers (us): ---,   0, ---, ---, ---, ---, ---, ---, ---, ---, ---, ---, ---, ---, ---, ---, ---, ---, ---, ---, ---, ---, ---, ---, 
[894.573s][info][gc,stats       ]     S: Management Roots              13 us, workers (us): ---,  13, ---, ---, ---, ---, ---, ---, ---, ---, ---, ---, ---, ---, ---, ---, ---, ---, ---, ---, ---, ---, ---, ---, 
[894.573s][info][gc,stats       ]     S: System Dict Roots             47 us, workers (us):  47, ---, ---, ---, ---, ---, ---, ---, ---, ---, ---, ---, ---, ---, ---, ---, ---, ---, ---, ---, ---, ---, ---, ---, 
[894.573s][info][gc,stats       ]     S: CLDG Roots                   914 us, workers (us): ---,  22, 892, ---, ---, ---, ---, ---, ---, ---, ---, ---, ---, ---, ---, ---, ---, ---, ---, ---, ---, ---, ---, ---, 
[894.573s][info][gc,stats       ]     S: JVMTI Roots                    0 us, workers (us): ---,   0, ---, ---, ---, ---, ---, ---, ---, ---, ---, ---, ---, ---, ---, ---, ---, ---, ---, ---, ---, ---, ---, ---, 
[894.573s][info][gc,stats       ]   Resize TLABs                       16 us
[894.573s][info][gc,stats       ] Concurrent Marking                63800 us
[894.573s][info][gc,stats       ] Concurrent Precleaning             4165 us
[894.573s][info][gc,stats       ] Pause Final Mark (G)              59902 us
[894.573s][info][gc,stats       ] Pause Final Mark (N)              59169 us
[894.573s][info][gc,stats       ]   Finish Queues                     199 us
[894.573s][info][gc,stats       ]   Weak References                    32 us
[894.573s][info][gc,stats       ]     Process                          24 us
[894.573s][info][gc,stats       ]   System Purge                      194 us
[894.573s][info][gc,stats       ]     Unload Classes                   76 us
[894.573s][info][gc,stats       ]     Cleanup                       55771 us, parallelism: 1.76x
[894.573s][info][gc,stats       ]       CU: <total>                 97920 us
[894.573s][info][gc,stats       ]       CU: Code Cache Roots        76057 us, workers (us): 12401, 13108, 12943, 12627, 12364, 12614, ---, ---, ---, ---, ---, ---, ---, ---, ---, ---, ---, ---, ---, ---, ---, ---, ---, ---, 
[894.573s][info][gc,stats       ]       CU: Code Cache Cleaning      5038 us, workers (us): 843, 843, 840, 842, 830, 840, ---, ---, ---, ---, ---, ---, ---, ---, ---, ---, ---, ---, ---, ---, ---, ---, ---, ---, 
[894.573s][info][gc,stats       ]       CU: String Table Roots       3696 us, workers (us): 901, 194, 357, 670, 918, 656, ---, ---, ---, ---, ---, ---, ---, ---, ---, ---, ---, ---, ---, ---, ---, ---, ---, ---, 
[894.573s][info][gc,stats       ]       CU: Resolved Table Roots       15 us, workers (us):   0,   0,   0,   0,  15,   0, ---, ---, ---, ---, ---, ---, ---, ---, ---, ---, ---, ---, ---, ---, ---, ---, ---, ---, 
[894.573s][info][gc,stats       ]       CU: CLDG Roots              13113 us, workers (us): 2156, 2187, 2184, 2214, 2156, 2215, ---, ---, ---, ---, ---, ---, ---, ---, ---, ---, ---, ---, ---, ---, ---, ---, ---, ---, 
[894.573s][info][gc,stats       ]     Weak Roots                      194 us
[894.573s][info][gc,stats       ]     CLDG                              1 us
[894.573s][info][gc,stats       ]   Update Region States               23 us
[894.573s][info][gc,stats       ]   Retire TLABs                       40 us
[894.573s][info][gc,stats       ]   Choose Collection Set             333 us
[894.573s][info][gc,stats       ]   Rebuild Free Set                   17 us
[894.573s][info][gc,stats       ]   Initial Evacuation               2307 us, parallelism: 2.80x
[894.573s][info][gc,stats       ]     E: <total>                     6464 us
[894.573s][info][gc,stats       ]     E: Thread Roots                 157 us, workers (us):   2,   1,   2, 151,   1,   1, ---, ---, ---, ---, ---, ---, ---, ---, ---, ---, ---, ---, ---, ---, ---, ---, ---, ---, 
[894.573s][info][gc,stats       ]     E: Code Cache Roots            4959 us, workers (us): 1308, 934,   0, 785, 684, 1248, ---, ---, ---, ---, ---, ---, ---, ---, ---, ---, ---, ---, ---, ---, ---, ---, ---, ---, 
[894.573s][info][gc,stats       ]     E: Universe Roots                 6 us, workers (us):   6, ---, ---, ---, ---, ---, ---, ---, ---, ---, ---, ---, ---, ---, ---, ---, ---, ---, ---, ---, ---, ---, ---, ---, 
[894.573s][info][gc,stats       ]     E: JNI Handles Roots              3 us, workers (us):   3, ---, ---, ---, ---, ---, ---, ---, ---, ---, ---, ---, ---, ---, ---, ---, ---, ---, ---, ---, ---, ---, ---, ---, 
[894.573s][info][gc,stats       ]     E: Synchronizer Roots             0 us, workers (us):   0, ---, ---, ---, ---, ---, ---, ---, ---, ---, ---, ---, ---, ---, ---, ---, ---, ---, ---, ---, ---, ---, ---, ---, 
[894.573s][info][gc,stats       ]     E: Management Roots               2 us, workers (us):   2, ---, ---, ---, ---, ---, ---, ---, ---, ---, ---, ---, ---, ---, ---, ---, ---, ---, ---, ---, ---, ---, ---, ---, 
[894.573s][info][gc,stats       ]     E: System Dict Roots             12 us, workers (us):  12, ---, ---, ---, ---, ---, ---, ---, ---, ---, ---, ---, ---, ---, ---, ---, ---, ---, ---, ---, ---, ---, ---, ---, 
[894.573s][info][gc,stats       ]     E: CLDG Roots                  1323 us, workers (us): ---, ---, 971, ---, 286,  66, ---, ---, ---, ---, ---, ---, ---, ---, ---, ---, ---, ---, ---, ---, ---, ---, ---, ---, 
[894.573s][info][gc,stats       ]     E: JVMTI Roots                    1 us, workers (us):   1, ---, ---, ---, ---, ---, ---, ---, ---, ---, ---, ---, ---, ---, ---, ---, ---, ---, ---, ---, ---, ---, ---, ---, 
[894.573s][info][gc,stats       ] Concurrent Cleanup                18666 us
[894.573s][info][gc,stats       ] Concurrent Evacuation              2909 us
[894.573s][info][gc,stats       ] Pause Init  Update Refs (G)         397 us
[894.573s][info][gc,stats       ] Pause Init  Update Refs (N)         154 us
[894.573s][info][gc,stats       ]   Retire GCLABs                     141 us
[894.573s][info][gc,stats       ] Concurrent Update Refs            16986 us
[894.573s][info][gc,stats       ] Pause Final Update Refs (G)         966 us
[894.573s][info][gc,stats       ] Pause Final Update Refs (N)         218 us
[894.573s][info][gc,stats       ]   Update Roots                      157 us, parallelism: 1.27x
[894.573s][info][gc,stats       ]     UR: <total>                     199 us
[894.573s][info][gc,stats       ]     UR: Thread Roots                199 us, workers (us):  83,  39,  21,  43,   7,   6, ---, ---, ---, ---, ---, ---, ---, ---, ---, ---, ---, ---, ---, ---, ---, ---, ---, ---, 
[894.573s][info][gc,stats       ]   Update Region States               22 us
[894.573s][info][gc,stats       ]   Trash Collection Set                7 us
[894.573s][info][gc,stats       ]   Rebuild Free Set                   16 us
[894.573s][info][gc,stats       ] Concurrent Cleanup                  752 us
[894.573s][info][gc,stats       ] Pacing                            81422 us
[894.573s][info][gc,stats       ] 
[894.573s][info][gc,stats       ] Allocation pacing accrued:
[894.573s][info][gc,stats       ]      81 of   173 ms ( 46.9%): pl.nadoba.jvm.gc.benchmark.App.main()
[894.573s][info][gc,stats       ]      81 of   173 ms ( 46.9%): <total>
[894.573s][info][gc,stats       ]       8 of   173 ms (  4.7%): <average total>
[894.573s][info][gc,stats       ]      81 of   173 ms ( 46.9%): <average non-zero>
[894.573s][info][gc,stats       ] 
[894.573s][info][gc,metaspace   ] Metaspace: 24281K->24281K(1071104K)
[894.573s][info][gc,ergo        ] Pacer for Idle. Initial: 5242K, Alloc Tax Rate: 1.0x
[894.574s][info][gc             ] Trigger: Start next cycle immediately
[894.574s][info][gc,ergo        ] Free: 87915K, Max: 256K regular, 49664K humongous, Frag: 44% external, 4% internal; Reserve: 13312K, Max: 256K
[894.574s][info][gc,start       ] GC(6723) Concurrent reset
[894.574s][info][gc,task        ] GC(6723) Using 6 of 24 workers for concurrent reset
[894.574s][info][gc,ergo        ] GC(6723) Pacer for Reset. Non-Taxable: 256M
[894.575s][info][gc             ] GC(6723) Concurrent reset 0.626ms
[894.575s][info][gc,start       ] GC(6723) Pause Init Mark (unload classes)
[894.575s][info][gc,task        ] GC(6723) Using 6 of 24 workers for init marking
[894.577s][info][gc,ergo        ] GC(6723) Pacer for Mark. Expected Live: 9230K, Free: 87915K, Non-Taxable: 8791K, Alloc Tax Rate: 0.1x
[894.577s][info][gc             ] GC(6723) Pause Init Mark (unload classes) 1.565ms
[894.577s][info][gc,start       ] GC(6723) Concurrent marking (unload classes)
[894.577s][info][gc,task        ] GC(6723) Using 6 of 24 workers for concurrent marking
[894.636s][info][gc             ] GC(6723) Concurrent marking (unload classes) 58.832ms
[894.636s][info][gc,start       ] GC(6723) Pause Final Mark (unload classes)
[894.636s][info][gc,task        ] GC(6723) Using 6 of 24 workers for final marking
[894.691s][info][gc,stringtable ] GC(6723) Cleaned string and symbol table, strings: 8172 processed, 0 removed, symbols: 68000 processed, 0 removed
[894.692s][info][gc,ergo        ] GC(6723) Collectable Garbage: 141M (100%), Immediate: 140M (99%), CSet: 1260K (0%)
[894.695s][info][gc,ergo        ] GC(6723) Pacer for Evacuation. Used CSet: 5120K, Free: 203M, Non-Taxable: 20849K, Alloc Tax Rate: 1.1x
[894.695s][info][gc             ] GC(6723) Pause Final Mark (unload classes) 58.875ms
[894.695s][info][gc,start       ] GC(6723) Concurrent cleanup
[894.716s][info][gc             ] GC(6723) Concurrent cleanup 178M->61M(256M) 21.030ms
[894.716s][info][gc,ergo        ] GC(6723) Free: 179M, Max: 256K regular, 95232K humongous, Frag: 49% external, 1% internal; Reserve: 12541K, Max: 256K
[894.716s][info][gc,start       ] GC(6723) Concurrent evacuation
[894.716s][info][gc,task        ] GC(6723) Using 6 of 24 workers for concurrent evacuation
[894.719s][info][gc             ] GC(6723) Concurrent evacuation 3.221ms
[894.719s][info][gc,start       ] GC(6723) Pause Init Update Refs
[894.720s][info][gc,ergo        ] GC(6723) Pacer for Update Refs. Used: 67470K, Free: 179M, Non-Taxable: 18365K, Alloc Tax Rate: 1.1x
[894.720s][info][gc             ] GC(6723) Pause Init Update Refs 0.256ms
[894.720s][info][gc,start       ] GC(6723) Concurrent update references
[894.720s][info][gc,task        ] GC(6723) Using 6 of 24 workers for concurrent reference update
[894.736s][info][gc             ] GC(6723) Concurrent update references 16.076ms
[894.737s][info][gc,start       ] GC(6723) Pause Final Update Refs
[894.737s][info][gc,task        ] GC(6723) Using 6 of 24 workers for final reference update
[894.737s][info][gc             ] GC(6723) Pause Final Update Refs 0.325ms
[894.737s][info][gc,start       ] GC(6723) Concurrent cleanup
[894.738s][info][gc             ] GC(6723) Concurrent cleanup 120M->115M(256M) 0.770ms
[894.738s][info][gc             ] GC(6723) Dat log --- cycle is complete
Current gc epoch: 5457
heap: ______
capacity: 268435456
used: 121519088
committed: 268435456
bytes_allocated_since_gc_start: 116654608
hot_size: 0
cold_size: 2871171
num_regions: 1024
hot_region_count: 18446744073709406996
cold_region_count: 144639
histogram: Placeholder

[894.738s][info][gc             ] GC(6723) Obj count ac histogram
[894.738s][info][gc             ] GC(6723) 	0: 195164
[894.738s][info][gc             ] GC(6723) 	1: 15
[894.738s][info][gc             ] GC(6723) 	2: 2
[894.738s][info][gc             ] GC(6723) 	3: 0
[894.738s][info][gc             ] GC(6723) 	4: 0
[894.738s][info][gc             ] GC(6723) 	5: 0
[894.738s][info][gc             ] GC(6723) 	6: 0
[894.738s][info][gc             ] GC(6723) 	7: 0
[894.738s][info][gc             ] GC(6723) 	8: 0
[894.738s][info][gc             ] GC(6723) 	9: 0
[894.738s][info][gc             ] GC(6723) 	10: 0
[894.738s][info][gc             ] GC(6723) 	11: 0
[894.738s][info][gc             ] GC(6723) 	12: 0
[894.738s][info][gc             ] GC(6723) 	13: 0
[894.738s][info][gc             ] GC(6723) 	14: 0
[894.738s][info][gc             ] GC(6723) 	15: 0
[894.738s][info][gc             ] GC(6723) 	16: 0
[894.738s][info][gc             ] GC(6723) 	17: 0
[894.738s][info][gc             ] GC(6723) 	18: 0
[894.738s][info][gc             ] GC(6723) 	19: 0
[894.738s][info][gc             ] GC(6723) Obj size ac histogram
[894.738s][info][gc             ] GC(6723) 	0: 1277032
[894.738s][info][gc             ] GC(6723) 	1: 720
[894.738s][info][gc             ] GC(6723) 	2: 14
[894.738s][info][gc             ] GC(6723) 	3: 0
[894.738s][info][gc             ] GC(6723) 	4: 0
[894.738s][info][gc             ] GC(6723) 	5: 0
[894.738s][info][gc             ] GC(6723) 	6: 0
[894.738s][info][gc             ] GC(6723) 	7: 0
[894.738s][info][gc             ] GC(6723) 	8: 0
[894.738s][info][gc             ] GC(6723) 	9: 0
[894.738s][info][gc             ] GC(6723) 	10: 0
[894.738s][info][gc             ] GC(6723) 	11: 0
[894.738s][info][gc             ] GC(6723) 	12: 0
[894.738s][info][gc             ] GC(6723) 	13: 0
[894.739s][info][gc             ] GC(6723) 	14: 0
[894.739s][info][gc             ] GC(6723) 	15: 0
[894.739s][info][gc             ] GC(6723) 	16: 0
[894.739s][info][gc             ] GC(6723) 	17: 0
[894.739s][info][gc             ] GC(6723) 	18: 0
[894.739s][info][gc             ] GC(6723) 	19: 0
[894.739s][info][gc,ergo        ] Free: 122M, Max: 256K regular, 71424K humongous, Frag: 43% external, 3% internal; Reserve: 13312K, Max: 256K
[894.739s][info][gc,stats       ] 
[894.739s][info][gc,stats       ] All times are wall-clock times, except per-root-class counters, that are sum over
[894.739s][info][gc,stats       ] all workers. Dividing the <total> over the root stage time estimates parallelism.
[894.739s][info][gc,stats       ] 
[894.739s][info][gc,stats       ] Concurrent Reset                    610 us
[894.739s][info][gc,stats       ] Pause Init Mark (G)                1813 us
[894.739s][info][gc,stats       ] Pause Init Mark (N)                1538 us
[894.739s][info][gc,stats       ]   Accumulate Stats                    5 us
[894.739s][info][gc,stats       ]   Make Parsable                      41 us
[894.739s][info][gc,stats       ]   Update Region States               13 us
[894.739s][info][gc,stats       ]   Scan Roots                        922 us, parallelism: 1.40x
[894.739s][info][gc,stats       ]     S: <total>                     1292 us
[894.739s][info][gc,stats       ]     S: Thread Roots                 400 us, workers (us):   1,  90, 156,  39,  66,  49, ---, ---, ---, ---, ---, ---, ---, ---, ---, ---, ---, ---, ---, ---, ---, ---, ---, ---, 
[894.739s][info][gc,stats       ]     S: Universe Roots                28 us, workers (us):  28, ---, ---, ---, ---, ---, ---, ---, ---, ---, ---, ---, ---, ---, ---, ---, ---, ---, ---, ---, ---, ---, ---, ---, 
[894.739s][info][gc,stats       ]     S: JNI Handles Roots             18 us, workers (us): ---, ---,  18, ---, ---, ---, ---, ---, ---, ---, ---, ---, ---, ---, ---, ---, ---, ---, ---, ---, ---, ---, ---, ---, 
[894.739s][info][gc,stats       ]     S: Synchronizer Roots             0 us, workers (us): ---,   0, ---, ---, ---, ---, ---, ---, ---, ---, ---, ---, ---, ---, ---, ---, ---, ---, ---, ---, ---, ---, ---, ---, 
[894.739s][info][gc,stats       ]     S: Management Roots               2 us, workers (us): ---,   2, ---, ---, ---, ---, ---, ---, ---, ---, ---, ---, ---, ---, ---, ---, ---, ---, ---, ---, ---, ---, ---, ---, 
[894.739s][info][gc,stats       ]     S: System Dict Roots             45 us, workers (us): ---,  45, ---, ---, ---, ---, ---, ---, ---, ---, ---, ---, ---, ---, ---, ---, ---, ---, ---, ---, ---, ---, ---, ---, 
[894.739s][info][gc,stats       ]     S: CLDG Roots                   797 us, workers (us): 791, ---,   7, ---, ---, ---, ---, ---, ---, ---, ---, ---, ---, ---, ---, ---, ---, ---, ---, ---, ---, ---, ---, ---, 
[894.739s][info][gc,stats       ]     S: JVMTI Roots                    1 us, workers (us): ---, ---,   1, ---, ---, ---, ---, ---, ---, ---, ---, ---, ---, ---, ---, ---, ---, ---, ---, ---, ---, ---, ---, ---, 
[894.739s][info][gc,stats       ]   Resize TLABs                        3 us
[894.739s][info][gc,stats       ] Concurrent Marking                58753 us
[894.739s][info][gc,stats       ] Pause Final Mark (G)              59093 us
[894.739s][info][gc,stats       ] Pause Final Mark (N)              58819 us
[894.739s][info][gc,stats       ]   Finish Queues                     200 us
[894.739s][info][gc,stats       ]   System Purge                      173 us
[894.739s][info][gc,stats       ]     Unload Classes                   80 us
[894.739s][info][gc,stats       ]     Cleanup                       55033 us, parallelism: 1.68x
[894.739s][info][gc,stats       ]       CU: <total>                 92480 us
[894.739s][info][gc,stats       ]       CU: Code Cache Roots        72318 us, workers (us): 11874, 11872, 11917, 12375, 11937, 12343, ---, ---, ---, ---, ---, ---, ---, ---, ---, ---, ---, ---, ---, ---, ---, ---, ---, ---, 
[894.739s][info][gc,stats       ]       CU: Code Cache Cleaning      4723 us, workers (us): 752, 752, 754, 756, 975, 735, ---, ---, ---, ---, ---, ---, ---, ---, ---, ---, ---, ---, ---, ---, ---, ---, ---, ---, 
[894.739s][info][gc,stats       ]       CU: String Table Roots       3899 us, workers (us): 836, 838, 789, 323, 761, 351, ---, ---, ---, ---, ---, ---, ---, ---, ---, ---, ---, ---, ---, ---, ---, ---, ---, ---, 
[894.739s][info][gc,stats       ]       CU: Resolved Table Roots       21 us, workers (us):   0,   0,   0,   0,   0,  20, ---, ---, ---, ---, ---, ---, ---, ---, ---, ---, ---, ---, ---, ---, ---, ---, ---, ---, 
[894.739s][info][gc,stats       ]       CU: CLDG Roots              11520 us, workers (us): 1938, 1925, 1970, 1952, 1754, 1981, ---, ---, ---, ---, ---, ---, ---, ---, ---, ---, ---, ---, ---, ---, ---, ---, ---, ---, 
[894.739s][info][gc,stats       ]     Weak Roots                      172 us
[894.739s][info][gc,stats       ]     CLDG                              1 us
[894.739s][info][gc,stats       ]   Update Region States               25 us
[894.739s][info][gc,stats       ]   Retire TLABs                       45 us
[894.739s][info][gc,stats       ]   Choose Collection Set             397 us
[894.739s][info][gc,stats       ]   Rebuild Free Set                   19 us
[894.739s][info][gc,stats       ]   Initial Evacuation               2640 us, parallelism: 2.53x
[894.739s][info][gc,stats       ]     E: <total>                     6686 us
[894.739s][info][gc,stats       ]     E: Thread Roots                 214 us, workers (us):   2, 137,  72,   1,   1,   1, ---, ---, ---, ---, ---, ---, ---, ---, ---, ---, ---, ---, ---, ---, ---, ---, ---, ---, 
[894.739s][info][gc,stats       ]     E: Code Cache Roots            5132 us, workers (us): 1336, 907, 940, 385, 537, 1027, ---, ---, ---, ---, ---, ---, ---, ---, ---, ---, ---, ---, ---, ---, ---, ---, ---, ---, 
[894.739s][info][gc,stats       ]     E: Universe Roots                 6 us, workers (us):   6, ---, ---, ---, ---, ---, ---, ---, ---, ---, ---, ---, ---, ---, ---, ---, ---, ---, ---, ---, ---, ---, ---, ---, 
[894.739s][info][gc,stats       ]     E: JNI Handles Roots              3 us, workers (us):   3, ---, ---, ---, ---, ---, ---, ---, ---, ---, ---, ---, ---, ---, ---, ---, ---, ---, ---, ---, ---, ---, ---, ---, 
[894.739s][info][gc,stats       ]     E: Synchronizer Roots             1 us, workers (us): ---,   1, ---, ---, ---, ---, ---, ---, ---, ---, ---, ---, ---, ---, ---, ---, ---, ---, ---, ---, ---, ---, ---, ---, 
[894.739s][info][gc,stats       ]     E: Management Roots               2 us, workers (us): ---,   2, ---, ---, ---, ---, ---, ---, ---, ---, ---, ---, ---, ---, ---, ---, ---, ---, ---, ---, ---, ---, ---, ---, 
[894.739s][info][gc,stats       ]     E: System Dict Roots             13 us, workers (us): ---,  13, ---, ---, ---, ---, ---, ---, ---, ---, ---, ---, ---, ---, ---, ---, ---, ---, ---, ---, ---, ---, ---, ---, 
[894.739s][info][gc,stats       ]     E: CLDG Roots                  1314 us, workers (us): ---, ---, ---, 676, 547,  91, ---, ---, ---, ---, ---, ---, ---, ---, ---, ---, ---, ---, ---, ---, ---, ---, ---, ---, 
[894.739s][info][gc,stats       ]     E: JVMTI Roots                    1 us, workers (us):   1, ---, ---, ---, ---, ---, ---, ---, ---, ---, ---, ---, ---, ---, ---, ---, ---, ---, ---, ---, ---, ---, ---, ---, 
[894.739s][info][gc,stats       ] Concurrent Cleanup                20972 us
[894.739s][info][gc,stats       ] Concurrent Evacuation              3213 us
[894.739s][info][gc,stats       ] Pause Init  Update Refs (G)         530 us
[894.739s][info][gc,stats       ] Pause Init  Update Refs (N)         206 us
[894.739s][info][gc,stats       ]   Retire GCLABs                     177 us
[894.739s][info][gc,stats       ] Concurrent Update Refs            16040 us
[894.739s][info][gc,stats       ] Pause Final Update Refs (G)        1683 us
[894.739s][info][gc,stats       ] Pause Final Update Refs (N)         269 us
[894.739s][info][gc,stats       ]   Update Roots                      180 us, parallelism: 1.32x
[894.739s][info][gc,stats       ]     UR: <total>                     238 us
[894.739s][info][gc,stats       ]     UR: Thread Roots                238 us, workers (us): 122,  46,  27,  10,   5,  27, ---, ---, ---, ---, ---, ---, ---, ---, ---, ---, ---, ---, ---, ---, ---, ---, ---, ---, 
[894.739s][info][gc,stats       ]   Update Region States               28 us
[894.739s][info][gc,stats       ]   Trash Collection Set               10 us
[894.739s][info][gc,stats       ]   Rebuild Free Set                   29 us
[894.739s][info][gc,stats       ] Concurrent Cleanup                  732 us
[894.739s][info][gc,stats       ] Pacing                           137312 us
[894.739s][info][gc,stats       ] 
[894.739s][info][gc,stats       ] Allocation pacing accrued:
[894.739s][info][gc,stats       ]     137 of   166 ms ( 82.7%): pl.nadoba.jvm.gc.benchmark.App.main()
[894.739s][info][gc,stats       ]     137 of   166 ms ( 82.7%): <total>
[894.739s][info][gc,stats       ]      14 of   166 ms (  8.3%): <average total>
[894.739s][info][gc,stats       ]     137 of   166 ms ( 82.7%): <average non-zero>
[894.739s][info][gc,stats       ] 
[894.739s][info][gc,metaspace   ] Metaspace: 24281K->24281K(1071104K)
[894.739s][info][gc,ergo        ] Pacer for Idle. Initial: 5242K, Alloc Tax Rate: 1.0x
[894.741s][info][gc             ] Trigger: Start next cycle immediately
[894.741s][info][gc,ergo        ] Free: 118M, Max: 256K regular, 71424K humongous, Frag: 41% external, 3% internal; Reserve: 13312K, Max: 256K
[894.741s][info][gc,start       ] GC(6724) Concurrent reset
[894.741s][info][gc,task        ] GC(6724) Using 6 of 24 workers for concurrent reset
[894.741s][info][gc,ergo        ] GC(6724) Pacer for Reset. Non-Taxable: 256M
[894.741s][info][gc             ] GC(6724) Concurrent reset 0.621ms
[894.743s][info][gc,start       ] GC(6724) Pause Init Mark (unload classes)
[894.743s][info][gc,task        ] GC(6724) Using 6 of 24 workers for init marking
[894.745s][info][gc,ergo        ] GC(6724) Pacer for Mark. Expected Live: 9230K, Free: 108M, Non-Taxable: 11147K, Alloc Tax Rate: 0.1x
[894.745s][info][gc             ] GC(6724) Pause Init Mark (unload classes) 2.734ms
[894.746s][info][gc,start       ] GC(6724) Concurrent marking (unload classes)
[894.746s][info][gc,task        ] GC(6724) Using 6 of 24 workers for concurrent marking
[894.776s][info][gc             ] Failed to allocate Shared, 7168K
[894.776s][info][gc             ] Cancelling GC: Allocation Failure
[894.779s][info][gc             ] GC(6724) Concurrent marking (unload classes) 33.585ms
[894.779s][info][gc,ergo        ] Free: 10097K, Max: 256K regular, 4096K humongous, Frag: 58% external, 24% internal; Reserve: 13312K, Max: 256K
[894.779s][info][gc,stats       ] 
[894.779s][info][gc,stats       ] All times are wall-clock times, except per-root-class counters, that are sum over
[894.779s][info][gc,stats       ] all workers. Dividing the <total> over the root stage time estimates parallelism.
[894.779s][info][gc,stats       ] 
[894.779s][info][gc,stats       ] Concurrent Reset                    609 us
[894.779s][info][gc,stats       ] Pause Init Mark (G)                4315 us
[894.779s][info][gc,stats       ] Pause Init Mark (N)                2681 us
[894.779s][info][gc,stats       ]   Accumulate Stats                    6 us
[894.779s][info][gc,stats       ]   Make Parsable                      53 us
[894.779s][info][gc,stats       ]   Update Region States               17 us
[894.779s][info][gc,stats       ]   Scan Roots                       1733 us, parallelism: 1.22x
[894.779s][info][gc,stats       ]     S: <total>                     2122 us
[894.779s][info][gc,stats       ]     S: Thread Roots                 470 us, workers (us):  80,  45,   2,  19, 261,  63, ---, ---, ---, ---, ---, ---, ---, ---, ---, ---, ---, ---, ---, ---, ---, ---, ---, ---, 
[894.779s][info][gc,stats       ]     S: Universe Roots                23 us, workers (us):  23, ---, ---, ---, ---, ---, ---, ---, ---, ---, ---, ---, ---, ---, ---, ---, ---, ---, ---, ---, ---, ---, ---, ---, 
[894.779s][info][gc,stats       ]     S: JNI Handles Roots             30 us, workers (us): ---,  30, ---, ---, ---, ---, ---, ---, ---, ---, ---, ---, ---, ---, ---, ---, ---, ---, ---, ---, ---, ---, ---, ---, 
[894.779s][info][gc,stats       ]     S: Synchronizer Roots             1 us, workers (us): ---,   1, ---, ---, ---, ---, ---, ---, ---, ---, ---, ---, ---, ---, ---, ---, ---, ---, ---, ---, ---, ---, ---, ---, 
[894.780s][info][gc,stats       ]     S: Management Roots               2 us, workers (us): ---,   2, ---, ---, ---, ---, ---, ---, ---, ---, ---, ---, ---, ---, ---, ---, ---, ---, ---, ---, ---, ---, ---, ---, 
[894.780s][info][gc,stats       ]     S: System Dict Roots             28 us, workers (us):  28, ---, ---, ---, ---, ---, ---, ---, ---, ---, ---, ---, ---, ---, ---, ---, ---, ---, ---, ---, ---, ---, ---, ---, 
[894.780s][info][gc,stats       ]     S: CLDG Roots                  1567 us, workers (us): ---, ---, 1540,  14, ---,  14, ---, ---, ---, ---, ---, ---, ---, ---, ---, ---, ---, ---, ---, ---, ---, ---, ---, ---, 
[894.780s][info][gc,stats       ]     S: JVMTI Roots                    1 us, workers (us): ---,   1, ---, ---, ---, ---, ---, ---, ---, ---, ---, ---, ---, ---, ---, ---, ---, ---, ---, ---, ---, ---, ---, ---, 
[894.780s][info][gc,stats       ]   Resize TLABs                        7 us
[894.780s][info][gc,stats       ] Concurrent Marking                33541 us
[894.780s][info][gc,stats       ] Pacing                            12123 us
[894.780s][info][gc,stats       ] 
[894.780s][info][gc,stats       ] Allocation pacing accrued:
[894.780s][info][gc,stats       ]      12 of    40 ms ( 30.1%): pl.nadoba.jvm.gc.benchmark.App.main()
[894.780s][info][gc,stats       ]      12 of    40 ms ( 30.1%): <total>
[894.780s][info][gc,stats       ]       1 of    40 ms (  3.0%): <average total>
[894.780s][info][gc,stats       ]      12 of    40 ms ( 30.1%): <average non-zero>
[894.780s][info][gc,stats       ] 
[894.780s][info][gc,metaspace   ] Metaspace: 24281K->24281K(1071104K)
[894.780s][info][gc,ergo        ] Pacer for Idle. Initial: 5242K, Alloc Tax Rate: 1.0x
[894.781s][info][gc             ] Trigger: Handle Allocation Failure
[894.781s][info][gc,ergo        ] Free: 10097K, Max: 256K regular, 4096K humongous, Frag: 58% external, 24% internal; Reserve: 13312K, Max: 256K
[894.781s][info][gc,start       ] GC(6725) Pause Degenerated GC (Mark)
[894.781s][info][gc,task        ] GC(6725) Using 6 of 24 workers for stw degenerated gc
[894.864s][info][gc,stringtable ] GC(6725) Cleaned string and symbol table, strings: 8172 processed, 0 removed, symbols: 68000 processed, 0 removed
[894.864s][info][gc,ergo        ] GC(6725) Collectable Garbage: 111M (100%), Immediate: 110M (98%), CSet: 1254K (1%)
[894.864s][info][gc,ergo        ] GC(6725) Pacer for Evacuation. Used CSet: 5113K, Free: 125M, Non-Taxable: 12810K, Alloc Tax Rate: 1.1x
[894.882s][info][gc,ergo        ] GC(6725) Pacer for Update Refs. Used: 117M, Free: 125M, Non-Taxable: 12810K, Alloc Tax Rate: 1.1x
[894.900s][info][gc,ergo        ] GC(6725) Good progress for free space: 125M, need 2621K
[894.900s][info][gc,ergo        ] GC(6725) Good progress for used space: 110M, need 256K
[894.900s][info][gc             ] GC(6725) Pause Degenerated GC (Mark) 223M->112M(256M) 118.562ms
[894.900s][info][gc,ergo        ] Free: 125M, Max: 256K regular, 87552K humongous, Frag: 32% external, 3% internal; Reserve: 13312K, Max: 256K
[894.900s][info][gc,stats       ] 
[894.900s][info][gc,stats       ] All times are wall-clock times, except per-root-class counters, that are sum over
[894.900s][info][gc,stats       ] all workers. Dividing the <total> over the root stage time estimates parallelism.
[894.900s][info][gc,stats       ] 
[894.900s][info][gc,stats       ]   Finish Queues                   30273 us
[894.900s][info][gc,stats       ]   System Purge                      288 us
[894.900s][info][gc,stats       ]     Unload Classes                  102 us
[894.900s][info][gc,stats       ]     Cleanup                       51894 us, parallelism: 1.51x
[894.900s][info][gc,stats       ]       CU: <total>                 78271 us
[894.900s][info][gc,stats       ]       CU: Code Cache Roots        61408 us, workers (us): 10074, 10096, 10203, 10143, 10776, 10116, ---, ---, ---, ---, ---, ---, ---, ---, ---, ---, ---, ---, ---, ---, ---, ---, ---, ---, 
[894.900s][info][gc,stats       ]       CU: Code Cache Cleaning      4805 us, workers (us): 781, 777, 1009, 778, 706, 754, ---, ---, ---, ---, ---, ---, ---, ---, ---, ---, ---, ---, ---, ---, ---, ---, ---, ---, 
[894.900s][info][gc,stats       ]       CU: String Table Roots       3074 us, workers (us): 684, 662, 554, 610,   1, 563, ---, ---, ---, ---, ---, ---, ---, ---, ---, ---, ---, ---, ---, ---, ---, ---, ---, ---, 
[894.900s][info][gc,stats       ]       CU: Resolved Table Roots       25 us, workers (us):   0,   0,   0,   0,   0,  24, ---, ---, ---, ---, ---, ---, ---, ---, ---, ---, ---, ---, ---, ---, ---, ---, ---, ---, 
[894.900s][info][gc,stats       ]       CU: CLDG Roots               8960 us, workers (us): 1542, 1512, 1326, 1554, 1515, 1511, ---, ---, ---, ---, ---, ---, ---, ---, ---, ---, ---, ---, ---, ---, ---, ---, ---, ---, 
[894.900s][info][gc,stats       ]     Weak Roots                      287 us
[894.900s][info][gc,stats       ]     CLDG                              1 us
[894.900s][info][gc,stats       ]   Update Region States               24 us
[894.900s][info][gc,stats       ]   Retire TLABs                       40 us
[894.900s][info][gc,stats       ]   Choose Collection Set             306 us
[894.900s][info][gc,stats       ]   Rebuild Free Set                   15 us
[894.900s][info][gc,stats       ]   Initial Evacuation                  7 us
[894.900s][info][gc,stats       ]   Retire GCLABs                     138 us
[894.900s][info][gc,stats       ]   Finish Work                     16090 us
[894.900s][info][gc,stats       ]   Update Region States               16 us
[894.900s][info][gc,stats       ]   Trash Collection Set                5 us
[894.900s][info][gc,stats       ]   Rebuild Free Set                   11 us
[894.900s][info][gc,stats       ] Pause Degenerated GC (G)         118891 us
[894.900s][info][gc,stats       ] Pause Degenerated GC (N)         118520 us
[894.900s][info][gc,stats       ]   Degen Update Roots               1250 us, parallelism: 3.94x
[894.900s][info][gc,stats       ]     DU: <total>                    4921 us
[894.900s][info][gc,stats       ]     DU: Thread Roots                183 us, workers (us):   2, 101,  77,   1,   1,   2, ---, ---, ---, ---, ---, ---, ---, ---, ---, ---, ---, ---, ---, ---, ---, ---, ---, ---, 
[894.900s][info][gc,stats       ]     DU: Code Cache Roots           3935 us, workers (us): 846, 565, 670, 865, 549, 440, ---, ---, ---, ---, ---, ---, ---, ---, ---, ---, ---, ---, ---, ---, ---, ---, ---, ---, 
[894.900s][info][gc,stats       ]     DU: Universe Roots                6 us, workers (us):   6, ---, ---, ---, ---, ---, ---, ---, ---, ---, ---, ---, ---, ---, ---, ---, ---, ---, ---, ---, ---, ---, ---, ---, 
[894.900s][info][gc,stats       ]     DU: JNI Handles Roots             4 us, workers (us):   4, ---, ---, ---, ---, ---, ---, ---, ---, ---, ---, ---, ---, ---, ---, ---, ---, ---, ---, ---, ---, ---, ---, ---, 
[894.900s][info][gc,stats       ]     DU: Synchronizer Roots            1 us, workers (us): ---,   1, ---, ---, ---, ---, ---, ---, ---, ---, ---, ---, ---, ---, ---, ---, ---, ---, ---, ---, ---, ---, ---, ---, 
[894.900s][info][gc,stats       ]     DU: Management Roots              3 us, workers (us): ---,   3, ---, ---, ---, ---, ---, ---, ---, ---, ---, ---, ---, ---, ---, ---, ---, ---, ---, ---, ---, ---, ---, ---, 
[894.901s][info][gc,stats       ]     DU: System Dict Roots            18 us, workers (us): ---,  18, ---, ---, ---, ---, ---, ---, ---, ---, ---, ---, ---, ---, ---, ---, ---, ---, ---, ---, ---, ---, ---, ---, 
[894.901s][info][gc,stats       ]     DU: CLDG Roots                  772 us, workers (us): ---,  84, ---, ---, 359, 328, ---, ---, ---, ---, ---, ---, ---, ---, ---, ---, ---, ---, ---, ---, ---, ---, ---, ---, 
[894.901s][info][gc,stats       ]     DU: JVMTI Roots                   1 us, workers (us):   1, ---, ---, ---, ---, ---, ---, ---, ---, ---, ---, ---, ---, ---, ---, ---, ---, ---, ---, ---, ---, ---, ---, ---, 
[894.901s][info][gc,stats       ] 
[894.901s][info][gc,stats       ] Allocation pacing accrued:
[894.901s][info][gc,stats       ]       0 of   121 ms (  0.0%): <total>
[894.901s][info][gc,stats       ]       0 of   121 ms (  0.0%): <average total>
[894.901s][info][gc,stats       ] 
[894.901s][info][gc,metaspace   ] Metaspace: 24281K->24281K(1071104K)
[894.901s][info][gc,ergo        ] Pacer for Idle. Initial: 5242K, Alloc Tax Rate: 1.0x
[894.902s][info][gc             ] Trigger: Start next cycle immediately
[894.902s][info][gc,ergo        ] Free: 115M, Max: 256K regular, 77824K humongous, Frag: 35% external, 2% internal; Reserve: 13312K, Max: 256K
[894.902s][info][gc,start       ] GC(6726) Concurrent reset
[894.902s][info][gc,task        ] GC(6726) Using 6 of 24 workers for concurrent reset
[894.902s][info][gc,ergo        ] GC(6726) Pacer for Reset. Non-Taxable: 256M
[894.903s][info][gc             ] GC(6726) Concurrent reset 0.728ms
[894.903s][info][gc,start       ] GC(6726) Pause Init Mark (process weakrefs) (unload classes)
[894.903s][info][gc,task        ] GC(6726) Using 6 of 24 workers for init marking
[894.905s][info][gc,ergo        ] GC(6726) Pacer for Mark. Expected Live: 10458K, Free: 109M, Non-Taxable: 11223K, Alloc Tax Rate: 0.1x
[894.905s][info][gc             ] GC(6726) Pause Init Mark (process weakrefs) (unload classes) 1.682ms
[894.905s][info][gc,start       ] GC(6726) Concurrent marking (process weakrefs) (unload classes)
[894.905s][info][gc,task        ] GC(6726) Using 6 of 24 workers for concurrent marking
[894.962s][info][gc             ] GC(6726) Concurrent marking (process weakrefs) (unload classes) 57.044ms
[894.962s][info][gc,start       ] GC(6726) Concurrent precleaning
[894.962s][info][gc,task        ] GC(6726) Using 1 of 24 workers for concurrent preclean
[894.962s][info][gc,ergo        ] GC(6726) Pacer for Precleaning. Non-Taxable: 256M
[894.963s][info][gc             ] Failed to allocate Shared, 8192K
[894.963s][info][gc             ] Cancelling GC: Allocation Failure
[894.963s][info][gc             ] GC(6726) Concurrent precleaning 0.939ms
[894.963s][info][gc,start       ] GC(6726) Pause Final Mark (process weakrefs) (unload classes)
[894.963s][info][gc,task        ] GC(6726) Using 6 of 24 workers for final marking
[894.964s][info][gc             ] GC(6726) Pause Final Mark (process weakrefs) (unload classes) 0.396ms
[894.964s][info][gc,start       ] GC(6726) Concurrent cleanup
[894.964s][info][gc             ] GC(6726) Concurrent cleanup 205M->205M(256M) 0.099ms
[894.964s][info][gc,ergo        ] GC(6726) Free: 27755K, Max: 256K regular, 7936K humongous, Frag: 72% external, 9% internal; Reserve: 13312K, Max: 256K
[894.964s][info][gc             ] GC(6726) Dat log --- cycle is complete
Current gc epoch: 5458
heap: ______
capacity: 268435456
used: 215897904
committed: 268435456
bytes_allocated_since_gc_start: 93061120
hot_size: 0
cold_size: 8095805
num_regions: 1024
hot_region_count: 18446744073709406977
cold_region_count: 144657
histogram: Placeholder

[894.964s][info][gc             ] GC(6726) Obj count ac histogram
[894.964s][info][gc             ] GC(6726) 	0: 397034
[894.964s][info][gc             ] GC(6726) 	1: 15
[894.964s][info][gc             ] GC(6726) 	2: 4318
[894.964s][info][gc             ] GC(6726) 	3: 3784
[894.964s][info][gc             ] GC(6726) 	4: 765
[894.964s][info][gc             ] GC(6726) 	5: 15
[894.964s][info][gc             ] GC(6726) 	6: 0
[894.964s][info][gc             ] GC(6726) 	7: 0
[894.964s][info][gc             ] GC(6726) 	8: 0
[894.964s][info][gc             ] GC(6726) 	9: 0
[894.964s][info][gc             ] GC(6726) 	10: 0
[894.964s][info][gc             ] GC(6726) 	11: 0
[894.964s][info][gc             ] GC(6726) 	12: 0
[894.964s][info][gc             ] GC(6726) 	13: 0
[894.964s][info][gc             ] GC(6726) 	14: 0
[894.964s][info][gc             ] GC(6726) 	15: 0
[894.964s][info][gc             ] GC(6726) 	16: 0
[894.964s][info][gc             ] GC(6726) 	17: 0
[894.964s][info][gc             ] GC(6726) 	18: 0
[894.964s][info][gc             ] GC(6726) 	19: 0
[894.964s][info][gc             ] GC(6726) Obj size ac histogram
[894.964s][info][gc             ] GC(6726) 	0: 6449030
[894.964s][info][gc             ] GC(6726) 	1: 720
[894.964s][info][gc             ] GC(6726) 	2: 56755
[894.964s][info][gc             ] GC(6726) 	3: 36572
[894.964s][info][gc             ] GC(6726) 	4: 4648
[894.964s][info][gc             ] GC(6726) 	5: 150
[894.964s][info][gc             ] GC(6726) 	6: 0
[894.964s][info][gc             ] GC(6726) 	7: 0
[894.964s][info][gc             ] GC(6726) 	8: 0
[894.964s][info][gc             ] GC(6726) 	9: 0
[894.964s][info][gc             ] GC(6726) 	10: 0
[894.964s][info][gc             ] GC(6726) 	11: 0
[894.964s][info][gc             ] GC(6726) 	12: 0
[894.964s][info][gc             ] GC(6726) 	13: 0
[894.964s][info][gc             ] GC(6726) 	14: 0
[894.964s][info][gc             ] GC(6726) 	15: 0
[894.964s][info][gc             ] GC(6726) 	16: 0
[894.964s][info][gc             ] GC(6726) 	17: 0
[894.964s][info][gc             ] GC(6726) 	18: 0
[894.964s][info][gc             ] GC(6726) 	19: 0
[894.964s][info][gc,ergo        ] Free: 27755K, Max: 256K regular, 7936K humongous, Frag: 72% external, 9% internal; Reserve: 13312K, Max: 256K
[894.964s][info][gc,stats       ] 
[894.964s][info][gc,stats       ] All times are wall-clock times, except per-root-class counters, that are sum over
[894.965s][info][gc,stats       ] all workers. Dividing the <total> over the root stage time estimates parallelism.
[894.965s][info][gc,stats       ] 
[894.965s][info][gc,stats       ] Concurrent Reset                    706 us
[894.965s][info][gc,stats       ] Pause Init Mark (G)                2655 us
[894.965s][info][gc,stats       ] Pause Init Mark (N)                1644 us
[894.965s][info][gc,stats       ]   Accumulate Stats                    5 us
[894.965s][info][gc,stats       ]   Make Parsable                      38 us
[894.965s][info][gc,stats       ]   Update Region States               13 us
[894.965s][info][gc,stats       ]   Scan Roots                       1029 us, parallelism: 1.35x
[894.965s][info][gc,stats       ]     S: <total>                     1386 us
[894.965s][info][gc,stats       ]     S: Thread Roots                 378 us, workers (us):  34,  40,   1,  60, 192,  51, ---, ---, ---, ---, ---, ---, ---, ---, ---, ---, ---, ---, ---, ---, ---, ---, ---, ---, 
[894.965s][info][gc,stats       ]     S: Universe Roots                31 us, workers (us):  31, ---, ---, ---, ---, ---, ---, ---, ---, ---, ---, ---, ---, ---, ---, ---, ---, ---, ---, ---, ---, ---, ---, ---, 
[894.965s][info][gc,stats       ]     S: JNI Handles Roots             23 us, workers (us):  23, ---, ---, ---, ---, ---, ---, ---, ---, ---, ---, ---, ---, ---, ---, ---, ---, ---, ---, ---, ---, ---, ---, ---, 
[894.965s][info][gc,stats       ]     S: Synchronizer Roots             1 us, workers (us): ---,   1, ---, ---, ---, ---, ---, ---, ---, ---, ---, ---, ---, ---, ---, ---, ---, ---, ---, ---, ---, ---, ---, ---, 
[894.965s][info][gc,stats       ]     S: Management Roots               2 us, workers (us):   2, ---, ---, ---, ---, ---, ---, ---, ---, ---, ---, ---, ---, ---, ---, ---, ---, ---, ---, ---, ---, ---, ---, ---, 
[894.965s][info][gc,stats       ]     S: System Dict Roots             18 us, workers (us): ---,  18, ---, ---, ---, ---, ---, ---, ---, ---, ---, ---, ---, ---, ---, ---, ---, ---, ---, ---, ---, ---, ---, ---, 
[894.965s][info][gc,stats       ]     S: CLDG Roots                   932 us, workers (us): ---,  11, 911,  11, ---, ---, ---, ---, ---, ---, ---, ---, ---, ---, ---, ---, ---, ---, ---, ---, ---, ---, ---, ---, 
[894.965s][info][gc,stats       ]     S: JVMTI Roots                    1 us, workers (us): ---, ---,   1, ---, ---, ---, ---, ---, ---, ---, ---, ---, ---, ---, ---, ---, ---, ---, ---, ---, ---, ---, ---, ---, 
[894.965s][info][gc,stats       ]   Resize TLABs                        4 us
[894.965s][info][gc,stats       ] Concurrent Marking                56990 us
[894.965s][info][gc,stats       ] Concurrent Precleaning              919 us
[894.965s][info][gc,stats       ] Pause Final Mark (G)                576 us
[894.965s][info][gc,stats       ] Pause Final Mark (N)                357 us
[894.965s][info][gc,stats       ] Concurrent Cleanup                   78 us
[894.965s][info][gc,stats       ] Pacing                            40542 us
[894.965s][info][gc,stats       ] 
[894.965s][info][gc,stats       ] Allocation pacing accrued:
[894.965s][info][gc,stats       ]      41 of    64 ms ( 63.0%): pl.nadoba.jvm.gc.benchmark.App.main()
[894.965s][info][gc,stats       ]      41 of    64 ms ( 63.0%): <total>
[894.965s][info][gc,stats       ]       4 of    64 ms (  6.3%): <average total>
[894.965s][info][gc,stats       ]      41 of    64 ms ( 63.0%): <average non-zero>
[894.965s][info][gc,stats       ] 
[894.965s][info][gc,metaspace   ] Metaspace: 24281K->24281K(1071104K)
[894.965s][info][gc,ergo        ] Pacer for Idle. Initial: 5242K, Alloc Tax Rate: 1.0x
[894.966s][info][gc             ] Trigger: Handle Allocation Failure
[894.966s][info][gc,ergo        ] Free: 27755K, Max: 256K regular, 7936K humongous, Frag: 72% external, 9% internal; Reserve: 13312K, Max: 256K
[894.966s][info][gc,start       ] GC(6727) Pause Degenerated GC (Outside of Cycle)
[894.966s][info][gc,task        ] GC(6727) Using 6 of 24 workers for stw degenerated gc
[894.966s][info][gc,ergo        ] GC(6727) Pacer for Reset. Non-Taxable: 256M
[894.969s][info][gc,ergo        ] GC(6727) Pacer for Mark. Expected Live: 11687K, Free: 27755K, Non-Taxable: 2775K, Alloc Tax Rate: 0.5x
[895.098s][info][gc,stringtable ] GC(6727) Cleaned string and symbol table, strings: 8172 processed, 0 removed, symbols: 68000 processed, 0 removed
[895.098s][info][gc,ergo        ] GC(6727) Collectable Garbage: 197M (100%), Immediate: 196M (99%), CSet: 1004K (0%)
[895.098s][info][gc,ergo        ] GC(6727) Pacer for Evacuation. Used CSet: 4864K, Free: 233M, Non-Taxable: 23921K, Alloc Tax Rate: 1.1x
[895.125s][info][gc,ergo        ] GC(6727) Pacer for Update Refs. Used: 13972K, Free: 233M, Non-Taxable: 23921K, Alloc Tax Rate: 1.1x
[895.140s][info][gc,ergo        ] GC(6727) Good progress for free space: 234M, need 2621K
[895.140s][info][gc,ergo        ] GC(6727) Good progress for used space: 197M, need 256K
[895.140s][info][gc             ] GC(6727) Pause Degenerated GC (Outside of Cycle) 205M->8M(256M) 173.917ms
[895.140s][info][gc,ergo        ] Free: 234M, Max: 256K regular, 229M humongous, Frag: 2% external, 1% internal; Reserve: 13312K, Max: 256K
[895.141s][info][gc,stats       ] 
[895.141s][info][gc,stats       ] All times are wall-clock times, except per-root-class counters, that are sum over
[895.141s][info][gc,stats       ] all workers. Dividing the <total> over the root stage time estimates parallelism.
[895.141s][info][gc,stats       ] 
[895.141s][info][gc,stats       ]   Accumulate Stats                    6 us
[895.141s][info][gc,stats       ]   Make Parsable                      45 us
[895.141s][info][gc,stats       ]   Update Region States               12 us
[895.141s][info][gc,stats       ]   Scan Roots                        982 us, parallelism: 1.38x
[895.141s][info][gc,stats       ]     S: <total>                     1355 us
[895.141s][info][gc,stats       ]     S: Thread Roots                 419 us, workers (us):  88,  10,   1,  43,  63, 215, ---, ---, ---, ---, ---, ---, ---, ---, ---, ---, ---, ---, ---, ---, ---, ---, ---, ---, 
[895.141s][info][gc,stats       ]     S: Universe Roots                24 us, workers (us):  24, ---, ---, ---, ---, ---, ---, ---, ---, ---, ---, ---, ---, ---, ---, ---, ---, ---, ---, ---, ---, ---, ---, ---, 
[895.141s][info][gc,stats       ]     S: JNI Handles Roots             17 us, workers (us):  17, ---, ---, ---, ---, ---, ---, ---, ---, ---, ---, ---, ---, ---, ---, ---, ---, ---, ---, ---, ---, ---, ---, ---, 
[895.141s][info][gc,stats       ]     S: Synchronizer Roots             1 us, workers (us): ---,   1, ---, ---, ---, ---, ---, ---, ---, ---, ---, ---, ---, ---, ---, ---, ---, ---, ---, ---, ---, ---, ---, ---, 
[895.141s][info][gc,stats       ]     S: Management Roots               2 us, workers (us): ---,   2, ---, ---, ---, ---, ---, ---, ---, ---, ---, ---, ---, ---, ---, ---, ---, ---, ---, ---, ---, ---, ---, ---, 
[895.141s][info][gc,stats       ]     S: System Dict Roots             42 us, workers (us): ---,  42, ---, ---, ---, ---, ---, ---, ---, ---, ---, ---, ---, ---, ---, ---, ---, ---, ---, ---, ---, ---, ---, ---, 
[895.141s][info][gc,stats       ]     S: CLDG Roots                   850 us, workers (us): ---, ---, 827,  11,  11, ---, ---, ---, ---, ---, ---, ---, ---, ---, ---, ---, ---, ---, ---, ---, ---, ---, ---, ---, 
[895.141s][info][gc,stats       ]     S: JVMTI Roots                    1 us, workers (us):   1, ---, ---, ---, ---, ---, ---, ---, ---, ---, ---, ---, ---, ---, ---, ---, ---, ---, ---, ---, ---, ---, ---, ---, 
[895.141s][info][gc,stats       ]   Resize TLABs                        3 us
[895.141s][info][gc,stats       ]   Finish Queues                   66518 us
[895.141s][info][gc,stats       ]   Weak References                  3757 us
[895.141s][info][gc,stats       ]     Process                        3745 us
[895.141s][info][gc,stats       ]   System Purge                      247 us
[895.141s][info][gc,stats       ]     Unload Classes                   79 us
[895.141s][info][gc,stats       ]     Cleanup                       58428 us, parallelism: 1.85x
[895.141s][info][gc,stats       ]       CU: <total>                107997 us
[895.141s][info][gc,stats       ]       CU: Code Cache Roots        90689 us, workers (us): 15017, 15214, 15326, 15103, 14995, 15033, ---, ---, ---, ---, ---, ---, ---, ---, ---, ---, ---, ---, ---, ---, ---, ---, ---, ---, 
[895.141s][info][gc,stats       ]       CU: Code Cache Cleaning      4101 us, workers (us): 825, 655, 654, 656, 655, 655, ---, ---, ---, ---, ---, ---, ---, ---, ---, ---, ---, ---, ---, ---, ---, ---, ---, ---, 
[895.141s][info][gc,stats       ]       CU: String Table Roots       3133 us, workers (us): 630, 427, 309, 529, 638, 600, ---, ---, ---, ---, ---, ---, ---, ---, ---, ---, ---, ---, ---, ---, ---, ---, ---, ---, 
[895.141s][info][gc,stats       ]       CU: Resolved Table Roots       12 us, workers (us):  11,   0,   0,   0,   0,   0, ---, ---, ---, ---, ---, ---, ---, ---, ---, ---, ---, ---, ---, ---, ---, ---, ---, ---, 
[895.141s][info][gc,stats       ]       CU: CLDG Roots              10062 us, workers (us): 1530, 1691, 1733, 1685, 1735, 1688, ---, ---, ---, ---, ---, ---, ---, ---, ---, ---, ---, ---, ---, ---, ---, ---, ---, ---, 
[895.141s][info][gc,stats       ]     Weak Roots                      246 us
[895.141s][info][gc,stats       ]     CLDG                              1 us
[895.141s][info][gc,stats       ]   Update Region States               19 us
[895.141s][info][gc,stats       ]   Retire TLABs                        7 us
[895.141s][info][gc,stats       ]   Choose Collection Set             467 us
[895.141s][info][gc,stats       ]   Rebuild Free Set                   23 us
[895.141s][info][gc,stats       ]   Initial Evacuation                  8 us
[895.141s][info][gc,stats       ]   Retire GCLABs                      61 us
[895.141s][info][gc,stats       ]   Finish Work                     12857 us
[895.141s][info][gc,stats       ]   Update Region States               22 us
[895.141s][info][gc,stats       ]   Trash Collection Set                6 us
[895.141s][info][gc,stats       ]   Rebuild Free Set                   20 us
[895.141s][info][gc,stats       ] Pause Degenerated GC (G)         174270 us
[895.141s][info][gc,stats       ] Pause Degenerated GC (N)         173887 us
[895.141s][info][gc,stats       ]   Degen Update Roots               1271 us, parallelism: 4.01x
[895.141s][info][gc,stats       ]     DU: <total>                    5100 us
[895.141s][info][gc,stats       ]     DU: Thread Roots                173 us, workers (us):   1,  85,  32,   2,   1,  52, ---, ---, ---, ---, ---, ---, ---, ---, ---, ---, ---, ---, ---, ---, ---, ---, ---, ---, 
[895.141s][info][gc,stats       ]     DU: Code Cache Roots           4221 us, workers (us): 907, 429, 443, 812, 897, 733, ---, ---, ---, ---, ---, ---, ---, ---, ---, ---, ---, ---, ---, ---, ---, ---, ---, ---, 
[895.141s][info][gc,stats       ]     DU: Universe Roots                5 us, workers (us):   5, ---, ---, ---, ---, ---, ---, ---, ---, ---, ---, ---, ---, ---, ---, ---, ---, ---, ---, ---, ---, ---, ---, ---, 
[895.141s][info][gc,stats       ]     DU: JNI Handles Roots             4 us, workers (us): ---, ---,   4, ---, ---, ---, ---, ---, ---, ---, ---, ---, ---, ---, ---, ---, ---, ---, ---, ---, ---, ---, ---, ---, 
[895.141s][info][gc,stats       ]     DU: Synchronizer Roots            0 us, workers (us): ---,   0, ---, ---, ---, ---, ---, ---, ---, ---, ---, ---, ---, ---, ---, ---, ---, ---, ---, ---, ---, ---, ---, ---, 
[895.141s][info][gc,stats       ]     DU: Management Roots              2 us, workers (us): ---, ---,   2, ---, ---, ---, ---, ---, ---, ---, ---, ---, ---, ---, ---, ---, ---, ---, ---, ---, ---, ---, ---, ---, 
[895.141s][info][gc,stats       ]     DU: System Dict Roots            11 us, workers (us): ---,  11, ---, ---, ---, ---, ---, ---, ---, ---, ---, ---, ---, ---, ---, ---, ---, ---, ---, ---, ---, ---, ---, ---, 
[895.141s][info][gc,stats       ]     DU: CLDG Roots                  682 us, workers (us): ---, 295, 334, ---,  53, ---, ---, ---, ---, ---, ---, ---, ---, ---, ---, ---, ---, ---, ---, ---, ---, ---, ---, ---, 
[895.141s][info][gc,stats       ]     DU: JVMTI Roots                   1 us, workers (us): ---, ---, ---,   1, ---, ---, ---, ---, ---, ---, ---, ---, ---, ---, ---, ---, ---, ---, ---, ---, ---, ---, ---, ---, 
[895.141s][info][gc,stats       ] 
[895.141s][info][gc,stats       ] Allocation pacing accrued:
[895.141s][info][gc,stats       ]       0 of   177 ms (  0.0%): <total>
[895.141s][info][gc,stats       ]       0 of   177 ms (  0.0%): <average total>
[895.141s][info][gc,stats       ] 
[895.142s][info][gc,metaspace   ] Metaspace: 24281K->24281K(1071104K)
[895.142s][info][gc,ergo        ] Pacer for Idle. Initial: 5242K, Alloc Tax Rate: 1.0x
[895.143s][info][gc             ] Trigger: Start next cycle immediately
[895.143s][info][gc,ergo        ] Free: 225M, Max: 256K regular, 221M humongous, Frag: 2% external, 1% internal; Reserve: 13312K, Max: 256K
[895.143s][info][gc,start       ] GC(6728) Concurrent reset
[895.143s][info][gc,task        ] GC(6728) Using 6 of 24 workers for concurrent reset
[895.143s][info][gc,ergo        ] GC(6728) Pacer for Reset. Non-Taxable: 256M
[895.143s][info][gc             ] GC(6728) Concurrent reset 0.399ms
[895.143s][info][gc,start       ] GC(6728) Pause Init Mark
[895.143s][info][gc,task        ] GC(6728) Using 6 of 24 workers for init marking
[895.146s][info][gc,ergo        ] GC(6728) Pacer for Mark. Expected Live: 11687K, Free: 225M, Non-Taxable: 23101K, Alloc Tax Rate: 0.1x
[895.146s][info][gc             ] GC(6728) Pause Init Mark 2.760ms
[895.146s][info][gc,start       ] GC(6728) Concurrent marking
[895.146s][info][gc,task        ] GC(6728) Using 6 of 24 workers for concurrent marking
[895.210s][info][gc             ] GC(6728) Concurrent marking 64.096ms
[895.210s][info][gc,start       ] GC(6728) Pause Final Mark
[895.210s][info][gc,task        ] GC(6728) Using 6 of 24 workers for final marking
[895.211s][info][gc,ergo        ] GC(6728) Collectable Garbage: 8940K (100%), Immediate: 8192K (91%), CSet: 748K (8%)
[895.214s][info][gc,ergo        ] GC(6728) Pacer for Evacuation. Used CSet: 4608K, Free: 187M, Non-Taxable: 19185K, Alloc Tax Rate: 1.1x
[895.214s][info][gc             ] GC(6728) Pause Final Mark 3.281ms
[895.214s][info][gc,start       ] GC(6728) Concurrent cleanup
[895.215s][info][gc             ] GC(6728) Concurrent cleanup 61M->61M(256M) 1.430ms
[895.215s][info][gc,ergo        ] GC(6728) Free: 180M, Max: 256K regular, 174M humongous, Frag: 3% external, 2% internal; Reserve: 12544K, Max: 256K
[895.215s][info][gc,start       ] GC(6728) Concurrent evacuation
[895.215s][info][gc,task        ] GC(6728) Using 6 of 24 workers for concurrent evacuation
[895.219s][info][gc             ] GC(6728) Concurrent evacuation 3.929ms
[895.220s][info][gc,start       ] GC(6728) Pause Init Update Refs
[895.220s][info][gc,ergo        ] GC(6728) Pacer for Update Refs. Used: 79252K, Free: 167M, Non-Taxable: 17111K, Alloc Tax Rate: 1.1x
[895.220s][info][gc             ] GC(6728) Pause Init Update Refs 0.227ms
[895.220s][info][gc,start       ] GC(6728) Concurrent update references
[895.220s][info][gc,task        ] GC(6728) Using 6 of 24 workers for concurrent reference update
[895.237s][info][gc             ] GC(6728) Concurrent update references 17.267ms
[895.239s][info][gc,start       ] GC(6728) Pause Final Update Refs
[895.239s][info][gc,task        ] GC(6728) Using 6 of 24 workers for final reference update
[895.240s][info][gc             ] GC(6728) Pause Final Update Refs 0.272ms
[895.240s][info][gc,start       ] GC(6728) Concurrent cleanup
[895.241s][info][gc             ] GC(6728) Concurrent cleanup 113M->108M(256M) 0.865ms
[895.241s][info][gc             ] GC(6728) Dat log --- cycle is complete
Current gc epoch: 5459
heap: ______
capacity: 268435456
used: 114185328
committed: 268435456
bytes_allocated_since_gc_start: 109052168
hot_size: 0
cold_size: 4884234
num_regions: 1024
hot_region_count: 18446744073709406942
cold_region_count: 144693
histogram: Placeholder

[895.241s][info][gc             ] GC(6728) Obj count ac histogram
[895.241s][info][gc             ] GC(6728) 	0: 409986
[895.241s][info][gc             ] GC(6728) 	1: 30
[895.241s][info][gc             ] GC(6728) 	2: 7288
[895.241s][info][gc             ] GC(6728) 	3: 10686
[895.241s][info][gc             ] GC(6728) 	4: 6965
[895.241s][info][gc             ] GC(6728) 	5: 40
[895.241s][info][gc             ] GC(6728) 	6: 0
[895.241s][info][gc             ] GC(6728) 	7: 0
[895.241s][info][gc             ] GC(6728) 	8: 0
[895.241s][info][gc             ] GC(6728) 	9: 0
[895.241s][info][gc             ] GC(6728) 	10: 0
[895.241s][info][gc             ] GC(6728) 	11: 0
[895.241s][info][gc             ] GC(6728) 	12: 0
[895.241s][info][gc             ] GC(6728) 	13: 0
[895.241s][info][gc             ] GC(6728) 	14: 0
[895.241s][info][gc             ] GC(6728) 	15: 0
[895.241s][info][gc             ] GC(6728) 	16: 0
[895.241s][info][gc             ] GC(6728) 	17: 0
[895.241s][info][gc             ] GC(6728) 	18: 0
[895.241s][info][gc             ] GC(6728) 	19: 0
[895.241s][info][gc             ] GC(6728) Obj size ac histogram
[895.241s][info][gc             ] GC(6728) 	0: 2585171
[895.241s][info][gc             ] GC(6728) 	1: 1440
[895.241s][info][gc             ] GC(6728) 	2: 91808
[895.241s][info][gc             ] GC(6728) 	3: 134417
[895.241s][info][gc             ] GC(6728) 	4: 44327
[895.241s][info][gc             ] GC(6728) 	5: 397
[895.241s][info][gc             ] GC(6728) 	6: 0
[895.241s][info][gc             ] GC(6728) 	7: 0
[895.241s][info][gc             ] GC(6728) 	8: 0
[895.241s][info][gc             ] GC(6728) 	9: 0
[895.241s][info][gc             ] GC(6728) 	10: 0
[895.241s][info][gc             ] GC(6728) 	11: 0
[895.241s][info][gc             ] GC(6728) 	12: 0
[895.241s][info][gc             ] GC(6728) 	13: 0
[895.241s][info][gc             ] GC(6728) 	14: 0
[895.241s][info][gc             ] GC(6728) 	15: 0
[895.241s][info][gc             ] GC(6728) 	16: 0
[895.241s][info][gc             ] GC(6728) 	17: 0
[895.241s][info][gc             ] GC(6728) 	18: 0
[895.241s][info][gc             ] GC(6728) 	19: 0
[895.241s][info][gc,ergo        ] Free: 120M, Max: 256K regular, 115M humongous, Frag: 5% external, 3% internal; Reserve: 13312K, Max: 256K
[895.241s][info][gc,stats       ] 
[895.241s][info][gc,stats       ] All times are wall-clock times, except per-root-class counters, that are sum over
[895.241s][info][gc,stats       ] all workers. Dividing the <total> over the root stage time estimates parallelism.
[895.241s][info][gc,stats       ] 
[895.241s][info][gc,stats       ] Concurrent Reset                    379 us
[895.241s][info][gc,stats       ] Pause Init Mark (G)                3096 us
[895.241s][info][gc,stats       ] Pause Init Mark (N)                2734 us
[895.241s][info][gc,stats       ]   Accumulate Stats                    4 us
[895.241s][info][gc,stats       ]   Make Parsable                      36 us
[895.241s][info][gc,stats       ]   Update Region States                8 us
[895.241s][info][gc,stats       ]   Scan Roots                       2047 us, parallelism: 2.10x
[895.241s][info][gc,stats       ]     S: <total>                     4297 us
[895.241s][info][gc,stats       ]     S: Thread Roots                 513 us, workers (us): 128,  93,   2,   2,   1, 287, ---, ---, ---, ---, ---, ---, ---, ---, ---, ---, ---, ---, ---, ---, ---, ---, ---, ---, 
[895.241s][info][gc,stats       ]     S: Universe Roots                32 us, workers (us):  32, ---, ---, ---, ---, ---, ---, ---, ---, ---, ---, ---, ---, ---, ---, ---, ---, ---, ---, ---, ---, ---, ---, ---, 
[895.241s][info][gc,stats       ]     S: JNI Handles Roots             33 us, workers (us): ---,  33, ---, ---, ---, ---, ---, ---, ---, ---, ---, ---, ---, ---, ---, ---, ---, ---, ---, ---, ---, ---, ---, ---, 
[895.241s][info][gc,stats       ]     S: Synchronizer Roots             0 us, workers (us):   0, ---, ---, ---, ---, ---, ---, ---, ---, ---, ---, ---, ---, ---, ---, ---, ---, ---, ---, ---, ---, ---, ---, ---, 
[895.241s][info][gc,stats       ]     S: Management Roots               2 us, workers (us):   2, ---, ---, ---, ---, ---, ---, ---, ---, ---, ---, ---, ---, ---, ---, ---, ---, ---, ---, ---, ---, ---, ---, ---, 
[895.241s][info][gc,stats       ]     S: System Dict Roots             44 us, workers (us):  44, ---, ---, ---, ---, ---, ---, ---, ---, ---, ---, ---, ---, ---, ---, ---, ---, ---, ---, ---, ---, ---, ---, ---, 
[895.241s][info][gc,stats       ]     S: CLDG Roots                  3671 us, workers (us): ---, ---, 1901, 1536, 234, ---, ---, ---, ---, ---, ---, ---, ---, ---, ---, ---, ---, ---, ---, ---, ---, ---, ---, ---, 
[895.242s][info][gc,stats       ]     S: JVMTI Roots                    1 us, workers (us): ---,   1, ---, ---, ---, ---, ---, ---, ---, ---, ---, ---, ---, ---, ---, ---, ---, ---, ---, ---, ---, ---, ---, ---, 
[895.242s][info][gc,stats       ]   Resize TLABs                        4 us
[895.242s][info][gc,stats       ] Concurrent Marking                64042 us
[895.242s][info][gc,stats       ] Pause Final Mark (G)               3484 us
[895.242s][info][gc,stats       ] Pause Final Mark (N)               3240 us
[895.242s][info][gc,stats       ]   Finish Queues                     159 us
[895.242s][info][gc,stats       ]   System Purge                      176 us
[895.242s][info][gc,stats       ]     Weak Roots                      174 us
[895.242s][info][gc,stats       ]   Update Region States               30 us
[895.242s][info][gc,stats       ]   Retire TLABs                       47 us
[895.242s][info][gc,stats       ]   Choose Collection Set              75 us
[895.242s][info][gc,stats       ]   Rebuild Free Set                   24 us
[895.242s][info][gc,stats       ]   Initial Evacuation               2708 us, parallelism: 1.90x
[895.242s][info][gc,stats       ]     E: <total>                     5135 us
[895.242s][info][gc,stats       ]     E: Thread Roots                 135 us, workers (us):   2,  86,   1,   1,   1,  43, ---, ---, ---, ---, ---, ---, ---, ---, ---, ---, ---, ---, ---, ---, ---, ---, ---, ---, 
[895.242s][info][gc,stats       ]     E: Code Cache Roots            3893 us, workers (us): 724,   0, 831, 1104, 485, 748, ---, ---, ---, ---, ---, ---, ---, ---, ---, ---, ---, ---, ---, ---, ---, ---, ---, ---, 
[895.242s][info][gc,stats       ]     E: Universe Roots                 2 us, workers (us):   2, ---, ---, ---, ---, ---, ---, ---, ---, ---, ---, ---, ---, ---, ---, ---, ---, ---, ---, ---, ---, ---, ---, ---, 
[895.242s][info][gc,stats       ]     E: JNI Handles Roots              3 us, workers (us): ---, ---,   3, ---, ---, ---, ---, ---, ---, ---, ---, ---, ---, ---, ---, ---, ---, ---, ---, ---, ---, ---, ---, ---, 
[895.242s][info][gc,stats       ]     E: Synchronizer Roots             0 us, workers (us):   0, ---, ---, ---, ---, ---, ---, ---, ---, ---, ---, ---, ---, ---, ---, ---, ---, ---, ---, ---, ---, ---, ---, ---, 
[895.242s][info][gc,stats       ]     E: Management Roots               1 us, workers (us):   1, ---, ---, ---, ---, ---, ---, ---, ---, ---, ---, ---, ---, ---, ---, ---, ---, ---, ---, ---, ---, ---, ---, ---, 
[895.242s][info][gc,stats       ]     E: System Dict Roots              6 us, workers (us):   6, ---, ---, ---, ---, ---, ---, ---, ---, ---, ---, ---, ---, ---, ---, ---, ---, ---, ---, ---, ---, ---, ---, ---, 
[895.242s][info][gc,stats       ]     E: CLDG Roots                  1092 us, workers (us):  66, 718, ---, ---, 308, ---, ---, ---, ---, ---, ---, ---, ---, ---, ---, ---, ---, ---, ---, ---, ---, ---, ---, ---, 
[895.242s][info][gc,stats       ]     E: JVMTI Roots                    1 us, workers (us): ---,   1, ---, ---, ---, ---, ---, ---, ---, ---, ---, ---, ---, ---, ---, ---, ---, ---, ---, ---, ---, ---, ---, ---, 
[895.242s][info][gc,stats       ] Concurrent Cleanup                 1380 us
[895.242s][info][gc,stats       ] Concurrent Evacuation              3908 us
[895.242s][info][gc,stats       ] Pause Init  Update Refs (G)         818 us
[895.242s][info][gc,stats       ] Pause Init  Update Refs (N)         185 us
[895.242s][info][gc,stats       ]   Retire GCLABs                     163 us
[895.242s][info][gc,stats       ] Concurrent Update Refs            17230 us
[895.242s][info][gc,stats       ] Pause Final Update Refs (G)        2362 us
[895.242s][info][gc,stats       ] Pause Final Update Refs (N)         219 us
[895.242s][info][gc,stats       ]   Update Roots                      140 us, parallelism: 1.10x
[895.242s][info][gc,stats       ]     UR: <total>                     154 us
[895.242s][info][gc,stats       ]     UR: Thread Roots                154 us, workers (us):  63,  44,  23,  19,   3,   2, ---, ---, ---, ---, ---, ---, ---, ---, ---, ---, ---, ---, ---, ---, ---, ---, ---, ---, 
[895.242s][info][gc,stats       ]   Update Region States               20 us
[895.242s][info][gc,stats       ]   Trash Collection Set                9 us
[895.242s][info][gc,stats       ]   Rebuild Free Set                   28 us
[895.242s][info][gc,stats       ] Concurrent Cleanup                  817 us
[895.242s][info][gc,stats       ] Pacing                            72669 us
[895.242s][info][gc,stats       ] 
[895.242s][info][gc,stats       ] Allocation pacing accrued:
[895.242s][info][gc,stats       ]      73 of   101 ms ( 72.3%): pl.nadoba.jvm.gc.benchmark.App.main()
[895.242s][info][gc,stats       ]      73 of   101 ms ( 72.3%): <total>
[895.242s][info][gc,stats       ]       7 of   101 ms (  7.2%): <average total>
[895.242s][info][gc,stats       ]      73 of   101 ms ( 72.3%): <average non-zero>
[895.242s][info][gc,stats       ] 
[895.242s][info][gc,metaspace   ] Metaspace: 24281K->24281K(1071104K)
[895.242s][info][gc,ergo        ] Pacer for Idle. Initial: 5242K, Alloc Tax Rate: 1.0x
[895.243s][info][gc             ] Trigger: Start next cycle immediately
[895.243s][info][gc,ergo        ] Free: 120M, Max: 256K regular, 115M humongous, Frag: 5% external, 3% internal; Reserve: 13312K, Max: 256K
[895.243s][info][gc,start       ] GC(6729) Concurrent reset
[895.243s][info][gc,task        ] GC(6729) Using 6 of 24 workers for concurrent reset
[895.243s][info][gc,ergo        ] GC(6729) Pacer for Reset. Non-Taxable: 256M
[895.244s][info][gc             ] GC(6729) Concurrent reset 0.760ms
[895.244s][info][gc,start       ] GC(6729) Pause Init Mark
[895.244s][info][gc,task        ] GC(6729) Using 6 of 24 workers for init marking
[895.247s][info][gc,ergo        ] GC(6729) Pacer for Mark. Expected Live: 11687K, Free: 120M, Non-Taxable: 12324K, Alloc Tax Rate: 0.1x
[895.247s][info][gc             ] GC(6729) Pause Init Mark 2.983ms
[895.247s][info][gc,start       ] GC(6729) Concurrent marking
[895.247s][info][gc,task        ] GC(6729) Using 6 of 24 workers for concurrent marking
[895.314s][info][gc             ] GC(6729) Concurrent marking 67.082ms
[895.317s][info][gc,start       ] GC(6729) Pause Final Mark
[895.317s][info][gc,task        ] GC(6729) Using 6 of 24 workers for final marking
[895.318s][info][gc,ergo        ] GC(6729) Collectable Garbage: 109M (100%), Immediate: 108M (98%), CSet: 1260K (1%)
[895.321s][info][gc,ergo        ] GC(6729) Pacer for Evacuation. Used CSet: 5120K, Free: 175M, Non-Taxable: 18007K, Alloc Tax Rate: 1.1x
[895.321s][info][gc             ] GC(6729) Pause Final Mark 4.519ms
[895.321s][info][gc,start       ] GC(6729) Concurrent cleanup
[895.339s][info][gc             ] GC(6729) Concurrent cleanup 173M->83M(256M) 17.147ms
[895.339s][info][gc,ergo        ] GC(6729) Free: 156M, Max: 256K regular, 96768K humongous, Frag: 40% external, 1% internal; Reserve: 12511K, Max: 256K
[895.339s][info][gc,start       ] GC(6729) Concurrent evacuation
[895.339s][info][gc,task        ] GC(6729) Using 6 of 24 workers for concurrent evacuation
[895.343s][info][gc             ] GC(6729) Concurrent evacuation 4.322ms
[895.343s][info][gc,start       ] GC(6729) Pause Init Update Refs
[895.344s][info][gc,ergo        ] GC(6729) Pacer for Update Refs. Used: 90260K, Free: 156M, Non-Taxable: 16010K, Alloc Tax Rate: 1.1x
[895.344s][info][gc             ] GC(6729) Pause Init Update Refs 0.303ms
[895.344s][info][gc,start       ] GC(6729) Concurrent update references
[895.344s][info][gc,task        ] GC(6729) Using 6 of 24 workers for concurrent reference update
[895.361s][info][gc             ] GC(6729) Concurrent update references 17.357ms
[895.361s][info][gc,start       ] GC(6729) Pause Final Update Refs
[895.361s][info][gc,task        ] GC(6729) Using 6 of 24 workers for final reference update
[895.362s][info][gc             ] GC(6729) Pause Final Update Refs 0.331ms
[895.362s][info][gc,start       ] GC(6729) Concurrent cleanup
[895.362s][info][gc             ] GC(6729) Concurrent cleanup 126M->127M(256M) 0.797ms
[895.362s][info][gc             ] GC(6729) Dat log --- cycle is complete
Current gc epoch: 5460
heap: ______
capacity: 268435456
used: 133321968
committed: 268435456
bytes_allocated_since_gc_start: 128975376
hot_size: 0
cold_size: 3192715
num_regions: 1024
hot_region_count: 18446744073709406923
cold_region_count: 144713
histogram: Placeholder

[895.362s][info][gc             ] GC(6729) Obj count ac histogram
[895.362s][info][gc             ] GC(6729) 	0: 213224
[895.362s][info][gc             ] GC(6729) 	1: 15
[895.362s][info][gc             ] GC(6729) 	2: 2
[895.362s][info][gc             ] GC(6729) 	3: 0
[895.362s][info][gc             ] GC(6729) 	4: 0
[895.363s][info][gc             ] GC(6729) 	5: 0
[895.363s][info][gc             ] GC(6729) 	6: 0
[895.363s][info][gc             ] GC(6729) 	7: 0
[895.363s][info][gc             ] GC(6729) 	8: 0
[895.363s][info][gc             ] GC(6729) 	9: 0
[895.363s][info][gc             ] GC(6729) 	10: 0
[895.363s][info][gc             ] GC(6729) 	11: 0
[895.363s][info][gc             ] GC(6729) 	12: 0
[895.363s][info][gc             ] GC(6729) 	13: 0
[895.363s][info][gc             ] GC(6729) 	14: 0
[895.363s][info][gc             ] GC(6729) 	15: 0
[895.363s][info][gc             ] GC(6729) 	16: 0
[895.363s][info][gc             ] GC(6729) 	17: 0
[895.363s][info][gc             ] GC(6729) 	18: 0
[895.363s][info][gc             ] GC(6729) 	19: 0
[895.363s][info][gc             ] GC(6729) Obj size ac histogram
[895.363s][info][gc             ] GC(6729) 	0: 2444326
[895.363s][info][gc             ] GC(6729) 	1: 720
[895.363s][info][gc             ] GC(6729) 	2: 14
[895.363s][info][gc             ] GC(6729) 	3: 0
[895.363s][info][gc             ] GC(6729) 	4: 0
[895.363s][info][gc             ] GC(6729) 	5: 0
[895.363s][info][gc             ] GC(6729) 	6: 0
[895.363s][info][gc             ] GC(6729) 	7: 0
[895.363s][info][gc             ] GC(6729) 	8: 0
[895.363s][info][gc             ] GC(6729) 	9: 0
[895.363s][info][gc             ] GC(6729) 	10: 0
[895.363s][info][gc             ] GC(6729) 	11: 0
[895.363s][info][gc             ] GC(6729) 	12: 0
[895.363s][info][gc             ] GC(6729) 	13: 0
[895.363s][info][gc             ] GC(6729) 	14: 0
[895.363s][info][gc             ] GC(6729) 	15: 0
[895.363s][info][gc             ] GC(6729) 	16: 0
[895.363s][info][gc             ] GC(6729) 	17: 0
[895.363s][info][gc             ] GC(6729) 	18: 0
[895.363s][info][gc             ] GC(6729) 	19: 0
[895.363s][info][gc,ergo        ] Free: 110M, Max: 256K regular, 58880K humongous, Frag: 48% external, 3% internal; Reserve: 13312K, Max: 256K
[895.363s][info][gc,stats       ] 
[895.363s][info][gc,stats       ] All times are wall-clock times, except per-root-class counters, that are sum over
[895.363s][info][gc,stats       ] all workers. Dividing the <total> over the root stage time estimates parallelism.
[895.363s][info][gc,stats       ] 
[895.363s][info][gc,stats       ] Concurrent Reset                    742 us
[895.363s][info][gc,stats       ] Pause Init Mark (G)                3325 us
[895.363s][info][gc,stats       ] Pause Init Mark (N)                2944 us
[895.363s][info][gc,stats       ]   Accumulate Stats                    6 us
[895.363s][info][gc,stats       ]   Make Parsable                      47 us
[895.363s][info][gc,stats       ]   Update Region States               15 us
[895.363s][info][gc,stats       ]   Scan Roots                       1999 us, parallelism: 1.94x
[895.363s][info][gc,stats       ]     S: <total>                     3888 us
[895.363s][info][gc,stats       ]     S: Thread Roots                 539 us, workers (us):   1,   1, 124, 316,  94,   1, ---, ---, ---, ---, ---, ---, ---, ---, ---, ---, ---, ---, ---, ---, ---, ---, ---, ---, 
[895.363s][info][gc,stats       ]     S: Universe Roots                15 us, workers (us):  15, ---, ---, ---, ---, ---, ---, ---, ---, ---, ---, ---, ---, ---, ---, ---, ---, ---, ---, ---, ---, ---, ---, ---, 
[895.363s][info][gc,stats       ]     S: JNI Handles Roots             43 us, workers (us): ---, ---, ---, ---,  43, ---, ---, ---, ---, ---, ---, ---, ---, ---, ---, ---, ---, ---, ---, ---, ---, ---, ---, ---, 
[895.363s][info][gc,stats       ]     S: Synchronizer Roots             1 us, workers (us): ---,   1, ---, ---, ---, ---, ---, ---, ---, ---, ---, ---, ---, ---, ---, ---, ---, ---, ---, ---, ---, ---, ---, ---, 
[895.363s][info][gc,stats       ]     S: Management Roots               2 us, workers (us): ---,   2, ---, ---, ---, ---, ---, ---, ---, ---, ---, ---, ---, ---, ---, ---, ---, ---, ---, ---, ---, ---, ---, ---, 
[895.363s][info][gc,stats       ]     S: System Dict Roots             64 us, workers (us): ---, ---,  64, ---, ---, ---, ---, ---, ---, ---, ---, ---, ---, ---, ---, ---, ---, ---, ---, ---, ---, ---, ---, ---, 
[895.363s][info][gc,stats       ]     S: CLDG Roots                  3222 us, workers (us): 1217, 204, ---, ---, ---, 1801, ---, ---, ---, ---, ---, ---, ---, ---, ---, ---, ---, ---, ---, ---, ---, ---, ---, ---, 
[895.363s][info][gc,stats       ]     S: JVMTI Roots                    1 us, workers (us): ---, ---, ---,   1, ---, ---, ---, ---, ---, ---, ---, ---, ---, ---, ---, ---, ---, ---, ---, ---, ---, ---, ---, ---, 
[895.363s][info][gc,stats       ]   Resize TLABs                        7 us
[895.363s][info][gc,stats       ] Concurrent Marking                67025 us
[895.363s][info][gc,stats       ] Pause Final Mark (G)               6954 us
[895.363s][info][gc,stats       ] Pause Final Mark (N)               4461 us
[895.363s][info][gc,stats       ]   Finish Queues                     176 us
[895.363s][info][gc,stats       ]   System Purge                      222 us
[895.363s][info][gc,stats       ]     Weak Roots                      221 us
[895.363s][info][gc,stats       ]   Update Region States               40 us
[895.363s][info][gc,stats       ]   Retire TLABs                       58 us
[895.363s][info][gc,stats       ]   Choose Collection Set             544 us
[895.363s][info][gc,stats       ]   Rebuild Free Set                   38 us
[895.363s][info][gc,stats       ]   Initial Evacuation               3358 us, parallelism: 1.54x
[895.363s][info][gc,stats       ]     E: <total>                     5174 us
[895.363s][info][gc,stats       ]     E: Thread Roots                 136 us, workers (us):   1,  89,   1,  42,   1,   2, ---, ---, ---, ---, ---, ---, ---, ---, ---, ---, ---, ---, ---, ---, ---, ---, ---, ---, 
[895.363s][info][gc,stats       ]     E: Code Cache Roots            4265 us, workers (us): 1105, 618, 1248, 233, 695, 366, ---, ---, ---, ---, ---, ---, ---, ---, ---, ---, ---, ---, ---, ---, ---, ---, ---, ---, 
[895.363s][info][gc,stats       ]     E: Universe Roots                 2 us, workers (us): ---,   2, ---, ---, ---, ---, ---, ---, ---, ---, ---, ---, ---, ---, ---, ---, ---, ---, ---, ---, ---, ---, ---, ---, 
[895.363s][info][gc,stats       ]     E: JNI Handles Roots              1 us, workers (us): ---,   1, ---, ---, ---, ---, ---, ---, ---, ---, ---, ---, ---, ---, ---, ---, ---, ---, ---, ---, ---, ---, ---, ---, 
[895.363s][info][gc,stats       ]     E: Synchronizer Roots             1 us, workers (us):   1, ---, ---, ---, ---, ---, ---, ---, ---, ---, ---, ---, ---, ---, ---, ---, ---, ---, ---, ---, ---, ---, ---, ---, 
[895.363s][info][gc,stats       ]     E: Management Roots               4 us, workers (us):   4, ---, ---, ---, ---, ---, ---, ---, ---, ---, ---, ---, ---, ---, ---, ---, ---, ---, ---, ---, ---, ---, ---, ---, 
[895.363s][info][gc,stats       ]     E: System Dict Roots             14 us, workers (us):  14, ---, ---, ---, ---, ---, ---, ---, ---, ---, ---, ---, ---, ---, ---, ---, ---, ---, ---, ---, ---, ---, ---, ---, 
[895.363s][info][gc,stats       ]     E: CLDG Roots                   751 us, workers (us): ---, ---, ---, 393,  54, 304, ---, ---, ---, ---, ---, ---, ---, ---, ---, ---, ---, ---, ---, ---, ---, ---, ---, ---, 
[895.363s][info][gc,stats       ]     E: JVMTI Roots                    1 us, workers (us): ---, ---,   1, ---, ---, ---, ---, ---, ---, ---, ---, ---, ---, ---, ---, ---, ---, ---, ---, ---, ---, ---, ---, ---, 
[895.363s][info][gc,stats       ] Concurrent Cleanup                17098 us
[895.363s][info][gc,stats       ] Concurrent Evacuation              4309 us
[895.363s][info][gc,stats       ] Pause Init  Update Refs (G)         561 us
[895.363s][info][gc,stats       ] Pause Init  Update Refs (N)         249 us
[895.363s][info][gc,stats       ]   Retire GCLABs                     221 us
[895.363s][info][gc,stats       ] Concurrent Update Refs            17323 us
[895.363s][info][gc,stats       ] Pause Final Update Refs (G)         682 us
[895.363s][info][gc,stats       ] Pause Final Update Refs (N)         274 us
[895.363s][info][gc,stats       ]   Update Roots                      178 us, parallelism: 1.17x
[895.363s][info][gc,stats       ]     UR: <total>                     208 us
[895.363s][info][gc,stats       ]     UR: Thread Roots                208 us, workers (us): 121,  41,  11,  34,   1,   0, ---, ---, ---, ---, ---, ---, ---, ---, ---, ---, ---, ---, ---, ---, ---, ---, ---, ---, 
[895.363s][info][gc,stats       ]   Update Region States               29 us
[895.363s][info][gc,stats       ]   Trash Collection Set               11 us
[895.363s][info][gc,stats       ]   Rebuild Free Set                   32 us
[895.363s][info][gc,stats       ] Concurrent Cleanup                  767 us
[895.363s][info][gc,stats       ] Pacing                            87266 us
[895.363s][info][gc,stats       ] 
[895.363s][info][gc,stats       ] Allocation pacing accrued:
[895.363s][info][gc,stats       ]      87 of   121 ms ( 72.2%): pl.nadoba.jvm.gc.benchmark.App.main()
[895.363s][info][gc,stats       ]      87 of   121 ms ( 72.2%): <total>
[895.363s][info][gc,stats       ]       9 of   121 ms (  7.2%): <average total>
[895.363s][info][gc,stats       ]      87 of   121 ms ( 72.2%): <average non-zero>
[895.363s][info][gc,stats       ] 
[895.363s][info][gc,metaspace   ] Metaspace: 24281K->24281K(1071104K)
[895.363s][info][gc,ergo        ] Pacer for Idle. Initial: 5242K, Alloc Tax Rate: 1.0x
[895.364s][info][gc             ] Trigger: Start next cycle immediately
[895.364s][info][gc,ergo        ] Free: 107M, Max: 256K regular, 58880K humongous, Frag: 47% external, 3% internal; Reserve: 13312K, Max: 256K
[895.364s][info][gc,start       ] GC(6730) Concurrent reset
[895.364s][info][gc,task        ] GC(6730) Using 6 of 24 workers for concurrent reset
[895.364s][info][gc,ergo        ] GC(6730) Pacer for Reset. Non-Taxable: 256M
[895.365s][info][gc             ] GC(6730) Concurrent reset 0.658ms
[895.365s][info][gc,start       ] GC(6730) Pause Init Mark (unload classes)
[895.365s][info][gc,task        ] GC(6730) Using 6 of 24 workers for init marking
[895.367s][info][gc,ergo        ] GC(6730) Pacer for Mark. Expected Live: 11687K, Free: 102M, Non-Taxable: 10532K, Alloc Tax Rate: 0.1x
[895.367s][info][gc             ] GC(6730) Pause Init Mark (unload classes) 1.854ms
[895.367s][info][gc,start       ] GC(6730) Concurrent marking (unload classes)
[895.367s][info][gc,task        ] GC(6730) Using 6 of 24 workers for concurrent marking
[895.436s][info][gc             ] GC(6730) Concurrent marking (unload classes) 68.927ms
[895.438s][info][gc,start       ] GC(6730) Pause Final Mark (unload classes)
[895.438s][info][gc,task        ] GC(6730) Using 6 of 24 workers for final marking
[895.491s][info][gc,stringtable ] GC(6730) Cleaned string and symbol table, strings: 8172 processed, 0 removed, symbols: 68000 processed, 0 removed
[895.492s][info][gc,ergo        ] GC(6730) Collectable Garbage: 121M (100%), Immediate: 120M (98%), CSet: 1516K (1%)
[895.494s][info][gc,ergo        ] GC(6730) Pacer for Evacuation. Used CSet: 5376K, Free: 159M, Non-Taxable: 16343K, Alloc Tax Rate: 1.1x
[895.494s][info][gc             ] GC(6730) Pause Final Mark (unload classes) 56.226ms
[895.494s][info][gc,start       ] GC(6730) Concurrent cleanup
[895.512s][info][gc             ] GC(6730) Concurrent cleanup 199M->94M(256M) 17.820ms
[895.512s][info][gc,ergo        ] GC(6730) Free: 143M, Max: 256K regular, 60160K humongous, Frag: 59% external, 1% internal; Reserve: 12735K, Max: 256K
[895.512s][info][gc,start       ] GC(6730) Concurrent evacuation
[895.512s][info][gc,task        ] GC(6730) Using 6 of 24 workers for concurrent evacuation
[895.515s][info][gc             ] GC(6730) Concurrent evacuation 3.223ms
[895.516s][info][gc,start       ] GC(6730) Pause Init Update Refs
[895.516s][info][gc,ergo        ] GC(6730) Pacer for Update Refs. Used: 101269K, Free: 143M, Non-Taxable: 14679K, Alloc Tax Rate: 1.1x
[895.516s][info][gc             ] GC(6730) Pause Init Update Refs 0.170ms
[895.516s][info][gc,start       ] GC(6730) Concurrent update references
[895.516s][info][gc,task        ] GC(6730) Using 6 of 24 workers for concurrent reference update
[895.533s][info][gc             ] GC(6730) Concurrent update references 16.747ms
[895.535s][info][gc,start       ] GC(6730) Pause Final Update Refs
[895.535s][info][gc,task        ] GC(6730) Using 6 of 24 workers for final reference update
[895.535s][info][gc             ] GC(6730) Pause Final Update Refs 0.275ms
[895.535s][info][gc,start       ] GC(6730) Concurrent cleanup
[895.536s][info][gc             ] GC(6730) Concurrent cleanup 163M->158M(256M) 0.862ms
[895.536s][info][gc             ] GC(6730) Dat log --- cycle is complete
Current gc epoch: 5461
heap: ______
capacity: 268435456
used: 166352432
committed: 268435456
bytes_allocated_since_gc_start: 165151248
hot_size: 0
cold_size: 3133319
num_regions: 1024
hot_region_count: 18446744073709406903
cold_region_count: 144731
histogram: Placeholder

[895.536s][info][gc             ] GC(6730) Obj count ac histogram
[895.536s][info][gc             ] GC(6730) 	0: 214014
[895.536s][info][gc             ] GC(6730) 	1: 15
[895.536s][info][gc             ] GC(6730) 	2: 2
[895.536s][info][gc             ] GC(6730) 	3: 0
[895.536s][info][gc             ] GC(6730) 	4: 0
[895.536s][info][gc             ] GC(6730) 	5: 0
[895.536s][info][gc             ] GC(6730) 	6: 0
[895.536s][info][gc             ] GC(6730) 	7: 0
[895.536s][info][gc             ] GC(6730) 	8: 0
[895.536s][info][gc             ] GC(6730) 	9: 0
[895.536s][info][gc             ] GC(6730) 	10: 0
[895.536s][info][gc             ] GC(6730) 	11: 0
[895.536s][info][gc             ] GC(6730) 	12: 0
[895.536s][info][gc             ] GC(6730) 	13: 0
[895.536s][info][gc             ] GC(6730) 	14: 0
[895.536s][info][gc             ] GC(6730) 	15: 0
[895.536s][info][gc             ] GC(6730) 	16: 0
[895.536s][info][gc             ] GC(6730) 	17: 0
[895.536s][info][gc             ] GC(6730) 	18: 0
[895.536s][info][gc             ] GC(6730) 	19: 0
[895.536s][info][gc             ] GC(6730) Obj size ac histogram
[895.536s][info][gc             ] GC(6730) 	0: 1872453
[895.536s][info][gc             ] GC(6730) 	1: 720
[895.536s][info][gc             ] GC(6730) 	2: 14
[895.536s][info][gc             ] GC(6730) 	3: 0
[895.536s][info][gc             ] GC(6730) 	4: 0
[895.536s][info][gc             ] GC(6730) 	5: 0
[895.536s][info][gc             ] GC(6730) 	6: 0
[895.536s][info][gc             ] GC(6730) 	7: 0
[895.536s][info][gc             ] GC(6730) 	8: 0
[895.536s][info][gc             ] GC(6730) 	9: 0
[895.536s][info][gc             ] GC(6730) 	10: 0
[895.536s][info][gc             ] GC(6730) 	11: 0
[895.536s][info][gc             ] GC(6730) 	12: 0
[895.536s][info][gc             ] GC(6730) 	13: 0
[895.536s][info][gc             ] GC(6730) 	14: 0
[895.536s][info][gc             ] GC(6730) 	15: 0
[895.536s][info][gc             ] GC(6730) 	16: 0
[895.536s][info][gc             ] GC(6730) 	17: 0
[895.536s][info][gc             ] GC(6730) 	18: 0
[895.536s][info][gc             ] GC(6730) 	19: 0
[895.536s][info][gc,ergo        ] Free: 78187K, Max: 256K regular, 38912K humongous, Frag: 50% external, 4% internal; Reserve: 13312K, Max: 256K
[895.536s][info][gc,stats       ] 
[895.536s][info][gc,stats       ] All times are wall-clock times, except per-root-class counters, that are sum over
[895.536s][info][gc,stats       ] all workers. Dividing the <total> over the root stage time estimates parallelism.
[895.536s][info][gc,stats       ] 
[895.536s][info][gc,stats       ] Concurrent Reset                    641 us
[895.536s][info][gc,stats       ] Pause Init Mark (G)                2420 us
[895.536s][info][gc,stats       ] Pause Init Mark (N)                1804 us
[895.536s][info][gc,stats       ]   Accumulate Stats                    7 us
[895.536s][info][gc,stats       ]   Make Parsable                      57 us
[895.536s][info][gc,stats       ]   Update Region States               19 us
[895.536s][info][gc,stats       ]   Scan Roots                        771 us, parallelism: 1.45x
[895.536s][info][gc,stats       ]     S: <total>                     1117 us
[895.536s][info][gc,stats       ]     S: Thread Roots                 380 us, workers (us):   1,  53,  38,  50,  11, 227, ---, ---, ---, ---, ---, ---, ---, ---, ---, ---, ---, ---, ---, ---, ---, ---, ---, ---, 
[895.536s][info][gc,stats       ]     S: Universe Roots                16 us, workers (us):  16, ---, ---, ---, ---, ---, ---, ---, ---, ---, ---, ---, ---, ---, ---, ---, ---, ---, ---, ---, ---, ---, ---, ---, 
[895.536s][info][gc,stats       ]     S: JNI Handles Roots             22 us, workers (us): ---,  22, ---, ---, ---, ---, ---, ---, ---, ---, ---, ---, ---, ---, ---, ---, ---, ---, ---, ---, ---, ---, ---, ---, 
[895.536s][info][gc,stats       ]     S: Synchronizer Roots             1 us, workers (us): ---,   1, ---, ---, ---, ---, ---, ---, ---, ---, ---, ---, ---, ---, ---, ---, ---, ---, ---, ---, ---, ---, ---, ---, 
[895.536s][info][gc,stats       ]     S: Management Roots               2 us, workers (us): ---,   2, ---, ---, ---, ---, ---, ---, ---, ---, ---, ---, ---, ---, ---, ---, ---, ---, ---, ---, ---, ---, ---, ---, 
[895.536s][info][gc,stats       ]     S: System Dict Roots             35 us, workers (us): ---, ---,  35, ---, ---, ---, ---, ---, ---, ---, ---, ---, ---, ---, ---, ---, ---, ---, ---, ---, ---, ---, ---, ---, 
[895.536s][info][gc,stats       ]     S: CLDG Roots                   661 us, workers (us): 609, ---, ---,  26,  26, ---, ---, ---, ---, ---, ---, ---, ---, ---, ---, ---, ---, ---, ---, ---, ---, ---, ---, ---, 
[895.536s][info][gc,stats       ]     S: JVMTI Roots                    1 us, workers (us): ---,   1, ---, ---, ---, ---, ---, ---, ---, ---, ---, ---, ---, ---, ---, ---, ---, ---, ---, ---, ---, ---, ---, ---, 
[895.536s][info][gc,stats       ]   Resize TLABs                        4 us
[895.536s][info][gc,stats       ] Concurrent Marking                68873 us
[895.536s][info][gc,stats       ] Pause Final Mark (G)              58232 us
[895.536s][info][gc,stats       ] Pause Final Mark (N)              56164 us
[895.536s][info][gc,stats       ]   Finish Queues                     206 us
[895.536s][info][gc,stats       ]   System Purge                      235 us
[895.536s][info][gc,stats       ]     Unload Classes                   96 us
[895.536s][info][gc,stats       ]     Cleanup                       52508 us, parallelism: 1.73x
[895.536s][info][gc,stats       ]       CU: <total>                 91097 us
[895.536s][info][gc,stats       ]       CU: Code Cache Roots        70118 us, workers (us): 11967, 11719, 11472, 11895, 11452, 11612, ---, ---, ---, ---, ---, ---, ---, ---, ---, ---, ---, ---, ---, ---, ---, ---, ---, ---, 
[895.536s][info][gc,stats       ]       CU: Code Cache Cleaning      4856 us, workers (us): 822, 804, 803, 834, 807, 786, ---, ---, ---, ---, ---, ---, ---, ---, ---, ---, ---, ---, ---, ---, ---, ---, ---, ---, 
[895.536s][info][gc,stats       ]       CU: String Table Roots       3558 us, workers (us): 338, 583, 831, 367, 802, 637, ---, ---, ---, ---, ---, ---, ---, ---, ---, ---, ---, ---, ---, ---, ---, ---, ---, ---, 
[895.536s][info][gc,stats       ]       CU: Resolved Table Roots       20 us, workers (us):   0,   0,   0,   0,   0,  19, ---, ---, ---, ---, ---, ---, ---, ---, ---, ---, ---, ---, ---, ---, ---, ---, ---, ---, 
[895.536s][info][gc,stats       ]       CU: CLDG Roots              12546 us, workers (us): 2090, 2129, 2097, 2095, 2066, 2069, ---, ---, ---, ---, ---, ---, ---, ---, ---, ---, ---, ---, ---, ---, ---, ---, ---, ---, 
[895.536s][info][gc,stats       ]     Weak Roots                      234 us
[895.536s][info][gc,stats       ]     CLDG                              1 us
[895.536s][info][gc,stats       ]   Update Region States               23 us
[895.536s][info][gc,stats       ]   Retire TLABs                       43 us
[895.536s][info][gc,stats       ]   Choose Collection Set             336 us
[895.536s][info][gc,stats       ]   Rebuild Free Set                   16 us
[895.537s][info][gc,stats       ]   Initial Evacuation               2515 us, parallelism: 2.57x
[895.537s][info][gc,stats       ]     E: <total>                     6457 us
[895.537s][info][gc,stats       ]     E: Thread Roots                 192 us, workers (us):   1,  76,   1,   2, 111,   1, ---, ---, ---, ---, ---, ---, ---, ---, ---, ---, ---, ---, ---, ---, ---, ---, ---, ---, 
[895.537s][info][gc,stats       ]     E: Code Cache Roots            5059 us, workers (us): 512, 708, 1331, 1101, 731, 676, ---, ---, ---, ---, ---, ---, ---, ---, ---, ---, ---, ---, ---, ---, ---, ---, ---, ---, 
[895.537s][info][gc,stats       ]     E: Universe Roots                 2 us, workers (us):   2, ---, ---, ---, ---, ---, ---, ---, ---, ---, ---, ---, ---, ---, ---, ---, ---, ---, ---, ---, ---, ---, ---, ---, 
[895.537s][info][gc,stats       ]     E: JNI Handles Roots             14 us, workers (us): ---,  14, ---, ---, ---, ---, ---, ---, ---, ---, ---, ---, ---, ---, ---, ---, ---, ---, ---, ---, ---, ---, ---, ---, 
[895.537s][info][gc,stats       ]     E: Synchronizer Roots             0 us, workers (us):   0, ---, ---, ---, ---, ---, ---, ---, ---, ---, ---, ---, ---, ---, ---, ---, ---, ---, ---, ---, ---, ---, ---, ---, 
[895.537s][info][gc,stats       ]     E: Management Roots               1 us, workers (us):   1, ---, ---, ---, ---, ---, ---, ---, ---, ---, ---, ---, ---, ---, ---, ---, ---, ---, ---, ---, ---, ---, ---, ---, 
[895.537s][info][gc,stats       ]     E: System Dict Roots              6 us, workers (us):   6, ---, ---, ---, ---, ---, ---, ---, ---, ---, ---, ---, ---, ---, ---, ---, ---, ---, ---, ---, ---, ---, ---, ---, 
[895.537s][info][gc,stats       ]     E: CLDG Roots                  1181 us, workers (us): 392,  58, ---, ---, ---, 731, ---, ---, ---, ---, ---, ---, ---, ---, ---, ---, ---, ---, ---, ---, ---, ---, ---, ---, 
[895.537s][info][gc,stats       ]     E: JVMTI Roots                    1 us, workers (us): ---,   1, ---, ---, ---, ---, ---, ---, ---, ---, ---, ---, ---, ---, ---, ---, ---, ---, ---, ---, ---, ---, ---, ---, 
[895.537s][info][gc,stats       ] Concurrent Cleanup                17759 us
[895.537s][info][gc,stats       ] Concurrent Evacuation              3205 us
[895.537s][info][gc,stats       ] Pause Init  Update Refs (G)         427 us
[895.537s][info][gc,stats       ] Pause Init  Update Refs (N)         135 us
[895.537s][info][gc,stats       ]   Retire GCLABs                     119 us
[895.537s][info][gc,stats       ] Concurrent Update Refs            16713 us
[895.537s][info][gc,stats       ] Pause Final Update Refs (G)        2221 us
[895.537s][info][gc,stats       ] Pause Final Update Refs (N)         229 us
[895.537s][info][gc,stats       ]   Update Roots                      163 us, parallelism: 1.12x
[895.537s][info][gc,stats       ]     UR: <total>                     183 us
[895.537s][info][gc,stats       ]     UR: Thread Roots                183 us, workers (us):  74,  33,  22,  40,   7,   7, ---, ---, ---, ---, ---, ---, ---, ---, ---, ---, ---, ---, ---, ---, ---, ---, ---, ---, 
[895.537s][info][gc,stats       ]   Update Region States               23 us
[895.537s][info][gc,stats       ]   Trash Collection Set                8 us
[895.537s][info][gc,stats       ]   Rebuild Free Set                   19 us
[895.537s][info][gc,stats       ] Concurrent Cleanup                  803 us
[895.537s][info][gc,stats       ] Pacing                            76670 us
[895.537s][info][gc,stats       ] 
[895.537s][info][gc,stats       ] Allocation pacing accrued:
[895.537s][info][gc,stats       ]      77 of   174 ms ( 44.1%): pl.nadoba.jvm.gc.benchmark.App.main()
[895.537s][info][gc,stats       ]      77 of   174 ms ( 44.1%): <total>
[895.537s][info][gc,stats       ]       8 of   174 ms (  4.4%): <average total>
[895.537s][info][gc,stats       ]      77 of   174 ms ( 44.1%): <average non-zero>
[895.537s][info][gc,stats       ] 
[895.537s][info][gc,metaspace   ] Metaspace: 24281K->24281K(1071104K)
[895.537s][info][gc,ergo        ] Pacer for Idle. Initial: 5242K, Alloc Tax Rate: 1.0x
[895.538s][info][gc             ] Trigger: Start next cycle immediately
[895.538s][info][gc,ergo        ] Free: 68459K, Max: 256K regular, 31488K humongous, Frag: 54% external, 5% internal; Reserve: 13312K, Max: 256K
[895.538s][info][gc,start       ] GC(6731) Concurrent reset
[895.538s][info][gc,task        ] GC(6731) Using 6 of 24 workers for concurrent reset
[895.538s][info][gc,ergo        ] GC(6731) Pacer for Reset. Non-Taxable: 256M
[895.539s][info][gc             ] GC(6731) Concurrent reset 0.646ms
[895.539s][info][gc,start       ] GC(6731) Pause Init Mark
[895.539s][info][gc,task        ] GC(6731) Using 6 of 24 workers for init marking
[895.541s][info][gc,ergo        ] GC(6731) Pacer for Mark. Expected Live: 10663K, Free: 68459K, Non-Taxable: 6845K, Alloc Tax Rate: 0.2x
[895.541s][info][gc             ] GC(6731) Pause Init Mark 2.336ms
[895.541s][info][gc,start       ] GC(6731) Concurrent marking
[895.541s][info][gc,task        ] GC(6731) Using 6 of 24 workers for concurrent marking
[895.607s][info][gc             ] GC(6731) Concurrent marking 65.946ms
[895.608s][info][gc,start       ] GC(6731) Pause Final Mark
[895.608s][info][gc,task        ] GC(6731) Using 6 of 24 workers for final marking
[895.609s][info][gc,ergo        ] GC(6731) Collectable Garbage: 159M (100%), Immediate: 158M (99%), CSet: 1004K (0%)
[895.612s][info][gc,ergo        ] GC(6731) Pacer for Evacuation. Used CSet: 4864K, Free: 188M, Non-Taxable: 19313K, Alloc Tax Rate: 1.1x
[895.612s][info][gc             ] GC(6731) Pause Final Mark 4.698ms
[895.612s][info][gc,start       ] GC(6731) Concurrent cleanup
[895.635s][info][gc             ] GC(6731) Concurrent cleanup 211M->72M(256M) 22.379ms
[895.635s][info][gc,ergo        ] GC(6731) Free: 168M, Max: 256K regular, 75520K humongous, Frag: 57% external, 1% internal; Reserve: 12541K, Max: 256K
[895.635s][info][gc,start       ] GC(6731) Concurrent evacuation
[895.635s][info][gc,task        ] GC(6731) Using 6 of 24 workers for concurrent evacuation
[895.638s][info][gc             ] GC(6731) Concurrent evacuation 3.360ms
[895.638s][info][gc,start       ] GC(6731) Pause Init Update Refs
[895.639s][info][gc,ergo        ] GC(6731) Pacer for Update Refs. Used: 78484K, Free: 168M, Non-Taxable: 17239K, Alloc Tax Rate: 1.1x
[895.639s][info][gc             ] GC(6731) Pause Init Update Refs 0.266ms
[895.639s][info][gc,start       ] GC(6731) Concurrent update references
[895.639s][info][gc,task        ] GC(6731) Using 6 of 24 workers for concurrent reference update
[895.656s][info][gc             ] GC(6731) Concurrent update references 17.485ms
[895.657s][info][gc,start       ] GC(6731) Pause Final Update Refs
[895.657s][info][gc,task        ] GC(6731) Using 6 of 24 workers for final reference update
[895.657s][info][gc             ] GC(6731) Pause Final Update Refs 0.296ms
[895.657s][info][gc,start       ] GC(6731) Concurrent cleanup
[895.658s][info][gc             ] GC(6731) Concurrent cleanup 133M->128M(256M) 0.759ms
[895.658s][info][gc             ] GC(6731) Dat log --- cycle is complete
Current gc epoch: 5462
heap: ______
capacity: 268435456
used: 135156976
committed: 268435456
bytes_allocated_since_gc_start: 131072528
hot_size: 0
cold_size: 3323787
num_regions: 1024
hot_region_count: 18446744073709406885
cold_region_count: 144750
histogram: Placeholder

[895.658s][info][gc             ] GC(6731) Obj count ac histogram
[895.658s][info][gc             ] GC(6731) 	0: 214330
[895.658s][info][gc             ] GC(6731) 	1: 15
[895.658s][info][gc             ] GC(6731) 	2: 2
[895.658s][info][gc             ] GC(6731) 	3: 0
[895.658s][info][gc             ] GC(6731) 	4: 0
[895.658s][info][gc             ] GC(6731) 	5: 0
[895.658s][info][gc             ] GC(6731) 	6: 0
[895.658s][info][gc             ] GC(6731) 	7: 0
[895.658s][info][gc             ] GC(6731) 	8: 0
[895.658s][info][gc             ] GC(6731) 	9: 0
[895.658s][info][gc             ] GC(6731) 	10: 0
[895.658s][info][gc             ] GC(6731) 	11: 0
[895.658s][info][gc             ] GC(6731) 	12: 0
[895.658s][info][gc             ] GC(6731) 	13: 0
[895.658s][info][gc             ] GC(6731) 	14: 0
[895.658s][info][gc             ] GC(6731) 	15: 0
[895.658s][info][gc             ] GC(6731) 	16: 0
[895.658s][info][gc             ] GC(6731) 	17: 0
[895.658s][info][gc             ] GC(6731) 	18: 0
[895.658s][info][gc             ] GC(6731) 	19: 0
[895.658s][info][gc             ] GC(6731) Obj size ac histogram
[895.658s][info][gc             ] GC(6731) 	0: 1406814
[895.658s][info][gc             ] GC(6731) 	1: 720
[895.658s][info][gc             ] GC(6731) 	2: 14
[895.658s][info][gc             ] GC(6731) 	3: 0
[895.658s][info][gc             ] GC(6731) 	4: 0
[895.658s][info][gc             ] GC(6731) 	5: 0
[895.658s][info][gc             ] GC(6731) 	6: 0
[895.658s][info][gc             ] GC(6731) 	7: 0
[895.658s][info][gc             ] GC(6731) 	8: 0
[895.658s][info][gc             ] GC(6731) 	9: 0
[895.658s][info][gc             ] GC(6731) 	10: 0
[895.658s][info][gc             ] GC(6731) 	11: 0
[895.658s][info][gc             ] GC(6731) 	12: 0
[895.658s][info][gc             ] GC(6731) 	13: 0
[895.658s][info][gc             ] GC(6731) 	14: 0
[895.658s][info][gc             ] GC(6731) 	15: 0
[895.658s][info][gc             ] GC(6731) 	16: 0
[895.658s][info][gc             ] GC(6731) 	17: 0
[895.658s][info][gc             ] GC(6731) 	18: 0
[895.658s][info][gc             ] GC(6731) 	19: 0
[895.658s][info][gc,ergo        ] Free: 108M, Max: 256K regular, 58368K humongous, Frag: 48% external, 3% internal; Reserve: 13312K, Max: 256K
[895.658s][info][gc,stats       ] 
[895.658s][info][gc,stats       ] All times are wall-clock times, except per-root-class counters, that are sum over
[895.658s][info][gc,stats       ] all workers. Dividing the <total> over the root stage time estimates parallelism.
[895.658s][info][gc,stats       ] 
[895.658s][info][gc,stats       ] Concurrent Reset                    635 us
[895.658s][info][gc,stats       ] Pause Init Mark (G)                2676 us
[895.658s][info][gc,stats       ] Pause Init Mark (N)                2289 us
[895.658s][info][gc,stats       ]   Accumulate Stats                    6 us
[895.658s][info][gc,stats       ]   Make Parsable                      44 us
[895.658s][info][gc,stats       ]   Update Region States               16 us
[895.658s][info][gc,stats       ]   Scan Roots                       1416 us, parallelism: 2.26x
[895.658s][info][gc,stats       ]     S: <total>                     3197 us
[895.658s][info][gc,stats       ]     S: Thread Roots                 537 us, workers (us): 122,   1,   2,   2, 320,  91, ---, ---, ---, ---, ---, ---, ---, ---, ---, ---, ---, ---, ---, ---, ---, ---, ---, ---, 
[895.658s][info][gc,stats       ]     S: Universe Roots                33 us, workers (us):  33, ---, ---, ---, ---, ---, ---, ---, ---, ---, ---, ---, ---, ---, ---, ---, ---, ---, ---, ---, ---, ---, ---, ---, 
[895.658s][info][gc,stats       ]     S: JNI Handles Roots             29 us, workers (us): ---,  29, ---, ---, ---, ---, ---, ---, ---, ---, ---, ---, ---, ---, ---, ---, ---, ---, ---, ---, ---, ---, ---, ---, 
[895.659s][info][gc,stats       ]     S: Synchronizer Roots             0 us, workers (us):   0, ---, ---, ---, ---, ---, ---, ---, ---, ---, ---, ---, ---, ---, ---, ---, ---, ---, ---, ---, ---, ---, ---, ---, 
[895.659s][info][gc,stats       ]     S: Management Roots               2 us, workers (us):   2, ---, ---, ---, ---, ---, ---, ---, ---, ---, ---, ---, ---, ---, ---, ---, ---, ---, ---, ---, ---, ---, ---, ---, 
[895.659s][info][gc,stats       ]     S: System Dict Roots             47 us, workers (us):  47, ---, ---, ---, ---, ---, ---, ---, ---, ---, ---, ---, ---, ---, ---, ---, ---, ---, ---, ---, ---, ---, ---, ---, 
[895.659s][info][gc,stats       ]     S: CLDG Roots                  2547 us, workers (us): ---, 1239, 1107, 201, ---, ---, ---, ---, ---, ---, ---, ---, ---, ---, ---, ---, ---, ---, ---, ---, ---, ---, ---, ---, 
[895.659s][info][gc,stats       ]     S: JVMTI Roots                    1 us, workers (us): ---,   1, ---, ---, ---, ---, ---, ---, ---, ---, ---, ---, ---, ---, ---, ---, ---, ---, ---, ---, ---, ---, ---, ---, 
[895.659s][info][gc,stats       ]   Resize TLABs                        5 us
[895.659s][info][gc,stats       ] Concurrent Marking                65893 us
[895.659s][info][gc,stats       ] Pause Final Mark (G)               5074 us
[895.659s][info][gc,stats       ] Pause Final Mark (N)               4646 us
[895.659s][info][gc,stats       ]   Finish Queues                     171 us
[895.659s][info][gc,stats       ]   System Purge                      260 us
[895.659s][info][gc,stats       ]     Weak Roots                      258 us
[895.659s][info][gc,stats       ]   Update Region States               40 us
[895.659s][info][gc,stats       ]   Retire TLABs                       53 us
[895.659s][info][gc,stats       ]   Choose Collection Set             731 us
[895.659s][info][gc,stats       ]   Rebuild Free Set                   40 us
[895.659s][info][gc,stats       ]   Initial Evacuation               3325 us, parallelism: 1.45x
[895.659s][info][gc,stats       ]     E: <total>                     4805 us
[895.659s][info][gc,stats       ]     E: Thread Roots                  94 us, workers (us):  51,  39,   1,   1,   1,   1, ---, ---, ---, ---, ---, ---, ---, ---, ---, ---, ---, ---, ---, ---, ---, ---, ---, ---, 
[895.659s][info][gc,stats       ]     E: Code Cache Roots            3986 us, workers (us): 240, 585, 458, 705, 828, 1170, ---, ---, ---, ---, ---, ---, ---, ---, ---, ---, ---, ---, ---, ---, ---, ---, ---, ---, 
[895.659s][info][gc,stats       ]     E: Universe Roots                 2 us, workers (us):   2, ---, ---, ---, ---, ---, ---, ---, ---, ---, ---, ---, ---, ---, ---, ---, ---, ---, ---, ---, ---, ---, ---, ---, 
[895.659s][info][gc,stats       ]     E: JNI Handles Roots              1 us, workers (us):   1, ---, ---, ---, ---, ---, ---, ---, ---, ---, ---, ---, ---, ---, ---, ---, ---, ---, ---, ---, ---, ---, ---, ---, 
[895.659s][info][gc,stats       ]     E: Synchronizer Roots             0 us, workers (us):   0, ---, ---, ---, ---, ---, ---, ---, ---, ---, ---, ---, ---, ---, ---, ---, ---, ---, ---, ---, ---, ---, ---, ---, 
[895.659s][info][gc,stats       ]     E: Management Roots               1 us, workers (us):   1, ---, ---, ---, ---, ---, ---, ---, ---, ---, ---, ---, ---, ---, ---, ---, ---, ---, ---, ---, ---, ---, ---, ---, 
[895.659s][info][gc,stats       ]     E: System Dict Roots             21 us, workers (us):  21, ---, ---, ---, ---, ---, ---, ---, ---, ---, ---, ---, ---, ---, ---, ---, ---, ---, ---, ---, ---, ---, ---, ---, 
[895.659s][info][gc,stats       ]     E: CLDG Roots                   700 us, workers (us): 379,  48, 272, ---, ---, ---, ---, ---, ---, ---, ---, ---, ---, ---, ---, ---, ---, ---, ---, ---, ---, ---, ---, ---, 
[895.659s][info][gc,stats       ]     E: JVMTI Roots                    0 us, workers (us):   0, ---, ---, ---, ---, ---, ---, ---, ---, ---, ---, ---, ---, ---, ---, ---, ---, ---, ---, ---, ---, ---, ---, ---, 
[895.659s][info][gc,stats       ] Concurrent Cleanup                22328 us
[895.659s][info][gc,stats       ] Concurrent Evacuation              3349 us
[895.659s][info][gc,stats       ] Pause Init  Update Refs (G)         579 us
[895.659s][info][gc,stats       ] Pause Init  Update Refs (N)         212 us
[895.659s][info][gc,stats       ]   Retire GCLABs                     181 us
[895.659s][info][gc,stats       ] Concurrent Update Refs            17450 us
[895.659s][info][gc,stats       ] Pause Final Update Refs (G)         925 us
[895.659s][info][gc,stats       ] Pause Final Update Refs (N)         235 us
[895.659s][info][gc,stats       ]   Update Roots                      138 us, parallelism: 1.37x
[895.659s][info][gc,stats       ]     UR: <total>                     189 us
[895.659s][info][gc,stats       ]     UR: Thread Roots                189 us, workers (us):  91,  80,  18,   0,   0,   0, ---, ---, ---, ---, ---, ---, ---, ---, ---, ---, ---, ---, ---, ---, ---, ---, ---, ---, 
[895.659s][info][gc,stats       ]   Update Region States               31 us
[895.659s][info][gc,stats       ]   Trash Collection Set               11 us
[895.659s][info][gc,stats       ]   Rebuild Free Set                   32 us
[895.659s][info][gc,stats       ] Concurrent Cleanup                  736 us
[895.659s][info][gc,stats       ] Pacing                            86669 us
[895.659s][info][gc,stats       ] 
[895.659s][info][gc,stats       ] Allocation pacing accrued:
[895.659s][info][gc,stats       ]      87 of   122 ms ( 71.0%): pl.nadoba.jvm.gc.benchmark.App.main()
[895.659s][info][gc,stats       ]      87 of   122 ms ( 71.0%): <total>
[895.659s][info][gc,stats       ]       9 of   122 ms (  7.1%): <average total>
[895.659s][info][gc,stats       ]      87 of   122 ms ( 71.0%): <average non-zero>
[895.659s][info][gc,stats       ] 
[895.659s][info][gc,metaspace   ] Metaspace: 24281K->24281K(1071104K)
[895.659s][info][gc,ergo        ] Pacer for Idle. Initial: 5242K, Alloc Tax Rate: 1.0x
[895.660s][info][gc             ] Trigger: Start next cycle immediately
[895.660s][info][gc,ergo        ] Free: 103M, Max: 256K regular, 52992K humongous, Frag: 50% external, 3% internal; Reserve: 13312K, Max: 256K
[895.660s][info][gc,start       ] GC(6732) Concurrent reset
[895.660s][info][gc,task        ] GC(6732) Using 6 of 24 workers for concurrent reset
[895.660s][info][gc,ergo        ] GC(6732) Pacer for Reset. Non-Taxable: 256M
[895.661s][info][gc             ] GC(6732) Concurrent reset 0.676ms
[895.661s][info][gc,start       ] GC(6732) Pause Init Mark
[895.661s][info][gc,task        ] GC(6732) Using 6 of 24 workers for init marking
[895.664s][info][gc,ergo        ] GC(6732) Pacer for Mark. Expected Live: 9434K, Free: 103M, Non-Taxable: 10583K, Alloc Tax Rate: 0.1x
[895.664s][info][gc             ] GC(6732) Pause Init Mark 2.535ms
[895.664s][info][gc,start       ] GC(6732) Concurrent marking
[895.664s][info][gc,task        ] GC(6732) Using 6 of 24 workers for concurrent marking
[895.705s][info][gc             ] GC(6732) Concurrent marking 41.623ms
[895.706s][info][gc,start       ] GC(6732) Pause Final Mark
[895.706s][info][gc,task        ] GC(6732) Using 6 of 24 workers for final marking
[895.708s][info][gc,ergo        ] GC(6732) Collectable Garbage: 125M (100%), Immediate: 124M (99%), CSet: 1260K (0%)
[895.712s][info][gc,ergo        ] GC(6732) Pacer for Evacuation. Used CSet: 5120K, Free: 195M, Non-Taxable: 20029K, Alloc Tax Rate: 1.1x
[895.712s][info][gc             ] GC(6732) Pause Final Mark 5.455ms
[895.712s][info][gc,start       ] GC(6732) Concurrent cleanup
[895.731s][info][gc             ] GC(6732) Concurrent cleanup 170M->70M(256M) 19.037ms
[895.731s][info][gc,ergo        ] GC(6732) Free: 170M, Max: 256K regular, 102M humongous, Frag: 40% external, 1% internal; Reserve: 12525K, Max: 256K
[895.731s][info][gc,start       ] GC(6732) Concurrent evacuation
[895.731s][info][gc,task        ] GC(6732) Using 6 of 24 workers for concurrent evacuation
[895.735s][info][gc             ] GC(6732) Concurrent evacuation 4.412ms
[895.735s][info][gc,start       ] GC(6732) Pause Init Update Refs
[895.736s][info][gc,ergo        ] GC(6732) Pacer for Update Refs. Used: 76692K, Free: 170M, Non-Taxable: 17418K, Alloc Tax Rate: 1.1x
[895.736s][info][gc             ] GC(6732) Pause Init Update Refs 0.182ms
[895.736s][info][gc,start       ] GC(6732) Concurrent update references
[895.736s][info][gc,task        ] GC(6732) Using 6 of 24 workers for concurrent reference update
[895.752s][info][gc             ] GC(6732) Concurrent update references 16.294ms
[895.753s][info][gc,start       ] GC(6732) Pause Final Update Refs
[895.753s][info][gc,task        ] GC(6732) Using 6 of 24 workers for final reference update
[895.753s][info][gc             ] GC(6732) Pause Final Update Refs 0.260ms
[895.754s][info][gc,start       ] GC(6732) Concurrent cleanup
[895.754s][info][gc             ] GC(6732) Concurrent cleanup 130M->125M(256M) 0.900ms
[895.754s][info][gc             ] GC(6732) Dat log --- cycle is complete
Current gc epoch: 5463
heap: ______
capacity: 268435456
used: 132011248
committed: 268435456
bytes_allocated_since_gc_start: 127926800
hot_size: 0
cold_size: 3061643
num_regions: 1024
hot_region_count: 18446744073709406866
cold_region_count: 144769
histogram: Placeholder

[895.754s][info][gc             ] GC(6732) Obj count ac histogram
[895.754s][info][gc             ] GC(6732) 	0: 178822
[895.754s][info][gc             ] GC(6732) 	1: 15
[895.754s][info][gc             ] GC(6732) 	2: 2
[895.754s][info][gc             ] GC(6732) 	3: 0
[895.755s][info][gc             ] GC(6732) 	4: 0
[895.755s][info][gc             ] GC(6732) 	5: 0
[895.755s][info][gc             ] GC(6732) 	6: 0
[895.755s][info][gc             ] GC(6732) 	7: 0
[895.755s][info][gc             ] GC(6732) 	8: 0
[895.755s][info][gc             ] GC(6732) 	9: 0
[895.755s][info][gc             ] GC(6732) 	10: 0
[895.755s][info][gc             ] GC(6732) 	11: 0
[895.755s][info][gc             ] GC(6732) 	12: 0
[895.755s][info][gc             ] GC(6732) 	13: 0
[895.755s][info][gc             ] GC(6732) 	14: 0
[895.755s][info][gc             ] GC(6732) 	15: 0
[895.755s][info][gc             ] GC(6732) 	16: 0
[895.755s][info][gc             ] GC(6732) 	17: 0
[895.755s][info][gc             ] GC(6732) 	18: 0
[895.755s][info][gc             ] GC(6732) 	19: 0
[895.755s][info][gc             ] GC(6732) Obj size ac histogram
[895.755s][info][gc             ] GC(6732) 	0: 2154625
[895.755s][info][gc             ] GC(6732) 	1: 720
[895.755s][info][gc             ] GC(6732) 	2: 14
[895.755s][info][gc             ] GC(6732) 	3: 0
[895.755s][info][gc             ] GC(6732) 	4: 0
[895.755s][info][gc             ] GC(6732) 	5: 0
[895.755s][info][gc             ] GC(6732) 	6: 0
[895.755s][info][gc             ] GC(6732) 	7: 0
[895.755s][info][gc             ] GC(6732) 	8: 0
[895.755s][info][gc             ] GC(6732) 	9: 0
[895.755s][info][gc             ] GC(6732) 	10: 0
[895.755s][info][gc             ] GC(6732) 	11: 0
[895.755s][info][gc             ] GC(6732) 	12: 0
[895.755s][info][gc             ] GC(6732) 	13: 0
[895.755s][info][gc             ] GC(6732) 	14: 0
[895.755s][info][gc             ] GC(6732) 	15: 0
[895.755s][info][gc             ] GC(6732) 	16: 0
[895.755s][info][gc             ] GC(6732) 	17: 0
[895.755s][info][gc             ] GC(6732) 	18: 0
[895.755s][info][gc             ] GC(6732) 	19: 0
[895.755s][info][gc,ergo        ] Free: 111M, Max: 256K regular, 102M humongous, Frag: 8% external, 3% internal; Reserve: 13312K, Max: 256K
[895.755s][info][gc,stats       ] 
[895.755s][info][gc,stats       ] All times are wall-clock times, except per-root-class counters, that are sum over
[895.755s][info][gc,stats       ] all workers. Dividing the <total> over the root stage time estimates parallelism.
[895.755s][info][gc,stats       ] 
[895.755s][info][gc,stats       ] Concurrent Reset                    659 us
[895.755s][info][gc,stats       ] Pause Init Mark (G)                2908 us
[895.755s][info][gc,stats       ] Pause Init Mark (N)                2488 us
[895.755s][info][gc,stats       ]   Accumulate Stats                    6 us
[895.755s][info][gc,stats       ]   Make Parsable                      56 us
[895.755s][info][gc,stats       ]   Update Region States               17 us
[895.755s][info][gc,stats       ]   Scan Roots                       1446 us, parallelism: 2.15x
[895.755s][info][gc,stats       ]     S: <total>                     3109 us
[895.755s][info][gc,stats       ]     S: Thread Roots                 513 us, workers (us):   2,   1,   1, 277,  97, 135, ---, ---, ---, ---, ---, ---, ---, ---, ---, ---, ---, ---, ---, ---, ---, ---, ---, ---, 
[895.755s][info][gc,stats       ]     S: Universe Roots                19 us, workers (us):  19, ---, ---, ---, ---, ---, ---, ---, ---, ---, ---, ---, ---, ---, ---, ---, ---, ---, ---, ---, ---, ---, ---, ---, 
[895.755s][info][gc,stats       ]     S: JNI Handles Roots             11 us, workers (us):  11, ---, ---, ---, ---, ---, ---, ---, ---, ---, ---, ---, ---, ---, ---, ---, ---, ---, ---, ---, ---, ---, ---, ---, 
[895.755s][info][gc,stats       ]     S: Synchronizer Roots             0 us, workers (us): ---,   0, ---, ---, ---, ---, ---, ---, ---, ---, ---, ---, ---, ---, ---, ---, ---, ---, ---, ---, ---, ---, ---, ---, 
[895.755s][info][gc,stats       ]     S: Management Roots               2 us, workers (us): ---,   2, ---, ---, ---, ---, ---, ---, ---, ---, ---, ---, ---, ---, ---, ---, ---, ---, ---, ---, ---, ---, ---, ---, 
[895.755s][info][gc,stats       ]     S: System Dict Roots             23 us, workers (us): ---,  23, ---, ---, ---, ---, ---, ---, ---, ---, ---, ---, ---, ---, ---, ---, ---, ---, ---, ---, ---, ---, ---, ---, 
[895.755s][info][gc,stats       ]     S: CLDG Roots                  2540 us, workers (us): 1111, 1219, 210, ---, ---, ---, ---, ---, ---, ---, ---, ---, ---, ---, ---, ---, ---, ---, ---, ---, ---, ---, ---, ---, 
[895.755s][info][gc,stats       ]     S: JVMTI Roots                    1 us, workers (us):   1, ---, ---, ---, ---, ---, ---, ---, ---, ---, ---, ---, ---, ---, ---, ---, ---, ---, ---, ---, ---, ---, ---, ---, 
[895.755s][info][gc,stats       ]   Resize TLABs                        7 us
[895.755s][info][gc,stats       ] Concurrent Marking                41567 us
[895.755s][info][gc,stats       ] Pause Final Mark (G)               6322 us
[895.755s][info][gc,stats       ] Pause Final Mark (N)               5402 us
[895.755s][info][gc,stats       ]   Finish Queues                     206 us
[895.755s][info][gc,stats       ]   System Purge                      324 us
[895.755s][info][gc,stats       ]     Weak Roots                      322 us
[895.755s][info][gc,stats       ]   Update Region States               49 us
[895.755s][info][gc,stats       ]   Retire TLABs                       67 us
[895.755s][info][gc,stats       ]   Choose Collection Set             798 us
[895.755s][info][gc,stats       ]   Rebuild Free Set                   61 us
[895.755s][info][gc,stats       ]   Initial Evacuation               3866 us, parallelism: 1.24x
[895.755s][info][gc,stats       ]     E: <total>                     4809 us
[895.755s][info][gc,stats       ]     E: Thread Roots                 232 us, workers (us): 147,  28,  53,   2,   1,   2, ---, ---, ---, ---, ---, ---, ---, ---, ---, ---, ---, ---, ---, ---, ---, ---, ---, ---, 
[895.755s][info][gc,stats       ]     E: Code Cache Roots            3849 us, workers (us): 576, 330, 688, 1048, 733, 474, ---, ---, ---, ---, ---, ---, ---, ---, ---, ---, ---, ---, ---, ---, ---, ---, ---, ---, 
[895.755s][info][gc,stats       ]     E: Universe Roots                 4 us, workers (us):   4, ---, ---, ---, ---, ---, ---, ---, ---, ---, ---, ---, ---, ---, ---, ---, ---, ---, ---, ---, ---, ---, ---, ---, 
[895.755s][info][gc,stats       ]     E: JNI Handles Roots              3 us, workers (us): ---,   3, ---, ---, ---, ---, ---, ---, ---, ---, ---, ---, ---, ---, ---, ---, ---, ---, ---, ---, ---, ---, ---, ---, 
[895.755s][info][gc,stats       ]     E: Synchronizer Roots             0 us, workers (us):   0, ---, ---, ---, ---, ---, ---, ---, ---, ---, ---, ---, ---, ---, ---, ---, ---, ---, ---, ---, ---, ---, ---, ---, 
[895.755s][info][gc,stats       ]     E: Management Roots               2 us, workers (us):   2, ---, ---, ---, ---, ---, ---, ---, ---, ---, ---, ---, ---, ---, ---, ---, ---, ---, ---, ---, ---, ---, ---, ---, 
[895.755s][info][gc,stats       ]     E: System Dict Roots             10 us, workers (us):  10, ---, ---, ---, ---, ---, ---, ---, ---, ---, ---, ---, ---, ---, ---, ---, ---, ---, ---, ---, ---, ---, ---, ---, 
[895.755s][info][gc,stats       ]     E: CLDG Roots                   707 us, workers (us):  61, 388, ---, ---, ---, 259, ---, ---, ---, ---, ---, ---, ---, ---, ---, ---, ---, ---, ---, ---, ---, ---, ---, ---, 
[895.755s][info][gc,stats       ]     E: JVMTI Roots                    1 us, workers (us): ---,   1, ---, ---, ---, ---, ---, ---, ---, ---, ---, ---, ---, ---, ---, ---, ---, ---, ---, ---, ---, ---, ---, ---, 
[895.755s][info][gc,stats       ] Concurrent Cleanup                18987 us
[895.755s][info][gc,stats       ] Concurrent Evacuation              4400 us
[895.755s][info][gc,stats       ] Pause Init  Update Refs (G)         397 us
[895.755s][info][gc,stats       ] Pause Init  Update Refs (N)         154 us
[895.755s][info][gc,stats       ]   Retire GCLABs                     137 us
[895.756s][info][gc,stats       ] Concurrent Update Refs            16262 us
[895.756s][info][gc,stats       ] Pause Final Update Refs (G)        1553 us
[895.756s][info][gc,stats       ] Pause Final Update Refs (N)         224 us
[895.756s][info][gc,stats       ]   Update Roots                      163 us, parallelism: 1.50x
[895.756s][info][gc,stats       ]     UR: <total>                     245 us
[895.756s][info][gc,stats       ]     UR: Thread Roots                245 us, workers (us): 117,  61,  25,   7,  30,   4, ---, ---, ---, ---, ---, ---, ---, ---, ---, ---, ---, ---, ---, ---, ---, ---, ---, ---, 
[895.756s][info][gc,stats       ]   Update Region States               23 us
[895.756s][info][gc,stats       ]   Trash Collection Set                6 us
[895.756s][info][gc,stats       ]   Rebuild Free Set                   18 us
[895.756s][info][gc,stats       ] Concurrent Cleanup                  850 us
[895.756s][info][gc,stats       ] Pacing                            59133 us
[895.756s][info][gc,stats       ] 
[895.756s][info][gc,stats       ] Allocation pacing accrued:
[895.756s][info][gc,stats       ]      59 of    97 ms ( 61.1%): pl.nadoba.jvm.gc.benchmark.App.main()
[895.756s][info][gc,stats       ]      59 of    97 ms ( 61.1%): <total>
[895.756s][info][gc,stats       ]       6 of    97 ms (  6.1%): <average total>
[895.756s][info][gc,stats       ]      59 of    97 ms ( 61.1%): <average non-zero>
[895.756s][info][gc,stats       ] 
[895.756s][info][gc,metaspace   ] Metaspace: 24281K->24281K(1071104K)
[895.756s][info][gc,ergo        ] Pacer for Idle. Initial: 5242K, Alloc Tax Rate: 1.0x
[895.757s][info][gc             ] Trigger: Start next cycle immediately
[895.757s][info][gc,ergo        ] Free: 111M, Max: 256K regular, 102M humongous, Frag: 8% external, 3% internal; Reserve: 13312K, Max: 256K
[895.757s][info][gc,start       ] GC(6733) Concurrent reset
[895.757s][info][gc,task        ] GC(6733) Using 6 of 24 workers for concurrent reset
[895.757s][info][gc,ergo        ] GC(6733) Pacer for Reset. Non-Taxable: 256M
[895.758s][info][gc             ] GC(6733) Concurrent reset 0.678ms
[895.758s][info][gc,start       ] GC(6733) Pause Init Mark (process weakrefs) (unload classes)
[895.758s][info][gc,task        ] GC(6733) Using 6 of 24 workers for init marking
[895.759s][info][gc,ergo        ] GC(6733) Pacer for Mark. Expected Live: 9434K, Free: 111M, Non-Taxable: 11428K, Alloc Tax Rate: 0.1x
[895.759s][info][gc             ] GC(6733) Pause Init Mark (process weakrefs) (unload classes) 1.400ms
[895.759s][info][gc,start       ] GC(6733) Concurrent marking (process weakrefs) (unload classes)
[895.759s][info][gc,task        ] GC(6733) Using 6 of 24 workers for concurrent marking
[895.825s][info][gc             ] GC(6733) Concurrent marking (process weakrefs) (unload classes) 66.068ms
[895.825s][info][gc,start       ] GC(6733) Concurrent precleaning
[895.825s][info][gc,task        ] GC(6733) Using 1 of 24 workers for concurrent preclean
[895.825s][info][gc,ergo        ] GC(6733) Pacer for Precleaning. Non-Taxable: 256M
[895.829s][info][gc             ] GC(6733) Concurrent precleaning 4.142ms
[895.830s][info][gc,start       ] GC(6733) Pause Final Mark (process weakrefs) (unload classes)
[895.830s][info][gc,task        ] GC(6733) Using 6 of 24 workers for final marking
[895.883s][info][gc,stringtable ] GC(6733) Cleaned string and symbol table, strings: 8172 processed, 0 removed, symbols: 68000 processed, 0 removed
[895.883s][info][gc,ergo        ] GC(6733) Collectable Garbage: 117M (100%), Immediate: 116M (98%), CSet: 1260K (1%)
[895.886s][info][gc,ergo        ] GC(6733) Pacer for Evacuation. Used CSet: 5120K, Free: 167M, Non-Taxable: 17111K, Alloc Tax Rate: 1.1x
[895.886s][info][gc             ] GC(6733) Pause Final Mark (process weakrefs) (unload classes) 55.909ms
[895.886s][info][gc,start       ] GC(6733) Concurrent cleanup
[895.903s][info][gc             ] GC(6733) Concurrent cleanup 189M->91M(256M) 17.540ms
[895.903s][info][gc,ergo        ] GC(6733) Free: 147M, Max: 256K regular, 66560K humongous, Frag: 56% external, 1% internal; Reserve: 12637K, Max: 256K
[895.903s][info][gc,start       ] GC(6733) Concurrent evacuation
[895.903s][info][gc,task        ] GC(6733) Using 6 of 24 workers for concurrent evacuation
[895.906s][info][gc             ] GC(6733) Concurrent evacuation 2.666ms
[895.906s][info][gc,start       ] GC(6733) Pause Init Update Refs
[895.906s][info][gc,ergo        ] GC(6733) Pacer for Update Refs. Used: 97940K, Free: 147M, Non-Taxable: 15140K, Alloc Tax Rate: 1.1x
[895.906s][info][gc             ] GC(6733) Pause Init Update Refs 0.224ms
[895.906s][info][gc,start       ] GC(6733) Concurrent update references
[895.906s][info][gc,task        ] GC(6733) Using 6 of 24 workers for concurrent reference update
[895.923s][info][gc             ] GC(6733) Concurrent update references 16.254ms
[895.924s][info][gc,start       ] GC(6733) Pause Final Update Refs
[895.924s][info][gc,task        ] GC(6733) Using 6 of 24 workers for final reference update
[895.925s][info][gc             ] GC(6733) Pause Final Update Refs 0.296ms
[895.925s][info][gc,start       ] GC(6733) Concurrent cleanup
[895.926s][info][gc             ] GC(6733) Concurrent cleanup 149M->144M(256M) 0.857ms
[895.926s][info][gc             ] GC(6733) Dat log --- cycle is complete
Current gc epoch: 5464
heap: ______
capacity: 268435456
used: 151672080
committed: 268435456
bytes_allocated_since_gc_start: 148636176
hot_size: 0
cold_size: 3002243
num_regions: 1024
hot_region_count: 18446744073709406847
cold_region_count: 144787
histogram: Placeholder

[895.926s][info][gc             ] GC(6733) Obj count ac histogram
[895.926s][info][gc             ] GC(6733) 	0: 203292
[895.926s][info][gc             ] GC(6733) 	1: 15
[895.926s][info][gc             ] GC(6733) 	2: 4204
[895.926s][info][gc             ] GC(6733) 	3: 4464
[895.926s][info][gc             ] GC(6733) 	4: 869
[895.926s][info][gc             ] GC(6733) 	5: 15
[895.926s][info][gc             ] GC(6733) 	6: 0
[895.926s][info][gc             ] GC(6733) 	7: 0
[895.926s][info][gc             ] GC(6733) 	8: 0
[895.926s][info][gc             ] GC(6733) 	9: 0
[895.926s][info][gc             ] GC(6733) 	10: 0
[895.926s][info][gc             ] GC(6733) 	11: 0
[895.926s][info][gc             ] GC(6733) 	12: 0
[895.926s][info][gc             ] GC(6733) 	13: 0
[895.926s][info][gc             ] GC(6733) 	14: 0
[895.926s][info][gc             ] GC(6733) 	15: 0
[895.926s][info][gc             ] GC(6733) 	16: 0
[895.926s][info][gc             ] GC(6733) 	17: 0
[895.926s][info][gc             ] GC(6733) 	18: 0
[895.926s][info][gc             ] GC(6733) 	19: 0
[895.926s][info][gc             ] GC(6733) Obj size ac histogram
[895.926s][info][gc             ] GC(6733) 	0: 2226719
[895.926s][info][gc             ] GC(6733) 	1: 720
[895.926s][info][gc             ] GC(6733) 	2: 54077
[895.926s][info][gc             ] GC(6733) 	3: 41516
[895.926s][info][gc             ] GC(6733) 	4: 5369
[895.926s][info][gc             ] GC(6733) 	5: 150
[895.926s][info][gc             ] GC(6733) 	6: 0
[895.926s][info][gc             ] GC(6733) 	7: 0
[895.926s][info][gc             ] GC(6733) 	8: 0
[895.926s][info][gc             ] GC(6733) 	9: 0
[895.926s][info][gc             ] GC(6733) 	10: 0
[895.926s][info][gc             ] GC(6733) 	11: 0
[895.926s][info][gc             ] GC(6733) 	12: 0
[895.926s][info][gc             ] GC(6733) 	13: 0
[895.926s][info][gc             ] GC(6733) 	14: 0
[895.926s][info][gc             ] GC(6733) 	15: 0
[895.926s][info][gc             ] GC(6733) 	16: 0
[895.926s][info][gc             ] GC(6733) 	17: 0
[895.926s][info][gc             ] GC(6733) 	18: 0
[895.926s][info][gc             ] GC(6733) 	19: 0
[895.926s][info][gc,ergo        ] Free: 94315K, Max: 256K regular, 42240K humongous, Frag: 56% external, 4% internal; Reserve: 13312K, Max: 256K
[895.926s][info][gc,stats       ] 
[895.926s][info][gc,stats       ] All times are wall-clock times, except per-root-class counters, that are sum over
[895.926s][info][gc,stats       ] all workers. Dividing the <total> over the root stage time estimates parallelism.
[895.926s][info][gc,stats       ] 
[895.926s][info][gc,stats       ] Concurrent Reset                    661 us
[895.926s][info][gc,stats       ] Pause Init Mark (G)                1566 us
[895.926s][info][gc,stats       ] Pause Init Mark (N)                1380 us
[895.926s][info][gc,stats       ]   Accumulate Stats                    6 us
[895.926s][info][gc,stats       ]   Make Parsable                      50 us
[895.926s][info][gc,stats       ]   Update Region States               15 us
[895.926s][info][gc,stats       ]   Scan Roots                        666 us, parallelism: 1.44x
[895.926s][info][gc,stats       ]     S: <total>                      960 us
[895.926s][info][gc,stats       ]     S: Thread Roots                 295 us, workers (us):  25,  47,  28,   1,  26, 169, ---, ---, ---, ---, ---, ---, ---, ---, ---, ---, ---, ---, ---, ---, ---, ---, ---, ---, 
[895.926s][info][gc,stats       ]     S: Universe Roots                51 us, workers (us):  51, ---, ---, ---, ---, ---, ---, ---, ---, ---, ---, ---, ---, ---, ---, ---, ---, ---, ---, ---, ---, ---, ---, ---, 
[895.926s][info][gc,stats       ]     S: JNI Handles Roots             14 us, workers (us): ---, ---,  14, ---, ---, ---, ---, ---, ---, ---, ---, ---, ---, ---, ---, ---, ---, ---, ---, ---, ---, ---, ---, ---, 
[895.926s][info][gc,stats       ]     S: Synchronizer Roots             0 us, workers (us): ---,   0, ---, ---, ---, ---, ---, ---, ---, ---, ---, ---, ---, ---, ---, ---, ---, ---, ---, ---, ---, ---, ---, ---, 
[895.926s][info][gc,stats       ]     S: Management Roots              13 us, workers (us): ---,  13, ---, ---, ---, ---, ---, ---, ---, ---, ---, ---, ---, ---, ---, ---, ---, ---, ---, ---, ---, ---, ---, ---, 
[895.926s][info][gc,stats       ]     S: System Dict Roots             28 us, workers (us): ---,  28, ---, ---, ---, ---, ---, ---, ---, ---, ---, ---, ---, ---, ---, ---, ---, ---, ---, ---, ---, ---, ---, ---, 
[895.926s][info][gc,stats       ]     S: CLDG Roots                   558 us, workers (us):   9, ---, ---, 541,   7, ---, ---, ---, ---, ---, ---, ---, ---, ---, ---, ---, ---, ---, ---, ---, ---, ---, ---, ---, 
[895.926s][info][gc,stats       ]     S: JVMTI Roots                    0 us, workers (us): ---, ---,   0, ---, ---, ---, ---, ---, ---, ---, ---, ---, ---, ---, ---, ---, ---, ---, ---, ---, ---, ---, ---, ---, 
[895.926s][info][gc,stats       ]   Resize TLABs                        4 us
[895.926s][info][gc,stats       ] Concurrent Marking                66014 us
[895.926s][info][gc,stats       ] Concurrent Precleaning             4119 us
[895.926s][info][gc,stats       ] Pause Final Mark (G)              56226 us
[895.926s][info][gc,stats       ] Pause Final Mark (N)              55865 us
[895.926s][info][gc,stats       ]   Finish Queues                     202 us
[895.926s][info][gc,stats       ]   Weak References                    25 us
[895.926s][info][gc,stats       ]     Process                          18 us
[895.926s][info][gc,stats       ]   System Purge                      215 us
[895.926s][info][gc,stats       ]     Unload Classes                   67 us
[895.926s][info][gc,stats       ]     Cleanup                       52619 us, parallelism: 1.83x
[895.926s][info][gc,stats       ]       CU: <total>                 96330 us
[895.926s][info][gc,stats       ]       CU: Code Cache Roots        77591 us, workers (us): 13063, 12868, 12922, 12958, 12960, 12820, ---, ---, ---, ---, ---, ---, ---, ---, ---, ---, ---, ---, ---, ---, ---, ---, ---, ---, 
[895.926s][info][gc,stats       ]       CU: Code Cache Cleaning      4516 us, workers (us): 730, 734, 734, 869, 713, 736, ---, ---, ---, ---, ---, ---, ---, ---, ---, ---, ---, ---, ---, ---, ---, ---, ---, ---, 
[895.926s][info][gc,stats       ]       CU: String Table Roots       3307 us, workers (us): 448, 638, 571, 536, 498, 616, ---, ---, ---, ---, ---, ---, ---, ---, ---, ---, ---, ---, ---, ---, ---, ---, ---, ---, 
[895.926s][info][gc,stats       ]       CU: Resolved Table Roots       21 us, workers (us):   0,   0,   0,   0,  21,   0, ---, ---, ---, ---, ---, ---, ---, ---, ---, ---, ---, ---, ---, ---, ---, ---, ---, ---, 
[895.926s][info][gc,stats       ]       CU: CLDG Roots              10895 us, workers (us): 1841, 1815, 1821, 1685, 1868, 1864, ---, ---, ---, ---, ---, ---, ---, ---, ---, ---, ---, ---, ---, ---, ---, ---, ---, ---, 
[895.926s][info][gc,stats       ]     Weak Roots                      214 us
[895.926s][info][gc,stats       ]     CLDG                              0 us
[895.926s][info][gc,stats       ]   Update Region States               25 us
[895.926s][info][gc,stats       ]   Retire TLABs                       41 us
[895.926s][info][gc,stats       ]   Choose Collection Set             327 us
[895.926s][info][gc,stats       ]   Rebuild Free Set                   16 us
[895.926s][info][gc,stats       ]   Initial Evacuation               2142 us, parallelism: 2.57x
[895.926s][info][gc,stats       ]     E: <total>                     5514 us
[895.926s][info][gc,stats       ]     E: Thread Roots                 217 us, workers (us):   1,  92,   1,  76,  46,   1, ---, ---, ---, ---, ---, ---, ---, ---, ---, ---, ---, ---, ---, ---, ---, ---, ---, ---, 
[895.927s][info][gc,stats       ]     E: Code Cache Roots            4067 us, workers (us): 569, 747, 472, 693, 751, 835, ---, ---, ---, ---, ---, ---, ---, ---, ---, ---, ---, ---, ---, ---, ---, ---, ---, ---, 
[895.927s][info][gc,stats       ]     E: Universe Roots                 2 us, workers (us):   2, ---, ---, ---, ---, ---, ---, ---, ---, ---, ---, ---, ---, ---, ---, ---, ---, ---, ---, ---, ---, ---, ---, ---, 
[895.927s][info][gc,stats       ]     E: JNI Handles Roots              1 us, workers (us):   1, ---, ---, ---, ---, ---, ---, ---, ---, ---, ---, ---, ---, ---, ---, ---, ---, ---, ---, ---, ---, ---, ---, ---, 
[895.927s][info][gc,stats       ]     E: Synchronizer Roots             0 us, workers (us):   0, ---, ---, ---, ---, ---, ---, ---, ---, ---, ---, ---, ---, ---, ---, ---, ---, ---, ---, ---, ---, ---, ---, ---, 
[895.927s][info][gc,stats       ]     E: Management Roots               1 us, workers (us):   1, ---, ---, ---, ---, ---, ---, ---, ---, ---, ---, ---, ---, ---, ---, ---, ---, ---, ---, ---, ---, ---, ---, ---, 
[895.927s][info][gc,stats       ]     E: System Dict Roots              7 us, workers (us):   7, ---, ---, ---, ---, ---, ---, ---, ---, ---, ---, ---, ---, ---, ---, ---, ---, ---, ---, ---, ---, ---, ---, ---, 
[895.927s][info][gc,stats       ]     E: CLDG Roots                  1217 us, workers (us): 414, ---, 738,  65, ---, ---, ---, ---, ---, ---, ---, ---, ---, ---, ---, ---, ---, ---, ---, ---, ---, ---, ---, ---, 
[895.927s][info][gc,stats       ]     E: JVMTI Roots                    1 us, workers (us): ---,   1, ---, ---, ---, ---, ---, ---, ---, ---, ---, ---, ---, ---, ---, ---, ---, ---, ---, ---, ---, ---, ---, ---, 
[895.927s][info][gc,stats       ] Concurrent Cleanup                17480 us
[895.927s][info][gc,stats       ] Concurrent Evacuation              2649 us
[895.927s][info][gc,stats       ] Pause Init  Update Refs (G)         546 us
[895.927s][info][gc,stats       ] Pause Init  Update Refs (N)         172 us
[895.927s][info][gc,stats       ]   Retire GCLABs                     144 us
[895.927s][info][gc,stats       ] Concurrent Update Refs            16236 us
[895.927s][info][gc,stats       ] Pause Final Update Refs (G)        1956 us
[895.927s][info][gc,stats       ] Pause Final Update Refs (N)         236 us
[895.927s][info][gc,stats       ]   Update Roots                      143 us, parallelism: 1.34x
[895.927s][info][gc,stats       ]     UR: <total>                     191 us
[895.927s][info][gc,stats       ]     UR: Thread Roots                191 us, workers (us):  87,  37,  21,  44,   3,   0, ---, ---, ---, ---, ---, ---, ---, ---, ---, ---, ---, ---, ---, ---, ---, ---, ---, ---, 
[895.927s][info][gc,stats       ]   Update Region States               29 us
[895.927s][info][gc,stats       ]   Trash Collection Set               11 us
[895.927s][info][gc,stats       ]   Rebuild Free Set                   30 us
[895.927s][info][gc,stats       ] Concurrent Cleanup                  818 us
[895.927s][info][gc,stats       ] Pacing                            82441 us
[895.927s][info][gc,stats       ] 
[895.927s][info][gc,stats       ] Allocation pacing accrued:
[895.927s][info][gc,stats       ]      82 of   171 ms ( 48.2%): pl.nadoba.jvm.gc.benchmark.App.main()
[895.927s][info][gc,stats       ]      82 of   171 ms ( 48.2%): <total>
[895.927s][info][gc,stats       ]       8 of   171 ms (  4.8%): <average total>
[895.927s][info][gc,stats       ]      82 of   171 ms ( 48.2%): <average non-zero>
[895.927s][info][gc,stats       ] 
[895.927s][info][gc,metaspace   ] Metaspace: 24281K->24281K(1071104K)
[895.927s][info][gc,ergo        ] Pacer for Idle. Initial: 5242K, Alloc Tax Rate: 1.0x
[895.928s][info][gc             ] Trigger: Start next cycle immediately
[895.928s][info][gc,ergo        ] Free: 81515K, Max: 256K regular, 42240K humongous, Frag: 48% external, 4% internal; Reserve: 13312K, Max: 256K
[895.928s][info][gc,start       ] GC(6734) Concurrent reset
[895.928s][info][gc,task        ] GC(6734) Using 6 of 24 workers for concurrent reset
[895.928s][info][gc,ergo        ] GC(6734) Pacer for Reset. Non-Taxable: 256M
[895.929s][info][gc             ] GC(6734) Concurrent reset 0.711ms
[895.931s][info][gc,start       ] GC(6734) Pause Init Mark
[895.931s][info][gc,task        ] GC(6734) Using 6 of 24 workers for init marking
[895.933s][info][gc,ergo        ] GC(6734) Pacer for Mark. Expected Live: 9434K, Free: 72043K, Non-Taxable: 7204K, Alloc Tax Rate: 0.2x
[895.933s][info][gc             ] GC(6734) Pause Init Mark 2.738ms
[895.933s][info][gc,start       ] GC(6734) Concurrent marking
[895.933s][info][gc,task        ] GC(6734) Using 6 of 24 workers for concurrent marking
[895.956s][info][gc             ] Failed to allocate Shared, 7168K
[895.956s][info][gc             ] Cancelling GC: Allocation Failure
[895.958s][info][gc             ] GC(6734) Concurrent marking 24.734ms
[895.958s][info][gc,ergo        ] Free: 9323K, Max: 256K regular, 4608K humongous, Frag: 49% external, 25% internal; Reserve: 13312K, Max: 256K
[895.958s][info][gc,stats       ] 
[895.958s][info][gc,stats       ] All times are wall-clock times, except per-root-class counters, that are sum over
[895.958s][info][gc,stats       ] all workers. Dividing the <total> over the root stage time estimates parallelism.
[895.958s][info][gc,stats       ] 
[895.958s][info][gc,stats       ] Concurrent Reset                    694 us
[895.958s][info][gc,stats       ] Pause Init Mark (G)                4684 us
[895.958s][info][gc,stats       ] Pause Init Mark (N)                2656 us
[895.958s][info][gc,stats       ]   Accumulate Stats                    7 us
[895.958s][info][gc,stats       ]   Make Parsable                      56 us
[895.958s][info][gc,stats       ]   Update Region States               20 us
[895.958s][info][gc,stats       ]   Scan Roots                       1623 us, parallelism: 2.22x
[895.958s][info][gc,stats       ]     S: <total>                     3596 us
[895.958s][info][gc,stats       ]     S: Thread Roots                 417 us, workers (us):   1, 204, 113,   2,  95,   2, ---, ---, ---, ---, ---, ---, ---, ---, ---, ---, ---, ---, ---, ---, ---, ---, ---, ---, 
[895.958s][info][gc,stats       ]     S: Universe Roots                27 us, workers (us):  27, ---, ---, ---, ---, ---, ---, ---, ---, ---, ---, ---, ---, ---, ---, ---, ---, ---, ---, ---, ---, ---, ---, ---, 
[895.958s][info][gc,stats       ]     S: JNI Handles Roots             27 us, workers (us): ---, ---, ---, ---,  27, ---, ---, ---, ---, ---, ---, ---, ---, ---, ---, ---, ---, ---, ---, ---, ---, ---, ---, ---, 
[895.959s][info][gc,stats       ]     S: Synchronizer Roots             1 us, workers (us): ---, ---,   1, ---, ---, ---, ---, ---, ---, ---, ---, ---, ---, ---, ---, ---, ---, ---, ---, ---, ---, ---, ---, ---, 
[895.959s][info][gc,stats       ]     S: Management Roots               2 us, workers (us):   2, ---, ---, ---, ---, ---, ---, ---, ---, ---, ---, ---, ---, ---, ---, ---, ---, ---, ---, ---, ---, ---, ---, ---, 
[895.959s][info][gc,stats       ]     S: System Dict Roots             72 us, workers (us): ---, ---,  72, ---, ---, ---, ---, ---, ---, ---, ---, ---, ---, ---, ---, ---, ---, ---, ---, ---, ---, ---, ---, ---, 
[895.959s][info][gc,stats       ]     S: CLDG Roots                  3049 us, workers (us): 1422, ---, ---, 1368, ---, 260, ---, ---, ---, ---, ---, ---, ---, ---, ---, ---, ---, ---, ---, ---, ---, ---, ---, ---, 
[895.959s][info][gc,stats       ]     S: JVMTI Roots                    1 us, workers (us): ---, ---, ---,   1, ---, ---, ---, ---, ---, ---, ---, ---, ---, ---, ---, ---, ---, ---, ---, ---, ---, ---, ---, ---, 
[895.959s][info][gc,stats       ]   Resize TLABs                        7 us
[895.959s][info][gc,stats       ] Concurrent Marking                24687 us
[895.959s][info][gc,stats       ] Pacing                            11199 us
[895.959s][info][gc,stats       ] 
[895.959s][info][gc,stats       ] Allocation pacing accrued:
[895.959s][info][gc,stats       ]      11 of    32 ms ( 35.1%): pl.nadoba.jvm.gc.benchmark.App.main()
[895.959s][info][gc,stats       ]      11 of    32 ms ( 35.1%): <total>
[895.959s][info][gc,stats       ]       1 of    32 ms (  3.5%): <average total>
[895.959s][info][gc,stats       ]      11 of    32 ms ( 35.1%): <average non-zero>
[895.959s][info][gc,stats       ] 
[895.959s][info][gc,metaspace   ] Metaspace: 24281K->24281K(1071104K)
[895.959s][info][gc,ergo        ] Pacer for Idle. Initial: 5242K, Alloc Tax Rate: 1.0x
[895.960s][info][gc             ] Trigger: Handle Allocation Failure
[895.960s][info][gc,ergo        ] Free: 9323K, Max: 256K regular, 4608K humongous, Frag: 49% external, 25% internal; Reserve: 13312K, Max: 256K
[895.960s][info][gc,start       ] GC(6735) Pause Degenerated GC (Mark)
[895.960s][info][gc,task        ] GC(6735) Using 6 of 24 workers for stw degenerated gc
[895.996s][info][gc,ergo        ] GC(6735) Collectable Garbage: 148M (100%), Immediate: 147M (99%), CSet: 1004K (0%)
[895.996s][info][gc,ergo        ] GC(6735) Pacer for Evacuation. Used CSet: 4863K, Free: 163M, Non-Taxable: 16701K, Alloc Tax Rate: 1.1x
[896.021s][info][gc,ergo        ] GC(6735) Pacer for Update Refs. Used: 82836K, Free: 163M, Non-Taxable: 16701K, Alloc Tax Rate: 1.1x
[896.041s][info][gc,ergo        ] GC(6735) Good progress for free space: 163M, need 2621K
[896.041s][info][gc,ergo        ] GC(6735) Good progress for used space: 147M, need 256K
[896.041s][info][gc             ] GC(6735) Pause Degenerated GC (Mark) 223M->76M(256M) 80.794ms
[896.041s][info][gc,ergo        ] Free: 163M, Max: 256K regular, 84480K humongous, Frag: 50% external, 2% internal; Reserve: 13312K, Max: 256K
[896.041s][info][gc,stats       ] 
[896.041s][info][gc,stats       ] All times are wall-clock times, except per-root-class counters, that are sum over
[896.041s][info][gc,stats       ] all workers. Dividing the <total> over the root stage time estimates parallelism.
[896.041s][info][gc,stats       ] 
[896.041s][info][gc,stats       ]   Finish Queues                   34806 us
[896.041s][info][gc,stats       ]   System Purge                      330 us
[896.041s][info][gc,stats       ]     Weak Roots                      328 us
[896.041s][info][gc,stats       ]   Update Region States               43 us
[896.041s][info][gc,stats       ]   Retire TLABs                       59 us
[896.041s][info][gc,stats       ]   Choose Collection Set             723 us
[896.041s][info][gc,stats       ]   Rebuild Free Set                   42 us
[896.041s][info][gc,stats       ]   Initial Evacuation                 19 us
[896.041s][info][gc,stats       ]   Retire GCLABs                      97 us
[896.041s][info][gc,stats       ]   Finish Work                     17109 us
[896.041s][info][gc,stats       ]   Update Region States               18 us
[896.041s][info][gc,stats       ]   Trash Collection Set               10 us
[896.041s][info][gc,stats       ]   Rebuild Free Set                   36 us
[896.041s][info][gc,stats       ] Pause Degenerated GC (G)          81164 us
[896.041s][info][gc,stats       ] Pause Degenerated GC (N)          80750 us
[896.041s][info][gc,stats       ]   Degen Update Roots               1577 us, parallelism: 3.87x
[896.041s][info][gc,stats       ]     DU: <total>                    6097 us
[896.041s][info][gc,stats       ]     DU: Thread Roots                143 us, workers (us): 135,   1,   2,   2,   2,   2, ---, ---, ---, ---, ---, ---, ---, ---, ---, ---, ---, ---, ---, ---, ---, ---, ---, ---, 
[896.041s][info][gc,stats       ]     DU: Code Cache Roots           5327 us, workers (us): 455, 1118, 771, 1219, 856, 909, ---, ---, ---, ---, ---, ---, ---, ---, ---, ---, ---, ---, ---, ---, ---, ---, ---, ---, 
[896.042s][info][gc,stats       ]     DU: Universe Roots                5 us, workers (us):   5, ---, ---, ---, ---, ---, ---, ---, ---, ---, ---, ---, ---, ---, ---, ---, ---, ---, ---, ---, ---, ---, ---, ---, 
[896.042s][info][gc,stats       ]     DU: JNI Handles Roots             3 us, workers (us):   3, ---, ---, ---, ---, ---, ---, ---, ---, ---, ---, ---, ---, ---, ---, ---, ---, ---, ---, ---, ---, ---, ---, ---, 
[896.042s][info][gc,stats       ]     DU: Synchronizer Roots            0 us, workers (us):   0, ---, ---, ---, ---, ---, ---, ---, ---, ---, ---, ---, ---, ---, ---, ---, ---, ---, ---, ---, ---, ---, ---, ---, 
[896.042s][info][gc,stats       ]     DU: Management Roots              2 us, workers (us):   2, ---, ---, ---, ---, ---, ---, ---, ---, ---, ---, ---, ---, ---, ---, ---, ---, ---, ---, ---, ---, ---, ---, ---, 
[896.042s][info][gc,stats       ]     DU: System Dict Roots            10 us, workers (us):  10, ---, ---, ---, ---, ---, ---, ---, ---, ---, ---, ---, ---, ---, ---, ---, ---, ---, ---, ---, ---, ---, ---, ---, 
[896.042s][info][gc,stats       ]     DU: CLDG Roots                  606 us, workers (us): 268,  51, 287, ---, ---, ---, ---, ---, ---, ---, ---, ---, ---, ---, ---, ---, ---, ---, ---, ---, ---, ---, ---, ---, 
[896.042s][info][gc,stats       ]     DU: JVMTI Roots                   1 us, workers (us):   1, ---, ---, ---, ---, ---, ---, ---, ---, ---, ---, ---, ---, ---, ---, ---, ---, ---, ---, ---, ---, ---, ---, ---, 
[896.042s][info][gc,stats       ] 
[896.042s][info][gc,stats       ] Allocation pacing accrued:
[896.042s][info][gc,stats       ]       0 of    83 ms (  0.0%): <total>
[896.042s][info][gc,stats       ]       0 of    83 ms (  0.0%): <average total>
[896.042s][info][gc,stats       ] 
[896.042s][info][gc,metaspace   ] Metaspace: 24281K->24281K(1071104K)
[896.042s][info][gc,ergo        ] Pacer for Idle. Initial: 5242K, Alloc Tax Rate: 1.0x
[896.043s][info][gc             ] Trigger: Start next cycle immediately
[896.043s][info][gc,ergo        ] Free: 156M, Max: 256K regular, 77056K humongous, Frag: 52% external, 2% internal; Reserve: 13312K, Max: 256K
[896.043s][info][gc,start       ] GC(6736) Concurrent reset
[896.043s][info][gc,task        ] GC(6736) Using 6 of 24 workers for concurrent reset
[896.043s][info][gc,ergo        ] GC(6736) Pacer for Reset. Non-Taxable: 256M
[896.043s][info][gc             ] GC(6736) Concurrent reset 0.613ms
[896.045s][info][gc,start       ] GC(6736) Pause Init Mark
[896.045s][info][gc,task        ] GC(6736) Using 6 of 24 workers for init marking
[896.048s][info][gc,ergo        ] GC(6736) Pacer for Mark. Expected Live: 11278K, Free: 146M, Non-Taxable: 15037K, Alloc Tax Rate: 0.1x
[896.048s][info][gc             ] GC(6736) Pause Init Mark 3.078ms
[896.049s][info][gc,start       ] GC(6736) Concurrent marking
[896.049s][info][gc,task        ] GC(6736) Using 6 of 24 workers for concurrent marking
[896.108s][info][gc             ] GC(6736) Concurrent marking 59.253ms
[896.110s][info][gc,start       ] GC(6736) Pause Final Mark
[896.110s][info][gc,task        ] GC(6736) Using 6 of 24 workers for final marking
[896.111s][info][gc,ergo        ] GC(6736) Collectable Garbage: 76781K (100%), Immediate: 76032K (99%), CSet: 748K (0%)
[896.114s][info][gc,ergo        ] GC(6736) Pacer for Evacuation. Used CSet: 4608K, Free: 94315K, Non-Taxable: 9431K, Alloc Tax Rate: 1.1x
[896.114s][info][gc             ] GC(6736) Pause Final Mark 4.220ms
[896.114s][info][gc,start       ] GC(6736) Concurrent cleanup
[896.125s][info][gc             ] GC(6736) Concurrent cleanup 219M->151M(256M) 11.401ms
[896.125s][info][gc,ergo        ] GC(6736) Free: 87403K, Max: 256K regular, 47616K humongous, Frag: 46% external, 3% internal; Reserve: 12544K, Max: 256K
[896.125s][info][gc,start       ] GC(6736) Concurrent evacuation
[896.125s][info][gc,task        ] GC(6736) Using 6 of 24 workers for concurrent evacuation
[896.129s][info][gc             ] GC(6736) Concurrent evacuation 3.378ms
[896.130s][info][gc,start       ] GC(6736) Pause Init Update Refs
[896.130s][info][gc,ergo        ] GC(6736) Pacer for Update Refs. Used: 164M, Free: 77931K, Non-Taxable: 7793K, Alloc Tax Rate: 2.6x
[896.130s][info][gc             ] GC(6736) Pause Init Update Refs 0.254ms
[896.131s][info][gc,start       ] GC(6736) Concurrent update references
[896.131s][info][gc,task        ] GC(6736) Using 6 of 24 workers for concurrent reference update
[896.147s][info][gc             ] GC(6736) Concurrent update references 16.282ms
[896.147s][info][gc,start       ] GC(6736) Pause Final Update Refs
[896.148s][info][gc,task        ] GC(6736) Using 6 of 24 workers for final reference update
[896.148s][info][gc             ] GC(6736) Pause Final Update Refs 0.294ms
[896.148s][info][gc,start       ] GC(6736) Concurrent cleanup
[896.148s][info][gc             ] GC(6736) Concurrent cleanup 209M->204M(256M) 0.621ms
[896.148s][info][gc             ] GC(6736) Dat log --- cycle is complete
Current gc epoch: 5465
heap: ______
capacity: 268435456
used: 214838280
committed: 268435456
bytes_allocated_since_gc_start: 215482896
hot_size: 0
cold_size: 9006878
num_regions: 1024
hot_region_count: 18446744073709406812
cold_region_count: 144823
histogram: Placeholder

[896.148s][info][gc             ] GC(6736) Obj count ac histogram
[896.148s][info][gc             ] GC(6736) 	0: 402821
[896.148s][info][gc             ] GC(6736) 	1: 15
[896.149s][info][gc             ] GC(6736) 	2: 16
[896.149s][info][gc             ] GC(6736) 	3: 2
[896.149s][info][gc             ] GC(6736) 	4: 0
[896.149s][info][gc             ] GC(6736) 	5: 0
[896.149s][info][gc             ] GC(6736) 	6: 0
[896.149s][info][gc             ] GC(6736) 	7: 0
[896.149s][info][gc             ] GC(6736) 	8: 0
[896.149s][info][gc             ] GC(6736) 	9: 0
[896.149s][info][gc             ] GC(6736) 	10: 0
[896.149s][info][gc             ] GC(6736) 	11: 0
[896.149s][info][gc             ] GC(6736) 	12: 0
[896.149s][info][gc             ] GC(6736) 	13: 0
[896.149s][info][gc             ] GC(6736) 	14: 0
[896.149s][info][gc             ] GC(6736) 	15: 0
[896.149s][info][gc             ] GC(6736) 	16: 0
[896.149s][info][gc             ] GC(6736) 	17: 0
[896.149s][info][gc             ] GC(6736) 	18: 0
[896.149s][info][gc             ] GC(6736) 	19: 0
[896.149s][info][gc             ] GC(6736) Obj size ac histogram
[896.149s][info][gc             ] GC(6736) 	0: 5093441
[896.149s][info][gc             ] GC(6736) 	1: 720
[896.149s][info][gc             ] GC(6736) 	2: 686
[896.149s][info][gc             ] GC(6736) 	3: 14
[896.149s][info][gc             ] GC(6736) 	4: 0
[896.149s][info][gc             ] GC(6736) 	5: 0
[896.149s][info][gc             ] GC(6736) 	6: 0
[896.149s][info][gc             ] GC(6736) 	7: 0
[896.149s][info][gc             ] GC(6736) 	8: 0
[896.149s][info][gc             ] GC(6736) 	9: 0
[896.149s][info][gc             ] GC(6736) 	10: 0
[896.149s][info][gc             ] GC(6736) 	11: 0
[896.149s][info][gc             ] GC(6736) 	12: 0
[896.149s][info][gc             ] GC(6736) 	13: 0
[896.149s][info][gc             ] GC(6736) 	14: 0
[896.149s][info][gc             ] GC(6736) 	15: 0
[896.149s][info][gc             ] GC(6736) 	16: 0
[896.149s][info][gc             ] GC(6736) 	17: 0
[896.149s][info][gc             ] GC(6736) 	18: 0
[896.149s][info][gc             ] GC(6736) 	19: 0
[896.149s][info][gc,ergo        ] Free: 29046K, Max: 256K regular, 21248K humongous, Frag: 26% external, 12% internal; Reserve: 13312K, Max: 256K
[896.149s][info][gc,stats       ] 
[896.149s][info][gc,stats       ] All times are wall-clock times, except per-root-class counters, that are sum over
[896.149s][info][gc,stats       ] all workers. Dividing the <total> over the root stage time estimates parallelism.
[896.149s][info][gc,stats       ] 
[896.149s][info][gc,stats       ] Concurrent Reset                    593 us
[896.149s][info][gc,stats       ] Pause Init Mark (G)                5064 us
[896.149s][info][gc,stats       ] Pause Init Mark (N)                3033 us
[896.149s][info][gc,stats       ]   Accumulate Stats                    5 us
[896.149s][info][gc,stats       ]   Make Parsable                      44 us
[896.149s][info][gc,stats       ]   Update Region States               14 us
[896.149s][info][gc,stats       ]   Scan Roots                       2297 us, parallelism: 1.82x
[896.149s][info][gc,stats       ]     S: <total>                     4173 us
[896.149s][info][gc,stats       ]     S: Thread Roots                 485 us, workers (us):   1,   1,  97, 289,   2,  94, ---, ---, ---, ---, ---, ---, ---, ---, ---, ---, ---, ---, ---, ---, ---, ---, ---, ---, 
[896.149s][info][gc,stats       ]     S: Universe Roots                13 us, workers (us):  13, ---, ---, ---, ---, ---, ---, ---, ---, ---, ---, ---, ---, ---, ---, ---, ---, ---, ---, ---, ---, ---, ---, ---, 
[896.149s][info][gc,stats       ]     S: JNI Handles Roots              9 us, workers (us):   9, ---, ---, ---, ---, ---, ---, ---, ---, ---, ---, ---, ---, ---, ---, ---, ---, ---, ---, ---, ---, ---, ---, ---, 
[896.149s][info][gc,stats       ]     S: Synchronizer Roots             0 us, workers (us): ---,   0, ---, ---, ---, ---, ---, ---, ---, ---, ---, ---, ---, ---, ---, ---, ---, ---, ---, ---, ---, ---, ---, ---, 
[896.149s][info][gc,stats       ]     S: Management Roots               2 us, workers (us): ---,   2, ---, ---, ---, ---, ---, ---, ---, ---, ---, ---, ---, ---, ---, ---, ---, ---, ---, ---, ---, ---, ---, ---, 
[896.149s][info][gc,stats       ]     S: System Dict Roots             27 us, workers (us): ---, ---,  27, ---, ---, ---, ---, ---, ---, ---, ---, ---, ---, ---, ---, ---, ---, ---, ---, ---, ---, ---, ---, ---, 
[896.149s][info][gc,stats       ]     S: CLDG Roots                  3635 us, workers (us): 208, 1333, ---, ---, 2094, ---, ---, ---, ---, ---, ---, ---, ---, ---, ---, ---, ---, ---, ---, ---, ---, ---, ---, ---, 
[896.149s][info][gc,stats       ]     S: JVMTI Roots                    1 us, workers (us): ---,   1, ---, ---, ---, ---, ---, ---, ---, ---, ---, ---, ---, ---, ---, ---, ---, ---, ---, ---, ---, ---, ---, ---, 
[896.149s][info][gc,stats       ]   Resize TLABs                        7 us
[896.149s][info][gc,stats       ] Concurrent Marking                59198 us
[896.149s][info][gc,stats       ] Pause Final Mark (G)               6046 us
[896.149s][info][gc,stats       ] Pause Final Mark (N)               4156 us
[896.149s][info][gc,stats       ]   Finish Queues                     207 us
[896.149s][info][gc,stats       ]   System Purge                      232 us
[896.149s][info][gc,stats       ]     Weak Roots                      230 us
[896.149s][info][gc,stats       ]   Update Region States               48 us
[896.149s][info][gc,stats       ]   Retire TLABs                       54 us
[896.149s][info][gc,stats       ]   Choose Collection Set             401 us
[896.149s][info][gc,stats       ]   Rebuild Free Set                   33 us
[896.149s][info][gc,stats       ]   Initial Evacuation               3154 us, parallelism: 1.74x
[896.149s][info][gc,stats       ]     E: <total>                     5480 us
[896.149s][info][gc,stats       ]     E: Thread Roots                 108 us, workers (us):   1,   1,   1,   1,  36,  67, ---, ---, ---, ---, ---, ---, ---, ---, ---, ---, ---, ---, ---, ---, ---, ---, ---, ---, 
[896.149s][info][gc,stats       ]     E: Code Cache Roots            4571 us, workers (us): 929, 1224, 999, 749, 449, 221, ---, ---, ---, ---, ---, ---, ---, ---, ---, ---, ---, ---, ---, ---, ---, ---, ---, ---, 
[896.149s][info][gc,stats       ]     E: Universe Roots                 6 us, workers (us):   6, ---, ---, ---, ---, ---, ---, ---, ---, ---, ---, ---, ---, ---, ---, ---, ---, ---, ---, ---, ---, ---, ---, ---, 
[896.149s][info][gc,stats       ]     E: JNI Handles Roots              3 us, workers (us):   3, ---, ---, ---, ---, ---, ---, ---, ---, ---, ---, ---, ---, ---, ---, ---, ---, ---, ---, ---, ---, ---, ---, ---, 
[896.149s][info][gc,stats       ]     E: Synchronizer Roots             0 us, workers (us): ---,   0, ---, ---, ---, ---, ---, ---, ---, ---, ---, ---, ---, ---, ---, ---, ---, ---, ---, ---, ---, ---, ---, ---, 
[896.149s][info][gc,stats       ]     E: Management Roots               3 us, workers (us): ---, ---,   3, ---, ---, ---, ---, ---, ---, ---, ---, ---, ---, ---, ---, ---, ---, ---, ---, ---, ---, ---, ---, ---, 
[896.149s][info][gc,stats       ]     E: System Dict Roots             14 us, workers (us): ---,  14, ---, ---, ---, ---, ---, ---, ---, ---, ---, ---, ---, ---, ---, ---, ---, ---, ---, ---, ---, ---, ---, ---, 
[896.149s][info][gc,stats       ]     E: CLDG Roots                   774 us, workers (us): ---, ---, ---,  60, 265, 449, ---, ---, ---, ---, ---, ---, ---, ---, ---, ---, ---, ---, ---, ---, ---, ---, ---, ---, 
[896.149s][info][gc,stats       ]     E: JVMTI Roots                    1 us, workers (us):   1, ---, ---, ---, ---, ---, ---, ---, ---, ---, ---, ---, ---, ---, ---, ---, ---, ---, ---, ---, ---, ---, ---, ---, 
[896.149s][info][gc,stats       ] Concurrent Cleanup                11351 us
[896.149s][info][gc,stats       ] Concurrent Evacuation              3368 us
[896.149s][info][gc,stats       ] Pause Init  Update Refs (G)        1736 us
[896.149s][info][gc,stats       ] Pause Init  Update Refs (N)         202 us
[896.149s][info][gc,stats       ]   Retire GCLABs                     175 us
[896.149s][info][gc,stats       ] Concurrent Update Refs            16231 us
[896.149s][info][gc,stats       ] Pause Final Update Refs (G)        1003 us
[896.149s][info][gc,stats       ] Pause Final Update Refs (N)         235 us
[896.149s][info][gc,stats       ]   Update Roots                      149 us, parallelism: 1.43x
[896.149s][info][gc,stats       ]     UR: <total>                     213 us
[896.149s][info][gc,stats       ]     UR: Thread Roots                213 us, workers (us):  87,  44,  50,  26,   4,   2, ---, ---, ---, ---, ---, ---, ---, ---, ---, ---, ---, ---, ---, ---, ---, ---, ---, ---, 
[896.149s][info][gc,stats       ]   Update Region States               29 us
[896.149s][info][gc,stats       ]   Trash Collection Set               10 us
[896.149s][info][gc,stats       ]   Rebuild Free Set                   25 us
[896.149s][info][gc,stats       ] Concurrent Cleanup                  600 us
[896.149s][info][gc,stats       ] Pacing                            52963 us
[896.149s][info][gc,stats       ] 
[896.149s][info][gc,stats       ] Allocation pacing accrued:
[896.149s][info][gc,stats       ]      53 of   108 ms ( 49.2%): pl.nadoba.jvm.gc.benchmark.App.main()
[896.149s][info][gc,stats       ]      53 of   108 ms ( 49.2%): <total>
[896.149s][info][gc,stats       ]       5 of   108 ms (  4.9%): <average total>
[896.149s][info][gc,stats       ]      53 of   108 ms ( 49.2%): <average non-zero>
[896.149s][info][gc,stats       ] 
[896.149s][info][gc,metaspace   ] Metaspace: 24281K->24281K(1071104K)
[896.149s][info][gc,ergo        ] Pacer for Idle. Initial: 5242K, Alloc Tax Rate: 1.0x
[896.151s][info][gc             ] Trigger: Start next cycle immediately
[896.151s][info][gc,ergo        ] Free: 29046K, Max: 256K regular, 21248K humongous, Frag: 26% external, 12% internal; Reserve: 13312K, Max: 256K
[896.151s][info][gc,start       ] GC(6737) Concurrent reset
[896.151s][info][gc,task        ] GC(6737) Using 6 of 24 workers for concurrent reset
[896.151s][info][gc,ergo        ] GC(6737) Pacer for Reset. Non-Taxable: 256M
[896.151s][info][gc             ] GC(6737) Concurrent reset 0.822ms
[896.152s][info][gc,start       ] GC(6737) Pause Init Mark (unload classes)
[896.152s][info][gc,task        ] GC(6737) Using 6 of 24 workers for init marking
[896.154s][info][gc,ergo        ] GC(6737) Pacer for Mark. Expected Live: 12302K, Free: 29046K, Non-Taxable: 2904K, Alloc Tax Rate: 0.5x
[896.154s][info][gc             ] GC(6737) Pause Init Mark (unload classes) 2.475ms
[896.154s][info][gc,start       ] GC(6737) Concurrent marking (unload classes)
[896.154s][info][gc,task        ] GC(6737) Using 6 of 24 workers for concurrent marking
[896.196s][info][gc             ] Failed to allocate Shared, 3072K
[896.196s][info][gc             ] Cancelling GC: Allocation Failure
[896.198s][info][gc             ] GC(6737) Concurrent marking (unload classes) 43.399ms
[896.198s][info][gc,ergo        ] Free: 9589K, Max: 256K regular, 2304K humongous, Frag: 75% external, 25% internal; Reserve: 13312K, Max: 256K
[896.198s][info][gc,stats       ] 
[896.198s][info][gc,stats       ] All times are wall-clock times, except per-root-class counters, that are sum over
[896.198s][info][gc,stats       ] all workers. Dividing the <total> over the root stage time estimates parallelism.
[896.198s][info][gc,stats       ] 
[896.198s][info][gc,stats       ] Concurrent Reset                    805 us
[896.198s][info][gc,stats       ] Pause Init Mark (G)                2831 us
[896.198s][info][gc,stats       ] Pause Init Mark (N)                2433 us
[896.198s][info][gc,stats       ]   Accumulate Stats                    6 us
[896.198s][info][gc,stats       ]   Make Parsable                      53 us
[896.198s][info][gc,stats       ]   Update Region States               19 us
[896.198s][info][gc,stats       ]   Scan Roots                       1432 us, parallelism: 1.23x
[896.198s][info][gc,stats       ]     S: <total>                     1754 us
[896.198s][info][gc,stats       ]     S: Thread Roots                 391 us, workers (us):  38,   1,  34,  43,  88, 185, ---, ---, ---, ---, ---, ---, ---, ---, ---, ---, ---, ---, ---, ---, ---, ---, ---, ---, 
[896.198s][info][gc,stats       ]     S: Universe Roots                49 us, workers (us):  49, ---, ---, ---, ---, ---, ---, ---, ---, ---, ---, ---, ---, ---, ---, ---, ---, ---, ---, ---, ---, ---, ---, ---, 
[896.198s][info][gc,stats       ]     S: JNI Handles Roots             24 us, workers (us): ---, ---, ---, ---,  24, ---, ---, ---, ---, ---, ---, ---, ---, ---, ---, ---, ---, ---, ---, ---, ---, ---, ---, ---, 
[896.198s][info][gc,stats       ]     S: Synchronizer Roots             1 us, workers (us): ---,   1, ---, ---, ---, ---, ---, ---, ---, ---, ---, ---, ---, ---, ---, ---, ---, ---, ---, ---, ---, ---, ---, ---, 
[896.198s][info][gc,stats       ]     S: Management Roots               2 us, workers (us): ---, ---,   2, ---, ---, ---, ---, ---, ---, ---, ---, ---, ---, ---, ---, ---, ---, ---, ---, ---, ---, ---, ---, ---, 
[896.198s][info][gc,stats       ]     S: System Dict Roots             43 us, workers (us): ---, ---, ---,  43, ---, ---, ---, ---, ---, ---, ---, ---, ---, ---, ---, ---, ---, ---, ---, ---, ---, ---, ---, ---, 
[896.198s][info][gc,stats       ]     S: CLDG Roots                  1243 us, workers (us): ---, 1218,  13, ---, ---,  12, ---, ---, ---, ---, ---, ---, ---, ---, ---, ---, ---, ---, ---, ---, ---, ---, ---, ---, 
[896.198s][info][gc,stats       ]     S: JVMTI Roots                    1 us, workers (us): ---,   1, ---, ---, ---, ---, ---, ---, ---, ---, ---, ---, ---, ---, ---, ---, ---, ---, ---, ---, ---, ---, ---, ---, 
[896.198s][info][gc,stats       ]   Resize TLABs                        7 us
[896.198s][info][gc,stats       ] Concurrent Marking                43344 us
[896.198s][info][gc,stats       ] Pacing                            42227 us
[896.198s][info][gc,stats       ] 
[896.198s][info][gc,stats       ] Allocation pacing accrued:
[896.198s][info][gc,stats       ]      42 of    49 ms ( 86.5%): pl.nadoba.jvm.gc.benchmark.App.main()
[896.198s][info][gc,stats       ]      42 of    49 ms ( 86.5%): <total>
[896.198s][info][gc,stats       ]       4 of    49 ms (  8.7%): <average total>
[896.198s][info][gc,stats       ]      42 of    49 ms ( 86.5%): <average non-zero>
[896.198s][info][gc,stats       ] 
[896.198s][info][gc,metaspace   ] Metaspace: 24281K->24281K(1071104K)
[896.198s][info][gc,ergo        ] Pacer for Idle. Initial: 5242K, Alloc Tax Rate: 1.0x
[896.199s][info][gc             ] Trigger: Handle Allocation Failure
[896.199s][info][gc,ergo        ] Free: 9589K, Max: 256K regular, 2304K humongous, Frag: 75% external, 25% internal; Reserve: 13312K, Max: 256K
[896.200s][info][gc,start       ] GC(6738) Pause Degenerated GC (Mark)
[896.200s][info][gc,task        ] GC(6738) Using 6 of 24 workers for stw degenerated gc
[896.282s][info][gc,stringtable ] GC(6738) Cleaned string and symbol table, strings: 8172 processed, 0 removed, symbols: 68000 processed, 0 removed
[896.283s][info][gc,ergo        ] GC(6738) Collectable Garbage: 196M (100%), Immediate: 195M (99%), CSet: 1250K (0%)
[896.283s][info][gc,ergo        ] GC(6738) Pacer for Evacuation. Used CSet: 5109K, Free: 214M, Non-Taxable: 21949K, Alloc Tax Rate: 1.1x
[896.310s][info][gc,ergo        ] GC(6738) Pacer for Update Refs. Used: 32905K, Free: 214M, Non-Taxable: 21949K, Alloc Tax Rate: 1.1x
[896.327s][info][gc,ergo        ] GC(6738) Good progress for free space: 215M, need 2621K
[896.327s][info][gc,ergo        ] GC(6738) Good progress for used space: 195M, need 256K
[896.327s][info][gc             ] GC(6738) Pause Degenerated GC (Mark) 223M->27M(256M) 127.376ms
[896.327s][info][gc,ergo        ] Free: 215M, Max: 256K regular, 208M humongous, Frag: 4% external, 1% internal; Reserve: 13312K, Max: 256K
[896.327s][info][gc,stats       ] 
[896.327s][info][gc,stats       ] All times are wall-clock times, except per-root-class counters, that are sum over
[896.327s][info][gc,stats       ] all workers. Dividing the <total> over the root stage time estimates parallelism.
[896.327s][info][gc,stats       ] 
[896.327s][info][gc,stats       ]   Finish Queues                   26237 us
[896.327s][info][gc,stats       ]   System Purge                      240 us
[896.327s][info][gc,stats       ]     Unload Classes                   72 us
[896.327s][info][gc,stats       ]     Cleanup                       55721 us, parallelism: 1.57x
[896.327s][info][gc,stats       ]       CU: <total>                 87694 us
[896.327s][info][gc,stats       ]       CU: Code Cache Roots        65461 us, workers (us): 10658, 10866, 10566, 11573, 10595, 11203, ---, ---, ---, ---, ---, ---, ---, ---, ---, ---, ---, ---, ---, ---, ---, ---, ---, ---, 
[896.328s][info][gc,stats       ]       CU: Code Cache Cleaning      5947 us, workers (us): 984, 1141, 984, 883, 985, 970, ---, ---, ---, ---, ---, ---, ---, ---, ---, ---, ---, ---, ---, ---, ---, ---, ---, ---, 
[896.328s][info][gc,stats       ]       CU: String Table Roots       3257 us, workers (us): 799, 592, 871,   1, 810, 183, ---, ---, ---, ---, ---, ---, ---, ---, ---, ---, ---, ---, ---, ---, ---, ---, ---, ---, 
[896.328s][info][gc,stats       ]       CU: Resolved Table Roots       19 us, workers (us):   0,   0,   0,   0,   0,  18, ---, ---, ---, ---, ---, ---, ---, ---, ---, ---, ---, ---, ---, ---, ---, ---, ---, ---, 
[896.328s][info][gc,stats       ]       CU: CLDG Roots              13011 us, workers (us): 2211, 2054, 2223, 2113, 2230, 2179, ---, ---, ---, ---, ---, ---, ---, ---, ---, ---, ---, ---, ---, ---, ---, ---, ---, ---, 
[896.328s][info][gc,stats       ]     Weak Roots                      239 us
[896.328s][info][gc,stats       ]     CLDG                              1 us
[896.328s][info][gc,stats       ]   Update Region States               25 us
[896.328s][info][gc,stats       ]   Retire TLABs                       41 us
[896.328s][info][gc,stats       ]   Choose Collection Set             523 us
[896.328s][info][gc,stats       ]   Rebuild Free Set                   18 us
[896.328s][info][gc,stats       ]   Initial Evacuation                  7 us
[896.328s][info][gc,stats       ]   Retire GCLABs                     117 us
[896.328s][info][gc,stats       ]   Finish Work                     15325 us
[896.328s][info][gc,stats       ]   Update Region States                8 us
[896.328s][info][gc,stats       ]   Trash Collection Set                4 us
[896.328s][info][gc,stats       ]   Rebuild Free Set                   13 us
[896.328s][info][gc,stats       ] Pause Degenerated GC (G)         127737 us
[896.328s][info][gc,stats       ] Pause Degenerated GC (N)         127334 us
[896.328s][info][gc,stats       ]   Degen Update Roots               1265 us, parallelism: 3.67x
[896.328s][info][gc,stats       ]     DU: <total>                    4638 us
[896.328s][info][gc,stats       ]     DU: Thread Roots                154 us, workers (us): 109,   1,  39,   2,   2,   1, ---, ---, ---, ---, ---, ---, ---, ---, ---, ---, ---, ---, ---, ---, ---, ---, ---, ---, 
[896.328s][info][gc,stats       ]     DU: Code Cache Roots           3766 us, workers (us): 503, 714, 374, 763, 883, 527, ---, ---, ---, ---, ---, ---, ---, ---, ---, ---, ---, ---, ---, ---, ---, ---, ---, ---, 
[896.328s][info][gc,stats       ]     DU: Universe Roots                9 us, workers (us):   9, ---, ---, ---, ---, ---, ---, ---, ---, ---, ---, ---, ---, ---, ---, ---, ---, ---, ---, ---, ---, ---, ---, ---, 
[896.328s][info][gc,stats       ]     DU: JNI Handles Roots             3 us, workers (us):   3, ---, ---, ---, ---, ---, ---, ---, ---, ---, ---, ---, ---, ---, ---, ---, ---, ---, ---, ---, ---, ---, ---, ---, 
[896.328s][info][gc,stats       ]     DU: Synchronizer Roots            0 us, workers (us):   0, ---, ---, ---, ---, ---, ---, ---, ---, ---, ---, ---, ---, ---, ---, ---, ---, ---, ---, ---, ---, ---, ---, ---, 
[896.328s][info][gc,stats       ]     DU: Management Roots              1 us, workers (us):   1, ---, ---, ---, ---, ---, ---, ---, ---, ---, ---, ---, ---, ---, ---, ---, ---, ---, ---, ---, ---, ---, ---, ---, 
[896.328s][info][gc,stats       ]     DU: System Dict Roots             8 us, workers (us):   8, ---, ---, ---, ---, ---, ---, ---, ---, ---, ---, ---, ---, ---, ---, ---, ---, ---, ---, ---, ---, ---, ---, ---, 
[896.328s][info][gc,stats       ]     DU: CLDG Roots                  695 us, workers (us): ---, ---, 206,  48, ---, 441, ---, ---, ---, ---, ---, ---, ---, ---, ---, ---, ---, ---, ---, ---, ---, ---, ---, ---, 
[896.328s][info][gc,stats       ]     DU: JVMTI Roots                   1 us, workers (us): ---,   1, ---, ---, ---, ---, ---, ---, ---, ---, ---, ---, ---, ---, ---, ---, ---, ---, ---, ---, ---, ---, ---, ---, 
[896.328s][info][gc,stats       ] 
[896.328s][info][gc,stats       ] Allocation pacing accrued:
[896.328s][info][gc,stats       ]       0 of   130 ms (  0.0%): <total>
[896.328s][info][gc,stats       ]       0 of   130 ms (  0.0%): <average total>
[896.328s][info][gc,stats       ] 
[896.328s][info][gc,metaspace   ] Metaspace: 24281K->24281K(1071104K)
[896.328s][info][gc,ergo        ] Pacer for Idle. Initial: 5242K, Alloc Tax Rate: 1.0x
[896.329s][info][gc             ] Trigger: Start next cycle immediately
[896.329s][info][gc,ergo        ] Free: 207M, Max: 256K regular, 200M humongous, Frag: 4% external, 1% internal; Reserve: 13312K, Max: 256K
[896.329s][info][gc,start       ] GC(6739) Concurrent reset
[896.329s][info][gc,task        ] GC(6739) Using 6 of 24 workers for concurrent reset
[896.329s][info][gc,ergo        ] GC(6739) Pacer for Reset. Non-Taxable: 256M
[896.330s][info][gc             ] GC(6739) Concurrent reset 0.460ms
[896.330s][info][gc,start       ] GC(6739) Pause Init Mark (process weakrefs) (unload classes)
[896.330s][info][gc,task        ] GC(6739) Using 6 of 24 workers for init marking
[896.331s][info][gc,ergo        ] GC(6739) Pacer for Mark. Expected Live: 12302K, Free: 207M, Non-Taxable: 21207K, Alloc Tax Rate: 0.1x
[896.331s][info][gc             ] GC(6739) Pause Init Mark (process weakrefs) (unload classes) 1.321ms
[896.331s][info][gc,start       ] GC(6739) Concurrent marking (process weakrefs) (unload classes)
[896.331s][info][gc,task        ] GC(6739) Using 6 of 24 workers for concurrent marking
[896.370s][info][gc             ] GC(6739) Concurrent marking (process weakrefs) (unload classes) 38.992ms
[896.370s][info][gc,start       ] GC(6739) Concurrent precleaning
[896.370s][info][gc,task        ] GC(6739) Using 1 of 24 workers for concurrent preclean
[896.370s][info][gc,ergo        ] GC(6739) Pacer for Precleaning. Non-Taxable: 256M
[896.374s][info][gc             ] GC(6739) Concurrent precleaning 3.612ms
[896.375s][info][gc,start       ] GC(6739) Pause Final Mark (process weakrefs) (unload classes)
[896.375s][info][gc,task        ] GC(6739) Using 6 of 24 workers for final marking
[896.430s][info][gc,stringtable ] GC(6739) Cleaned string and symbol table, strings: 8172 processed, 0 removed, symbols: 68000 processed, 0 removed
[896.431s][info][gc,ergo        ] GC(6739) Collectable Garbage: 26605K (100%), Immediate: 25856K (97%), CSet: 748K (2%)
[896.433s][info][gc,ergo        ] GC(6739) Pacer for Evacuation. Used CSet: 4608K, Free: 182M, Non-Taxable: 18647K, Alloc Tax Rate: 1.1x
[896.433s][info][gc             ] GC(6739) Pause Final Mark (process weakrefs) (unload classes) 58.252ms
[896.433s][info][gc,start       ] GC(6739) Concurrent cleanup
[896.438s][info][gc             ] GC(6739) Concurrent cleanup 84M->73M(256M) 4.536ms
[896.438s][info][gc,ergo        ] GC(6739) Free: 166M, Max: 256K regular, 162M humongous, Frag: 3% external, 1% internal; Reserve: 12509K, Max: 256K
[896.438s][info][gc,start       ] GC(6739) Concurrent evacuation
[896.438s][info][gc,task        ] GC(6739) Using 6 of 24 workers for concurrent evacuation
[896.442s][info][gc             ] GC(6739) Concurrent evacuation 3.868ms
[896.443s][info][gc,start       ] GC(6739) Pause Init Update Refs
[896.443s][info][gc,ergo        ] GC(6739) Pacer for Update Refs. Used: 83349K, Free: 162M, Non-Taxable: 16650K, Alloc Tax Rate: 1.1x
[896.443s][info][gc             ] GC(6739) Pause Init Update Refs 0.262ms
[896.443s][info][gc,start       ] GC(6739) Concurrent update references
[896.443s][info][gc,task        ] GC(6739) Using 6 of 24 workers for concurrent reference update
[896.460s][info][gc             ] GC(6739) Concurrent update references 17.065ms
[896.461s][info][gc,start       ] GC(6739) Pause Final Update Refs
[896.461s][info][gc,task        ] GC(6739) Using 6 of 24 workers for final reference update
[896.462s][info][gc             ] GC(6739) Pause Final Update Refs 0.307ms
[896.462s][info][gc,start       ] GC(6739) Concurrent cleanup
[896.463s][info][gc             ] GC(6739) Concurrent cleanup 116M->111M(256M) 0.879ms
[896.463s][info][gc             ] GC(6739) Dat log --- cycle is complete
Current gc epoch: 5466
heap: ______
capacity: 268435456
used: 117331152
committed: 268435456
bytes_allocated_since_gc_start: 112984328
hot_size: 0
cold_size: 5873414
num_regions: 1024
hot_region_count: 18446744073709406776
cold_region_count: 144859
histogram: Placeholder

[896.463s][info][gc             ] GC(6739) Obj count ac histogram
[896.463s][info][gc             ] GC(6739) 	0: 381151
[896.463s][info][gc             ] GC(6739) 	1: 15
[896.463s][info][gc             ] GC(6739) 	2: 4245
[896.463s][info][gc             ] GC(6739) 	3: 4493
[896.463s][info][gc             ] GC(6739) 	4: 864
[896.463s][info][gc             ] GC(6739) 	5: 15
[896.463s][info][gc             ] GC(6739) 	6: 0
[896.463s][info][gc             ] GC(6739) 	7: 0
[896.463s][info][gc             ] GC(6739) 	8: 0
[896.463s][info][gc             ] GC(6739) 	9: 0
[896.463s][info][gc             ] GC(6739) 	10: 0
[896.463s][info][gc             ] GC(6739) 	11: 0
[896.463s][info][gc             ] GC(6739) 	12: 0
[896.463s][info][gc             ] GC(6739) 	13: 0
[896.463s][info][gc             ] GC(6739) 	14: 0
[896.463s][info][gc             ] GC(6739) 	15: 0
[896.463s][info][gc             ] GC(6739) 	16: 0
[896.463s][info][gc             ] GC(6739) 	17: 0
[896.463s][info][gc             ] GC(6739) 	18: 0
[896.463s][info][gc             ] GC(6739) 	19: 0
[896.463s][info][gc             ] GC(6739) Obj size ac histogram
[896.463s][info][gc             ] GC(6739) 	0: 4217688
[896.463s][info][gc             ] GC(6739) 	1: 720
[896.463s][info][gc             ] GC(6739) 	2: 55608
[896.463s][info][gc             ] GC(6739) 	3: 41911
[896.463s][info][gc             ] GC(6739) 	4: 5331
[896.463s][info][gc             ] GC(6739) 	5: 150
[896.463s][info][gc             ] GC(6739) 	6: 0
[896.463s][info][gc             ] GC(6739) 	7: 0
[896.463s][info][gc             ] GC(6739) 	8: 0
[896.463s][info][gc             ] GC(6739) 	9: 0
[896.463s][info][gc             ] GC(6739) 	10: 0
[896.463s][info][gc             ] GC(6739) 	11: 0
[896.463s][info][gc             ] GC(6739) 	12: 0
[896.463s][info][gc             ] GC(6739) 	13: 0
[896.463s][info][gc             ] GC(6739) 	14: 0
[896.463s][info][gc             ] GC(6739) 	15: 0
[896.463s][info][gc             ] GC(6739) 	16: 0
[896.463s][info][gc             ] GC(6739) 	17: 0
[896.463s][info][gc             ] GC(6739) 	18: 0
[896.463s][info][gc             ] GC(6739) 	19: 0
[896.463s][info][gc,ergo        ] Free: 120M, Max: 256K regular, 116M humongous, Frag: 4% external, 3% internal; Reserve: 13312K, Max: 256K
[896.463s][info][gc,stats       ] 
[896.463s][info][gc,stats       ] All times are wall-clock times, except per-root-class counters, that are sum over
[896.463s][info][gc,stats       ] all workers. Dividing the <total> over the root stage time estimates parallelism.
[896.463s][info][gc,stats       ] 
[896.463s][info][gc,stats       ] Concurrent Reset                    440 us
[896.463s][info][gc,stats       ] Pause Init Mark (G)                1597 us
[896.463s][info][gc,stats       ] Pause Init Mark (N)                1290 us
[896.463s][info][gc,stats       ]   Accumulate Stats                    4 us
[896.463s][info][gc,stats       ]   Make Parsable                      32 us
[896.463s][info][gc,stats       ]   Update Region States               10 us
[896.463s][info][gc,stats       ]   Scan Roots                        656 us, parallelism: 1.41x
[896.463s][info][gc,stats       ]     S: <total>                      922 us
[896.463s][info][gc,stats       ]     S: Thread Roots                 305 us, workers (us):   1,  20, 133,  34,  36,  81, ---, ---, ---, ---, ---, ---, ---, ---, ---, ---, ---, ---, ---, ---, ---, ---, ---, ---, 
[896.463s][info][gc,stats       ]     S: Universe Roots                17 us, workers (us):  17, ---, ---, ---, ---, ---, ---, ---, ---, ---, ---, ---, ---, ---, ---, ---, ---, ---, ---, ---, ---, ---, ---, ---, 
[896.463s][info][gc,stats       ]     S: JNI Handles Roots             18 us, workers (us): ---, ---, ---,  18, ---, ---, ---, ---, ---, ---, ---, ---, ---, ---, ---, ---, ---, ---, ---, ---, ---, ---, ---, ---, 
[896.463s][info][gc,stats       ]     S: Synchronizer Roots             0 us, workers (us): ---,   0, ---, ---, ---, ---, ---, ---, ---, ---, ---, ---, ---, ---, ---, ---, ---, ---, ---, ---, ---, ---, ---, ---, 
[896.463s][info][gc,stats       ]     S: Management Roots               1 us, workers (us): ---,   1, ---, ---, ---, ---, ---, ---, ---, ---, ---, ---, ---, ---, ---, ---, ---, ---, ---, ---, ---, ---, ---, ---, 
[896.463s][info][gc,stats       ]     S: System Dict Roots             24 us, workers (us): ---,  24, ---, ---, ---, ---, ---, ---, ---, ---, ---, ---, ---, ---, ---, ---, ---, ---, ---, ---, ---, ---, ---, ---, 
[896.463s][info][gc,stats       ]     S: CLDG Roots                   557 us, workers (us): 539, ---, ---, ---,   9,   9, ---, ---, ---, ---, ---, ---, ---, ---, ---, ---, ---, ---, ---, ---, ---, ---, ---, ---, 
[896.463s][info][gc,stats       ]     S: JVMTI Roots                    0 us, workers (us): ---, ---,   0, ---, ---, ---, ---, ---, ---, ---, ---, ---, ---, ---, ---, ---, ---, ---, ---, ---, ---, ---, ---, ---, 
[896.463s][info][gc,stats       ]   Resize TLABs                        3 us
[896.463s][info][gc,stats       ] Concurrent Marking                38938 us
[896.463s][info][gc,stats       ] Concurrent Precleaning             3589 us
[896.463s][info][gc,stats       ] Pause Final Mark (G)              59425 us
[896.463s][info][gc,stats       ] Pause Final Mark (N)              58208 us
[896.464s][info][gc,stats       ]   Finish Queues                     190 us
[896.464s][info][gc,stats       ]   Weak References                    31 us
[896.464s][info][gc,stats       ]     Process                          24 us
[896.464s][info][gc,stats       ]   System Purge                      208 us
[896.464s][info][gc,stats       ]     Unload Classes                   76 us
[896.464s][info][gc,stats       ]     Cleanup                       54845 us, parallelism: 1.77x
[896.464s][info][gc,stats       ]       CU: <total>                 96953 us
[896.464s][info][gc,stats       ]       CU: Code Cache Roots        77340 us, workers (us): 12710, 12740, 12756, 13365, 12680, 13089, ---, ---, ---, ---, ---, ---, ---, ---, ---, ---, ---, ---, ---, ---, ---, ---, ---, ---, 
[896.464s][info][gc,stats       ]       CU: Code Cache Cleaning      4668 us, workers (us): 739, 742, 724, 741, 742, 980, ---, ---, ---, ---, ---, ---, ---, ---, ---, ---, ---, ---, ---, ---, ---, ---, ---, ---, 
[896.464s][info][gc,stats       ]       CU: String Table Roots       3583 us, workers (us): 799, 765, 748, 141, 789, 340, ---, ---, ---, ---, ---, ---, ---, ---, ---, ---, ---, ---, ---, ---, ---, ---, ---, ---, 
[896.464s][info][gc,stats       ]       CU: Resolved Table Roots       20 us, workers (us):   0,   0,  19,   0,   0,   0, ---, ---, ---, ---, ---, ---, ---, ---, ---, ---, ---, ---, ---, ---, ---, ---, ---, ---, 
[896.464s][info][gc,stats       ]       CU: CLDG Roots              11342 us, workers (us): 1943, 1929, 1909, 1942, 1906, 1713, ---, ---, ---, ---, ---, ---, ---, ---, ---, ---, ---, ---, ---, ---, ---, ---, ---, ---, 
[896.464s][info][gc,stats       ]     Weak Roots                      207 us
[896.464s][info][gc,stats       ]     CLDG                              0 us
[896.464s][info][gc,stats       ]   Update Region States               24 us
[896.464s][info][gc,stats       ]   Retire TLABs                       42 us
[896.464s][info][gc,stats       ]   Choose Collection Set              92 us
[896.464s][info][gc,stats       ]   Rebuild Free Set                   11 us
[896.464s][info][gc,stats       ]   Initial Evacuation               2502 us, parallelism: 2.44x
[896.464s][info][gc,stats       ]     E: <total>                     6104 us
[896.464s][info][gc,stats       ]     E: Thread Roots                 255 us, workers (us):  83, 168,   1,   1,   1,   1, ---, ---, ---, ---, ---, ---, ---, ---, ---, ---, ---, ---, ---, ---, ---, ---, ---, ---, 
[896.464s][info][gc,stats       ]     E: Code Cache Roots            4671 us, workers (us): 428, 723, 397, 1036, 1062, 1025, ---, ---, ---, ---, ---, ---, ---, ---, ---, ---, ---, ---, ---, ---, ---, ---, ---, ---, 
[896.464s][info][gc,stats       ]     E: Universe Roots                 4 us, workers (us):   4, ---, ---, ---, ---, ---, ---, ---, ---, ---, ---, ---, ---, ---, ---, ---, ---, ---, ---, ---, ---, ---, ---, ---, 
[896.464s][info][gc,stats       ]     E: JNI Handles Roots              4 us, workers (us): ---,   4, ---, ---, ---, ---, ---, ---, ---, ---, ---, ---, ---, ---, ---, ---, ---, ---, ---, ---, ---, ---, ---, ---, 
[896.464s][info][gc,stats       ]     E: Synchronizer Roots             0 us, workers (us):   0, ---, ---, ---, ---, ---, ---, ---, ---, ---, ---, ---, ---, ---, ---, ---, ---, ---, ---, ---, ---, ---, ---, ---, 
[896.464s][info][gc,stats       ]     E: Management Roots               2 us, workers (us):   2, ---, ---, ---, ---, ---, ---, ---, ---, ---, ---, ---, ---, ---, ---, ---, ---, ---, ---, ---, ---, ---, ---, ---, 
[896.464s][info][gc,stats       ]     E: System Dict Roots             10 us, workers (us):  10, ---, ---, ---, ---, ---, ---, ---, ---, ---, ---, ---, ---, ---, ---, ---, ---, ---, ---, ---, ---, ---, ---, ---, 
[896.464s][info][gc,stats       ]     E: CLDG Roots                  1157 us, workers (us): 403,  86, 668, ---, ---, ---, ---, ---, ---, ---, ---, ---, ---, ---, ---, ---, ---, ---, ---, ---, ---, ---, ---, ---, 
[896.464s][info][gc,stats       ]     E: JVMTI Roots                    1 us, workers (us): ---,   1, ---, ---, ---, ---, ---, ---, ---, ---, ---, ---, ---, ---, ---, ---, ---, ---, ---, ---, ---, ---, ---, ---, 
[896.464s][info][gc,stats       ] Concurrent Cleanup                 4473 us
[896.464s][info][gc,stats       ] Concurrent Evacuation              3826 us
[896.464s][info][gc,stats       ] Pause Init  Update Refs (G)        1422 us
[896.464s][info][gc,stats       ] Pause Init  Update Refs (N)         206 us
[896.464s][info][gc,stats       ]   Retire GCLABs                     177 us
[896.464s][info][gc,stats       ] Concurrent Update Refs            17010 us
[896.464s][info][gc,stats       ] Pause Final Update Refs (G)        1288 us
[896.464s][info][gc,stats       ] Pause Final Update Refs (N)         248 us
[896.464s][info][gc,stats       ]   Update Roots                      158 us, parallelism: 1.42x
[896.464s][info][gc,stats       ]     UR: <total>                     225 us
[896.464s][info][gc,stats       ]     UR: Thread Roots                225 us, workers (us):  84,  26,  28,  46,   9,  33, ---, ---, ---, ---, ---, ---, ---, ---, ---, ---, ---, ---, ---, ---, ---, ---, ---, ---, 
[896.464s][info][gc,stats       ]   Update Region States               23 us
[896.464s][info][gc,stats       ]   Trash Collection Set               10 us
[896.464s][info][gc,stats       ]   Rebuild Free Set                   32 us
[896.464s][info][gc,stats       ] Concurrent Cleanup                  829 us
[896.464s][info][gc,stats       ] Pacing                            48921 us
[896.464s][info][gc,stats       ] 
[896.464s][info][gc,stats       ] Allocation pacing accrued:
[896.464s][info][gc,stats       ]      49 of   136 ms ( 35.9%): pl.nadoba.jvm.gc.benchmark.App.main()
[896.464s][info][gc,stats       ]      49 of   136 ms ( 35.9%): <total>
[896.464s][info][gc,stats       ]       5 of   136 ms (  3.6%): <average total>
[896.464s][info][gc,stats       ]      49 of   136 ms ( 35.9%): <average non-zero>
[896.464s][info][gc,stats       ] 
[896.464s][info][gc,metaspace   ] Metaspace: 24281K->24281K(1071104K)
[896.464s][info][gc,ergo        ] Pacer for Idle. Initial: 5242K, Alloc Tax Rate: 1.0x
[896.465s][info][gc             ] Trigger: Start next cycle immediately
[896.465s][info][gc,ergo        ] Free: 113M, Max: 256K regular, 108M humongous, Frag: 4% external, 3% internal; Reserve: 13312K, Max: 256K
[896.465s][info][gc,start       ] GC(6740) Concurrent reset
[896.465s][info][gc,task        ] GC(6740) Using 6 of 24 workers for concurrent reset
[896.465s][info][gc,ergo        ] GC(6740) Pacer for Reset. Non-Taxable: 256M
[896.466s][info][gc             ] GC(6740) Concurrent reset 0.764ms
[896.467s][info][gc,start       ] GC(6740) Pause Init Mark
[896.467s][info][gc,task        ] GC(6740) Using 6 of 24 workers for init marking
[896.469s][info][gc,ergo        ] GC(6740) Pacer for Mark. Expected Live: 12302K, Free: 108M, Non-Taxable: 11146K, Alloc Tax Rate: 0.1x
[896.469s][info][gc             ] GC(6740) Pause Init Mark 2.896ms
[896.470s][info][gc,start       ] GC(6740) Concurrent marking
[896.470s][info][gc,task        ] GC(6740) Using 6 of 24 workers for concurrent marking
[896.531s][info][gc             ] GC(6740) Concurrent marking 61.216ms
[896.532s][info][gc,start       ] GC(6740) Pause Final Mark
[896.532s][info][gc,task        ] GC(6740) Using 6 of 24 workers for final marking
[896.534s][info][gc,ergo        ] GC(6740) Collectable Garbage: 115M (100%), Immediate: 114M (98%), CSet: 1260K (1%)
[896.537s][info][gc,ergo        ] GC(6740) Pacer for Evacuation. Used CSet: 5120K, Free: 174M, Non-Taxable: 17828K, Alloc Tax Rate: 1.1x
[896.537s][info][gc             ] GC(6740) Pause Final Mark 4.511ms
[896.537s][info][gc,start       ] GC(6740) Concurrent cleanup
[896.554s][info][gc             ] GC(6740) Concurrent cleanup 180M->84M(256M) 17.463ms
[896.554s][info][gc,ergo        ] GC(6740) Free: 154M, Max: 256K regular, 101M humongous, Frag: 35% external, 1% internal; Reserve: 12509K, Max: 256K
[896.554s][info][gc,start       ] GC(6740) Concurrent evacuation
[896.554s][info][gc,task        ] GC(6740) Using 6 of 24 workers for concurrent evacuation
[896.558s][info][gc             ] GC(6740) Concurrent evacuation 3.918ms
[896.559s][info][gc,start       ] GC(6740) Pause Init Update Refs
[896.559s][info][gc,ergo        ] GC(6740) Pacer for Update Refs. Used: 91029K, Free: 154M, Non-Taxable: 15857K, Alloc Tax Rate: 1.1x
[896.559s][info][gc             ] GC(6740) Pause Init Update Refs 0.267ms
[896.559s][info][gc,start       ] GC(6740) Concurrent update references
[896.559s][info][gc,task        ] GC(6740) Using 6 of 24 workers for concurrent reference update
[896.576s][info][gc             ] GC(6740) Concurrent update references 16.905ms
[896.577s][info][gc,start       ] GC(6740) Pause Final Update Refs
[896.577s][info][gc,task        ] GC(6740) Using 6 of 24 workers for final reference update
[896.577s][info][gc             ] GC(6740) Pause Final Update Refs 0.341ms
[896.577s][info][gc,start       ] GC(6740) Concurrent cleanup
[896.578s][info][gc             ] GC(6740) Concurrent cleanup 148M->143M(256M) 0.650ms
[896.578s][info][gc             ] GC(6740) Dat log --- cycle is complete
Current gc epoch: 5467
heap: ______
capacity: 268435456
used: 150885776
committed: 268435456
bytes_allocated_since_gc_start: 148111888
hot_size: 0
cold_size: 3192719
num_regions: 1024
hot_region_count: 18446744073709406757
cold_region_count: 144878
histogram: Placeholder

[896.578s][info][gc             ] GC(6740) Obj count ac histogram
[896.578s][info][gc             ] GC(6740) 	0: 203114
[896.578s][info][gc             ] GC(6740) 	1: 15
[896.578s][info][gc             ] GC(6740) 	2: 2
[896.578s][info][gc             ] GC(6740) 	3: 0
[896.578s][info][gc             ] GC(6740) 	4: 0
[896.578s][info][gc             ] GC(6740) 	5: 0
[896.578s][info][gc             ] GC(6740) 	6: 0
[896.578s][info][gc             ] GC(6740) 	7: 0
[896.578s][info][gc             ] GC(6740) 	8: 0
[896.578s][info][gc             ] GC(6740) 	9: 0
[896.578s][info][gc             ] GC(6740) 	10: 0
[896.578s][info][gc             ] GC(6740) 	11: 0
[896.578s][info][gc             ] GC(6740) 	12: 0
[896.578s][info][gc             ] GC(6740) 	13: 0
[896.578s][info][gc             ] GC(6740) 	14: 0
[896.578s][info][gc             ] GC(6740) 	15: 0
[896.578s][info][gc             ] GC(6740) 	16: 0
[896.578s][info][gc             ] GC(6740) 	17: 0
[896.578s][info][gc             ] GC(6740) 	18: 0
[896.578s][info][gc             ] GC(6740) 	19: 0
[896.578s][info][gc             ] GC(6740) Obj size ac histogram
[896.578s][info][gc             ] GC(6740) 	0: 1354442
[896.578s][info][gc             ] GC(6740) 	1: 720
[896.578s][info][gc             ] GC(6740) 	2: 14
[896.578s][info][gc             ] GC(6740) 	3: 0
[896.578s][info][gc             ] GC(6740) 	4: 0
[896.578s][info][gc             ] GC(6740) 	5: 0
[896.578s][info][gc             ] GC(6740) 	6: 0
[896.578s][info][gc             ] GC(6740) 	7: 0
[896.578s][info][gc             ] GC(6740) 	8: 0
[896.578s][info][gc             ] GC(6740) 	9: 0
[896.578s][info][gc             ] GC(6740) 	10: 0
[896.578s][info][gc             ] GC(6740) 	11: 0
[896.578s][info][gc             ] GC(6740) 	12: 0
[896.578s][info][gc             ] GC(6740) 	13: 0
[896.578s][info][gc             ] GC(6740) 	14: 0
[896.578s][info][gc             ] GC(6740) 	15: 0
[896.578s][info][gc             ] GC(6740) 	16: 0
[896.578s][info][gc             ] GC(6740) 	17: 0
[896.578s][info][gc             ] GC(6740) 	18: 0
[896.578s][info][gc             ] GC(6740) 	19: 0
[896.578s][info][gc,ergo        ] Free: 91243K, Max: 256K regular, 50688K humongous, Frag: 45% external, 4% internal; Reserve: 13312K, Max: 256K
[896.578s][info][gc,stats       ] 
[896.578s][info][gc,stats       ] All times are wall-clock times, except per-root-class counters, that are sum over
[896.578s][info][gc,stats       ] all workers. Dividing the <total> over the root stage time estimates parallelism.
[896.578s][info][gc,stats       ] 
[896.578s][info][gc,stats       ] Concurrent Reset                    746 us
[896.578s][info][gc,stats       ] Pause Init Mark (G)                3371 us
[896.578s][info][gc,stats       ] Pause Init Mark (N)                2840 us
[896.578s][info][gc,stats       ]   Accumulate Stats                    7 us
[896.578s][info][gc,stats       ]   Make Parsable                      52 us
[896.578s][info][gc,stats       ]   Update Region States               17 us
[896.578s][info][gc,stats       ]   Scan Roots                       1848 us, parallelism: 2.02x
[896.578s][info][gc,stats       ]     S: <total>                     3731 us
[896.578s][info][gc,stats       ]     S: Thread Roots                 366 us, workers (us): 109, 167,   1,   1,   2,  86, ---, ---, ---, ---, ---, ---, ---, ---, ---, ---, ---, ---, ---, ---, ---, ---, ---, ---, 
[896.578s][info][gc,stats       ]     S: Universe Roots                43 us, workers (us):  43, ---, ---, ---, ---, ---, ---, ---, ---, ---, ---, ---, ---, ---, ---, ---, ---, ---, ---, ---, ---, ---, ---, ---, 
[896.578s][info][gc,stats       ]     S: JNI Handles Roots             26 us, workers (us):  26, ---, ---, ---, ---, ---, ---, ---, ---, ---, ---, ---, ---, ---, ---, ---, ---, ---, ---, ---, ---, ---, ---, ---, 
[896.578s][info][gc,stats       ]     S: Synchronizer Roots             1 us, workers (us): ---,   1, ---, ---, ---, ---, ---, ---, ---, ---, ---, ---, ---, ---, ---, ---, ---, ---, ---, ---, ---, ---, ---, ---, 
[896.578s][info][gc,stats       ]     S: Management Roots               2 us, workers (us): ---,   2, ---, ---, ---, ---, ---, ---, ---, ---, ---, ---, ---, ---, ---, ---, ---, ---, ---, ---, ---, ---, ---, ---, 
[896.578s][info][gc,stats       ]     S: System Dict Roots             38 us, workers (us): ---,  38, ---, ---, ---, ---, ---, ---, ---, ---, ---, ---, ---, ---, ---, ---, ---, ---, ---, ---, ---, ---, ---, ---, 
[896.578s][info][gc,stats       ]     S: CLDG Roots                  3254 us, workers (us): ---, ---, 177, 1434, 1643, ---, ---, ---, ---, ---, ---, ---, ---, ---, ---, ---, ---, ---, ---, ---, ---, ---, ---, ---, 
[896.578s][info][gc,stats       ]     S: JVMTI Roots                    1 us, workers (us):   1, ---, ---, ---, ---, ---, ---, ---, ---, ---, ---, ---, ---, ---, ---, ---, ---, ---, ---, ---, ---, ---, ---, ---, 
[896.578s][info][gc,stats       ]   Resize TLABs                        5 us
[896.578s][info][gc,stats       ] Concurrent Marking                61154 us
[896.578s][info][gc,stats       ] Pause Final Mark (G)               6111 us
[896.578s][info][gc,stats       ] Pause Final Mark (N)               4447 us
[896.578s][info][gc,stats       ]   Finish Queues                     199 us
[896.578s][info][gc,stats       ]   System Purge                      259 us
[896.578s][info][gc,stats       ]     Weak Roots                      258 us
[896.578s][info][gc,stats       ]   Update Region States               41 us
[896.578s][info][gc,stats       ]   Retire TLABs                       55 us
[896.578s][info][gc,stats       ]   Choose Collection Set             573 us
[896.578s][info][gc,stats       ]   Rebuild Free Set                   38 us
[896.578s][info][gc,stats       ]   Initial Evacuation               3255 us, parallelism: 1.31x
[896.578s][info][gc,stats       ]     E: <total>                     4266 us
[896.578s][info][gc,stats       ]     E: Thread Roots                 140 us, workers (us):   1, 135,   1,   1,   1,   1, ---, ---, ---, ---, ---, ---, ---, ---, ---, ---, ---, ---, ---, ---, ---, ---, ---, ---, 
[896.578s][info][gc,stats       ]     E: Code Cache Roots            3313 us, workers (us): 1024, 404, 196, 675, 685, 328, ---, ---, ---, ---, ---, ---, ---, ---, ---, ---, ---, ---, ---, ---, ---, ---, ---, ---, 
[896.578s][info][gc,stats       ]     E: Universe Roots                 4 us, workers (us):   4, ---, ---, ---, ---, ---, ---, ---, ---, ---, ---, ---, ---, ---, ---, ---, ---, ---, ---, ---, ---, ---, ---, ---, 
[896.578s][info][gc,stats       ]     E: JNI Handles Roots              3 us, workers (us): ---,   3, ---, ---, ---, ---, ---, ---, ---, ---, ---, ---, ---, ---, ---, ---, ---, ---, ---, ---, ---, ---, ---, ---, 
[896.578s][info][gc,stats       ]     E: Synchronizer Roots             0 us, workers (us): ---, ---,   0, ---, ---, ---, ---, ---, ---, ---, ---, ---, ---, ---, ---, ---, ---, ---, ---, ---, ---, ---, ---, ---, 
[896.578s][info][gc,stats       ]     E: Management Roots               4 us, workers (us): ---,   4, ---, ---, ---, ---, ---, ---, ---, ---, ---, ---, ---, ---, ---, ---, ---, ---, ---, ---, ---, ---, ---, ---, 
[896.579s][info][gc,stats       ]     E: System Dict Roots              7 us, workers (us): ---, ---,   7, ---, ---, ---, ---, ---, ---, ---, ---, ---, ---, ---, ---, ---, ---, ---, ---, ---, ---, ---, ---, ---, 
[896.579s][info][gc,stats       ]     E: CLDG Roots                   793 us, workers (us): ---,  61, 444, ---, ---, 288, ---, ---, ---, ---, ---, ---, ---, ---, ---, ---, ---, ---, ---, ---, ---, ---, ---, ---, 
[896.579s][info][gc,stats       ]     E: JVMTI Roots                    1 us, workers (us):   1, ---, ---, ---, ---, ---, ---, ---, ---, ---, ---, ---, ---, ---, ---, ---, ---, ---, ---, ---, ---, ---, ---, ---, 
[896.579s][info][gc,stats       ] Concurrent Cleanup                17413 us
[896.579s][info][gc,stats       ] Concurrent Evacuation              3901 us
[896.579s][info][gc,stats       ] Pause Init  Update Refs (G)         522 us
[896.579s][info][gc,stats       ] Pause Init  Update Refs (N)         208 us
[896.579s][info][gc,stats       ]   Retire GCLABs                     180 us
[896.579s][info][gc,stats       ] Concurrent Update Refs            16889 us
[896.579s][info][gc,stats       ] Pause Final Update Refs (G)        1453 us
[896.579s][info][gc,stats       ] Pause Final Update Refs (N)         278 us
[896.579s][info][gc,stats       ]   Update Roots                      185 us, parallelism: 1.16x
[896.579s][info][gc,stats       ]     UR: <total>                     214 us
[896.579s][info][gc,stats       ]     UR: Thread Roots                214 us, workers (us):  90,  40,  22,  45,   9,   8, ---, ---, ---, ---, ---, ---, ---, ---, ---, ---, ---, ---, ---, ---, ---, ---, ---, ---, 
[896.579s][info][gc,stats       ]   Update Region States               28 us
[896.579s][info][gc,stats       ]   Trash Collection Set               11 us
[896.579s][info][gc,stats       ]   Rebuild Free Set                   31 us
[896.579s][info][gc,stats       ] Concurrent Cleanup                  627 us
[896.579s][info][gc,stats       ] Pacing                            71444 us
[896.579s][info][gc,stats       ] 
[896.579s][info][gc,stats       ] Allocation pacing accrued:
[896.579s][info][gc,stats       ]      71 of   114 ms ( 62.4%): pl.nadoba.jvm.gc.benchmark.App.main()
[896.579s][info][gc,stats       ]      71 of   114 ms ( 62.4%): <total>
[896.579s][info][gc,stats       ]       7 of   114 ms (  6.2%): <average total>
[896.579s][info][gc,stats       ]      71 of   114 ms ( 62.4%): <average non-zero>
[896.579s][info][gc,stats       ] 
[896.579s][info][gc,metaspace   ] Metaspace: 24281K->24281K(1071104K)
[896.579s][info][gc,ergo        ] Pacer for Idle. Initial: 5242K, Alloc Tax Rate: 1.0x
[896.580s][info][gc             ] Trigger: Start next cycle immediately
[896.580s][info][gc,ergo        ] Free: 82795K, Max: 256K regular, 50688K humongous, Frag: 39% external, 4% internal; Reserve: 13312K, Max: 256K
[896.580s][info][gc,start       ] GC(6741) Concurrent reset
[896.580s][info][gc,task        ] GC(6741) Using 6 of 24 workers for concurrent reset
[896.580s][info][gc,ergo        ] GC(6741) Pacer for Reset. Non-Taxable: 256M
[896.580s][info][gc             ] GC(6741) Concurrent reset 0.566ms
[896.582s][info][gc,start       ] GC(6741) Pause Init Mark
[896.582s][info][gc,task        ] GC(6741) Using 6 of 24 workers for init marking
[896.585s][info][gc,ergo        ] GC(6741) Pacer for Mark. Expected Live: 13121K, Free: 73323K, Non-Taxable: 7332K, Alloc Tax Rate: 0.2x
[896.585s][info][gc             ] GC(6741) Pause Init Mark 3.044ms
[896.586s][info][gc,start       ] GC(6741) Concurrent marking
[896.586s][info][gc,task        ] GC(6741) Using 6 of 24 workers for concurrent marking
[896.650s][info][gc             ] GC(6741) Concurrent marking 64.714ms
[896.650s][info][gc,start       ] GC(6741) Pause Final Mark
[896.650s][info][gc,task        ] GC(6741) Using 6 of 24 workers for final marking
[896.652s][info][gc,ergo        ] GC(6741) Collectable Garbage: 146M (100%), Immediate: 145M (99%), CSet: 1260K (0%)
[896.655s][info][gc,ergo        ] GC(6741) Pacer for Evacuation. Used CSet: 5120K, Free: 177M, Non-Taxable: 18186K, Alloc Tax Rate: 1.1x
[896.655s][info][gc             ] GC(6741) Pause Final Mark 4.810ms
[896.655s][info][gc,start       ] GC(6741) Concurrent cleanup
[896.675s][info][gc             ] GC(6741) Concurrent cleanup 208M->91M(256M) 19.911ms
[896.675s][info][gc,ergo        ] GC(6741) Free: 148M, Max: 256K regular, 65792K humongous, Frag: 57% external, 1% internal; Reserve: 12544K, Max: 256K
[896.675s][info][gc,start       ] GC(6741) Concurrent evacuation
[896.675s][info][gc,task        ] GC(6741) Using 6 of 24 workers for concurrent evacuation
[896.679s][info][gc             ] GC(6741) Concurrent evacuation 3.660ms
[896.679s][info][gc,start       ] GC(6741) Pause Init Update Refs
[896.679s][info][gc,ergo        ] GC(6741) Pacer for Update Refs. Used: 98452K, Free: 148M, Non-Taxable: 15191K, Alloc Tax Rate: 1.1x
[896.679s][info][gc             ] GC(6741) Pause Init Update Refs 0.305ms
[896.680s][info][gc,start       ] GC(6741) Concurrent update references
[896.680s][info][gc,task        ] GC(6741) Using 6 of 24 workers for concurrent reference update
[896.697s][info][gc             ] GC(6741) Concurrent update references 17.133ms
[896.699s][info][gc,start       ] GC(6741) Pause Final Update Refs
[896.699s][info][gc,task        ] GC(6741) Using 6 of 24 workers for final reference update
[896.699s][info][gc             ] GC(6741) Pause Final Update Refs 0.280ms
[896.699s][info][gc,start       ] GC(6741) Concurrent cleanup
[896.700s][info][gc             ] GC(6741) Concurrent cleanup 164M->159M(256M) 0.914ms
[896.700s][info][gc             ] GC(6741) Dat log --- cycle is complete
Current gc epoch: 5468
heap: ______
capacity: 268435456
used: 166876560
committed: 268435456
bytes_allocated_since_gc_start: 163840528
hot_size: 0
cold_size: 4503439
num_regions: 1024
hot_region_count: 18446744073709406738
cold_region_count: 144898
histogram: Placeholder

[896.700s][info][gc             ] GC(6741) Obj count ac histogram
[896.700s][info][gc             ] GC(6741) 	0: 213593
[896.700s][info][gc             ] GC(6741) 	1: 15
[896.700s][info][gc             ] GC(6741) 	2: 2
[896.700s][info][gc             ] GC(6741) 	3: 0
[896.700s][info][gc             ] GC(6741) 	4: 0
[896.700s][info][gc             ] GC(6741) 	5: 0
[896.700s][info][gc             ] GC(6741) 	6: 0
[896.700s][info][gc             ] GC(6741) 	7: 0
[896.700s][info][gc             ] GC(6741) 	8: 0
[896.700s][info][gc             ] GC(6741) 	9: 0
[896.700s][info][gc             ] GC(6741) 	10: 0
[896.700s][info][gc             ] GC(6741) 	11: 0
[896.700s][info][gc             ] GC(6741) 	12: 0
[896.700s][info][gc             ] GC(6741) 	13: 0
[896.700s][info][gc             ] GC(6741) 	14: 0
[896.700s][info][gc             ] GC(6741) 	15: 0
[896.700s][info][gc             ] GC(6741) 	16: 0
[896.700s][info][gc             ] GC(6741) 	17: 0
[896.700s][info][gc             ] GC(6741) 	18: 0
[896.700s][info][gc             ] GC(6741) 	19: 0
[896.700s][info][gc             ] GC(6741) Obj size ac histogram
[896.700s][info][gc             ] GC(6741) 	0: 1383683
[896.700s][info][gc             ] GC(6741) 	1: 720
[896.700s][info][gc             ] GC(6741) 	2: 14
[896.700s][info][gc             ] GC(6741) 	3: 0
[896.700s][info][gc             ] GC(6741) 	4: 0
[896.700s][info][gc             ] GC(6741) 	5: 0
[896.700s][info][gc             ] GC(6741) 	6: 0
[896.700s][info][gc             ] GC(6741) 	7: 0
[896.700s][info][gc             ] GC(6741) 	8: 0
[896.700s][info][gc             ] GC(6741) 	9: 0
[896.700s][info][gc             ] GC(6741) 	10: 0
[896.700s][info][gc             ] GC(6741) 	11: 0
[896.700s][info][gc             ] GC(6741) 	12: 0
[896.700s][info][gc             ] GC(6741) 	13: 0
[896.700s][info][gc             ] GC(6741) 	14: 0
[896.700s][info][gc             ] GC(6741) 	15: 0
[896.700s][info][gc             ] GC(6741) 	16: 0
[896.700s][info][gc             ] GC(6741) 	17: 0
[896.700s][info][gc             ] GC(6741) 	18: 0
[896.700s][info][gc             ] GC(6741) 	19: 0
[896.700s][info][gc,ergo        ] Free: 78955K, Max: 256K regular, 51968K humongous, Frag: 34% external, 4% internal; Reserve: 13312K, Max: 256K
[896.701s][info][gc,stats       ] 
[896.701s][info][gc,stats       ] All times are wall-clock times, except per-root-class counters, that are sum over
[896.701s][info][gc,stats       ] all workers. Dividing the <total> over the root stage time estimates parallelism.
[896.701s][info][gc,stats       ] 
[896.701s][info][gc,stats       ] Concurrent Reset                    557 us
[896.701s][info][gc,stats       ] Pause Init Mark (G)                5109 us
[896.701s][info][gc,stats       ] Pause Init Mark (N)                2997 us
[896.701s][info][gc,stats       ]   Accumulate Stats                    6 us
[896.701s][info][gc,stats       ]   Make Parsable                      54 us
[896.701s][info][gc,stats       ]   Update Region States               48 us
[896.701s][info][gc,stats       ]   Scan Roots                       1932 us, parallelism: 2.02x
[896.701s][info][gc,stats       ]     S: <total>                     3899 us
[896.701s][info][gc,stats       ]     S: Thread Roots                 440 us, workers (us): 123,  89,   1,   1, 224,   2, ---, ---, ---, ---, ---, ---, ---, ---, ---, ---, ---, ---, ---, ---, ---, ---, ---, ---, 
[896.701s][info][gc,stats       ]     S: Universe Roots                63 us, workers (us):  63, ---, ---, ---, ---, ---, ---, ---, ---, ---, ---, ---, ---, ---, ---, ---, ---, ---, ---, ---, ---, ---, ---, ---, 
[896.701s][info][gc,stats       ]     S: JNI Handles Roots             41 us, workers (us): ---, ---, ---, ---,  41, ---, ---, ---, ---, ---, ---, ---, ---, ---, ---, ---, ---, ---, ---, ---, ---, ---, ---, ---, 
[896.701s][info][gc,stats       ]     S: Synchronizer Roots             1 us, workers (us): ---,   1, ---, ---, ---, ---, ---, ---, ---, ---, ---, ---, ---, ---, ---, ---, ---, ---, ---, ---, ---, ---, ---, ---, 
[896.701s][info][gc,stats       ]     S: Management Roots               3 us, workers (us): ---, ---,   3, ---, ---, ---, ---, ---, ---, ---, ---, ---, ---, ---, ---, ---, ---, ---, ---, ---, ---, ---, ---, ---, 
[896.701s][info][gc,stats       ]     S: System Dict Roots             46 us, workers (us): ---,  46, ---, ---, ---, ---, ---, ---, ---, ---, ---, ---, ---, ---, ---, ---, ---, ---, ---, ---, ---, ---, ---, ---, 
[896.701s][info][gc,stats       ]     S: CLDG Roots                  3304 us, workers (us): ---, ---, 1734, 1325, ---, 246, ---, ---, ---, ---, ---, ---, ---, ---, ---, ---, ---, ---, ---, ---, ---, ---, ---, ---, 
[896.701s][info][gc,stats       ]     S: JVMTI Roots                    1 us, workers (us): ---, ---, ---,   1, ---, ---, ---, ---, ---, ---, ---, ---, ---, ---, ---, ---, ---, ---, ---, ---, ---, ---, ---, ---, 
[896.701s][info][gc,stats       ]   Resize TLABs                        7 us
[896.701s][info][gc,stats       ] Concurrent Marking                64662 us
[896.701s][info][gc,stats       ] Pause Final Mark (G)               5037 us
[896.701s][info][gc,stats       ] Pause Final Mark (N)               4754 us
[896.701s][info][gc,stats       ]   Finish Queues                     180 us
[896.701s][info][gc,stats       ]   System Purge                      231 us
[896.701s][info][gc,stats       ]     Weak Roots                      229 us
[896.701s][info][gc,stats       ]   Update Region States               41 us
[896.701s][info][gc,stats       ]   Retire TLABs                       56 us
[896.701s][info][gc,stats       ]   Choose Collection Set             699 us
[896.701s][info][gc,stats       ]   Rebuild Free Set                   41 us
[896.701s][info][gc,stats       ]   Initial Evacuation               3480 us, parallelism: 1.61x
[896.701s][info][gc,stats       ]     E: <total>                     5593 us
[896.701s][info][gc,stats       ]     E: Thread Roots                 150 us, workers (us):   1,   2,  59,   1,  34,  54, ---, ---, ---, ---, ---, ---, ---, ---, ---, ---, ---, ---, ---, ---, ---, ---, ---, ---, 
[896.701s][info][gc,stats       ]     E: Code Cache Roots            4096 us, workers (us): 571,   0, 746, 1217, 784, 778, ---, ---, ---, ---, ---, ---, ---, ---, ---, ---, ---, ---, ---, ---, ---, ---, ---, ---, 
[896.701s][info][gc,stats       ]     E: Universe Roots                14 us, workers (us):  14, ---, ---, ---, ---, ---, ---, ---, ---, ---, ---, ---, ---, ---, ---, ---, ---, ---, ---, ---, ---, ---, ---, ---, 
[896.701s][info][gc,stats       ]     E: JNI Handles Roots              3 us, workers (us): ---, ---,   3, ---, ---, ---, ---, ---, ---, ---, ---, ---, ---, ---, ---, ---, ---, ---, ---, ---, ---, ---, ---, ---, 
[896.701s][info][gc,stats       ]     E: Synchronizer Roots             0 us, workers (us):   0, ---, ---, ---, ---, ---, ---, ---, ---, ---, ---, ---, ---, ---, ---, ---, ---, ---, ---, ---, ---, ---, ---, ---, 
[896.701s][info][gc,stats       ]     E: Management Roots               3 us, workers (us): ---,   3, ---, ---, ---, ---, ---, ---, ---, ---, ---, ---, ---, ---, ---, ---, ---, ---, ---, ---, ---, ---, ---, ---, 
[896.701s][info][gc,stats       ]     E: System Dict Roots              7 us, workers (us):   7, ---, ---, ---, ---, ---, ---, ---, ---, ---, ---, ---, ---, ---, ---, ---, ---, ---, ---, ---, ---, ---, ---, ---, 
[896.701s][info][gc,stats       ]     E: CLDG Roots                  1319 us, workers (us): 310, 931,  77, ---, ---, ---, ---, ---, ---, ---, ---, ---, ---, ---, ---, ---, ---, ---, ---, ---, ---, ---, ---, ---, 
[896.701s][info][gc,stats       ]     E: JVMTI Roots                    1 us, workers (us): ---, ---,   1, ---, ---, ---, ---, ---, ---, ---, ---, ---, ---, ---, ---, ---, ---, ---, ---, ---, ---, ---, ---, ---, 
[896.701s][info][gc,stats       ] Concurrent Cleanup                19875 us
[896.701s][info][gc,stats       ] Concurrent Evacuation              3647 us
[896.701s][info][gc,stats       ] Pause Init  Update Refs (G)         617 us
[896.701s][info][gc,stats       ] Pause Init  Update Refs (N)         248 us
[896.701s][info][gc,stats       ]   Retire GCLABs                     221 us
[896.701s][info][gc,stats       ] Concurrent Update Refs            17098 us
[896.701s][info][gc,stats       ] Pause Final Update Refs (G)        2408 us
[896.701s][info][gc,stats       ] Pause Final Update Refs (N)         229 us
[896.701s][info][gc,stats       ]   Update Roots                      139 us, parallelism: 1.55x
[896.701s][info][gc,stats       ]     UR: <total>                     215 us
[896.701s][info][gc,stats       ]     UR: Thread Roots                215 us, workers (us):  86,  33,  32,  11,  29,  24, ---, ---, ---, ---, ---, ---, ---, ---, ---, ---, ---, ---, ---, ---, ---, ---, ---, ---, 
[896.701s][info][gc,stats       ]   Update Region States               31 us
[896.701s][info][gc,stats       ]   Trash Collection Set               11 us
[896.701s][info][gc,stats       ]   Rebuild Free Set                   30 us
[896.701s][info][gc,stats       ] Concurrent Cleanup                  864 us
[896.701s][info][gc,stats       ] Pacing                            81161 us
[896.701s][info][gc,stats       ] 
[896.701s][info][gc,stats       ] Allocation pacing accrued:
[896.701s][info][gc,stats       ]      81 of   123 ms ( 66.1%): pl.nadoba.jvm.gc.benchmark.App.main()
[896.701s][info][gc,stats       ]      81 of   123 ms ( 66.1%): <total>
[896.701s][info][gc,stats       ]       8 of   123 ms (  6.6%): <average total>
[896.701s][info][gc,stats       ]      81 of   123 ms ( 66.1%): <average non-zero>
[896.701s][info][gc,stats       ] 
[896.702s][info][gc,metaspace   ] Metaspace: 24281K->24281K(1071104K)
[896.702s][info][gc,ergo        ] Pacer for Idle. Initial: 5242K, Alloc Tax Rate: 1.0x
[896.703s][info][gc             ] Trigger: Start next cycle immediately
[896.703s][info][gc,ergo        ] Free: 78955K, Max: 256K regular, 51968K humongous, Frag: 34% external, 4% internal; Reserve: 13312K, Max: 256K
[896.703s][info][gc,start       ] GC(6742) Concurrent reset
[896.703s][info][gc,task        ] GC(6742) Using 6 of 24 workers for concurrent reset
[896.703s][info][gc,ergo        ] GC(6742) Pacer for Reset. Non-Taxable: 256M
[896.703s][info][gc             ] GC(6742) Concurrent reset 0.807ms
[896.704s][info][gc,start       ] GC(6742) Pause Init Mark (unload classes)
[896.704s][info][gc,task        ] GC(6742) Using 6 of 24 workers for init marking
[896.706s][info][gc,ergo        ] GC(6742) Pacer for Mark. Expected Live: 13121K, Free: 78955K, Non-Taxable: 7895K, Alloc Tax Rate: 0.2x
[896.706s][info][gc             ] GC(6742) Pause Init Mark (unload classes) 1.908ms
[896.706s][info][gc,start       ] GC(6742) Concurrent marking (unload classes)
[896.706s][info][gc,task        ] GC(6742) Using 6 of 24 workers for concurrent marking
[896.770s][info][gc             ] GC(6742) Concurrent marking (unload classes) 64.105ms
[896.770s][info][gc,start       ] GC(6742) Pause Final Mark (unload classes)
[896.770s][info][gc,task        ] GC(6742) Using 6 of 24 workers for final marking
[896.824s][info][gc,stringtable ] GC(6742) Cleaned string and symbol table, strings: 8172 processed, 0 removed, symbols: 68000 processed, 0 removed
[896.825s][info][gc,ergo        ] GC(6742) Collectable Garbage: 150M (100%), Immediate: 149M (99%), CSet: 1516K (0%)
[896.827s][info][gc,ergo        ] GC(6742) Pacer for Evacuation. Used CSet: 5376K, Free: 195M, Non-Taxable: 20004K, Alloc Tax Rate: 1.1x
[896.827s][info][gc             ] GC(6742) Pause Final Mark (unload classes) 57.108ms
[896.827s][info][gc,start       ] GC(6742) Concurrent cleanup
[896.849s][info][gc             ] GC(6742) Concurrent cleanup 195M->76M(256M) 22.225ms
[896.849s][info][gc,ergo        ] GC(6742) Free: 164M, Max: 256K regular, 66304K humongous, Frag: 61% external, 1% internal; Reserve: 12667K, Max: 256K
[896.849s][info][gc,start       ] GC(6742) Concurrent evacuation
[896.849s][info][gc,task        ] GC(6742) Using 6 of 24 workers for concurrent evacuation
[896.852s][info][gc             ] GC(6742) Concurrent evacuation 2.905ms
[896.853s][info][gc,start       ] GC(6742) Pause Init Update Refs
[896.853s][info][gc,ergo        ] GC(6742) Pacer for Update Refs. Used: 82068K, Free: 164M, Non-Taxable: 16881K, Alloc Tax Rate: 1.1x
[896.853s][info][gc             ] GC(6742) Pause Init Update Refs 0.188ms
[896.853s][info][gc,start       ] GC(6742) Concurrent update references
[896.853s][info][gc,task        ] GC(6742) Using 6 of 24 workers for concurrent reference update
[896.871s][info][gc             ] GC(6742) Concurrent update references 17.707ms
[896.871s][info][gc,start       ] GC(6742) Pause Final Update Refs
[896.871s][info][gc,task        ] GC(6742) Using 6 of 24 workers for final reference update
[896.871s][info][gc             ] GC(6742) Pause Final Update Refs 0.224ms
[896.871s][info][gc,start       ] GC(6742) Concurrent cleanup
[896.872s][info][gc             ] GC(6742) Concurrent cleanup 133M->127M(256M) 0.767ms
[896.872s][info][gc             ] GC(6742) Dat log --- cycle is complete
Current gc epoch: 5469
heap: ______
capacity: 268435456
used: 134108336
committed: 268435456
bytes_allocated_since_gc_start: 129499664
hot_size: 0
cold_size: 3264387
num_regions: 1024
hot_region_count: 18446744073709406718
cold_region_count: 144917
histogram: Placeholder

[896.872s][info][gc             ] GC(6742) Obj count ac histogram
[896.872s][info][gc             ] GC(6742) 	0: 209963
[896.872s][info][gc             ] GC(6742) 	1: 15
[896.872s][info][gc             ] GC(6742) 	2: 2
[896.872s][info][gc             ] GC(6742) 	3: 0
[896.872s][info][gc             ] GC(6742) 	4: 0
[896.872s][info][gc             ] GC(6742) 	5: 0
[896.872s][info][gc             ] GC(6742) 	6: 0
[896.872s][info][gc             ] GC(6742) 	7: 0
[896.872s][info][gc             ] GC(6742) 	8: 0
[896.872s][info][gc             ] GC(6742) 	9: 0
[896.872s][info][gc             ] GC(6742) 	10: 0
[896.872s][info][gc             ] GC(6742) 	11: 0
[896.872s][info][gc             ] GC(6742) 	12: 0
[896.872s][info][gc             ] GC(6742) 	13: 0
[896.872s][info][gc             ] GC(6742) 	14: 0
[896.872s][info][gc             ] GC(6742) 	15: 0
[896.872s][info][gc             ] GC(6742) 	16: 0
[896.872s][info][gc             ] GC(6742) 	17: 0
[896.872s][info][gc             ] GC(6742) 	18: 0
[896.872s][info][gc             ] GC(6742) 	19: 0
[896.872s][info][gc             ] GC(6742) Obj size ac histogram
[896.872s][info][gc             ] GC(6742) 	0: 1315267
[896.872s][info][gc             ] GC(6742) 	1: 720
[896.872s][info][gc             ] GC(6742) 	2: 14
[896.872s][info][gc             ] GC(6742) 	3: 0
[896.872s][info][gc             ] GC(6742) 	4: 0
[896.872s][info][gc             ] GC(6742) 	5: 0
[896.872s][info][gc             ] GC(6742) 	6: 0
[896.872s][info][gc             ] GC(6742) 	7: 0
[896.872s][info][gc             ] GC(6742) 	8: 0
[896.872s][info][gc             ] GC(6742) 	9: 0
[896.872s][info][gc             ] GC(6742) 	10: 0
[896.872s][info][gc             ] GC(6742) 	11: 0
[896.872s][info][gc             ] GC(6742) 	12: 0
[896.872s][info][gc             ] GC(6742) 	13: 0
[896.872s][info][gc             ] GC(6742) 	14: 0
[896.872s][info][gc             ] GC(6742) 	15: 0
[896.872s][info][gc             ] GC(6742) 	16: 0
[896.872s][info][gc             ] GC(6742) 	17: 0
[896.872s][info][gc             ] GC(6742) 	18: 0
[896.872s][info][gc             ] GC(6742) 	19: 0
[896.872s][info][gc,ergo        ] Free: 110M, Max: 256K regular, 66560K humongous, Frag: 41% external, 3% internal; Reserve: 13312K, Max: 256K
[896.872s][info][gc,stats       ] 
[896.872s][info][gc,stats       ] All times are wall-clock times, except per-root-class counters, that are sum over
[896.872s][info][gc,stats       ] all workers. Dividing the <total> over the root stage time estimates parallelism.
[896.872s][info][gc,stats       ] 
[896.872s][info][gc,stats       ] Concurrent Reset                    788 us
[896.872s][info][gc,stats       ] Pause Init Mark (G)                2259 us
[896.872s][info][gc,stats       ] Pause Init Mark (N)                1863 us
[896.872s][info][gc,stats       ]   Accumulate Stats                    7 us
[896.872s][info][gc,stats       ]   Make Parsable                      56 us
[896.873s][info][gc,stats       ]   Update Region States               20 us
[896.873s][info][gc,stats       ]   Scan Roots                        845 us, parallelism: 1.47x
[896.873s][info][gc,stats       ]     S: <total>                     1243 us
[896.873s][info][gc,stats       ]     S: Thread Roots                 428 us, workers (us):  87,  24,  23,   1,  46, 246, ---, ---, ---, ---, ---, ---, ---, ---, ---, ---, ---, ---, ---, ---, ---, ---, ---, ---, 
[896.873s][info][gc,stats       ]     S: Universe Roots                45 us, workers (us):  45, ---, ---, ---, ---, ---, ---, ---, ---, ---, ---, ---, ---, ---, ---, ---, ---, ---, ---, ---, ---, ---, ---, ---, 
[896.873s][info][gc,stats       ]     S: JNI Handles Roots             23 us, workers (us): ---, ---,  23, ---, ---, ---, ---, ---, ---, ---, ---, ---, ---, ---, ---, ---, ---, ---, ---, ---, ---, ---, ---, ---, 
[896.873s][info][gc,stats       ]     S: Synchronizer Roots             0 us, workers (us): ---,   0, ---, ---, ---, ---, ---, ---, ---, ---, ---, ---, ---, ---, ---, ---, ---, ---, ---, ---, ---, ---, ---, ---, 
[896.873s][info][gc,stats       ]     S: Management Roots               1 us, workers (us): ---,   1, ---, ---, ---, ---, ---, ---, ---, ---, ---, ---, ---, ---, ---, ---, ---, ---, ---, ---, ---, ---, ---, ---, 
[896.873s][info][gc,stats       ]     S: System Dict Roots             30 us, workers (us): ---,  30, ---, ---, ---, ---, ---, ---, ---, ---, ---, ---, ---, ---, ---, ---, ---, ---, ---, ---, ---, ---, ---, ---, 
[896.873s][info][gc,stats       ]     S: CLDG Roots                   715 us, workers (us):  13, ---, ---, 687,  15, ---, ---, ---, ---, ---, ---, ---, ---, ---, ---, ---, ---, ---, ---, ---, ---, ---, ---, ---, 
[896.873s][info][gc,stats       ]     S: JVMTI Roots                    1 us, workers (us): ---, ---,   1, ---, ---, ---, ---, ---, ---, ---, ---, ---, ---, ---, ---, ---, ---, ---, ---, ---, ---, ---, ---, ---, 
[896.873s][info][gc,stats       ]   Resize TLABs                        4 us
[896.873s][info][gc,stats       ] Concurrent Marking                64050 us
[896.873s][info][gc,stats       ] Pause Final Mark (G)              57302 us
[896.873s][info][gc,stats       ] Pause Final Mark (N)              57053 us
[896.873s][info][gc,stats       ]   Finish Queues                     234 us
[896.873s][info][gc,stats       ]   System Purge                      206 us
[896.873s][info][gc,stats       ]     Unload Classes                   98 us
[896.873s][info][gc,stats       ]     Cleanup                       53872 us, parallelism: 1.69x
[896.873s][info][gc,stats       ]       CU: <total>                 91303 us
[896.873s][info][gc,stats       ]       CU: Code Cache Roots        70377 us, workers (us): 11649, 11583, 12344, 11524, 11751, 11527, ---, ---, ---, ---, ---, ---, ---, ---, ---, ---, ---, ---, ---, ---, ---, ---, ---, ---, 
[896.873s][info][gc,stats       ]       CU: Code Cache Cleaning      6012 us, workers (us): 796, 780, 2044, 798, 797, 798, ---, ---, ---, ---, ---, ---, ---, ---, ---, ---, ---, ---, ---, ---, ---, ---, ---, ---, 
[896.873s][info][gc,stats       ]       CU: String Table Roots       3615 us, workers (us): 721, 781,  26, 794, 546, 748, ---, ---, ---, ---, ---, ---, ---, ---, ---, ---, ---, ---, ---, ---, ---, ---, ---, ---, 
[896.873s][info][gc,stats       ]       CU: Resolved Table Roots       19 us, workers (us):   0,  18,   0,   0,   0,   0, ---, ---, ---, ---, ---, ---, ---, ---, ---, ---, ---, ---, ---, ---, ---, ---, ---, ---, 
[896.873s][info][gc,stats       ]       CU: CLDG Roots              11279 us, workers (us): 2112, 2121, 849, 2063, 2067, 2067, ---, ---, ---, ---, ---, ---, ---, ---, ---, ---, ---, ---, ---, ---, ---, ---, ---, ---, 
[896.873s][info][gc,stats       ]     Weak Roots                      205 us
[896.873s][info][gc,stats       ]     CLDG                              1 us
[896.873s][info][gc,stats       ]   Update Region States               25 us
[896.873s][info][gc,stats       ]   Retire TLABs                       44 us
[896.873s][info][gc,stats       ]   Choose Collection Set             451 us
[896.873s][info][gc,stats       ]   Rebuild Free Set                   20 us
[896.873s][info][gc,stats       ]   Initial Evacuation               1900 us, parallelism: 2.53x
[896.873s][info][gc,stats       ]     E: <total>                     4802 us
[896.873s][info][gc,stats       ]     E: Thread Roots                 155 us, workers (us):   2,   1,   2, 119,   1,  31, ---, ---, ---, ---, ---, ---, ---, ---, ---, ---, ---, ---, ---, ---, ---, ---, ---, ---, 
[896.873s][info][gc,stats       ]     E: Code Cache Roots            3886 us, workers (us): 874, 809, 721, 634, 506, 341, ---, ---, ---, ---, ---, ---, ---, ---, ---, ---, ---, ---, ---, ---, ---, ---, ---, ---, 
[896.873s][info][gc,stats       ]     E: Universe Roots                 6 us, workers (us):   6, ---, ---, ---, ---, ---, ---, ---, ---, ---, ---, ---, ---, ---, ---, ---, ---, ---, ---, ---, ---, ---, ---, ---, 
[896.873s][info][gc,stats       ]     E: JNI Handles Roots              2 us, workers (us):   2, ---, ---, ---, ---, ---, ---, ---, ---, ---, ---, ---, ---, ---, ---, ---, ---, ---, ---, ---, ---, ---, ---, ---, 
[896.873s][info][gc,stats       ]     E: Synchronizer Roots             0 us, workers (us):   0, ---, ---, ---, ---, ---, ---, ---, ---, ---, ---, ---, ---, ---, ---, ---, ---, ---, ---, ---, ---, ---, ---, ---, 
[896.873s][info][gc,stats       ]     E: Management Roots               2 us, workers (us):   2, ---, ---, ---, ---, ---, ---, ---, ---, ---, ---, ---, ---, ---, ---, ---, ---, ---, ---, ---, ---, ---, ---, ---, 
[896.873s][info][gc,stats       ]     E: System Dict Roots             12 us, workers (us):  12, ---, ---, ---, ---, ---, ---, ---, ---, ---, ---, ---, ---, ---, ---, ---, ---, ---, ---, ---, ---, ---, ---, ---, 
[896.873s][info][gc,stats       ]     E: CLDG Roots                   736 us, workers (us): ---, ---,  58, ---, 291, 387, ---, ---, ---, ---, ---, ---, ---, ---, ---, ---, ---, ---, ---, ---, ---, ---, ---, ---, 
[896.873s][info][gc,stats       ]     E: JVMTI Roots                    1 us, workers (us):   1, ---, ---, ---, ---, ---, ---, ---, ---, ---, ---, ---, ---, ---, ---, ---, ---, ---, ---, ---, ---, ---, ---, ---, 
[896.873s][info][gc,stats       ] Concurrent Cleanup                22164 us
[896.873s][info][gc,stats       ] Concurrent Evacuation              2887 us
[896.873s][info][gc,stats       ] Pause Init  Update Refs (G)         419 us
[896.873s][info][gc,stats       ] Pause Init  Update Refs (N)         157 us
[896.873s][info][gc,stats       ]   Retire GCLABs                     143 us
[896.873s][info][gc,stats       ] Concurrent Update Refs            17686 us
[896.873s][info][gc,stats       ] Pause Final Update Refs (G)         536 us
[896.873s][info][gc,stats       ] Pause Final Update Refs (N)         187 us
[896.873s][info][gc,stats       ]   Update Roots                      128 us, parallelism: 1.17x
[896.873s][info][gc,stats       ]     UR: <total>                     149 us
[896.873s][info][gc,stats       ]     UR: Thread Roots                149 us, workers (us):  62,  23,  22,  24,  18,   0, ---, ---, ---, ---, ---, ---, ---, ---, ---, ---, ---, ---, ---, ---, ---, ---, ---, ---, 
[896.873s][info][gc,stats       ]   Update Region States               23 us
[896.873s][info][gc,stats       ]   Trash Collection Set                7 us
[896.873s][info][gc,stats       ]   Rebuild Free Set                   15 us
[896.873s][info][gc,stats       ] Concurrent Cleanup                  737 us
[896.873s][info][gc,stats       ] Pacing                           139362 us
[896.873s][info][gc,stats       ] 
[896.873s][info][gc,stats       ] Allocation pacing accrued:
[896.873s][info][gc,stats       ]     139 of   172 ms ( 81.0%): pl.nadoba.jvm.gc.benchmark.App.main()
[896.873s][info][gc,stats       ]     139 of   172 ms ( 81.0%): <total>
[896.873s][info][gc,stats       ]      14 of   172 ms (  8.1%): <average total>
[896.873s][info][gc,stats       ]     139 of   172 ms ( 81.0%): <average non-zero>
[896.873s][info][gc,stats       ] 
[896.874s][info][gc,metaspace   ] Metaspace: 24281K->24281K(1071104K)
[896.874s][info][gc,ergo        ] Pacer for Idle. Initial: 5242K, Alloc Tax Rate: 1.0x
[896.875s][info][gc             ] Trigger: Start next cycle immediately
[896.875s][info][gc,ergo        ] Free: 110M, Max: 256K regular, 66560K humongous, Frag: 41% external, 3% internal; Reserve: 13312K, Max: 256K
[896.875s][info][gc,start       ] GC(6743) Concurrent reset
[896.875s][info][gc,task        ] GC(6743) Using 6 of 24 workers for concurrent reset
[896.875s][info][gc,ergo        ] GC(6743) Pacer for Reset. Non-Taxable: 256M
[896.875s][info][gc             ] GC(6743) Concurrent reset 0.770ms
[896.876s][info][gc,start       ] GC(6743) Pause Init Mark (unload classes)
[896.876s][info][gc,task        ] GC(6743) Using 6 of 24 workers for init marking
[896.877s][info][gc,ergo        ] GC(6743) Pacer for Mark. Expected Live: 11278K, Free: 110M, Non-Taxable: 11274K, Alloc Tax Rate: 0.1x
[896.877s][info][gc             ] GC(6743) Pause Init Mark (unload classes) 1.676ms
[896.877s][info][gc,start       ] GC(6743) Concurrent marking (unload classes)
[896.877s][info][gc,task        ] GC(6743) Using 6 of 24 workers for concurrent marking
[896.942s][info][gc             ] GC(6743) Concurrent marking (unload classes) 64.165ms
[896.943s][info][gc,start       ] GC(6743) Pause Final Mark (unload classes)
[896.943s][info][gc,task        ] GC(6743) Using 6 of 24 workers for final marking
[896.996s][info][gc,stringtable ] GC(6743) Cleaned string and symbol table, strings: 8172 processed, 0 removed, symbols: 68000 processed, 0 removed
[896.996s][info][gc,ergo        ] GC(6743) Collectable Garbage: 119M (100%), Immediate: 118M (98%), CSet: 1260K (1%)
[896.998s][info][gc,ergo        ] GC(6743) Pacer for Evacuation. Used CSet: 5120K, Free: 193M, Non-Taxable: 19850K, Alloc Tax Rate: 1.1x
[896.998s][info][gc             ] GC(6743) Pause Final Mark (unload classes) 55.874ms
[896.999s][info][gc,start       ] GC(6743) Concurrent cleanup
[897.016s][info][gc             ] GC(6743) Concurrent cleanup 165M->69M(256M) 17.353ms
[897.016s][info][gc,ergo        ] GC(6743) Free: 170M, Max: 256K regular, 63744K humongous, Frag: 64% external, 1% internal; Reserve: 12511K, Max: 256K
[897.016s][info][gc,start       ] GC(6743) Concurrent evacuation
[897.016s][info][gc,task        ] GC(6743) Using 6 of 24 workers for concurrent evacuation
[897.019s][info][gc             ] GC(6743) Concurrent evacuation 2.706ms
[897.019s][info][gc,start       ] GC(6743) Pause Init Update Refs
[897.019s][info][gc,ergo        ] GC(6743) Pacer for Update Refs. Used: 75924K, Free: 170M, Non-Taxable: 17444K, Alloc Tax Rate: 1.1x
[897.019s][info][gc             ] GC(6743) Pause Init Update Refs 0.319ms
[897.019s][info][gc,start       ] GC(6743) Concurrent update references
[897.019s][info][gc,task        ] GC(6743) Using 6 of 24 workers for concurrent reference update
[897.036s][info][gc             ] GC(6743) Concurrent update references 16.433ms
[897.037s][info][gc,start       ] GC(6743) Pause Final Update Refs
[897.037s][info][gc,task        ] GC(6743) Using 6 of 24 workers for final reference update
[897.037s][info][gc             ] GC(6743) Pause Final Update Refs 0.342ms
[897.038s][info][gc,start       ] GC(6743) Concurrent cleanup
[897.038s][info][gc             ] GC(6743) Concurrent cleanup 133M->130M(256M) 0.701ms
[897.038s][info][gc             ] GC(6743) Dat log --- cycle is complete
Current gc epoch: 5470
heap: ______
capacity: 268435456
used: 136467824
committed: 268435456
bytes_allocated_since_gc_start: 133169680
hot_size: 0
cold_size: 3264387
num_regions: 1024
hot_region_count: 18446744073709406699
cold_region_count: 144937
histogram: Placeholder

[897.038s][info][gc             ] GC(6743) Obj count ac histogram
[897.038s][info][gc             ] GC(6743) 	0: 208580
[897.038s][info][gc             ] GC(6743) 	1: 15
[897.038s][info][gc             ] GC(6743) 	2: 2
[897.038s][info][gc             ] GC(6743) 	3: 0
[897.038s][info][gc             ] GC(6743) 	4: 0
[897.038s][info][gc             ] GC(6743) 	5: 0
[897.038s][info][gc             ] GC(6743) 	6: 0
[897.038s][info][gc             ] GC(6743) 	7: 0
[897.038s][info][gc             ] GC(6743) 	8: 0
[897.038s][info][gc             ] GC(6743) 	9: 0
[897.038s][info][gc             ] GC(6743) 	10: 0
[897.038s][info][gc             ] GC(6743) 	11: 0
[897.038s][info][gc             ] GC(6743) 	12: 0
[897.038s][info][gc             ] GC(6743) 	13: 0
[897.038s][info][gc             ] GC(6743) 	14: 0
[897.038s][info][gc             ] GC(6743) 	15: 0
[897.038s][info][gc             ] GC(6743) 	16: 0
[897.038s][info][gc             ] GC(6743) 	17: 0
[897.038s][info][gc             ] GC(6743) 	18: 0
[897.038s][info][gc             ] GC(6743) 	19: 0
[897.038s][info][gc             ] GC(6743) Obj size ac histogram
[897.038s][info][gc             ] GC(6743) 	0: 2496594
[897.038s][info][gc             ] GC(6743) 	1: 720
[897.038s][info][gc             ] GC(6743) 	2: 14
[897.038s][info][gc             ] GC(6743) 	3: 0
[897.038s][info][gc             ] GC(6743) 	4: 0
[897.038s][info][gc             ] GC(6743) 	5: 0
[897.038s][info][gc             ] GC(6743) 	6: 0
[897.038s][info][gc             ] GC(6743) 	7: 0
[897.038s][info][gc             ] GC(6743) 	8: 0
[897.038s][info][gc             ] GC(6743) 	9: 0
[897.038s][info][gc             ] GC(6743) 	10: 0
[897.038s][info][gc             ] GC(6743) 	11: 0
[897.038s][info][gc             ] GC(6743) 	12: 0
[897.038s][info][gc             ] GC(6743) 	13: 0
[897.038s][info][gc             ] GC(6743) 	14: 0
[897.038s][info][gc             ] GC(6743) 	15: 0
[897.038s][info][gc             ] GC(6743) 	16: 0
[897.038s][info][gc             ] GC(6743) 	17: 0
[897.038s][info][gc             ] GC(6743) 	18: 0
[897.038s][info][gc             ] GC(6743) 	19: 0
[897.038s][info][gc,ergo        ] Free: 106M, Max: 256K regular, 61952K humongous, Frag: 43% external, 3% internal; Reserve: 13312K, Max: 256K
[897.039s][info][gc,stats       ] 
[897.039s][info][gc,stats       ] All times are wall-clock times, except per-root-class counters, that are sum over
[897.039s][info][gc,stats       ] all workers. Dividing the <total> over the root stage time estimates parallelism.
[897.039s][info][gc,stats       ] 
[897.039s][info][gc,stats       ] Concurrent Reset                    751 us
[897.039s][info][gc,stats       ] Pause Init Mark (G)                1909 us
[897.039s][info][gc,stats       ] Pause Init Mark (N)                1653 us
[897.039s][info][gc,stats       ]   Accumulate Stats                    4 us
[897.039s][info][gc,stats       ]   Make Parsable                      38 us
[897.039s][info][gc,stats       ]   Update Region States               12 us
[897.039s][info][gc,stats       ]   Scan Roots                       1080 us, parallelism: 1.38x
[897.039s][info][gc,stats       ]     S: <total>                     1487 us
[897.039s][info][gc,stats       ]     S: Thread Roots                 413 us, workers (us):   1,  57,  76,  40,  52, 187, ---, ---, ---, ---, ---, ---, ---, ---, ---, ---, ---, ---, ---, ---, ---, ---, ---, ---, 
[897.039s][info][gc,stats       ]     S: Universe Roots                20 us, workers (us):  20, ---, ---, ---, ---, ---, ---, ---, ---, ---, ---, ---, ---, ---, ---, ---, ---, ---, ---, ---, ---, ---, ---, ---, 
[897.039s][info][gc,stats       ]     S: JNI Handles Roots             32 us, workers (us): ---, ---,  32, ---, ---, ---, ---, ---, ---, ---, ---, ---, ---, ---, ---, ---, ---, ---, ---, ---, ---, ---, ---, ---, 
[897.039s][info][gc,stats       ]     S: Synchronizer Roots             1 us, workers (us): ---,   1, ---, ---, ---, ---, ---, ---, ---, ---, ---, ---, ---, ---, ---, ---, ---, ---, ---, ---, ---, ---, ---, ---, 
[897.039s][info][gc,stats       ]     S: Management Roots               2 us, workers (us): ---,   2, ---, ---, ---, ---, ---, ---, ---, ---, ---, ---, ---, ---, ---, ---, ---, ---, ---, ---, ---, ---, ---, ---, 
[897.039s][info][gc,stats       ]     S: System Dict Roots             40 us, workers (us): ---,  40, ---, ---, ---, ---, ---, ---, ---, ---, ---, ---, ---, ---, ---, ---, ---, ---, ---, ---, ---, ---, ---, ---, 
[897.039s][info][gc,stats       ]     S: CLDG Roots                   978 us, workers (us): 953, ---, ---,  13,  12, ---, ---, ---, ---, ---, ---, ---, ---, ---, ---, ---, ---, ---, ---, ---, ---, ---, ---, ---, 
[897.039s][info][gc,stats       ]     S: JVMTI Roots                    1 us, workers (us): ---, ---,   1, ---, ---, ---, ---, ---, ---, ---, ---, ---, ---, ---, ---, ---, ---, ---, ---, ---, ---, ---, ---, ---, 
[897.039s][info][gc,stats       ]   Resize TLABs                        3 us
[897.039s][info][gc,stats       ] Concurrent Marking                64111 us
[897.039s][info][gc,stats       ] Pause Final Mark (G)              56996 us
[897.039s][info][gc,stats       ] Pause Final Mark (N)              55829 us
[897.039s][info][gc,stats       ]   Finish Queues                     188 us
[897.039s][info][gc,stats       ]   System Purge                      225 us
[897.039s][info][gc,stats       ]     Unload Classes                   87 us
[897.039s][info][gc,stats       ]     Cleanup                       52507 us, parallelism: 1.66x
[897.039s][info][gc,stats       ]       CU: <total>                 87007 us
[897.039s][info][gc,stats       ]       CU: Code Cache Roots        68978 us, workers (us): 11418, 11496, 11421, 11627, 11681, 11335, ---, ---, ---, ---, ---, ---, ---, ---, ---, ---, ---, ---, ---, ---, ---, ---, ---, ---, 
[897.039s][info][gc,stats       ]       CU: Code Cache Cleaning      4369 us, workers (us): 692, 928, 693, 690, 691, 676, ---, ---, ---, ---, ---, ---, ---, ---, ---, ---, ---, ---, ---, ---, ---, ---, ---, ---, 
[897.039s][info][gc,stats       ]       CU: String Table Roots       3119 us, workers (us): 627, 547, 618, 392, 316, 619, ---, ---, ---, ---, ---, ---, ---, ---, ---, ---, ---, ---, ---, ---, ---, ---, ---, ---, 
[897.039s][info][gc,stats       ]       CU: Resolved Table Roots       18 us, workers (us):   0,   0,   0,   0,   0,  17, ---, ---, ---, ---, ---, ---, ---, ---, ---, ---, ---, ---, ---, ---, ---, ---, ---, ---, 
[897.039s][info][gc,stats       ]       CU: CLDG Roots              10524 us, workers (us): 1776, 1584, 1818, 1797, 1775, 1774, ---, ---, ---, ---, ---, ---, ---, ---, ---, ---, ---, ---, ---, ---, ---, ---, ---, ---, 
[897.039s][info][gc,stats       ]     Weak Roots                      224 us
[897.039s][info][gc,stats       ]     CLDG                              0 us
[897.039s][info][gc,stats       ]   Update Region States               24 us
[897.039s][info][gc,stats       ]   Retire TLABs                       41 us
[897.039s][info][gc,stats       ]   Choose Collection Set             327 us
[897.039s][info][gc,stats       ]   Rebuild Free Set                   15 us
[897.039s][info][gc,stats       ]   Initial Evacuation               2230 us, parallelism: 2.91x
[897.039s][info][gc,stats       ]     E: <total>                     6490 us
[897.039s][info][gc,stats       ]     E: Thread Roots                 170 us, workers (us):   1,   1,   1,  36, 129,   2, ---, ---, ---, ---, ---, ---, ---, ---, ---, ---, ---, ---, ---, ---, ---, ---, ---, ---, 
[897.039s][info][gc,stats       ]     E: Code Cache Roots            5153 us, workers (us): 1143, 1185, 402, 473, 820, 1130, ---, ---, ---, ---, ---, ---, ---, ---, ---, ---, ---, ---, ---, ---, ---, ---, ---, ---, 
[897.039s][info][gc,stats       ]     E: Universe Roots                 4 us, workers (us):   4, ---, ---, ---, ---, ---, ---, ---, ---, ---, ---, ---, ---, ---, ---, ---, ---, ---, ---, ---, ---, ---, ---, ---, 
[897.039s][info][gc,stats       ]     E: JNI Handles Roots              2 us, workers (us):   2, ---, ---, ---, ---, ---, ---, ---, ---, ---, ---, ---, ---, ---, ---, ---, ---, ---, ---, ---, ---, ---, ---, ---, 
[897.039s][info][gc,stats       ]     E: Synchronizer Roots             0 us, workers (us):   0, ---, ---, ---, ---, ---, ---, ---, ---, ---, ---, ---, ---, ---, ---, ---, ---, ---, ---, ---, ---, ---, ---, ---, 
[897.039s][info][gc,stats       ]     E: Management Roots               2 us, workers (us):   2, ---, ---, ---, ---, ---, ---, ---, ---, ---, ---, ---, ---, ---, ---, ---, ---, ---, ---, ---, ---, ---, ---, ---, 
[897.039s][info][gc,stats       ]     E: System Dict Roots              9 us, workers (us):   9, ---, ---, ---, ---, ---, ---, ---, ---, ---, ---, ---, ---, ---, ---, ---, ---, ---, ---, ---, ---, ---, ---, ---, 
[897.039s][info][gc,stats       ]     E: CLDG Roots                  1149 us, workers (us): ---,  72, 627, 450, ---, ---, ---, ---, ---, ---, ---, ---, ---, ---, ---, ---, ---, ---, ---, ---, ---, ---, ---, ---, 
[897.039s][info][gc,stats       ]     E: JVMTI Roots                    1 us, workers (us):   1, ---, ---, ---, ---, ---, ---, ---, ---, ---, ---, ---, ---, ---, ---, ---, ---, ---, ---, ---, ---, ---, ---, ---, 
[897.039s][info][gc,stats       ] Concurrent Cleanup                17295 us
[897.039s][info][gc,stats       ] Concurrent Evacuation              2688 us
[897.039s][info][gc,stats       ] Pause Init  Update Refs (G)         631 us
[897.039s][info][gc,stats       ] Pause Init  Update Refs (N)         269 us
[897.039s][info][gc,stats       ]   Retire GCLABs                     239 us
[897.039s][info][gc,stats       ] Concurrent Update Refs            16398 us
[897.039s][info][gc,stats       ] Pause Final Update Refs (G)        1772 us
[897.039s][info][gc,stats       ] Pause Final Update Refs (N)         282 us
[897.039s][info][gc,stats       ]   Update Roots                      189 us, parallelism: 1.21x
[897.039s][info][gc,stats       ]     UR: <total>                     229 us
[897.039s][info][gc,stats       ]     UR: Thread Roots                229 us, workers (us): 102,  20,  34,  16,   7,  50, ---, ---, ---, ---, ---, ---, ---, ---, ---, ---, ---, ---, ---, ---, ---, ---, ---, ---, 
[897.039s][info][gc,stats       ]   Update Region States               27 us
[897.039s][info][gc,stats       ]   Trash Collection Set               11 us
[897.039s][info][gc,stats       ]   Rebuild Free Set                   32 us
[897.039s][info][gc,stats       ] Concurrent Cleanup                  640 us
[897.039s][info][gc,stats       ] Pacing                            83396 us
[897.039s][info][gc,stats       ] 
[897.039s][info][gc,stats       ] Allocation pacing accrued:
[897.039s][info][gc,stats       ]      83 of   166 ms ( 50.4%): pl.nadoba.jvm.gc.benchmark.App.main()
[897.039s][info][gc,stats       ]      83 of   166 ms ( 50.4%): <total>
[897.039s][info][gc,stats       ]       8 of   166 ms (  5.0%): <average total>
[897.039s][info][gc,stats       ]      83 of   166 ms ( 50.4%): <average non-zero>
[897.039s][info][gc,stats       ] 
[897.039s][info][gc,metaspace   ] Metaspace: 24281K->24281K(1071104K)
[897.039s][info][gc,ergo        ] Pacer for Idle. Initial: 5242K, Alloc Tax Rate: 1.0x
[897.040s][info][gc             ] Trigger: Start next cycle immediately
[897.040s][info][gc,ergo        ] Free: 100459K, Max: 256K regular, 61952K humongous, Frag: 39% external, 3% internal; Reserve: 13312K, Max: 256K
[897.040s][info][gc,start       ] GC(6744) Concurrent reset
[897.040s][info][gc,task        ] GC(6744) Using 6 of 24 workers for concurrent reset
[897.040s][info][gc,ergo        ] GC(6744) Pacer for Reset. Non-Taxable: 256M
[897.041s][info][gc             ] GC(6744) Concurrent reset 0.570ms
[897.042s][info][gc,start       ] GC(6744) Pause Init Mark (unload classes)
[897.042s][info][gc,task        ] GC(6744) Using 6 of 24 workers for init marking
[897.044s][info][gc,ergo        ] GC(6744) Pacer for Mark. Expected Live: 11278K, Free: 100459K, Non-Taxable: 10045K, Alloc Tax Rate: 0.1x
[897.044s][info][gc             ] GC(6744) Pause Init Mark (unload classes) 1.857ms
[897.044s][info][gc,start       ] GC(6744) Concurrent marking (unload classes)
[897.044s][info][gc,task        ] GC(6744) Using 6 of 24 workers for concurrent marking
[897.109s][info][gc             ] GC(6744) Concurrent marking (unload classes) 65.472ms
[897.110s][info][gc,start       ] GC(6744) Pause Final Mark (unload classes)
[897.110s][info][gc,task        ] GC(6744) Using 6 of 24 workers for final marking
[897.163s][info][gc,stringtable ] GC(6744) Cleaned string and symbol table, strings: 8172 processed, 0 removed, symbols: 68000 processed, 0 removed
[897.164s][info][gc,ergo        ] GC(6744) Collectable Garbage: 121M (100%), Immediate: 120M (98%), CSet: 1516K (1%)
[897.166s][info][gc,ergo        ] GC(6744) Pacer for Evacuation. Used CSet: 5376K, Free: 145M, Non-Taxable: 14909K, Alloc Tax Rate: 1.1x
[897.166s][info][gc             ] GC(6744) Pause Final Mark (unload classes) 56.820ms
[897.166s][info][gc,start       ] GC(6744) Concurrent cleanup
[897.184s][info][gc             ] GC(6744) Concurrent cleanup 213M->119M(256M) 17.858ms
[897.184s][info][gc,ergo        ] GC(6744) Free: 119M, Max: 256K regular, 66816K humongous, Frag: 46% external, 2% internal; Reserve: 12511K, Max: 256K
[897.184s][info][gc,start       ] GC(6744) Concurrent evacuation
[897.184s][info][gc,task        ] GC(6744) Using 6 of 24 workers for concurrent evacuation
[897.188s][info][gc             ] GC(6744) Concurrent evacuation 3.956ms
[897.189s][info][gc,start       ] GC(6744) Pause Init Update Refs
[897.189s][info][gc,ergo        ] GC(6744) Pacer for Update Refs. Used: 123M, Free: 119M, Non-Taxable: 12221K, Alloc Tax Rate: 1.3x
[897.189s][info][gc             ] GC(6744) Pause Init Update Refs 0.214ms
[897.189s][info][gc,start       ] GC(6744) Concurrent update references
[897.189s][info][gc,task        ] GC(6744) Using 6 of 24 workers for concurrent reference update
[897.206s][info][gc             ] GC(6744) Concurrent update references 17.453ms
[897.207s][info][gc,start       ] GC(6744) Pause Final Update Refs
[897.207s][info][gc,task        ] GC(6744) Using 6 of 24 workers for final reference update
[897.207s][info][gc             ] GC(6744) Pause Final Update Refs 0.248ms
[897.207s][info][gc,start       ] GC(6744) Concurrent cleanup
[897.208s][info][gc             ] GC(6744) Concurrent cleanup 166M->160M(256M) 0.966ms
[897.208s][info][gc             ] GC(6744) Dat log --- cycle is complete
Current gc epoch: 5471
heap: ______
capacity: 268435456
used: 168711600
committed: 268435456
bytes_allocated_since_gc_start: 157549072
hot_size: 0
cold_size: 4181895
num_regions: 1024
hot_region_count: 18446744073709406679
cold_region_count: 144956
histogram: Placeholder

[897.208s][info][gc             ] GC(6744) Obj count ac histogram
[897.208s][info][gc             ] GC(6744) 	0: 211763
[897.208s][info][gc             ] GC(6744) 	1: 15
[897.208s][info][gc             ] GC(6744) 	2: 2
[897.208s][info][gc             ] GC(6744) 	3: 0
[897.208s][info][gc             ] GC(6744) 	4: 0
[897.208s][info][gc             ] GC(6744) 	5: 0
[897.208s][info][gc             ] GC(6744) 	6: 0
[897.208s][info][gc             ] GC(6744) 	7: 0
[897.208s][info][gc             ] GC(6744) 	8: 0
[897.208s][info][gc             ] GC(6744) 	9: 0
[897.208s][info][gc             ] GC(6744) 	10: 0
[897.209s][info][gc             ] GC(6744) 	11: 0
[897.209s][info][gc             ] GC(6744) 	12: 0
[897.209s][info][gc             ] GC(6744) 	13: 0
[897.209s][info][gc             ] GC(6744) 	14: 0
[897.209s][info][gc             ] GC(6744) 	15: 0
[897.209s][info][gc             ] GC(6744) 	16: 0
[897.209s][info][gc             ] GC(6744) 	17: 0
[897.209s][info][gc             ] GC(6744) 	18: 0
[897.209s][info][gc             ] GC(6744) 	19: 0
[897.209s][info][gc             ] GC(6744) Obj size ac histogram
[897.209s][info][gc             ] GC(6744) 	0: 3422970
[897.209s][info][gc             ] GC(6744) 	1: 720
[897.209s][info][gc             ] GC(6744) 	2: 14
[897.209s][info][gc             ] GC(6744) 	3: 0
[897.209s][info][gc             ] GC(6744) 	4: 0
[897.209s][info][gc             ] GC(6744) 	5: 0
[897.209s][info][gc             ] GC(6744) 	6: 0
[897.209s][info][gc             ] GC(6744) 	7: 0
[897.209s][info][gc             ] GC(6744) 	8: 0
[897.209s][info][gc             ] GC(6744) 	9: 0
[897.209s][info][gc             ] GC(6744) 	10: 0
[897.209s][info][gc             ] GC(6744) 	11: 0
[897.209s][info][gc             ] GC(6744) 	12: 0
[897.209s][info][gc             ] GC(6744) 	13: 0
[897.209s][info][gc             ] GC(6744) 	14: 0
[897.209s][info][gc             ] GC(6744) 	15: 0
[897.209s][info][gc             ] GC(6744) 	16: 0
[897.209s][info][gc             ] GC(6744) 	17: 0
[897.209s][info][gc             ] GC(6744) 	18: 0
[897.209s][info][gc             ] GC(6744) 	19: 0
[897.209s][info][gc,ergo        ] Free: 76907K, Max: 256K regular, 33024K humongous, Frag: 57% external, 4% internal; Reserve: 13312K, Max: 256K
[897.209s][info][gc,stats       ] 
[897.209s][info][gc,stats       ] All times are wall-clock times, except per-root-class counters, that are sum over
[897.209s][info][gc,stats       ] all workers. Dividing the <total> over the root stage time estimates parallelism.
[897.209s][info][gc,stats       ] 
[897.209s][info][gc,stats       ] Concurrent Reset                    554 us
[897.209s][info][gc,stats       ] Pause Init Mark (G)                3170 us
[897.209s][info][gc,stats       ] Pause Init Mark (N)                1814 us
[897.209s][info][gc,stats       ]   Accumulate Stats                    8 us
[897.209s][info][gc,stats       ]   Make Parsable                      55 us
[897.209s][info][gc,stats       ]   Update Region States               20 us
[897.209s][info][gc,stats       ]   Scan Roots                        776 us, parallelism: 1.50x
[897.209s][info][gc,stats       ]     S: <total>                     1167 us
[897.209s][info][gc,stats       ]     S: Thread Roots                 404 us, workers (us):   1,   3,  86,  51,  53, 209, ---, ---, ---, ---, ---, ---, ---, ---, ---, ---, ---, ---, ---, ---, ---, ---, ---, ---, 
[897.209s][info][gc,stats       ]     S: Universe Roots                19 us, workers (us):  19, ---, ---, ---, ---, ---, ---, ---, ---, ---, ---, ---, ---, ---, ---, ---, ---, ---, ---, ---, ---, ---, ---, ---, 
[897.209s][info][gc,stats       ]     S: JNI Handles Roots             16 us, workers (us): ---, ---,  16, ---, ---, ---, ---, ---, ---, ---, ---, ---, ---, ---, ---, ---, ---, ---, ---, ---, ---, ---, ---, ---, 
[897.209s][info][gc,stats       ]     S: Synchronizer Roots             1 us, workers (us): ---,   1, ---, ---, ---, ---, ---, ---, ---, ---, ---, ---, ---, ---, ---, ---, ---, ---, ---, ---, ---, ---, ---, ---, 
[897.209s][info][gc,stats       ]     S: Management Roots               2 us, workers (us): ---, ---,   2, ---, ---, ---, ---, ---, ---, ---, ---, ---, ---, ---, ---, ---, ---, ---, ---, ---, ---, ---, ---, ---, 
[897.209s][info][gc,stats       ]     S: System Dict Roots             57 us, workers (us): ---,  57, ---, ---, ---, ---, ---, ---, ---, ---, ---, ---, ---, ---, ---, ---, ---, ---, ---, ---, ---, ---, ---, ---, 
[897.209s][info][gc,stats       ]     S: CLDG Roots                   668 us, workers (us): 629, ---, ---,  15,  25, ---, ---, ---, ---, ---, ---, ---, ---, ---, ---, ---, ---, ---, ---, ---, ---, ---, ---, ---, 
[897.209s][info][gc,stats       ]     S: JVMTI Roots                    1 us, workers (us): ---, ---,   1, ---, ---, ---, ---, ---, ---, ---, ---, ---, ---, ---, ---, ---, ---, ---, ---, ---, ---, ---, ---, ---, 
[897.209s][info][gc,stats       ]   Resize TLABs                        4 us
[897.209s][info][gc,stats       ] Concurrent Marking                65418 us
[897.209s][info][gc,stats       ] Pause Final Mark (G)              56998 us
[897.209s][info][gc,stats       ] Pause Final Mark (N)              56763 us
[897.209s][info][gc,stats       ]   Finish Queues                     203 us
[897.209s][info][gc,stats       ]   System Purge                      292 us
[897.209s][info][gc,stats       ]     Unload Classes                   99 us
[897.209s][info][gc,stats       ]     Cleanup                       53149 us, parallelism: 1.78x
[897.209s][info][gc,stats       ]       CU: <total>                 94723 us
[897.209s][info][gc,stats       ]       CU: Code Cache Roots        71992 us, workers (us): 11706, 12044, 11573, 12984, 11581, 12104, ---, ---, ---, ---, ---, ---, ---, ---, ---, ---, ---, ---, ---, ---, ---, ---, ---, ---, 
[897.209s][info][gc,stats       ]       CU: Code Cache Cleaning      8312 us, workers (us): 1400, 1404, 1400, 1133, 1574, 1400, ---, ---, ---, ---, ---, ---, ---, ---, ---, ---, ---, ---, ---, ---, ---, ---, ---, ---, 
[897.209s][info][gc,stats       ]       CU: String Table Roots       3252 us, workers (us): 765, 416, 886,   1, 853, 332, ---, ---, ---, ---, ---, ---, ---, ---, ---, ---, ---, ---, ---, ---, ---, ---, ---, ---, 
[897.209s][info][gc,stats       ]       CU: Resolved Table Roots       18 us, workers (us):   0,   0,   0,   0,  17,   0, ---, ---, ---, ---, ---, ---, ---, ---, ---, ---, ---, ---, ---, ---, ---, ---, ---, ---, 
[897.209s][info][gc,stats       ]       CU: CLDG Roots              11149 us, workers (us): 1947, 1916, 1919, 1642, 1764, 1961, ---, ---, ---, ---, ---, ---, ---, ---, ---, ---, ---, ---, ---, ---, ---, ---, ---, ---, 
[897.209s][info][gc,stats       ]     Weak Roots                      291 us
[897.209s][info][gc,stats       ]     CLDG                              1 us
[897.209s][info][gc,stats       ]   Update Region States               24 us
[897.209s][info][gc,stats       ]   Retire TLABs                       42 us
[897.209s][info][gc,stats       ]   Choose Collection Set             345 us
[897.209s][info][gc,stats       ]   Rebuild Free Set                   15 us
[897.209s][info][gc,stats       ]   Initial Evacuation               2400 us, parallelism: 2.41x
[897.210s][info][gc,stats       ]     E: <total>                     5784 us
[897.210s][info][gc,stats       ]     E: Thread Roots                 237 us, workers (us):   1,  43,   1, 110,   1,  80, ---, ---, ---, ---, ---, ---, ---, ---, ---, ---, ---, ---, ---, ---, ---, ---, ---, ---, 
[897.210s][info][gc,stats       ]     E: Code Cache Roots            4325 us, workers (us): 589, 876, 1097,   0, 1027, 736, ---, ---, ---, ---, ---, ---, ---, ---, ---, ---, ---, ---, ---, ---, ---, ---, ---, ---, 
[897.210s][info][gc,stats       ]     E: Universe Roots                 3 us, workers (us):   3, ---, ---, ---, ---, ---, ---, ---, ---, ---, ---, ---, ---, ---, ---, ---, ---, ---, ---, ---, ---, ---, ---, ---, 
[897.210s][info][gc,stats       ]     E: JNI Handles Roots              1 us, workers (us):   1, ---, ---, ---, ---, ---, ---, ---, ---, ---, ---, ---, ---, ---, ---, ---, ---, ---, ---, ---, ---, ---, ---, ---, 
[897.210s][info][gc,stats       ]     E: Synchronizer Roots             0 us, workers (us):   0, ---, ---, ---, ---, ---, ---, ---, ---, ---, ---, ---, ---, ---, ---, ---, ---, ---, ---, ---, ---, ---, ---, ---, 
[897.210s][info][gc,stats       ]     E: Management Roots               1 us, workers (us):   1, ---, ---, ---, ---, ---, ---, ---, ---, ---, ---, ---, ---, ---, ---, ---, ---, ---, ---, ---, ---, ---, ---, ---, 
[897.210s][info][gc,stats       ]     E: System Dict Roots              7 us, workers (us):   7, ---, ---, ---, ---, ---, ---, ---, ---, ---, ---, ---, ---, ---, ---, ---, ---, ---, ---, ---, ---, ---, ---, ---, 
[897.210s][info][gc,stats       ]     E: CLDG Roots                  1209 us, workers (us): 318, ---, ---, 804, ---,  87, ---, ---, ---, ---, ---, ---, ---, ---, ---, ---, ---, ---, ---, ---, ---, ---, ---, ---, 
[897.210s][info][gc,stats       ]     E: JVMTI Roots                    1 us, workers (us):   1, ---, ---, ---, ---, ---, ---, ---, ---, ---, ---, ---, ---, ---, ---, ---, ---, ---, ---, ---, ---, ---, ---, ---, 
[897.210s][info][gc,stats       ] Concurrent Cleanup                17795 us
[897.210s][info][gc,stats       ] Concurrent Evacuation              3938 us
[897.210s][info][gc,stats       ] Pause Init  Update Refs (G)         473 us
[897.210s][info][gc,stats       ] Pause Init  Update Refs (N)         158 us
[897.210s][info][gc,stats       ]   Retire GCLABs                     141 us
[897.210s][info][gc,stats       ] Concurrent Update Refs            17416 us
[897.210s][info][gc,stats       ] Pause Final Update Refs (G)        1121 us
[897.210s][info][gc,stats       ] Pause Final Update Refs (N)         199 us
[897.210s][info][gc,stats       ]   Update Roots                      127 us, parallelism: 1.45x
[897.210s][info][gc,stats       ]     UR: <total>                     185 us
[897.210s][info][gc,stats       ]     UR: Thread Roots                185 us, workers (us):  72,  26,  23,  28,   7,  28, ---, ---, ---, ---, ---, ---, ---, ---, ---, ---, ---, ---, ---, ---, ---, ---, ---, ---, 
[897.210s][info][gc,stats       ]   Update Region States               23 us
[897.210s][info][gc,stats       ]   Trash Collection Set                8 us
[897.210s][info][gc,stats       ]   Rebuild Free Set                   22 us
[897.210s][info][gc,stats       ] Concurrent Cleanup                  935 us
[897.210s][info][gc,stats       ] Pacing                           132741 us
[897.210s][info][gc,stats       ] 
[897.210s][info][gc,stats       ] Allocation pacing accrued:
[897.210s][info][gc,stats       ]     133 of   171 ms ( 77.7%): pl.nadoba.jvm.gc.benchmark.App.main()
[897.210s][info][gc,stats       ]     133 of   171 ms ( 77.7%): <total>
[897.210s][info][gc,stats       ]      13 of   171 ms (  7.8%): <average total>
[897.210s][info][gc,stats       ]     133 of   171 ms ( 77.7%): <average non-zero>
[897.210s][info][gc,stats       ] 
[897.210s][info][gc,metaspace   ] Metaspace: 24281K->24281K(1071104K)
[897.210s][info][gc,ergo        ] Pacer for Idle. Initial: 5242K, Alloc Tax Rate: 1.0x
[897.211s][info][gc             ] Trigger: Start next cycle immediately
[897.211s][info][gc,ergo        ] Free: 68459K, Max: 256K regular, 33024K humongous, Frag: 52% external, 5% internal; Reserve: 13312K, Max: 256K
[897.211s][info][gc,start       ] GC(6745) Concurrent reset
[897.211s][info][gc,task        ] GC(6745) Using 6 of 24 workers for concurrent reset
[897.211s][info][gc,ergo        ] GC(6745) Pacer for Reset. Non-Taxable: 256M
[897.212s][info][gc             ] GC(6745) Concurrent reset 0.867ms
[897.212s][info][gc,start       ] GC(6745) Pause Init Mark (process weakrefs)
[897.212s][info][gc,task        ] GC(6745) Using 6 of 24 workers for init marking
[897.215s][info][gc,ergo        ] GC(6745) Pacer for Mark. Expected Live: 12916K, Free: 68459K, Non-Taxable: 6845K, Alloc Tax Rate: 0.2x
[897.215s][info][gc             ] GC(6745) Pause Init Mark (process weakrefs) 2.876ms
[897.215s][info][gc,start       ] GC(6745) Concurrent marking (process weakrefs)
[897.215s][info][gc,task        ] GC(6745) Using 6 of 24 workers for concurrent marking
[897.283s][info][gc             ] GC(6745) Concurrent marking (process weakrefs) 67.976ms
[897.283s][info][gc,start       ] GC(6745) Concurrent precleaning
[897.283s][info][gc,task        ] GC(6745) Using 1 of 24 workers for concurrent preclean
[897.283s][info][gc,ergo        ] GC(6745) Pacer for Precleaning. Non-Taxable: 256M
[897.285s][info][gc             ] Failed to allocate Shared, 7168K
[897.285s][info][gc             ] Cancelling GC: Allocation Failure
[897.286s][info][gc             ] GC(6745) Concurrent precleaning 2.592ms
[897.286s][info][gc,start       ] GC(6745) Pause Final Mark (process weakrefs)
[897.286s][info][gc,task        ] GC(6745) Using 6 of 24 workers for final marking
[897.286s][info][gc             ] GC(6745) Pause Final Mark (process weakrefs) 0.333ms
[897.287s][info][gc,start       ] GC(6745) Concurrent cleanup
[897.287s][info][gc             ] GC(6745) Concurrent cleanup 221M->221M(256M) 0.109ms
[897.287s][info][gc,ergo        ] GC(6745) Free: 12907K, Max: 256K regular, 5632K humongous, Frag: 56% external, 18% internal; Reserve: 13312K, Max: 256K
[897.287s][info][gc             ] GC(6745) Dat log --- cycle is complete
Current gc epoch: 5472
heap: ______
capacity: 268435456
used: 231888592
committed: 268435456
bytes_allocated_since_gc_start: 56885512
hot_size: 0
cold_size: 3188711
num_regions: 1024
hot_region_count: 18446744073709406679
cold_region_count: 144956
histogram: Placeholder

[897.287s][info][gc             ] GC(6745) Obj count ac histogram
[897.287s][info][gc             ] GC(6745) 	0: 215709
[897.287s][info][gc             ] GC(6745) 	1: 15
[897.287s][info][gc             ] GC(6745) 	2: 4430
[897.287s][info][gc             ] GC(6745) 	3: 3843
[897.287s][info][gc             ] GC(6745) 	4: 773
[897.287s][info][gc             ] GC(6745) 	5: 15
[897.287s][info][gc             ] GC(6745) 	6: 0
[897.287s][info][gc             ] GC(6745) 	7: 0
[897.287s][info][gc             ] GC(6745) 	8: 0
[897.287s][info][gc             ] GC(6745) 	9: 0
[897.287s][info][gc             ] GC(6745) 	10: 0
[897.287s][info][gc             ] GC(6745) 	11: 0
[897.287s][info][gc             ] GC(6745) 	12: 0
[897.287s][info][gc             ] GC(6745) 	13: 0
[897.287s][info][gc             ] GC(6745) 	14: 0
[897.287s][info][gc             ] GC(6745) 	15: 0
[897.287s][info][gc             ] GC(6745) 	16: 0
[897.287s][info][gc             ] GC(6745) 	17: 0
[897.287s][info][gc             ] GC(6745) 	18: 0
[897.287s][info][gc             ] GC(6745) 	19: 0
[897.287s][info][gc             ] GC(6745) Obj size ac histogram
[897.287s][info][gc             ] GC(6745) 	0: 2403935
[897.287s][info][gc             ] GC(6745) 	1: 720
[897.287s][info][gc             ] GC(6745) 	2: 63831
[897.287s][info][gc             ] GC(6745) 	3: 37441
[897.287s][info][gc             ] GC(6745) 	4: 4704
[897.287s][info][gc             ] GC(6745) 	5: 150
[897.287s][info][gc             ] GC(6745) 	6: 0
[897.287s][info][gc             ] GC(6745) 	7: 0
[897.287s][info][gc             ] GC(6745) 	8: 0
[897.287s][info][gc             ] GC(6745) 	9: 0
[897.287s][info][gc             ] GC(6745) 	10: 0
[897.287s][info][gc             ] GC(6745) 	11: 0
[897.287s][info][gc             ] GC(6745) 	12: 0
[897.287s][info][gc             ] GC(6745) 	13: 0
[897.287s][info][gc             ] GC(6745) 	14: 0
[897.287s][info][gc             ] GC(6745) 	15: 0
[897.287s][info][gc             ] GC(6745) 	16: 0
[897.287s][info][gc             ] GC(6745) 	17: 0
[897.287s][info][gc             ] GC(6745) 	18: 0
[897.287s][info][gc             ] GC(6745) 	19: 0
[897.287s][info][gc,ergo        ] Free: 12907K, Max: 256K regular, 5632K humongous, Frag: 56% external, 18% internal; Reserve: 13312K, Max: 256K
[897.287s][info][gc,stats       ] 
[897.287s][info][gc,stats       ] All times are wall-clock times, except per-root-class counters, that are sum over
[897.287s][info][gc,stats       ] all workers. Dividing the <total> over the root stage time estimates parallelism.
[897.287s][info][gc,stats       ] 
[897.287s][info][gc,stats       ] Concurrent Reset                    850 us
[897.287s][info][gc,stats       ] Pause Init Mark (G)                3207 us
[897.287s][info][gc,stats       ] Pause Init Mark (N)                2838 us
[897.287s][info][gc,stats       ]   Accumulate Stats                    6 us
[897.287s][info][gc,stats       ]   Make Parsable                      48 us
[897.287s][info][gc,stats       ]   Update Region States               17 us
[897.287s][info][gc,stats       ]   Scan Roots                       2011 us, parallelism: 1.78x
[897.287s][info][gc,stats       ]     S: <total>                     3585 us
[897.287s][info][gc,stats       ]     S: Thread Roots                 331 us, workers (us):   1,  52,  72,   1,   2, 204, ---, ---, ---, ---, ---, ---, ---, ---, ---, ---, ---, ---, ---, ---, ---, ---, ---, ---, 
[897.287s][info][gc,stats       ]     S: Universe Roots                45 us, workers (us):  45, ---, ---, ---, ---, ---, ---, ---, ---, ---, ---, ---, ---, ---, ---, ---, ---, ---, ---, ---, ---, ---, ---, ---, 
[897.287s][info][gc,stats       ]     S: JNI Handles Roots             15 us, workers (us): ---, ---,  15, ---, ---, ---, ---, ---, ---, ---, ---, ---, ---, ---, ---, ---, ---, ---, ---, ---, ---, ---, ---, ---, 
[897.287s][info][gc,stats       ]     S: Synchronizer Roots             0 us, workers (us): ---,   0, ---, ---, ---, ---, ---, ---, ---, ---, ---, ---, ---, ---, ---, ---, ---, ---, ---, ---, ---, ---, ---, ---, 
[897.287s][info][gc,stats       ]     S: Management Roots               2 us, workers (us): ---,   2, ---, ---, ---, ---, ---, ---, ---, ---, ---, ---, ---, ---, ---, ---, ---, ---, ---, ---, ---, ---, ---, ---, 
[897.287s][info][gc,stats       ]     S: System Dict Roots             37 us, workers (us): ---,  37, ---, ---, ---, ---, ---, ---, ---, ---, ---, ---, ---, ---, ---, ---, ---, ---, ---, ---, ---, ---, ---, ---, 
[897.287s][info][gc,stats       ]     S: CLDG Roots                  3153 us, workers (us): 194, ---, ---, 1152, 1806, ---, ---, ---, ---, ---, ---, ---, ---, ---, ---, ---, ---, ---, ---, ---, ---, ---, ---, ---, 
[897.287s][info][gc,stats       ]     S: JVMTI Roots                    1 us, workers (us):   1, ---, ---, ---, ---, ---, ---, ---, ---, ---, ---, ---, ---, ---, ---, ---, ---, ---, ---, ---, ---, ---, ---, ---, 
[897.287s][info][gc,stats       ]   Resize TLABs                        7 us
[897.287s][info][gc,stats       ] Concurrent Marking                67925 us
[897.287s][info][gc,stats       ] Concurrent Precleaning             2569 us
[897.287s][info][gc,stats       ] Pause Final Mark (G)                614 us
[897.287s][info][gc,stats       ] Pause Final Mark (N)                279 us
[897.288s][info][gc,stats       ] Concurrent Cleanup                   81 us
[897.288s][info][gc,stats       ] Pacing                            61879 us
[897.288s][info][gc,stats       ] 
[897.288s][info][gc,stats       ] Allocation pacing accrued:
[897.288s][info][gc,stats       ]      62 of    78 ms ( 79.7%): pl.nadoba.jvm.gc.benchmark.App.main()
[897.288s][info][gc,stats       ]      62 of    78 ms ( 79.7%): <total>
[897.288s][info][gc,stats       ]       6 of    78 ms (  8.0%): <average total>
[897.288s][info][gc,stats       ]      62 of    78 ms ( 79.7%): <average non-zero>
[897.288s][info][gc,stats       ] 
[897.288s][info][gc,metaspace   ] Metaspace: 24281K->24281K(1071104K)
[897.288s][info][gc,ergo        ] Pacer for Idle. Initial: 5242K, Alloc Tax Rate: 1.0x
[897.289s][info][gc             ] Trigger: Handle Allocation Failure
[897.289s][info][gc,ergo        ] Free: 12907K, Max: 256K regular, 5632K humongous, Frag: 56% external, 18% internal; Reserve: 13312K, Max: 256K
[897.289s][info][gc,start       ] GC(6746) Pause Degenerated GC (Outside of Cycle)
[897.289s][info][gc,task        ] GC(6746) Using 6 of 24 workers for stw degenerated gc
[897.289s][info][gc,ergo        ] GC(6746) Pacer for Reset. Non-Taxable: 256M
[897.291s][info][gc,ergo        ] GC(6746) Pacer for Mark. Expected Live: 12097K, Free: 12907K, Non-Taxable: 1290K, Alloc Tax Rate: 1.1x
[897.390s][info][gc,stringtable ] GC(6746) Cleaned string and symbol table, strings: 8172 processed, 0 removed, symbols: 68000 processed, 0 removed
[897.391s][info][gc,ergo        ] GC(6746) Collectable Garbage: 212M (100%), Immediate: 211M (99%), CSet: 1260K (0%)
[897.391s][info][gc,ergo        ] GC(6746) Pacer for Evacuation. Used CSet: 5120K, Free: 233M, Non-Taxable: 23895K, Alloc Tax Rate: 1.1x
[897.422s][info][gc,ergo        ] GC(6746) Pacer for Update Refs. Used: 14484K, Free: 233M, Non-Taxable: 23895K, Alloc Tax Rate: 1.1x
[897.438s][info][gc,ergo        ] GC(6746) Good progress for free space: 233M, need 2621K
[897.438s][info][gc,ergo        ] GC(6746) Good progress for used space: 212M, need 256K
[897.438s][info][gc             ] GC(6746) Pause Degenerated GC (Outside of Cycle) 221M->9M(256M) 149.220ms
[897.438s][info][gc,ergo        ] Free: 233M, Max: 256K regular, 229M humongous, Frag: 2% external, 1% internal; Reserve: 13312K, Max: 256K
[897.439s][info][gc,stats       ] 
[897.439s][info][gc,stats       ] All times are wall-clock times, except per-root-class counters, that are sum over
[897.439s][info][gc,stats       ] all workers. Dividing the <total> over the root stage time estimates parallelism.
[897.439s][info][gc,stats       ] 
[897.439s][info][gc,stats       ]   Accumulate Stats                    8 us
[897.439s][info][gc,stats       ]   Make Parsable                      52 us
[897.439s][info][gc,stats       ]   Update Region States               16 us
[897.439s][info][gc,stats       ]   Scan Roots                        799 us, parallelism: 1.58x
[897.439s][info][gc,stats       ]     S: <total>                     1264 us
[897.439s][info][gc,stats       ]     S: Thread Roots                 475 us, workers (us):  24,  91,  40,   1,  48, 271, ---, ---, ---, ---, ---, ---, ---, ---, ---, ---, ---, ---, ---, ---, ---, ---, ---, ---, 
[897.439s][info][gc,stats       ]     S: Universe Roots                22 us, workers (us):  22, ---, ---, ---, ---, ---, ---, ---, ---, ---, ---, ---, ---, ---, ---, ---, ---, ---, ---, ---, ---, ---, ---, ---, 
[897.439s][info][gc,stats       ]     S: JNI Handles Roots             36 us, workers (us): ---,  36, ---, ---, ---, ---, ---, ---, ---, ---, ---, ---, ---, ---, ---, ---, ---, ---, ---, ---, ---, ---, ---, ---, 
[897.439s][info][gc,stats       ]     S: Synchronizer Roots             1 us, workers (us): ---,   1, ---, ---, ---, ---, ---, ---, ---, ---, ---, ---, ---, ---, ---, ---, ---, ---, ---, ---, ---, ---, ---, ---, 
[897.439s][info][gc,stats       ]     S: Management Roots               2 us, workers (us): ---,   2, ---, ---, ---, ---, ---, ---, ---, ---, ---, ---, ---, ---, ---, ---, ---, ---, ---, ---, ---, ---, ---, ---, 
[897.439s][info][gc,stats       ]     S: System Dict Roots             37 us, workers (us): ---, ---,  37, ---, ---, ---, ---, ---, ---, ---, ---, ---, ---, ---, ---, ---, ---, ---, ---, ---, ---, ---, ---, ---, 
[897.439s][info][gc,stats       ]     S: CLDG Roots                   690 us, workers (us):  14, ---, ---, 664,  11, ---, ---, ---, ---, ---, ---, ---, ---, ---, ---, ---, ---, ---, ---, ---, ---, ---, ---, ---, 
[897.439s][info][gc,stats       ]     S: JVMTI Roots                    1 us, workers (us): ---, ---, ---,   1, ---, ---, ---, ---, ---, ---, ---, ---, ---, ---, ---, ---, ---, ---, ---, ---, ---, ---, ---, ---, 
[897.439s][info][gc,stats       ]   Resize TLABs                        4 us
[897.439s][info][gc,stats       ]   Finish Queues                   39796 us
[897.439s][info][gc,stats       ]   Weak References                  3946 us
[897.439s][info][gc,stats       ]     Process                        3933 us
[897.439s][info][gc,stats       ]   System Purge                      359 us
[897.439s][info][gc,stats       ]     Unload Classes                   90 us
[897.439s][info][gc,stats       ]     Cleanup                       54660 us, parallelism: 1.87x
[897.439s][info][gc,stats       ]       CU: <total>                102047 us
[897.439s][info][gc,stats       ]       CU: Code Cache Roots        81262 us, workers (us): 13694, 13451, 13403, 13528, 13433, 13753, ---, ---, ---, ---, ---, ---, ---, ---, ---, ---, ---, ---, ---, ---, ---, ---, ---, ---, 
[897.439s][info][gc,stats       ]       CU: Code Cache Cleaning      4634 us, workers (us): 757, 742, 755, 757, 756, 868, ---, ---, ---, ---, ---, ---, ---, ---, ---, ---, ---, ---, ---, ---, ---, ---, ---, ---, 
[897.439s][info][gc,stats       ]       CU: String Table Roots       3919 us, workers (us): 522, 750, 798, 668, 757, 424, ---, ---, ---, ---, ---, ---, ---, ---, ---, ---, ---, ---, ---, ---, ---, ---, ---, ---, 
[897.439s][info][gc,stats       ]       CU: Resolved Table Roots       19 us, workers (us):   0,  18,   0,   0,   0,   0, ---, ---, ---, ---, ---, ---, ---, ---, ---, ---, ---, ---, ---, ---, ---, ---, ---, ---, 
[897.439s][info][gc,stats       ]       CU: CLDG Roots              12212 us, workers (us): 2067, 2034, 2081, 2084, 2028, 1918, ---, ---, ---, ---, ---, ---, ---, ---, ---, ---, ---, ---, ---, ---, ---, ---, ---, ---, 
[897.439s][info][gc,stats       ]     Weak Roots                      358 us
[897.439s][info][gc,stats       ]     CLDG                              1 us
[897.439s][info][gc,stats       ]   Update Region States               20 us
[897.439s][info][gc,stats       ]   Retire TLABs                        9 us
[897.439s][info][gc,stats       ]   Choose Collection Set             577 us
[897.439s][info][gc,stats       ]   Rebuild Free Set                   20 us
[897.439s][info][gc,stats       ]   Initial Evacuation                  7 us
[897.439s][info][gc,stats       ]   Retire GCLABs                     158 us
[897.439s][info][gc,stats       ]   Finish Work                     13810 us
[897.439s][info][gc,stats       ]   Update Region States               27 us
[897.439s][info][gc,stats       ]   Trash Collection Set               10 us
[897.439s][info][gc,stats       ]   Rebuild Free Set                   39 us
[897.439s][info][gc,stats       ] Pause Degenerated GC (G)         149586 us
[897.439s][info][gc,stats       ] Pause Degenerated GC (N)         149178 us
[897.439s][info][gc,stats       ]   Degen Update Roots               1536 us, parallelism: 3.33x
[897.439s][info][gc,stats       ]     DU: <total>                    5110 us
[897.439s][info][gc,stats       ]     DU: Thread Roots                139 us, workers (us):  27,   1, 107,   2,   2,   1, ---, ---, ---, ---, ---, ---, ---, ---, ---, ---, ---, ---, ---, ---, ---, ---, ---, ---, 
[897.439s][info][gc,stats       ]     DU: Code Cache Roots           4191 us, workers (us): 642, 626, 320, 1052, 462, 1088, ---, ---, ---, ---, ---, ---, ---, ---, ---, ---, ---, ---, ---, ---, ---, ---, ---, ---, 
[897.439s][info][gc,stats       ]     DU: Universe Roots                9 us, workers (us):   9, ---, ---, ---, ---, ---, ---, ---, ---, ---, ---, ---, ---, ---, ---, ---, ---, ---, ---, ---, ---, ---, ---, ---, 
[897.439s][info][gc,stats       ]     DU: JNI Handles Roots             5 us, workers (us):   5, ---, ---, ---, ---, ---, ---, ---, ---, ---, ---, ---, ---, ---, ---, ---, ---, ---, ---, ---, ---, ---, ---, ---, 
[897.439s][info][gc,stats       ]     DU: Synchronizer Roots            1 us, workers (us): ---,   1, ---, ---, ---, ---, ---, ---, ---, ---, ---, ---, ---, ---, ---, ---, ---, ---, ---, ---, ---, ---, ---, ---, 
[897.439s][info][gc,stats       ]     DU: Management Roots              3 us, workers (us): ---, ---,   3, ---, ---, ---, ---, ---, ---, ---, ---, ---, ---, ---, ---, ---, ---, ---, ---, ---, ---, ---, ---, ---, 
[897.439s][info][gc,stats       ]     DU: System Dict Roots            18 us, workers (us): ---,  18, ---, ---, ---, ---, ---, ---, ---, ---, ---, ---, ---, ---, ---, ---, ---, ---, ---, ---, ---, ---, ---, ---, 
[897.439s][info][gc,stats       ]     DU: CLDG Roots                  743 us, workers (us): ---,  48, 232, ---, 463, ---, ---, ---, ---, ---, ---, ---, ---, ---, ---, ---, ---, ---, ---, ---, ---, ---, ---, ---, 
[897.439s][info][gc,stats       ]     DU: JVMTI Roots                   1 us, workers (us):   1, ---, ---, ---, ---, ---, ---, ---, ---, ---, ---, ---, ---, ---, ---, ---, ---, ---, ---, ---, ---, ---, ---, ---, 
[897.439s][info][gc,stats       ] 
[897.439s][info][gc,stats       ] Allocation pacing accrued:
[897.439s][info][gc,stats       ]       0 of   152 ms (  0.0%): <total>
[897.439s][info][gc,stats       ]       0 of   152 ms (  0.0%): <average total>
[897.439s][info][gc,stats       ] 
[897.440s][info][gc,metaspace   ] Metaspace: 24281K->24281K(1071104K)
[897.440s][info][gc,ergo        ] Pacer for Idle. Initial: 5242K, Alloc Tax Rate: 1.0x
[897.441s][info][gc             ] Trigger: Start next cycle immediately
[897.441s][info][gc,ergo        ] Free: 226M, Max: 256K regular, 221M humongous, Frag: 2% external, 1% internal; Reserve: 13312K, Max: 256K
[897.441s][info][gc,start       ] GC(6747) Concurrent reset
[897.441s][info][gc,task        ] GC(6747) Using 6 of 24 workers for concurrent reset
[897.441s][info][gc,ergo        ] GC(6747) Pacer for Reset. Non-Taxable: 256M
[897.441s][info][gc             ] GC(6747) Concurrent reset 0.431ms
[897.441s][info][gc,start       ] GC(6747) Pause Init Mark
[897.441s][info][gc,task        ] GC(6747) Using 6 of 24 workers for init marking
[897.444s][info][gc,ergo        ] GC(6747) Pacer for Mark. Expected Live: 10254K, Free: 226M, Non-Taxable: 23178K, Alloc Tax Rate: 0.1x
[897.444s][info][gc             ] GC(6747) Pause Init Mark 2.534ms
[897.444s][info][gc,start       ] GC(6747) Concurrent marking
[897.444s][info][gc,task        ] GC(6747) Using 6 of 24 workers for concurrent marking
[897.484s][info][gc             ] GC(6747) Concurrent marking 40.177ms
[897.484s][info][gc,start       ] GC(6747) Pause Final Mark
[897.484s][info][gc,task        ] GC(6747) Using 6 of 24 workers for final marking
[897.485s][info][gc,ergo        ] GC(6747) Collectable Garbage: 8172K (100%), Immediate: 7168K (87%), CSet: 1004K (12%)
[897.488s][info][gc,ergo        ] GC(6747) Pacer for Evacuation. Used CSet: 4864K, Free: 198M, Non-Taxable: 20285K, Alloc Tax Rate: 1.1x
[897.488s][info][gc             ] GC(6747) Pause Final Mark 3.784ms
[897.488s][info][gc,start       ] GC(6747) Concurrent cleanup
[897.489s][info][gc             ] GC(6747) Concurrent cleanup 50M->47M(256M) 1.215ms
[897.489s][info][gc,ergo        ] GC(6747) Free: 193M, Max: 256K regular, 186M humongous, Frag: 4% external, 1% internal; Reserve: 12495K, Max: 256K
[897.489s][info][gc,start       ] GC(6747) Concurrent evacuation
[897.489s][info][gc,task        ] GC(6747) Using 6 of 24 workers for concurrent evacuation
[897.493s][info][gc             ] GC(6747) Concurrent evacuation 3.508ms
[897.494s][info][gc,start       ] GC(6747) Pause Init Update Refs
[897.494s][info][gc,ergo        ] GC(6747) Pacer for Update Refs. Used: 69269K, Free: 176M, Non-Taxable: 18058K, Alloc Tax Rate: 1.1x
[897.494s][info][gc             ] GC(6747) Pause Init Update Refs 0.252ms
[897.494s][info][gc,start       ] GC(6747) Concurrent update references
[897.494s][info][gc,task        ] GC(6747) Using 6 of 24 workers for concurrent reference update
[897.507s][info][gc             ] GC(6747) Concurrent update references 13.093ms
[897.507s][info][gc,start       ] GC(6747) Pause Final Update Refs
[897.507s][info][gc,task        ] GC(6747) Using 6 of 24 workers for final reference update
[897.508s][info][gc             ] GC(6747) Pause Final Update Refs 0.301ms
[897.508s][info][gc,start       ] GC(6747) Concurrent cleanup
[897.509s][info][gc             ] GC(6747) Concurrent cleanup 83M->83M(256M) 0.832ms
[897.509s][info][gc             ] GC(6747) Dat log --- cycle is complete
Current gc epoch: 5473
heap: ______
capacity: 268435456
used: 87970960
committed: 268435456
bytes_allocated_since_gc_start: 83099912
hot_size: 0
cold_size: 5015306
num_regions: 1024
hot_region_count: 18446744073709406642
cold_region_count: 144993
histogram: Placeholder

[897.509s][info][gc             ] GC(6747) Obj count ac histogram
[897.509s][info][gc             ] GC(6747) 	0: 341778
[897.509s][info][gc             ] GC(6747) 	1: 30
[897.509s][info][gc             ] GC(6747) 	2: 7361
[897.509s][info][gc             ] GC(6747) 	3: 10630
[897.509s][info][gc             ] GC(6747) 	4: 6998
[897.509s][info][gc             ] GC(6747) 	5: 41
[897.509s][info][gc             ] GC(6747) 	6: 0
[897.509s][info][gc             ] GC(6747) 	7: 0
[897.509s][info][gc             ] GC(6747) 	8: 0
[897.509s][info][gc             ] GC(6747) 	9: 0
[897.509s][info][gc             ] GC(6747) 	10: 0
[897.509s][info][gc             ] GC(6747) 	11: 0
[897.509s][info][gc             ] GC(6747) 	12: 0
[897.509s][info][gc             ] GC(6747) 	13: 0
[897.509s][info][gc             ] GC(6747) 	14: 0
[897.509s][info][gc             ] GC(6747) 	15: 0
[897.509s][info][gc             ] GC(6747) 	16: 0
[897.509s][info][gc             ] GC(6747) 	17: 0
[897.509s][info][gc             ] GC(6747) 	18: 0
[897.509s][info][gc             ] GC(6747) 	19: 0
[897.509s][info][gc             ] GC(6747) Obj size ac histogram
[897.509s][info][gc             ] GC(6747) 	0: 3068766
[897.509s][info][gc             ] GC(6747) 	1: 1440
[897.509s][info][gc             ] GC(6747) 	2: 92673
[897.509s][info][gc             ] GC(6747) 	3: 133502
[897.509s][info][gc             ] GC(6747) 	4: 44700
[897.509s][info][gc             ] GC(6747) 	5: 405
[897.509s][info][gc             ] GC(6747) 	6: 0
[897.509s][info][gc             ] GC(6747) 	7: 0
[897.509s][info][gc             ] GC(6747) 	8: 0
[897.509s][info][gc             ] GC(6747) 	9: 0
[897.509s][info][gc             ] GC(6747) 	10: 0
[897.509s][info][gc             ] GC(6747) 	11: 0
[897.509s][info][gc             ] GC(6747) 	12: 0
[897.509s][info][gc             ] GC(6747) 	13: 0
[897.509s][info][gc             ] GC(6747) 	14: 0
[897.509s][info][gc             ] GC(6747) 	15: 0
[897.509s][info][gc             ] GC(6747) 	16: 0
[897.509s][info][gc             ] GC(6747) 	17: 0
[897.509s][info][gc             ] GC(6747) 	18: 0
[897.509s][info][gc             ] GC(6747) 	19: 0
[897.509s][info][gc,ergo        ] Free: 154M, Max: 256K regular, 148M humongous, Frag: 4% external, 2% internal; Reserve: 13312K, Max: 256K
[897.509s][info][gc,stats       ] 
[897.509s][info][gc,stats       ] All times are wall-clock times, except per-root-class counters, that are sum over
[897.509s][info][gc,stats       ] all workers. Dividing the <total> over the root stage time estimates parallelism.
[897.509s][info][gc,stats       ] 
[897.509s][info][gc,stats       ] Concurrent Reset                    412 us
[897.509s][info][gc,stats       ] Pause Init Mark (G)                2886 us
[897.509s][info][gc,stats       ] Pause Init Mark (N)                2491 us
[897.509s][info][gc,stats       ]   Accumulate Stats                    7 us
[897.509s][info][gc,stats       ]   Make Parsable                      49 us
[897.509s][info][gc,stats       ]   Update Region States               14 us
[897.509s][info][gc,stats       ]   Scan Roots                       1414 us, parallelism: 2.23x
[897.509s][info][gc,stats       ]     S: <total>                     3149 us
[897.509s][info][gc,stats       ]     S: Thread Roots                 463 us, workers (us):   1, 108,   2,   1, 245, 105, ---, ---, ---, ---, ---, ---, ---, ---, ---, ---, ---, ---, ---, ---, ---, ---, ---, ---, 
[897.509s][info][gc,stats       ]     S: Universe Roots                29 us, workers (us):  29, ---, ---, ---, ---, ---, ---, ---, ---, ---, ---, ---, ---, ---, ---, ---, ---, ---, ---, ---, ---, ---, ---, ---, 
[897.509s][info][gc,stats       ]     S: JNI Handles Roots              9 us, workers (us):   9, ---, ---, ---, ---, ---, ---, ---, ---, ---, ---, ---, ---, ---, ---, ---, ---, ---, ---, ---, ---, ---, ---, ---, 
[897.509s][info][gc,stats       ]     S: Synchronizer Roots             1 us, workers (us): ---,   1, ---, ---, ---, ---, ---, ---, ---, ---, ---, ---, ---, ---, ---, ---, ---, ---, ---, ---, ---, ---, ---, ---, 
[897.509s][info][gc,stats       ]     S: Management Roots               1 us, workers (us):   1, ---, ---, ---, ---, ---, ---, ---, ---, ---, ---, ---, ---, ---, ---, ---, ---, ---, ---, ---, ---, ---, ---, ---, 
[897.509s][info][gc,stats       ]     S: System Dict Roots             54 us, workers (us): ---,  54, ---, ---, ---, ---, ---, ---, ---, ---, ---, ---, ---, ---, ---, ---, ---, ---, ---, ---, ---, ---, ---, ---, 
[897.509s][info][gc,stats       ]     S: CLDG Roots                  2591 us, workers (us): 1188, ---, 175, 1228, ---, ---, ---, ---, ---, ---, ---, ---, ---, ---, ---, ---, ---, ---, ---, ---, ---, ---, ---, ---, 
[897.509s][info][gc,stats       ]     S: JVMTI Roots                    0 us, workers (us):   0, ---, ---, ---, ---, ---, ---, ---, ---, ---, ---, ---, ---, ---, ---, ---, ---, ---, ---, ---, ---, ---, ---, ---, 
[897.509s][info][gc,stats       ]   Resize TLABs                        7 us
[897.509s][info][gc,stats       ] Concurrent Marking                40124 us
[897.509s][info][gc,stats       ] Pause Final Mark (G)               3981 us
[897.509s][info][gc,stats       ] Pause Final Mark (N)               3735 us
[897.509s][info][gc,stats       ]   Finish Queues                     175 us
[897.509s][info][gc,stats       ]   System Purge                      176 us
[897.509s][info][gc,stats       ]     Weak Roots                      175 us
[897.509s][info][gc,stats       ]   Update Region States               37 us
[897.510s][info][gc,stats       ]   Retire TLABs                       66 us
[897.510s][info][gc,stats       ]   Choose Collection Set              93 us
[897.510s][info][gc,stats       ]   Rebuild Free Set                   37 us
[897.510s][info][gc,stats       ]   Initial Evacuation               3124 us, parallelism: 1.56x
[897.510s][info][gc,stats       ]     E: <total>                     4878 us
[897.510s][info][gc,stats       ]     E: Thread Roots                 130 us, workers (us):   1,  73,  53,   1,   1,   1, ---, ---, ---, ---, ---, ---, ---, ---, ---, ---, ---, ---, ---, ---, ---, ---, ---, ---, 
[897.510s][info][gc,stats       ]     E: Code Cache Roots            3965 us, workers (us): 480, 686, 265, 1019, 817, 698, ---, ---, ---, ---, ---, ---, ---, ---, ---, ---, ---, ---, ---, ---, ---, ---, ---, ---, 
[897.510s][info][gc,stats       ]     E: Universe Roots                 2 us, workers (us):   2, ---, ---, ---, ---, ---, ---, ---, ---, ---, ---, ---, ---, ---, ---, ---, ---, ---, ---, ---, ---, ---, ---, ---, 
[897.510s][info][gc,stats       ]     E: JNI Handles Roots              2 us, workers (us): ---, ---,   2, ---, ---, ---, ---, ---, ---, ---, ---, ---, ---, ---, ---, ---, ---, ---, ---, ---, ---, ---, ---, ---, 
[897.510s][info][gc,stats       ]     E: Synchronizer Roots             0 us, workers (us): ---,   0, ---, ---, ---, ---, ---, ---, ---, ---, ---, ---, ---, ---, ---, ---, ---, ---, ---, ---, ---, ---, ---, ---, 
[897.510s][info][gc,stats       ]     E: Management Roots               1 us, workers (us):   1, ---, ---, ---, ---, ---, ---, ---, ---, ---, ---, ---, ---, ---, ---, ---, ---, ---, ---, ---, ---, ---, ---, ---, 
[897.510s][info][gc,stats       ]     E: System Dict Roots              6 us, workers (us): ---,   6, ---, ---, ---, ---, ---, ---, ---, ---, ---, ---, ---, ---, ---, ---, ---, ---, ---, ---, ---, ---, ---, ---, 
[897.510s][info][gc,stats       ]     E: CLDG Roots                   770 us, workers (us): 280, ---, 426, ---, ---,  64, ---, ---, ---, ---, ---, ---, ---, ---, ---, ---, ---, ---, ---, ---, ---, ---, ---, ---, 
[897.510s][info][gc,stats       ]     E: JVMTI Roots                    1 us, workers (us):   1, ---, ---, ---, ---, ---, ---, ---, ---, ---, ---, ---, ---, ---, ---, ---, ---, ---, ---, ---, ---, ---, ---, ---, 
[897.510s][info][gc,stats       ] Concurrent Cleanup                 1163 us
[897.510s][info][gc,stats       ] Concurrent Evacuation              3492 us
[897.510s][info][gc,stats       ] Pause Init  Update Refs (G)        1093 us
[897.510s][info][gc,stats       ] Pause Init  Update Refs (N)         203 us
[897.510s][info][gc,stats       ]   Retire GCLABs                     177 us
[897.510s][info][gc,stats       ] Concurrent Update Refs            13061 us
[897.510s][info][gc,stats       ] Pause Final Update Refs (G)         586 us
[897.510s][info][gc,stats       ] Pause Final Update Refs (N)         252 us
[897.510s][info][gc,stats       ]   Update Roots                      150 us, parallelism: 1.31x
[897.510s][info][gc,stats       ]     UR: <total>                     198 us
[897.510s][info][gc,stats       ]     UR: Thread Roots                198 us, workers (us):  86,  50,  55,   4,   2,   0, ---, ---, ---, ---, ---, ---, ---, ---, ---, ---, ---, ---, ---, ---, ---, ---, ---, ---, 
[897.510s][info][gc,stats       ]   Update Region States               26 us
[897.510s][info][gc,stats       ]   Trash Collection Set               11 us
[897.510s][info][gc,stats       ]   Rebuild Free Set                   36 us
[897.510s][info][gc,stats       ] Concurrent Cleanup                  801 us
[897.510s][info][gc,stats       ] Pacing                            50710 us
[897.510s][info][gc,stats       ] 
[897.510s][info][gc,stats       ] Allocation pacing accrued:
[897.510s][info][gc,stats       ]      51 of    70 ms ( 72.0%): pl.nadoba.jvm.gc.benchmark.App.main()
[897.510s][info][gc,stats       ]      51 of    70 ms ( 72.0%): <total>
[897.510s][info][gc,stats       ]       5 of    70 ms (  7.2%): <average total>
[897.510s][info][gc,stats       ]      51 of    70 ms ( 72.0%): <average non-zero>
[897.510s][info][gc,stats       ] 
[897.510s][info][gc,metaspace   ] Metaspace: 24281K->24281K(1071104K)
[897.510s][info][gc,ergo        ] Pacer for Idle. Initial: 5242K, Alloc Tax Rate: 1.0x
[897.511s][info][gc             ] Trigger: Start next cycle immediately
[897.511s][info][gc,ergo        ] Free: 143M, Max: 256K regular, 139M humongous, Frag: 3% external, 2% internal; Reserve: 13312K, Max: 256K
[897.511s][info][gc,start       ] GC(6748) Concurrent reset
[897.511s][info][gc,task        ] GC(6748) Using 6 of 24 workers for concurrent reset
[897.511s][info][gc,ergo        ] GC(6748) Pacer for Reset. Non-Taxable: 256M
[897.512s][info][gc             ] GC(6748) Concurrent reset 0.687ms
[897.513s][info][gc,start       ] GC(6748) Pause Init Mark (process weakrefs)
[897.513s][info][gc,task        ] GC(6748) Using 6 of 24 workers for init marking
[897.516s][info][gc,ergo        ] GC(6748) Pacer for Mark. Expected Live: 10254K, Free: 139M, Non-Taxable: 14295K, Alloc Tax Rate: 0.1x
[897.516s][info][gc             ] GC(6748) Pause Init Mark (process weakrefs) 3.070ms
[897.516s][info][gc,start       ] GC(6748) Concurrent marking (process weakrefs)
[897.516s][info][gc,task        ] GC(6748) Using 6 of 24 workers for concurrent marking
[897.584s][info][gc             ] GC(6748) Concurrent marking (process weakrefs) 67.846ms
[897.584s][info][gc,start       ] GC(6748) Concurrent precleaning
[897.584s][info][gc,task        ] GC(6748) Using 1 of 24 workers for concurrent preclean
[897.584s][info][gc,ergo        ] GC(6748) Pacer for Precleaning. Non-Taxable: 256M
[897.588s][info][gc             ] GC(6748) Concurrent precleaning 3.633ms
[897.588s][info][gc,start       ] GC(6748) Pause Final Mark (process weakrefs)
[897.588s][info][gc,task        ] GC(6748) Using 6 of 24 workers for final marking
[897.589s][info][gc,ergo        ] GC(6748) Collectable Garbage: 87533K (100%), Immediate: 86272K (98%), CSet: 1260K (1%)
[897.592s][info][gc,ergo        ] GC(6748) Pacer for Evacuation. Used CSet: 5120K, Free: 141M, Non-Taxable: 14474K, Alloc Tax Rate: 1.1x
[897.592s][info][gc             ] GC(6748) Pause Final Mark (process weakrefs) 4.256ms
[897.592s][info][gc,start       ] GC(6748) Concurrent cleanup
[897.606s][info][gc             ] GC(6748) Concurrent cleanup 182M->112M(256M) 13.559ms
[897.606s][info][gc,ergo        ] GC(6748) Free: 126M, Max: 256K regular, 76288K humongous, Frag: 41% external, 2% internal; Reserve: 12667K, Max: 256K
[897.606s][info][gc,start       ] GC(6748) Concurrent evacuation
[897.606s][info][gc,task        ] GC(6748) Using 6 of 24 workers for concurrent evacuation
[897.610s][info][gc             ] GC(6748) Concurrent evacuation 3.916ms
[897.610s][info][gc,start       ] GC(6748) Pause Init Update Refs
[897.610s][info][gc,ergo        ] GC(6748) Pacer for Update Refs. Used: 122M, Free: 119M, Non-Taxable: 12273K, Alloc Tax Rate: 1.3x
[897.610s][info][gc             ] GC(6748) Pause Init Update Refs 0.254ms
[897.610s][info][gc,start       ] GC(6748) Concurrent update references
[897.610s][info][gc,task        ] GC(6748) Using 6 of 24 workers for concurrent reference update
[897.627s][info][gc             ] GC(6748) Concurrent update references 16.733ms
[897.628s][info][gc,start       ] GC(6748) Pause Final Update Refs
[897.628s][info][gc,task        ] GC(6748) Using 6 of 24 workers for final reference update
[897.628s][info][gc             ] GC(6748) Pause Final Update Refs 0.308ms
[897.628s][info][gc,start       ] GC(6748) Concurrent cleanup
[897.629s][info][gc             ] GC(6748) Concurrent cleanup 158M->153M(256M) 0.884ms
[897.629s][info][gc             ] GC(6748) Dat log --- cycle is complete
Current gc epoch: 5474
heap: ______
capacity: 268435456
used: 161371536
committed: 268435456
bytes_allocated_since_gc_start: 158597648
hot_size: 0
cold_size: 3192719
num_regions: 1024
hot_region_count: 18446744073709406623
cold_region_count: 145012
histogram: Placeholder

[897.629s][info][gc             ] GC(6748) Obj count ac histogram
[897.629s][info][gc             ] GC(6748) 	0: 214267
[897.629s][info][gc             ] GC(6748) 	1: 16
[897.629s][info][gc             ] GC(6748) 	2: 4254
[897.629s][info][gc             ] GC(6748) 	3: 4288
[897.629s][info][gc             ] GC(6748) 	4: 896
[897.629s][info][gc             ] GC(6748) 	5: 15
[897.629s][info][gc             ] GC(6748) 	6: 0
[897.629s][info][gc             ] GC(6748) 	7: 0
[897.629s][info][gc             ] GC(6748) 	8: 0
[897.629s][info][gc             ] GC(6748) 	9: 0
[897.629s][info][gc             ] GC(6748) 	10: 0
[897.629s][info][gc             ] GC(6748) 	11: 0
[897.629s][info][gc             ] GC(6748) 	12: 0
[897.629s][info][gc             ] GC(6748) 	13: 0
[897.629s][info][gc             ] GC(6748) 	14: 0
[897.629s][info][gc             ] GC(6748) 	15: 0
[897.629s][info][gc             ] GC(6748) 	16: 0
[897.629s][info][gc             ] GC(6748) 	17: 0
[897.629s][info][gc             ] GC(6748) 	18: 0
[897.629s][info][gc             ] GC(6748) 	19: 0
[897.629s][info][gc             ] GC(6748) Obj size ac histogram
[897.629s][info][gc             ] GC(6748) 	0: 1881923
[897.629s][info][gc             ] GC(6748) 	1: 739
[897.629s][info][gc             ] GC(6748) 	2: 60729
[897.629s][info][gc             ] GC(6748) 	3: 40936
[897.629s][info][gc             ] GC(6748) 	4: 5555
[897.629s][info][gc             ] GC(6748) 	5: 150
[897.629s][info][gc             ] GC(6748) 	6: 0
[897.629s][info][gc             ] GC(6748) 	7: 0
[897.629s][info][gc             ] GC(6748) 	8: 0
[897.629s][info][gc             ] GC(6748) 	9: 0
[897.629s][info][gc             ] GC(6748) 	10: 0
[897.629s][info][gc             ] GC(6748) 	11: 0
[897.629s][info][gc             ] GC(6748) 	12: 0
[897.629s][info][gc             ] GC(6748) 	13: 0
[897.629s][info][gc             ] GC(6748) 	14: 0
[897.629s][info][gc             ] GC(6748) 	15: 0
[897.629s][info][gc             ] GC(6748) 	16: 0
[897.629s][info][gc             ] GC(6748) 	17: 0
[897.629s][info][gc             ] GC(6748) 	18: 0
[897.629s][info][gc             ] GC(6748) 	19: 0
[897.630s][info][gc,ergo        ] Free: 84331K, Max: 256K regular, 48640K humongous, Frag: 43% external, 4% internal; Reserve: 13312K, Max: 256K
[897.630s][info][gc,stats       ] 
[897.630s][info][gc,stats       ] All times are wall-clock times, except per-root-class counters, that are sum over
[897.630s][info][gc,stats       ] all workers. Dividing the <total> over the root stage time estimates parallelism.
[897.630s][info][gc,stats       ] 
[897.630s][info][gc,stats       ] Concurrent Reset                    670 us
[897.630s][info][gc,stats       ] Pause Init Mark (G)                4217 us
[897.630s][info][gc,stats       ] Pause Init Mark (N)                3018 us
[897.630s][info][gc,stats       ]   Accumulate Stats                    8 us
[897.630s][info][gc,stats       ]   Make Parsable                      56 us
[897.630s][info][gc,stats       ]   Update Region States               30 us
[897.630s][info][gc,stats       ]   Scan Roots                       1955 us, parallelism: 1.75x
[897.630s][info][gc,stats       ]     S: <total>                     3431 us
[897.630s][info][gc,stats       ]     S: Thread Roots                 332 us, workers (us):  45,  73,   2,   2,   1, 210, ---, ---, ---, ---, ---, ---, ---, ---, ---, ---, ---, ---, ---, ---, ---, ---, ---, ---, 
[897.630s][info][gc,stats       ]     S: Universe Roots                32 us, workers (us):  32, ---, ---, ---, ---, ---, ---, ---, ---, ---, ---, ---, ---, ---, ---, ---, ---, ---, ---, ---, ---, ---, ---, ---, 
[897.630s][info][gc,stats       ]     S: JNI Handles Roots             21 us, workers (us):  21, ---, ---, ---, ---, ---, ---, ---, ---, ---, ---, ---, ---, ---, ---, ---, ---, ---, ---, ---, ---, ---, ---, ---, 
[897.630s][info][gc,stats       ]     S: Synchronizer Roots             0 us, workers (us): ---,   0, ---, ---, ---, ---, ---, ---, ---, ---, ---, ---, ---, ---, ---, ---, ---, ---, ---, ---, ---, ---, ---, ---, 
[897.630s][info][gc,stats       ]     S: Management Roots               1 us, workers (us): ---,   1, ---, ---, ---, ---, ---, ---, ---, ---, ---, ---, ---, ---, ---, ---, ---, ---, ---, ---, ---, ---, ---, ---, 
[897.630s][info][gc,stats       ]     S: System Dict Roots             28 us, workers (us): ---,  28, ---, ---, ---, ---, ---, ---, ---, ---, ---, ---, ---, ---, ---, ---, ---, ---, ---, ---, ---, ---, ---, ---, 
[897.630s][info][gc,stats       ]     S: CLDG Roots                  3017 us, workers (us): ---, ---, 198, 1739, 1079, ---, ---, ---, ---, ---, ---, ---, ---, ---, ---, ---, ---, ---, ---, ---, ---, ---, ---, ---, 
[897.630s][info][gc,stats       ]     S: JVMTI Roots                    1 us, workers (us):   1, ---, ---, ---, ---, ---, ---, ---, ---, ---, ---, ---, ---, ---, ---, ---, ---, ---, ---, ---, ---, ---, ---, ---, 
[897.630s][info][gc,stats       ]   Resize TLABs                        7 us
[897.630s][info][gc,stats       ] Concurrent Marking                67809 us
[897.630s][info][gc,stats       ] Concurrent Precleaning             3613 us
[897.630s][info][gc,stats       ] Pause Final Mark (G)               4602 us
[897.630s][info][gc,stats       ] Pause Final Mark (N)               4201 us
[897.630s][info][gc,stats       ]   Finish Queues                     203 us
[897.630s][info][gc,stats       ]   Weak References                    47 us
[897.630s][info][gc,stats       ]     Process                          37 us
[897.630s][info][gc,stats       ]   System Purge                      187 us
[897.630s][info][gc,stats       ]     Weak Roots                      186 us
[897.630s][info][gc,stats       ]   Update Region States               41 us
[897.630s][info][gc,stats       ]   Retire TLABs                       54 us
[897.630s][info][gc,stats       ]   Choose Collection Set             474 us
[897.630s][info][gc,stats       ]   Rebuild Free Set                   36 us
[897.630s][info][gc,stats       ]   Initial Evacuation               3129 us, parallelism: 1.62x
[897.630s][info][gc,stats       ]     E: <total>                     5065 us
[897.630s][info][gc,stats       ]     E: Thread Roots                 187 us, workers (us):   1,   1,   1,   2,  51, 131, ---, ---, ---, ---, ---, ---, ---, ---, ---, ---, ---, ---, ---, ---, ---, ---, ---, ---, 
[897.630s][info][gc,stats       ]     E: Code Cache Roots            3729 us, workers (us): 377, 891, 1021, 769, 669,   0, ---, ---, ---, ---, ---, ---, ---, ---, ---, ---, ---, ---, ---, ---, ---, ---, ---, ---, 
[897.630s][info][gc,stats       ]     E: Universe Roots                 4 us, workers (us): ---,   4, ---, ---, ---, ---, ---, ---, ---, ---, ---, ---, ---, ---, ---, ---, ---, ---, ---, ---, ---, ---, ---, ---, 
[897.630s][info][gc,stats       ]     E: JNI Handles Roots              3 us, workers (us): ---, ---,   3, ---, ---, ---, ---, ---, ---, ---, ---, ---, ---, ---, ---, ---, ---, ---, ---, ---, ---, ---, ---, ---, 
[897.630s][info][gc,stats       ]     E: Synchronizer Roots             0 us, workers (us):   0, ---, ---, ---, ---, ---, ---, ---, ---, ---, ---, ---, ---, ---, ---, ---, ---, ---, ---, ---, ---, ---, ---, ---, 
[897.630s][info][gc,stats       ]     E: Management Roots               3 us, workers (us): ---, ---,   3, ---, ---, ---, ---, ---, ---, ---, ---, ---, ---, ---, ---, ---, ---, ---, ---, ---, ---, ---, ---, ---, 
[897.630s][info][gc,stats       ]     E: System Dict Roots              7 us, workers (us):   7, ---, ---, ---, ---, ---, ---, ---, ---, ---, ---, ---, ---, ---, ---, ---, ---, ---, ---, ---, ---, ---, ---, ---, 
[897.630s][info][gc,stats       ]     E: CLDG Roots                  1132 us, workers (us): 418, ---, ---, ---,  67, 646, ---, ---, ---, ---, ---, ---, ---, ---, ---, ---, ---, ---, ---, ---, ---, ---, ---, ---, 
[897.630s][info][gc,stats       ]     E: JVMTI Roots                    1 us, workers (us): ---,   1, ---, ---, ---, ---, ---, ---, ---, ---, ---, ---, ---, ---, ---, ---, ---, ---, ---, ---, ---, ---, ---, ---, 
[897.630s][info][gc,stats       ] Concurrent Cleanup                13518 us
[897.630s][info][gc,stats       ] Concurrent Evacuation              3899 us
[897.630s][info][gc,stats       ] Pause Init  Update Refs (G)         726 us
[897.630s][info][gc,stats       ] Pause Init  Update Refs (N)         200 us
[897.630s][info][gc,stats       ]   Retire GCLABs                     171 us
[897.630s][info][gc,stats       ] Concurrent Update Refs            16700 us
[897.630s][info][gc,stats       ] Pause Final Update Refs (G)        1068 us
[897.630s][info][gc,stats       ] Pause Final Update Refs (N)         253 us
[897.630s][info][gc,stats       ]   Update Roots                      162 us, parallelism: 1.22x
[897.630s][info][gc,stats       ]     UR: <total>                     197 us
[897.630s][info][gc,stats       ]     UR: Thread Roots                197 us, workers (us):  73,  39,  26,  44,   8,   7, ---, ---, ---, ---, ---, ---, ---, ---, ---, ---, ---, ---, ---, ---, ---, ---, ---, ---, 
[897.630s][info][gc,stats       ]   Update Region States               26 us
[897.630s][info][gc,stats       ]   Trash Collection Set               11 us
[897.630s][info][gc,stats       ]   Rebuild Free Set                   30 us
[897.630s][info][gc,stats       ] Concurrent Cleanup                  852 us
[897.630s][info][gc,stats       ] Pacing                            80195 us
[897.630s][info][gc,stats       ] 
[897.630s][info][gc,stats       ] Allocation pacing accrued:
[897.630s][info][gc,stats       ]      80 of   120 ms ( 66.6%): pl.nadoba.jvm.gc.benchmark.App.main()
[897.630s][info][gc,stats       ]      80 of   120 ms ( 66.6%): <total>
[897.630s][info][gc,stats       ]       8 of   120 ms (  6.7%): <average total>
[897.630s][info][gc,stats       ]      80 of   120 ms ( 66.6%): <average non-zero>
[897.630s][info][gc,stats       ] 
[897.630s][info][gc,metaspace   ] Metaspace: 24281K->24281K(1071104K)
[897.630s][info][gc,ergo        ] Pacer for Idle. Initial: 5242K, Alloc Tax Rate: 1.0x
[897.631s][info][gc             ] Trigger: Start next cycle immediately
[897.631s][info][gc,ergo        ] Free: 78955K, Max: 256K regular, 48640K humongous, Frag: 39% external, 4% internal; Reserve: 13312K, Max: 256K
[897.631s][info][gc,start       ] GC(6749) Concurrent reset
[897.631s][info][gc,task        ] GC(6749) Using 6 of 24 workers for concurrent reset
[897.631s][info][gc,ergo        ] GC(6749) Pacer for Reset. Non-Taxable: 256M
[897.632s][info][gc             ] GC(6749) Concurrent reset 0.781ms
[897.632s][info][gc,start       ] GC(6749) Pause Init Mark (process weakrefs) (unload classes)
[897.633s][info][gc,task        ] GC(6749) Using 6 of 24 workers for init marking
[897.634s][info][gc,ergo        ] GC(6749) Pacer for Mark. Expected Live: 11073K, Free: 78955K, Non-Taxable: 7895K, Alloc Tax Rate: 0.2x
[897.634s][info][gc             ] GC(6749) Pause Init Mark (process weakrefs) (unload classes) 1.999ms
[897.635s][info][gc,start       ] GC(6749) Concurrent marking (process weakrefs) (unload classes)
[897.635s][info][gc,task        ] GC(6749) Using 6 of 24 workers for concurrent marking
[897.691s][info][gc             ] GC(6749) Concurrent marking (process weakrefs) (unload classes) 56.482ms
[897.691s][info][gc,start       ] GC(6749) Concurrent precleaning
[897.691s][info][gc,task        ] GC(6749) Using 1 of 24 workers for concurrent preclean
[897.691s][info][gc,ergo        ] GC(6749) Pacer for Precleaning. Non-Taxable: 256M
[897.695s][info][gc             ] GC(6749) Concurrent precleaning 3.975ms
[897.697s][info][gc,start       ] GC(6749) Pause Final Mark (process weakrefs) (unload classes)
[897.697s][info][gc,task        ] GC(6749) Using 6 of 24 workers for final marking
[897.752s][info][gc,stringtable ] GC(6749) Cleaned string and symbol table, strings: 8172 processed, 0 removed, symbols: 68000 processed, 0 removed
[897.753s][info][gc,ergo        ] GC(6749) Collectable Garbage: 150M (100%), Immediate: 149M (99%), CSet: 1260K (0%)
[897.755s][info][gc,ergo        ] GC(6749) Pacer for Evacuation. Used CSet: 5120K, Free: 186M, Non-Taxable: 19057K, Alloc Tax Rate: 1.1x
[897.755s][info][gc             ] GC(6749) Pause Final Mark (process weakrefs) (unload classes) 57.425ms
[897.755s][info][gc,start       ] GC(6749) Concurrent cleanup
[897.775s][info][gc             ] GC(6749) Concurrent cleanup 204M->76M(256M) 20.206ms
[897.775s][info][gc,ergo        ] GC(6749) Free: 163M, Max: 256K regular, 94976K humongous, Frag: 44% external, 1% internal; Reserve: 12653K, Max: 256K
[897.775s][info][gc,start       ] GC(6749) Concurrent evacuation
[897.775s][info][gc,task        ] GC(6749) Using 6 of 24 workers for concurrent evacuation
[897.777s][info][gc             ] GC(6749) Concurrent evacuation 2.189ms
[897.777s][info][gc,start       ] GC(6749) Pause Init Update Refs
[897.778s][info][gc,ergo        ] GC(6749) Pacer for Update Refs. Used: 82836K, Free: 163M, Non-Taxable: 16778K, Alloc Tax Rate: 1.1x
[897.778s][info][gc             ] GC(6749) Pause Init Update Refs 0.235ms
[897.778s][info][gc,start       ] GC(6749) Concurrent update references
[897.778s][info][gc,task        ] GC(6749) Using 6 of 24 workers for concurrent reference update
[897.794s][info][gc             ] GC(6749) Concurrent update references 16.680ms
[897.795s][info][gc,start       ] GC(6749) Pause Final Update Refs
[897.795s][info][gc,task        ] GC(6749) Using 6 of 24 workers for final reference update
[897.795s][info][gc             ] GC(6749) Pause Final Update Refs 0.267ms
[897.795s][info][gc,start       ] GC(6749) Concurrent cleanup
[897.796s][info][gc             ] GC(6749) Concurrent cleanup 133M->136M(256M) 0.734ms
[897.796s][info][gc             ] GC(6749) Dat log --- cycle is complete
Current gc epoch: 5475
heap: ______
capacity: 268435456
used: 143545616
committed: 268435456
bytes_allocated_since_gc_start: 139723280
hot_size: 0
cold_size: 2084735
num_regions: 1024
hot_region_count: 18446744073709406604
cold_region_count: 145031
histogram: Placeholder

[897.796s][info][gc             ] GC(6749) Obj count ac histogram
[897.796s][info][gc             ] GC(6749) 	0: 191005
[897.796s][info][gc             ] GC(6749) 	1: 15
[897.796s][info][gc             ] GC(6749) 	2: 4173
[897.796s][info][gc             ] GC(6749) 	3: 4451
[897.796s][info][gc             ] GC(6749) 	4: 898
[897.796s][info][gc             ] GC(6749) 	5: 15
[897.796s][info][gc             ] GC(6749) 	6: 0
[897.796s][info][gc             ] GC(6749) 	7: 0
[897.796s][info][gc             ] GC(6749) 	8: 0
[897.796s][info][gc             ] GC(6749) 	9: 0
[897.796s][info][gc             ] GC(6749) 	10: 0
[897.796s][info][gc             ] GC(6749) 	11: 0
[897.796s][info][gc             ] GC(6749) 	12: 0
[897.796s][info][gc             ] GC(6749) 	13: 0
[897.796s][info][gc             ] GC(6749) 	14: 0
[897.796s][info][gc             ] GC(6749) 	15: 0
[897.796s][info][gc             ] GC(6749) 	16: 0
[897.796s][info][gc             ] GC(6749) 	17: 0
[897.796s][info][gc             ] GC(6749) 	18: 0
[897.796s][info][gc             ] GC(6749) 	19: 0
[897.796s][info][gc             ] GC(6749) Obj size ac histogram
[897.796s][info][gc             ] GC(6749) 	0: 1246368
[897.796s][info][gc             ] GC(6749) 	1: 720
[897.796s][info][gc             ] GC(6749) 	2: 54349
[897.796s][info][gc             ] GC(6749) 	3: 41436
[897.796s][info][gc             ] GC(6749) 	4: 5567
[897.796s][info][gc             ] GC(6749) 	5: 150
[897.796s][info][gc             ] GC(6749) 	6: 0
[897.796s][info][gc             ] GC(6749) 	7: 0
[897.796s][info][gc             ] GC(6749) 	8: 0
[897.796s][info][gc             ] GC(6749) 	9: 0
[897.796s][info][gc             ] GC(6749) 	10: 0
[897.796s][info][gc             ] GC(6749) 	11: 0
[897.796s][info][gc             ] GC(6749) 	12: 0
[897.796s][info][gc             ] GC(6749) 	13: 0
[897.796s][info][gc             ] GC(6749) 	14: 0
[897.796s][info][gc             ] GC(6749) 	15: 0
[897.796s][info][gc             ] GC(6749) 	16: 0
[897.796s][info][gc             ] GC(6749) 	17: 0
[897.796s][info][gc             ] GC(6749) 	18: 0
[897.796s][info][gc             ] GC(6749) 	19: 0
[897.796s][info][gc,ergo        ] Free: 100M, Max: 256K regular, 72448K humongous, Frag: 30% external, 3% internal; Reserve: 13312K, Max: 256K
[897.796s][info][gc,stats       ] 
[897.796s][info][gc,stats       ] All times are wall-clock times, except per-root-class counters, that are sum over
[897.796s][info][gc,stats       ] all workers. Dividing the <total> over the root stage time estimates parallelism.
[897.796s][info][gc,stats       ] 
[897.796s][info][gc,stats       ] Concurrent Reset                    765 us
[897.796s][info][gc,stats       ] Pause Init Mark (G)                2320 us
[897.796s][info][gc,stats       ] Pause Init Mark (N)                1954 us
[897.796s][info][gc,stats       ]   Accumulate Stats                    7 us
[897.796s][info][gc,stats       ]   Make Parsable                      54 us
[897.796s][info][gc,stats       ]   Update Region States               19 us
[897.796s][info][gc,stats       ]   Scan Roots                        886 us, parallelism: 1.27x
[897.796s][info][gc,stats       ]     S: <total>                     1121 us
[897.796s][info][gc,stats       ]     S: Thread Roots                 299 us, workers (us):  38, 126,  25,   1,  18,  91, ---, ---, ---, ---, ---, ---, ---, ---, ---, ---, ---, ---, ---, ---, ---, ---, ---, ---, 
[897.796s][info][gc,stats       ]     S: Universe Roots                31 us, workers (us):  31, ---, ---, ---, ---, ---, ---, ---, ---, ---, ---, ---, ---, ---, ---, ---, ---, ---, ---, ---, ---, ---, ---, ---, 
[897.796s][info][gc,stats       ]     S: JNI Handles Roots             15 us, workers (us): ---, ---,  15, ---, ---, ---, ---, ---, ---, ---, ---, ---, ---, ---, ---, ---, ---, ---, ---, ---, ---, ---, ---, ---, 
[897.796s][info][gc,stats       ]     S: Synchronizer Roots             0 us, workers (us):   0, ---, ---, ---, ---, ---, ---, ---, ---, ---, ---, ---, ---, ---, ---, ---, ---, ---, ---, ---, ---, ---, ---, ---, 
[897.796s][info][gc,stats       ]     S: Management Roots               2 us, workers (us):   2, ---, ---, ---, ---, ---, ---, ---, ---, ---, ---, ---, ---, ---, ---, ---, ---, ---, ---, ---, ---, ---, ---, ---, 
[897.796s][info][gc,stats       ]     S: System Dict Roots             21 us, workers (us):  21, ---, ---, ---, ---, ---, ---, ---, ---, ---, ---, ---, ---, ---, ---, ---, ---, ---, ---, ---, ---, ---, ---, ---, 
[897.796s][info][gc,stats       ]     S: CLDG Roots                   751 us, workers (us): ---, ---, ---, 725,  13,  13, ---, ---, ---, ---, ---, ---, ---, ---, ---, ---, ---, ---, ---, ---, ---, ---, ---, ---, 
[897.796s][info][gc,stats       ]     S: JVMTI Roots                    1 us, workers (us): ---,   1, ---, ---, ---, ---, ---, ---, ---, ---, ---, ---, ---, ---, ---, ---, ---, ---, ---, ---, ---, ---, ---, ---, 
[897.796s][info][gc,stats       ]   Resize TLABs                        4 us
[897.796s][info][gc,stats       ] Concurrent Marking                56430 us
[897.796s][info][gc,stats       ] Concurrent Precleaning             3960 us
[897.796s][info][gc,stats       ] Pause Final Mark (G)              59697 us
[897.796s][info][gc,stats       ] Pause Final Mark (N)              57363 us
[897.796s][info][gc,stats       ]   Finish Queues                     215 us
[897.796s][info][gc,stats       ]   Weak References                    44 us
[897.796s][info][gc,stats       ]     Process                          34 us
[897.796s][info][gc,stats       ]   System Purge                      206 us
[897.796s][info][gc,stats       ]     Unload Classes                  100 us
[897.796s][info][gc,stats       ]     Cleanup                       53988 us, parallelism: 1.85x
[897.796s][info][gc,stats       ]       CU: <total>                 99732 us
[897.797s][info][gc,stats       ]       CU: Code Cache Roots        80952 us, workers (us): 13501, 13584, 13422, 13914, 13261, 13271, ---, ---, ---, ---, ---, ---, ---, ---, ---, ---, ---, ---, ---, ---, ---, ---, ---, ---, 
[897.797s][info][gc,stats       ]       CU: Code Cache Cleaning      4670 us, workers (us): 781, 763, 781, 783, 780, 782, ---, ---, ---, ---, ---, ---, ---, ---, ---, ---, ---, ---, ---, ---, ---, ---, ---, ---, 
[897.797s][info][gc,stats       ]       CU: String Table Roots       3314 us, workers (us): 576, 486, 648, 116, 750, 739, ---, ---, ---, ---, ---, ---, ---, ---, ---, ---, ---, ---, ---, ---, ---, ---, ---, ---, 
[897.797s][info][gc,stats       ]       CU: Resolved Table Roots       19 us, workers (us):   0,  18,   0,   0,   0,   0, ---, ---, ---, ---, ---, ---, ---, ---, ---, ---, ---, ---, ---, ---, ---, ---, ---, ---, 
[897.797s][info][gc,stats       ]       CU: CLDG Roots              10777 us, workers (us): 1793, 1778, 1772, 1821, 1819, 1794, ---, ---, ---, ---, ---, ---, ---, ---, ---, ---, ---, ---, ---, ---, ---, ---, ---, ---, 
[897.797s][info][gc,stats       ]     Weak Roots                      205 us
[897.797s][info][gc,stats       ]     CLDG                              0 us
[897.797s][info][gc,stats       ]   Update Region States               23 us
[897.797s][info][gc,stats       ]   Retire TLABs                       42 us
[897.797s][info][gc,stats       ]   Choose Collection Set             449 us
[897.797s][info][gc,stats       ]   Rebuild Free Set                   19 us
[897.797s][info][gc,stats       ]   Initial Evacuation               2085 us, parallelism: 2.89x
[897.797s][info][gc,stats       ]     E: <total>                     6029 us
[897.797s][info][gc,stats       ]     E: Thread Roots                 239 us, workers (us):   1,   2,  45, 136,  13,  43, ---, ---, ---, ---, ---, ---, ---, ---, ---, ---, ---, ---, ---, ---, ---, ---, ---, ---, 
[897.797s][info][gc,stats       ]     E: Code Cache Roots            4740 us, workers (us): 989, 1055, 907, 887, 516, 385, ---, ---, ---, ---, ---, ---, ---, ---, ---, ---, ---, ---, ---, ---, ---, ---, ---, ---, 
[897.797s][info][gc,stats       ]     E: Universe Roots                 2 us, workers (us):   2, ---, ---, ---, ---, ---, ---, ---, ---, ---, ---, ---, ---, ---, ---, ---, ---, ---, ---, ---, ---, ---, ---, ---, 
[897.797s][info][gc,stats       ]     E: JNI Handles Roots              2 us, workers (us): ---, ---,   2, ---, ---, ---, ---, ---, ---, ---, ---, ---, ---, ---, ---, ---, ---, ---, ---, ---, ---, ---, ---, ---, 
[897.797s][info][gc,stats       ]     E: Synchronizer Roots             0 us, workers (us): ---,   0, ---, ---, ---, ---, ---, ---, ---, ---, ---, ---, ---, ---, ---, ---, ---, ---, ---, ---, ---, ---, ---, ---, 
[897.797s][info][gc,stats       ]     E: Management Roots               2 us, workers (us): ---,   2, ---, ---, ---, ---, ---, ---, ---, ---, ---, ---, ---, ---, ---, ---, ---, ---, ---, ---, ---, ---, ---, ---, 
[897.797s][info][gc,stats       ]     E: System Dict Roots             11 us, workers (us): ---,  11, ---, ---, ---, ---, ---, ---, ---, ---, ---, ---, ---, ---, ---, ---, ---, ---, ---, ---, ---, ---, ---, ---, 
[897.797s][info][gc,stats       ]     E: CLDG Roots                  1031 us, workers (us):  59, ---, ---, ---, 430, 543, ---, ---, ---, ---, ---, ---, ---, ---, ---, ---, ---, ---, ---, ---, ---, ---, ---, ---, 
[897.797s][info][gc,stats       ]     E: JVMTI Roots                    1 us, workers (us): ---, ---,   1, ---, ---, ---, ---, ---, ---, ---, ---, ---, ---, ---, ---, ---, ---, ---, ---, ---, ---, ---, ---, ---, 
[897.797s][info][gc,stats       ] Concurrent Cleanup                20149 us
[897.797s][info][gc,stats       ] Concurrent Evacuation              2171 us
[897.797s][info][gc,stats       ] Pause Init  Update Refs (G)         419 us
[897.797s][info][gc,stats       ] Pause Init  Update Refs (N)         189 us
[897.797s][info][gc,stats       ]   Retire GCLABs                     172 us
[897.797s][info][gc,stats       ] Concurrent Update Refs            16640 us
[897.797s][info][gc,stats       ] Pause Final Update Refs (G)         732 us
[897.797s][info][gc,stats       ] Pause Final Update Refs (N)         192 us
[897.797s][info][gc,stats       ]   Update Roots                      116 us, parallelism: 1.28x
[897.797s][info][gc,stats       ]     UR: <total>                     149 us
[897.797s][info][gc,stats       ]     UR: Thread Roots                149 us, workers (us):  53,  23,  22,  22,  27,   2, ---, ---, ---, ---, ---, ---, ---, ---, ---, ---, ---, ---, ---, ---, ---, ---, ---, ---, 
[897.797s][info][gc,stats       ]   Update Region States               26 us
[897.797s][info][gc,stats       ]   Trash Collection Set                8 us
[897.797s][info][gc,stats       ]   Rebuild Free Set                   23 us
[897.797s][info][gc,stats       ] Concurrent Cleanup                  717 us
[897.797s][info][gc,stats       ] Pacing                            76846 us
[897.797s][info][gc,stats       ] 
[897.797s][info][gc,stats       ] Allocation pacing accrued:
[897.797s][info][gc,stats       ]      77 of   167 ms ( 46.1%): pl.nadoba.jvm.gc.benchmark.App.main()
[897.797s][info][gc,stats       ]      77 of   167 ms ( 46.1%): <total>
[897.797s][info][gc,stats       ]       8 of   167 ms (  4.6%): <average total>
[897.797s][info][gc,stats       ]      77 of   167 ms ( 46.1%): <average non-zero>
[897.797s][info][gc,stats       ] 
[897.797s][info][gc,metaspace   ] Metaspace: 24281K->24281K(1071104K)
[897.797s][info][gc,ergo        ] Pacer for Idle. Initial: 5242K, Alloc Tax Rate: 1.0x
[897.798s][info][gc             ] Trigger: Start next cycle immediately
[897.798s][info][gc,ergo        ] Free: 98411K, Max: 256K regular, 68096K humongous, Frag: 31% external, 3% internal; Reserve: 13312K, Max: 256K
[897.798s][info][gc,start       ] GC(6750) Concurrent reset
[897.798s][info][gc,task        ] GC(6750) Using 6 of 24 workers for concurrent reset
[897.798s][info][gc,ergo        ] GC(6750) Pacer for Reset. Non-Taxable: 256M
[897.799s][info][gc             ] GC(6750) Concurrent reset 0.676ms
[897.799s][info][gc,start       ] GC(6750) Pause Init Mark (process weakrefs)
[897.799s][info][gc,task        ] GC(6750) Using 6 of 24 workers for init marking
[897.802s][info][gc,ergo        ] GC(6750) Pacer for Mark. Expected Live: 9434K, Free: 98411K, Non-Taxable: 9841K, Alloc Tax Rate: 0.1x
[897.802s][info][gc             ] GC(6750) Pause Init Mark (process weakrefs) 2.938ms
[897.802s][info][gc,start       ] GC(6750) Concurrent marking (process weakrefs)
[897.802s][info][gc,task        ] GC(6750) Using 6 of 24 workers for concurrent marking
[897.843s][info][gc             ] GC(6750) Concurrent marking (process weakrefs) 40.527ms
[897.843s][info][gc,start       ] GC(6750) Concurrent precleaning
[897.843s][info][gc,task        ] GC(6750) Using 1 of 24 workers for concurrent preclean
[897.843s][info][gc,ergo        ] GC(6750) Pacer for Precleaning. Non-Taxable: 256M
[897.845s][info][gc             ] GC(6750) Concurrent precleaning 2.010ms
[897.845s][info][gc,start       ] GC(6750) Pause Final Mark (process weakrefs)
[897.845s][info][gc,task        ] GC(6750) Using 6 of 24 workers for final marking
[897.846s][info][gc,ergo        ] GC(6750) Collectable Garbage: 132M (100%), Immediate: 131M (99%), CSet: 1260K (0%)
[897.850s][info][gc,ergo        ] GC(6750) Pacer for Evacuation. Used CSet: 5120K, Free: 199M, Non-Taxable: 20439K, Alloc Tax Rate: 1.1x
[897.850s][info][gc             ] GC(6750) Pause Final Mark (process weakrefs) 4.526ms
[897.850s][info][gc,start       ] GC(6750) Concurrent cleanup
[897.869s][info][gc             ] GC(6750) Concurrent cleanup 173M->66M(256M) 19.387ms
[897.869s][info][gc,ergo        ] GC(6750) Free: 174M, Max: 256K regular, 91904K humongous, Frag: 49% external, 1% internal; Reserve: 12541K, Max: 256K
[897.869s][info][gc,start       ] GC(6750) Concurrent evacuation
[897.869s][info][gc,task        ] GC(6750) Using 6 of 24 workers for concurrent evacuation
[897.873s][info][gc             ] GC(6750) Concurrent evacuation 3.298ms
[897.873s][info][gc,start       ] GC(6750) Pause Init Update Refs
[897.873s][info][gc,ergo        ] GC(6750) Pacer for Update Refs. Used: 72584K, Free: 174M, Non-Taxable: 17853K, Alloc Tax Rate: 1.1x
[897.873s][info][gc             ] GC(6750) Pause Init Update Refs 0.254ms
[897.873s][info][gc,start       ] GC(6750) Concurrent update references
[897.873s][info][gc,task        ] GC(6750) Using 6 of 24 workers for concurrent reference update
[897.888s][info][gc             ] GC(6750) Concurrent update references 14.900ms
[897.889s][info][gc,start       ] GC(6750) Pause Final Update Refs
[897.890s][info][gc,task        ] GC(6750) Using 6 of 24 workers for final reference update
[897.890s][info][gc             ] GC(6750) Pause Final Update Refs 0.348ms
[897.890s][info][gc,start       ] GC(6750) Concurrent cleanup
[897.891s][info][gc             ] GC(6750) Concurrent cleanup 124M->119M(256M) 0.589ms
[897.891s][info][gc             ] GC(6750) Dat log --- cycle is complete
Current gc epoch: 5476
heap: ______
capacity: 268435456
used: 125707216
committed: 268435456
bytes_allocated_since_gc_start: 121373200
hot_size: 0
cold_size: 3061643
num_regions: 1024
hot_region_count: 18446744073709406585
cold_region_count: 145050
histogram: Placeholder

[897.891s][info][gc             ] GC(6750) Obj count ac histogram
[897.891s][info][gc             ] GC(6750) 	0: 178347
[897.891s][info][gc             ] GC(6750) 	1: 15
[897.891s][info][gc             ] GC(6750) 	2: 4660
[897.891s][info][gc             ] GC(6750) 	3: 4265
[897.891s][info][gc             ] GC(6750) 	4: 806
[897.891s][info][gc             ] GC(6750) 	5: 15
[897.891s][info][gc             ] GC(6750) 	6: 0
[897.891s][info][gc             ] GC(6750) 	7: 0
[897.891s][info][gc             ] GC(6750) 	8: 0
[897.891s][info][gc             ] GC(6750) 	9: 0
[897.891s][info][gc             ] GC(6750) 	10: 0
[897.891s][info][gc             ] GC(6750) 	11: 0
[897.891s][info][gc             ] GC(6750) 	12: 0
[897.891s][info][gc             ] GC(6750) 	13: 0
[897.891s][info][gc             ] GC(6750) 	14: 0
[897.891s][info][gc             ] GC(6750) 	15: 0
[897.891s][info][gc             ] GC(6750) 	16: 0
[897.891s][info][gc             ] GC(6750) 	17: 0
[897.891s][info][gc             ] GC(6750) 	18: 0
[897.891s][info][gc             ] GC(6750) 	19: 0
[897.891s][info][gc             ] GC(6750) Obj size ac histogram
[897.891s][info][gc             ] GC(6750) 	0: 1183878
[897.891s][info][gc             ] GC(6750) 	1: 720
[897.891s][info][gc             ] GC(6750) 	2: 68206
[897.891s][info][gc             ] GC(6750) 	3: 40280
[897.891s][info][gc             ] GC(6750) 	4: 4943
[897.891s][info][gc             ] GC(6750) 	5: 150
[897.891s][info][gc             ] GC(6750) 	6: 0
[897.891s][info][gc             ] GC(6750) 	7: 0
[897.891s][info][gc             ] GC(6750) 	8: 0
[897.891s][info][gc             ] GC(6750) 	9: 0
[897.891s][info][gc             ] GC(6750) 	10: 0
[897.891s][info][gc             ] GC(6750) 	11: 0
[897.891s][info][gc             ] GC(6750) 	12: 0
[897.891s][info][gc             ] GC(6750) 	13: 0
[897.891s][info][gc             ] GC(6750) 	14: 0
[897.891s][info][gc             ] GC(6750) 	15: 0
[897.891s][info][gc             ] GC(6750) 	16: 0
[897.891s][info][gc             ] GC(6750) 	17: 0
[897.891s][info][gc             ] GC(6750) 	18: 0
[897.891s][info][gc             ] GC(6750) 	19: 0
[897.891s][info][gc,ergo        ] Free: 117M, Max: 256K regular, 82432K humongous, Frag: 32% external, 3% internal; Reserve: 13312K, Max: 256K
[897.891s][info][gc,stats       ] 
[897.891s][info][gc,stats       ] All times are wall-clock times, except per-root-class counters, that are sum over
[897.891s][info][gc,stats       ] all workers. Dividing the <total> over the root stage time estimates parallelism.
[897.891s][info][gc,stats       ] 
[897.891s][info][gc,stats       ] Concurrent Reset                    659 us
[897.891s][info][gc,stats       ] Pause Init Mark (G)                3295 us
[897.891s][info][gc,stats       ] Pause Init Mark (N)                2893 us
[897.891s][info][gc,stats       ]   Accumulate Stats                    6 us
[897.891s][info][gc,stats       ]   Make Parsable                      47 us
[897.891s][info][gc,stats       ]   Update Region States               16 us
[897.891s][info][gc,stats       ]   Scan Roots                       2019 us, parallelism: 2.14x
[897.891s][info][gc,stats       ]     S: <total>                     4328 us
[897.891s][info][gc,stats       ]     S: Thread Roots                 471 us, workers (us): 114,  63,   2,   1,   2, 290, ---, ---, ---, ---, ---, ---, ---, ---, ---, ---, ---, ---, ---, ---, ---, ---, ---, ---, 
[897.891s][info][gc,stats       ]     S: Universe Roots                34 us, workers (us):  34, ---, ---, ---, ---, ---, ---, ---, ---, ---, ---, ---, ---, ---, ---, ---, ---, ---, ---, ---, ---, ---, ---, ---, 
[897.891s][info][gc,stats       ]     S: JNI Handles Roots             23 us, workers (us):  23, ---, ---, ---, ---, ---, ---, ---, ---, ---, ---, ---, ---, ---, ---, ---, ---, ---, ---, ---, ---, ---, ---, ---, 
[897.891s][info][gc,stats       ]     S: Synchronizer Roots             0 us, workers (us):   0, ---, ---, ---, ---, ---, ---, ---, ---, ---, ---, ---, ---, ---, ---, ---, ---, ---, ---, ---, ---, ---, ---, ---, 
[897.891s][info][gc,stats       ]     S: Management Roots               2 us, workers (us):   2, ---, ---, ---, ---, ---, ---, ---, ---, ---, ---, ---, ---, ---, ---, ---, ---, ---, ---, ---, ---, ---, ---, ---, 
[897.891s][info][gc,stats       ]     S: System Dict Roots             25 us, workers (us): ---,  25, ---, ---, ---, ---, ---, ---, ---, ---, ---, ---, ---, ---, ---, ---, ---, ---, ---, ---, ---, ---, ---, ---, 
[897.891s][info][gc,stats       ]     S: CLDG Roots                  3771 us, workers (us): ---, ---, 1696, 1843, 232, ---, ---, ---, ---, ---, ---, ---, ---, ---, ---, ---, ---, ---, ---, ---, ---, ---, ---, ---, 
[897.891s][info][gc,stats       ]     S: JVMTI Roots                    1 us, workers (us):   1, ---, ---, ---, ---, ---, ---, ---, ---, ---, ---, ---, ---, ---, ---, ---, ---, ---, ---, ---, ---, ---, ---, ---, 
[897.891s][info][gc,stats       ]   Resize TLABs                        5 us
[897.891s][info][gc,stats       ] Concurrent Marking                40476 us
[897.891s][info][gc,stats       ] Concurrent Precleaning             1987 us
[897.891s][info][gc,stats       ] Pause Final Mark (G)               5044 us
[897.891s][info][gc,stats       ] Pause Final Mark (N)               4467 us
[897.891s][info][gc,stats       ]   Finish Queues                     209 us
[897.891s][info][gc,stats       ]   Weak References                    43 us
[897.891s][info][gc,stats       ]     Process                          33 us
[897.891s][info][gc,stats       ]   System Purge                      305 us
[897.891s][info][gc,stats       ]     Weak Roots                      304 us
[897.891s][info][gc,stats       ]   Update Region States               38 us
[897.891s][info][gc,stats       ]   Retire TLABs                       51 us
[897.891s][info][gc,stats       ]   Choose Collection Set             603 us
[897.891s][info][gc,stats       ]   Rebuild Free Set                   39 us
[897.891s][info][gc,stats       ]   Initial Evacuation               3154 us, parallelism: 1.76x
[897.891s][info][gc,stats       ]     E: <total>                     5547 us
[897.891s][info][gc,stats       ]     E: Thread Roots                 176 us, workers (us):   2,   2,  49,   0,   1, 122, ---, ---, ---, ---, ---, ---, ---, ---, ---, ---, ---, ---, ---, ---, ---, ---, ---, ---, 
[897.891s][info][gc,stats       ]     E: Code Cache Roots            3999 us, workers (us): 518, 931, 767, 825, 313, 646, ---, ---, ---, ---, ---, ---, ---, ---, ---, ---, ---, ---, ---, ---, ---, ---, ---, ---, 
[897.891s][info][gc,stats       ]     E: Universe Roots                 4 us, workers (us):   4, ---, ---, ---, ---, ---, ---, ---, ---, ---, ---, ---, ---, ---, ---, ---, ---, ---, ---, ---, ---, ---, ---, ---, 
[897.891s][info][gc,stats       ]     E: JNI Handles Roots              2 us, workers (us):   2, ---, ---, ---, ---, ---, ---, ---, ---, ---, ---, ---, ---, ---, ---, ---, ---, ---, ---, ---, ---, ---, ---, ---, 
[897.891s][info][gc,stats       ]     E: Synchronizer Roots             7 us, workers (us):   7, ---, ---, ---, ---, ---, ---, ---, ---, ---, ---, ---, ---, ---, ---, ---, ---, ---, ---, ---, ---, ---, ---, ---, 
[897.891s][info][gc,stats       ]     E: Management Roots               4 us, workers (us): ---,   4, ---, ---, ---, ---, ---, ---, ---, ---, ---, ---, ---, ---, ---, ---, ---, ---, ---, ---, ---, ---, ---, ---, 
[897.891s][info][gc,stats       ]     E: System Dict Roots             13 us, workers (us): ---,  13, ---, ---, ---, ---, ---, ---, ---, ---, ---, ---, ---, ---, ---, ---, ---, ---, ---, ---, ---, ---, ---, ---, 
[897.891s][info][gc,stats       ]     E: CLDG Roots                  1340 us, workers (us): 544, ---, ---, ---, 718,  78, ---, ---, ---, ---, ---, ---, ---, ---, ---, ---, ---, ---, ---, ---, ---, ---, ---, ---, 
[897.891s][info][gc,stats       ]     E: JVMTI Roots                    1 us, workers (us):   1, ---, ---, ---, ---, ---, ---, ---, ---, ---, ---, ---, ---, ---, ---, ---, ---, ---, ---, ---, ---, ---, ---, ---, 
[897.891s][info][gc,stats       ] Concurrent Cleanup                19337 us
[897.891s][info][gc,stats       ] Concurrent Evacuation              3287 us
[897.891s][info][gc,stats       ] Pause Init  Update Refs (G)         570 us
[897.891s][info][gc,stats       ] Pause Init  Update Refs (N)         198 us
[897.891s][info][gc,stats       ]   Retire GCLABs                     170 us
[897.891s][info][gc,stats       ] Concurrent Update Refs            14864 us
[897.891s][info][gc,stats       ] Pause Final Update Refs (G)        1876 us
[897.891s][info][gc,stats       ] Pause Final Update Refs (N)         266 us
[897.891s][info][gc,stats       ]   Update Roots                      172 us, parallelism: 1.03x
[897.891s][info][gc,stats       ]     UR: <total>                     177 us
[897.891s][info][gc,stats       ]     UR: Thread Roots                177 us, workers (us):  66,  29,  15,  21,  40,   6, ---, ---, ---, ---, ---, ---, ---, ---, ---, ---, ---, ---, ---, ---, ---, ---, ---, ---, 
[897.891s][info][gc,stats       ]   Update Region States               27 us
[897.891s][info][gc,stats       ]   Trash Collection Set               11 us
[897.891s][info][gc,stats       ]   Rebuild Free Set                   31 us
[897.891s][info][gc,stats       ] Concurrent Cleanup                  547 us
[897.891s][info][gc,stats       ] Pacing                            58559 us
[897.891s][info][gc,stats       ] 
[897.891s][info][gc,stats       ] Allocation pacing accrued:
[897.891s][info][gc,stats       ]      59 of    94 ms ( 62.1%): pl.nadoba.jvm.gc.benchmark.App.main()
[897.891s][info][gc,stats       ]      59 of    94 ms ( 62.1%): <total>
[897.891s][info][gc,stats       ]       6 of    94 ms (  6.2%): <average total>
[897.891s][info][gc,stats       ]      59 of    94 ms ( 62.1%): <average non-zero>
[897.891s][info][gc,stats       ] 
[897.891s][info][gc,metaspace   ] Metaspace: 24281K->24281K(1071104K)
[897.891s][info][gc,ergo        ] Pacer for Idle. Initial: 5242K, Alloc Tax Rate: 1.0x
[897.892s][info][gc             ] Trigger: Start next cycle immediately
[897.892s][info][gc,ergo        ] Free: 117M, Max: 256K regular, 82432K humongous, Frag: 32% external, 3% internal; Reserve: 13312K, Max: 256K
[897.892s][info][gc,start       ] GC(6751) Concurrent reset
[897.892s][info][gc,task        ] GC(6751) Using 6 of 24 workers for concurrent reset
[897.892s][info][gc,ergo        ] GC(6751) Pacer for Reset. Non-Taxable: 256M
[897.893s][info][gc             ] GC(6751) Concurrent reset 0.598ms
[897.893s][info][gc,start       ] GC(6751) Pause Init Mark (process weakrefs)
[897.893s][info][gc,task        ] GC(6751) Using 6 of 24 workers for init marking
[897.896s][info][gc,ergo        ] GC(6751) Pacer for Mark. Expected Live: 9434K, Free: 117M, Non-Taxable: 12069K, Alloc Tax Rate: 0.1x
[897.896s][info][gc             ] GC(6751) Pause Init Mark (process weakrefs) 2.742ms
[897.896s][info][gc,start       ] GC(6751) Concurrent marking (process weakrefs)
[897.896s][info][gc,task        ] GC(6751) Using 6 of 24 workers for concurrent marking
[897.961s][info][gc             ] GC(6751) Concurrent marking (process weakrefs) 65.238ms
[897.961s][info][gc,start       ] GC(6751) Concurrent precleaning
[897.961s][info][gc,task        ] GC(6751) Using 1 of 24 workers for concurrent preclean
[897.961s][info][gc,ergo        ] GC(6751) Pacer for Precleaning. Non-Taxable: 256M
[897.964s][info][gc             ] GC(6751) Concurrent precleaning 2.296ms
[897.964s][info][gc,start       ] GC(6751) Pause Final Mark (process weakrefs)
[897.964s][info][gc,task        ] GC(6751) Using 6 of 24 workers for final marking
[897.965s][info][gc,ergo        ] GC(6751) Collectable Garbage: 111M (100%), Immediate: 110M (98%), CSet: 1248K (1%)
[897.968s][info][gc,ergo        ] GC(6751) Pacer for Evacuation. Used CSet: 5107K, Free: 196M, Non-Taxable: 20081K, Alloc Tax Rate: 1.1x
[897.968s][info][gc             ] GC(6751) Pause Final Mark (process weakrefs) 4.168ms
[897.968s][info][gc,start       ] GC(6751) Concurrent cleanup
[897.984s][info][gc             ] GC(6751) Concurrent cleanup 155M->67M(256M) 16.257ms
[897.984s][info][gc,ergo        ] GC(6751) Free: 172M, Max: 256K regular, 76800K humongous, Frag: 57% external, 1% internal; Reserve: 12670K, Max: 256K
[897.984s][info][gc,start       ] GC(6751) Concurrent evacuation
[897.984s][info][gc,task        ] GC(6751) Using 6 of 24 workers for concurrent evacuation
[897.989s][info][gc             ] GC(6751) Concurrent evacuation 4.692ms
[897.989s][info][gc,start       ] GC(6751) Pause Init Update Refs
[897.990s][info][gc,ergo        ] GC(6751) Pacer for Update Refs. Used: 82568K, Free: 163M, Non-Taxable: 16727K, Alloc Tax Rate: 1.1x
[897.990s][info][gc             ] GC(6751) Pause Init Update Refs 0.206ms
[897.990s][info][gc,start       ] GC(6751) Concurrent update references
[897.990s][info][gc,task        ] GC(6751) Using 6 of 24 workers for concurrent reference update
[898.007s][info][gc             ] GC(6751) Concurrent update references 17.168ms
[898.008s][info][gc,start       ] GC(6751) Pause Final Update Refs
[898.008s][info][gc,task        ] GC(6751) Using 6 of 24 workers for final reference update
[898.008s][info][gc             ] GC(6751) Pause Final Update Refs 0.274ms
[898.008s][info][gc,start       ] GC(6751) Concurrent cleanup
[898.009s][info][gc             ] GC(6751) Concurrent cleanup 125M->126M(256M) 0.934ms
[898.009s][info][gc             ] GC(6751) Dat log --- cycle is complete
Current gc epoch: 5477
heap: ______
capacity: 268435456
used: 132797808
committed: 268435456
bytes_allocated_since_gc_start: 130023952
hot_size: 0
cold_size: 3061643
num_regions: 1024
hot_region_count: 18446744073709406566
cold_region_count: 145068
histogram: Placeholder

[898.009s][info][gc             ] GC(6751) Obj count ac histogram
[898.009s][info][gc             ] GC(6751) 	0: 205716
[898.009s][info][gc             ] GC(6751) 	1: 16
[898.009s][info][gc             ] GC(6751) 	2: 4538
[898.009s][info][gc             ] GC(6751) 	3: 4285
[898.009s][info][gc             ] GC(6751) 	4: 887
[898.009s][info][gc             ] GC(6751) 	5: 15
[898.009s][info][gc             ] GC(6751) 	6: 0
[898.009s][info][gc             ] GC(6751) 	7: 0
[898.009s][info][gc             ] GC(6751) 	8: 0
[898.009s][info][gc             ] GC(6751) 	9: 0
[898.009s][info][gc             ] GC(6751) 	10: 0
[898.009s][info][gc             ] GC(6751) 	11: 0
[898.009s][info][gc             ] GC(6751) 	12: 0
[898.009s][info][gc             ] GC(6751) 	13: 0
[898.009s][info][gc             ] GC(6751) 	14: 0
[898.009s][info][gc             ] GC(6751) 	15: 0
[898.009s][info][gc             ] GC(6751) 	16: 0
[898.009s][info][gc             ] GC(6751) 	17: 0
[898.009s][info][gc             ] GC(6751) 	18: 0
[898.009s][info][gc             ] GC(6751) 	19: 0
[898.009s][info][gc             ] GC(6751) Obj size ac histogram
[898.009s][info][gc             ] GC(6751) 	0: 1330172
[898.009s][info][gc             ] GC(6751) 	1: 739
[898.009s][info][gc             ] GC(6751) 	2: 66155
[898.009s][info][gc             ] GC(6751) 	3: 40752
[898.009s][info][gc             ] GC(6751) 	4: 5492
[898.009s][info][gc             ] GC(6751) 	5: 150
[898.009s][info][gc             ] GC(6751) 	6: 0
[898.009s][info][gc             ] GC(6751) 	7: 0
[898.009s][info][gc             ] GC(6751) 	8: 0
[898.009s][info][gc             ] GC(6751) 	9: 0
[898.009s][info][gc             ] GC(6751) 	10: 0
[898.009s][info][gc             ] GC(6751) 	11: 0
[898.009s][info][gc             ] GC(6751) 	12: 0
[898.009s][info][gc             ] GC(6751) 	13: 0
[898.010s][info][gc             ] GC(6751) 	14: 0
[898.010s][info][gc             ] GC(6751) 	15: 0
[898.010s][info][gc             ] GC(6751) 	16: 0
[898.010s][info][gc             ] GC(6751) 	17: 0
[898.010s][info][gc             ] GC(6751) 	18: 0
[898.010s][info][gc             ] GC(6751) 	19: 0
[898.010s][info][gc,ergo        ] Free: 109M, Max: 256K regular, 77056K humongous, Frag: 32% external, 3% internal; Reserve: 13312K, Max: 256K
[898.010s][info][gc,stats       ] 
[898.010s][info][gc,stats       ] All times are wall-clock times, except per-root-class counters, that are sum over
[898.010s][info][gc,stats       ] all workers. Dividing the <total> over the root stage time estimates parallelism.
[898.010s][info][gc,stats       ] 
[898.010s][info][gc,stats       ] Concurrent Reset                    582 us
[898.010s][info][gc,stats       ] Pause Init Mark (G)                2974 us
[898.010s][info][gc,stats       ] Pause Init Mark (N)                2698 us
[898.010s][info][gc,stats       ]   Accumulate Stats                    7 us
[898.010s][info][gc,stats       ]   Make Parsable                      54 us
[898.010s][info][gc,stats       ]   Update Region States               18 us
[898.010s][info][gc,stats       ]   Scan Roots                       1658 us, parallelism: 2.09x
[898.010s][info][gc,stats       ]     S: <total>                     3470 us
[898.010s][info][gc,stats       ]     S: Thread Roots                 419 us, workers (us):  67, 105, 242,   2,   1,   1, ---, ---, ---, ---, ---, ---, ---, ---, ---, ---, ---, ---, ---, ---, ---, ---, ---, ---, 
[898.010s][info][gc,stats       ]     S: Universe Roots                33 us, workers (us):  33, ---, ---, ---, ---, ---, ---, ---, ---, ---, ---, ---, ---, ---, ---, ---, ---, ---, ---, ---, ---, ---, ---, ---, 
[898.010s][info][gc,stats       ]     S: JNI Handles Roots             26 us, workers (us):  26, ---, ---, ---, ---, ---, ---, ---, ---, ---, ---, ---, ---, ---, ---, ---, ---, ---, ---, ---, ---, ---, ---, ---, 
[898.010s][info][gc,stats       ]     S: Synchronizer Roots             0 us, workers (us): ---,   0, ---, ---, ---, ---, ---, ---, ---, ---, ---, ---, ---, ---, ---, ---, ---, ---, ---, ---, ---, ---, ---, ---, 
[898.010s][info][gc,stats       ]     S: Management Roots               2 us, workers (us): ---,   2, ---, ---, ---, ---, ---, ---, ---, ---, ---, ---, ---, ---, ---, ---, ---, ---, ---, ---, ---, ---, ---, ---, 
[898.010s][info][gc,stats       ]     S: System Dict Roots             54 us, workers (us): ---,  54, ---, ---, ---, ---, ---, ---, ---, ---, ---, ---, ---, ---, ---, ---, ---, ---, ---, ---, ---, ---, ---, ---, 
[898.010s][info][gc,stats       ]     S: CLDG Roots                  2934 us, workers (us): ---, ---, ---, 230, 1256, 1448, ---, ---, ---, ---, ---, ---, ---, ---, ---, ---, ---, ---, ---, ---, ---, ---, ---, ---, 
[898.010s][info][gc,stats       ]     S: JVMTI Roots                    1 us, workers (us):   1, ---, ---, ---, ---, ---, ---, ---, ---, ---, ---, ---, ---, ---, ---, ---, ---, ---, ---, ---, ---, ---, ---, ---, 
[898.010s][info][gc,stats       ]   Resize TLABs                        7 us
[898.010s][info][gc,stats       ] Concurrent Marking                65179 us
[898.010s][info][gc,stats       ] Concurrent Precleaning             2274 us
[898.010s][info][gc,stats       ] Pause Final Mark (G)               4468 us
[898.010s][info][gc,stats       ] Pause Final Mark (N)               4104 us
[898.010s][info][gc,stats       ]   Finish Queues                     178 us
[898.010s][info][gc,stats       ]   Weak References                    46 us
[898.010s][info][gc,stats       ]     Process                          36 us
[898.010s][info][gc,stats       ]   System Purge                      212 us
[898.010s][info][gc,stats       ]     Weak Roots                      211 us
[898.010s][info][gc,stats       ]   Update Region States               39 us
[898.010s][info][gc,stats       ]   Retire TLABs                       54 us
[898.010s][info][gc,stats       ]   Choose Collection Set             564 us
[898.010s][info][gc,stats       ]   Rebuild Free Set                   41 us
[898.010s][info][gc,stats       ]   Initial Evacuation               2943 us, parallelism: 1.72x
[898.010s][info][gc,stats       ]     E: <total>                     5056 us
[898.010s][info][gc,stats       ]     E: Thread Roots                 101 us, workers (us):  20,   1,   1,   1,  77,   1, ---, ---, ---, ---, ---, ---, ---, ---, ---, ---, ---, ---, ---, ---, ---, ---, ---, ---, 
[898.010s][info][gc,stats       ]     E: Code Cache Roots            4096 us, workers (us): 764, 879, 832, 797, 332, 492, ---, ---, ---, ---, ---, ---, ---, ---, ---, ---, ---, ---, ---, ---, ---, ---, ---, ---, 
[898.010s][info][gc,stats       ]     E: Universe Roots                 3 us, workers (us):   3, ---, ---, ---, ---, ---, ---, ---, ---, ---, ---, ---, ---, ---, ---, ---, ---, ---, ---, ---, ---, ---, ---, ---, 
[898.010s][info][gc,stats       ]     E: JNI Handles Roots              3 us, workers (us): ---, ---, ---,   3, ---, ---, ---, ---, ---, ---, ---, ---, ---, ---, ---, ---, ---, ---, ---, ---, ---, ---, ---, ---, 
[898.010s][info][gc,stats       ]     E: Synchronizer Roots             0 us, workers (us):   0, ---, ---, ---, ---, ---, ---, ---, ---, ---, ---, ---, ---, ---, ---, ---, ---, ---, ---, ---, ---, ---, ---, ---, 
[898.010s][info][gc,stats       ]     E: Management Roots               2 us, workers (us):   2, ---, ---, ---, ---, ---, ---, ---, ---, ---, ---, ---, ---, ---, ---, ---, ---, ---, ---, ---, ---, ---, ---, ---, 
[898.010s][info][gc,stats       ]     E: System Dict Roots              6 us, workers (us):   6, ---, ---, ---, ---, ---, ---, ---, ---, ---, ---, ---, ---, ---, ---, ---, ---, ---, ---, ---, ---, ---, ---, ---, 
[898.010s][info][gc,stats       ]     E: CLDG Roots                   844 us, workers (us): ---, ---,  60, ---, 389, 395, ---, ---, ---, ---, ---, ---, ---, ---, ---, ---, ---, ---, ---, ---, ---, ---, ---, ---, 
[898.010s][info][gc,stats       ]     E: JVMTI Roots                    1 us, workers (us): ---,   1, ---, ---, ---, ---, ---, ---, ---, ---, ---, ---, ---, ---, ---, ---, ---, ---, ---, ---, ---, ---, ---, ---, 
[898.010s][info][gc,stats       ] Concurrent Cleanup                16205 us
[898.010s][info][gc,stats       ] Concurrent Evacuation              4676 us
[898.010s][info][gc,stats       ] Pause Init  Update Refs (G)         514 us
[898.010s][info][gc,stats       ] Pause Init  Update Refs (N)         155 us
[898.010s][info][gc,stats       ]   Retire GCLABs                     130 us
[898.010s][info][gc,stats       ] Concurrent Update Refs            17134 us
[898.010s][info][gc,stats       ] Pause Final Update Refs (G)        1400 us
[898.010s][info][gc,stats       ] Pause Final Update Refs (N)         217 us
[898.010s][info][gc,stats       ]   Update Roots                      126 us, parallelism: 1.25x
[898.010s][info][gc,stats       ]     UR: <total>                     158 us
[898.010s][info][gc,stats       ]     UR: Thread Roots                158 us, workers (us):  88,  36,  28,   3,   2,   0, ---, ---, ---, ---, ---, ---, ---, ---, ---, ---, ---, ---, ---, ---, ---, ---, ---, ---, 
[898.010s][info][gc,stats       ]   Update Region States               25 us
[898.010s][info][gc,stats       ]   Trash Collection Set               11 us
[898.010s][info][gc,stats       ]   Rebuild Free Set                   32 us
[898.010s][info][gc,stats       ] Concurrent Cleanup                  885 us
[898.010s][info][gc,stats       ] Pacing                            91099 us
[898.010s][info][gc,stats       ] 
[898.010s][info][gc,stats       ] Allocation pacing accrued:
[898.011s][info][gc,stats       ]      91 of   119 ms ( 76.4%): pl.nadoba.jvm.gc.benchmark.App.main()
[898.011s][info][gc,stats       ]      91 of   119 ms ( 76.4%): <total>
[898.011s][info][gc,stats       ]       9 of   119 ms (  7.6%): <average total>
[898.011s][info][gc,stats       ]      91 of   119 ms ( 76.4%): <average non-zero>
[898.011s][info][gc,stats       ] 
[898.011s][info][gc,metaspace   ] Metaspace: 24281K->24281K(1071104K)
[898.011s][info][gc,ergo        ] Pacer for Idle. Initial: 5242K, Alloc Tax Rate: 1.0x
[898.012s][info][gc             ] Trigger: Start next cycle immediately
[898.012s][info][gc,ergo        ] Free: 100715K, Max: 256K regular, 77056K humongous, Frag: 24% external, 3% internal; Reserve: 13312K, Max: 256K
[898.012s][info][gc,start       ] GC(6752) Concurrent reset
[898.012s][info][gc,task        ] GC(6752) Using 6 of 24 workers for concurrent reset
[898.012s][info][gc,ergo        ] GC(6752) Pacer for Reset. Non-Taxable: 256M
[898.013s][info][gc             ] GC(6752) Concurrent reset 0.827ms
[898.014s][info][gc,start       ] GC(6752) Pause Init Mark (process weakrefs) (unload classes)
[898.014s][info][gc,task        ] GC(6752) Using 6 of 24 workers for init marking
[898.017s][info][gc,ergo        ] GC(6752) Pacer for Mark. Expected Live: 9434K, Free: 92011K, Non-Taxable: 9201K, Alloc Tax Rate: 0.1x
[898.017s][info][gc             ] GC(6752) Pause Init Mark (process weakrefs) (unload classes) 2.836ms
[898.017s][info][gc,start       ] GC(6752) Concurrent marking (process weakrefs) (unload classes)
[898.017s][info][gc,task        ] GC(6752) Using 6 of 24 workers for concurrent marking
[898.077s][info][gc             ] GC(6752) Concurrent marking (process weakrefs) (unload classes) 60.032ms
[898.077s][info][gc,start       ] GC(6752) Concurrent precleaning
[898.077s][info][gc,task        ] GC(6752) Using 1 of 24 workers for concurrent preclean
[898.077s][info][gc,ergo        ] GC(6752) Pacer for Precleaning. Non-Taxable: 256M
[898.078s][info][gc             ] Failed to allocate Shared, 7168K
[898.078s][info][gc             ] Cancelling GC: Allocation Failure
[898.079s][info][gc             ] GC(6752) Concurrent precleaning 1.309ms
[898.079s][info][gc,start       ] GC(6752) Pause Final Mark (process weakrefs) (unload classes)
[898.079s][info][gc,task        ] GC(6752) Using 6 of 24 workers for final marking
[898.079s][info][gc             ] GC(6752) Pause Final Mark (process weakrefs) (unload classes) 0.259ms
[898.079s][info][gc,start       ] GC(6752) Concurrent cleanup
[898.079s][info][gc             ] GC(6752) Concurrent cleanup 222M->222M(256M) 0.108ms
[898.079s][info][gc,ergo        ] GC(6752) Free: 8043K, Max: 256K regular, 3328K humongous, Frag: 57% external, 26% internal; Reserve: 13312K, Max: 256K
[898.079s][info][gc             ] GC(6752) Dat log --- cycle is complete
Current gc epoch: 5478
heap: ______
capacity: 268435456
used: 233723984
committed: 268435456
bytes_allocated_since_gc_start: 94896392
hot_size: 0
cold_size: 3917097
num_regions: 1024
hot_region_count: 18446744073709406566
cold_region_count: 145068
histogram: Placeholder

[898.079s][info][gc             ] GC(6752) Obj count ac histogram
[898.079s][info][gc             ] GC(6752) 	0: 193170
[898.079s][info][gc             ] GC(6752) 	1: 15
[898.079s][info][gc             ] GC(6752) 	2: 4171
[898.079s][info][gc             ] GC(6752) 	3: 4134
[898.079s][info][gc             ] GC(6752) 	4: 863
[898.079s][info][gc             ] GC(6752) 	5: 15
[898.079s][info][gc             ] GC(6752) 	6: 0
[898.079s][info][gc             ] GC(6752) 	7: 0
[898.079s][info][gc             ] GC(6752) 	8: 0
[898.079s][info][gc             ] GC(6752) 	9: 0
[898.079s][info][gc             ] GC(6752) 	10: 0
[898.079s][info][gc             ] GC(6752) 	11: 0
[898.079s][info][gc             ] GC(6752) 	12: 0
[898.079s][info][gc             ] GC(6752) 	13: 0
[898.079s][info][gc             ] GC(6752) 	14: 0
[898.079s][info][gc             ] GC(6752) 	15: 0
[898.079s][info][gc             ] GC(6752) 	16: 0
[898.080s][info][gc             ] GC(6752) 	17: 0
[898.080s][info][gc             ] GC(6752) 	18: 0
[898.080s][info][gc             ] GC(6752) 	19: 0
[898.080s][info][gc             ] GC(6752) Obj size ac histogram
[898.080s][info][gc             ] GC(6752) 	0: 3093253
[898.080s][info][gc             ] GC(6752) 	1: 720
[898.080s][info][gc             ] GC(6752) 	2: 54241
[898.080s][info][gc             ] GC(6752) 	3: 38815
[898.080s][info][gc             ] GC(6752) 	4: 5337
[898.080s][info][gc             ] GC(6752) 	5: 150
[898.080s][info][gc             ] GC(6752) 	6: 0
[898.080s][info][gc             ] GC(6752) 	7: 0
[898.080s][info][gc             ] GC(6752) 	8: 0
[898.080s][info][gc             ] GC(6752) 	9: 0
[898.080s][info][gc             ] GC(6752) 	10: 0
[898.080s][info][gc             ] GC(6752) 	11: 0
[898.080s][info][gc             ] GC(6752) 	12: 0
[898.080s][info][gc             ] GC(6752) 	13: 0
[898.080s][info][gc             ] GC(6752) 	14: 0
[898.080s][info][gc             ] GC(6752) 	15: 0
[898.080s][info][gc             ] GC(6752) 	16: 0
[898.080s][info][gc             ] GC(6752) 	17: 0
[898.080s][info][gc             ] GC(6752) 	18: 0
[898.080s][info][gc             ] GC(6752) 	19: 0
[898.080s][info][gc,ergo        ] Free: 8043K, Max: 256K regular, 3328K humongous, Frag: 57% external, 26% internal; Reserve: 13312K, Max: 256K
[898.080s][info][gc,stats       ] 
[898.080s][info][gc,stats       ] All times are wall-clock times, except per-root-class counters, that are sum over
[898.080s][info][gc,stats       ] all workers. Dividing the <total> over the root stage time estimates parallelism.
[898.080s][info][gc,stats       ] 
[898.080s][info][gc,stats       ] Concurrent Reset                    810 us
[898.080s][info][gc,stats       ] Pause Init Mark (G)                4585 us
[898.080s][info][gc,stats       ] Pause Init Mark (N)                2775 us
[898.080s][info][gc,stats       ]   Accumulate Stats                    7 us
[898.080s][info][gc,stats       ]   Make Parsable                      53 us
[898.080s][info][gc,stats       ]   Update Region States               19 us
[898.080s][info][gc,stats       ]   Scan Roots                       1743 us, parallelism: 1.20x
[898.080s][info][gc,stats       ]     S: <total>                     2085 us
[898.080s][info][gc,stats       ]     S: Thread Roots                 410 us, workers (us): 206,  44,  80,   2,  33,  44, ---, ---, ---, ---, ---, ---, ---, ---, ---, ---, ---, ---, ---, ---, ---, ---, ---, ---, 
[898.080s][info][gc,stats       ]     S: Universe Roots                40 us, workers (us):  40, ---, ---, ---, ---, ---, ---, ---, ---, ---, ---, ---, ---, ---, ---, ---, ---, ---, ---, ---, ---, ---, ---, ---, 
[898.080s][info][gc,stats       ]     S: JNI Handles Roots             27 us, workers (us): ---, ---,  27, ---, ---, ---, ---, ---, ---, ---, ---, ---, ---, ---, ---, ---, ---, ---, ---, ---, ---, ---, ---, ---, 
[898.080s][info][gc,stats       ]     S: Synchronizer Roots             1 us, workers (us): ---,   1, ---, ---, ---, ---, ---, ---, ---, ---, ---, ---, ---, ---, ---, ---, ---, ---, ---, ---, ---, ---, ---, ---, 
[898.080s][info][gc,stats       ]     S: Management Roots               3 us, workers (us): ---,   3, ---, ---, ---, ---, ---, ---, ---, ---, ---, ---, ---, ---, ---, ---, ---, ---, ---, ---, ---, ---, ---, ---, 
[898.080s][info][gc,stats       ]     S: System Dict Roots             47 us, workers (us): ---,  47, ---, ---, ---, ---, ---, ---, ---, ---, ---, ---, ---, ---, ---, ---, ---, ---, ---, ---, ---, ---, ---, ---, 
[898.080s][info][gc,stats       ]     S: CLDG Roots                  1555 us, workers (us): ---, ---, ---, 1532,  12,  11, ---, ---, ---, ---, ---, ---, ---, ---, ---, ---, ---, ---, ---, ---, ---, ---, ---, ---, 
[898.080s][info][gc,stats       ]     S: JVMTI Roots                    1 us, workers (us): ---, ---,   1, ---, ---, ---, ---, ---, ---, ---, ---, ---, ---, ---, ---, ---, ---, ---, ---, ---, ---, ---, ---, ---, 
[898.080s][info][gc,stats       ]   Resize TLABs                        6 us
[898.080s][info][gc,stats       ] Concurrent Marking                59981 us
[898.080s][info][gc,stats       ] Concurrent Precleaning             1286 us
[898.080s][info][gc,stats       ] Pause Final Mark (G)                548 us
[898.080s][info][gc,stats       ] Pause Final Mark (N)                207 us
[898.080s][info][gc,stats       ] Concurrent Cleanup                   80 us
[898.080s][info][gc,stats       ] Pacing                            44675 us
[898.080s][info][gc,stats       ] 
[898.080s][info][gc,stats       ] Allocation pacing accrued:
[898.080s][info][gc,stats       ]      45 of    70 ms ( 64.1%): pl.nadoba.jvm.gc.benchmark.App.main()
[898.080s][info][gc,stats       ]      45 of    70 ms ( 64.1%): <total>
[898.080s][info][gc,stats       ]       4 of    70 ms (  6.4%): <average total>
[898.080s][info][gc,stats       ]      45 of    70 ms ( 64.1%): <average non-zero>
[898.080s][info][gc,stats       ] 
[898.080s][info][gc,metaspace   ] Metaspace: 24281K->24281K(1071104K)
[898.080s][info][gc,ergo        ] Pacer for Idle. Initial: 5242K, Alloc Tax Rate: 1.0x
[898.081s][info][gc             ] Trigger: Handle Allocation Failure
[898.081s][info][gc,ergo        ] Free: 8043K, Max: 256K regular, 3328K humongous, Frag: 57% external, 26% internal; Reserve: 13312K, Max: 256K
[898.082s][info][gc,start       ] GC(6753) Pause Degenerated GC (Outside of Cycle)
[898.082s][info][gc,task        ] GC(6753) Using 6 of 24 workers for stw degenerated gc
[898.082s][info][gc,ergo        ] GC(6753) Pacer for Reset. Non-Taxable: 256M
[898.085s][info][gc,ergo        ] GC(6753) Pacer for Mark. Expected Live: 10868K, Free: 8043K, Non-Taxable: 804K, Alloc Tax Rate: 1.7x
[898.214s][info][gc,stringtable ] GC(6753) Cleaned string and symbol table, strings: 8172 processed, 0 removed, symbols: 68000 processed, 0 removed
[898.215s][info][gc,ergo        ] GC(6753) Collectable Garbage: 214M (100%), Immediate: 213M (99%), CSet: 1004K (0%)
[898.215s][info][gc,ergo        ] GC(6753) Pacer for Evacuation. Used CSet: 4864K, Free: 233M, Non-Taxable: 23921K, Alloc Tax Rate: 1.1x
[898.245s][info][gc,ergo        ] GC(6753) Pacer for Update Refs. Used: 14444K, Free: 233M, Non-Taxable: 23921K, Alloc Tax Rate: 1.1x
[898.263s][info][gc,ergo        ] GC(6753) Good progress for free space: 233M, need 2621K
[898.263s][info][gc,ergo        ] GC(6753) Good progress for used space: 213M, need 256K
[898.263s][info][gc             ] GC(6753) Pause Degenerated GC (Outside of Cycle) 222M->9M(256M) 181.306ms
[898.263s][info][gc,ergo        ] Free: 233M, Max: 256K regular, 228M humongous, Frag: 2% external, 1% internal; Reserve: 13312K, Max: 256K
[898.263s][info][gc,stats       ] 
[898.263s][info][gc,stats       ] All times are wall-clock times, except per-root-class counters, that are sum over
[898.263s][info][gc,stats       ] all workers. Dividing the <total> over the root stage time estimates parallelism.
[898.263s][info][gc,stats       ] 
[898.263s][info][gc,stats       ]   Accumulate Stats                    7 us
[898.263s][info][gc,stats       ]   Make Parsable                      54 us
[898.263s][info][gc,stats       ]   Update Region States               16 us
[898.263s][info][gc,stats       ]   Scan Roots                       1737 us, parallelism: 1.05x
[898.263s][info][gc,stats       ]     S: <total>                     1831 us
[898.263s][info][gc,stats       ]     S: Thread Roots                 233 us, workers (us): 118,  41,  27,   2,  35,  11, ---, ---, ---, ---, ---, ---, ---, ---, ---, ---, ---, ---, ---, ---, ---, ---, ---, ---, 
[898.263s][info][gc,stats       ]     S: Universe Roots                20 us, workers (us):  20, ---, ---, ---, ---, ---, ---, ---, ---, ---, ---, ---, ---, ---, ---, ---, ---, ---, ---, ---, ---, ---, ---, ---, 
[898.263s][info][gc,stats       ]     S: JNI Handles Roots             11 us, workers (us): ---,  11, ---, ---, ---, ---, ---, ---, ---, ---, ---, ---, ---, ---, ---, ---, ---, ---, ---, ---, ---, ---, ---, ---, 
[898.263s][info][gc,stats       ]     S: Synchronizer Roots             0 us, workers (us): ---, ---,   0, ---, ---, ---, ---, ---, ---, ---, ---, ---, ---, ---, ---, ---, ---, ---, ---, ---, ---, ---, ---, ---, 
[898.264s][info][gc,stats       ]     S: Management Roots               1 us, workers (us): ---,   1, ---, ---, ---, ---, ---, ---, ---, ---, ---, ---, ---, ---, ---, ---, ---, ---, ---, ---, ---, ---, ---, ---, 
[898.264s][info][gc,stats       ]     S: System Dict Roots             19 us, workers (us): ---, ---,  19, ---, ---, ---, ---, ---, ---, ---, ---, ---, ---, ---, ---, ---, ---, ---, ---, ---, ---, ---, ---, ---, 
[898.264s][info][gc,stats       ]     S: CLDG Roots                  1546 us, workers (us): ---, ---, ---, 1526,  10,   9, ---, ---, ---, ---, ---, ---, ---, ---, ---, ---, ---, ---, ---, ---, ---, ---, ---, ---, 
[898.264s][info][gc,stats       ]     S: JVMTI Roots                    0 us, workers (us): ---,   0, ---, ---, ---, ---, ---, ---, ---, ---, ---, ---, ---, ---, ---, ---, ---, ---, ---, ---, ---, ---, ---, ---, 
[898.264s][info][gc,stats       ]   Resize TLABs                        7 us
[898.264s][info][gc,stats       ]   Finish Queues                   66801 us
[898.264s][info][gc,stats       ]   Weak References                  3762 us
[898.264s][info][gc,stats       ]     Process                        3748 us
[898.264s][info][gc,stats       ]   System Purge                      242 us
[898.264s][info][gc,stats       ]     Unload Classes                   95 us
[898.264s][info][gc,stats       ]     Cleanup                       58084 us, parallelism: 1.82x
[898.264s][info][gc,stats       ]       CU: <total>                105478 us
[898.264s][info][gc,stats       ]       CU: Code Cache Roots        85381 us, workers (us): 14359, 14149, 14112, 14219, 14441, 14099, ---, ---, ---, ---, ---, ---, ---, ---, ---, ---, ---, ---, ---, ---, ---, ---, ---, ---, 
[898.264s][info][gc,stats       ]       CU: Code Cache Cleaning      4649 us, workers (us): 757, 884, 744, 755, 755, 755, ---, ---, ---, ---, ---, ---, ---, ---, ---, ---, ---, ---, ---, ---, ---, ---, ---, ---, 
[898.264s][info][gc,stats       ]       CU: String Table Roots       3559 us, workers (us): 482, 677, 712, 599, 376, 712, ---, ---, ---, ---, ---, ---, ---, ---, ---, ---, ---, ---, ---, ---, ---, ---, ---, ---, 
[898.264s][info][gc,stats       ]       CU: Resolved Table Roots       13 us, workers (us):   0,   0,  13,   0,   0,   0, ---, ---, ---, ---, ---, ---, ---, ---, ---, ---, ---, ---, ---, ---, ---, ---, ---, ---, 
[898.264s][info][gc,stats       ]       CU: CLDG Roots              11875 us, workers (us): 2020, 1889, 2013, 1954, 2018, 1981, ---, ---, ---, ---, ---, ---, ---, ---, ---, ---, ---, ---, ---, ---, ---, ---, ---, ---, 
[898.264s][info][gc,stats       ]     Weak Roots                      241 us
[898.264s][info][gc,stats       ]     CLDG                              1 us
[898.264s][info][gc,stats       ]   Update Region States               20 us
[898.264s][info][gc,stats       ]   Retire TLABs                        8 us
[898.264s][info][gc,stats       ]   Choose Collection Set             522 us
[898.264s][info][gc,stats       ]   Rebuild Free Set                   19 us
[898.264s][info][gc,stats       ]   Initial Evacuation                  7 us
[898.264s][info][gc,stats       ]   Retire GCLABs                     166 us
[898.264s][info][gc,stats       ]   Finish Work                     15654 us
[898.264s][info][gc,stats       ]   Update Region States               37 us
[898.264s][info][gc,stats       ]   Trash Collection Set                8 us
[898.264s][info][gc,stats       ]   Rebuild Free Set                   13 us
[898.264s][info][gc,stats       ] Pause Degenerated GC (G)         181631 us
[898.264s][info][gc,stats       ] Pause Degenerated GC (N)         181263 us
[898.264s][info][gc,stats       ]   Degen Update Roots               1386 us, parallelism: 3.71x
[898.264s][info][gc,stats       ]     DU: <total>                    5134 us
[898.264s][info][gc,stats       ]     DU: Thread Roots                125 us, workers (us): 118,   1,   1,   2,   1,   2, ---, ---, ---, ---, ---, ---, ---, ---, ---, ---, ---, ---, ---, ---, ---, ---, ---, ---, 
[898.264s][info][gc,stats       ]     DU: Code Cache Roots           4185 us, workers (us): 323, 827, 824, 1069, 692, 450, ---, ---, ---, ---, ---, ---, ---, ---, ---, ---, ---, ---, ---, ---, ---, ---, ---, ---, 
[898.264s][info][gc,stats       ]     DU: Universe Roots                5 us, workers (us): ---,   5, ---, ---, ---, ---, ---, ---, ---, ---, ---, ---, ---, ---, ---, ---, ---, ---, ---, ---, ---, ---, ---, ---, 
[898.264s][info][gc,stats       ]     DU: JNI Handles Roots             5 us, workers (us): ---, ---, ---,   5, ---, ---, ---, ---, ---, ---, ---, ---, ---, ---, ---, ---, ---, ---, ---, ---, ---, ---, ---, ---, 
[898.264s][info][gc,stats       ]     DU: Synchronizer Roots            1 us, workers (us):   1, ---, ---, ---, ---, ---, ---, ---, ---, ---, ---, ---, ---, ---, ---, ---, ---, ---, ---, ---, ---, ---, ---, ---, 
[898.264s][info][gc,stats       ]     DU: Management Roots              2 us, workers (us): ---, ---,   2, ---, ---, ---, ---, ---, ---, ---, ---, ---, ---, ---, ---, ---, ---, ---, ---, ---, ---, ---, ---, ---, 
[898.264s][info][gc,stats       ]     DU: System Dict Roots             8 us, workers (us): ---,   8, ---, ---, ---, ---, ---, ---, ---, ---, ---, ---, ---, ---, ---, ---, ---, ---, ---, ---, ---, ---, ---, ---, 
[898.264s][info][gc,stats       ]     DU: CLDG Roots                  802 us, workers (us): 227, ---,  46, ---, ---, 529, ---, ---, ---, ---, ---, ---, ---, ---, ---, ---, ---, ---, ---, ---, ---, ---, ---, ---, 
[898.264s][info][gc,stats       ]     DU: JVMTI Roots                   1 us, workers (us): ---, ---,   1, ---, ---, ---, ---, ---, ---, ---, ---, ---, ---, ---, ---, ---, ---, ---, ---, ---, ---, ---, ---, ---, 
[898.264s][info][gc,stats       ] 
[898.264s][info][gc,stats       ] Allocation pacing accrued:
[898.264s][info][gc,stats       ]       0 of   184 ms (  0.0%): <total>
[898.264s][info][gc,stats       ]       0 of   184 ms (  0.0%): <average total>
[898.264s][info][gc,stats       ] 
[898.264s][info][gc,metaspace   ] Metaspace: 24281K->24281K(1071104K)
[898.264s][info][gc,ergo        ] Pacer for Idle. Initial: 5242K, Alloc Tax Rate: 1.0x
[898.265s][info][gc             ] Trigger: Start next cycle immediately
[898.265s][info][gc,ergo        ] Free: 222M, Max: 256K regular, 218M humongous, Frag: 2% external, 1% internal; Reserve: 13312K, Max: 256K
[898.265s][info][gc,start       ] GC(6754) Concurrent reset
[898.265s][info][gc,task        ] GC(6754) Using 6 of 24 workers for concurrent reset
[898.265s][info][gc,ergo        ] GC(6754) Pacer for Reset. Non-Taxable: 256M
[898.266s][info][gc             ] GC(6754) Concurrent reset 0.397ms
[898.267s][info][gc,start       ] GC(6754) Pause Init Mark (process weakrefs) (unload classes)
[898.267s][info][gc,task        ] GC(6754) Using 6 of 24 workers for init marking
[898.268s][info][gc,ergo        ] GC(6754) Pacer for Mark. Expected Live: 10049K, Free: 218M, Non-Taxable: 22389K, Alloc Tax Rate: 0.1x
[898.268s][info][gc             ] GC(6754) Pause Init Mark (process weakrefs) (unload classes) 1.469ms
[898.268s][info][gc,start       ] GC(6754) Concurrent marking (process weakrefs) (unload classes)
[898.268s][info][gc,task        ] GC(6754) Using 6 of 24 workers for concurrent marking
[898.332s][info][gc             ] GC(6754) Concurrent marking (process weakrefs) (unload classes) 63.367ms
[898.332s][info][gc,start       ] GC(6754) Concurrent precleaning
[898.332s][info][gc,task        ] GC(6754) Using 1 of 24 workers for concurrent preclean
[898.332s][info][gc,ergo        ] GC(6754) Pacer for Precleaning. Non-Taxable: 256M
[898.336s][info][gc             ] GC(6754) Concurrent precleaning 4.115ms
[898.338s][info][gc,start       ] GC(6754) Pause Final Mark (process weakrefs) (unload classes)
[898.338s][info][gc,task        ] GC(6754) Using 6 of 24 workers for final marking
[898.391s][info][gc,stringtable ] GC(6754) Cleaned string and symbol table, strings: 8172 processed, 0 removed, symbols: 68000 processed, 0 removed
[898.391s][info][gc,ergo        ] GC(6754) Collectable Garbage: 11460K (100%), Immediate: 10240K (89%), CSet: 1220K (10%)
[898.394s][info][gc,ergo        ] GC(6754) Pacer for Evacuation. Used CSet: 5079K, Free: 92779K, Non-Taxable: 9277K, Alloc Tax Rate: 1.1x
[898.394s][info][gc             ] GC(6754) Pause Final Mark (process weakrefs) (unload classes) 55.939ms
[898.394s][info][gc,start       ] GC(6754) Concurrent cleanup
[898.396s][info][gc             ] GC(6754) Concurrent cleanup 156M->146M(256M) 1.872ms
[898.396s][info][gc,ergo        ] GC(6754) Free: 92523K, Max: 256K regular, 77568K humongous, Frag: 16% external, 3% internal; Reserve: 12511K, Max: 256K
[898.396s][info][gc,start       ] GC(6754) Concurrent evacuation
[898.396s][info][gc,task        ] GC(6754) Using 6 of 24 workers for concurrent evacuation
[898.399s][info][gc             ] GC(6754) Concurrent evacuation 3.375ms
[898.399s][info][gc,start       ] GC(6754) Pause Init Update Refs
[898.400s][info][gc,ergo        ] GC(6754) Pacer for Update Refs. Used: 150M, Free: 92523K, Non-Taxable: 9252K, Alloc Tax Rate: 2.0x
[898.400s][info][gc             ] GC(6754) Pause Init Update Refs 0.259ms
[898.400s][info][gc,start       ] GC(6754) Concurrent update references
[898.400s][info][gc,task        ] GC(6754) Using 6 of 24 workers for concurrent reference update
[898.415s][info][gc             ] GC(6754) Concurrent update references 15.700ms
[898.417s][info][gc,start       ] GC(6754) Pause Final Update Refs
[898.417s][info][gc,task        ] GC(6754) Using 6 of 24 workers for final reference update
[898.417s][info][gc             ] GC(6754) Pause Final Update Refs 0.344ms
[898.417s][info][gc,start       ] GC(6754) Concurrent cleanup
[898.418s][info][gc             ] GC(6754) Concurrent cleanup 188M->186M(256M) 0.911ms
[898.418s][info][gc             ] GC(6754) Dat log --- cycle is complete
Current gc epoch: 5479
heap: ______
capacity: 268435456
used: 195974800
committed: 268435456
bytes_allocated_since_gc_start: 195297544
hot_size: 0
cold_size: 5218054
num_regions: 1024
hot_region_count: 18446744073709406529
cold_region_count: 145106
histogram: Placeholder

[898.418s][info][gc             ] GC(6754) Obj count ac histogram
[898.418s][info][gc             ] GC(6754) 	0: 407888
[898.418s][info][gc             ] GC(6754) 	1: 31
[898.418s][info][gc             ] GC(6754) 	2: 5799
[898.418s][info][gc             ] GC(6754) 	3: 6848
[898.418s][info][gc             ] GC(6754) 	4: 7703
[898.418s][info][gc             ] GC(6754) 	5: 3060
[898.418s][info][gc             ] GC(6754) 	6: 19
[898.418s][info][gc             ] GC(6754) 	7: 0
[898.418s][info][gc             ] GC(6754) 	8: 0
[898.418s][info][gc             ] GC(6754) 	9: 0
[898.418s][info][gc             ] GC(6754) 	10: 0
[898.418s][info][gc             ] GC(6754) 	11: 0
[898.418s][info][gc             ] GC(6754) 	12: 0
[898.418s][info][gc             ] GC(6754) 	13: 0
[898.418s][info][gc             ] GC(6754) 	14: 0
[898.418s][info][gc             ] GC(6754) 	15: 0
[898.418s][info][gc             ] GC(6754) 	16: 0
[898.418s][info][gc             ] GC(6754) 	17: 0
[898.418s][info][gc             ] GC(6754) 	18: 0
[898.418s][info][gc             ] GC(6754) 	19: 0
[898.418s][info][gc             ] GC(6754) Obj size ac histogram
[898.419s][info][gc             ] GC(6754) 	0: 3610669
[898.419s][info][gc             ] GC(6754) 	1: 1446
[898.419s][info][gc             ] GC(6754) 	2: 72614
[898.419s][info][gc             ] GC(6754) 	3: 70542
[898.419s][info][gc             ] GC(6754) 	4: 82754
[898.419s][info][gc             ] GC(6754) 	5: 18574
[898.419s][info][gc             ] GC(6754) 	6: 190
[898.419s][info][gc             ] GC(6754) 	7: 0
[898.419s][info][gc             ] GC(6754) 	8: 0
[898.419s][info][gc             ] GC(6754) 	9: 0
[898.419s][info][gc             ] GC(6754) 	10: 0
[898.419s][info][gc             ] GC(6754) 	11: 0
[898.419s][info][gc             ] GC(6754) 	12: 0
[898.419s][info][gc             ] GC(6754) 	13: 0
[898.419s][info][gc             ] GC(6754) 	14: 0
[898.419s][info][gc             ] GC(6754) 	15: 0
[898.419s][info][gc             ] GC(6754) 	16: 0
[898.419s][info][gc             ] GC(6754) 	17: 0
[898.419s][info][gc             ] GC(6754) 	18: 0
[898.419s][info][gc             ] GC(6754) 	19: 0
[898.419s][info][gc,ergo        ] Free: 43115K, Max: 256K regular, 37376K humongous, Frag: 13% external, 8% internal; Reserve: 13312K, Max: 256K
[898.419s][info][gc,stats       ] 
[898.419s][info][gc,stats       ] All times are wall-clock times, except per-root-class counters, that are sum over
[898.419s][info][gc,stats       ] all workers. Dividing the <total> over the root stage time estimates parallelism.
[898.419s][info][gc,stats       ] 
[898.419s][info][gc,stats       ] Concurrent Reset                    377 us
[898.419s][info][gc,stats       ] Pause Init Mark (G)                2624 us
[898.419s][info][gc,stats       ] Pause Init Mark (N)                1440 us
[898.419s][info][gc,stats       ]   Accumulate Stats                    5 us
[898.419s][info][gc,stats       ]   Make Parsable                      41 us
[898.419s][info][gc,stats       ]   Update Region States               21 us
[898.419s][info][gc,stats       ]   Scan Roots                        706 us, parallelism: 1.41x
[898.419s][info][gc,stats       ]     S: <total>                      997 us
[898.419s][info][gc,stats       ]     S: Thread Roots                 335 us, workers (us):  28,  33,  40,  89,   1, 145, ---, ---, ---, ---, ---, ---, ---, ---, ---, ---, ---, ---, ---, ---, ---, ---, ---, ---, 
[898.419s][info][gc,stats       ]     S: Universe Roots                21 us, workers (us):  21, ---, ---, ---, ---, ---, ---, ---, ---, ---, ---, ---, ---, ---, ---, ---, ---, ---, ---, ---, ---, ---, ---, ---, 
[898.419s][info][gc,stats       ]     S: JNI Handles Roots             13 us, workers (us):  13, ---, ---, ---, ---, ---, ---, ---, ---, ---, ---, ---, ---, ---, ---, ---, ---, ---, ---, ---, ---, ---, ---, ---, 
[898.419s][info][gc,stats       ]     S: Synchronizer Roots             0 us, workers (us): ---,   0, ---, ---, ---, ---, ---, ---, ---, ---, ---, ---, ---, ---, ---, ---, ---, ---, ---, ---, ---, ---, ---, ---, 
[898.419s][info][gc,stats       ]     S: Management Roots               2 us, workers (us):   2, ---, ---, ---, ---, ---, ---, ---, ---, ---, ---, ---, ---, ---, ---, ---, ---, ---, ---, ---, ---, ---, ---, ---, 
[898.419s][info][gc,stats       ]     S: System Dict Roots             25 us, workers (us): ---,  25, ---, ---, ---, ---, ---, ---, ---, ---, ---, ---, ---, ---, ---, ---, ---, ---, ---, ---, ---, ---, ---, ---, 
[898.419s][info][gc,stats       ]     S: CLDG Roots                   600 us, workers (us): ---, ---,  10,  10, 580, ---, ---, ---, ---, ---, ---, ---, ---, ---, ---, ---, ---, ---, ---, ---, ---, ---, ---, ---, 
[898.419s][info][gc,stats       ]     S: JVMTI Roots                    1 us, workers (us):   1, ---, ---, ---, ---, ---, ---, ---, ---, ---, ---, ---, ---, ---, ---, ---, ---, ---, ---, ---, ---, ---, ---, ---, 
[898.419s][info][gc,stats       ]   Resize TLABs                        4 us
[898.419s][info][gc,stats       ] Concurrent Marking                63313 us
[898.419s][info][gc,stats       ] Concurrent Precleaning             4092 us
[898.419s][info][gc,stats       ] Pause Final Mark (G)              57850 us
[898.419s][info][gc,stats       ] Pause Final Mark (N)              55886 us
[898.419s][info][gc,stats       ]   Finish Queues                     197 us
[898.419s][info][gc,stats       ]   Weak References                    34 us
[898.419s][info][gc,stats       ]     Process                          26 us
[898.419s][info][gc,stats       ]   System Purge                      225 us
[898.419s][info][gc,stats       ]     Unload Classes                   81 us
[898.419s][info][gc,stats       ]     Cleanup                       52595 us, parallelism: 1.78x
[898.419s][info][gc,stats       ]       CU: <total>                 93849 us
[898.419s][info][gc,stats       ]       CU: Code Cache Roots        73272 us, workers (us): 12270, 12218, 12159, 12163, 12454, 12010, ---, ---, ---, ---, ---, ---, ---, ---, ---, ---, ---, ---, ---, ---, ---, ---, ---, ---, 
[898.419s][info][gc,stats       ]       CU: Code Cache Cleaning      4934 us, workers (us): 769, 753, 770, 1104, 770, 769, ---, ---, ---, ---, ---, ---, ---, ---, ---, ---, ---, ---, ---, ---, ---, ---, ---, ---, 
[898.419s][info][gc,stats       ]       CU: String Table Roots       3537 us, workers (us): 562, 608, 661, 621, 317, 767, ---, ---, ---, ---, ---, ---, ---, ---, ---, ---, ---, ---, ---, ---, ---, ---, ---, ---, 
[898.419s][info][gc,stats       ]       CU: Resolved Table Roots       18 us, workers (us):   0,  17,   0,   0,   0,   0, ---, ---, ---, ---, ---, ---, ---, ---, ---, ---, ---, ---, ---, ---, ---, ---, ---, ---, 
[898.419s][info][gc,stats       ]       CU: CLDG Roots              12088 us, workers (us): 2045, 2096, 2099, 1712, 2074, 2062, ---, ---, ---, ---, ---, ---, ---, ---, ---, ---, ---, ---, ---, ---, ---, ---, ---, ---, 
[898.419s][info][gc,stats       ]     Weak Roots                      224 us
[898.419s][info][gc,stats       ]     CLDG                              1 us
[898.419s][info][gc,stats       ]   Update Region States               24 us
[898.419s][info][gc,stats       ]   Retire TLABs                       39 us
[898.419s][info][gc,stats       ]   Choose Collection Set              59 us
[898.419s][info][gc,stats       ]   Rebuild Free Set                    9 us
[898.419s][info][gc,stats       ]   Initial Evacuation               2446 us, parallelism: 2.61x
[898.419s][info][gc,stats       ]     E: <total>                     6383 us
[898.419s][info][gc,stats       ]     E: Thread Roots                 240 us, workers (us):   2,   1, 188,  46,   1,   1, ---, ---, ---, ---, ---, ---, ---, ---, ---, ---, ---, ---, ---, ---, ---, ---, ---, ---, 
[898.419s][info][gc,stats       ]     E: Code Cache Roots            4902 us, workers (us): 473, 570, 734, 937, 1104, 1083, ---, ---, ---, ---, ---, ---, ---, ---, ---, ---, ---, ---, ---, ---, ---, ---, ---, ---, 
[898.419s][info][gc,stats       ]     E: Universe Roots                 4 us, workers (us):   4, ---, ---, ---, ---, ---, ---, ---, ---, ---, ---, ---, ---, ---, ---, ---, ---, ---, ---, ---, ---, ---, ---, ---, 
[898.420s][info][gc,stats       ]     E: JNI Handles Roots              2 us, workers (us):   2, ---, ---, ---, ---, ---, ---, ---, ---, ---, ---, ---, ---, ---, ---, ---, ---, ---, ---, ---, ---, ---, ---, ---, 
[898.420s][info][gc,stats       ]     E: Synchronizer Roots             0 us, workers (us):   0, ---, ---, ---, ---, ---, ---, ---, ---, ---, ---, ---, ---, ---, ---, ---, ---, ---, ---, ---, ---, ---, ---, ---, 
[898.420s][info][gc,stats       ]     E: Management Roots               2 us, workers (us):   2, ---, ---, ---, ---, ---, ---, ---, ---, ---, ---, ---, ---, ---, ---, ---, ---, ---, ---, ---, ---, ---, ---, ---, 
[898.420s][info][gc,stats       ]     E: System Dict Roots             10 us, workers (us): ---,  10, ---, ---, ---, ---, ---, ---, ---, ---, ---, ---, ---, ---, ---, ---, ---, ---, ---, ---, ---, ---, ---, ---, 
[898.420s][info][gc,stats       ]     E: CLDG Roots                  1221 us, workers (us): 619, 522,  81, ---, ---, ---, ---, ---, ---, ---, ---, ---, ---, ---, ---, ---, ---, ---, ---, ---, ---, ---, ---, ---, 
[898.420s][info][gc,stats       ]     E: JVMTI Roots                    1 us, workers (us):   1, ---, ---, ---, ---, ---, ---, ---, ---, ---, ---, ---, ---, ---, ---, ---, ---, ---, ---, ---, ---, ---, ---, ---, 
[898.420s][info][gc,stats       ] Concurrent Cleanup                 1815 us
[898.420s][info][gc,stats       ] Concurrent Evacuation              3355 us
[898.420s][info][gc,stats       ] Pause Init  Update Refs (G)         553 us
[898.420s][info][gc,stats       ] Pause Init  Update Refs (N)         217 us
[898.420s][info][gc,stats       ]   Retire GCLABs                     192 us
[898.420s][info][gc,stats       ] Concurrent Update Refs            15657 us
[898.420s][info][gc,stats       ] Pause Final Update Refs (G)        1841 us
[898.420s][info][gc,stats       ] Pause Final Update Refs (N)         287 us
[898.420s][info][gc,stats       ]   Update Roots                      200 us, parallelism: 0.99x
[898.420s][info][gc,stats       ]     UR: <total>                     197 us
[898.420s][info][gc,stats       ]     UR: Thread Roots                197 us, workers (us): 107,  32,  23,  28,   6,   0, ---, ---, ---, ---, ---, ---, ---, ---, ---, ---, ---, ---, ---, ---, ---, ---, ---, ---, 
[898.420s][info][gc,stats       ]   Update Region States               27 us
[898.420s][info][gc,stats       ]   Trash Collection Set               10 us
[898.420s][info][gc,stats       ]   Rebuild Free Set                   27 us
[898.420s][info][gc,stats       ] Concurrent Cleanup                  860 us
[898.420s][info][gc,stats       ] Pacing                            54146 us
[898.420s][info][gc,stats       ] 
[898.420s][info][gc,stats       ] Allocation pacing accrued:
[898.420s][info][gc,stats       ]      54 of   156 ms ( 34.8%): pl.nadoba.jvm.gc.benchmark.App.main()
[898.420s][info][gc,stats       ]      54 of   156 ms ( 34.8%): <total>
[898.420s][info][gc,stats       ]       5 of   156 ms (  3.5%): <average total>
[898.420s][info][gc,stats       ]      54 of   156 ms ( 34.8%): <average non-zero>
[898.420s][info][gc,stats       ] 
[898.420s][info][gc,metaspace   ] Metaspace: 24281K->24281K(1071104K)
[898.420s][info][gc,ergo        ] Pacer for Idle. Initial: 5242K, Alloc Tax Rate: 1.0x
[898.421s][info][gc             ] Trigger: Start next cycle immediately
[898.421s][info][gc,ergo        ] Free: 35435K, Max: 256K regular, 30976K humongous, Frag: 12% external, 10% internal; Reserve: 13312K, Max: 256K
[898.421s][info][gc,start       ] GC(6755) Concurrent reset
[898.421s][info][gc,task        ] GC(6755) Using 6 of 24 workers for concurrent reset
[898.421s][info][gc,ergo        ] GC(6755) Pacer for Reset. Non-Taxable: 256M
[898.422s][info][gc             ] GC(6755) Concurrent reset 0.977ms
[898.422s][info][gc,start       ] GC(6755) Pause Init Mark
[898.422s][info][gc,task        ] GC(6755) Using 6 of 24 workers for init marking
[898.426s][info][gc,ergo        ] GC(6755) Pacer for Mark. Expected Live: 10868K, Free: 35435K, Non-Taxable: 3543K, Alloc Tax Rate: 0.4x
[898.426s][info][gc             ] GC(6755) Pause Init Mark 3.777ms
[898.426s][info][gc,start       ] GC(6755) Concurrent marking
[898.426s][info][gc,task        ] GC(6755) Using 6 of 24 workers for concurrent marking
[898.477s][info][gc             ] Failed to allocate Shared, 8192K
[898.477s][info][gc             ] Cancelling GC: Allocation Failure
[898.479s][info][gc             ] GC(6755) Concurrent marking 52.392ms
[898.479s][info][gc,ergo        ] Free: 7531K, Max: 256K regular, 3328K humongous, Frag: 54% external, 28% internal; Reserve: 13312K, Max: 256K
[898.479s][info][gc,stats       ] 
[898.479s][info][gc,stats       ] All times are wall-clock times, except per-root-class counters, that are sum over
[898.479s][info][gc,stats       ] all workers. Dividing the <total> over the root stage time estimates parallelism.
[898.479s][info][gc,stats       ] 
[898.479s][info][gc,stats       ] Concurrent Reset                    959 us
[898.479s][info][gc,stats       ] Pause Init Mark (G)                4074 us
[898.479s][info][gc,stats       ] Pause Init Mark (N)                3726 us
[898.479s][info][gc,stats       ]   Accumulate Stats                    8 us
[898.479s][info][gc,stats       ]   Make Parsable                      55 us
[898.479s][info][gc,stats       ]   Update Region States               27 us
[898.479s][info][gc,stats       ]   Scan Roots                       2639 us, parallelism: 1.59x
[898.479s][info][gc,stats       ]     S: <total>                     4188 us
[898.479s][info][gc,stats       ]     S: Thread Roots                 418 us, workers (us):  57, 102,   2,   1,   2, 254, ---, ---, ---, ---, ---, ---, ---, ---, ---, ---, ---, ---, ---, ---, ---, ---, ---, ---, 
[898.479s][info][gc,stats       ]     S: Universe Roots                16 us, workers (us):  16, ---, ---, ---, ---, ---, ---, ---, ---, ---, ---, ---, ---, ---, ---, ---, ---, ---, ---, ---, ---, ---, ---, ---, 
[898.479s][info][gc,stats       ]     S: JNI Handles Roots             25 us, workers (us): ---,  25, ---, ---, ---, ---, ---, ---, ---, ---, ---, ---, ---, ---, ---, ---, ---, ---, ---, ---, ---, ---, ---, ---, 
[898.479s][info][gc,stats       ]     S: Synchronizer Roots             0 us, workers (us): ---,   0, ---, ---, ---, ---, ---, ---, ---, ---, ---, ---, ---, ---, ---, ---, ---, ---, ---, ---, ---, ---, ---, ---, 
[898.479s][info][gc,stats       ]     S: Management Roots               2 us, workers (us): ---,   2, ---, ---, ---, ---, ---, ---, ---, ---, ---, ---, ---, ---, ---, ---, ---, ---, ---, ---, ---, ---, ---, ---, 
[898.479s][info][gc,stats       ]     S: System Dict Roots             19 us, workers (us):  19, ---, ---, ---, ---, ---, ---, ---, ---, ---, ---, ---, ---, ---, ---, ---, ---, ---, ---, ---, ---, ---, ---, ---, 
[898.479s][info][gc,stats       ]     S: CLDG Roots                  3708 us, workers (us): ---, ---, 230, 1043, 2435, ---, ---, ---, ---, ---, ---, ---, ---, ---, ---, ---, ---, ---, ---, ---, ---, ---, ---, ---, 
[898.479s][info][gc,stats       ]     S: JVMTI Roots                    1 us, workers (us): ---,   1, ---, ---, ---, ---, ---, ---, ---, ---, ---, ---, ---, ---, ---, ---, ---, ---, ---, ---, ---, ---, ---, ---, 
[898.479s][info][gc,stats       ]   Resize TLABs                        7 us
[898.479s][info][gc,stats       ] Concurrent Marking                52336 us
[898.479s][info][gc,stats       ] Pacing                            50193 us
[898.479s][info][gc,stats       ] 
[898.479s][info][gc,stats       ] Allocation pacing accrued:
[898.479s][info][gc,stats       ]      50 of    59 ms ( 84.7%): pl.nadoba.jvm.gc.benchmark.App.main()
[898.479s][info][gc,stats       ]      50 of    59 ms ( 84.7%): <total>
[898.479s][info][gc,stats       ]       5 of    59 ms (  8.5%): <average total>
[898.479s][info][gc,stats       ]      50 of    59 ms ( 84.7%): <average non-zero>
[898.479s][info][gc,stats       ] 
[898.479s][info][gc,metaspace   ] Metaspace: 24281K->24281K(1071104K)
[898.479s][info][gc,ergo        ] Pacer for Idle. Initial: 5242K, Alloc Tax Rate: 1.0x
[898.480s][info][gc             ] Trigger: Handle Allocation Failure
[898.480s][info][gc,ergo        ] Free: 7531K, Max: 256K regular, 3328K humongous, Frag: 54% external, 28% internal; Reserve: 13312K, Max: 256K
[898.481s][info][gc,start       ] GC(6756) Pause Degenerated GC (Mark)
[898.481s][info][gc,task        ] GC(6756) Using 6 of 24 workers for stw degenerated gc
[898.501s][info][gc,ergo        ] GC(6756) Collectable Garbage: 190M (100%), Immediate: 189M (99%), CSet: 1260K (0%)
[898.501s][info][gc,ergo        ] GC(6756) Pacer for Evacuation. Used CSet: 5120K, Free: 206M, Non-Taxable: 21105K, Alloc Tax Rate: 1.1x
[898.530s][info][gc,ergo        ] GC(6756) Pacer for Update Refs. Used: 41364K, Free: 206M, Non-Taxable: 21105K, Alloc Tax Rate: 1.1x
[898.547s][info][gc,ergo        ] GC(6756) Good progress for free space: 206M, need 2621K
[898.547s][info][gc,ergo        ] GC(6756) Good progress for used space: 189M, need 256K
[898.547s][info][gc             ] GC(6756) Pause Degenerated GC (Mark) 225M->35M(256M) 66.234ms
[898.547s][info][gc,ergo        ] Free: 206M, Max: 256K regular, 198M humongous, Frag: 4% external, 1% internal; Reserve: 13312K, Max: 256K
[898.547s][info][gc,stats       ] 
[898.547s][info][gc,stats       ] All times are wall-clock times, except per-root-class counters, that are sum over
[898.547s][info][gc,stats       ] all workers. Dividing the <total> over the root stage time estimates parallelism.
[898.547s][info][gc,stats       ] 
[898.547s][info][gc,stats       ]   Finish Queues                   19084 us
[898.547s][info][gc,stats       ]   System Purge                      224 us
[898.547s][info][gc,stats       ]     Weak Roots                      222 us
[898.547s][info][gc,stats       ]   Update Region States               39 us
[898.547s][info][gc,stats       ]   Retire TLABs                       62 us
[898.547s][info][gc,stats       ]   Choose Collection Set             966 us
[898.547s][info][gc,stats       ]   Rebuild Free Set                   44 us
[898.547s][info][gc,stats       ]   Initial Evacuation                 20 us
[898.547s][info][gc,stats       ]   Retire GCLABs                     169 us
[898.547s][info][gc,stats       ]   Finish Work                     13807 us
[898.547s][info][gc,stats       ]   Update Region States               28 us
[898.547s][info][gc,stats       ]   Trash Collection Set               10 us
[898.547s][info][gc,stats       ]   Rebuild Free Set                   38 us
[898.547s][info][gc,stats       ] Pause Degenerated GC (G)          66596 us
[898.547s][info][gc,stats       ] Pause Degenerated GC (N)          66188 us
[898.547s][info][gc,stats       ]   Degen Update Roots               1627 us, parallelism: 3.65x
[898.547s][info][gc,stats       ]     DU: <total>                    5940 us
[898.547s][info][gc,stats       ]     DU: Thread Roots                181 us, workers (us):  30,  46,   1,   1,   2, 101, ---, ---, ---, ---, ---, ---, ---, ---, ---, ---, ---, ---, ---, ---, ---, ---, ---, ---, 
[898.547s][info][gc,stats       ]     DU: Code Cache Roots           4830 us, workers (us): 902, 544, 732, 918, 899, 836, ---, ---, ---, ---, ---, ---, ---, ---, ---, ---, ---, ---, ---, ---, ---, ---, ---, ---, 
[898.547s][info][gc,stats       ]     DU: Universe Roots                8 us, workers (us):   8, ---, ---, ---, ---, ---, ---, ---, ---, ---, ---, ---, ---, ---, ---, ---, ---, ---, ---, ---, ---, ---, ---, ---, 
[898.547s][info][gc,stats       ]     DU: JNI Handles Roots             4 us, workers (us): ---, ---,   4, ---, ---, ---, ---, ---, ---, ---, ---, ---, ---, ---, ---, ---, ---, ---, ---, ---, ---, ---, ---, ---, 
[898.547s][info][gc,stats       ]     DU: Synchronizer Roots            0 us, workers (us):   0, ---, ---, ---, ---, ---, ---, ---, ---, ---, ---, ---, ---, ---, ---, ---, ---, ---, ---, ---, ---, ---, ---, ---, 
[898.547s][info][gc,stats       ]     DU: Management Roots              2 us, workers (us):   2, ---, ---, ---, ---, ---, ---, ---, ---, ---, ---, ---, ---, ---, ---, ---, ---, ---, ---, ---, ---, ---, ---, ---, 
[898.547s][info][gc,stats       ]     DU: System Dict Roots            14 us, workers (us):  14, ---, ---, ---, ---, ---, ---, ---, ---, ---, ---, ---, ---, ---, ---, ---, ---, ---, ---, ---, ---, ---, ---, ---, 
[898.547s][info][gc,stats       ]     DU: CLDG Roots                  901 us, workers (us): ---, 334, 506, ---,  61, ---, ---, ---, ---, ---, ---, ---, ---, ---, ---, ---, ---, ---, ---, ---, ---, ---, ---, ---, 
[898.547s][info][gc,stats       ]     DU: JVMTI Roots                   1 us, workers (us): ---,   1, ---, ---, ---, ---, ---, ---, ---, ---, ---, ---, ---, ---, ---, ---, ---, ---, ---, ---, ---, ---, ---, ---, 
[898.547s][info][gc,stats       ] 
[898.547s][info][gc,stats       ] Allocation pacing accrued:
[898.548s][info][gc,stats       ]       0 of    68 ms (  0.0%): <total>
[898.548s][info][gc,stats       ]       0 of    68 ms (  0.0%): <average total>
[898.548s][info][gc,stats       ] 
[898.548s][info][gc,metaspace   ] Metaspace: 24281K->24281K(1071104K)
[898.548s][info][gc,ergo        ] Pacer for Idle. Initial: 5242K, Alloc Tax Rate: 1.0x
[898.549s][info][gc             ] Trigger: Start next cycle immediately
[898.549s][info][gc,ergo        ] Free: 198M, Max: 256K regular, 190M humongous, Frag: 4% external, 1% internal; Reserve: 13312K, Max: 256K
[898.549s][info][gc,start       ] GC(6757) Concurrent reset
[898.549s][info][gc,task        ] GC(6757) Using 6 of 24 workers for concurrent reset
[898.549s][info][gc,ergo        ] GC(6757) Pacer for Reset. Non-Taxable: 256M
[898.549s][info][gc             ] GC(6757) Concurrent reset 0.506ms
[898.550s][info][gc,start       ] GC(6757) Pause Init Mark (process weakrefs) (unload classes)
[898.550s][info][gc,task        ] GC(6757) Using 6 of 24 workers for init marking
[898.552s][info][gc,ergo        ] GC(6757) Pacer for Mark. Expected Live: 10868K, Free: 192M, Non-Taxable: 19748K, Alloc Tax Rate: 0.1x
[898.552s][info][gc             ] GC(6757) Pause Init Mark (process weakrefs) (unload classes) 1.375ms
[898.552s][info][gc,start       ] GC(6757) Concurrent marking (process weakrefs) (unload classes)
[898.552s][info][gc,task        ] GC(6757) Using 6 of 24 workers for concurrent marking
[898.592s][info][gc             ] GC(6757) Concurrent marking (process weakrefs) (unload classes) 39.969ms
[898.592s][info][gc,start       ] GC(6757) Concurrent precleaning
[898.592s][info][gc,task        ] GC(6757) Using 1 of 24 workers for concurrent preclean
[898.592s][info][gc,ergo        ] GC(6757) Pacer for Precleaning. Non-Taxable: 256M
[898.596s][info][gc             ] GC(6757) Concurrent precleaning 4.491ms
[898.597s][info][gc,start       ] GC(6757) Pause Final Mark (process weakrefs) (unload classes)
[898.597s][info][gc,task        ] GC(6757) Using 6 of 24 workers for final marking
[898.653s][info][gc,stringtable ] GC(6757) Cleaned string and symbol table, strings: 8172 processed, 0 removed, symbols: 68000 processed, 0 removed
[898.654s][info][gc,ergo        ] GC(6757) Collectable Garbage: 36076K (100%), Immediate: 35072K (97%), CSet: 1004K (2%)
[898.656s][info][gc,ergo        ] GC(6757) Pacer for Evacuation. Used CSet: 4864K, Free: 114M, Non-Taxable: 11709K, Alloc Tax Rate: 1.1x
[898.656s][info][gc             ] GC(6757) Pause Final Mark (process weakrefs) (unload classes) 58.889ms
[898.656s][info][gc,start       ] GC(6757) Concurrent cleanup
[898.662s][info][gc             ] GC(6757) Concurrent cleanup 157M->130M(256M) 5.864ms
[898.662s][info][gc,ergo        ] GC(6757) Free: 106M, Max: 256K regular, 101M humongous, Frag: 5% external, 2% internal; Reserve: 12541K, Max: 256K
[898.662s][info][gc,start       ] GC(6757) Concurrent evacuation
[898.662s][info][gc,task        ] GC(6757) Using 6 of 24 workers for concurrent evacuation
[898.665s][info][gc             ] GC(6757) Concurrent evacuation 2.754ms
[898.665s][info][gc,start       ] GC(6757) Pause Init Update Refs
[898.665s][info][gc,ergo        ] GC(6757) Pacer for Update Refs. Used: 134M, Free: 106M, Non-Taxable: 10916K, Alloc Tax Rate: 1.5x
[898.665s][info][gc             ] GC(6757) Pause Init Update Refs 0.211ms
[898.665s][info][gc,start       ] GC(6757) Concurrent update references
[898.665s][info][gc,task        ] GC(6757) Using 6 of 24 workers for concurrent reference update
[898.682s][info][gc             ] GC(6757) Concurrent update references 16.820ms
[898.683s][info][gc,start       ] GC(6757) Pause Final Update Refs
[898.683s][info][gc,task        ] GC(6757) Using 6 of 24 workers for final reference update
[898.684s][info][gc             ] GC(6757) Pause Final Update Refs 0.296ms
[898.684s][info][gc,start       ] GC(6757) Concurrent cleanup
[898.685s][info][gc             ] GC(6757) Concurrent cleanup 192M->187M(256M) 0.906ms
[898.685s][info][gc             ] GC(6757) Dat log --- cycle is complete
Current gc epoch: 5480
heap: ______
capacity: 268435456
used: 197023504
committed: 268435456
bytes_allocated_since_gc_start: 197657104
hot_size: 0
cold_size: 6457106
num_regions: 1024
hot_region_count: 18446744073709406492
cold_region_count: 145143
histogram: Placeholder

[898.685s][info][gc             ] GC(6757) Obj count ac histogram
[898.685s][info][gc             ] GC(6757) 	0: 392474
[898.685s][info][gc             ] GC(6757) 	1: 15
[898.685s][info][gc             ] GC(6757) 	2: 4184
[898.685s][info][gc             ] GC(6757) 	3: 4290
[898.685s][info][gc             ] GC(6757) 	4: 885
[898.685s][info][gc             ] GC(6757) 	5: 15
[898.685s][info][gc             ] GC(6757) 	6: 0
[898.685s][info][gc             ] GC(6757) 	7: 0
[898.685s][info][gc             ] GC(6757) 	8: 0
[898.685s][info][gc             ] GC(6757) 	9: 0
[898.685s][info][gc             ] GC(6757) 	10: 0
[898.685s][info][gc             ] GC(6757) 	11: 0
[898.685s][info][gc             ] GC(6757) 	12: 0
[898.685s][info][gc             ] GC(6757) 	13: 0
[898.685s][info][gc             ] GC(6757) 	14: 0
[898.685s][info][gc             ] GC(6757) 	15: 0
[898.685s][info][gc             ] GC(6757) 	16: 0
[898.685s][info][gc             ] GC(6757) 	17: 0
[898.685s][info][gc             ] GC(6757) 	18: 0
[898.685s][info][gc             ] GC(6757) 	19: 0
[898.685s][info][gc             ] GC(6757) Obj size ac histogram
[898.685s][info][gc             ] GC(6757) 	0: 4131300
[898.685s][info][gc             ] GC(6757) 	1: 720
[898.685s][info][gc             ] GC(6757) 	2: 54828
[898.685s][info][gc             ] GC(6757) 	3: 39811
[898.685s][info][gc             ] GC(6757) 	4: 5465
[898.685s][info][gc             ] GC(6757) 	5: 150
[898.685s][info][gc             ] GC(6757) 	6: 0
[898.685s][info][gc             ] GC(6757) 	7: 0
[898.685s][info][gc             ] GC(6757) 	8: 0
[898.685s][info][gc             ] GC(6757) 	9: 0
[898.685s][info][gc             ] GC(6757) 	10: 0
[898.685s][info][gc             ] GC(6757) 	11: 0
[898.685s][info][gc             ] GC(6757) 	12: 0
[898.685s][info][gc             ] GC(6757) 	13: 0
[898.685s][info][gc             ] GC(6757) 	14: 0
[898.685s][info][gc             ] GC(6757) 	15: 0
[898.685s][info][gc             ] GC(6757) 	16: 0
[898.685s][info][gc             ] GC(6757) 	17: 0
[898.685s][info][gc             ] GC(6757) 	18: 0
[898.685s][info][gc             ] GC(6757) 	19: 0
[898.685s][info][gc,ergo        ] Free: 46443K, Max: 256K regular, 41216K humongous, Frag: 11% external, 7% internal; Reserve: 13312K, Max: 256K
[898.685s][info][gc,stats       ] 
[898.685s][info][gc,stats       ] All times are wall-clock times, except per-root-class counters, that are sum over
[898.685s][info][gc,stats       ] all workers. Dividing the <total> over the root stage time estimates parallelism.
[898.685s][info][gc,stats       ] 
[898.685s][info][gc,stats       ] Concurrent Reset                    487 us
[898.685s][info][gc,stats       ] Pause Init Mark (G)                2589 us
[898.685s][info][gc,stats       ] Pause Init Mark (N)                1345 us
[898.685s][info][gc,stats       ]   Accumulate Stats                    5 us
[898.685s][info][gc,stats       ]   Make Parsable                      39 us
[898.685s][info][gc,stats       ]   Update Region States                9 us
[898.685s][info][gc,stats       ]   Scan Roots                        722 us, parallelism: 1.58x
[898.685s][info][gc,stats       ]     S: <total>                     1141 us
[898.685s][info][gc,stats       ]     S: Thread Roots                 466 us, workers (us):  26,   1,  34, 100,  39, 265, ---, ---, ---, ---, ---, ---, ---, ---, ---, ---, ---, ---, ---, ---, ---, ---, ---, ---, 
[898.685s][info][gc,stats       ]     S: Universe Roots                20 us, workers (us):  20, ---, ---, ---, ---, ---, ---, ---, ---, ---, ---, ---, ---, ---, ---, ---, ---, ---, ---, ---, ---, ---, ---, ---, 
[898.685s][info][gc,stats       ]     S: JNI Handles Roots             10 us, workers (us):  10, ---, ---, ---, ---, ---, ---, ---, ---, ---, ---, ---, ---, ---, ---, ---, ---, ---, ---, ---, ---, ---, ---, ---, 
[898.685s][info][gc,stats       ]     S: Synchronizer Roots             0 us, workers (us): ---,   0, ---, ---, ---, ---, ---, ---, ---, ---, ---, ---, ---, ---, ---, ---, ---, ---, ---, ---, ---, ---, ---, ---, 
[898.685s][info][gc,stats       ]     S: Management Roots               2 us, workers (us):   2, ---, ---, ---, ---, ---, ---, ---, ---, ---, ---, ---, ---, ---, ---, ---, ---, ---, ---, ---, ---, ---, ---, ---, 
[898.685s][info][gc,stats       ]     S: System Dict Roots             18 us, workers (us): ---, ---,  18, ---, ---, ---, ---, ---, ---, ---, ---, ---, ---, ---, ---, ---, ---, ---, ---, ---, ---, ---, ---, ---, 
[898.685s][info][gc,stats       ]     S: CLDG Roots                   624 us, workers (us): ---, 603, ---,  11,   9, ---, ---, ---, ---, ---, ---, ---, ---, ---, ---, ---, ---, ---, ---, ---, ---, ---, ---, ---, 
[898.685s][info][gc,stats       ]     S: JVMTI Roots                    1 us, workers (us): ---,   1, ---, ---, ---, ---, ---, ---, ---, ---, ---, ---, ---, ---, ---, ---, ---, ---, ---, ---, ---, ---, ---, ---, 
[898.685s][info][gc,stats       ]   Resize TLABs                        2 us
[898.685s][info][gc,stats       ] Concurrent Marking                39914 us
[898.685s][info][gc,stats       ] Concurrent Precleaning             4467 us
[898.685s][info][gc,stats       ] Pause Final Mark (G)              59612 us
[898.685s][info][gc,stats       ] Pause Final Mark (N)              58838 us
[898.685s][info][gc,stats       ]   Finish Queues                     162 us
[898.685s][info][gc,stats       ]   Weak References                    35 us
[898.685s][info][gc,stats       ]     Process                          26 us
[898.685s][info][gc,stats       ]   System Purge                      193 us
[898.685s][info][gc,stats       ]     Unload Classes                   81 us
[898.685s][info][gc,stats       ]     Cleanup                       55673 us, parallelism: 1.68x
[898.685s][info][gc,stats       ]       CU: <total>                 93473 us
[898.685s][info][gc,stats       ]       CU: Code Cache Roots        69352 us, workers (us): 11545, 11731, 11707, 11476, 11520, 11375, ---, ---, ---, ---, ---, ---, ---, ---, ---, ---, ---, ---, ---, ---, ---, ---, ---, ---, 
[898.685s][info][gc,stats       ]       CU: Code Cache Cleaning      5896 us, workers (us): 936, 955, 955, 950, 1150, 951, ---, ---, ---, ---, ---, ---, ---, ---, ---, ---, ---, ---, ---, ---, ---, ---, ---, ---, 
[898.685s][info][gc,stats       ]       CU: String Table Roots       4107 us, workers (us): 718, 531, 554, 785, 695, 824, ---, ---, ---, ---, ---, ---, ---, ---, ---, ---, ---, ---, ---, ---, ---, ---, ---, ---, 
[898.685s][info][gc,stats       ]       CU: Resolved Table Roots       19 us, workers (us):  18,   0,   0,   0,   0,   0, ---, ---, ---, ---, ---, ---, ---, ---, ---, ---, ---, ---, ---, ---, ---, ---, ---, ---, 
[898.685s][info][gc,stats       ]       CU: CLDG Roots              14099 us, workers (us): 2415, 2406, 2346, 2345, 2174, 2412, ---, ---, ---, ---, ---, ---, ---, ---, ---, ---, ---, ---, ---, ---, ---, ---, ---, ---, 
[898.685s][info][gc,stats       ]     Weak Roots                      192 us
[898.685s][info][gc,stats       ]     CLDG                              1 us
[898.685s][info][gc,stats       ]   Update Region States               24 us
[898.685s][info][gc,stats       ]   Retire TLABs                       45 us
[898.685s][info][gc,stats       ]   Choose Collection Set             117 us
[898.685s][info][gc,stats       ]   Rebuild Free Set                    9 us
[898.685s][info][gc,stats       ]   Initial Evacuation               2319 us, parallelism: 2.22x
[898.685s][info][gc,stats       ]     E: <total>                     5155 us
[898.685s][info][gc,stats       ]     E: Thread Roots                 162 us, workers (us):   2,  75,  39,   1,  43,   1, ---, ---, ---, ---, ---, ---, ---, ---, ---, ---, ---, ---, ---, ---, ---, ---, ---, ---, 
[898.686s][info][gc,stats       ]     E: Code Cache Roots            4217 us, workers (us): 853, 327, 481, 988, 751, 817, ---, ---, ---, ---, ---, ---, ---, ---, ---, ---, ---, ---, ---, ---, ---, ---, ---, ---, 
[898.686s][info][gc,stats       ]     E: Universe Roots                 5 us, workers (us):   5, ---, ---, ---, ---, ---, ---, ---, ---, ---, ---, ---, ---, ---, ---, ---, ---, ---, ---, ---, ---, ---, ---, ---, 
[898.686s][info][gc,stats       ]     E: JNI Handles Roots              2 us, workers (us): ---, ---,   2, ---, ---, ---, ---, ---, ---, ---, ---, ---, ---, ---, ---, ---, ---, ---, ---, ---, ---, ---, ---, ---, 
[898.686s][info][gc,stats       ]     E: Synchronizer Roots             0 us, workers (us):   0, ---, ---, ---, ---, ---, ---, ---, ---, ---, ---, ---, ---, ---, ---, ---, ---, ---, ---, ---, ---, ---, ---, ---, 
[898.686s][info][gc,stats       ]     E: Management Roots               3 us, workers (us):   3, ---, ---, ---, ---, ---, ---, ---, ---, ---, ---, ---, ---, ---, ---, ---, ---, ---, ---, ---, ---, ---, ---, ---, 
[898.686s][info][gc,stats       ]     E: System Dict Roots              8 us, workers (us): ---,   8, ---, ---, ---, ---, ---, ---, ---, ---, ---, ---, ---, ---, ---, ---, ---, ---, ---, ---, ---, ---, ---, ---, 
[898.686s][info][gc,stats       ]     E: CLDG Roots                   757 us, workers (us): ---, 425, 280, ---, ---,  53, ---, ---, ---, ---, ---, ---, ---, ---, ---, ---, ---, ---, ---, ---, ---, ---, ---, ---, 
[898.686s][info][gc,stats       ]     E: JVMTI Roots                    1 us, workers (us): ---, ---,   1, ---, ---, ---, ---, ---, ---, ---, ---, ---, ---, ---, ---, ---, ---, ---, ---, ---, ---, ---, ---, ---, 
[898.686s][info][gc,stats       ] Concurrent Cleanup                 5806 us
[898.686s][info][gc,stats       ] Concurrent Evacuation              2733 us
[898.686s][info][gc,stats       ] Pause Init  Update Refs (G)         386 us
[898.686s][info][gc,stats       ] Pause Init  Update Refs (N)         188 us
[898.686s][info][gc,stats       ]   Retire GCLABs                     172 us
[898.686s][info][gc,stats       ] Concurrent Update Refs            16785 us
[898.686s][info][gc,stats       ] Pause Final Update Refs (G)        1664 us
[898.686s][info][gc,stats       ] Pause Final Update Refs (N)         250 us
[898.686s][info][gc,stats       ]   Update Roots                      186 us, parallelism: 1.30x
[898.686s][info][gc,stats       ]     UR: <total>                     243 us
[898.686s][info][gc,stats       ]     UR: Thread Roots                243 us, workers (us): 106,  24,  26,  44,   9,  34, ---, ---, ---, ---, ---, ---, ---, ---, ---, ---, ---, ---, ---, ---, ---, ---, ---, ---, 
[898.686s][info][gc,stats       ]   Update Region States               21 us
[898.686s][info][gc,stats       ]   Trash Collection Set                7 us
[898.686s][info][gc,stats       ]   Rebuild Free Set                   17 us
[898.686s][info][gc,stats       ] Concurrent Cleanup                  856 us
[898.686s][info][gc,stats       ] Pacing                            35109 us
[898.686s][info][gc,stats       ] 
[898.686s][info][gc,stats       ] Allocation pacing accrued:
[898.686s][info][gc,stats       ]      35 of   138 ms ( 25.4%): pl.nadoba.jvm.gc.benchmark.App.main()
[898.686s][info][gc,stats       ]      35 of   138 ms ( 25.4%): <total>
[898.686s][info][gc,stats       ]       4 of   138 ms (  2.5%): <average total>
[898.686s][info][gc,stats       ]      35 of   138 ms ( 25.4%): <average non-zero>
[898.686s][info][gc,stats       ] 
[898.686s][info][gc,metaspace   ] Metaspace: 24281K->24281K(1071104K)
[898.686s][info][gc,ergo        ] Pacer for Idle. Initial: 5242K, Alloc Tax Rate: 1.0x
[898.687s][info][gc             ] Trigger: Start next cycle immediately
[898.687s][info][gc,ergo        ] Free: 38507K, Max: 256K regular, 33280K humongous, Frag: 13% external, 9% internal; Reserve: 13312K, Max: 256K
[898.687s][info][gc,start       ] GC(6758) Concurrent reset
[898.687s][info][gc,task        ] GC(6758) Using 6 of 24 workers for concurrent reset
[898.687s][info][gc,ergo        ] GC(6758) Pacer for Reset. Non-Taxable: 256M
[898.688s][info][gc             ] GC(6758) Concurrent reset 0.849ms
[898.688s][info][gc,start       ] GC(6758) Pause Init Mark (process weakrefs) (unload classes)
[898.688s][info][gc,task        ] GC(6758) Using 6 of 24 workers for init marking
[898.690s][info][gc,ergo        ] GC(6758) Pacer for Mark. Expected Live: 11892K, Free: 38507K, Non-Taxable: 3850K, Alloc Tax Rate: 0.4x
[898.690s][info][gc             ] GC(6758) Pause Init Mark (process weakrefs) (unload classes) 1.657ms
[898.690s][info][gc,start       ] GC(6758) Concurrent marking (process weakrefs) (unload classes)
[898.690s][info][gc,task        ] GC(6758) Using 6 of 24 workers for concurrent marking
[898.755s][info][gc             ] GC(6758) Concurrent marking (process weakrefs) (unload classes) 64.733ms
[898.755s][info][gc,start       ] GC(6758) Concurrent precleaning
[898.755s][info][gc,task        ] GC(6758) Using 1 of 24 workers for concurrent preclean
[898.755s][info][gc,ergo        ] GC(6758) Pacer for Precleaning. Non-Taxable: 256M
[898.757s][info][gc             ] Failed to allocate Shared, 9216K
[898.757s][info][gc             ] Cancelling GC: Allocation Failure
[898.757s][info][gc             ] GC(6758) Concurrent precleaning 2.642ms
[898.757s][info][gc,start       ] GC(6758) Pause Final Mark (process weakrefs) (unload classes)
[898.758s][info][gc,task        ] GC(6758) Using 6 of 24 workers for final marking
[898.758s][info][gc             ] GC(6758) Pause Final Mark (process weakrefs) (unload classes) 0.378ms
[898.758s][info][gc,start       ] GC(6758) Concurrent cleanup
[898.758s][info][gc             ] GC(6758) Concurrent cleanup 219M->219M(256M) 0.103ms
[898.758s][info][gc,ergo        ] GC(6758) Free: 11883K, Max: 256K regular, 6912K humongous, Frag: 40% external, 19% internal; Reserve: 13312K, Max: 256K
[898.758s][info][gc             ] GC(6758) Dat log --- cycle is complete
Current gc epoch: 5481
heap: ______
capacity: 268435456
used: 229791824
committed: 268435456
bytes_allocated_since_gc_start: 27263240
hot_size: 0
cold_size: 2866104
num_regions: 1024
hot_region_count: 18446744073709406492
cold_region_count: 145143
histogram: Placeholder

[898.758s][info][gc             ] GC(6758) Obj count ac histogram
[898.758s][info][gc             ] GC(6758) 	0: 208097
[898.758s][info][gc             ] GC(6758) 	1: 15
[898.758s][info][gc             ] GC(6758) 	2: 4176
[898.758s][info][gc             ] GC(6758) 	3: 3706
[898.758s][info][gc             ] GC(6758) 	4: 769
[898.758s][info][gc             ] GC(6758) 	5: 15
[898.758s][info][gc             ] GC(6758) 	6: 0
[898.758s][info][gc             ] GC(6758) 	7: 0
[898.758s][info][gc             ] GC(6758) 	8: 0
[898.758s][info][gc             ] GC(6758) 	9: 0
[898.758s][info][gc             ] GC(6758) 	10: 0
[898.758s][info][gc             ] GC(6758) 	11: 0
[898.758s][info][gc             ] GC(6758) 	12: 0
[898.758s][info][gc             ] GC(6758) 	13: 0
[898.758s][info][gc             ] GC(6758) 	14: 0
[898.758s][info][gc             ] GC(6758) 	15: 0
[898.758s][info][gc             ] GC(6758) 	16: 0
[898.758s][info][gc             ] GC(6758) 	17: 0
[898.758s][info][gc             ] GC(6758) 	18: 0
[898.758s][info][gc             ] GC(6758) 	19: 0
[898.758s][info][gc             ] GC(6758) Obj size ac histogram
[898.758s][info][gc             ] GC(6758) 	0: 2110387
[898.758s][info][gc             ] GC(6758) 	1: 720
[898.758s][info][gc             ] GC(6758) 	2: 53993
[898.758s][info][gc             ] GC(6758) 	3: 35405
[898.758s][info][gc             ] GC(6758) 	4: 4676
[898.758s][info][gc             ] GC(6758) 	5: 150
[898.758s][info][gc             ] GC(6758) 	6: 0
[898.758s][info][gc             ] GC(6758) 	7: 0
[898.758s][info][gc             ] GC(6758) 	8: 0
[898.758s][info][gc             ] GC(6758) 	9: 0
[898.758s][info][gc             ] GC(6758) 	10: 0
[898.758s][info][gc             ] GC(6758) 	11: 0
[898.758s][info][gc             ] GC(6758) 	12: 0
[898.758s][info][gc             ] GC(6758) 	13: 0
[898.758s][info][gc             ] GC(6758) 	14: 0
[898.758s][info][gc             ] GC(6758) 	15: 0
[898.758s][info][gc             ] GC(6758) 	16: 0
[898.758s][info][gc             ] GC(6758) 	17: 0
[898.758s][info][gc             ] GC(6758) 	18: 0
[898.758s][info][gc             ] GC(6758) 	19: 0
[898.758s][info][gc,ergo        ] Free: 11883K, Max: 256K regular, 6912K humongous, Frag: 40% external, 19% internal; Reserve: 13312K, Max: 256K
[898.759s][info][gc,stats       ] 
[898.759s][info][gc,stats       ] All times are wall-clock times, except per-root-class counters, that are sum over
[898.759s][info][gc,stats       ] all workers. Dividing the <total> over the root stage time estimates parallelism.
[898.759s][info][gc,stats       ] 
[898.759s][info][gc,stats       ] Concurrent Reset                    831 us
[898.759s][info][gc,stats       ] Pause Init Mark (G)                1929 us
[898.759s][info][gc,stats       ] Pause Init Mark (N)                1612 us
[898.759s][info][gc,stats       ]   Accumulate Stats                    6 us
[898.759s][info][gc,stats       ]   Make Parsable                      45 us
[898.759s][info][gc,stats       ]   Update Region States               17 us
[898.759s][info][gc,stats       ]   Scan Roots                        772 us, parallelism: 1.54x
[898.759s][info][gc,stats       ]     S: <total>                     1186 us
[898.759s][info][gc,stats       ]     S: Thread Roots                 471 us, workers (us):  86,  31,   1, 288,  58,   8, ---, ---, ---, ---, ---, ---, ---, ---, ---, ---, ---, ---, ---, ---, ---, ---, ---, ---, 
[898.759s][info][gc,stats       ]     S: Universe Roots                24 us, workers (us):  24, ---, ---, ---, ---, ---, ---, ---, ---, ---, ---, ---, ---, ---, ---, ---, ---, ---, ---, ---, ---, ---, ---, ---, 
[898.759s][info][gc,stats       ]     S: JNI Handles Roots             13 us, workers (us):  13, ---, ---, ---, ---, ---, ---, ---, ---, ---, ---, ---, ---, ---, ---, ---, ---, ---, ---, ---, ---, ---, ---, ---, 
[898.759s][info][gc,stats       ]     S: Synchronizer Roots             0 us, workers (us):   0, ---, ---, ---, ---, ---, ---, ---, ---, ---, ---, ---, ---, ---, ---, ---, ---, ---, ---, ---, ---, ---, ---, ---, 
[898.759s][info][gc,stats       ]     S: Management Roots               2 us, workers (us): ---, ---,   2, ---, ---, ---, ---, ---, ---, ---, ---, ---, ---, ---, ---, ---, ---, ---, ---, ---, ---, ---, ---, ---, 
[898.759s][info][gc,stats       ]     S: System Dict Roots             18 us, workers (us): ---,  18, ---, ---, ---, ---, ---, ---, ---, ---, ---, ---, ---, ---, ---, ---, ---, ---, ---, ---, ---, ---, ---, ---, 
[898.759s][info][gc,stats       ]     S: CLDG Roots                   656 us, workers (us):   8,   5, 643, ---, ---, ---, ---, ---, ---, ---, ---, ---, ---, ---, ---, ---, ---, ---, ---, ---, ---, ---, ---, ---, 
[898.759s][info][gc,stats       ]     S: JVMTI Roots                    1 us, workers (us):   1, ---, ---, ---, ---, ---, ---, ---, ---, ---, ---, ---, ---, ---, ---, ---, ---, ---, ---, ---, ---, ---, ---, ---, 
[898.759s][info][gc,stats       ]   Resize TLABs                        3 us
[898.759s][info][gc,stats       ] Concurrent Marking                64679 us
[898.759s][info][gc,stats       ] Concurrent Precleaning             2621 us
[898.759s][info][gc,stats       ] Pause Final Mark (G)                652 us
[898.759s][info][gc,stats       ] Pause Final Mark (N)                329 us
[898.759s][info][gc,stats       ] Concurrent Cleanup                   76 us
[898.759s][info][gc,stats       ] Pacing                            64230 us
[898.759s][info][gc,stats       ] 
[898.759s][info][gc,stats       ] Allocation pacing accrued:
[898.759s][info][gc,stats       ]      64 of    73 ms ( 87.8%): pl.nadoba.jvm.gc.benchmark.App.main()
[898.759s][info][gc,stats       ]      64 of    73 ms ( 87.8%): <total>
[898.759s][info][gc,stats       ]       6 of    73 ms (  8.8%): <average total>
[898.759s][info][gc,stats       ]      64 of    73 ms ( 87.8%): <average non-zero>
[898.759s][info][gc,stats       ] 
[898.759s][info][gc,metaspace   ] Metaspace: 24281K->24281K(1071104K)
[898.759s][info][gc,ergo        ] Pacer for Idle. Initial: 5242K, Alloc Tax Rate: 1.0x
[898.760s][info][gc             ] Trigger: Handle Allocation Failure
[898.760s][info][gc,ergo        ] Free: 11883K, Max: 256K regular, 6912K humongous, Frag: 40% external, 19% internal; Reserve: 13312K, Max: 256K
[898.760s][info][gc,start       ] GC(6759) Pause Degenerated GC (Outside of Cycle)
[898.760s][info][gc,task        ] GC(6759) Using 6 of 24 workers for stw degenerated gc
[898.760s][info][gc,ergo        ] GC(6759) Pacer for Reset. Non-Taxable: 256M
[898.763s][info][gc,ergo        ] GC(6759) Pacer for Mark. Expected Live: 10458K, Free: 11883K, Non-Taxable: 1188K, Alloc Tax Rate: 1.1x
[898.884s][info][gc,stringtable ] GC(6759) Cleaned string and symbol table, strings: 8172 processed, 0 removed, symbols: 68000 processed, 0 removed
[898.885s][info][gc,ergo        ] GC(6759) Collectable Garbage: 210M (100%), Immediate: 209M (99%), CSet: 1516K (0%)
[898.885s][info][gc,ergo        ] GC(6759) Pacer for Evacuation. Used CSet: 5376K, Free: 233M, Non-Taxable: 23869K, Alloc Tax Rate: 1.1x
[898.915s][info][gc,ergo        ] GC(6759) Pacer for Update Refs. Used: 14996K, Free: 233M, Non-Taxable: 23869K, Alloc Tax Rate: 1.1x
[898.934s][info][gc,ergo        ] GC(6759) Good progress for free space: 233M, need 2621K
[898.934s][info][gc,ergo        ] GC(6759) Good progress for used space: 209M, need 256K
[898.934s][info][gc             ] GC(6759) Pause Degenerated GC (Outside of Cycle) 219M->9M(256M) 173.482ms
[898.934s][info][gc,ergo        ] Free: 233M, Max: 256K regular, 228M humongous, Frag: 2% external, 1% internal; Reserve: 13312K, Max: 256K
[898.934s][info][gc,stats       ] 
[898.934s][info][gc,stats       ] All times are wall-clock times, except per-root-class counters, that are sum over
[898.934s][info][gc,stats       ] all workers. Dividing the <total> over the root stage time estimates parallelism.
[898.934s][info][gc,stats       ] 
[898.934s][info][gc,stats       ]   Accumulate Stats                    7 us
[898.934s][info][gc,stats       ]   Make Parsable                      48 us
[898.934s][info][gc,stats       ]   Update Region States               13 us
[898.934s][info][gc,stats       ]   Scan Roots                        935 us, parallelism: 1.39x
[898.934s][info][gc,stats       ]     S: <total>                     1296 us
[898.934s][info][gc,stats       ]     S: Thread Roots                 405 us, workers (us):  57,   1, 208,  90,   4,  45, ---, ---, ---, ---, ---, ---, ---, ---, ---, ---, ---, ---, ---, ---, ---, ---, ---, ---, 
[898.934s][info][gc,stats       ]     S: Universe Roots                14 us, workers (us):  14, ---, ---, ---, ---, ---, ---, ---, ---, ---, ---, ---, ---, ---, ---, ---, ---, ---, ---, ---, ---, ---, ---, ---, 
[898.934s][info][gc,stats       ]     S: JNI Handles Roots              8 us, workers (us):   8, ---, ---, ---, ---, ---, ---, ---, ---, ---, ---, ---, ---, ---, ---, ---, ---, ---, ---, ---, ---, ---, ---, ---, 
[898.934s][info][gc,stats       ]     S: Synchronizer Roots             1 us, workers (us): ---,   1, ---, ---, ---, ---, ---, ---, ---, ---, ---, ---, ---, ---, ---, ---, ---, ---, ---, ---, ---, ---, ---, ---, 
[898.934s][info][gc,stats       ]     S: Management Roots               2 us, workers (us): ---, ---,   2, ---, ---, ---, ---, ---, ---, ---, ---, ---, ---, ---, ---, ---, ---, ---, ---, ---, ---, ---, ---, ---, 
[898.934s][info][gc,stats       ]     S: System Dict Roots             35 us, workers (us): ---, ---, ---, ---,  35, ---, ---, ---, ---, ---, ---, ---, ---, ---, ---, ---, ---, ---, ---, ---, ---, ---, ---, ---, 
[898.934s][info][gc,stats       ]     S: CLDG Roots                   830 us, workers (us): ---, 804, ---,  13, ---,  14, ---, ---, ---, ---, ---, ---, ---, ---, ---, ---, ---, ---, ---, ---, ---, ---, ---, ---, 
[898.934s][info][gc,stats       ]     S: JVMTI Roots                    1 us, workers (us): ---, ---, ---,   1, ---, ---, ---, ---, ---, ---, ---, ---, ---, ---, ---, ---, ---, ---, ---, ---, ---, ---, ---, ---, 
[898.934s][info][gc,stats       ]   Resize TLABs                        5 us
[898.934s][info][gc,stats       ]   Finish Queues                   66976 us
[898.934s][info][gc,stats       ]   Weak References                  3551 us
[898.934s][info][gc,stats       ]     Process                        3540 us
[898.934s][info][gc,stats       ]   System Purge                      236 us
[898.934s][info][gc,stats       ]     Unload Classes                   44 us
[898.935s][info][gc,stats       ]     Cleanup                       50469 us, parallelism: 1.91x
[898.935s][info][gc,stats       ]       CU: <total>                 96197 us
[898.935s][info][gc,stats       ]       CU: Code Cache Roots        75358 us, workers (us): 12695, 12462, 12444, 12550, 12449, 12758, ---, ---, ---, ---, ---, ---, ---, ---, ---, ---, ---, ---, ---, ---, ---, ---, ---, ---, 
[898.935s][info][gc,stats       ]       CU: Code Cache Cleaning      4829 us, workers (us): 783, 920, 783, 771, 789, 783, ---, ---, ---, ---, ---, ---, ---, ---, ---, ---, ---, ---, ---, ---, ---, ---, ---, ---, 
[898.935s][info][gc,stats       ]       CU: String Table Roots       3730 us, workers (us): 540, 738, 730, 614, 702, 406, ---, ---, ---, ---, ---, ---, ---, ---, ---, ---, ---, ---, ---, ---, ---, ---, ---, ---, 
[898.935s][info][gc,stats       ]       CU: Resolved Table Roots       15 us, workers (us):   0,   0,   0,  14,   0,   0, ---, ---, ---, ---, ---, ---, ---, ---, ---, ---, ---, ---, ---, ---, ---, ---, ---, ---, 
[898.935s][info][gc,stats       ]       CU: CLDG Roots              12266 us, workers (us): 2042, 1950, 2105, 2094, 2033, 2042, ---, ---, ---, ---, ---, ---, ---, ---, ---, ---, ---, ---, ---, ---, ---, ---, ---, ---, 
[898.935s][info][gc,stats       ]     Weak Roots                      235 us
[898.935s][info][gc,stats       ]     CLDG                              1 us
[898.935s][info][gc,stats       ]   Update Region States               21 us
[898.935s][info][gc,stats       ]   Retire TLABs                        9 us
[898.935s][info][gc,stats       ]   Choose Collection Set             641 us
[898.935s][info][gc,stats       ]   Rebuild Free Set                   22 us
[898.935s][info][gc,stats       ]   Initial Evacuation                  8 us
[898.935s][info][gc,stats       ]   Retire GCLABs                     213 us
[898.935s][info][gc,stats       ]   Finish Work                     15808 us
[898.935s][info][gc,stats       ]   Update Region States               28 us
[898.935s][info][gc,stats       ]   Trash Collection Set               11 us
[898.935s][info][gc,stats       ]   Rebuild Free Set                   40 us
[898.935s][info][gc,stats       ] Pause Degenerated GC (G)         173826 us
[898.935s][info][gc,stats       ] Pause Degenerated GC (N)         173438 us
[898.935s][info][gc,stats       ]   Degen Update Roots               1618 us, parallelism: 3.13x
[898.935s][info][gc,stats       ]     DU: <total>                    5059 us
[898.935s][info][gc,stats       ]     DU: Thread Roots                188 us, workers (us):  29,  30,  24, 102,   2,   2, ---, ---, ---, ---, ---, ---, ---, ---, ---, ---, ---, ---, ---, ---, ---, ---, ---, ---, 
[898.935s][info][gc,stats       ]     DU: Code Cache Roots           4196 us, workers (us): 515, 295, 674, 669, 1272, 770, ---, ---, ---, ---, ---, ---, ---, ---, ---, ---, ---, ---, ---, ---, ---, ---, ---, ---, 
[898.935s][info][gc,stats       ]     DU: Universe Roots                3 us, workers (us):   3, ---, ---, ---, ---, ---, ---, ---, ---, ---, ---, ---, ---, ---, ---, ---, ---, ---, ---, ---, ---, ---, ---, ---, 
[898.935s][info][gc,stats       ]     DU: JNI Handles Roots             2 us, workers (us):   2, ---, ---, ---, ---, ---, ---, ---, ---, ---, ---, ---, ---, ---, ---, ---, ---, ---, ---, ---, ---, ---, ---, ---, 
[898.935s][info][gc,stats       ]     DU: Synchronizer Roots            0 us, workers (us):   0, ---, ---, ---, ---, ---, ---, ---, ---, ---, ---, ---, ---, ---, ---, ---, ---, ---, ---, ---, ---, ---, ---, ---, 
[898.935s][info][gc,stats       ]     DU: Management Roots              2 us, workers (us):   2, ---, ---, ---, ---, ---, ---, ---, ---, ---, ---, ---, ---, ---, ---, ---, ---, ---, ---, ---, ---, ---, ---, ---, 
[898.935s][info][gc,stats       ]     DU: System Dict Roots            24 us, workers (us):  24, ---, ---, ---, ---, ---, ---, ---, ---, ---, ---, ---, ---, ---, ---, ---, ---, ---, ---, ---, ---, ---, ---, ---, 
[898.935s][info][gc,stats       ]     DU: CLDG Roots                  643 us, workers (us): 200, 406,  36, ---, ---, ---, ---, ---, ---, ---, ---, ---, ---, ---, ---, ---, ---, ---, ---, ---, ---, ---, ---, ---, 
[898.935s][info][gc,stats       ]     DU: JVMTI Roots                   1 us, workers (us):   1, ---, ---, ---, ---, ---, ---, ---, ---, ---, ---, ---, ---, ---, ---, ---, ---, ---, ---, ---, ---, ---, ---, ---, 
[898.935s][info][gc,stats       ] 
[898.935s][info][gc,stats       ] Allocation pacing accrued:
[898.935s][info][gc,stats       ]       0 of   176 ms (  0.0%): <total>
[898.935s][info][gc,stats       ]       0 of   176 ms (  0.0%): <average total>
[898.935s][info][gc,stats       ] 
[898.935s][info][gc,metaspace   ] Metaspace: 24281K->24281K(1071104K)
[898.935s][info][gc,ergo        ] Pacer for Idle. Initial: 5242K, Alloc Tax Rate: 1.0x
[898.936s][info][gc             ] Trigger: Start next cycle immediately
[898.936s][info][gc,ergo        ] Free: 224M, Max: 256K regular, 219M humongous, Frag: 3% external, 1% internal; Reserve: 13312K, Max: 256K
[898.936s][info][gc,start       ] GC(6760) Concurrent reset
[898.936s][info][gc,task        ] GC(6760) Using 6 of 24 workers for concurrent reset
[898.936s][info][gc,ergo        ] GC(6760) Pacer for Reset. Non-Taxable: 256M
[898.937s][info][gc             ] GC(6760) Concurrent reset 0.405ms
[898.939s][info][gc,start       ] GC(6760) Pause Init Mark (process weakrefs) (unload classes)
[898.939s][info][gc,task        ] GC(6760) Using 6 of 24 workers for init marking
[898.941s][info][gc,ergo        ] GC(6760) Pacer for Mark. Expected Live: 10458K, Free: 214M, Non-Taxable: 21975K, Alloc Tax Rate: 0.1x
[898.941s][info][gc             ] GC(6760) Pause Init Mark (process weakrefs) (unload classes) 1.821ms
[898.941s][info][gc,start       ] GC(6760) Concurrent marking (process weakrefs) (unload classes)
[898.941s][info][gc,task        ] GC(6760) Using 6 of 24 workers for concurrent marking
[898.998s][info][gc             ] GC(6760) Concurrent marking (process weakrefs) (unload classes) 57.343ms
[898.998s][info][gc,start       ] GC(6760) Concurrent precleaning
[898.998s][info][gc,task        ] GC(6760) Using 1 of 24 workers for concurrent preclean
[898.998s][info][gc,ergo        ] GC(6760) Pacer for Precleaning. Non-Taxable: 256M
[899.002s][info][gc             ] GC(6760) Concurrent precleaning 4.269ms
[899.004s][info][gc,start       ] GC(6760) Pause Final Mark (process weakrefs) (unload classes)
[899.004s][info][gc,task        ] GC(6760) Using 6 of 24 workers for final marking
[899.060s][info][gc,stringtable ] GC(6760) Cleaned string and symbol table, strings: 8172 processed, 0 removed, symbols: 68000 processed, 0 removed
[899.060s][info][gc,ergo        ] GC(6760) Collectable Garbage: 11500K (100%), Immediate: 10240K (89%), CSet: 1260K (10%)
[899.062s][info][gc,ergo        ] GC(6760) Pacer for Evacuation. Used CSet: 5120K, Free: 41323K, Non-Taxable: 4132K, Alloc Tax Rate: 1.1x
[899.062s][info][gc             ] GC(6760) Pause Final Mark (process weakrefs) (unload classes) 58.610ms
[899.063s][info][gc,start       ] GC(6760) Concurrent cleanup
[899.064s][info][gc             ] GC(6760) Concurrent cleanup 205M->195M(256M) 1.853ms
[899.065s][info][gc,ergo        ] GC(6760) Free: 41067K, Max: 256K regular, 26112K humongous, Frag: 36% external, 6% internal; Reserve: 12670K, Max: 256K
[899.065s][info][gc,start       ] GC(6760) Concurrent evacuation
[899.065s][info][gc,task        ] GC(6760) Using 6 of 24 workers for concurrent evacuation
[899.069s][info][gc             ] GC(6760) Concurrent evacuation 4.119ms
[899.069s][info][gc,start       ] GC(6760) Pause Init Update Refs
[899.069s][info][gc,ergo        ] GC(6760) Pacer for Update Refs. Used: 199M, Free: 41067K, Non-Taxable: 4106K, Alloc Tax Rate: 6.1x
[899.069s][info][gc             ] GC(6760) Pause Init Update Refs 0.179ms
[899.069s][info][gc,start       ] GC(6760) Concurrent update references
[899.069s][info][gc,task        ] GC(6760) Using 6 of 24 workers for concurrent reference update
[899.086s][info][gc             ] Failed to allocate Shared, 5120K
[899.086s][info][gc             ] Cancelling GC: Allocation Failure
[899.087s][info][gc             ] GC(6760) Concurrent update references 17.806ms
[899.087s][info][gc,ergo        ] Free: 7787K, Max: 256K regular, 3584K humongous, Frag: 52% external, 27% internal; Reserve: 8448K, Max: 256K
[899.087s][info][gc,stats       ] 
[899.087s][info][gc,stats       ] All times are wall-clock times, except per-root-class counters, that are sum over
[899.087s][info][gc,stats       ] all workers. Dividing the <total> over the root stage time estimates parallelism.
[899.087s][info][gc,stats       ] 
[899.087s][info][gc,stats       ] Concurrent Reset                    386 us
[899.087s][info][gc,stats       ] Pause Init Mark (G)                4102 us
[899.087s][info][gc,stats       ] Pause Init Mark (N)                1787 us
[899.087s][info][gc,stats       ]   Accumulate Stats                    5 us
[899.087s][info][gc,stats       ]   Make Parsable                      41 us
[899.087s][info][gc,stats       ]   Update Region States               28 us
[899.087s][info][gc,stats       ]   Scan Roots                       1009 us, parallelism: 1.37x
[899.087s][info][gc,stats       ]     S: <total>                     1378 us
[899.087s][info][gc,stats       ]     S: Thread Roots                 438 us, workers (us):  36,  33,   1,  79, 230,  59, ---, ---, ---, ---, ---, ---, ---, ---, ---, ---, ---, ---, ---, ---, ---, ---, ---, ---, 
[899.087s][info][gc,stats       ]     S: Universe Roots                12 us, workers (us):  12, ---, ---, ---, ---, ---, ---, ---, ---, ---, ---, ---, ---, ---, ---, ---, ---, ---, ---, ---, ---, ---, ---, ---, 
[899.087s][info][gc,stats       ]     S: JNI Handles Roots             14 us, workers (us): ---,  14, ---, ---, ---, ---, ---, ---, ---, ---, ---, ---, ---, ---, ---, ---, ---, ---, ---, ---, ---, ---, ---, ---, 
[899.087s][info][gc,stats       ]     S: Synchronizer Roots             0 us, workers (us):   0, ---, ---, ---, ---, ---, ---, ---, ---, ---, ---, ---, ---, ---, ---, ---, ---, ---, ---, ---, ---, ---, ---, ---, 
[899.087s][info][gc,stats       ]     S: Management Roots               1 us, workers (us):   1, ---, ---, ---, ---, ---, ---, ---, ---, ---, ---, ---, ---, ---, ---, ---, ---, ---, ---, ---, ---, ---, ---, ---, 
[899.087s][info][gc,stats       ]     S: System Dict Roots             19 us, workers (us):  19, ---, ---, ---, ---, ---, ---, ---, ---, ---, ---, ---, ---, ---, ---, ---, ---, ---, ---, ---, ---, ---, ---, ---, 
[899.087s][info][gc,stats       ]     S: CLDG Roots                   893 us, workers (us): ---,   7, 877,   9, ---, ---, ---, ---, ---, ---, ---, ---, ---, ---, ---, ---, ---, ---, ---, ---, ---, ---, ---, ---, 
[899.087s][info][gc,stats       ]     S: JVMTI Roots                    1 us, workers (us): ---,   1, ---, ---, ---, ---, ---, ---, ---, ---, ---, ---, ---, ---, ---, ---, ---, ---, ---, ---, ---, ---, ---, ---, 
[899.087s][info][gc,stats       ]   Resize TLABs                        4 us
[899.087s][info][gc,stats       ] Concurrent Marking                57271 us
[899.087s][info][gc,stats       ] Concurrent Precleaning             4247 us
[899.087s][info][gc,stats       ] Pause Final Mark (G)              60168 us
[899.087s][info][gc,stats       ] Pause Final Mark (N)              58559 us
[899.088s][info][gc,stats       ]   Finish Queues                     187 us
[899.088s][info][gc,stats       ]   Weak References                    32 us
[899.088s][info][gc,stats       ]     Process                          25 us
[899.088s][info][gc,stats       ]   System Purge                      204 us
[899.088s][info][gc,stats       ]     Unload Classes                   83 us
[899.088s][info][gc,stats       ]     Cleanup                       55326 us, parallelism: 1.85x
[899.088s][info][gc,stats       ]       CU: <total>                102399 us
[899.088s][info][gc,stats       ]       CU: Code Cache Roots        82302 us, workers (us): 13665, 13698, 13943, 13706, 13720, 13570, ---, ---, ---, ---, ---, ---, ---, ---, ---, ---, ---, ---, ---, ---, ---, ---, ---, ---, 
[899.088s][info][gc,stats       ]       CU: Code Cache Cleaning      4593 us, workers (us): 750, 850, 747, 749, 747, 750, ---, ---, ---, ---, ---, ---, ---, ---, ---, ---, ---, ---, ---, ---, ---, ---, ---, ---, 
[899.088s][info][gc,stats       ]       CU: String Table Roots       3650 us, workers (us): 686, 652, 401, 601, 585, 725, ---, ---, ---, ---, ---, ---, ---, ---, ---, ---, ---, ---, ---, ---, ---, ---, ---, ---, 
[899.088s][info][gc,stats       ]       CU: Resolved Table Roots       14 us, workers (us):   0,  14,   0,   0,   0,   0, ---, ---, ---, ---, ---, ---, ---, ---, ---, ---, ---, ---, ---, ---, ---, ---, ---, ---, 
[899.088s][info][gc,stats       ]       CU: CLDG Roots              11839 us, workers (us): 1954, 1883, 1963, 2006, 2022, 2012, ---, ---, ---, ---, ---, ---, ---, ---, ---, ---, ---, ---, ---, ---, ---, ---, ---, ---, 
[899.088s][info][gc,stats       ]     Weak Roots                      203 us
[899.088s][info][gc,stats       ]     CLDG                              1 us
[899.088s][info][gc,stats       ]   Update Region States               27 us
[899.088s][info][gc,stats       ]   Retire TLABs                       44 us
[899.088s][info][gc,stats       ]   Choose Collection Set              60 us
[899.088s][info][gc,stats       ]   Rebuild Free Set                    8 us
[899.088s][info][gc,stats       ]   Initial Evacuation               2387 us, parallelism: 2.59x
[899.088s][info][gc,stats       ]     E: <total>                     6192 us
[899.088s][info][gc,stats       ]     E: Thread Roots                 216 us, workers (us):   1,   2, 103,   1,  51,  58, ---, ---, ---, ---, ---, ---, ---, ---, ---, ---, ---, ---, ---, ---, ---, ---, ---, ---, 
[899.088s][info][gc,stats       ]     E: Code Cache Roots            4793 us, workers (us): 985, 1025, 436, 1040, 941, 365, ---, ---, ---, ---, ---, ---, ---, ---, ---, ---, ---, ---, ---, ---, ---, ---, ---, ---, 
[899.088s][info][gc,stats       ]     E: Universe Roots                 4 us, workers (us):   4, ---, ---, ---, ---, ---, ---, ---, ---, ---, ---, ---, ---, ---, ---, ---, ---, ---, ---, ---, ---, ---, ---, ---, 
[899.088s][info][gc,stats       ]     E: JNI Handles Roots              4 us, workers (us): ---,   4, ---, ---, ---, ---, ---, ---, ---, ---, ---, ---, ---, ---, ---, ---, ---, ---, ---, ---, ---, ---, ---, ---, 
[899.088s][info][gc,stats       ]     E: Synchronizer Roots             0 us, workers (us):   0, ---, ---, ---, ---, ---, ---, ---, ---, ---, ---, ---, ---, ---, ---, ---, ---, ---, ---, ---, ---, ---, ---, ---, 
[899.088s][info][gc,stats       ]     E: Management Roots               3 us, workers (us):   3, ---, ---, ---, ---, ---, ---, ---, ---, ---, ---, ---, ---, ---, ---, ---, ---, ---, ---, ---, ---, ---, ---, ---, 
[899.088s][info][gc,stats       ]     E: System Dict Roots              8 us, workers (us):   8, ---, ---, ---, ---, ---, ---, ---, ---, ---, ---, ---, ---, ---, ---, ---, ---, ---, ---, ---, ---, ---, ---, ---, 
[899.088s][info][gc,stats       ]     E: CLDG Roots                  1163 us, workers (us): ---, ---, 503,  66, ---, 594, ---, ---, ---, ---, ---, ---, ---, ---, ---, ---, ---, ---, ---, ---, ---, ---, ---, ---, 
[899.088s][info][gc,stats       ]     E: JVMTI Roots                    1 us, workers (us): ---,   1, ---, ---, ---, ---, ---, ---, ---, ---, ---, ---, ---, ---, ---, ---, ---, ---, ---, ---, ---, ---, ---, ---, 
[899.088s][info][gc,stats       ] Concurrent Cleanup                 1799 us
[899.088s][info][gc,stats       ] Concurrent Evacuation              4098 us
[899.088s][info][gc,stats       ] Pause Init  Update Refs (G)         452 us
[899.088s][info][gc,stats       ] Pause Init  Update Refs (N)         155 us
[899.088s][info][gc,stats       ]   Retire GCLABs                     141 us
[899.088s][info][gc,stats       ] Concurrent Update Refs            17773 us
[899.088s][info][gc,stats       ] Pacing                            41325 us
[899.088s][info][gc,stats       ] 
[899.088s][info][gc,stats       ] Allocation pacing accrued:
[899.088s][info][gc,stats       ]      41 of   153 ms ( 27.0%): pl.nadoba.jvm.gc.benchmark.App.main()
[899.088s][info][gc,stats       ]      41 of   153 ms ( 27.0%): <total>
[899.088s][info][gc,stats       ]       4 of   153 ms (  2.7%): <average total>
[899.088s][info][gc,stats       ]      41 of   153 ms ( 27.0%): <average non-zero>
[899.088s][info][gc,stats       ] 
[899.088s][info][gc,metaspace   ] Metaspace: 24281K->24281K(1071104K)
[899.088s][info][gc,ergo        ] Pacer for Idle. Initial: 5242K, Alloc Tax Rate: 1.0x
[899.089s][info][gc             ] Trigger: Handle Allocation Failure
[899.089s][info][gc,ergo        ] Free: 7787K, Max: 256K regular, 3584K humongous, Frag: 52% external, 27% internal; Reserve: 8448K, Max: 256K
[899.090s][info][gc,start       ] GC(6761) Pause Degenerated GC (Update Refs)
[899.090s][info][gc,task        ] GC(6761) Using 6 of 24 workers for stw degenerated gc
[899.091s][info][gc,ergo        ] GC(6761) Good progress for free space: 8043K, need 2621K
[899.091s][info][gc,ergo        ] GC(6761) Good progress for used space: 5120K, need 256K
[899.091s][info][gc             ] GC(6761) Pause Degenerated GC (Update Refs) 230M->225M(256M) 1.671ms
[899.091s][info][gc,ergo        ] Free: 8043K, Max: 256K regular, 3584K humongous, Frag: 54% external, 33% internal; Reserve: 13312K, Max: 256K
[899.091s][info][gc             ] Failed to allocate Shared, 5120K
[899.091s][info][gc             ] Cancelling GC: Allocation Failure
[899.091s][info][gc,stats       ] 
[899.092s][info][gc,stats       ] All times are wall-clock times, except per-root-class counters, that are sum over
[899.092s][info][gc,stats       ] all workers. Dividing the <total> over the root stage time estimates parallelism.
[899.092s][info][gc,stats       ] 
[899.092s][info][gc,stats       ]   Update Region States               23 us
[899.092s][info][gc,stats       ]   Trash Collection Set                9 us
[899.092s][info][gc,stats       ]   Rebuild Free Set                   16 us
[899.092s][info][gc,stats       ] Pause Degenerated GC (G)           2032 us
[899.092s][info][gc,stats       ] Pause Degenerated GC (N)           1627 us
[899.092s][info][gc,stats       ]   Degen Update Roots                692 us, parallelism: 2.91x
[899.092s][info][gc,stats       ]     DU: <total>                    2015 us
[899.092s][info][gc,stats       ]     DU: Thread Roots                142 us, workers (us):  95,   2,  41,   1,   2,   2, ---, ---, ---, ---, ---, ---, ---, ---, ---, ---, ---, ---, ---, ---, ---, ---, ---, ---, 
[899.092s][info][gc,stats       ]     DU: Code Cache Roots           1187 us, workers (us):   0, 291, 259,   0, 306, 330, ---, ---, ---, ---, ---, ---, ---, ---, ---, ---, ---, ---, ---, ---, ---, ---, ---, ---, 
[899.092s][info][gc,stats       ]     DU: Universe Roots                5 us, workers (us):   5, ---, ---, ---, ---, ---, ---, ---, ---, ---, ---, ---, ---, ---, ---, ---, ---, ---, ---, ---, ---, ---, ---, ---, 
[899.092s][info][gc,stats       ]     DU: JNI Handles Roots             3 us, workers (us):   3, ---, ---, ---, ---, ---, ---, ---, ---, ---, ---, ---, ---, ---, ---, ---, ---, ---, ---, ---, ---, ---, ---, ---, 
[899.092s][info][gc,stats       ]     DU: Synchronizer Roots            0 us, workers (us):   0, ---, ---, ---, ---, ---, ---, ---, ---, ---, ---, ---, ---, ---, ---, ---, ---, ---, ---, ---, ---, ---, ---, ---, 
[899.092s][info][gc,stats       ]     DU: Management Roots              2 us, workers (us):   2, ---, ---, ---, ---, ---, ---, ---, ---, ---, ---, ---, ---, ---, ---, ---, ---, ---, ---, ---, ---, ---, ---, ---, 
[899.092s][info][gc,stats       ]     DU: System Dict Roots             9 us, workers (us):   9, ---, ---, ---, ---, ---, ---, ---, ---, ---, ---, ---, ---, ---, ---, ---, ---, ---, ---, ---, ---, ---, ---, ---, 
[899.092s][info][gc,stats       ]     DU: CLDG Roots                  666 us, workers (us): 221,  55, ---, 390, ---, ---, ---, ---, ---, ---, ---, ---, ---, ---, ---, ---, ---, ---, ---, ---, ---, ---, ---, ---, 
[899.092s][info][gc,stats       ]     DU: JVMTI Roots                   1 us, workers (us):   1, ---, ---, ---, ---, ---, ---, ---, ---, ---, ---, ---, ---, ---, ---, ---, ---, ---, ---, ---, ---, ---, ---, ---, 
[899.092s][info][gc,stats       ] 
[899.092s][info][gc,stats       ] Allocation pacing accrued:
[899.092s][info][gc,stats       ]       0 of     4 ms (  0.0%): <total>
[899.092s][info][gc,stats       ]       0 of     4 ms (  0.0%): <average total>
[899.092s][info][gc,stats       ] 
[899.092s][info][gc,metaspace   ] Metaspace: 24281K->24281K(1071104K)
[899.092s][info][gc,ergo        ] Pacer for Idle. Initial: 5242K, Alloc Tax Rate: 1.0x
[899.094s][info][gc             ] Trigger: Handle Allocation Failure
[899.094s][info][gc,ergo        ] Free: 8043K, Max: 256K regular, 3584K humongous, Frag: 54% external, 33% internal; Reserve: 13312K, Max: 256K
[899.094s][info][gc,start       ] GC(6762) Pause Degenerated GC (Outside of Cycle)
[899.094s][info][gc,task        ] GC(6762) Using 6 of 24 workers for stw degenerated gc
[899.094s][info][gc,ergo        ] GC(6762) Pacer for Reset. Non-Taxable: 256M
[899.097s][info][gc,ergo        ] GC(6762) Pacer for Mark. Expected Live: 11278K, Free: 8043K, Non-Taxable: 804K, Alloc Tax Rate: 1.7x
[899.222s][info][gc,stringtable ] GC(6762) Cleaned string and symbol table, strings: 8172 processed, 0 removed, symbols: 68000 processed, 0 removed
[899.223s][info][gc,ergo        ] GC(6762) Collectable Garbage: 217M (100%), Immediate: 216M (99%), CSet: 1260K (0%)
[899.223s][info][gc,ergo        ] GC(6762) Pacer for Evacuation. Used CSet: 5120K, Free: 233M, Non-Taxable: 23895K, Alloc Tax Rate: 1.1x
[899.253s][info][gc,ergo        ] GC(6762) Pacer for Update Refs. Used: 14738K, Free: 233M, Non-Taxable: 23895K, Alloc Tax Rate: 1.1x
[899.270s][info][gc,ergo        ] GC(6762) Good progress for free space: 233M, need 2621K
[899.270s][info][gc,ergo        ] GC(6762) Good progress for used space: 216M, need 256K
[899.270s][info][gc             ] GC(6762) Pause Degenerated GC (Outside of Cycle) 225M->9M(256M) 175.887ms
[899.270s][info][gc,ergo        ] Free: 233M, Max: 256K regular, 228M humongous, Frag: 2% external, 1% internal; Reserve: 13312K, Max: 256K
[899.270s][info][gc,stats       ] 
[899.270s][info][gc,stats       ] All times are wall-clock times, except per-root-class counters, that are sum over
[899.270s][info][gc,stats       ] all workers. Dividing the <total> over the root stage time estimates parallelism.
[899.270s][info][gc,stats       ] 
[899.271s][info][gc,stats       ]   Accumulate Stats                    6 us
[899.271s][info][gc,stats       ]   Make Parsable                      47 us
[899.271s][info][gc,stats       ]   Update Region States               10 us
[899.271s][info][gc,stats       ]   Scan Roots                        898 us, parallelism: 1.43x
[899.271s][info][gc,stats       ]     S: <total>                     1285 us
[899.271s][info][gc,stats       ]     S: Thread Roots                 352 us, workers (us):  40,   4, 146,   1, 114,  46, ---, ---, ---, ---, ---, ---, ---, ---, ---, ---, ---, ---, ---, ---, ---, ---, ---, ---, 
[899.271s][info][gc,stats       ]     S: Universe Roots                47 us, workers (us):  47, ---, ---, ---, ---, ---, ---, ---, ---, ---, ---, ---, ---, ---, ---, ---, ---, ---, ---, ---, ---, ---, ---, ---, 
[899.271s][info][gc,stats       ]     S: JNI Handles Roots             30 us, workers (us): ---, ---, ---, ---, ---,  30, ---, ---, ---, ---, ---, ---, ---, ---, ---, ---, ---, ---, ---, ---, ---, ---, ---, ---, 
[899.271s][info][gc,stats       ]     S: Synchronizer Roots             1 us, workers (us): ---,   1, ---, ---, ---, ---, ---, ---, ---, ---, ---, ---, ---, ---, ---, ---, ---, ---, ---, ---, ---, ---, ---, ---, 
[899.271s][info][gc,stats       ]     S: Management Roots               2 us, workers (us): ---,   2, ---, ---, ---, ---, ---, ---, ---, ---, ---, ---, ---, ---, ---, ---, ---, ---, ---, ---, ---, ---, ---, ---, 
[899.271s][info][gc,stats       ]     S: System Dict Roots             62 us, workers (us): ---,  62, ---, ---, ---, ---, ---, ---, ---, ---, ---, ---, ---, ---, ---, ---, ---, ---, ---, ---, ---, ---, ---, ---, 
[899.271s][info][gc,stats       ]     S: CLDG Roots                   792 us, workers (us): ---, ---,  10, 770,  12, ---, ---, ---, ---, ---, ---, ---, ---, ---, ---, ---, ---, ---, ---, ---, ---, ---, ---, ---, 
[899.271s][info][gc,stats       ]     S: JVMTI Roots                    1 us, workers (us): ---, ---, ---, ---,   1, ---, ---, ---, ---, ---, ---, ---, ---, ---, ---, ---, ---, ---, ---, ---, ---, ---, ---, ---, 
[899.271s][info][gc,stats       ]   Resize TLABs                        4 us
[899.271s][info][gc,stats       ]   Finish Queues                   62801 us
[899.271s][info][gc,stats       ]   Weak References                  3624 us
[899.271s][info][gc,stats       ]     Process                        3611 us
[899.271s][info][gc,stats       ]   System Purge                      225 us
[899.271s][info][gc,stats       ]     Unload Classes                   81 us
[899.271s][info][gc,stats       ]     Cleanup                       58554 us, parallelism: 1.89x
[899.271s][info][gc,stats       ]       CU: <total>                110735 us
[899.271s][info][gc,stats       ]       CU: Code Cache Roots        90662 us, workers (us): 15004, 15003, 15314, 15224, 14990, 15126, ---, ---, ---, ---, ---, ---, ---, ---, ---, ---, ---, ---, ---, ---, ---, ---, ---, ---, 
[899.271s][info][gc,stats       ]       CU: Code Cache Cleaning      4861 us, workers (us): 782, 779, 779, 958, 779, 783, ---, ---, ---, ---, ---, ---, ---, ---, ---, ---, ---, ---, ---, ---, ---, ---, ---, ---, 
[899.271s][info][gc,stats       ]       CU: String Table Roots       3347 us, workers (us): 680, 673, 357, 438, 673, 527, ---, ---, ---, ---, ---, ---, ---, ---, ---, ---, ---, ---, ---, ---, ---, ---, ---, ---, 
[899.271s][info][gc,stats       ]       CU: Resolved Table Roots       20 us, workers (us):   0,   0,   0,  19,   0,   0, ---, ---, ---, ---, ---, ---, ---, ---, ---, ---, ---, ---, ---, ---, ---, ---, ---, ---, 
[899.271s][info][gc,stats       ]       CU: CLDG Roots              11846 us, workers (us): 2027, 1975, 2020, 1814, 1976, 2035, ---, ---, ---, ---, ---, ---, ---, ---, ---, ---, ---, ---, ---, ---, ---, ---, ---, ---, 
[899.271s][info][gc,stats       ]     Weak Roots                      224 us
[899.271s][info][gc,stats       ]     CLDG                              1 us
[899.271s][info][gc,stats       ]   Update Region States               23 us
[899.271s][info][gc,stats       ]   Retire TLABs                        9 us
[899.271s][info][gc,stats       ]   Choose Collection Set             611 us
[899.271s][info][gc,stats       ]   Rebuild Free Set                   22 us
[899.271s][info][gc,stats       ]   Initial Evacuation                 17 us
[899.271s][info][gc,stats       ]   Retire GCLABs                     186 us
[899.271s][info][gc,stats       ]   Finish Work                     15144 us
[899.271s][info][gc,stats       ]   Update Region States               23 us
[899.271s][info][gc,stats       ]   Trash Collection Set                7 us
[899.271s][info][gc,stats       ]   Rebuild Free Set                   19 us
[899.271s][info][gc,stats       ] Pause Degenerated GC (G)         176206 us
[899.271s][info][gc,stats       ] Pause Degenerated GC (N)         175854 us
[899.271s][info][gc,stats       ]   Degen Update Roots               1609 us, parallelism: 3.74x
[899.271s][info][gc,stats       ]     DU: <total>                    6013 us
[899.271s][info][gc,stats       ]     DU: Thread Roots                152 us, workers (us):   1, 144,   2,   1,   1,   2, ---, ---, ---, ---, ---, ---, ---, ---, ---, ---, ---, ---, ---, ---, ---, ---, ---, ---, 
[899.271s][info][gc,stats       ]     DU: Code Cache Roots           5044 us, workers (us): 675, 435, 889, 912, 872, 1259, ---, ---, ---, ---, ---, ---, ---, ---, ---, ---, ---, ---, ---, ---, ---, ---, ---, ---, 
[899.271s][info][gc,stats       ]     DU: Universe Roots                7 us, workers (us):   7, ---, ---, ---, ---, ---, ---, ---, ---, ---, ---, ---, ---, ---, ---, ---, ---, ---, ---, ---, ---, ---, ---, ---, 
[899.271s][info][gc,stats       ]     DU: JNI Handles Roots             2 us, workers (us): ---,   2, ---, ---, ---, ---, ---, ---, ---, ---, ---, ---, ---, ---, ---, ---, ---, ---, ---, ---, ---, ---, ---, ---, 
[899.271s][info][gc,stats       ]     DU: Synchronizer Roots            0 us, workers (us):   0, ---, ---, ---, ---, ---, ---, ---, ---, ---, ---, ---, ---, ---, ---, ---, ---, ---, ---, ---, ---, ---, ---, ---, 
[899.271s][info][gc,stats       ]     DU: Management Roots              2 us, workers (us):   2, ---, ---, ---, ---, ---, ---, ---, ---, ---, ---, ---, ---, ---, ---, ---, ---, ---, ---, ---, ---, ---, ---, ---, 
[899.271s][info][gc,stats       ]     DU: System Dict Roots            12 us, workers (us):  12, ---, ---, ---, ---, ---, ---, ---, ---, ---, ---, ---, ---, ---, ---, ---, ---, ---, ---, ---, ---, ---, ---, ---, 
[899.271s][info][gc,stats       ]     DU: CLDG Roots                  792 us, workers (us): 444, 291, ---,  57, ---, ---, ---, ---, ---, ---, ---, ---, ---, ---, ---, ---, ---, ---, ---, ---, ---, ---, ---, ---, 
[899.271s][info][gc,stats       ]     DU: JVMTI Roots                   1 us, workers (us): ---,   1, ---, ---, ---, ---, ---, ---, ---, ---, ---, ---, ---, ---, ---, ---, ---, ---, ---, ---, ---, ---, ---, ---, 
[899.271s][info][gc,stats       ] 
[899.271s][info][gc,stats       ] Allocation pacing accrued:
[899.271s][info][gc,stats       ]       0 of   179 ms (  0.0%): <total>
[899.271s][info][gc,stats       ]       0 of   179 ms (  0.0%): <average total>
[899.271s][info][gc,stats       ] 
[899.271s][info][gc,metaspace   ] Metaspace: 24281K->24281K(1071104K)
[899.271s][info][gc,ergo        ] Pacer for Idle. Initial: 5242K, Alloc Tax Rate: 1.0x
[899.272s][info][gc             ] Trigger: Start next cycle immediately
[899.272s][info][gc,ergo        ] Free: 226M, Max: 256K regular, 221M humongous, Frag: 2% external, 1% internal; Reserve: 13312K, Max: 256K
[899.273s][info][gc,start       ] GC(6763) Concurrent reset
[899.273s][info][gc,task        ] GC(6763) Using 6 of 24 workers for concurrent reset
[899.273s][info][gc,ergo        ] GC(6763) Pacer for Reset. Non-Taxable: 256M
[899.273s][info][gc             ] GC(6763) Concurrent reset 0.412ms
[899.273s][info][gc,start       ] GC(6763) Pause Init Mark
[899.273s][info][gc,task        ] GC(6763) Using 6 of 24 workers for init marking
[899.275s][info][gc,ergo        ] GC(6763) Pacer for Mark. Expected Live: 11278K, Free: 226M, Non-Taxable: 23144K, Alloc Tax Rate: 0.1x
[899.275s][info][gc             ] GC(6763) Pause Init Mark 2.041ms
[899.275s][info][gc,start       ] GC(6763) Concurrent marking
[899.275s][info][gc,task        ] GC(6763) Using 6 of 24 workers for concurrent marking
[899.344s][info][gc             ] GC(6763) Concurrent marking 68.522ms
[899.346s][info][gc,start       ] GC(6763) Pause Final Mark
[899.346s][info][gc,task        ] GC(6763) Using 6 of 24 workers for final marking
[899.347s][info][gc,ergo        ] GC(6763) Collectable Garbage: 8262K (100%), Immediate: 7168K (86%), CSet: 1094K (13%)
[899.350s][info][gc,ergo        ] GC(6763) Pacer for Evacuation. Used CSet: 5117K, Free: 173M, Non-Taxable: 17802K, Alloc Tax Rate: 1.1x
[899.350s][info][gc             ] GC(6763) Pause Final Mark 3.791ms
[899.350s][info][gc,start       ] GC(6763) Concurrent cleanup
[899.352s][info][gc             ] GC(6763) Concurrent cleanup 74M->75M(256M) 1.376ms
[899.352s][info][gc,ergo        ] GC(6763) Free: 165M, Max: 256K regular, 153M humongous, Frag: 7% external, 1% internal; Reserve: 12544K, Max: 256K
[899.352s][info][gc,start       ] GC(6763) Concurrent evacuation
[899.352s][info][gc,task        ] GC(6763) Using 6 of 24 workers for concurrent evacuation
[899.355s][info][gc             ] GC(6763) Concurrent evacuation 3.785ms
[899.356s][info][gc,start       ] GC(6763) Pause Init Update Refs
[899.356s][info][gc,ergo        ] GC(6763) Pacer for Update Refs. Used: 91025K, Free: 156M, Non-Taxable: 15985K, Alloc Tax Rate: 1.1x
[899.356s][info][gc             ] GC(6763) Pause Init Update Refs 0.266ms
[899.356s][info][gc,start       ] GC(6763) Concurrent update references
[899.356s][info][gc,task        ] GC(6763) Using 6 of 24 workers for concurrent reference update
[899.373s][info][gc             ] GC(6763) Concurrent update references 16.588ms
[899.374s][info][gc,start       ] GC(6763) Pause Final Update Refs
[899.374s][info][gc,task        ] GC(6763) Using 6 of 24 workers for final reference update
[899.374s][info][gc             ] GC(6763) Pause Final Update Refs 0.304ms
[899.374s][info][gc,start       ] GC(6763) Concurrent cleanup
[899.375s][info][gc             ] GC(6763) Concurrent cleanup 130M->130M(256M) 0.969ms
[899.375s][info][gc             ] GC(6763) Dat log --- cycle is complete
Current gc epoch: 5482
heap: ______
capacity: 268435456
used: 137252808
committed: 268435456
bytes_allocated_since_gc_start: 133074976
hot_size: 0
cold_size: 11281956
num_regions: 1024
hot_region_count: 18446744073709406416
cold_region_count: 145220
histogram: Placeholder

[899.375s][info][gc             ] GC(6763) Obj count ac histogram
[899.375s][info][gc             ] GC(6763) 	0: 808994
[899.375s][info][gc             ] GC(6763) 	1: 30
[899.375s][info][gc             ] GC(6763) 	2: 5897
[899.375s][info][gc             ] GC(6763) 	3: 12675
[899.375s][info][gc             ] GC(6763) 	4: 14490
[899.376s][info][gc             ] GC(6763) 	5: 19008
[899.376s][info][gc             ] GC(6763) 	6: 752
[899.376s][info][gc             ] GC(6763) 	7: 38
[899.376s][info][gc             ] GC(6763) 	8: 0
[899.376s][info][gc             ] GC(6763) 	9: 0
[899.376s][info][gc             ] GC(6763) 	10: 0
[899.376s][info][gc             ] GC(6763) 	11: 0
[899.376s][info][gc             ] GC(6763) 	12: 0
[899.376s][info][gc             ] GC(6763) 	13: 0
[899.376s][info][gc             ] GC(6763) 	14: 0
[899.376s][info][gc             ] GC(6763) 	15: 0
[899.376s][info][gc             ] GC(6763) 	16: 0
[899.376s][info][gc             ] GC(6763) 	17: 0
[899.376s][info][gc             ] GC(6763) 	18: 0
[899.376s][info][gc             ] GC(6763) 	19: 0
[899.376s][info][gc             ] GC(6763) Obj size ac histogram
[899.376s][info][gc             ] GC(6763) 	0: 5836569
[899.376s][info][gc             ] GC(6763) 	1: 1440
[899.376s][info][gc             ] GC(6763) 	2: 75058
[899.376s][info][gc             ] GC(6763) 	3: 141037
[899.376s][info][gc             ] GC(6763) 	4: 155176
[899.376s][info][gc             ] GC(6763) 	5: 180538
[899.376s][info][gc             ] GC(6763) 	6: 5574
[899.376s][info][gc             ] GC(6763) 	7: 380
[899.376s][info][gc             ] GC(6763) 	8: 0
[899.376s][info][gc             ] GC(6763) 	9: 0
[899.376s][info][gc             ] GC(6763) 	10: 0
[899.376s][info][gc             ] GC(6763) 	11: 0
[899.376s][info][gc             ] GC(6763) 	12: 0
[899.376s][info][gc             ] GC(6763) 	13: 0
[899.376s][info][gc             ] GC(6763) 	14: 0
[899.376s][info][gc             ] GC(6763) 	15: 0
[899.376s][info][gc             ] GC(6763) 	16: 0
[899.376s][info][gc             ] GC(6763) 	17: 0
[899.376s][info][gc             ] GC(6763) 	18: 0
[899.376s][info][gc             ] GC(6763) 	19: 0
[899.376s][info][gc,ergo        ] Free: 106M, Max: 256K regular, 102M humongous, Frag: 4% external, 3% internal; Reserve: 13312K, Max: 256K
[899.376s][info][gc,stats       ] 
[899.376s][info][gc,stats       ] All times are wall-clock times, except per-root-class counters, that are sum over
[899.376s][info][gc,stats       ] all workers. Dividing the <total> over the root stage time estimates parallelism.
[899.376s][info][gc,stats       ] 
[899.376s][info][gc,stats       ] Concurrent Reset                    392 us
[899.376s][info][gc,stats       ] Pause Init Mark (G)                2381 us
[899.376s][info][gc,stats       ] Pause Init Mark (N)                2012 us
[899.376s][info][gc,stats       ]   Accumulate Stats                    4 us
[899.376s][info][gc,stats       ]   Make Parsable                      16 us
[899.376s][info][gc,stats       ]   Update Region States                8 us
[899.376s][info][gc,stats       ]   Scan Roots                       1299 us, parallelism: 2.10x
[899.376s][info][gc,stats       ]     S: <total>                     2728 us
[899.376s][info][gc,stats       ]     S: Thread Roots                 373 us, workers (us):  62, 123,   2,   1,   1, 185, ---, ---, ---, ---, ---, ---, ---, ---, ---, ---, ---, ---, ---, ---, ---, ---, ---, ---, 
[899.376s][info][gc,stats       ]     S: Universe Roots                33 us, workers (us):  33, ---, ---, ---, ---, ---, ---, ---, ---, ---, ---, ---, ---, ---, ---, ---, ---, ---, ---, ---, ---, ---, ---, ---, 
[899.376s][info][gc,stats       ]     S: JNI Handles Roots             42 us, workers (us): ---,  42, ---, ---, ---, ---, ---, ---, ---, ---, ---, ---, ---, ---, ---, ---, ---, ---, ---, ---, ---, ---, ---, ---, 
[899.376s][info][gc,stats       ]     S: Synchronizer Roots             0 us, workers (us):   0, ---, ---, ---, ---, ---, ---, ---, ---, ---, ---, ---, ---, ---, ---, ---, ---, ---, ---, ---, ---, ---, ---, ---, 
[899.376s][info][gc,stats       ]     S: Management Roots               2 us, workers (us):   2, ---, ---, ---, ---, ---, ---, ---, ---, ---, ---, ---, ---, ---, ---, ---, ---, ---, ---, ---, ---, ---, ---, ---, 
[899.376s][info][gc,stats       ]     S: System Dict Roots             50 us, workers (us):  50, ---, ---, ---, ---, ---, ---, ---, ---, ---, ---, ---, ---, ---, ---, ---, ---, ---, ---, ---, ---, ---, ---, ---, 
[899.376s][info][gc,stats       ]     S: CLDG Roots                  2226 us, workers (us): ---, ---, 193, 942, 1091, ---, ---, ---, ---, ---, ---, ---, ---, ---, ---, ---, ---, ---, ---, ---, ---, ---, ---, ---, 
[899.376s][info][gc,stats       ]     S: JVMTI Roots                    1 us, workers (us): ---,   1, ---, ---, ---, ---, ---, ---, ---, ---, ---, ---, ---, ---, ---, ---, ---, ---, ---, ---, ---, ---, ---, ---, 
[899.376s][info][gc,stats       ]   Resize TLABs                        7 us
[899.376s][info][gc,stats       ] Concurrent Marking                68469 us
[899.376s][info][gc,stats       ] Pause Final Mark (G)               6229 us
[899.376s][info][gc,stats       ] Pause Final Mark (N)               3742 us
[899.376s][info][gc,stats       ]   Finish Queues                     184 us
[899.376s][info][gc,stats       ]   System Purge                      241 us
[899.376s][info][gc,stats       ]     Weak Roots                      240 us
[899.376s][info][gc,stats       ]   Update Region States               32 us
[899.376s][info][gc,stats       ]   Retire TLABs                       38 us
[899.376s][info][gc,stats       ]   Choose Collection Set              70 us
[899.376s][info][gc,stats       ]   Rebuild Free Set                   25 us
[899.376s][info][gc,stats       ]   Initial Evacuation               3131 us, parallelism: 1.86x
[899.376s][info][gc,stats       ]     E: <total>                     5835 us
[899.376s][info][gc,stats       ]     E: Thread Roots                 112 us, workers (us):   1,   1,   1,  33,  75,   1, ---, ---, ---, ---, ---, ---, ---, ---, ---, ---, ---, ---, ---, ---, ---, ---, ---, ---, 
[899.376s][info][gc,stats       ]     E: Code Cache Roots            4721 us, workers (us): 1091, 1255, 907, 294, 321, 853, ---, ---, ---, ---, ---, ---, ---, ---, ---, ---, ---, ---, ---, ---, ---, ---, ---, ---, 
[899.376s][info][gc,stats       ]     E: Universe Roots                 6 us, workers (us): ---,   6, ---, ---, ---, ---, ---, ---, ---, ---, ---, ---, ---, ---, ---, ---, ---, ---, ---, ---, ---, ---, ---, ---, 
[899.376s][info][gc,stats       ]     E: JNI Handles Roots              2 us, workers (us): ---,   2, ---, ---, ---, ---, ---, ---, ---, ---, ---, ---, ---, ---, ---, ---, ---, ---, ---, ---, ---, ---, ---, ---, 
[899.376s][info][gc,stats       ]     E: Synchronizer Roots             1 us, workers (us):   1, ---, ---, ---, ---, ---, ---, ---, ---, ---, ---, ---, ---, ---, ---, ---, ---, ---, ---, ---, ---, ---, ---, ---, 
[899.376s][info][gc,stats       ]     E: Management Roots               4 us, workers (us):   4, ---, ---, ---, ---, ---, ---, ---, ---, ---, ---, ---, ---, ---, ---, ---, ---, ---, ---, ---, ---, ---, ---, ---, 
[899.376s][info][gc,stats       ]     E: System Dict Roots             12 us, workers (us): ---, ---,  12, ---, ---, ---, ---, ---, ---, ---, ---, ---, ---, ---, ---, ---, ---, ---, ---, ---, ---, ---, ---, ---, 
[899.377s][info][gc,stats       ]     E: CLDG Roots                   977 us, workers (us): ---, ---,  75, 485, 417, ---, ---, ---, ---, ---, ---, ---, ---, ---, ---, ---, ---, ---, ---, ---, ---, ---, ---, ---, 
[899.377s][info][gc,stats       ]     E: JVMTI Roots                    1 us, workers (us):   1, ---, ---, ---, ---, ---, ---, ---, ---, ---, ---, ---, ---, ---, ---, ---, ---, ---, ---, ---, ---, ---, ---, ---, 
[899.377s][info][gc,stats       ] Concurrent Cleanup                 1327 us
[899.377s][info][gc,stats       ] Concurrent Evacuation              3764 us
[899.377s][info][gc,stats       ] Pause Init  Update Refs (G)         579 us
[899.377s][info][gc,stats       ] Pause Init  Update Refs (N)         222 us
[899.377s][info][gc,stats       ]   Retire GCLABs                     195 us
[899.377s][info][gc,stats       ] Concurrent Update Refs            16554 us
[899.377s][info][gc,stats       ] Pause Final Update Refs (G)        1829 us
[899.377s][info][gc,stats       ] Pause Final Update Refs (N)         242 us
[899.377s][info][gc,stats       ]   Update Roots                      150 us, parallelism: 1.33x
[899.377s][info][gc,stats       ]     UR: <total>                     200 us
[899.377s][info][gc,stats       ]     UR: Thread Roots                200 us, workers (us):  95,  46,  32,  19,   7,   2, ---, ---, ---, ---, ---, ---, ---, ---, ---, ---, ---, ---, ---, ---, ---, ---, ---, ---, 
[899.377s][info][gc,stats       ]   Update Region States               25 us
[899.377s][info][gc,stats       ]   Trash Collection Set               12 us
[899.377s][info][gc,stats       ]   Rebuild Free Set                   31 us
[899.377s][info][gc,stats       ] Concurrent Cleanup                  920 us
[899.377s][info][gc,stats       ] Pacing                            70070 us
[899.377s][info][gc,stats       ] 
[899.377s][info][gc,stats       ] Allocation pacing accrued:
[899.377s][info][gc,stats       ]      70 of   105 ms ( 66.4%): pl.nadoba.jvm.gc.benchmark.App.main()
[899.377s][info][gc,stats       ]      70 of   105 ms ( 66.4%): <total>
[899.377s][info][gc,stats       ]       7 of   105 ms (  6.6%): <average total>
[899.377s][info][gc,stats       ]      70 of   105 ms ( 66.4%): <average non-zero>
[899.377s][info][gc,stats       ] 
[899.377s][info][gc,metaspace   ] Metaspace: 24281K->24281K(1071104K)
[899.377s][info][gc,ergo        ] Pacer for Idle. Initial: 5242K, Alloc Tax Rate: 1.0x
[899.378s][info][gc             ] Trigger: Start next cycle immediately
[899.378s][info][gc,ergo        ] Free: 99436K, Max: 256K regular, 94720K humongous, Frag: 5% external, 4% internal; Reserve: 13312K, Max: 256K
[899.378s][info][gc,start       ] GC(6764) Concurrent reset
[899.378s][info][gc,task        ] GC(6764) Using 6 of 24 workers for concurrent reset
[899.378s][info][gc,ergo        ] GC(6764) Pacer for Reset. Non-Taxable: 256M
[899.379s][info][gc             ] GC(6764) Concurrent reset 0.792ms
[899.379s][info][gc,start       ] GC(6764) Pause Init Mark (process weakrefs)
[899.379s][info][gc,task        ] GC(6764) Using 6 of 24 workers for init marking
[899.382s][info][gc,ergo        ] GC(6764) Pacer for Mark. Expected Live: 10254K, Free: 99436K, Non-Taxable: 9943K, Alloc Tax Rate: 0.1x
[899.382s][info][gc             ] GC(6764) Pause Init Mark (process weakrefs) 3.294ms
[899.382s][info][gc,start       ] GC(6764) Concurrent marking (process weakrefs)
[899.383s][info][gc,task        ] GC(6764) Using 6 of 24 workers for concurrent marking
[899.451s][info][gc             ] GC(6764) Concurrent marking (process weakrefs) 68.053ms
[899.451s][info][gc,start       ] GC(6764) Concurrent precleaning
[899.451s][info][gc,task        ] GC(6764) Using 1 of 24 workers for concurrent preclean
[899.451s][info][gc,ergo        ] GC(6764) Pacer for Precleaning. Non-Taxable: 256M
[899.454s][info][gc             ] GC(6764) Concurrent precleaning 3.639ms
[899.455s][info][gc,start       ] GC(6764) Pause Final Mark (process weakrefs)
[899.455s][info][gc,task        ] GC(6764) Using 6 of 24 workers for final marking
[899.456s][info][gc,ergo        ] GC(6764) Collectable Garbage: 131M (100%), Immediate: 130M (98%), CSet: 1515K (1%)
[899.459s][info][gc,ergo        ] GC(6764) Pacer for Evacuation. Used CSet: 5374K, Free: 204M, Non-Taxable: 20900K, Alloc Tax Rate: 1.1x
[899.459s][info][gc             ] GC(6764) Pause Final Mark (process weakrefs) 4.705ms
[899.459s][info][gc,start       ] GC(6764) Concurrent cleanup
[899.477s][info][gc             ] GC(6764) Concurrent cleanup 167M->58M(256M) 18.084ms
[899.477s][info][gc,ergo        ] GC(6764) Free: 182M, Max: 256K regular, 114M humongous, Frag: 38% external, 1% internal; Reserve: 12635K, Max: 256K
[899.477s][info][gc,start       ] GC(6764) Concurrent evacuation
[899.477s][info][gc,task        ] GC(6764) Using 6 of 24 workers for concurrent evacuation
[899.482s][info][gc             ] GC(6764) Concurrent evacuation 4.572ms
[899.482s][info][gc,start       ] GC(6764) Pause Init Update Refs
[899.482s][info][gc,ergo        ] GC(6764) Pacer for Update Refs. Used: 63379K, Free: 182M, Non-Taxable: 18673K, Alloc Tax Rate: 1.1x
[899.483s][info][gc             ] GC(6764) Pause Init Update Refs 0.228ms
[899.483s][info][gc,start       ] GC(6764) Concurrent update references
[899.483s][info][gc,task        ] GC(6764) Using 6 of 24 workers for concurrent reference update
[899.499s][info][gc             ] GC(6764) Concurrent update references 16.658ms
[899.500s][info][gc,start       ] GC(6764) Pause Final Update Refs
[899.500s][info][gc,task        ] GC(6764) Using 6 of 24 workers for final reference update
[899.500s][info][gc             ] GC(6764) Pause Final Update Refs 0.313ms
[899.501s][info][gc,start       ] GC(6764) Concurrent cleanup
[899.501s][info][gc             ] GC(6764) Concurrent cleanup 118M->113M(256M) 0.829ms
[899.501s][info][gc             ] GC(6764) Dat log --- cycle is complete
Current gc epoch: 5483
heap: ______
capacity: 268435456
used: 119166320
committed: 268435456
bytes_allocated_since_gc_start: 116392464
hot_size: 0
cold_size: 2537360
num_regions: 1024
hot_region_count: 18446744073709406396
cold_region_count: 145238
histogram: Placeholder

[899.501s][info][gc             ] GC(6764) Obj count ac histogram
[899.501s][info][gc             ] GC(6764) 	0: 219207
[899.501s][info][gc             ] GC(6764) 	1: 15
[899.501s][info][gc             ] GC(6764) 	2: 4917
[899.501s][info][gc             ] GC(6764) 	3: 4309
[899.501s][info][gc             ] GC(6764) 	4: 761
[899.501s][info][gc             ] GC(6764) 	5: 15
[899.501s][info][gc             ] GC(6764) 	6: 0
[899.501s][info][gc             ] GC(6764) 	7: 0
[899.501s][info][gc             ] GC(6764) 	8: 0
[899.501s][info][gc             ] GC(6764) 	9: 0
[899.501s][info][gc             ] GC(6764) 	10: 0
[899.501s][info][gc             ] GC(6764) 	11: 0
[899.501s][info][gc             ] GC(6764) 	12: 0
[899.501s][info][gc             ] GC(6764) 	13: 0
[899.501s][info][gc             ] GC(6764) 	14: 0
[899.502s][info][gc             ] GC(6764) 	15: 0
[899.502s][info][gc             ] GC(6764) 	16: 0
[899.502s][info][gc             ] GC(6764) 	17: 0
[899.502s][info][gc             ] GC(6764) 	18: 0
[899.502s][info][gc             ] GC(6764) 	19: 0
[899.502s][info][gc             ] GC(6764) Obj size ac histogram
[899.502s][info][gc             ] GC(6764) 	0: 1325136
[899.502s][info][gc             ] GC(6764) 	1: 720
[899.502s][info][gc             ] GC(6764) 	2: 71154
[899.502s][info][gc             ] GC(6764) 	3: 41035
[899.502s][info][gc             ] GC(6764) 	4: 4628
[899.502s][info][gc             ] GC(6764) 	5: 150
[899.502s][info][gc             ] GC(6764) 	6: 0
[899.502s][info][gc             ] GC(6764) 	7: 0
[899.502s][info][gc             ] GC(6764) 	8: 0
[899.502s][info][gc             ] GC(6764) 	9: 0
[899.502s][info][gc             ] GC(6764) 	10: 0
[899.502s][info][gc             ] GC(6764) 	11: 0
[899.502s][info][gc             ] GC(6764) 	12: 0
[899.502s][info][gc             ] GC(6764) 	13: 0
[899.502s][info][gc             ] GC(6764) 	14: 0
[899.502s][info][gc             ] GC(6764) 	15: 0
[899.502s][info][gc             ] GC(6764) 	16: 0
[899.502s][info][gc             ] GC(6764) 	17: 0
[899.502s][info][gc             ] GC(6764) 	18: 0
[899.502s][info][gc             ] GC(6764) 	19: 0
[899.502s][info][gc,ergo        ] Free: 122M, Max: 256K regular, 65792K humongous, Frag: 48% external, 3% internal; Reserve: 13312K, Max: 256K
[899.502s][info][gc,stats       ] 
[899.502s][info][gc,stats       ] All times are wall-clock times, except per-root-class counters, that are sum over
[899.502s][info][gc,stats       ] all workers. Dividing the <total> over the root stage time estimates parallelism.
[899.502s][info][gc,stats       ] 
[899.502s][info][gc,stats       ] Concurrent Reset                    773 us
[899.502s][info][gc,stats       ] Pause Init Mark (G)                3650 us
[899.502s][info][gc,stats       ] Pause Init Mark (N)                3244 us
[899.502s][info][gc,stats       ]   Accumulate Stats                    7 us
[899.502s][info][gc,stats       ]   Make Parsable                      54 us
[899.502s][info][gc,stats       ]   Update Region States               18 us
[899.502s][info][gc,stats       ]   Scan Roots                       2203 us, parallelism: 2.15x
[899.502s][info][gc,stats       ]     S: <total>                     4728 us
[899.502s][info][gc,stats       ]     S: Thread Roots                 497 us, workers (us): 110,   1,   1,   2, 292,  91, ---, ---, ---, ---, ---, ---, ---, ---, ---, ---, ---, ---, ---, ---, ---, ---, ---, ---, 
[899.502s][info][gc,stats       ]     S: Universe Roots                33 us, workers (us):  33, ---, ---, ---, ---, ---, ---, ---, ---, ---, ---, ---, ---, ---, ---, ---, ---, ---, ---, ---, ---, ---, ---, ---, 
[899.502s][info][gc,stats       ]     S: JNI Handles Roots             15 us, workers (us): ---,  15, ---, ---, ---, ---, ---, ---, ---, ---, ---, ---, ---, ---, ---, ---, ---, ---, ---, ---, ---, ---, ---, ---, 
[899.502s][info][gc,stats       ]     S: Synchronizer Roots             0 us, workers (us): ---,   0, ---, ---, ---, ---, ---, ---, ---, ---, ---, ---, ---, ---, ---, ---, ---, ---, ---, ---, ---, ---, ---, ---, 
[899.502s][info][gc,stats       ]     S: Management Roots               2 us, workers (us): ---,   2, ---, ---, ---, ---, ---, ---, ---, ---, ---, ---, ---, ---, ---, ---, ---, ---, ---, ---, ---, ---, ---, ---, 
[899.502s][info][gc,stats       ]     S: System Dict Roots             43 us, workers (us):  43, ---, ---, ---, ---, ---, ---, ---, ---, ---, ---, ---, ---, ---, ---, ---, ---, ---, ---, ---, ---, ---, ---, ---, 
[899.502s][info][gc,stats       ]     S: CLDG Roots                  4138 us, workers (us): ---, 1877, 2018, 243, ---, ---, ---, ---, ---, ---, ---, ---, ---, ---, ---, ---, ---, ---, ---, ---, ---, ---, ---, ---, 
[899.502s][info][gc,stats       ]     S: JVMTI Roots                    1 us, workers (us): ---, ---,   1, ---, ---, ---, ---, ---, ---, ---, ---, ---, ---, ---, ---, ---, ---, ---, ---, ---, ---, ---, ---, ---, 
[899.502s][info][gc,stats       ]   Resize TLABs                        7 us
[899.502s][info][gc,stats       ] Concurrent Marking                67998 us
[899.502s][info][gc,stats       ] Concurrent Precleaning             3616 us
[899.502s][info][gc,stats       ] Pause Final Mark (G)               5069 us
[899.502s][info][gc,stats       ] Pause Final Mark (N)               4650 us
[899.502s][info][gc,stats       ]   Finish Queues                     185 us
[899.502s][info][gc,stats       ]   Weak References                    46 us
[899.502s][info][gc,stats       ]     Process                          35 us
[899.502s][info][gc,stats       ]   System Purge                      236 us
[899.502s][info][gc,stats       ]     Weak Roots                      235 us
[899.502s][info][gc,stats       ]   Update Region States               38 us
[899.502s][info][gc,stats       ]   Retire TLABs                       57 us
[899.502s][info][gc,stats       ]   Choose Collection Set             631 us
[899.502s][info][gc,stats       ]   Rebuild Free Set                   41 us
[899.502s][info][gc,stats       ]   Initial Evacuation               3388 us, parallelism: 1.81x
[899.502s][info][gc,stats       ]     E: <total>                     6134 us
[899.502s][info][gc,stats       ]     E: Thread Roots                 154 us, workers (us):  94,   1,   2,   1,   1,  55, ---, ---, ---, ---, ---, ---, ---, ---, ---, ---, ---, ---, ---, ---, ---, ---, ---, ---, 
[899.502s][info][gc,stats       ]     E: Code Cache Roots            4123 us, workers (us): 783, 1153, 1008,   0, 443, 735, ---, ---, ---, ---, ---, ---, ---, ---, ---, ---, ---, ---, ---, ---, ---, ---, ---, ---, 
[899.502s][info][gc,stats       ]     E: Universe Roots                 2 us, workers (us):   2, ---, ---, ---, ---, ---, ---, ---, ---, ---, ---, ---, ---, ---, ---, ---, ---, ---, ---, ---, ---, ---, ---, ---, 
[899.502s][info][gc,stats       ]     E: JNI Handles Roots              2 us, workers (us): ---,   2, ---, ---, ---, ---, ---, ---, ---, ---, ---, ---, ---, ---, ---, ---, ---, ---, ---, ---, ---, ---, ---, ---, 
[899.502s][info][gc,stats       ]     E: Synchronizer Roots             0 us, workers (us):   0, ---, ---, ---, ---, ---, ---, ---, ---, ---, ---, ---, ---, ---, ---, ---, ---, ---, ---, ---, ---, ---, ---, ---, 
[899.502s][info][gc,stats       ]     E: Management Roots               2 us, workers (us):   2, ---, ---, ---, ---, ---, ---, ---, ---, ---, ---, ---, ---, ---, ---, ---, ---, ---, ---, ---, ---, ---, ---, ---, 
[899.502s][info][gc,stats       ]     E: System Dict Roots              6 us, workers (us):   6, ---, ---, ---, ---, ---, ---, ---, ---, ---, ---, ---, ---, ---, ---, ---, ---, ---, ---, ---, ---, ---, ---, ---, 
[899.502s][info][gc,stats       ]     E: CLDG Roots                  1844 us, workers (us): ---, ---, ---, 996, 760,  87, ---, ---, ---, ---, ---, ---, ---, ---, ---, ---, ---, ---, ---, ---, ---, ---, ---, ---, 
[899.502s][info][gc,stats       ]     E: JVMTI Roots                    1 us, workers (us): ---,   1, ---, ---, ---, ---, ---, ---, ---, ---, ---, ---, ---, ---, ---, ---, ---, ---, ---, ---, ---, ---, ---, ---, 
[899.502s][info][gc,stats       ] Concurrent Cleanup                18035 us
[899.502s][info][gc,stats       ] Concurrent Evacuation              4560 us
[899.502s][info][gc,stats       ] Pause Init  Update Refs (G)         488 us
[899.502s][info][gc,stats       ] Pause Init  Update Refs (N)         178 us
[899.502s][info][gc,stats       ]   Retire GCLABs                     151 us
[899.502s][info][gc,stats       ] Concurrent Update Refs            16615 us
[899.502s][info][gc,stats       ] Pause Final Update Refs (G)        1314 us
[899.502s][info][gc,stats       ] Pause Final Update Refs (N)         254 us
[899.502s][info][gc,stats       ]   Update Roots                      156 us, parallelism: 1.39x
[899.502s][info][gc,stats       ]     UR: <total>                     218 us
[899.502s][info][gc,stats       ]     UR: Thread Roots                218 us, workers (us):  87,  28,  25,  34,  44,   0, ---, ---, ---, ---, ---, ---, ---, ---, ---, ---, ---, ---, ---, ---, ---, ---, ---, ---, 
[899.502s][info][gc,stats       ]   Update Region States               26 us
[899.502s][info][gc,stats       ]   Trash Collection Set               15 us
[899.502s][info][gc,stats       ]   Rebuild Free Set                   32 us
[899.502s][info][gc,stats       ] Concurrent Cleanup                  805 us
[899.502s][info][gc,stats       ] Pacing                            96069 us
[899.502s][info][gc,stats       ] 
[899.502s][info][gc,stats       ] Allocation pacing accrued:
[899.502s][info][gc,stats       ]      96 of   126 ms ( 76.5%): pl.nadoba.jvm.gc.benchmark.App.main()
[899.502s][info][gc,stats       ]      96 of   126 ms ( 76.5%): <total>
[899.502s][info][gc,stats       ]      10 of   126 ms (  7.7%): <average total>
[899.502s][info][gc,stats       ]      96 of   126 ms ( 76.5%): <average non-zero>
[899.502s][info][gc,stats       ] 
[899.502s][info][gc,metaspace   ] Metaspace: 24281K->24281K(1071104K)
[899.502s][info][gc,ergo        ] Pacer for Idle. Initial: 5242K, Alloc Tax Rate: 1.0x
[899.503s][info][gc             ] Trigger: Start next cycle immediately
[899.503s][info][gc,ergo        ] Free: 122M, Max: 256K regular, 65792K humongous, Frag: 48% external, 3% internal; Reserve: 13312K, Max: 256K
[899.503s][info][gc,start       ] GC(6765) Concurrent reset
[899.503s][info][gc,task        ] GC(6765) Using 6 of 24 workers for concurrent reset
[899.503s][info][gc,ergo        ] GC(6765) Pacer for Reset. Non-Taxable: 256M
[899.504s][info][gc             ] GC(6765) Concurrent reset 0.578ms
[899.504s][info][gc,start       ] GC(6765) Pause Init Mark
[899.504s][info][gc,task        ] GC(6765) Using 6 of 24 workers for init marking
[899.507s][info][gc,ergo        ] GC(6765) Pacer for Mark. Expected Live: 10254K, Free: 122M, Non-Taxable: 12580K, Alloc Tax Rate: 0.1x
[899.507s][info][gc             ] GC(6765) Pause Init Mark 2.677ms
[899.507s][info][gc,start       ] GC(6765) Concurrent marking
[899.507s][info][gc,task        ] GC(6765) Using 6 of 24 workers for concurrent marking
[899.573s][info][gc             ] GC(6765) Concurrent marking 66.156ms
[899.573s][info][gc,start       ] GC(6765) Pause Final Mark
[899.573s][info][gc,task        ] GC(6765) Using 6 of 24 workers for final marking
[899.574s][info][gc,ergo        ] GC(6765) Collectable Garbage: 105M (100%), Immediate: 104M (99%), CSet: 1004K (0%)
[899.578s][info][gc,ergo        ] GC(6765) Pacer for Evacuation. Used CSet: 4864K, Free: 195M, Non-Taxable: 20029K, Alloc Tax Rate: 1.1x
[899.578s][info][gc             ] GC(6765) Pause Final Mark 4.636ms
[899.578s][info][gc,start       ] GC(6765) Concurrent cleanup
[899.594s][info][gc             ] GC(6765) Concurrent cleanup 150M->67M(256M) 15.481ms
[899.594s][info][gc,ergo        ] GC(6765) Free: 173M, Max: 256K regular, 109M humongous, Frag: 37% external, 1% internal; Reserve: 12670K, Max: 256K
[899.594s][info][gc,start       ] GC(6765) Concurrent evacuation
[899.594s][info][gc,task        ] GC(6765) Using 6 of 24 workers for concurrent evacuation
[899.598s][info][gc             ] GC(6765) Concurrent evacuation 4.089ms
[899.598s][info][gc,start       ] GC(6765) Pause Init Update Refs
[899.598s][info][gc,ergo        ] GC(6765) Pacer for Update Refs. Used: 81556K, Free: 165M, Non-Taxable: 16906K, Alloc Tax Rate: 1.1x
[899.598s][info][gc             ] GC(6765) Pause Init Update Refs 0.273ms
[899.598s][info][gc,start       ] GC(6765) Concurrent update references
[899.598s][info][gc,task        ] GC(6765) Using 6 of 24 workers for concurrent reference update
[899.614s][info][gc             ] GC(6765) Concurrent update references 15.758ms
[899.615s][info][gc,start       ] GC(6765) Pause Final Update Refs
[899.615s][info][gc,task        ] GC(6765) Using 6 of 24 workers for final reference update
[899.615s][info][gc             ] GC(6765) Pause Final Update Refs 0.323ms
[899.615s][info][gc,start       ] GC(6765) Concurrent cleanup
[899.616s][info][gc             ] GC(6765) Concurrent cleanup 132M->127M(256M) 0.697ms
[899.616s][info][gc             ] GC(6765) Dat log --- cycle is complete
Current gc epoch: 5484
heap: ______
capacity: 268435456
used: 134108464
committed: 268435456
bytes_allocated_since_gc_start: 130548240
hot_size: 0
cold_size: 2275216
num_regions: 1024
hot_region_count: 18446744073709406378
cold_region_count: 145257
histogram: Placeholder

[899.616s][info][gc             ] GC(6765) Obj count ac histogram
[899.616s][info][gc             ] GC(6765) 	0: 214123
[899.616s][info][gc             ] GC(6765) 	1: 15
[899.616s][info][gc             ] GC(6765) 	2: 2
[899.616s][info][gc             ] GC(6765) 	3: 0
[899.616s][info][gc             ] GC(6765) 	4: 0
[899.616s][info][gc             ] GC(6765) 	5: 0
[899.616s][info][gc             ] GC(6765) 	6: 0
[899.616s][info][gc             ] GC(6765) 	7: 0
[899.616s][info][gc             ] GC(6765) 	8: 0
[899.616s][info][gc             ] GC(6765) 	9: 0
[899.616s][info][gc             ] GC(6765) 	10: 0
[899.616s][info][gc             ] GC(6765) 	11: 0
[899.616s][info][gc             ] GC(6765) 	12: 0
[899.616s][info][gc             ] GC(6765) 	13: 0
[899.616s][info][gc             ] GC(6765) 	14: 0
[899.616s][info][gc             ] GC(6765) 	15: 0
[899.616s][info][gc             ] GC(6765) 	16: 0
[899.616s][info][gc             ] GC(6765) 	17: 0
[899.616s][info][gc             ] GC(6765) 	18: 0
[899.616s][info][gc             ] GC(6765) 	19: 0
[899.616s][info][gc             ] GC(6765) Obj size ac histogram
[899.616s][info][gc             ] GC(6765) 	0: 1509282
[899.616s][info][gc             ] GC(6765) 	1: 720
[899.616s][info][gc             ] GC(6765) 	2: 14
[899.616s][info][gc             ] GC(6765) 	3: 0
[899.616s][info][gc             ] GC(6765) 	4: 0
[899.616s][info][gc             ] GC(6765) 	5: 0
[899.616s][info][gc             ] GC(6765) 	6: 0
[899.616s][info][gc             ] GC(6765) 	7: 0
[899.616s][info][gc             ] GC(6765) 	8: 0
[899.616s][info][gc             ] GC(6765) 	9: 0
[899.616s][info][gc             ] GC(6765) 	10: 0
[899.616s][info][gc             ] GC(6765) 	11: 0
[899.616s][info][gc             ] GC(6765) 	12: 0
[899.616s][info][gc             ] GC(6765) 	13: 0
[899.616s][info][gc             ] GC(6765) 	14: 0
[899.616s][info][gc             ] GC(6765) 	15: 0
[899.616s][info][gc             ] GC(6765) 	16: 0
[899.616s][info][gc             ] GC(6765) 	17: 0
[899.616s][info][gc             ] GC(6765) 	18: 0
[899.616s][info][gc             ] GC(6765) 	19: 0
[899.616s][info][gc,ergo        ] Free: 109M, Max: 256K regular, 100M humongous, Frag: 9% external, 3% internal; Reserve: 13312K, Max: 256K
[899.616s][info][gc,stats       ] 
[899.616s][info][gc,stats       ] All times are wall-clock times, except per-root-class counters, that are sum over
[899.616s][info][gc,stats       ] all workers. Dividing the <total> over the root stage time estimates parallelism.
[899.616s][info][gc,stats       ] 
[899.616s][info][gc,stats       ] Concurrent Reset                    567 us
[899.616s][info][gc,stats       ] Pause Init Mark (G)                3021 us
[899.616s][info][gc,stats       ] Pause Init Mark (N)                2635 us
[899.616s][info][gc,stats       ]   Accumulate Stats                    7 us
[899.616s][info][gc,stats       ]   Make Parsable                      53 us
[899.616s][info][gc,stats       ]   Update Region States               17 us
[899.616s][info][gc,stats       ]   Scan Roots                       1553 us, parallelism: 2.10x
[899.616s][info][gc,stats       ]     S: <total>                     3257 us
[899.616s][info][gc,stats       ]     S: Thread Roots                 369 us, workers (us): 247,  50,   1,  68,   2,   1, ---, ---, ---, ---, ---, ---, ---, ---, ---, ---, ---, ---, ---, ---, ---, ---, ---, ---, 
[899.616s][info][gc,stats       ]     S: Universe Roots                47 us, workers (us):  47, ---, ---, ---, ---, ---, ---, ---, ---, ---, ---, ---, ---, ---, ---, ---, ---, ---, ---, ---, ---, ---, ---, ---, 
[899.616s][info][gc,stats       ]     S: JNI Handles Roots             25 us, workers (us): ---, ---, ---,  25, ---, ---, ---, ---, ---, ---, ---, ---, ---, ---, ---, ---, ---, ---, ---, ---, ---, ---, ---, ---, 
[899.616s][info][gc,stats       ]     S: Synchronizer Roots             0 us, workers (us): ---,   0, ---, ---, ---, ---, ---, ---, ---, ---, ---, ---, ---, ---, ---, ---, ---, ---, ---, ---, ---, ---, ---, ---, 
[899.616s][info][gc,stats       ]     S: Management Roots               2 us, workers (us): ---,   2, ---, ---, ---, ---, ---, ---, ---, ---, ---, ---, ---, ---, ---, ---, ---, ---, ---, ---, ---, ---, ---, ---, 
[899.616s][info][gc,stats       ]     S: System Dict Roots             36 us, workers (us): ---,  36, ---, ---, ---, ---, ---, ---, ---, ---, ---, ---, ---, ---, ---, ---, ---, ---, ---, ---, ---, ---, ---, ---, 
[899.616s][info][gc,stats       ]     S: CLDG Roots                  2778 us, workers (us): ---, ---, 1202, ---, 223, 1353, ---, ---, ---, ---, ---, ---, ---, ---, ---, ---, ---, ---, ---, ---, ---, ---, ---, ---, 
[899.616s][info][gc,stats       ]     S: JVMTI Roots                    0 us, workers (us): ---, ---,   0, ---, ---, ---, ---, ---, ---, ---, ---, ---, ---, ---, ---, ---, ---, ---, ---, ---, ---, ---, ---, ---, 
[899.616s][info][gc,stats       ]   Resize TLABs                        7 us
[899.616s][info][gc,stats       ] Concurrent Marking                66118 us
[899.616s][info][gc,stats       ] Pause Final Mark (G)               4836 us
[899.616s][info][gc,stats       ] Pause Final Mark (N)               4580 us
[899.616s][info][gc,stats       ]   Finish Queues                     166 us
[899.616s][info][gc,stats       ]   System Purge                      199 us
[899.616s][info][gc,stats       ]     Weak Roots                      198 us
[899.616s][info][gc,stats       ]   Update Region States               37 us
[899.616s][info][gc,stats       ]   Retire TLABs                       54 us
[899.616s][info][gc,stats       ]   Choose Collection Set             524 us
[899.616s][info][gc,stats       ]   Rebuild Free Set                   42 us
[899.616s][info][gc,stats       ]   Initial Evacuation               3532 us, parallelism: 1.42x
[899.616s][info][gc,stats       ]     E: <total>                     4999 us
[899.616s][info][gc,stats       ]     E: Thread Roots                  90 us, workers (us):   1,   2,   1,   1,  83,   2, ---, ---, ---, ---, ---, ---, ---, ---, ---, ---, ---, ---, ---, ---, ---, ---, ---, ---, 
[899.616s][info][gc,stats       ]     E: Code Cache Roots            4008 us, workers (us): 236, 1255, 957, 617, 291, 653, ---, ---, ---, ---, ---, ---, ---, ---, ---, ---, ---, ---, ---, ---, ---, ---, ---, ---, 
[899.616s][info][gc,stats       ]     E: Universe Roots                 6 us, workers (us):   6, ---, ---, ---, ---, ---, ---, ---, ---, ---, ---, ---, ---, ---, ---, ---, ---, ---, ---, ---, ---, ---, ---, ---, 
[899.616s][info][gc,stats       ]     E: JNI Handles Roots              3 us, workers (us): ---, ---,   3, ---, ---, ---, ---, ---, ---, ---, ---, ---, ---, ---, ---, ---, ---, ---, ---, ---, ---, ---, ---, ---, 
[899.616s][info][gc,stats       ]     E: Synchronizer Roots             1 us, workers (us): ---,   1, ---, ---, ---, ---, ---, ---, ---, ---, ---, ---, ---, ---, ---, ---, ---, ---, ---, ---, ---, ---, ---, ---, 
[899.616s][info][gc,stats       ]     E: Management Roots               3 us, workers (us): ---, ---,   3, ---, ---, ---, ---, ---, ---, ---, ---, ---, ---, ---, ---, ---, ---, ---, ---, ---, ---, ---, ---, ---, 
[899.616s][info][gc,stats       ]     E: System Dict Roots             13 us, workers (us): ---,  13, ---, ---, ---, ---, ---, ---, ---, ---, ---, ---, ---, ---, ---, ---, ---, ---, ---, ---, ---, ---, ---, ---, 
[899.616s][info][gc,stats       ]     E: CLDG Roots                   875 us, workers (us): 524, ---, ---,  54, 296, ---, ---, ---, ---, ---, ---, ---, ---, ---, ---, ---, ---, ---, ---, ---, ---, ---, ---, ---, 
[899.616s][info][gc,stats       ]     E: JVMTI Roots                    1 us, workers (us): ---, ---,   1, ---, ---, ---, ---, ---, ---, ---, ---, ---, ---, ---, ---, ---, ---, ---, ---, ---, ---, ---, ---, ---, 
[899.616s][info][gc,stats       ] Concurrent Cleanup                15430 us
[899.616s][info][gc,stats       ] Concurrent Evacuation              4077 us
[899.616s][info][gc,stats       ] Pause Init  Update Refs (G)         698 us
[899.616s][info][gc,stats       ] Pause Init  Update Refs (N)         215 us
[899.616s][info][gc,stats       ]   Retire GCLABs                     187 us
[899.616s][info][gc,stats       ] Concurrent Update Refs            15737 us
[899.616s][info][gc,stats       ] Pause Final Update Refs (G)         716 us
[899.616s][info][gc,stats       ] Pause Final Update Refs (N)         268 us
[899.616s][info][gc,stats       ]   Update Roots                      178 us, parallelism: 1.24x
[899.616s][info][gc,stats       ]     UR: <total>                     220 us
[899.616s][info][gc,stats       ]     UR: Thread Roots                220 us, workers (us):  85,  25,  25,   9,  31,  45, ---, ---, ---, ---, ---, ---, ---, ---, ---, ---, ---, ---, ---, ---, ---, ---, ---, ---, 
[899.616s][info][gc,stats       ]   Update Region States               25 us
[899.616s][info][gc,stats       ]   Trash Collection Set               10 us
[899.616s][info][gc,stats       ]   Rebuild Free Set                   32 us
[899.616s][info][gc,stats       ] Concurrent Cleanup                  669 us
[899.616s][info][gc,stats       ] Pacing                            86935 us
[899.616s][info][gc,stats       ] 
[899.616s][info][gc,stats       ] Allocation pacing accrued:
[899.616s][info][gc,stats       ]      87 of   114 ms ( 76.2%): pl.nadoba.jvm.gc.benchmark.App.main()
[899.616s][info][gc,stats       ]      87 of   114 ms ( 76.2%): <total>
[899.616s][info][gc,stats       ]       9 of   114 ms (  7.6%): <average total>
[899.616s][info][gc,stats       ]      87 of   114 ms ( 76.2%): <average non-zero>
[899.616s][info][gc,stats       ] 
[899.616s][info][gc,metaspace   ] Metaspace: 24281K->24281K(1071104K)
[899.616s][info][gc,ergo        ] Pacer for Idle. Initial: 5242K, Alloc Tax Rate: 1.0x
[899.617s][info][gc             ] Trigger: Start next cycle immediately
[899.617s][info][gc,ergo        ] Free: 105M, Max: 256K regular, 100M humongous, Frag: 6% external, 3% internal; Reserve: 13312K, Max: 256K
[899.618s][info][gc,start       ] GC(6766) Concurrent reset
[899.618s][info][gc,task        ] GC(6766) Using 6 of 24 workers for concurrent reset
[899.618s][info][gc,ergo        ] GC(6766) Pacer for Reset. Non-Taxable: 256M
[899.618s][info][gc             ] GC(6766) Concurrent reset 0.655ms
[899.619s][info][gc,start       ] GC(6766) Pause Init Mark
[899.619s][info][gc,task        ] GC(6766) Using 6 of 24 workers for init marking
[899.623s][info][gc,ergo        ] GC(6766) Pacer for Mark. Expected Live: 10254K, Free: 100971K, Non-Taxable: 10097K, Alloc Tax Rate: 0.1x
[899.623s][info][gc             ] GC(6766) Pause Init Mark 3.790ms
[899.623s][info][gc,start       ] GC(6766) Concurrent marking
[899.623s][info][gc,task        ] GC(6766) Using 6 of 24 workers for concurrent marking
[899.682s][info][gc             ] GC(6766) Concurrent marking 59.025ms
[899.682s][info][gc,start       ] GC(6766) Pause Final Mark
[899.682s][info][gc,task        ] GC(6766) Using 6 of 24 workers for final marking
[899.683s][info][gc,ergo        ] GC(6766) Collectable Garbage: 122M (100%), Immediate: 121M (98%), CSet: 1260K (1%)
[899.687s][info][gc,ergo        ] GC(6766) Pacer for Evacuation. Used CSet: 5120K, Free: 160M, Non-Taxable: 16394K, Alloc Tax Rate: 1.1x
[899.687s][info][gc             ] GC(6766) Pause Final Mark 4.599ms
[899.687s][info][gc,start       ] GC(6766) Concurrent cleanup
[899.703s][info][gc             ] GC(6766) Concurrent cleanup 201M->97M(256M) 16.472ms
[899.703s][info][gc,ergo        ] GC(6766) Free: 141M, Max: 256K regular, 110M humongous, Frag: 22% external, 2% internal; Reserve: 12544K, Max: 256K
[899.703s][info][gc,start       ] GC(6766) Concurrent evacuation
[899.703s][info][gc,task        ] GC(6766) Using 6 of 24 workers for concurrent evacuation
[899.706s][info][gc             ] GC(6766) Concurrent evacuation 3.012ms
[899.707s][info][gc,start       ] GC(6766) Pause Init Update Refs
[899.707s][info][gc,ergo        ] GC(6766) Pacer for Update Refs. Used: 101M, Free: 141M, Non-Taxable: 14500K, Alloc Tax Rate: 1.1x
[899.707s][info][gc             ] GC(6766) Pause Init Update Refs 0.262ms
[899.707s][info][gc,start       ] GC(6766) Concurrent update references
[899.707s][info][gc,task        ] GC(6766) Using 6 of 24 workers for concurrent reference update
[899.724s][info][gc             ] GC(6766) Concurrent update references 16.463ms
[899.725s][info][gc,start       ] GC(6766) Pause Final Update Refs
[899.725s][info][gc,task        ] GC(6766) Using 6 of 24 workers for final reference update
[899.725s][info][gc             ] GC(6766) Pause Final Update Refs 0.365ms
[899.726s][info][gc,start       ] GC(6766) Concurrent cleanup
[899.726s][info][gc             ] GC(6766) Concurrent cleanup 149M->153M(256M) 0.848ms
[899.726s][info][gc             ] GC(6766) Dat log --- cycle is complete
Current gc epoch: 5485
heap: ______
capacity: 268435456
used: 161371600
committed: 268435456
bytes_allocated_since_gc_start: 159121936
hot_size: 0
cold_size: 3979156
num_regions: 1024
hot_region_count: 18446744073709406359
cold_region_count: 145276
histogram: Placeholder

[899.726s][info][gc             ] GC(6766) Obj count ac histogram
[899.726s][info][gc             ] GC(6766) 	0: 202749
[899.726s][info][gc             ] GC(6766) 	1: 15
[899.726s][info][gc             ] GC(6766) 	2: 2
[899.726s][info][gc             ] GC(6766) 	3: 0
[899.726s][info][gc             ] GC(6766) 	4: 0
[899.727s][info][gc             ] GC(6766) 	5: 0
[899.727s][info][gc             ] GC(6766) 	6: 0
[899.727s][info][gc             ] GC(6766) 	7: 0
[899.727s][info][gc             ] GC(6766) 	8: 0
[899.727s][info][gc             ] GC(6766) 	9: 0
[899.727s][info][gc             ] GC(6766) 	10: 0
[899.727s][info][gc             ] GC(6766) 	11: 0
[899.727s][info][gc             ] GC(6766) 	12: 0
[899.727s][info][gc             ] GC(6766) 	13: 0
[899.727s][info][gc             ] GC(6766) 	14: 0
[899.727s][info][gc             ] GC(6766) 	15: 0
[899.727s][info][gc             ] GC(6766) 	16: 0
[899.727s][info][gc             ] GC(6766) 	17: 0
[899.727s][info][gc             ] GC(6766) 	18: 0
[899.727s][info][gc             ] GC(6766) 	19: 0
[899.727s][info][gc             ] GC(6766) Obj size ac histogram
[899.727s][info][gc             ] GC(6766) 	0: 3218367
[899.727s][info][gc             ] GC(6766) 	1: 672
[899.727s][info][gc             ] GC(6766) 	2: 14
[899.727s][info][gc             ] GC(6766) 	3: 0
[899.727s][info][gc             ] GC(6766) 	4: 0
[899.727s][info][gc             ] GC(6766) 	5: 0
[899.727s][info][gc             ] GC(6766) 	6: 0
[899.727s][info][gc             ] GC(6766) 	7: 0
[899.727s][info][gc             ] GC(6766) 	8: 0
[899.727s][info][gc             ] GC(6766) 	9: 0
[899.727s][info][gc             ] GC(6766) 	10: 0
[899.727s][info][gc             ] GC(6766) 	11: 0
[899.727s][info][gc             ] GC(6766) 	12: 0
[899.727s][info][gc             ] GC(6766) 	13: 0
[899.727s][info][gc             ] GC(6766) 	14: 0
[899.727s][info][gc             ] GC(6766) 	15: 0
[899.727s][info][gc             ] GC(6766) 	16: 0
[899.727s][info][gc             ] GC(6766) 	17: 0
[899.727s][info][gc             ] GC(6766) 	18: 0
[899.727s][info][gc             ] GC(6766) 	19: 0
[899.727s][info][gc,ergo        ] Free: 83819K, Max: 256K regular, 51712K humongous, Frag: 39% external, 4% internal; Reserve: 13312K, Max: 256K
[899.727s][info][gc,stats       ] 
[899.727s][info][gc,stats       ] All times are wall-clock times, except per-root-class counters, that are sum over
[899.727s][info][gc,stats       ] all workers. Dividing the <total> over the root stage time estimates parallelism.
[899.727s][info][gc,stats       ] 
[899.727s][info][gc,stats       ] Concurrent Reset                    639 us
[899.727s][info][gc,stats       ] Pause Init Mark (G)                4928 us
[899.727s][info][gc,stats       ] Pause Init Mark (N)                3710 us
[899.727s][info][gc,stats       ]   Accumulate Stats                    8 us
[899.727s][info][gc,stats       ]   Make Parsable                      56 us
[899.727s][info][gc,stats       ]   Update Region States               19 us
[899.727s][info][gc,stats       ]   Scan Roots                       2693 us, parallelism: 1.69x
[899.727s][info][gc,stats       ]     S: <total>                     4538 us
[899.727s][info][gc,stats       ]     S: Thread Roots                 412 us, workers (us):  89,  67,   1,   3,   2, 250, ---, ---, ---, ---, ---, ---, ---, ---, ---, ---, ---, ---, ---, ---, ---, ---, ---, ---, 
[899.727s][info][gc,stats       ]     S: Universe Roots                16 us, workers (us):  16, ---, ---, ---, ---, ---, ---, ---, ---, ---, ---, ---, ---, ---, ---, ---, ---, ---, ---, ---, ---, ---, ---, ---, 
[899.727s][info][gc,stats       ]     S: JNI Handles Roots             19 us, workers (us): ---,  19, ---, ---, ---, ---, ---, ---, ---, ---, ---, ---, ---, ---, ---, ---, ---, ---, ---, ---, ---, ---, ---, ---, 
[899.727s][info][gc,stats       ]     S: Synchronizer Roots             0 us, workers (us):   0, ---, ---, ---, ---, ---, ---, ---, ---, ---, ---, ---, ---, ---, ---, ---, ---, ---, ---, ---, ---, ---, ---, ---, 
[899.727s][info][gc,stats       ]     S: Management Roots               2 us, workers (us):   2, ---, ---, ---, ---, ---, ---, ---, ---, ---, ---, ---, ---, ---, ---, ---, ---, ---, ---, ---, ---, ---, ---, ---, 
[899.727s][info][gc,stats       ]     S: System Dict Roots             23 us, workers (us):  23, ---, ---, ---, ---, ---, ---, ---, ---, ---, ---, ---, ---, ---, ---, ---, ---, ---, ---, ---, ---, ---, ---, ---, 
[899.727s][info][gc,stats       ]     S: CLDG Roots                  4065 us, workers (us): ---, ---, 1369, 2480, 216, ---, ---, ---, ---, ---, ---, ---, ---, ---, ---, ---, ---, ---, ---, ---, ---, ---, ---, ---, 
[899.727s][info][gc,stats       ]     S: JVMTI Roots                    1 us, workers (us): ---,   1, ---, ---, ---, ---, ---, ---, ---, ---, ---, ---, ---, ---, ---, ---, ---, ---, ---, ---, ---, ---, ---, ---, 
[899.727s][info][gc,stats       ]   Resize TLABs                        7 us
[899.727s][info][gc,stats       ] Concurrent Marking                58971 us
[899.727s][info][gc,stats       ] Pause Final Mark (G)               4786 us
[899.727s][info][gc,stats       ] Pause Final Mark (N)               4541 us
[899.727s][info][gc,stats       ]   Finish Queues                     202 us
[899.727s][info][gc,stats       ]   System Purge                      188 us
[899.727s][info][gc,stats       ]     Weak Roots                      186 us
[899.727s][info][gc,stats       ]   Update Region States               43 us
[899.727s][info][gc,stats       ]   Retire TLABs                       53 us
[899.727s][info][gc,stats       ]   Choose Collection Set             601 us
[899.727s][info][gc,stats       ]   Rebuild Free Set                   39 us
[899.727s][info][gc,stats       ]   Initial Evacuation               3387 us, parallelism: 1.49x
[899.727s][info][gc,stats       ]     E: <total>                     5038 us
[899.727s][info][gc,stats       ]     E: Thread Roots                 101 us, workers (us):   1,   2,   1,  50,  47,   0, ---, ---, ---, ---, ---, ---, ---, ---, ---, ---, ---, ---, ---, ---, ---, ---, ---, ---, 
[899.727s][info][gc,stats       ]     E: Code Cache Roots            4185 us, workers (us): 1080, 1050, 731, 253, 623, 448, ---, ---, ---, ---, ---, ---, ---, ---, ---, ---, ---, ---, ---, ---, ---, ---, ---, ---, 
[899.727s][info][gc,stats       ]     E: Universe Roots                 6 us, workers (us):   6, ---, ---, ---, ---, ---, ---, ---, ---, ---, ---, ---, ---, ---, ---, ---, ---, ---, ---, ---, ---, ---, ---, ---, 
[899.727s][info][gc,stats       ]     E: JNI Handles Roots              2 us, workers (us):   2, ---, ---, ---, ---, ---, ---, ---, ---, ---, ---, ---, ---, ---, ---, ---, ---, ---, ---, ---, ---, ---, ---, ---, 
[899.727s][info][gc,stats       ]     E: Synchronizer Roots             1 us, workers (us): ---,   1, ---, ---, ---, ---, ---, ---, ---, ---, ---, ---, ---, ---, ---, ---, ---, ---, ---, ---, ---, ---, ---, ---, 
[899.727s][info][gc,stats       ]     E: Management Roots               4 us, workers (us): ---, ---,   4, ---, ---, ---, ---, ---, ---, ---, ---, ---, ---, ---, ---, ---, ---, ---, ---, ---, ---, ---, ---, ---, 
[899.727s][info][gc,stats       ]     E: System Dict Roots             14 us, workers (us): ---,  14, ---, ---, ---, ---, ---, ---, ---, ---, ---, ---, ---, ---, ---, ---, ---, ---, ---, ---, ---, ---, ---, ---, 
[899.727s][info][gc,stats       ]     E: CLDG Roots                   725 us, workers (us): ---, ---,  69, 381, ---, 275, ---, ---, ---, ---, ---, ---, ---, ---, ---, ---, ---, ---, ---, ---, ---, ---, ---, ---, 
[899.727s][info][gc,stats       ]     E: JVMTI Roots                    1 us, workers (us):   1, ---, ---, ---, ---, ---, ---, ---, ---, ---, ---, ---, ---, ---, ---, ---, ---, ---, ---, ---, ---, ---, ---, ---, 
[899.727s][info][gc,stats       ] Concurrent Cleanup                16421 us
[899.727s][info][gc,stats       ] Concurrent Evacuation              2999 us
[899.727s][info][gc,stats       ] Pause Init  Update Refs (G)         567 us
[899.727s][info][gc,stats       ] Pause Init  Update Refs (N)         209 us
[899.727s][info][gc,stats       ]   Retire GCLABs                     181 us
[899.727s][info][gc,stats       ] Concurrent Update Refs            16442 us
[899.727s][info][gc,stats       ] Pause Final Update Refs (G)        1976 us
[899.727s][info][gc,stats       ] Pause Final Update Refs (N)         302 us
[899.727s][info][gc,stats       ]   Update Roots                      210 us, parallelism: 1.12x
[899.727s][info][gc,stats       ]     UR: <total>                     235 us
[899.727s][info][gc,stats       ]     UR: Thread Roots                235 us, workers (us): 122,  14,  24,  26,  43,   6, ---, ---, ---, ---, ---, ---, ---, ---, ---, ---, ---, ---, ---, ---, ---, ---, ---, ---, 
[899.727s][info][gc,stats       ]   Update Region States               27 us
[899.727s][info][gc,stats       ]   Trash Collection Set               11 us
[899.727s][info][gc,stats       ]   Rebuild Free Set                   30 us
[899.727s][info][gc,stats       ] Concurrent Cleanup                  799 us
[899.727s][info][gc,stats       ] Pacing                            73220 us
[899.727s][info][gc,stats       ] 
[899.727s][info][gc,stats       ] Allocation pacing accrued:
[899.727s][info][gc,stats       ]      73 of   111 ms ( 66.0%): pl.nadoba.jvm.gc.benchmark.App.main()
[899.727s][info][gc,stats       ]      73 of   111 ms ( 66.0%): <total>
[899.727s][info][gc,stats       ]       7 of   111 ms (  6.6%): <average total>
[899.727s][info][gc,stats       ]      73 of   111 ms ( 66.0%): <average non-zero>
[899.727s][info][gc,stats       ] 
[899.727s][info][gc,metaspace   ] Metaspace: 24281K->24281K(1071104K)
[899.727s][info][gc,ergo        ] Pacer for Idle. Initial: 5242K, Alloc Tax Rate: 1.0x
[899.728s][info][gc             ] Trigger: Start next cycle immediately
[899.728s][info][gc,ergo        ] Free: 83819K, Max: 256K regular, 51712K humongous, Frag: 39% external, 4% internal; Reserve: 13312K, Max: 256K
[899.729s][info][gc,start       ] GC(6767) Concurrent reset
[899.729s][info][gc,task        ] GC(6767) Using 6 of 24 workers for concurrent reset
[899.729s][info][gc,ergo        ] GC(6767) Pacer for Reset. Non-Taxable: 256M
[899.729s][info][gc             ] GC(6767) Concurrent reset 0.777ms
[899.730s][info][gc,start       ] GC(6767) Pause Init Mark (unload classes)
[899.730s][info][gc,task        ] GC(6767) Using 6 of 24 workers for init marking
[899.731s][info][gc,ergo        ] GC(6767) Pacer for Mark. Expected Live: 10049K, Free: 83819K, Non-Taxable: 8381K, Alloc Tax Rate: 0.1x
[899.731s][info][gc             ] GC(6767) Pause Init Mark (unload classes) 1.926ms
[899.732s][info][gc,start       ] GC(6767) Concurrent marking (unload classes)
[899.732s][info][gc,task        ] GC(6767) Using 6 of 24 workers for concurrent marking
[899.800s][info][gc             ] GC(6767) Concurrent marking (unload classes) 68.031ms
[899.800s][info][gc,start       ] GC(6767) Pause Final Mark (unload classes)
[899.800s][info][gc,task        ] GC(6767) Using 6 of 24 workers for final marking
[899.855s][info][gc,stringtable ] GC(6767) Cleaned string and symbol table, strings: 8172 processed, 0 removed, symbols: 68000 processed, 0 removed
[899.855s][info][gc,ergo        ] GC(6767) Collectable Garbage: 145M (100%), Immediate: 144M (99%), CSet: 1260K (0%)
[899.858s][info][gc,ergo        ] GC(6767) Pacer for Evacuation. Used CSet: 5120K, Free: 203M, Non-Taxable: 20797K, Alloc Tax Rate: 1.1x
[899.858s][info][gc             ] GC(6767) Pause Final Mark (unload classes) 58.086ms
[899.858s][info][gc,start       ] GC(6767) Concurrent cleanup
[899.879s][info][gc             ] GC(6767) Concurrent cleanup 182M->66M(256M) 20.820ms
[899.879s][info][gc,ergo        ] GC(6767) Free: 173M, Max: 256K regular, 120M humongous, Frag: 31% external, 1% internal; Reserve: 12544K, Max: 256K
[899.879s][info][gc,start       ] GC(6767) Concurrent evacuation
[899.879s][info][gc,task        ] GC(6767) Using 6 of 24 workers for concurrent evacuation
[899.882s][info][gc             ] GC(6767) Concurrent evacuation 3.385ms
[899.883s][info][gc,start       ] GC(6767) Pause Init Update Refs
[899.883s][info][gc,ergo        ] GC(6767) Pacer for Update Refs. Used: 72596K, Free: 173M, Non-Taxable: 17751K, Alloc Tax Rate: 1.1x
[899.883s][info][gc             ] GC(6767) Pause Init Update Refs 0.258ms
[899.883s][info][gc,start       ] GC(6767) Concurrent update references
[899.883s][info][gc,task        ] GC(6767) Using 6 of 24 workers for concurrent reference update
[899.900s][info][gc             ] GC(6767) Concurrent update references 16.705ms
[899.900s][info][gc,start       ] GC(6767) Pause Final Update Refs
[899.900s][info][gc,task        ] GC(6767) Using 6 of 24 workers for final reference update
[899.900s][info][gc             ] GC(6767) Pause Final Update Refs 0.226ms
[899.900s][info][gc,start       ] GC(6767) Concurrent cleanup
[899.901s][info][gc             ] GC(6767) Concurrent cleanup 117M->112M(256M) 0.966ms
[899.901s][info][gc             ] GC(6767) Dat log --- cycle is complete
Current gc epoch: 5486
heap: ______
capacity: 268435456
used: 118379792
committed: 268435456
bytes_allocated_since_gc_start: 114557456
hot_size: 0
cold_size: 2084740
num_regions: 1024
hot_region_count: 18446744073709406340
cold_region_count: 145295
histogram: Placeholder

[899.901s][info][gc             ] GC(6767) Obj count ac histogram
[899.901s][info][gc             ] GC(6767) 	0: 214678
[899.901s][info][gc             ] GC(6767) 	1: 15
[899.901s][info][gc             ] GC(6767) 	2: 2
[899.901s][info][gc             ] GC(6767) 	3: 0
[899.901s][info][gc             ] GC(6767) 	4: 0
[899.901s][info][gc             ] GC(6767) 	5: 0
[899.901s][info][gc             ] GC(6767) 	6: 0
[899.901s][info][gc             ] GC(6767) 	7: 0
[899.901s][info][gc             ] GC(6767) 	8: 0
[899.901s][info][gc             ] GC(6767) 	9: 0
[899.901s][info][gc             ] GC(6767) 	10: 0
[899.901s][info][gc             ] GC(6767) 	11: 0
[899.901s][info][gc             ] GC(6767) 	12: 0
[899.901s][info][gc             ] GC(6767) 	13: 0
[899.901s][info][gc             ] GC(6767) 	14: 0
[899.901s][info][gc             ] GC(6767) 	15: 0
[899.901s][info][gc             ] GC(6767) 	16: 0
[899.901s][info][gc             ] GC(6767) 	17: 0
[899.901s][info][gc             ] GC(6767) 	18: 0
[899.901s][info][gc             ] GC(6767) 	19: 0
[899.901s][info][gc             ] GC(6767) Obj size ac histogram
[899.901s][info][gc             ] GC(6767) 	0: 1314071
[899.901s][info][gc             ] GC(6767) 	1: 720
[899.901s][info][gc             ] GC(6767) 	2: 14
[899.901s][info][gc             ] GC(6767) 	3: 0
[899.901s][info][gc             ] GC(6767) 	4: 0
[899.901s][info][gc             ] GC(6767) 	5: 0
[899.901s][info][gc             ] GC(6767) 	6: 0
[899.901s][info][gc             ] GC(6767) 	7: 0
[899.901s][info][gc             ] GC(6767) 	8: 0
[899.901s][info][gc             ] GC(6767) 	9: 0
[899.901s][info][gc             ] GC(6767) 	10: 0
[899.901s][info][gc             ] GC(6767) 	11: 0
[899.901s][info][gc             ] GC(6767) 	12: 0
[899.901s][info][gc             ] GC(6767) 	13: 0
[899.901s][info][gc             ] GC(6767) 	14: 0
[899.901s][info][gc             ] GC(6767) 	15: 0
[899.901s][info][gc             ] GC(6767) 	16: 0
[899.901s][info][gc             ] GC(6767) 	17: 0
[899.901s][info][gc             ] GC(6767) 	18: 0
[899.901s][info][gc             ] GC(6767) 	19: 0
[899.901s][info][gc,ergo        ] Free: 124M, Max: 256K regular, 111M humongous, Frag: 11% external, 3% internal; Reserve: 13312K, Max: 256K
[899.902s][info][gc,stats       ] 
[899.902s][info][gc,stats       ] All times are wall-clock times, except per-root-class counters, that are sum over
[899.902s][info][gc,stats       ] all workers. Dividing the <total> over the root stage time estimates parallelism.
[899.902s][info][gc,stats       ] 
[899.902s][info][gc,stats       ] Concurrent Reset                    760 us
[899.902s][info][gc,stats       ] Pause Init Mark (G)                2289 us
[899.902s][info][gc,stats       ] Pause Init Mark (N)                1882 us
[899.902s][info][gc,stats       ]   Accumulate Stats                    7 us
[899.902s][info][gc,stats       ]   Make Parsable                      54 us
[899.902s][info][gc,stats       ]   Update Region States               18 us
[899.902s][info][gc,stats       ]   Scan Roots                        874 us, parallelism: 1.39x
[899.902s][info][gc,stats       ]     S: <total>                     1215 us
[899.902s][info][gc,stats       ]     S: Thread Roots                 359 us, workers (us):  54, 131,   1,  46,  92,  35, ---, ---, ---, ---, ---, ---, ---, ---, ---, ---, ---, ---, ---, ---, ---, ---, ---, ---, 
[899.902s][info][gc,stats       ]     S: Universe Roots                31 us, workers (us):  31, ---, ---, ---, ---, ---, ---, ---, ---, ---, ---, ---, ---, ---, ---, ---, ---, ---, ---, ---, ---, ---, ---, ---, 
[899.902s][info][gc,stats       ]     S: JNI Handles Roots             16 us, workers (us): ---,  16, ---, ---, ---, ---, ---, ---, ---, ---, ---, ---, ---, ---, ---, ---, ---, ---, ---, ---, ---, ---, ---, ---, 
[899.902s][info][gc,stats       ]     S: Synchronizer Roots             0 us, workers (us):   0, ---, ---, ---, ---, ---, ---, ---, ---, ---, ---, ---, ---, ---, ---, ---, ---, ---, ---, ---, ---, ---, ---, ---, 
[899.902s][info][gc,stats       ]     S: Management Roots               2 us, workers (us):   2, ---, ---, ---, ---, ---, ---, ---, ---, ---, ---, ---, ---, ---, ---, ---, ---, ---, ---, ---, ---, ---, ---, ---, 
[899.902s][info][gc,stats       ]     S: System Dict Roots             49 us, workers (us):  49, ---, ---, ---, ---, ---, ---, ---, ---, ---, ---, ---, ---, ---, ---, ---, ---, ---, ---, ---, ---, ---, ---, ---, 
[899.902s][info][gc,stats       ]     S: CLDG Roots                   757 us, workers (us): ---, ---, 733,  12,  11, ---, ---, ---, ---, ---, ---, ---, ---, ---, ---, ---, ---, ---, ---, ---, ---, ---, ---, ---, 
[899.902s][info][gc,stats       ]     S: JVMTI Roots                    1 us, workers (us): ---,   1, ---, ---, ---, ---, ---, ---, ---, ---, ---, ---, ---, ---, ---, ---, ---, ---, ---, ---, ---, ---, ---, ---, 
[899.902s][info][gc,stats       ]   Resize TLABs                        5 us
[899.902s][info][gc,stats       ] Concurrent Marking                67957 us
[899.902s][info][gc,stats       ] Pause Final Mark (G)              58300 us
[899.902s][info][gc,stats       ] Pause Final Mark (N)              58032 us
[899.902s][info][gc,stats       ]   Finish Queues                     191 us
[899.902s][info][gc,stats       ]   System Purge                      184 us
[899.902s][info][gc,stats       ]     Unload Classes                   95 us
[899.902s][info][gc,stats       ]     Cleanup                       54426 us, parallelism: 1.78x
[899.902s][info][gc,stats       ]       CU: <total>                 96947 us
[899.902s][info][gc,stats       ]       CU: Code Cache Roots        76203 us, workers (us): 12233, 12227, 12341, 13070, 13519, 12813, ---, ---, ---, ---, ---, ---, ---, ---, ---, ---, ---, ---, ---, ---, ---, ---, ---, ---, 
[899.902s][info][gc,stats       ]       CU: Code Cache Cleaning      5931 us, workers (us): 1004, 986, 1189, 1003, 746, 1002, ---, ---, ---, ---, ---, ---, ---, ---, ---, ---, ---, ---, ---, ---, ---, ---, ---, ---, 
[899.902s][info][gc,stats       ]       CU: String Table Roots       3677 us, workers (us): 1049, 1048, 934, 196,   1, 450, ---, ---, ---, ---, ---, ---, ---, ---, ---, ---, ---, ---, ---, ---, ---, ---, ---, ---, 
[899.902s][info][gc,stats       ]       CU: Resolved Table Roots       20 us, workers (us):   0,  19,   0,   0,   0,   0, ---, ---, ---, ---, ---, ---, ---, ---, ---, ---, ---, ---, ---, ---, ---, ---, ---, ---, 
[899.902s][info][gc,stats       ]       CU: CLDG Roots              11118 us, workers (us): 1858, 1862, 1714, 1907, 1862, 1915, ---, ---, ---, ---, ---, ---, ---, ---, ---, ---, ---, ---, ---, ---, ---, ---, ---, ---, 
[899.902s][info][gc,stats       ]     Weak Roots                      183 us
[899.902s][info][gc,stats       ]     CLDG                              1 us
[899.902s][info][gc,stats       ]   Update Region States               23 us
[899.902s][info][gc,stats       ]   Retire TLABs                       43 us
[899.902s][info][gc,stats       ]   Choose Collection Set             418 us
[899.902s][info][gc,stats       ]   Rebuild Free Set                   17 us
[899.902s][info][gc,stats       ]   Initial Evacuation               2440 us, parallelism: 2.49x
[899.902s][info][gc,stats       ]     E: <total>                     6086 us
[899.902s][info][gc,stats       ]     E: Thread Roots                 207 us, workers (us):  38,  97,   2,  66,   1,   1, ---, ---, ---, ---, ---, ---, ---, ---, ---, ---, ---, ---, ---, ---, ---, ---, ---, ---, 
[899.902s][info][gc,stats       ]     E: Code Cache Roots            4456 us, workers (us): 855, 873,   0, 903, 730, 1094, ---, ---, ---, ---, ---, ---, ---, ---, ---, ---, ---, ---, ---, ---, ---, ---, ---, ---, 
[899.902s][info][gc,stats       ]     E: Universe Roots                18 us, workers (us):  18, ---, ---, ---, ---, ---, ---, ---, ---, ---, ---, ---, ---, ---, ---, ---, ---, ---, ---, ---, ---, ---, ---, ---, 
[899.902s][info][gc,stats       ]     E: JNI Handles Roots              4 us, workers (us): ---,   4, ---, ---, ---, ---, ---, ---, ---, ---, ---, ---, ---, ---, ---, ---, ---, ---, ---, ---, ---, ---, ---, ---, 
[899.902s][info][gc,stats       ]     E: Synchronizer Roots             0 us, workers (us):   0, ---, ---, ---, ---, ---, ---, ---, ---, ---, ---, ---, ---, ---, ---, ---, ---, ---, ---, ---, ---, ---, ---, ---, 
[899.902s][info][gc,stats       ]     E: Management Roots               2 us, workers (us):   2, ---, ---, ---, ---, ---, ---, ---, ---, ---, ---, ---, ---, ---, ---, ---, ---, ---, ---, ---, ---, ---, ---, ---, 
[899.902s][info][gc,stats       ]     E: System Dict Roots             26 us, workers (us):  26, ---, ---, ---, ---, ---, ---, ---, ---, ---, ---, ---, ---, ---, ---, ---, ---, ---, ---, ---, ---, ---, ---, ---, 
[899.902s][info][gc,stats       ]     E: CLDG Roots                  1371 us, workers (us):  80, ---, 1021, ---, 270, ---, ---, ---, ---, ---, ---, ---, ---, ---, ---, ---, ---, ---, ---, ---, ---, ---, ---, ---, 
[899.902s][info][gc,stats       ]     E: JVMTI Roots                    1 us, workers (us): ---,   1, ---, ---, ---, ---, ---, ---, ---, ---, ---, ---, ---, ---, ---, ---, ---, ---, ---, ---, ---, ---, ---, ---, 
[899.902s][info][gc,stats       ] Concurrent Cleanup                20758 us
[899.902s][info][gc,stats       ] Concurrent Evacuation              3373 us
[899.902s][info][gc,stats       ] Pause Init  Update Refs (G)         551 us
[899.902s][info][gc,stats       ] Pause Init  Update Refs (N)         204 us
[899.902s][info][gc,stats       ]   Retire GCLABs                     175 us
[899.902s][info][gc,stats       ] Concurrent Update Refs            16671 us
[899.902s][info][gc,stats       ] Pause Final Update Refs (G)         442 us
[899.902s][info][gc,stats       ] Pause Final Update Refs (N)         183 us
[899.902s][info][gc,stats       ]   Update Roots                      125 us, parallelism: 1.29x
[899.902s][info][gc,stats       ]     UR: <total>                     161 us
[899.902s][info][gc,stats       ]     UR: Thread Roots                161 us, workers (us):  82,  39,  34,   4,   0,   0, ---, ---, ---, ---, ---, ---, ---, ---, ---, ---, ---, ---, ---, ---, ---, ---, ---, ---, 
[899.902s][info][gc,stats       ]   Update Region States               19 us
[899.902s][info][gc,stats       ]   Trash Collection Set                7 us
[899.902s][info][gc,stats       ]   Rebuild Free Set                   17 us
[899.902s][info][gc,stats       ] Concurrent Cleanup                  936 us
[899.902s][info][gc,stats       ] Pacing                           144439 us
[899.902s][info][gc,stats       ] 
[899.902s][info][gc,stats       ] Allocation pacing accrued:
[899.902s][info][gc,stats       ]     148 of   175 ms ( 84.3%): pl.nadoba.jvm.gc.benchmark.App.main()
[899.902s][info][gc,stats       ]     148 of   175 ms ( 84.3%): <total>
[899.903s][info][gc,stats       ]      15 of   175 ms (  8.4%): <average total>
[899.903s][info][gc,stats       ]     148 of   175 ms ( 84.3%): <average non-zero>
[899.903s][info][gc,stats       ] 
[899.903s][info][gc,metaspace   ] Metaspace: 24281K->24281K(1071104K)
[899.903s][info][gc,ergo        ] Pacer for Idle. Initial: 5242K, Alloc Tax Rate: 1.0x
[899.904s][info][gc             ] Trigger: Start next cycle immediately
[899.904s][info][gc,ergo        ] Free: 115M, Max: 256K regular, 111M humongous, Frag: 4% external, 3% internal; Reserve: 13312K, Max: 256K
[899.904s][info][gc,start       ] GC(6768) Concurrent reset
[899.904s][info][gc,task        ] GC(6768) Using 6 of 24 workers for concurrent reset
[899.904s][info][gc,ergo        ] GC(6768) Pacer for Reset. Non-Taxable: 256M
[899.904s][info][gc             ] GC(6768) Concurrent reset 0.718ms
[899.905s][info][gc,start       ] GC(6768) Pause Init Mark (process weakrefs)
[899.905s][info][gc,task        ] GC(6768) Using 6 of 24 workers for init marking
[899.907s][info][gc,ergo        ] GC(6768) Pacer for Mark. Expected Live: 10049K, Free: 115M, Non-Taxable: 11863K, Alloc Tax Rate: 0.1x
[899.907s][info][gc             ] GC(6768) Pause Init Mark (process weakrefs) 2.435ms
[899.907s][info][gc,start       ] GC(6768) Concurrent marking (process weakrefs)
[899.907s][info][gc,task        ] GC(6768) Using 6 of 24 workers for concurrent marking
[899.972s][info][gc             ] GC(6768) Concurrent marking (process weakrefs) 64.425ms
[899.972s][info][gc,start       ] GC(6768) Concurrent precleaning
[899.972s][info][gc,task        ] GC(6768) Using 1 of 24 workers for concurrent preclean
[899.972s][info][gc,ergo        ] GC(6768) Pacer for Precleaning. Non-Taxable: 256M
[899.975s][info][gc             ] GC(6768) Concurrent precleaning 3.507ms
[899.977s][info][gc,start       ] GC(6768) Pause Final Mark (process weakrefs)
[899.977s][info][gc,task        ] GC(6768) Using 6 of 24 workers for final marking
[899.978s][info][gc,ergo        ] GC(6768) Collectable Garbage: 112M (100%), Immediate: 111M (98%), CSet: 1260K (1%)
[899.981s][info][gc,ergo        ] GC(6768) Pacer for Evacuation. Used CSet: 5120K, Free: 187M, Non-Taxable: 19236K, Alloc Tax Rate: 1.1x
[899.981s][info][gc             ] GC(6768) Pause Final Mark (process weakrefs) 4.601ms
[899.982s][info][gc,start       ] GC(6768) Concurrent cleanup
[899.999s][info][gc             ] GC(6768) Concurrent cleanup 164M->73M(256M) 17.001ms
[899.999s][info][gc,ergo        ] GC(6768) Free: 166M, Max: 256K regular, 98560K humongous, Frag: 43% external, 1% internal; Reserve: 12541K, Max: 256K
[899.999s][info][gc,start       ] GC(6768) Concurrent evacuation
[899.999s][info][gc,task        ] GC(6768) Using 6 of 24 workers for concurrent evacuation
[900.002s][info][gc             ] GC(6768) Concurrent evacuation 3.513ms
[900.002s][info][gc,start       ] GC(6768) Pause Init Update Refs
[900.003s][info][gc,ergo        ] GC(6768) Pacer for Update Refs. Used: 79764K, Free: 166M, Non-Taxable: 17034K, Alloc Tax Rate: 1.1x
[900.003s][info][gc             ] GC(6768) Pause Init Update Refs 0.257ms
[900.003s][info][gc,start       ] GC(6768) Concurrent update references
[900.003s][info][gc,task        ] GC(6768) Using 6 of 24 workers for concurrent reference update
[900.020s][info][gc             ] GC(6768) Concurrent update references 17.444ms
[900.022s][info][gc,start       ] GC(6768) Pause Final Update Refs
[900.022s][info][gc,task        ] GC(6768) Using 6 of 24 workers for final reference update
[900.023s][info][gc             ] GC(6768) Pause Final Update Refs 0.319ms
[900.023s][info][gc,start       ] GC(6768) Concurrent cleanup
[900.023s][info][gc             ] GC(6768) Concurrent cleanup 148M->143M(256M) 0.769ms
[900.024s][info][gc             ] GC(6768) Dat log --- cycle is complete
Current gc epoch: 5487
heap: ______
capacity: 268435456
used: 150885840
committed: 268435456
bytes_allocated_since_gc_start: 148636176
hot_size: 0
cold_size: 2668432
num_regions: 1024
hot_region_count: 18446744073709406321
cold_region_count: 145314
histogram: Placeholder

[900.024s][info][gc             ] GC(6768) Obj count ac histogram
[900.024s][info][gc             ] GC(6768) 	0: 209883
[900.024s][info][gc             ] GC(6768) 	1: 15
[900.024s][info][gc             ] GC(6768) 	2: 3835
[900.024s][info][gc             ] GC(6768) 	3: 4119
[900.024s][info][gc             ] GC(6768) 	4: 762
[900.024s][info][gc             ] GC(6768) 	5: 15
[900.024s][info][gc             ] GC(6768) 	6: 0
[900.024s][info][gc             ] GC(6768) 	7: 0
[900.024s][info][gc             ] GC(6768) 	8: 0
[900.024s][info][gc             ] GC(6768) 	9: 0
[900.024s][info][gc             ] GC(6768) 	10: 0
[900.024s][info][gc             ] GC(6768) 	11: 0
[900.024s][info][gc             ] GC(6768) 	12: 0
[900.024s][info][gc             ] GC(6768) 	13: 0
[900.024s][info][gc             ] GC(6768) 	14: 0
[900.024s][info][gc             ] GC(6768) 	15: 0
[900.024s][info][gc             ] GC(6768) 	16: 0
[900.024s][info][gc             ] GC(6768) 	17: 0
[900.024s][info][gc             ] GC(6768) 	18: 0
[900.024s][info][gc             ] GC(6768) 	19: 0
[900.024s][info][gc             ] GC(6768) Obj size ac histogram
[900.024s][info][gc             ] GC(6768) 	0: 1870086
[900.024s][info][gc             ] GC(6768) 	1: 720
[900.024s][info][gc             ] GC(6768) 	2: 52303
[900.024s][info][gc             ] GC(6768) 	3: 37700
[900.024s][info][gc             ] GC(6768) 	4: 4632
[900.024s][info][gc             ] GC(6768) 	5: 150
[900.024s][info][gc             ] GC(6768) 	6: 0
[900.024s][info][gc             ] GC(6768) 	7: 0
[900.024s][info][gc             ] GC(6768) 	8: 0
[900.024s][info][gc             ] GC(6768) 	9: 0
[900.024s][info][gc             ] GC(6768) 	10: 0
[900.024s][info][gc             ] GC(6768) 	11: 0
[900.024s][info][gc             ] GC(6768) 	12: 0
[900.024s][info][gc             ] GC(6768) 	13: 0
[900.024s][info][gc             ] GC(6768) 	14: 0
[900.024s][info][gc             ] GC(6768) 	15: 0
[900.024s][info][gc             ] GC(6768) 	16: 0
[900.024s][info][gc             ] GC(6768) 	17: 0
[900.024s][info][gc             ] GC(6768) 	18: 0
[900.024s][info][gc             ] GC(6768) 	19: 0
[900.024s][info][gc,ergo        ] Free: 94059K, Max: 256K regular, 67584K humongous, Frag: 28% external, 4% internal; Reserve: 13312K, Max: 256K
[900.024s][info][gc,stats       ] 
[900.024s][info][gc,stats       ] All times are wall-clock times, except per-root-class counters, that are sum over
[900.024s][info][gc,stats       ] all workers. Dividing the <total> over the root stage time estimates parallelism.
[900.024s][info][gc,stats       ] 
[900.024s][info][gc,stats       ] Concurrent Reset                    699 us
[900.024s][info][gc,stats       ] Pause Init Mark (G)                2811 us
[900.024s][info][gc,stats       ] Pause Init Mark (N)                2391 us
[900.024s][info][gc,stats       ]   Accumulate Stats                   15 us
[900.024s][info][gc,stats       ]   Make Parsable                      54 us
[900.024s][info][gc,stats       ]   Update Region States               17 us
[900.024s][info][gc,stats       ]   Scan Roots                       1360 us, parallelism: 2.00x
[900.024s][info][gc,stats       ]     S: <total>                     2724 us
[900.024s][info][gc,stats       ]     S: Thread Roots                 407 us, workers (us):   1,   1,   1, 180, 137,  87, ---, ---, ---, ---, ---, ---, ---, ---, ---, ---, ---, ---, ---, ---, ---, ---, ---, ---, 
[900.024s][info][gc,stats       ]     S: Universe Roots                15 us, workers (us):  15, ---, ---, ---, ---, ---, ---, ---, ---, ---, ---, ---, ---, ---, ---, ---, ---, ---, ---, ---, ---, ---, ---, ---, 
[900.024s][info][gc,stats       ]     S: JNI Handles Roots              7 us, workers (us):   7, ---, ---, ---, ---, ---, ---, ---, ---, ---, ---, ---, ---, ---, ---, ---, ---, ---, ---, ---, ---, ---, ---, ---, 
[900.024s][info][gc,stats       ]     S: Synchronizer Roots             0 us, workers (us):   0, ---, ---, ---, ---, ---, ---, ---, ---, ---, ---, ---, ---, ---, ---, ---, ---, ---, ---, ---, ---, ---, ---, ---, 
[900.024s][info][gc,stats       ]     S: Management Roots               1 us, workers (us):   1, ---, ---, ---, ---, ---, ---, ---, ---, ---, ---, ---, ---, ---, ---, ---, ---, ---, ---, ---, ---, ---, ---, ---, 
[900.024s][info][gc,stats       ]     S: System Dict Roots             14 us, workers (us):  14, ---, ---, ---, ---, ---, ---, ---, ---, ---, ---, ---, ---, ---, ---, ---, ---, ---, ---, ---, ---, ---, ---, ---, 
[900.024s][info][gc,stats       ]     S: CLDG Roots                  2279 us, workers (us): 1184, 927, 168, ---, ---, ---, ---, ---, ---, ---, ---, ---, ---, ---, ---, ---, ---, ---, ---, ---, ---, ---, ---, ---, 
[900.024s][info][gc,stats       ]     S: JVMTI Roots                    1 us, workers (us): ---,   1, ---, ---, ---, ---, ---, ---, ---, ---, ---, ---, ---, ---, ---, ---, ---, ---, ---, ---, ---, ---, ---, ---, 
[900.024s][info][gc,stats       ]   Resize TLABs                        7 us
[900.024s][info][gc,stats       ] Concurrent Marking                64370 us
[900.024s][info][gc,stats       ] Concurrent Precleaning             3467 us
[900.024s][info][gc,stats       ] Pause Final Mark (G)               6214 us
[900.024s][info][gc,stats       ] Pause Final Mark (N)               4540 us
[900.024s][info][gc,stats       ]   Finish Queues                     196 us
[900.024s][info][gc,stats       ]   Weak References                    43 us
[900.024s][info][gc,stats       ]     Process                          33 us
[900.024s][info][gc,stats       ]   System Purge                      205 us
[900.024s][info][gc,stats       ]     Weak Roots                      204 us
[900.024s][info][gc,stats       ]   Update Region States               40 us
[900.024s][info][gc,stats       ]   Retire TLABs                       54 us
[900.024s][info][gc,stats       ]   Choose Collection Set             549 us
[900.024s][info][gc,stats       ]   Rebuild Free Set                   40 us
[900.024s][info][gc,stats       ]   Initial Evacuation               3386 us, parallelism: 1.81x
[900.024s][info][gc,stats       ]     E: <total>                     6118 us
[900.024s][info][gc,stats       ]     E: Thread Roots                 176 us, workers (us):   1,  59,   1,   1, 112,   1, ---, ---, ---, ---, ---, ---, ---, ---, ---, ---, ---, ---, ---, ---, ---, ---, ---, ---, 
[900.024s][info][gc,stats       ]     E: Code Cache Roots            5080 us, workers (us): 1088, 858, 1113, 687, 383, 952, ---, ---, ---, ---, ---, ---, ---, ---, ---, ---, ---, ---, ---, ---, ---, ---, ---, ---, 
[900.024s][info][gc,stats       ]     E: Universe Roots                 5 us, workers (us):   5, ---, ---, ---, ---, ---, ---, ---, ---, ---, ---, ---, ---, ---, ---, ---, ---, ---, ---, ---, ---, ---, ---, ---, 
[900.024s][info][gc,stats       ]     E: JNI Handles Roots              2 us, workers (us):   2, ---, ---, ---, ---, ---, ---, ---, ---, ---, ---, ---, ---, ---, ---, ---, ---, ---, ---, ---, ---, ---, ---, ---, 
[900.024s][info][gc,stats       ]     E: Synchronizer Roots             1 us, workers (us): ---,   1, ---, ---, ---, ---, ---, ---, ---, ---, ---, ---, ---, ---, ---, ---, ---, ---, ---, ---, ---, ---, ---, ---, 
[900.024s][info][gc,stats       ]     E: Management Roots               3 us, workers (us):   3, ---, ---, ---, ---, ---, ---, ---, ---, ---, ---, ---, ---, ---, ---, ---, ---, ---, ---, ---, ---, ---, ---, ---, 
[900.024s][info][gc,stats       ]     E: System Dict Roots             13 us, workers (us): ---, ---,  13, ---, ---, ---, ---, ---, ---, ---, ---, ---, ---, ---, ---, ---, ---, ---, ---, ---, ---, ---, ---, ---, 
[900.024s][info][gc,stats       ]     E: CLDG Roots                   838 us, workers (us): ---, ---,  80, 297, 462, ---, ---, ---, ---, ---, ---, ---, ---, ---, ---, ---, ---, ---, ---, ---, ---, ---, ---, ---, 
[900.024s][info][gc,stats       ]     E: JVMTI Roots                    1 us, workers (us): ---,   1, ---, ---, ---, ---, ---, ---, ---, ---, ---, ---, ---, ---, ---, ---, ---, ---, ---, ---, ---, ---, ---, ---, 
[900.024s][info][gc,stats       ] Concurrent Cleanup                16951 us
[900.024s][info][gc,stats       ] Concurrent Evacuation              3501 us
[900.024s][info][gc,stats       ] Pause Init  Update Refs (G)         623 us
[900.024s][info][gc,stats       ] Pause Init  Update Refs (N)         205 us
[900.024s][info][gc,stats       ]   Retire GCLABs                     177 us
[900.024s][info][gc,stats       ] Concurrent Update Refs            17427 us
[900.024s][info][gc,stats       ] Pause Final Update Refs (G)        2519 us
[900.024s][info][gc,stats       ] Pause Final Update Refs (N)         256 us
[900.024s][info][gc,stats       ]   Update Roots                      162 us, parallelism: 1.23x
[900.024s][info][gc,stats       ]     UR: <total>                     199 us
[900.024s][info][gc,stats       ]     UR: Thread Roots                199 us, workers (us):  79,  49,  33,  16,   5,  18, ---, ---, ---, ---, ---, ---, ---, ---, ---, ---, ---, ---, ---, ---, ---, ---, ---, ---, 
[900.024s][info][gc,stats       ]   Update Region States               29 us
[900.024s][info][gc,stats       ]   Trash Collection Set               11 us
[900.024s][info][gc,stats       ]   Rebuild Free Set                   31 us
[900.024s][info][gc,stats       ] Concurrent Cleanup                  724 us
[900.024s][info][gc,stats       ] Pacing                            83415 us
[900.024s][info][gc,stats       ] 
[900.024s][info][gc,stats       ] Allocation pacing accrued:
[900.024s][info][gc,stats       ]      83 of   122 ms ( 68.6%): pl.nadoba.jvm.gc.benchmark.App.main()
[900.024s][info][gc,stats       ]      83 of   122 ms ( 68.6%): <total>
[900.024s][info][gc,stats       ]       8 of   122 ms (  6.9%): <average total>
[900.024s][info][gc,stats       ]      83 of   122 ms ( 68.6%): <average non-zero>
[900.024s][info][gc,stats       ] 
[900.024s][info][gc,metaspace   ] Metaspace: 24281K->24281K(1071104K)
[900.024s][info][gc,ergo        ] Pacer for Idle. Initial: 5242K, Alloc Tax Rate: 1.0x
[900.025s][info][gc             ] Trigger: Start next cycle immediately
[900.025s][info][gc,ergo        ] Free: 88427K, Max: 256K regular, 67584K humongous, Frag: 24% external, 4% internal; Reserve: 13312K, Max: 256K
[900.025s][info][gc,start       ] GC(6769) Concurrent reset
[900.025s][info][gc,task        ] GC(6769) Using 6 of 24 workers for concurrent reset
[900.025s][info][gc,ergo        ] GC(6769) Pacer for Reset. Non-Taxable: 256M
[900.026s][info][gc             ] GC(6769) Concurrent reset 0.592ms
[900.026s][info][gc,start       ] GC(6769) Pause Init Mark (process weakrefs) (unload classes)
[900.026s][info][gc,task        ] GC(6769) Using 6 of 24 workers for init marking
[900.028s][info][gc,ergo        ] GC(6769) Pacer for Mark. Expected Live: 10049K, Free: 88427K, Non-Taxable: 8842K, Alloc Tax Rate: 0.1x
[900.028s][info][gc             ] GC(6769) Pause Init Mark (process weakrefs) (unload classes) 2.137ms
[900.028s][info][gc,start       ] GC(6769) Concurrent marking (process weakrefs) (unload classes)
[900.028s][info][gc,task        ] GC(6769) Using 6 of 24 workers for concurrent marking
[900.093s][info][gc             ] GC(6769) Concurrent marking (process weakrefs) (unload classes) 64.380ms
[900.093s][info][gc,start       ] GC(6769) Concurrent precleaning
[900.093s][info][gc,task        ] GC(6769) Using 1 of 24 workers for concurrent preclean
[900.093s][info][gc,ergo        ] GC(6769) Pacer for Precleaning. Non-Taxable: 256M
[900.096s][info][gc             ] GC(6769) Concurrent precleaning 3.628ms
[900.097s][info][gc,start       ] GC(6769) Pause Final Mark (process weakrefs) (unload classes)
[900.097s][info][gc,task        ] GC(6769) Using 6 of 24 workers for final marking
[900.156s][info][gc,stringtable ] GC(6769) Cleaned string and symbol table, strings: 8172 processed, 0 removed, symbols: 68000 processed, 0 removed
[900.156s][info][gc,ergo        ] GC(6769) Collectable Garbage: 140M (100%), Immediate: 139M (99%), CSet: 1260K (0%)
[900.159s][info][gc,ergo        ] GC(6769) Pacer for Evacuation. Used CSet: 5120K, Free: 191M, Non-Taxable: 19620K, Alloc Tax Rate: 1.1x
[900.159s][info][gc             ] GC(6769) Pause Final Mark (process weakrefs) (unload classes) 61.928ms
[900.159s][info][gc,start       ] GC(6769) Concurrent cleanup
[900.179s][info][gc             ] GC(6769) Concurrent cleanup 188M->71M(256M) 19.817ms
[900.179s][info][gc,ergo        ] GC(6769) Free: 168M, Max: 256K regular, 80128K humongous, Frag: 54% external, 1% internal; Reserve: 12509K, Max: 256K
[900.179s][info][gc,start       ] GC(6769) Concurrent evacuation
[900.179s][info][gc,task        ] GC(6769) Using 6 of 24 workers for concurrent evacuation
[900.183s][info][gc             ] GC(6769) Concurrent evacuation 4.208ms
[900.183s][info][gc,start       ] GC(6769) Pause Init Update Refs
[900.184s][info][gc,ergo        ] GC(6769) Pacer for Update Refs. Used: 77973K, Free: 168M, Non-Taxable: 17213K, Alloc Tax Rate: 1.1x
[900.184s][info][gc             ] GC(6769) Pause Init Update Refs 0.212ms
[900.184s][info][gc,start       ] GC(6769) Concurrent update references
[900.184s][info][gc,task        ] GC(6769) Using 6 of 24 workers for concurrent reference update
[900.201s][info][gc             ] GC(6769) Concurrent update references 17.344ms
[900.202s][info][gc,start       ] GC(6769) Pause Final Update Refs
[900.202s][info][gc,task        ] GC(6769) Using 6 of 24 workers for final reference update
[900.202s][info][gc             ] GC(6769) Pause Final Update Refs 0.317ms
[900.202s][info][gc,start       ] GC(6769) Concurrent cleanup
[900.203s][info][gc             ] GC(6769) Concurrent cleanup 133M->128M(256M) 0.711ms
[900.203s][info][gc             ] GC(6769) Dat log --- cycle is complete
Current gc epoch: 5488
heap: ______
capacity: 268435456
used: 134370704
committed: 268435456
bytes_allocated_since_gc_start: 131334672
hot_size: 0
cold_size: 2871176
num_regions: 1024
hot_region_count: 18446744073709406302
cold_region_count: 145334
histogram: Placeholder

[900.203s][info][gc             ] GC(6769) Obj count ac histogram
[900.203s][info][gc             ] GC(6769) 	0: 203901
[900.203s][info][gc             ] GC(6769) 	1: 15
[900.203s][info][gc             ] GC(6769) 	2: 4353
[900.203s][info][gc             ] GC(6769) 	3: 4453
[900.203s][info][gc             ] GC(6769) 	4: 883
[900.203s][info][gc             ] GC(6769) 	5: 15
[900.203s][info][gc             ] GC(6769) 	6: 0
[900.203s][info][gc             ] GC(6769) 	7: 0
[900.203s][info][gc             ] GC(6769) 	8: 0
[900.203s][info][gc             ] GC(6769) 	9: 0
[900.203s][info][gc             ] GC(6769) 	10: 0
[900.203s][info][gc             ] GC(6769) 	11: 0
[900.203s][info][gc             ] GC(6769) 	12: 0
[900.203s][info][gc             ] GC(6769) 	13: 0
[900.203s][info][gc             ] GC(6769) 	14: 0
[900.203s][info][gc             ] GC(6769) 	15: 0
[900.203s][info][gc             ] GC(6769) 	16: 0
[900.203s][info][gc             ] GC(6769) 	17: 0
[900.203s][info][gc             ] GC(6769) 	18: 0
[900.203s][info][gc             ] GC(6769) 	19: 0
[900.203s][info][gc             ] GC(6769) Obj size ac histogram
[900.203s][info][gc             ] GC(6769) 	0: 1321396
[900.203s][info][gc             ] GC(6769) 	1: 720
[900.203s][info][gc             ] GC(6769) 	2: 56808
[900.203s][info][gc             ] GC(6769) 	3: 41528
[900.203s][info][gc             ] GC(6769) 	4: 5464
[900.203s][info][gc             ] GC(6769) 	5: 150
[900.203s][info][gc             ] GC(6769) 	6: 0
[900.203s][info][gc             ] GC(6769) 	7: 0
[900.203s][info][gc             ] GC(6769) 	8: 0
[900.203s][info][gc             ] GC(6769) 	9: 0
[900.203s][info][gc             ] GC(6769) 	10: 0
[900.203s][info][gc             ] GC(6769) 	11: 0
[900.203s][info][gc             ] GC(6769) 	12: 0
[900.203s][info][gc             ] GC(6769) 	13: 0
[900.203s][info][gc             ] GC(6769) 	14: 0
[900.203s][info][gc             ] GC(6769) 	15: 0
[900.203s][info][gc             ] GC(6769) 	16: 0
[900.203s][info][gc             ] GC(6769) 	17: 0
[900.203s][info][gc             ] GC(6769) 	18: 0
[900.203s][info][gc             ] GC(6769) 	19: 0
[900.203s][info][gc,ergo        ] Free: 108M, Max: 256K regular, 46336K humongous, Frag: 59% external, 3% internal; Reserve: 13312K, Max: 256K
[900.203s][info][gc,stats       ] 
[900.203s][info][gc,stats       ] All times are wall-clock times, except per-root-class counters, that are sum over
[900.203s][info][gc,stats       ] all workers. Dividing the <total> over the root stage time estimates parallelism.
[900.203s][info][gc,stats       ] 
[900.203s][info][gc,stats       ] Concurrent Reset                    576 us
[900.203s][info][gc,stats       ] Pause Init Mark (G)                2410 us
[900.203s][info][gc,stats       ] Pause Init Mark (N)                2095 us
[900.203s][info][gc,stats       ]   Accumulate Stats                    8 us
[900.203s][info][gc,stats       ]   Make Parsable                      53 us
[900.203s][info][gc,stats       ]   Update Region States               19 us
[900.204s][info][gc,stats       ]   Scan Roots                       1083 us, parallelism: 1.38x
[900.204s][info][gc,stats       ]     S: <total>                     1497 us
[900.204s][info][gc,stats       ]     S: Thread Roots                 419 us, workers (us):  43,  38,  78,  39,   1, 219, ---, ---, ---, ---, ---, ---, ---, ---, ---, ---, ---, ---, ---, ---, ---, ---, ---, ---, 
[900.204s][info][gc,stats       ]     S: Universe Roots                45 us, workers (us):  45, ---, ---, ---, ---, ---, ---, ---, ---, ---, ---, ---, ---, ---, ---, ---, ---, ---, ---, ---, ---, ---, ---, ---, 
[900.204s][info][gc,stats       ]     S: JNI Handles Roots             35 us, workers (us): ---, ---,  35, ---, ---, ---, ---, ---, ---, ---, ---, ---, ---, ---, ---, ---, ---, ---, ---, ---, ---, ---, ---, ---, 
[900.204s][info][gc,stats       ]     S: Synchronizer Roots             0 us, workers (us): ---,   0, ---, ---, ---, ---, ---, ---, ---, ---, ---, ---, ---, ---, ---, ---, ---, ---, ---, ---, ---, ---, ---, ---, 
[900.204s][info][gc,stats       ]     S: Management Roots               2 us, workers (us): ---, ---,   2, ---, ---, ---, ---, ---, ---, ---, ---, ---, ---, ---, ---, ---, ---, ---, ---, ---, ---, ---, ---, ---, 
[900.204s][info][gc,stats       ]     S: System Dict Roots             31 us, workers (us): ---,  31, ---, ---, ---, ---, ---, ---, ---, ---, ---, ---, ---, ---, ---, ---, ---, ---, ---, ---, ---, ---, ---, ---, 
[900.204s][info][gc,stats       ]     S: CLDG Roots                   963 us, workers (us): ---, ---, ---,  21, 928,  14, ---, ---, ---, ---, ---, ---, ---, ---, ---, ---, ---, ---, ---, ---, ---, ---, ---, ---, 
[900.204s][info][gc,stats       ]     S: JVMTI Roots                    1 us, workers (us): ---, ---, ---,   1, ---, ---, ---, ---, ---, ---, ---, ---, ---, ---, ---, ---, ---, ---, ---, ---, ---, ---, ---, ---, 
[900.204s][info][gc,stats       ]   Resize TLABs                        4 us
[900.204s][info][gc,stats       ] Concurrent Marking                64332 us
[900.204s][info][gc,stats       ] Concurrent Precleaning             3615 us
[900.204s][info][gc,stats       ] Pause Final Mark (G)              62759 us
[900.204s][info][gc,stats       ] Pause Final Mark (N)              61871 us
[900.204s][info][gc,stats       ]   Finish Queues                     193 us
[900.204s][info][gc,stats       ]   Weak References                    45 us
[900.204s][info][gc,stats       ]     Process                          34 us
[900.204s][info][gc,stats       ]   System Purge                      211 us
[900.204s][info][gc,stats       ]     Unload Classes                   96 us
[900.204s][info][gc,stats       ]     Cleanup                       58002 us, parallelism: 1.81x
[900.204s][info][gc,stats       ]       CU: <total>                104875 us
[900.204s][info][gc,stats       ]       CU: Code Cache Roots        77362 us, workers (us): 12549, 12891, 14508, 12527, 12448, 12439, ---, ---, ---, ---, ---, ---, ---, ---, ---, ---, ---, ---, ---, ---, ---, ---, ---, ---, 
[900.204s][info][gc,stats       ]       CU: Code Cache Cleaning     12235 us, workers (us): 2194, 2181, 1264, 2198, 2199, 2198, ---, ---, ---, ---, ---, ---, ---, ---, ---, ---, ---, ---, ---, ---, ---, ---, ---, ---, 
[900.204s][info][gc,stats       ]       CU: String Table Roots       3609 us, workers (us): 791, 439,   1, 776, 818, 784, ---, ---, ---, ---, ---, ---, ---, ---, ---, ---, ---, ---, ---, ---, ---, ---, ---, ---, 
[900.204s][info][gc,stats       ]       CU: Resolved Table Roots       21 us, workers (us):   0,  20,   0,   0,   0,   0, ---, ---, ---, ---, ---, ---, ---, ---, ---, ---, ---, ---, ---, ---, ---, ---, ---, ---, 
[900.204s][info][gc,stats       ]       CU: CLDG Roots              11648 us, workers (us): 1995, 1957, 1763, 1961, 2014, 1958, ---, ---, ---, ---, ---, ---, ---, ---, ---, ---, ---, ---, ---, ---, ---, ---, ---, ---, 
[900.204s][info][gc,stats       ]     Weak Roots                      209 us
[900.204s][info][gc,stats       ]     CLDG                              1 us
[900.204s][info][gc,stats       ]   Update Region States               27 us
[900.204s][info][gc,stats       ]   Retire TLABs                       42 us
[900.204s][info][gc,stats       ]   Choose Collection Set             396 us
[900.204s][info][gc,stats       ]   Rebuild Free Set                   19 us
[900.204s][info][gc,stats       ]   Initial Evacuation               2635 us, parallelism: 2.59x
[900.204s][info][gc,stats       ]     E: <total>                     6826 us
[900.204s][info][gc,stats       ]     E: Thread Roots                 181 us, workers (us):   1,   2,   1,  62, 113,   1, ---, ---, ---, ---, ---, ---, ---, ---, ---, ---, ---, ---, ---, ---, ---, ---, ---, ---, 
[900.204s][info][gc,stats       ]     E: Code Cache Roots            5147 us, workers (us): 595, 1382, 360, 945, 875, 990, ---, ---, ---, ---, ---, ---, ---, ---, ---, ---, ---, ---, ---, ---, ---, ---, ---, ---, 
[900.204s][info][gc,stats       ]     E: Universe Roots                 6 us, workers (us):   6, ---, ---, ---, ---, ---, ---, ---, ---, ---, ---, ---, ---, ---, ---, ---, ---, ---, ---, ---, ---, ---, ---, ---, 
[900.204s][info][gc,stats       ]     E: JNI Handles Roots              4 us, workers (us): ---,   4, ---, ---, ---, ---, ---, ---, ---, ---, ---, ---, ---, ---, ---, ---, ---, ---, ---, ---, ---, ---, ---, ---, 
[900.204s][info][gc,stats       ]     E: Synchronizer Roots             1 us, workers (us): ---,   1, ---, ---, ---, ---, ---, ---, ---, ---, ---, ---, ---, ---, ---, ---, ---, ---, ---, ---, ---, ---, ---, ---, 
[900.204s][info][gc,stats       ]     E: Management Roots               3 us, workers (us): ---,   3, ---, ---, ---, ---, ---, ---, ---, ---, ---, ---, ---, ---, ---, ---, ---, ---, ---, ---, ---, ---, ---, ---, 
[900.204s][info][gc,stats       ]     E: System Dict Roots             13 us, workers (us):  13, ---, ---, ---, ---, ---, ---, ---, ---, ---, ---, ---, ---, ---, ---, ---, ---, ---, ---, ---, ---, ---, ---, ---, 
[900.204s][info][gc,stats       ]     E: CLDG Roots                  1471 us, workers (us): 533, 100, 838, ---, ---, ---, ---, ---, ---, ---, ---, ---, ---, ---, ---, ---, ---, ---, ---, ---, ---, ---, ---, ---, 
[900.204s][info][gc,stats       ]     E: JVMTI Roots                    1 us, workers (us): ---,   1, ---, ---, ---, ---, ---, ---, ---, ---, ---, ---, ---, ---, ---, ---, ---, ---, ---, ---, ---, ---, ---, ---, 
[900.204s][info][gc,stats       ] Concurrent Cleanup                19764 us
[900.204s][info][gc,stats       ] Concurrent Evacuation              4190 us
[900.204s][info][gc,stats       ] Pause Init  Update Refs (G)         483 us
[900.204s][info][gc,stats       ] Pause Init  Update Refs (N)         184 us
[900.204s][info][gc,stats       ]   Retire GCLABs                     166 us
[900.204s][info][gc,stats       ] Concurrent Update Refs            17318 us
[900.204s][info][gc,stats       ] Pause Final Update Refs (G)        1330 us
[900.204s][info][gc,stats       ] Pause Final Update Refs (N)         278 us
[900.204s][info][gc,stats       ]   Update Roots                      213 us, parallelism: 1.09x
[900.204s][info][gc,stats       ]     UR: <total>                     232 us
[900.204s][info][gc,stats       ]     UR: Thread Roots                232 us, workers (us): 116,  31,  32,  25,  26,   3, ---, ---, ---, ---, ---, ---, ---, ---, ---, ---, ---, ---, ---, ---, ---, ---, ---, ---, 
[900.204s][info][gc,stats       ]   Update Region States               23 us
[900.204s][info][gc,stats       ]   Trash Collection Set                8 us
[900.204s][info][gc,stats       ]   Rebuild Free Set                   18 us
[900.204s][info][gc,stats       ] Concurrent Cleanup                  688 us
[900.204s][info][gc,stats       ] Pacing                            87403 us
[900.204s][info][gc,stats       ] 
[900.204s][info][gc,stats       ] Allocation pacing accrued:
[900.204s][info][gc,stats       ]      87 of   180 ms ( 48.6%): pl.nadoba.jvm.gc.benchmark.App.main()
[900.204s][info][gc,stats       ]      87 of   180 ms ( 48.6%): <total>
[900.204s][info][gc,stats       ]       9 of   180 ms (  4.9%): <average total>
[900.204s][info][gc,stats       ]      87 of   180 ms ( 48.6%): <average non-zero>
[900.204s][info][gc,stats       ] 
[900.204s][info][gc,metaspace   ] Metaspace: 24281K->24281K(1071104K)
[900.204s][info][gc,ergo        ] Pacer for Idle. Initial: 5242K, Alloc Tax Rate: 1.0x
[900.205s][info][gc             ] Trigger: Start next cycle immediately
[900.205s][info][gc,ergo        ] Free: 108M, Max: 256K regular, 46336K humongous, Frag: 59% external, 3% internal; Reserve: 13312K, Max: 256K
[900.205s][info][gc,start       ] GC(6770) Concurrent reset
[900.205s][info][gc,task        ] GC(6770) Using 6 of 24 workers for concurrent reset
[900.205s][info][gc,ergo        ] GC(6770) Pacer for Reset. Non-Taxable: 256M
[900.206s][info][gc             ] GC(6770) Concurrent reset 0.626ms
[900.207s][info][gc,start       ] GC(6770) Pause Init Mark (process weakrefs) (unload classes)
[900.207s][info][gc,task        ] GC(6770) Using 6 of 24 workers for init marking
[900.209s][info][gc,ergo        ] GC(6770) Pacer for Mark. Expected Live: 10049K, Free: 101M, Non-Taxable: 10429K, Alloc Tax Rate: 0.1x
[900.209s][info][gc             ] GC(6770) Pause Init Mark (process weakrefs) (unload classes) 1.775ms
[900.209s][info][gc,start       ] GC(6770) Concurrent marking (process weakrefs) (unload classes)
[900.209s][info][gc,task        ] GC(6770) Using 6 of 24 workers for concurrent marking
[900.275s][info][gc             ] GC(6770) Concurrent marking (process weakrefs) (unload classes) 65.657ms
[900.275s][info][gc,start       ] GC(6770) Concurrent precleaning
[900.275s][info][gc,task        ] GC(6770) Using 1 of 24 workers for concurrent preclean
[900.275s][info][gc,ergo        ] GC(6770) Pacer for Precleaning. Non-Taxable: 256M
[900.278s][info][gc             ] GC(6770) Concurrent precleaning 2.710ms
[900.279s][info][gc,start       ] GC(6770) Pause Final Mark (process weakrefs) (unload classes)
[900.279s][info][gc,task        ] GC(6770) Using 6 of 24 workers for final marking
[900.334s][info][gc,stringtable ] GC(6770) Cleaned string and symbol table, strings: 8172 processed, 0 removed, symbols: 68000 processed, 0 removed
[900.335s][info][gc,ergo        ] GC(6770) Collectable Garbage: 119M (100%), Immediate: 118M (98%), CSet: 1516K (1%)
[900.337s][info][gc,ergo        ] GC(6770) Pacer for Evacuation. Used CSet: 5376K, Free: 137M, Non-Taxable: 14090K, Alloc Tax Rate: 1.1x
[900.337s][info][gc             ] GC(6770) Pause Final Mark (process weakrefs) (unload classes) 58.319ms
[900.338s][info][gc,start       ] GC(6770) Concurrent cleanup
[900.359s][info][gc             ] GC(6770) Concurrent cleanup 219M->117M(256M) 21.398ms
[900.359s][info][gc,ergo        ] GC(6770) Free: 121M, Max: 256K regular, 69376K humongous, Frag: 45% external, 2% internal; Reserve: 12544K, Max: 256K
[900.359s][info][gc,start       ] GC(6770) Concurrent evacuation
[900.359s][info][gc,task        ] GC(6770) Using 6 of 24 workers for concurrent evacuation
[900.364s][info][gc             ] GC(6770) Concurrent evacuation 4.589ms
[900.364s][info][gc,start       ] GC(6770) Pause Init Update Refs
[900.364s][info][gc,ergo        ] GC(6770) Pacer for Update Refs. Used: 121M, Free: 121M, Non-Taxable: 12477K, Alloc Tax Rate: 1.2x
[900.364s][info][gc             ] GC(6770) Pause Init Update Refs 0.230ms
[900.364s][info][gc,start       ] GC(6770) Concurrent update references
[900.364s][info][gc,task        ] GC(6770) Using 6 of 24 workers for concurrent reference update
[900.380s][info][gc             ] GC(6770) Concurrent update references 15.409ms
[900.382s][info][gc,start       ] GC(6770) Pause Final Update Refs
[900.382s][info][gc,task        ] GC(6770) Using 6 of 24 workers for final reference update
[900.382s][info][gc             ] GC(6770) Pause Final Update Refs 0.248ms
[900.382s][info][gc,start       ] GC(6770) Concurrent cleanup
[900.383s][info][gc             ] GC(6770) Concurrent cleanup 150M->152M(256M) 0.981ms
[900.383s][info][gc             ] GC(6770) Dat log --- cycle is complete
Current gc epoch: 5489
heap: ______
capacity: 268435456
used: 159536496
committed: 268435456
bytes_allocated_since_gc_start: 156238352
hot_size: 0
cold_size: 3657612
num_regions: 1024
hot_region_count: 18446744073709406282
cold_region_count: 145354
histogram: Placeholder

[900.383s][info][gc             ] GC(6770) Obj count ac histogram
[900.383s][info][gc             ] GC(6770) 	0: 206805
[900.383s][info][gc             ] GC(6770) 	1: 15
[900.383s][info][gc             ] GC(6770) 	2: 4203
[900.383s][info][gc             ] GC(6770) 	3: 4413
[900.383s][info][gc             ] GC(6770) 	4: 900
[900.383s][info][gc             ] GC(6770) 	5: 15
[900.383s][info][gc             ] GC(6770) 	6: 0
[900.383s][info][gc             ] GC(6770) 	7: 0
[900.383s][info][gc             ] GC(6770) 	8: 0
[900.383s][info][gc             ] GC(6770) 	9: 0
[900.383s][info][gc             ] GC(6770) 	10: 0
[900.383s][info][gc             ] GC(6770) 	11: 0
[900.383s][info][gc             ] GC(6770) 	12: 0
[900.383s][info][gc             ] GC(6770) 	13: 0
[900.383s][info][gc             ] GC(6770) 	14: 0
[900.383s][info][gc             ] GC(6770) 	15: 0
[900.383s][info][gc             ] GC(6770) 	16: 0
[900.383s][info][gc             ] GC(6770) 	17: 0
[900.383s][info][gc             ] GC(6770) 	18: 0
[900.383s][info][gc             ] GC(6770) 	19: 0
[900.383s][info][gc             ] GC(6770) Obj size ac histogram
[900.383s][info][gc             ] GC(6770) 	0: 2877235
[900.383s][info][gc             ] GC(6770) 	1: 720
[900.383s][info][gc             ] GC(6770) 	2: 54679
[900.383s][info][gc             ] GC(6770) 	3: 40996
[900.383s][info][gc             ] GC(6770) 	4: 5581
[900.383s][info][gc             ] GC(6770) 	5: 150
[900.383s][info][gc             ] GC(6770) 	6: 0
[900.383s][info][gc             ] GC(6770) 	7: 0
[900.383s][info][gc             ] GC(6770) 	8: 0
[900.383s][info][gc             ] GC(6770) 	9: 0
[900.383s][info][gc             ] GC(6770) 	10: 0
[900.383s][info][gc             ] GC(6770) 	11: 0
[900.383s][info][gc             ] GC(6770) 	12: 0
[900.383s][info][gc             ] GC(6770) 	13: 0
[900.383s][info][gc             ] GC(6770) 	14: 0
[900.383s][info][gc             ] GC(6770) 	15: 0
[900.383s][info][gc             ] GC(6770) 	16: 0
[900.383s][info][gc             ] GC(6770) 	17: 0
[900.383s][info][gc             ] GC(6770) 	18: 0
[900.383s][info][gc             ] GC(6770) 	19: 0
[900.383s][info][gc,ergo        ] Free: 86379K, Max: 256K regular, 30720K humongous, Frag: 65% external, 4% internal; Reserve: 13312K, Max: 256K
[900.383s][info][gc,stats       ] 
[900.383s][info][gc,stats       ] All times are wall-clock times, except per-root-class counters, that are sum over
[900.383s][info][gc,stats       ] all workers. Dividing the <total> over the root stage time estimates parallelism.
[900.383s][info][gc,stats       ] 
[900.383s][info][gc,stats       ] Concurrent Reset                    610 us
[900.383s][info][gc,stats       ] Pause Init Mark (G)                3370 us
[900.383s][info][gc,stats       ] Pause Init Mark (N)                1742 us
[900.383s][info][gc,stats       ]   Accumulate Stats                    5 us
[900.383s][info][gc,stats       ]   Make Parsable                      42 us
[900.383s][info][gc,stats       ]   Update Region States               24 us
[900.383s][info][gc,stats       ]   Scan Roots                       1083 us, parallelism: 1.46x
[900.383s][info][gc,stats       ]     S: <total>                     1578 us
[900.383s][info][gc,stats       ]     S: Thread Roots                 517 us, workers (us):  93,  43,  57,   1, 286,  38, ---, ---, ---, ---, ---, ---, ---, ---, ---, ---, ---, ---, ---, ---, ---, ---, ---, ---, 
[900.383s][info][gc,stats       ]     S: Universe Roots                33 us, workers (us):  33, ---, ---, ---, ---, ---, ---, ---, ---, ---, ---, ---, ---, ---, ---, ---, ---, ---, ---, ---, ---, ---, ---, ---, 
[900.383s][info][gc,stats       ]     S: JNI Handles Roots             20 us, workers (us): ---,  20, ---, ---, ---, ---, ---, ---, ---, ---, ---, ---, ---, ---, ---, ---, ---, ---, ---, ---, ---, ---, ---, ---, 
[900.384s][info][gc,stats       ]     S: Synchronizer Roots             0 us, workers (us):   0, ---, ---, ---, ---, ---, ---, ---, ---, ---, ---, ---, ---, ---, ---, ---, ---, ---, ---, ---, ---, ---, ---, ---, 
[900.384s][info][gc,stats       ]     S: Management Roots               2 us, workers (us):   2, ---, ---, ---, ---, ---, ---, ---, ---, ---, ---, ---, ---, ---, ---, ---, ---, ---, ---, ---, ---, ---, ---, ---, 
[900.384s][info][gc,stats       ]     S: System Dict Roots             30 us, workers (us):  30, ---, ---, ---, ---, ---, ---, ---, ---, ---, ---, ---, ---, ---, ---, ---, ---, ---, ---, ---, ---, ---, ---, ---, 
[900.384s][info][gc,stats       ]     S: CLDG Roots                   974 us, workers (us):  13, ---,  16, 945, ---, ---, ---, ---, ---, ---, ---, ---, ---, ---, ---, ---, ---, ---, ---, ---, ---, ---, ---, ---, 
[900.384s][info][gc,stats       ]     S: JVMTI Roots                    1 us, workers (us): ---,   1, ---, ---, ---, ---, ---, ---, ---, ---, ---, ---, ---, ---, ---, ---, ---, ---, ---, ---, ---, ---, ---, ---, 
[900.384s][info][gc,stats       ]   Resize TLABs                        4 us
[900.384s][info][gc,stats       ] Concurrent Marking                65609 us
[900.384s][info][gc,stats       ] Concurrent Precleaning             2690 us
[900.384s][info][gc,stats       ] Pause Final Mark (G)              59938 us
[900.384s][info][gc,stats       ] Pause Final Mark (N)              58266 us
[900.384s][info][gc,stats       ]   Finish Queues                     189 us
[900.384s][info][gc,stats       ]   Weak References                    35 us
[900.384s][info][gc,stats       ]     Process                          27 us
[900.384s][info][gc,stats       ]   System Purge                      247 us
[900.384s][info][gc,stats       ]     Unload Classes                   84 us
[900.384s][info][gc,stats       ]     Cleanup                       54744 us, parallelism: 1.82x
[900.384s][info][gc,stats       ]       CU: <total>                 99660 us
[900.384s][info][gc,stats       ]       CU: Code Cache Roots        80620 us, workers (us): 13264, 13514, 14003, 13295, 13243, 13301, ---, ---, ---, ---, ---, ---, ---, ---, ---, ---, ---, ---, ---, ---, ---, ---, ---, ---, 
[900.384s][info][gc,stats       ]       CU: Code Cache Cleaning      4830 us, workers (us): 776, 951, 775, 775, 776, 776, ---, ---, ---, ---, ---, ---, ---, ---, ---, ---, ---, ---, ---, ---, ---, ---, ---, ---, 
[900.384s][info][gc,stats       ]       CU: String Table Roots       3404 us, workers (us): 763, 511,  22, 698, 743, 666, ---, ---, ---, ---, ---, ---, ---, ---, ---, ---, ---, ---, ---, ---, ---, ---, ---, ---, 
[900.384s][info][gc,stats       ]       CU: Resolved Table Roots       19 us, workers (us):   0,  18,   0,   0,   0,   0, ---, ---, ---, ---, ---, ---, ---, ---, ---, ---, ---, ---, ---, ---, ---, ---, ---, ---, 
[900.384s][info][gc,stats       ]       CU: CLDG Roots              10787 us, workers (us): 1863, 1656, 1804, 1842, 1804, 1818, ---, ---, ---, ---, ---, ---, ---, ---, ---, ---, ---, ---, ---, ---, ---, ---, ---, ---, 
[900.384s][info][gc,stats       ]     Weak Roots                      246 us
[900.384s][info][gc,stats       ]     CLDG                              0 us
[900.384s][info][gc,stats       ]   Update Region States               26 us
[900.384s][info][gc,stats       ]   Retire TLABs                       43 us
[900.384s][info][gc,stats       ]   Choose Collection Set             347 us
[900.384s][info][gc,stats       ]   Rebuild Free Set                   15 us
[900.384s][info][gc,stats       ]   Initial Evacuation               2352 us, parallelism: 2.14x
[900.384s][info][gc,stats       ]     E: <total>                     5042 us
[900.384s][info][gc,stats       ]     E: Thread Roots                 175 us, workers (us):   1,   1,  32,  42,  98,   1, ---, ---, ---, ---, ---, ---, ---, ---, ---, ---, ---, ---, ---, ---, ---, ---, ---, ---, 
[900.384s][info][gc,stats       ]     E: Code Cache Roots            3827 us, workers (us): 1308, 353, 677, 622, 612, 255, ---, ---, ---, ---, ---, ---, ---, ---, ---, ---, ---, ---, ---, ---, ---, ---, ---, ---, 
[900.384s][info][gc,stats       ]     E: Universe Roots                 6 us, workers (us):   6, ---, ---, ---, ---, ---, ---, ---, ---, ---, ---, ---, ---, ---, ---, ---, ---, ---, ---, ---, ---, ---, ---, ---, 
[900.384s][info][gc,stats       ]     E: JNI Handles Roots              3 us, workers (us): ---,   3, ---, ---, ---, ---, ---, ---, ---, ---, ---, ---, ---, ---, ---, ---, ---, ---, ---, ---, ---, ---, ---, ---, 
[900.384s][info][gc,stats       ]     E: Synchronizer Roots             0 us, workers (us):   0, ---, ---, ---, ---, ---, ---, ---, ---, ---, ---, ---, ---, ---, ---, ---, ---, ---, ---, ---, ---, ---, ---, ---, 
[900.384s][info][gc,stats       ]     E: Management Roots               2 us, workers (us):   2, ---, ---, ---, ---, ---, ---, ---, ---, ---, ---, ---, ---, ---, ---, ---, ---, ---, ---, ---, ---, ---, ---, ---, 
[900.384s][info][gc,stats       ]     E: System Dict Roots             13 us, workers (us):  13, ---, ---, ---, ---, ---, ---, ---, ---, ---, ---, ---, ---, ---, ---, ---, ---, ---, ---, ---, ---, ---, ---, ---, 
[900.384s][info][gc,stats       ]     E: CLDG Roots                  1015 us, workers (us): ---, 390, ---,  58, ---, 567, ---, ---, ---, ---, ---, ---, ---, ---, ---, ---, ---, ---, ---, ---, ---, ---, ---, ---, 
[900.384s][info][gc,stats       ]     E: JVMTI Roots                    1 us, workers (us): ---,   1, ---, ---, ---, ---, ---, ---, ---, ---, ---, ---, ---, ---, ---, ---, ---, ---, ---, ---, ---, ---, ---, ---, 
[900.384s][info][gc,stats       ] Concurrent Cleanup                21303 us
[900.384s][info][gc,stats       ] Concurrent Evacuation              4567 us
[900.384s][info][gc,stats       ] Pause Init  Update Refs (G)         700 us
[900.384s][info][gc,stats       ] Pause Init  Update Refs (N)         207 us
[900.384s][info][gc,stats       ]   Retire GCLABs                     194 us
[900.384s][info][gc,stats       ] Concurrent Update Refs            15391 us
[900.384s][info][gc,stats       ] Pause Final Update Refs (G)        2022 us
[900.384s][info][gc,stats       ] Pause Final Update Refs (N)         230 us
[900.384s][info][gc,stats       ]   Update Roots                      190 us, parallelism: 1.25x
[900.384s][info][gc,stats       ]     UR: <total>                     237 us
[900.384s][info][gc,stats       ]     UR: Thread Roots                237 us, workers (us):  88,  23,  25,  54,  18,  29, ---, ---, ---, ---, ---, ---, ---, ---, ---, ---, ---, ---, ---, ---, ---, ---, ---, ---, 
[900.384s][info][gc,stats       ]   Update Region States               16 us
[900.384s][info][gc,stats       ]   Trash Collection Set                5 us
[900.384s][info][gc,stats       ]   Rebuild Free Set                   10 us
[900.384s][info][gc,stats       ] Concurrent Cleanup                  935 us
[900.384s][info][gc,stats       ] Pacing                            86297 us
[900.384s][info][gc,stats       ] 
[900.384s][info][gc,stats       ] Allocation pacing accrued:
[900.384s][info][gc,stats       ]      86 of   180 ms ( 47.9%): pl.nadoba.jvm.gc.benchmark.App.main()
[900.384s][info][gc,stats       ]      86 of   180 ms ( 47.9%): <total>
[900.384s][info][gc,stats       ]       9 of   180 ms (  4.8%): <average total>
[900.384s][info][gc,stats       ]      86 of   180 ms ( 47.9%): <average non-zero>
[900.384s][info][gc,stats       ] 
[900.384s][info][gc,metaspace   ] Metaspace: 24281K->24281K(1071104K)
[900.384s][info][gc,ergo        ] Pacer for Idle. Initial: 5242K, Alloc Tax Rate: 1.0x
[900.385s][info][gc             ] Trigger: Start next cycle immediately
[900.385s][info][gc,ergo        ] Free: 76907K, Max: 256K regular, 26624K humongous, Frag: 66% external, 4% internal; Reserve: 13312K, Max: 256K
[900.385s][info][gc,start       ] GC(6771) Concurrent reset
[900.385s][info][gc,task        ] GC(6771) Using 6 of 24 workers for concurrent reset
[900.385s][info][gc,ergo        ] GC(6771) Pacer for Reset. Non-Taxable: 256M
[900.386s][info][gc             ] GC(6771) Concurrent reset 0.821ms
[900.388s][info][gc,start       ] GC(6771) Pause Init Mark (unload classes)
[900.388s][info][gc,task        ] GC(6771) Using 6 of 24 workers for init marking
[900.390s][info][gc,ergo        ] GC(6771) Pacer for Mark. Expected Live: 11278K, Free: 68459K, Non-Taxable: 6845K, Alloc Tax Rate: 0.2x
[900.391s][info][gc             ] GC(6771) Pause Init Mark (unload classes) 2.526ms
[900.391s][info][gc,start       ] GC(6771) Concurrent marking (unload classes)
[900.391s][info][gc,task        ] GC(6771) Using 6 of 24 workers for concurrent marking
[900.432s][info][gc             ] GC(6771) Concurrent marking (unload classes) 41.151ms
[900.432s][info][gc,start       ] GC(6771) Pause Final Mark (unload classes)
[900.432s][info][gc,task        ] GC(6771) Using 6 of 24 workers for final marking
[900.483s][info][gc,stringtable ] GC(6771) Cleaned string and symbol table, strings: 8172 processed, 0 removed, symbols: 68000 processed, 0 removed
[900.484s][info][gc,ergo        ] GC(6771) Collectable Garbage: 152M (100%), Immediate: 151M (99%), CSet: 1516K (0%)
[900.487s][info][gc,ergo        ] GC(6771) Pacer for Evacuation. Used CSet: 5376K, Free: 168M, Non-Taxable: 17239K, Alloc Tax Rate: 1.1x
[900.487s][info][gc             ] GC(6771) Pause Final Mark (unload classes) 55.268ms
[900.487s][info][gc,start       ] GC(6771) Concurrent cleanup
[900.509s][info][gc             ] GC(6771) Concurrent cleanup 222M->101M(256M) 21.285ms
[900.509s][info][gc,ergo        ] GC(6771) Free: 137M, Max: 256K regular, 46848K humongous, Frag: 67% external, 2% internal; Reserve: 12667K, Max: 256K
[900.509s][info][gc,start       ] GC(6771) Concurrent evacuation
[900.509s][info][gc,task        ] GC(6771) Using 6 of 24 workers for concurrent evacuation
[900.512s][info][gc             ] GC(6771) Concurrent evacuation 3.761ms
[900.513s][info][gc,start       ] GC(6771) Pause Init Update Refs
[900.513s][info][gc,ergo        ] GC(6771) Pacer for Update Refs. Used: 105M, Free: 137M, Non-Taxable: 14090K, Alloc Tax Rate: 1.1x
[900.513s][info][gc             ] GC(6771) Pause Init Update Refs 0.263ms
[900.513s][info][gc,start       ] GC(6771) Concurrent update references
[900.513s][info][gc,task        ] GC(6771) Using 6 of 24 workers for concurrent reference update
[900.529s][info][gc             ] GC(6771) Concurrent update references 16.345ms
[900.530s][info][gc,start       ] GC(6771) Pause Final Update Refs
[900.530s][info][gc,task        ] GC(6771) Using 6 of 24 workers for final reference update
[900.530s][info][gc             ] GC(6771) Pause Final Update Refs 0.228ms
[900.530s][info][gc,start       ] GC(6771) Concurrent cleanup
[900.531s][info][gc             ] GC(6771) Concurrent cleanup 128M->130M(256M) 0.931ms
[900.531s][info][gc             ] GC(6771) Dat log --- cycle is complete
Current gc epoch: 5490
heap: ______
capacity: 268435456
used: 136455248
committed: 268435456
bytes_allocated_since_gc_start: 132907536
hot_size: 0
cold_size: 4181900
num_regions: 1024
hot_region_count: 18446744073709406262
cold_region_count: 145374
histogram: Placeholder

[900.531s][info][gc             ] GC(6771) Obj count ac histogram
[900.531s][info][gc             ] GC(6771) 	0: 173393
[900.531s][info][gc             ] GC(6771) 	1: 15
[900.531s][info][gc             ] GC(6771) 	2: 2
[900.531s][info][gc             ] GC(6771) 	3: 0
[900.531s][info][gc             ] GC(6771) 	4: 0
[900.531s][info][gc             ] GC(6771) 	5: 0
[900.531s][info][gc             ] GC(6771) 	6: 0
[900.531s][info][gc             ] GC(6771) 	7: 0
[900.531s][info][gc             ] GC(6771) 	8: 0
[900.531s][info][gc             ] GC(6771) 	9: 0
[900.531s][info][gc             ] GC(6771) 	10: 0
[900.531s][info][gc             ] GC(6771) 	11: 0
[900.531s][info][gc             ] GC(6771) 	12: 0
[900.531s][info][gc             ] GC(6771) 	13: 0
[900.531s][info][gc             ] GC(6771) 	14: 0
[900.531s][info][gc             ] GC(6771) 	15: 0
[900.531s][info][gc             ] GC(6771) 	16: 0
[900.531s][info][gc             ] GC(6771) 	17: 0
[900.531s][info][gc             ] GC(6771) 	18: 0
[900.531s][info][gc             ] GC(6771) 	19: 0
[900.531s][info][gc             ] GC(6771) Obj size ac histogram
[900.531s][info][gc             ] GC(6771) 	0: 2209200
[900.531s][info][gc             ] GC(6771) 	1: 720
[900.531s][info][gc             ] GC(6771) 	2: 14
[900.531s][info][gc             ] GC(6771) 	3: 0
[900.531s][info][gc             ] GC(6771) 	4: 0
[900.531s][info][gc             ] GC(6771) 	5: 0
[900.531s][info][gc             ] GC(6771) 	6: 0
[900.531s][info][gc             ] GC(6771) 	7: 0
[900.531s][info][gc             ] GC(6771) 	8: 0
[900.531s][info][gc             ] GC(6771) 	9: 0
[900.531s][info][gc             ] GC(6771) 	10: 0
[900.531s][info][gc             ] GC(6771) 	11: 0
[900.531s][info][gc             ] GC(6771) 	12: 0
[900.531s][info][gc             ] GC(6771) 	13: 0
[900.531s][info][gc             ] GC(6771) 	14: 0
[900.531s][info][gc             ] GC(6771) 	15: 0
[900.531s][info][gc             ] GC(6771) 	16: 0
[900.531s][info][gc             ] GC(6771) 	17: 0
[900.531s][info][gc             ] GC(6771) 	18: 0
[900.531s][info][gc             ] GC(6771) 	19: 0
[900.531s][info][gc,ergo        ] Free: 106M, Max: 256K regular, 46848K humongous, Frag: 57% external, 3% internal; Reserve: 13312K, Max: 256K
[900.531s][info][gc,stats       ] 
[900.532s][info][gc,stats       ] All times are wall-clock times, except per-root-class counters, that are sum over
[900.532s][info][gc,stats       ] all workers. Dividing the <total> over the root stage time estimates parallelism.
[900.532s][info][gc,stats       ] 
[900.532s][info][gc,stats       ] Concurrent Reset                    804 us
[900.532s][info][gc,stats       ] Pause Init Mark (G)                4442 us
[900.532s][info][gc,stats       ] Pause Init Mark (N)                2506 us
[900.532s][info][gc,stats       ]   Accumulate Stats                    4 us
[900.532s][info][gc,stats       ]   Make Parsable                      37 us
[900.532s][info][gc,stats       ]   Update Region States               15 us
[900.532s][info][gc,stats       ]   Scan Roots                       2019 us, parallelism: 1.22x
[900.532s][info][gc,stats       ]     S: <total>                     2466 us
[900.532s][info][gc,stats       ]     S: Thread Roots                 519 us, workers (us):  70,   5, 253, 123,   2,  67, ---, ---, ---, ---, ---, ---, ---, ---, ---, ---, ---, ---, ---, ---, ---, ---, ---, ---, 
[900.532s][info][gc,stats       ]     S: Universe Roots                36 us, workers (us):  36, ---, ---, ---, ---, ---, ---, ---, ---, ---, ---, ---, ---, ---, ---, ---, ---, ---, ---, ---, ---, ---, ---, ---, 
[900.532s][info][gc,stats       ]     S: JNI Handles Roots             28 us, workers (us):  28, ---, ---, ---, ---, ---, ---, ---, ---, ---, ---, ---, ---, ---, ---, ---, ---, ---, ---, ---, ---, ---, ---, ---, 
[900.532s][info][gc,stats       ]     S: Synchronizer Roots             1 us, workers (us): ---,   1, ---, ---, ---, ---, ---, ---, ---, ---, ---, ---, ---, ---, ---, ---, ---, ---, ---, ---, ---, ---, ---, ---, 
[900.532s][info][gc,stats       ]     S: Management Roots               2 us, workers (us):   2, ---, ---, ---, ---, ---, ---, ---, ---, ---, ---, ---, ---, ---, ---, ---, ---, ---, ---, ---, ---, ---, ---, ---, 
[900.532s][info][gc,stats       ]     S: System Dict Roots            129 us, workers (us): ---, 129, ---, ---, ---, ---, ---, ---, ---, ---, ---, ---, ---, ---, ---, ---, ---, ---, ---, ---, ---, ---, ---, ---, 
[900.532s][info][gc,stats       ]     S: CLDG Roots                  1750 us, workers (us): ---, ---, ---,  21, 1708,  21, ---, ---, ---, ---, ---, ---, ---, ---, ---, ---, ---, ---, ---, ---, ---, ---, ---, ---, 
[900.532s][info][gc,stats       ]     S: JVMTI Roots                    1 us, workers (us):   1, ---, ---, ---, ---, ---, ---, ---, ---, ---, ---, ---, ---, ---, ---, ---, ---, ---, ---, ---, ---, ---, ---, ---, 
[900.532s][info][gc,stats       ]   Resize TLABs                        8 us
[900.532s][info][gc,stats       ] Concurrent Marking                41098 us
[900.532s][info][gc,stats       ] Pause Final Mark (G)              55420 us
[900.532s][info][gc,stats       ] Pause Final Mark (N)              55236 us
[900.532s][info][gc,stats       ]   Finish Queues                     166 us
[900.532s][info][gc,stats       ]   System Purge                      233 us
[900.532s][info][gc,stats       ]     Unload Classes                  160 us
[900.532s][info][gc,stats       ]     Cleanup                       50590 us, parallelism: 1.57x
[900.532s][info][gc,stats       ]       CU: <total>                 79454 us
[900.532s][info][gc,stats       ]       CU: Code Cache Roots        58146 us, workers (us): 9608, 9587, 9786, 9987, 9670, 9509, ---, ---, ---, ---, ---, ---, ---, ---, ---, ---, ---, ---, ---, ---, ---, ---, ---, ---, 
[900.532s][info][gc,stats       ]       CU: Code Cache Cleaning      4576 us, workers (us): 729, 900, 729, 756, 731, 730, ---, ---, ---, ---, ---, ---, ---, ---, ---, ---, ---, ---, ---, ---, ---, ---, ---, ---, 
[900.532s][info][gc,stats       ]       CU: String Table Roots       5606 us, workers (us): 1025, 1042, 842, 635, 953, 1110, ---, ---, ---, ---, ---, ---, ---, ---, ---, ---, ---, ---, ---, ---, ---, ---, ---, ---, 
[900.532s][info][gc,stats       ]       CU: Resolved Table Roots       30 us, workers (us):   0,   0,   0,  29,   0,   0, ---, ---, ---, ---, ---, ---, ---, ---, ---, ---, ---, ---, ---, ---, ---, ---, ---, ---, 
[900.532s][info][gc,stats       ]       CU: CLDG Roots              11096 us, workers (us): 1916, 1742, 1863, 1848, 1863, 1863, ---, ---, ---, ---, ---, ---, ---, ---, ---, ---, ---, ---, ---, ---, ---, ---, ---, ---, 
[900.532s][info][gc,stats       ]     Weak Roots                      232 us
[900.532s][info][gc,stats       ]     CLDG                              0 us
[900.532s][info][gc,stats       ]   Update Region States               23 us
[900.532s][info][gc,stats       ]   Retire TLABs                       42 us
[900.532s][info][gc,stats       ]   Choose Collection Set             423 us
[900.532s][info][gc,stats       ]   Rebuild Free Set                   15 us
[900.532s][info][gc,stats       ]   Initial Evacuation               3385 us, parallelism: 3.24x
[900.532s][info][gc,stats       ]     E: <total>                    10956 us
[900.532s][info][gc,stats       ]     E: Thread Roots                 281 us, workers (us):   2,   2, 176,  38,   2,  62, ---, ---, ---, ---, ---, ---, ---, ---, ---, ---, ---, ---, ---, ---, ---, ---, ---, ---, 
[900.532s][info][gc,stats       ]     E: Code Cache Roots            8963 us, workers (us): 2035, 1130, 1484, 1132, 1722, 1461, ---, ---, ---, ---, ---, ---, ---, ---, ---, ---, ---, ---, ---, ---, ---, ---, ---, ---, 
[900.532s][info][gc,stats       ]     E: Universe Roots                 5 us, workers (us):   5, ---, ---, ---, ---, ---, ---, ---, ---, ---, ---, ---, ---, ---, ---, ---, ---, ---, ---, ---, ---, ---, ---, ---, 
[900.532s][info][gc,stats       ]     E: JNI Handles Roots              4 us, workers (us): ---,   4, ---, ---, ---, ---, ---, ---, ---, ---, ---, ---, ---, ---, ---, ---, ---, ---, ---, ---, ---, ---, ---, ---, 
[900.532s][info][gc,stats       ]     E: Synchronizer Roots             0 us, workers (us):   0, ---, ---, ---, ---, ---, ---, ---, ---, ---, ---, ---, ---, ---, ---, ---, ---, ---, ---, ---, ---, ---, ---, ---, 
[900.532s][info][gc,stats       ]     E: Management Roots               2 us, workers (us):   2, ---, ---, ---, ---, ---, ---, ---, ---, ---, ---, ---, ---, ---, ---, ---, ---, ---, ---, ---, ---, ---, ---, ---, 
[900.532s][info][gc,stats       ]     E: System Dict Roots             10 us, workers (us):  10, ---, ---, ---, ---, ---, ---, ---, ---, ---, ---, ---, ---, ---, ---, ---, ---, ---, ---, ---, ---, ---, ---, ---, 
[900.532s][info][gc,stats       ]     E: CLDG Roots                  1690 us, workers (us): ---, 1166, ---, 445, ---,  78, ---, ---, ---, ---, ---, ---, ---, ---, ---, ---, ---, ---, ---, ---, ---, ---, ---, ---, 
[900.532s][info][gc,stats       ]     E: JVMTI Roots                    1 us, workers (us): ---,   1, ---, ---, ---, ---, ---, ---, ---, ---, ---, ---, ---, ---, ---, ---, ---, ---, ---, ---, ---, ---, ---, ---, 
[900.532s][info][gc,stats       ] Concurrent Cleanup                21232 us
[900.532s][info][gc,stats       ] Concurrent Evacuation              3750 us
[900.532s][info][gc,stats       ] Pause Init  Update Refs (G)         439 us
[900.532s][info][gc,stats       ] Pause Init  Update Refs (N)         247 us
[900.532s][info][gc,stats       ]   Retire GCLABs                     234 us
[900.532s][info][gc,stats       ] Concurrent Update Refs            16331 us
[900.532s][info][gc,stats       ] Pause Final Update Refs (G)         894 us
[900.532s][info][gc,stats       ] Pause Final Update Refs (N)         199 us
[900.532s][info][gc,stats       ]   Update Roots                      145 us, parallelism: 1.47x
[900.532s][info][gc,stats       ]     UR: <total>                     213 us
[900.532s][info][gc,stats       ]     UR: Thread Roots                213 us, workers (us): 104,  76,  28,   4,   1,   1, ---, ---, ---, ---, ---, ---, ---, ---, ---, ---, ---, ---, ---, ---, ---, ---, ---, ---, 
[900.532s][info][gc,stats       ]   Update Region States               20 us
[900.532s][info][gc,stats       ]   Trash Collection Set                6 us
[900.532s][info][gc,stats       ]   Rebuild Free Set                   15 us
[900.532s][info][gc,stats       ] Concurrent Cleanup                  911 us
[900.532s][info][gc,stats       ] Pacing                           113517 us
[900.532s][info][gc,stats       ] 
[900.532s][info][gc,stats       ] Allocation pacing accrued:
[900.532s][info][gc,stats       ]     114 of   148 ms ( 76.6%): pl.nadoba.jvm.gc.benchmark.App.main()
[900.532s][info][gc,stats       ]     114 of   148 ms ( 76.6%): <total>
[900.532s][info][gc,stats       ]      11 of   148 ms (  7.7%): <average total>
[900.532s][info][gc,stats       ]     114 of   148 ms ( 76.6%): <average non-zero>
[900.532s][info][gc,stats       ] 
[900.532s][info][gc,metaspace   ] Metaspace: 24281K->24281K(1071104K)
[900.532s][info][gc,ergo        ] Pacer for Idle. Initial: 5242K, Alloc Tax Rate: 1.0x
[900.533s][info][gc             ] Trigger: Start next cycle immediately
[900.533s][info][gc,ergo        ] Free: 96375K, Max: 256K regular, 46848K humongous, Frag: 52% external, 4% internal; Reserve: 13312K, Max: 256K
[900.533s][info][gc,start       ] GC(6772) Concurrent reset
[900.533s][info][gc,task        ] GC(6772) Using 6 of 24 workers for concurrent reset
[900.534s][info][gc,ergo        ] GC(6772) Pacer for Reset. Non-Taxable: 256M
[900.534s][info][gc             ] GC(6772) Concurrent reset 0.823ms
[900.535s][info][gc,start       ] GC(6772) Pause Init Mark (process weakrefs)
[900.535s][info][gc,task        ] GC(6772) Using 6 of 24 workers for init marking
[900.538s][info][gc,ergo        ] GC(6772) Pacer for Mark. Expected Live: 11482K, Free: 96375K, Non-Taxable: 9637K, Alloc Tax Rate: 0.1x
[900.538s][info][gc             ] GC(6772) Pause Init Mark (process weakrefs) 3.605ms
[900.538s][info][gc,start       ] GC(6772) Concurrent marking (process weakrefs)
[900.538s][info][gc,task        ] GC(6772) Using 6 of 24 workers for concurrent marking
[900.604s][info][gc             ] GC(6772) Concurrent marking (process weakrefs) 66.061ms
[900.604s][info][gc,start       ] GC(6772) Concurrent precleaning
[900.604s][info][gc,task        ] GC(6772) Using 1 of 24 workers for concurrent preclean
[900.604s][info][gc,ergo        ] GC(6772) Pacer for Precleaning. Non-Taxable: 256M
[900.607s][info][gc             ] GC(6772) Concurrent precleaning 2.307ms
[900.607s][info][gc,start       ] GC(6772) Pause Final Mark (process weakrefs)
[900.607s][info][gc,task        ] GC(6772) Using 6 of 24 workers for final marking
[900.608s][info][gc,ergo        ] GC(6772) Collectable Garbage: 128M (100%), Immediate: 127M (98%), CSet: 1504K (1%)
[900.611s][info][gc,ergo        ] GC(6772) Pacer for Evacuation. Used CSet: 5363K, Free: 163M, Non-Taxable: 16701K, Alloc Tax Rate: 1.1x
[900.611s][info][gc             ] GC(6772) Pause Final Mark (process weakrefs) 4.126ms
[900.611s][info][gc,start       ] GC(6772) Concurrent cleanup
[900.630s][info][gc             ] GC(6772) Concurrent cleanup 204M->98M(256M) 18.422ms
[900.630s][info][gc,ergo        ] GC(6772) Free: 141M, Max: 256K regular, 70656K humongous, Frag: 52% external, 2% internal; Reserve: 12511K, Max: 256K
[900.630s][info][gc,start       ] GC(6772) Concurrent evacuation
[900.630s][info][gc,task        ] GC(6772) Using 6 of 24 workers for concurrent evacuation
[900.632s][info][gc             ] GC(6772) Concurrent evacuation 2.635ms
[900.632s][info][gc,start       ] GC(6772) Pause Init Update Refs
[900.633s][info][gc,ergo        ] GC(6772) Pacer for Update Refs. Used: 102M, Free: 141M, Non-Taxable: 14525K, Alloc Tax Rate: 1.1x
[900.633s][info][gc             ] GC(6772) Pause Init Update Refs 0.338ms
[900.633s][info][gc,start       ] GC(6772) Concurrent update references
[900.633s][info][gc,task        ] GC(6772) Using 6 of 24 workers for concurrent reference update
[900.649s][info][gc             ] GC(6772) Concurrent update references 15.836ms
[900.649s][info][gc,start       ] GC(6772) Pause Final Update Refs
[900.649s][info][gc,task        ] GC(6772) Using 6 of 24 workers for final reference update
[900.649s][info][gc             ] GC(6772) Pause Final Update Refs 0.263ms
[900.649s][info][gc,start       ] GC(6772) Concurrent cleanup
[900.650s][info][gc             ] GC(6772) Concurrent cleanup 144M->145M(256M) 0.837ms
[900.650s][info][gc             ] GC(6772) Dat log --- cycle is complete
Current gc epoch: 5491
heap: ______
capacity: 268435456
used: 152196400
committed: 268435456
bytes_allocated_since_gc_start: 142869008
hot_size: 0
cold_size: 3454868
num_regions: 1024
hot_region_count: 18446744073709406242
cold_region_count: 145394
histogram: Placeholder

[900.650s][info][gc             ] GC(6772) Obj count ac histogram
[900.650s][info][gc             ] GC(6772) 	0: 213022
[900.650s][info][gc             ] GC(6772) 	1: 15
[900.650s][info][gc             ] GC(6772) 	2: 3750
[900.650s][info][gc             ] GC(6772) 	3: 3933
[900.650s][info][gc             ] GC(6772) 	4: 873
[900.650s][info][gc             ] GC(6772) 	5: 15
[900.650s][info][gc             ] GC(6772) 	6: 0
[900.650s][info][gc             ] GC(6772) 	7: 0
[900.650s][info][gc             ] GC(6772) 	8: 0
[900.650s][info][gc             ] GC(6772) 	9: 0
[900.650s][info][gc             ] GC(6772) 	10: 0
[900.650s][info][gc             ] GC(6772) 	11: 0
[900.650s][info][gc             ] GC(6772) 	12: 0
[900.650s][info][gc             ] GC(6772) 	13: 0
[900.650s][info][gc             ] GC(6772) 	14: 0
[900.650s][info][gc             ] GC(6772) 	15: 0
[900.650s][info][gc             ] GC(6772) 	16: 0
[900.650s][info][gc             ] GC(6772) 	17: 0
[900.650s][info][gc             ] GC(6772) 	18: 0
[900.650s][info][gc             ] GC(6772) 	19: 0
[900.650s][info][gc             ] GC(6772) Obj size ac histogram
[900.650s][info][gc             ] GC(6772) 	0: 2042891
[900.650s][info][gc             ] GC(6772) 	1: 720
[900.650s][info][gc             ] GC(6772) 	2: 51989
[900.650s][info][gc             ] GC(6772) 	3: 34716
[900.650s][info][gc             ] GC(6772) 	4: 5395
[900.650s][info][gc             ] GC(6772) 	5: 150
[900.650s][info][gc             ] GC(6772) 	6: 0
[900.650s][info][gc             ] GC(6772) 	7: 0
[900.650s][info][gc             ] GC(6772) 	8: 0
[900.650s][info][gc             ] GC(6772) 	9: 0
[900.650s][info][gc             ] GC(6772) 	10: 0
[900.650s][info][gc             ] GC(6772) 	11: 0
[900.650s][info][gc             ] GC(6772) 	12: 0
[900.650s][info][gc             ] GC(6772) 	13: 0
[900.650s][info][gc             ] GC(6772) 	14: 0
[900.650s][info][gc             ] GC(6772) 	15: 0
[900.650s][info][gc             ] GC(6772) 	16: 0
[900.650s][info][gc             ] GC(6772) 	17: 0
[900.650s][info][gc             ] GC(6772) 	18: 0
[900.650s][info][gc             ] GC(6772) 	19: 0
[900.651s][info][gc,ergo        ] Free: 94059K, Max: 256K regular, 28416K humongous, Frag: 70% external, 4% internal; Reserve: 13312K, Max: 256K
[900.651s][info][gc,stats       ] 
[900.651s][info][gc,stats       ] All times are wall-clock times, except per-root-class counters, that are sum over
[900.651s][info][gc,stats       ] all workers. Dividing the <total> over the root stage time estimates parallelism.
[900.651s][info][gc,stats       ] 
[900.651s][info][gc,stats       ] Concurrent Reset                    806 us
[900.651s][info][gc,stats       ] Pause Init Mark (G)                3929 us
[900.651s][info][gc,stats       ] Pause Init Mark (N)                3581 us
[900.651s][info][gc,stats       ]   Accumulate Stats                    5 us
[900.651s][info][gc,stats       ]   Make Parsable                      44 us
[900.651s][info][gc,stats       ]   Update Region States               11 us
[900.651s][info][gc,stats       ]   Scan Roots                       2875 us, parallelism: 1.64x
[900.651s][info][gc,stats       ]     S: <total>                     4712 us
[900.651s][info][gc,stats       ]     S: Thread Roots                 527 us, workers (us):   1,   1, 137,   1, 292,  95, ---, ---, ---, ---, ---, ---, ---, ---, ---, ---, ---, ---, ---, ---, ---, ---, ---, ---, 
[900.651s][info][gc,stats       ]     S: Universe Roots                36 us, workers (us):  36, ---, ---, ---, ---, ---, ---, ---, ---, ---, ---, ---, ---, ---, ---, ---, ---, ---, ---, ---, ---, ---, ---, ---, 
[900.651s][info][gc,stats       ]     S: JNI Handles Roots             40 us, workers (us): ---,  40, ---, ---, ---, ---, ---, ---, ---, ---, ---, ---, ---, ---, ---, ---, ---, ---, ---, ---, ---, ---, ---, ---, 
[900.651s][info][gc,stats       ]     S: Synchronizer Roots             1 us, workers (us): ---, ---,   1, ---, ---, ---, ---, ---, ---, ---, ---, ---, ---, ---, ---, ---, ---, ---, ---, ---, ---, ---, ---, ---, 
[900.651s][info][gc,stats       ]     S: Management Roots               3 us, workers (us): ---,   3, ---, ---, ---, ---, ---, ---, ---, ---, ---, ---, ---, ---, ---, ---, ---, ---, ---, ---, ---, ---, ---, ---, 
[900.651s][info][gc,stats       ]     S: System Dict Roots             63 us, workers (us): ---, ---,  63, ---, ---, ---, ---, ---, ---, ---, ---, ---, ---, ---, ---, ---, ---, ---, ---, ---, ---, ---, ---, ---, 
[900.651s][info][gc,stats       ]     S: CLDG Roots                  4041 us, workers (us): 2707, 174, ---, 1160, ---, ---, ---, ---, ---, ---, ---, ---, ---, ---, ---, ---, ---, ---, ---, ---, ---, ---, ---, ---, 
[900.651s][info][gc,stats       ]     S: JVMTI Roots                    1 us, workers (us): ---,   1, ---, ---, ---, ---, ---, ---, ---, ---, ---, ---, ---, ---, ---, ---, ---, ---, ---, ---, ---, ---, ---, ---, 
[900.651s][info][gc,stats       ]   Resize TLABs                        7 us
[900.651s][info][gc,stats       ] Concurrent Marking                66010 us
[900.651s][info][gc,stats       ] Concurrent Precleaning             2283 us
[900.651s][info][gc,stats       ] Pause Final Mark (G)               4420 us
[900.651s][info][gc,stats       ] Pause Final Mark (N)               4077 us
[900.651s][info][gc,stats       ]   Finish Queues                     169 us
[900.651s][info][gc,stats       ]   Weak References                    38 us
[900.651s][info][gc,stats       ]     Process                          22 us
[900.651s][info][gc,stats       ]   System Purge                      157 us
[900.651s][info][gc,stats       ]     Weak Roots                      156 us
[900.651s][info][gc,stats       ]   Update Region States               30 us
[900.651s][info][gc,stats       ]   Retire TLABs                       42 us
[900.651s][info][gc,stats       ]   Choose Collection Set             479 us
[900.651s][info][gc,stats       ]   Rebuild Free Set                   28 us
[900.651s][info][gc,stats       ]   Initial Evacuation               3111 us, parallelism: 1.59x
[900.651s][info][gc,stats       ]     E: <total>                     4949 us
[900.651s][info][gc,stats       ]     E: Thread Roots                 170 us, workers (us):   1,   1,   1,  64, 102,   1, ---, ---, ---, ---, ---, ---, ---, ---, ---, ---, ---, ---, ---, ---, ---, ---, ---, ---, 
[900.651s][info][gc,stats       ]     E: Code Cache Roots            3586 us, workers (us): 812, 840, 883, 351,   0, 699, ---, ---, ---, ---, ---, ---, ---, ---, ---, ---, ---, ---, ---, ---, ---, ---, ---, ---, 
[900.651s][info][gc,stats       ]     E: Universe Roots                 6 us, workers (us):   6, ---, ---, ---, ---, ---, ---, ---, ---, ---, ---, ---, ---, ---, ---, ---, ---, ---, ---, ---, ---, ---, ---, ---, 
[900.651s][info][gc,stats       ]     E: JNI Handles Roots              2 us, workers (us):   2, ---, ---, ---, ---, ---, ---, ---, ---, ---, ---, ---, ---, ---, ---, ---, ---, ---, ---, ---, ---, ---, ---, ---, 
[900.651s][info][gc,stats       ]     E: Synchronizer Roots             1 us, workers (us): ---, ---,   1, ---, ---, ---, ---, ---, ---, ---, ---, ---, ---, ---, ---, ---, ---, ---, ---, ---, ---, ---, ---, ---, 
[900.651s][info][gc,stats       ]     E: Management Roots               4 us, workers (us): ---,   4, ---, ---, ---, ---, ---, ---, ---, ---, ---, ---, ---, ---, ---, ---, ---, ---, ---, ---, ---, ---, ---, ---, 
[900.651s][info][gc,stats       ]     E: System Dict Roots             15 us, workers (us): ---, ---,  15, ---, ---, ---, ---, ---, ---, ---, ---, ---, ---, ---, ---, ---, ---, ---, ---, ---, ---, ---, ---, ---, 
[900.651s][info][gc,stats       ]     E: CLDG Roots                  1164 us, workers (us): ---, ---, 123, 357, 683, ---, ---, ---, ---, ---, ---, ---, ---, ---, ---, ---, ---, ---, ---, ---, ---, ---, ---, ---, 
[900.651s][info][gc,stats       ]     E: JVMTI Roots                    1 us, workers (us): ---, ---, ---,   1, ---, ---, ---, ---, ---, ---, ---, ---, ---, ---, ---, ---, ---, ---, ---, ---, ---, ---, ---, ---, 
[900.651s][info][gc,stats       ] Concurrent Cleanup                18371 us
[900.651s][info][gc,stats       ] Concurrent Evacuation              2624 us
[900.651s][info][gc,stats       ] Pause Init  Update Refs (G)         566 us
[900.651s][info][gc,stats       ] Pause Init  Update Refs (N)         298 us
[900.651s][info][gc,stats       ]   Retire GCLABs                     273 us
[900.651s][info][gc,stats       ] Concurrent Update Refs            15806 us
[900.651s][info][gc,stats       ] Pause Final Update Refs (G)         695 us
[900.651s][info][gc,stats       ] Pause Final Update Refs (N)         216 us
[900.651s][info][gc,stats       ]   Update Roots                      122 us, parallelism: 1.07x
[900.651s][info][gc,stats       ]     UR: <total>                     131 us
[900.651s][info][gc,stats       ]     UR: Thread Roots                131 us, workers (us):  48,  25,  21,   6,  29,   2, ---, ---, ---, ---, ---, ---, ---, ---, ---, ---, ---, ---, ---, ---, ---, ---, ---, ---, 
[900.651s][info][gc,stats       ]   Update Region States               25 us
[900.651s][info][gc,stats       ]   Trash Collection Set                9 us
[900.651s][info][gc,stats       ]   Rebuild Free Set                   28 us
[900.651s][info][gc,stats       ] Concurrent Cleanup                  820 us
[900.651s][info][gc,stats       ] Pacing                            80937 us
[900.651s][info][gc,stats       ] 
[900.651s][info][gc,stats       ] Allocation pacing accrued:
[900.651s][info][gc,stats       ]      81 of   119 ms ( 68.1%): pl.nadoba.jvm.gc.benchmark.App.main()
[900.651s][info][gc,stats       ]      81 of   119 ms ( 68.1%): <total>
[900.651s][info][gc,stats       ]       8 of   119 ms (  6.8%): <average total>
[900.651s][info][gc,stats       ]      81 of   119 ms ( 68.1%): <average non-zero>
[900.651s][info][gc,stats       ] 
[900.651s][info][gc,metaspace   ] Metaspace: 24281K->24281K(1071104K)
[900.651s][info][gc,ergo        ] Pacer for Idle. Initial: 5242K, Alloc Tax Rate: 1.0x
[900.652s][info][gc             ] Trigger: Start next cycle immediately
[900.652s][info][gc,ergo        ] Free: 91755K, Max: 256K regular, 28416K humongous, Frag: 69% external, 4% internal; Reserve: 13312K, Max: 256K
[900.652s][info][gc,start       ] GC(6773) Concurrent reset
[900.652s][info][gc,task        ] GC(6773) Using 6 of 24 workers for concurrent reset
[900.652s][info][gc,ergo        ] GC(6773) Pacer for Reset. Non-Taxable: 256M
[900.653s][info][gc             ] GC(6773) Concurrent reset 0.752ms
[900.653s][info][gc,start       ] GC(6773) Pause Init Mark
[900.653s][info][gc,task        ] GC(6773) Using 6 of 24 workers for init marking
[900.657s][info][gc,ergo        ] GC(6773) Pacer for Mark. Expected Live: 12506K, Free: 91755K, Non-Taxable: 9175K, Alloc Tax Rate: 0.2x
[900.657s][info][gc             ] GC(6773) Pause Init Mark 3.417ms
[900.657s][info][gc,start       ] GC(6773) Concurrent marking
[900.657s][info][gc,task        ] GC(6773) Using 6 of 24 workers for concurrent marking
[900.714s][info][gc             ] GC(6773) Concurrent marking 57.335ms
[900.714s][info][gc,start       ] GC(6773) Pause Final Mark
[900.714s][info][gc,task        ] GC(6773) Using 6 of 24 workers for final marking
[900.715s][info][gc,ergo        ] GC(6773) Collectable Garbage: 138M (100%), Immediate: 137M (98%), CSet: 1516K (1%)
[900.718s][info][gc,ergo        ] GC(6773) Pacer for Evacuation. Used CSet: 5376K, Free: 192M, Non-Taxable: 19722K, Alloc Tax Rate: 1.1x
[900.718s][info][gc             ] GC(6773) Pause Final Mark 3.453ms
[900.718s][info][gc,start       ] GC(6773) Concurrent cleanup
[900.737s][info][gc             ] GC(6773) Concurrent cleanup 187M->77M(256M) 19.412ms
[900.737s][info][gc,ergo        ] GC(6773) Free: 164M, Max: 256K regular, 54272K humongous, Frag: 68% external, 1% internal; Reserve: 12670K, Max: 256K
[900.737s][info][gc,start       ] GC(6773) Concurrent evacuation
[900.737s][info][gc,task        ] GC(6773) Using 6 of 24 workers for concurrent evacuation
[900.741s][info][gc             ] GC(6773) Concurrent evacuation 3.481ms
[900.741s][info][gc,start       ] GC(6773) Pause Init Update Refs
[900.741s][info][gc,ergo        ] GC(6773) Pacer for Update Refs. Used: 83090K, Free: 164M, Non-Taxable: 16829K, Alloc Tax Rate: 1.1x
[900.741s][info][gc             ] GC(6773) Pause Init Update Refs 0.229ms
[900.741s][info][gc,start       ] GC(6773) Concurrent update references
[900.741s][info][gc,task        ] GC(6773) Using 6 of 24 workers for concurrent reference update
[900.759s][info][gc             ] GC(6773) Concurrent update references 17.491ms
[900.760s][info][gc,start       ] GC(6773) Pause Final Update Refs
[900.760s][info][gc,task        ] GC(6773) Using 6 of 24 workers for final reference update
[900.760s][info][gc             ] GC(6773) Pause Final Update Refs 0.269ms
[900.760s][info][gc,start       ] GC(6773) Concurrent cleanup
[900.761s][info][gc             ] GC(6773) Concurrent cleanup 140M->134M(256M) 0.974ms
[900.761s][info][gc             ] GC(6773) Dat log --- cycle is complete
Current gc epoch: 5492
heap: ______
capacity: 268435456
used: 141446400
committed: 268435456
bytes_allocated_since_gc_start: 136577552
hot_size: 0
cold_size: 3323792
num_regions: 1024
hot_region_count: 18446744073709406222
cold_region_count: 145413
histogram: Placeholder

[900.761s][info][gc             ] GC(6773) Obj count ac histogram
[900.761s][info][gc             ] GC(6773) 	0: 200553
[900.761s][info][gc             ] GC(6773) 	1: 15
[900.761s][info][gc             ] GC(6773) 	2: 2
[900.761s][info][gc             ] GC(6773) 	3: 0
[900.761s][info][gc             ] GC(6773) 	4: 0
[900.761s][info][gc             ] GC(6773) 	5: 0
[900.761s][info][gc             ] GC(6773) 	6: 0
[900.761s][info][gc             ] GC(6773) 	7: 0
[900.761s][info][gc             ] GC(6773) 	8: 0
[900.761s][info][gc             ] GC(6773) 	9: 0
[900.761s][info][gc             ] GC(6773) 	10: 0
[900.761s][info][gc             ] GC(6773) 	11: 0
[900.761s][info][gc             ] GC(6773) 	12: 0
[900.761s][info][gc             ] GC(6773) 	13: 0
[900.761s][info][gc             ] GC(6773) 	14: 0
[900.761s][info][gc             ] GC(6773) 	15: 0
[900.761s][info][gc             ] GC(6773) 	16: 0
[900.761s][info][gc             ] GC(6773) 	17: 0
[900.761s][info][gc             ] GC(6773) 	18: 0
[900.761s][info][gc             ] GC(6773) 	19: 0
[900.761s][info][gc             ] GC(6773) Obj size ac histogram
[900.761s][info][gc             ] GC(6773) 	0: 2532823
[900.761s][info][gc             ] GC(6773) 	1: 720
[900.761s][info][gc             ] GC(6773) 	2: 14
[900.761s][info][gc             ] GC(6773) 	3: 0
[900.761s][info][gc             ] GC(6773) 	4: 0
[900.761s][info][gc             ] GC(6773) 	5: 0
[900.761s][info][gc             ] GC(6773) 	6: 0
[900.761s][info][gc             ] GC(6773) 	7: 0
[900.761s][info][gc             ] GC(6773) 	8: 0
[900.761s][info][gc             ] GC(6773) 	9: 0
[900.761s][info][gc             ] GC(6773) 	10: 0
[900.761s][info][gc             ] GC(6773) 	11: 0
[900.761s][info][gc             ] GC(6773) 	12: 0
[900.761s][info][gc             ] GC(6773) 	13: 0
[900.761s][info][gc             ] GC(6773) 	14: 0
[900.761s][info][gc             ] GC(6773) 	15: 0
[900.761s][info][gc             ] GC(6773) 	16: 0
[900.761s][info][gc             ] GC(6773) 	17: 0
[900.761s][info][gc             ] GC(6773) 	18: 0
[900.761s][info][gc             ] GC(6773) 	19: 0
[900.761s][info][gc,ergo        ] Free: 101485K, Max: 256K regular, 54528K humongous, Frag: 47% external, 4% internal; Reserve: 13312K, Max: 256K
[900.762s][info][gc,stats       ] 
[900.762s][info][gc,stats       ] All times are wall-clock times, except per-root-class counters, that are sum over
[900.762s][info][gc,stats       ] all workers. Dividing the <total> over the root stage time estimates parallelism.
[900.762s][info][gc,stats       ] 
[900.762s][info][gc,stats       ] Concurrent Reset                    739 us
[900.762s][info][gc,stats       ] Pause Init Mark (G)                3686 us
[900.762s][info][gc,stats       ] Pause Init Mark (N)                3383 us
[900.762s][info][gc,stats       ]   Accumulate Stats                    6 us
[900.762s][info][gc,stats       ]   Make Parsable                      51 us
[900.762s][info][gc,stats       ]   Update Region States               13 us
[900.762s][info][gc,stats       ]   Scan Roots                       2459 us, parallelism: 1.65x
[900.762s][info][gc,stats       ]     S: <total>                     4059 us
[900.762s][info][gc,stats       ]     S: Thread Roots                 331 us, workers (us): 192,  75,  60,   1,   2,   1, ---, ---, ---, ---, ---, ---, ---, ---, ---, ---, ---, ---, ---, ---, ---, ---, ---, ---, 
[900.762s][info][gc,stats       ]     S: Universe Roots                47 us, workers (us):  47, ---, ---, ---, ---, ---, ---, ---, ---, ---, ---, ---, ---, ---, ---, ---, ---, ---, ---, ---, ---, ---, ---, ---, 
[900.762s][info][gc,stats       ]     S: JNI Handles Roots             26 us, workers (us): ---, ---,  26, ---, ---, ---, ---, ---, ---, ---, ---, ---, ---, ---, ---, ---, ---, ---, ---, ---, ---, ---, ---, ---, 
[900.762s][info][gc,stats       ]     S: Synchronizer Roots             0 us, workers (us): ---,   0, ---, ---, ---, ---, ---, ---, ---, ---, ---, ---, ---, ---, ---, ---, ---, ---, ---, ---, ---, ---, ---, ---, 
[900.762s][info][gc,stats       ]     S: Management Roots               1 us, workers (us): ---,   1, ---, ---, ---, ---, ---, ---, ---, ---, ---, ---, ---, ---, ---, ---, ---, ---, ---, ---, ---, ---, ---, ---, 
[900.762s][info][gc,stats       ]     S: System Dict Roots             47 us, workers (us): ---,  47, ---, ---, ---, ---, ---, ---, ---, ---, ---, ---, ---, ---, ---, ---, ---, ---, ---, ---, ---, ---, ---, ---, 
[900.762s][info][gc,stats       ]     S: CLDG Roots                  3607 us, workers (us): ---, ---, ---, 202, 2252, 1153, ---, ---, ---, ---, ---, ---, ---, ---, ---, ---, ---, ---, ---, ---, ---, ---, ---, ---, 
[900.762s][info][gc,stats       ]     S: JVMTI Roots                    1 us, workers (us): ---, ---,   1, ---, ---, ---, ---, ---, ---, ---, ---, ---, ---, ---, ---, ---, ---, ---, ---, ---, ---, ---, ---, ---, 
[900.762s][info][gc,stats       ]   Resize TLABs                        7 us
[900.762s][info][gc,stats       ] Concurrent Marking                57279 us
[900.762s][info][gc,stats       ] Pause Final Mark (G)               3583 us
[900.762s][info][gc,stats       ] Pause Final Mark (N)               3404 us
[900.762s][info][gc,stats       ]   Finish Queues                     173 us
[900.762s][info][gc,stats       ]   System Purge                      232 us
[900.762s][info][gc,stats       ]     Weak Roots                      230 us
[900.762s][info][gc,stats       ]   Update Region States               27 us
[900.762s][info][gc,stats       ]   Retire TLABs                       45 us
[900.762s][info][gc,stats       ]   Choose Collection Set             496 us
[900.762s][info][gc,stats       ]   Rebuild Free Set                   24 us
[900.762s][info][gc,stats       ]   Initial Evacuation               2382 us, parallelism: 1.58x
[900.762s][info][gc,stats       ]     E: <total>                     3762 us
[900.762s][info][gc,stats       ]     E: Thread Roots                 137 us, workers (us):   1,   1, 105,   1,   1,  29, ---, ---, ---, ---, ---, ---, ---, ---, ---, ---, ---, ---, ---, ---, ---, ---, ---, ---, 
[900.762s][info][gc,stats       ]     E: Code Cache Roots            2730 us, workers (us): 707, 630,   0, 355, 547, 491, ---, ---, ---, ---, ---, ---, ---, ---, ---, ---, ---, ---, ---, ---, ---, ---, ---, ---, 
[900.762s][info][gc,stats       ]     E: Universe Roots                 3 us, workers (us):   3, ---, ---, ---, ---, ---, ---, ---, ---, ---, ---, ---, ---, ---, ---, ---, ---, ---, ---, ---, ---, ---, ---, ---, 
[900.762s][info][gc,stats       ]     E: JNI Handles Roots              3 us, workers (us): ---,   3, ---, ---, ---, ---, ---, ---, ---, ---, ---, ---, ---, ---, ---, ---, ---, ---, ---, ---, ---, ---, ---, ---, 
[900.762s][info][gc,stats       ]     E: Synchronizer Roots             0 us, workers (us): ---,   0, ---, ---, ---, ---, ---, ---, ---, ---, ---, ---, ---, ---, ---, ---, ---, ---, ---, ---, ---, ---, ---, ---, 
[900.762s][info][gc,stats       ]     E: Management Roots               2 us, workers (us): ---, ---,   2, ---, ---, ---, ---, ---, ---, ---, ---, ---, ---, ---, ---, ---, ---, ---, ---, ---, ---, ---, ---, ---, 
[900.762s][info][gc,stats       ]     E: System Dict Roots              8 us, workers (us):   8, ---, ---, ---, ---, ---, ---, ---, ---, ---, ---, ---, ---, ---, ---, ---, ---, ---, ---, ---, ---, ---, ---, ---, 
[900.762s][info][gc,stats       ]     E: CLDG Roots                   878 us, workers (us):  55, ---, 429, 394, ---, ---, ---, ---, ---, ---, ---, ---, ---, ---, ---, ---, ---, ---, ---, ---, ---, ---, ---, ---, 
[900.762s][info][gc,stats       ]     E: JVMTI Roots                    1 us, workers (us): ---,   1, ---, ---, ---, ---, ---, ---, ---, ---, ---, ---, ---, ---, ---, ---, ---, ---, ---, ---, ---, ---, ---, ---, 
[900.762s][info][gc,stats       ] Concurrent Cleanup                19367 us
[900.762s][info][gc,stats       ] Concurrent Evacuation              3469 us
[900.762s][info][gc,stats       ] Pause Init  Update Refs (G)         479 us
[900.762s][info][gc,stats       ] Pause Init  Update Refs (N)         198 us
[900.762s][info][gc,stats       ]   Retire GCLABs                     178 us
[900.762s][info][gc,stats       ] Concurrent Update Refs            17475 us
[900.762s][info][gc,stats       ] Pause Final Update Refs (G)        1467 us
[900.762s][info][gc,stats       ] Pause Final Update Refs (N)         226 us
[900.762s][info][gc,stats       ]   Update Roots                      143 us, parallelism: 1.27x
[900.762s][info][gc,stats       ]     UR: <total>                     181 us
[900.762s][info][gc,stats       ]     UR: Thread Roots                181 us, workers (us): 108,  29,  16,  22,   5,   1, ---, ---, ---, ---, ---, ---, ---, ---, ---, ---, ---, ---, ---, ---, ---, ---, ---, ---, 
[900.762s][info][gc,stats       ]   Update Region States               24 us
[900.762s][info][gc,stats       ]   Trash Collection Set               10 us
[900.762s][info][gc,stats       ]   Rebuild Free Set                   28 us
[900.762s][info][gc,stats       ] Concurrent Cleanup                  928 us
[900.762s][info][gc,stats       ] Pacing                            78737 us
[900.762s][info][gc,stats       ] 
[900.762s][info][gc,stats       ] Allocation pacing accrued:
[900.762s][info][gc,stats       ]      79 of   111 ms ( 70.8%): pl.nadoba.jvm.gc.benchmark.App.main()
[900.762s][info][gc,stats       ]      79 of   111 ms ( 70.8%): <total>
[900.762s][info][gc,stats       ]       8 of   111 ms (  7.1%): <average total>
[900.762s][info][gc,stats       ]      79 of   111 ms ( 70.8%): <average non-zero>
[900.762s][info][gc,stats       ] 
[900.762s][info][gc,metaspace   ] Metaspace: 24281K->24281K(1071104K)
[900.762s][info][gc,ergo        ] Pacer for Idle. Initial: 5242K, Alloc Tax Rate: 1.0x
[900.763s][info][gc             ] Trigger: Start next cycle immediately
[900.763s][info][gc,ergo        ] Free: 91757K, Max: 256K regular, 54528K humongous, Frag: 41% external, 4% internal; Reserve: 13312K, Max: 256K
[900.763s][info][gc,start       ] GC(6774) Concurrent reset
[900.763s][info][gc,task        ] GC(6774) Using 6 of 24 workers for concurrent reset
[900.763s][info][gc,ergo        ] GC(6774) Pacer for Reset. Non-Taxable: 256M
[900.764s][info][gc             ] GC(6774) Concurrent reset 0.771ms
[900.765s][info][gc,start       ] GC(6774) Pause Init Mark (process weakrefs) (unload classes)
[900.765s][info][gc,task        ] GC(6774) Using 6 of 24 workers for init marking
[900.767s][info][gc,ergo        ] GC(6774) Pacer for Mark. Expected Live: 12506K, Free: 87405K, Non-Taxable: 8740K, Alloc Tax Rate: 0.2x
[900.767s][info][gc             ] GC(6774) Pause Init Mark (process weakrefs) (unload classes) 1.988ms
[900.767s][info][gc,start       ] GC(6774) Concurrent marking (process weakrefs) (unload classes)
[900.767s][info][gc,task        ] GC(6774) Using 6 of 24 workers for concurrent marking
[900.834s][info][gc             ] GC(6774) Concurrent marking (process weakrefs) (unload classes) 67.002ms
[900.834s][info][gc,start       ] GC(6774) Concurrent precleaning
[900.834s][info][gc,task        ] GC(6774) Using 1 of 24 workers for concurrent preclean
[900.834s][info][gc,ergo        ] GC(6774) Pacer for Precleaning. Non-Taxable: 256M
[900.836s][info][gc             ] GC(6774) Concurrent precleaning 1.790ms
[900.837s][info][gc,start       ] GC(6774) Pause Final Mark (process weakrefs) (unload classes)
[900.837s][info][gc,task        ] GC(6774) Using 6 of 24 workers for final marking
[900.891s][info][gc,stringtable ] GC(6774) Cleaned string and symbol table, strings: 8172 processed, 0 removed, symbols: 68000 processed, 0 removed
[900.892s][info][gc,ergo        ] GC(6774) Collectable Garbage: 139M (100%), Immediate: 138M (99%), CSet: 1258K (0%)
[900.894s][info][gc,ergo        ] GC(6774) Pacer for Evacuation. Used CSet: 5118K, Free: 165M, Non-Taxable: 16932K, Alloc Tax Rate: 1.1x
[900.894s][info][gc             ] GC(6774) Pause Final Mark (process weakrefs) (unload classes) 57.272ms
[900.894s][info][gc,start       ] GC(6774) Concurrent cleanup
[900.914s][info][gc             ] GC(6774) Concurrent cleanup 213M->97M(256M) 20.136ms
[900.914s][info][gc,ergo        ] GC(6774) Free: 142M, Max: 256K regular, 76032K humongous, Frag: 48% external, 1% internal; Reserve: 12670K, Max: 256K
[900.914s][info][gc,start       ] GC(6774) Concurrent evacuation
[900.914s][info][gc,task        ] GC(6774) Using 6 of 24 workers for concurrent evacuation
[900.918s][info][gc             ] GC(6774) Concurrent evacuation 3.460ms
[900.918s][info][gc,start       ] GC(6774) Pause Init Update Refs
[900.918s][info][gc,ergo        ] GC(6774) Pacer for Update Refs. Used: 101M, Free: 142M, Non-Taxable: 14551K, Alloc Tax Rate: 1.1x
[900.918s][info][gc             ] GC(6774) Pause Init Update Refs 0.237ms
[900.918s][info][gc,start       ] GC(6774) Concurrent update references
[900.918s][info][gc,task        ] GC(6774) Using 6 of 24 workers for concurrent reference update
[900.935s][info][gc             ] GC(6774) Concurrent update references 16.646ms
[900.936s][info][gc,start       ] GC(6774) Pause Final Update Refs
[900.936s][info][gc,task        ] GC(6774) Using 6 of 24 workers for final reference update
[900.936s][info][gc             ] GC(6774) Pause Final Update Refs 0.252ms
[900.936s][info][gc,start       ] GC(6774) Concurrent cleanup
[900.937s][info][gc             ] GC(6774) Concurrent cleanup 160M->155M(256M) 0.840ms
[900.937s][info][gc             ] GC(6774) Dat log --- cycle is complete
Current gc epoch: 5493
heap: ______
capacity: 268435456
used: 163443664
committed: 268435456
bytes_allocated_since_gc_start: 160694800
hot_size: 0
cold_size: 3133324
num_regions: 1024
hot_region_count: 18446744073709406203
cold_region_count: 145432
histogram: Placeholder

[900.937s][info][gc             ] GC(6774) Obj count ac histogram
[900.937s][info][gc             ] GC(6774) 	0: 210485
[900.937s][info][gc             ] GC(6774) 	1: 15
[900.937s][info][gc             ] GC(6774) 	2: 4283
[900.937s][info][gc             ] GC(6774) 	3: 4380
[900.937s][info][gc             ] GC(6774) 	4: 883
[900.937s][info][gc             ] GC(6774) 	5: 15
[900.937s][info][gc             ] GC(6774) 	6: 0
[900.937s][info][gc             ] GC(6774) 	7: 0
[900.937s][info][gc             ] GC(6774) 	8: 0
[900.937s][info][gc             ] GC(6774) 	9: 0
[900.937s][info][gc             ] GC(6774) 	10: 0
[900.937s][info][gc             ] GC(6774) 	11: 0
[900.937s][info][gc             ] GC(6774) 	12: 0
[900.937s][info][gc             ] GC(6774) 	13: 0
[900.937s][info][gc             ] GC(6774) 	14: 0
[900.937s][info][gc             ] GC(6774) 	15: 0
[900.937s][info][gc             ] GC(6774) 	16: 0
[900.937s][info][gc             ] GC(6774) 	17: 0
[900.937s][info][gc             ] GC(6774) 	18: 0
[900.937s][info][gc             ] GC(6774) 	19: 0
[900.937s][info][gc             ] GC(6774) Obj size ac histogram
[900.937s][info][gc             ] GC(6774) 	0: 2314646
[900.937s][info][gc             ] GC(6774) 	1: 720
[900.937s][info][gc             ] GC(6774) 	2: 55483
[900.937s][info][gc             ] GC(6774) 	3: 40834
[900.937s][info][gc             ] GC(6774) 	4: 5464
[900.937s][info][gc             ] GC(6774) 	5: 150
[900.937s][info][gc             ] GC(6774) 	6: 0
[900.937s][info][gc             ] GC(6774) 	7: 0
[900.937s][info][gc             ] GC(6774) 	8: 0
[900.937s][info][gc             ] GC(6774) 	9: 0
[900.937s][info][gc             ] GC(6774) 	10: 0
[900.937s][info][gc             ] GC(6774) 	11: 0
[900.937s][info][gc             ] GC(6774) 	12: 0
[900.937s][info][gc             ] GC(6774) 	13: 0
[900.937s][info][gc             ] GC(6774) 	14: 0
[900.937s][info][gc             ] GC(6774) 	15: 0
[900.937s][info][gc             ] GC(6774) 	16: 0
[900.937s][info][gc             ] GC(6774) 	17: 0
[900.937s][info][gc             ] GC(6774) 	18: 0
[900.937s][info][gc             ] GC(6774) 	19: 0
[900.937s][info][gc,ergo        ] Free: 72835K, Max: 256K regular, 31232K humongous, Frag: 57% external, 5% internal; Reserve: 13312K, Max: 256K
[900.937s][info][gc,stats       ] 
[900.937s][info][gc,stats       ] All times are wall-clock times, except per-root-class counters, that are sum over
[900.937s][info][gc,stats       ] all workers. Dividing the <total> over the root stage time estimates parallelism.
[900.937s][info][gc,stats       ] 
[900.937s][info][gc,stats       ] Concurrent Reset                    755 us
[900.937s][info][gc,stats       ] Pause Init Mark (G)                2852 us
[900.937s][info][gc,stats       ] Pause Init Mark (N)                1946 us
[900.937s][info][gc,stats       ]   Accumulate Stats                    6 us
[900.937s][info][gc,stats       ]   Make Parsable                      50 us
[900.937s][info][gc,stats       ]   Update Region States               14 us
[900.937s][info][gc,stats       ]   Scan Roots                       1072 us, parallelism: 1.40x
[900.937s][info][gc,stats       ]     S: <total>                     1504 us
[900.937s][info][gc,stats       ]     S: Thread Roots                 440 us, workers (us):  48,  46, 224,  85,   1,  35, ---, ---, ---, ---, ---, ---, ---, ---, ---, ---, ---, ---, ---, ---, ---, ---, ---, ---, 
[900.937s][info][gc,stats       ]     S: Universe Roots                43 us, workers (us):  43, ---, ---, ---, ---, ---, ---, ---, ---, ---, ---, ---, ---, ---, ---, ---, ---, ---, ---, ---, ---, ---, ---, ---, 
[900.937s][info][gc,stats       ]     S: JNI Handles Roots             27 us, workers (us): ---, ---, ---,  27, ---, ---, ---, ---, ---, ---, ---, ---, ---, ---, ---, ---, ---, ---, ---, ---, ---, ---, ---, ---, 
[900.937s][info][gc,stats       ]     S: Synchronizer Roots             1 us, workers (us): ---,   1, ---, ---, ---, ---, ---, ---, ---, ---, ---, ---, ---, ---, ---, ---, ---, ---, ---, ---, ---, ---, ---, ---, 
[900.937s][info][gc,stats       ]     S: Management Roots               3 us, workers (us): ---,   3, ---, ---, ---, ---, ---, ---, ---, ---, ---, ---, ---, ---, ---, ---, ---, ---, ---, ---, ---, ---, ---, ---, 
[900.937s][info][gc,stats       ]     S: System Dict Roots             48 us, workers (us): ---,  48, ---, ---, ---, ---, ---, ---, ---, ---, ---, ---, ---, ---, ---, ---, ---, ---, ---, ---, ---, ---, ---, ---, 
[900.937s][info][gc,stats       ]     S: CLDG Roots                   943 us, workers (us): ---, ---,  12, ---, 919,  12, ---, ---, ---, ---, ---, ---, ---, ---, ---, ---, ---, ---, ---, ---, ---, ---, ---, ---, 
[900.937s][info][gc,stats       ]     S: JVMTI Roots                    1 us, workers (us): ---, ---,   1, ---, ---, ---, ---, ---, ---, ---, ---, ---, ---, ---, ---, ---, ---, ---, ---, ---, ---, ---, ---, ---, 
[900.937s][info][gc,stats       ]   Resize TLABs                        5 us
[900.937s][info][gc,stats       ] Concurrent Marking                66951 us
[900.937s][info][gc,stats       ] Concurrent Precleaning             1768 us
[900.937s][info][gc,stats       ] Pause Final Mark (G)              58322 us
[900.937s][info][gc,stats       ] Pause Final Mark (N)              57227 us
[900.937s][info][gc,stats       ]   Finish Queues                     196 us
[900.937s][info][gc,stats       ]   Weak References                    40 us
[900.937s][info][gc,stats       ]     Process                          31 us
[900.937s][info][gc,stats       ]   System Purge                      191 us
[900.937s][info][gc,stats       ]     Unload Classes                   91 us
[900.937s][info][gc,stats       ]     Cleanup                       53731 us, parallelism: 1.87x
[900.937s][info][gc,stats       ]       CU: <total>                100455 us
[900.937s][info][gc,stats       ]       CU: Code Cache Roots        75931 us, workers (us): 12461, 12461, 12462, 12560, 12420, 13568, ---, ---, ---, ---, ---, ---, ---, ---, ---, ---, ---, ---, ---, ---, ---, ---, ---, ---, 
[900.937s][info][gc,stats       ]       CU: Code Cache Cleaning      8230 us, workers (us): 1448, 1448, 1452, 1449, 1440, 994, ---, ---, ---, ---, ---, ---, ---, ---, ---, ---, ---, ---, ---, ---, ---, ---, ---, ---, 
[900.937s][info][gc,stats       ]       CU: String Table Roots       3545 us, workers (us): 732, 730, 725, 620, 737,   1, ---, ---, ---, ---, ---, ---, ---, ---, ---, ---, ---, ---, ---, ---, ---, ---, ---, ---, 
[900.937s][info][gc,stats       ]       CU: Resolved Table Roots       14 us, workers (us):   0,   0,   0,   0,  13,   0, ---, ---, ---, ---, ---, ---, ---, ---, ---, ---, ---, ---, ---, ---, ---, ---, ---, ---, 
[900.937s][info][gc,stats       ]       CU: CLDG Roots              12734 us, workers (us): 2108, 2139, 2147, 2136, 2074, 2130, ---, ---, ---, ---, ---, ---, ---, ---, ---, ---, ---, ---, ---, ---, ---, ---, ---, ---, 
[900.937s][info][gc,stats       ]     Weak Roots                      190 us
[900.937s][info][gc,stats       ]     CLDG                              1 us
[900.937s][info][gc,stats       ]   Update Region States               23 us
[900.937s][info][gc,stats       ]   Retire TLABs                       43 us
[900.937s][info][gc,stats       ]   Choose Collection Set             382 us
[900.937s][info][gc,stats       ]   Rebuild Free Set                   15 us
[900.937s][info][gc,stats       ]   Initial Evacuation               2326 us, parallelism: 2.24x
[900.937s][info][gc,stats       ]     E: <total>                     5207 us
[900.938s][info][gc,stats       ]     E: Thread Roots                 150 us, workers (us):  45, 100,   1,   1,   1,   2, ---, ---, ---, ---, ---, ---, ---, ---, ---, ---, ---, ---, ---, ---, ---, ---, ---, ---, 
[900.938s][info][gc,stats       ]     E: Code Cache Roots            3944 us, workers (us): 341, 675, 930, 819, 399, 781, ---, ---, ---, ---, ---, ---, ---, ---, ---, ---, ---, ---, ---, ---, ---, ---, ---, ---, 
[900.938s][info][gc,stats       ]     E: Universe Roots                 2 us, workers (us):   2, ---, ---, ---, ---, ---, ---, ---, ---, ---, ---, ---, ---, ---, ---, ---, ---, ---, ---, ---, ---, ---, ---, ---, 
[900.938s][info][gc,stats       ]     E: JNI Handles Roots              1 us, workers (us):   1, ---, ---, ---, ---, ---, ---, ---, ---, ---, ---, ---, ---, ---, ---, ---, ---, ---, ---, ---, ---, ---, ---, ---, 
[900.938s][info][gc,stats       ]     E: Synchronizer Roots             0 us, workers (us):   0, ---, ---, ---, ---, ---, ---, ---, ---, ---, ---, ---, ---, ---, ---, ---, ---, ---, ---, ---, ---, ---, ---, ---, 
[900.938s][info][gc,stats       ]     E: Management Roots               2 us, workers (us):   2, ---, ---, ---, ---, ---, ---, ---, ---, ---, ---, ---, ---, ---, ---, ---, ---, ---, ---, ---, ---, ---, ---, ---, 
[900.938s][info][gc,stats       ]     E: System Dict Roots              7 us, workers (us):   7, ---, ---, ---, ---, ---, ---, ---, ---, ---, ---, ---, ---, ---, ---, ---, ---, ---, ---, ---, ---, ---, ---, ---, 
[900.938s][info][gc,stats       ]     E: CLDG Roots                  1088 us, workers (us): 402, ---, ---,  66, 620, ---, ---, ---, ---, ---, ---, ---, ---, ---, ---, ---, ---, ---, ---, ---, ---, ---, ---, ---, 
[900.938s][info][gc,stats       ]     E: JVMTI Roots                   12 us, workers (us): ---,  12, ---, ---, ---, ---, ---, ---, ---, ---, ---, ---, ---, ---, ---, ---, ---, ---, ---, ---, ---, ---, ---, ---, 
[900.938s][info][gc,stats       ] Concurrent Cleanup                20088 us
[900.938s][info][gc,stats       ] Concurrent Evacuation              3448 us
[900.938s][info][gc,stats       ] Pause Init  Update Refs (G)         442 us
[900.938s][info][gc,stats       ] Pause Init  Update Refs (N)         192 us
[900.938s][info][gc,stats       ]   Retire GCLABs                     176 us
[900.938s][info][gc,stats       ] Concurrent Update Refs            16628 us
[900.938s][info][gc,stats       ] Pause Final Update Refs (G)         735 us
[900.938s][info][gc,stats       ] Pause Final Update Refs (N)         222 us
[900.938s][info][gc,stats       ]   Update Roots                      164 us, parallelism: 1.34x
[900.938s][info][gc,stats       ]     UR: <total>                     220 us
[900.938s][info][gc,stats       ]     UR: Thread Roots                220 us, workers (us):  85,  24,  47,  28,  31,   5, ---, ---, ---, ---, ---, ---, ---, ---, ---, ---, ---, ---, ---, ---, ---, ---, ---, ---, 
[900.938s][info][gc,stats       ]   Update Region States               22 us
[900.938s][info][gc,stats       ]   Trash Collection Set                7 us
[900.938s][info][gc,stats       ]   Rebuild Free Set                   15 us
[900.938s][info][gc,stats       ] Concurrent Cleanup                  820 us
[900.938s][info][gc,stats       ] Pacing                            77284 us
[900.938s][info][gc,stats       ] 
[900.938s][info][gc,stats       ] Allocation pacing accrued:
[900.938s][info][gc,stats       ]      77 of   176 ms ( 44.0%): pl.nadoba.jvm.gc.benchmark.App.main()
[900.938s][info][gc,stats       ]      77 of   176 ms ( 44.0%): <total>
[900.938s][info][gc,stats       ]       8 of   176 ms (  4.4%): <average total>
[900.938s][info][gc,stats       ]      77 of   176 ms ( 44.0%): <average non-zero>
[900.938s][info][gc,stats       ] 
[900.938s][info][gc,metaspace   ] Metaspace: 24281K->24281K(1071104K)
[900.938s][info][gc,ergo        ] Pacer for Idle. Initial: 5242K, Alloc Tax Rate: 1.0x
[900.939s][info][gc             ] Trigger: Start next cycle immediately
[900.939s][info][gc,ergo        ] Free: 68483K, Max: 256K regular, 26880K humongous, Frag: 61% external, 5% internal; Reserve: 13312K, Max: 256K
[900.939s][info][gc,start       ] GC(6775) Concurrent reset
[900.939s][info][gc,task        ] GC(6775) Using 6 of 24 workers for concurrent reset
[900.939s][info][gc,ergo        ] GC(6775) Pacer for Reset. Non-Taxable: 256M
[900.940s][info][gc             ] GC(6775) Concurrent reset 0.838ms
[900.940s][info][gc,start       ] GC(6775) Pause Init Mark (process weakrefs) (unload classes)
[900.940s][info][gc,task        ] GC(6775) Using 6 of 24 workers for init marking
[900.941s][info][gc,ergo        ] GC(6775) Pacer for Mark. Expected Live: 13326K, Free: 66179K, Non-Taxable: 6617K, Alloc Tax Rate: 0.2x
[900.941s][info][gc             ] GC(6775) Pause Init Mark (process weakrefs) (unload classes) 1.415ms
[900.941s][info][gc,start       ] GC(6775) Concurrent marking (process weakrefs) (unload classes)
[900.941s][info][gc,task        ] GC(6775) Using 6 of 24 workers for concurrent marking
[901.006s][info][gc             ] GC(6775) Concurrent marking (process weakrefs) (unload classes) 64.563ms
[901.006s][info][gc,start       ] GC(6775) Concurrent precleaning
[901.006s][info][gc,task        ] GC(6775) Using 1 of 24 workers for concurrent preclean
[901.006s][info][gc,ergo        ] GC(6775) Pacer for Precleaning. Non-Taxable: 256M
[901.010s][info][gc             ] GC(6775) Concurrent precleaning 4.202ms
[901.012s][info][gc,start       ] GC(6775) Pause Final Mark (process weakrefs) (unload classes)
[901.012s][info][gc,task        ] GC(6775) Using 6 of 24 workers for final marking
[901.070s][info][gc,stringtable ] GC(6775) Cleaned string and symbol table, strings: 8172 processed, 0 removed, symbols: 68000 processed, 0 removed
[901.070s][info][gc,ergo        ] GC(6775) Collectable Garbage: 160M (100%), Immediate: 159M (99%), CSet: 1236K (0%)
[901.072s][info][gc,ergo        ] GC(6775) Pacer for Evacuation. Used CSet: 5095K, Free: 173M, Non-Taxable: 17777K, Alloc Tax Rate: 1.1x
[901.072s][info][gc             ] GC(6775) Pause Final Mark (process weakrefs) (unload classes) 60.557ms
[901.072s][info][gc,start       ] GC(6775) Concurrent cleanup
[901.095s][info][gc             ] GC(6775) Concurrent cleanup 225M->89M(256M) 23.137ms
[901.095s][info][gc,ergo        ] GC(6775) Free: 148M, Max: 256K regular, 71424K humongous, Frag: 54% external, 1% internal; Reserve: 12670K, Max: 256K
[901.095s][info][gc,start       ] GC(6775) Concurrent evacuation
[901.095s][info][gc,task        ] GC(6775) Using 6 of 24 workers for concurrent evacuation
[901.099s][info][gc             ] GC(6775) Concurrent evacuation 3.271ms
[901.099s][info][gc,start       ] GC(6775) Pause Init Update Refs
[901.099s][info][gc,ergo        ] GC(6775) Pacer for Update Refs. Used: 95612K, Free: 148M, Non-Taxable: 15242K, Alloc Tax Rate: 1.1x
[901.099s][info][gc             ] GC(6775) Pause Init Update Refs 0.131ms
[901.099s][info][gc,start       ] GC(6775) Concurrent update references
[901.099s][info][gc,task        ] GC(6775) Using 6 of 24 workers for concurrent reference update
[901.116s][info][gc             ] GC(6775) Concurrent update references 17.029ms
[901.117s][info][gc,start       ] GC(6775) Pause Final Update Refs
[901.117s][info][gc,task        ] GC(6775) Using 6 of 24 workers for final reference update
[901.117s][info][gc             ] GC(6775) Pause Final Update Refs 0.255ms
[901.117s][info][gc,start       ] GC(6775) Concurrent cleanup
[901.118s][info][gc             ] GC(6775) Concurrent cleanup 114M->112M(256M) 0.778ms
[901.118s][info][gc             ] GC(6775) Dat log --- cycle is complete
Current gc epoch: 5494
heap: ______
capacity: 268435456
used: 117855568
committed: 268435456
bytes_allocated_since_gc_start: 115081744
hot_size: 0
cold_size: 2609036
num_regions: 1024
hot_region_count: 18446744073709406184
cold_region_count: 145449
histogram: Placeholder

[901.118s][info][gc             ] GC(6775) Obj count ac histogram
[901.118s][info][gc             ] GC(6775) 	0: 201849
[901.118s][info][gc             ] GC(6775) 	1: 15
[901.118s][info][gc             ] GC(6775) 	2: 4521
[901.118s][info][gc             ] GC(6775) 	3: 4461
[901.118s][info][gc             ] GC(6775) 	4: 890
[901.118s][info][gc             ] GC(6775) 	5: 15
[901.118s][info][gc             ] GC(6775) 	6: 0
[901.118s][info][gc             ] GC(6775) 	7: 0
[901.118s][info][gc             ] GC(6775) 	8: 0
[901.118s][info][gc             ] GC(6775) 	9: 0
[901.118s][info][gc             ] GC(6775) 	10: 0
[901.118s][info][gc             ] GC(6775) 	11: 0
[901.118s][info][gc             ] GC(6775) 	12: 0
[901.118s][info][gc             ] GC(6775) 	13: 0
[901.118s][info][gc             ] GC(6775) 	14: 0
[901.118s][info][gc             ] GC(6775) 	15: 0
[901.118s][info][gc             ] GC(6775) 	16: 0
[901.118s][info][gc             ] GC(6775) 	17: 0
[901.118s][info][gc             ] GC(6775) 	18: 0
[901.118s][info][gc             ] GC(6775) 	19: 0
[901.118s][info][gc             ] GC(6775) Obj size ac histogram
[901.118s][info][gc             ] GC(6775) 	0: 1561450
[901.118s][info][gc             ] GC(6775) 	1: 720
[901.118s][info][gc             ] GC(6775) 	2: 59866
[901.118s][info][gc             ] GC(6775) 	3: 41644
[901.118s][info][gc             ] GC(6775) 	4: 5514
[901.118s][info][gc             ] GC(6775) 	5: 150
[901.118s][info][gc             ] GC(6775) 	6: 0
[901.118s][info][gc             ] GC(6775) 	7: 0
[901.118s][info][gc             ] GC(6775) 	8: 0
[901.118s][info][gc             ] GC(6775) 	9: 0
[901.118s][info][gc             ] GC(6775) 	10: 0
[901.118s][info][gc             ] GC(6775) 	11: 0
[901.118s][info][gc             ] GC(6775) 	12: 0
[901.118s][info][gc             ] GC(6775) 	13: 0
[901.118s][info][gc             ] GC(6775) 	14: 0
[901.118s][info][gc             ] GC(6775) 	15: 0
[901.118s][info][gc             ] GC(6775) 	16: 0
[901.118s][info][gc             ] GC(6775) 	17: 0
[901.118s][info][gc             ] GC(6775) 	18: 0
[901.118s][info][gc             ] GC(6775) 	19: 0
[901.118s][info][gc,ergo        ] Free: 119M, Max: 256K regular, 40192K humongous, Frag: 67% external, 3% internal; Reserve: 13312K, Max: 256K
[901.118s][info][gc,stats       ] 
[901.118s][info][gc,stats       ] All times are wall-clock times, except per-root-class counters, that are sum over
[901.118s][info][gc,stats       ] all workers. Dividing the <total> over the root stage time estimates parallelism.
[901.118s][info][gc,stats       ] 
[901.118s][info][gc,stats       ] Concurrent Reset                    823 us
[901.118s][info][gc,stats       ] Pause Init Mark (G)                1640 us
[901.118s][info][gc,stats       ] Pause Init Mark (N)                1390 us
[901.118s][info][gc,stats       ]   Accumulate Stats                    5 us
[901.118s][info][gc,stats       ]   Make Parsable                      41 us
[901.118s][info][gc,stats       ]   Update Region States               10 us
[901.118s][info][gc,stats       ]   Scan Roots                        802 us, parallelism: 1.57x
[901.118s][info][gc,stats       ]     S: <total>                     1255 us
[901.118s][info][gc,stats       ]     S: Thread Roots                 495 us, workers (us): 225,  49,   1, 108,  51,  61, ---, ---, ---, ---, ---, ---, ---, ---, ---, ---, ---, ---, ---, ---, ---, ---, ---, ---, 
[901.118s][info][gc,stats       ]     S: Universe Roots                42 us, workers (us):  42, ---, ---, ---, ---, ---, ---, ---, ---, ---, ---, ---, ---, ---, ---, ---, ---, ---, ---, ---, ---, ---, ---, ---, 
[901.118s][info][gc,stats       ]     S: JNI Handles Roots             16 us, workers (us): ---, ---,  16, ---, ---, ---, ---, ---, ---, ---, ---, ---, ---, ---, ---, ---, ---, ---, ---, ---, ---, ---, ---, ---, 
[901.118s][info][gc,stats       ]     S: Synchronizer Roots             0 us, workers (us): ---,   0, ---, ---, ---, ---, ---, ---, ---, ---, ---, ---, ---, ---, ---, ---, ---, ---, ---, ---, ---, ---, ---, ---, 
[901.118s][info][gc,stats       ]     S: Management Roots               2 us, workers (us): ---, ---,   2, ---, ---, ---, ---, ---, ---, ---, ---, ---, ---, ---, ---, ---, ---, ---, ---, ---, ---, ---, ---, ---, 
[901.118s][info][gc,stats       ]     S: System Dict Roots             26 us, workers (us): ---,  26, ---, ---, ---, ---, ---, ---, ---, ---, ---, ---, ---, ---, ---, ---, ---, ---, ---, ---, ---, ---, ---, ---, 
[901.118s][info][gc,stats       ]     S: CLDG Roots                   674 us, workers (us): ---,   5, 655,  14, ---, ---, ---, ---, ---, ---, ---, ---, ---, ---, ---, ---, ---, ---, ---, ---, ---, ---, ---, ---, 
[901.118s][info][gc,stats       ]     S: JVMTI Roots                    0 us, workers (us): ---, ---,   0, ---, ---, ---, ---, ---, ---, ---, ---, ---, ---, ---, ---, ---, ---, ---, ---, ---, ---, ---, ---, ---, 
[901.118s][info][gc,stats       ]   Resize TLABs                        4 us
[901.118s][info][gc,stats       ] Concurrent Marking                64539 us
[901.118s][info][gc,stats       ] Concurrent Precleaning             4179 us
[901.118s][info][gc,stats       ] Pause Final Mark (G)              61956 us
[901.118s][info][gc,stats       ] Pause Final Mark (N)              60519 us
[901.118s][info][gc,stats       ]   Finish Queues                     181 us
[901.118s][info][gc,stats       ]   Weak References                    42 us
[901.118s][info][gc,stats       ]     Process                          32 us
[901.118s][info][gc,stats       ]   System Purge                      200 us
[901.118s][info][gc,stats       ]     Unload Classes                   92 us
[901.118s][info][gc,stats       ]     Cleanup                       57337 us, parallelism: 1.74x
[901.118s][info][gc,stats       ]       CU: <total>                 99566 us
[901.118s][info][gc,stats       ]       CU: Code Cache Roots        78192 us, workers (us): 13202, 12948, 12995, 13282, 12882, 12882, ---, ---, ---, ---, ---, ---, ---, ---, ---, ---, ---, ---, ---, ---, ---, ---, ---, ---, 
[901.118s][info][gc,stats       ]       CU: Code Cache Cleaning      4976 us, workers (us): 809, 943, 793, 816, 808, 808, ---, ---, ---, ---, ---, ---, ---, ---, ---, ---, ---, ---, ---, ---, ---, ---, ---, ---, 
[901.118s][info][gc,stats       ]       CU: String Table Roots       3646 us, workers (us): 450, 698, 647, 361, 761, 728, ---, ---, ---, ---, ---, ---, ---, ---, ---, ---, ---, ---, ---, ---, ---, ---, ---, ---, 
[901.118s][info][gc,stats       ]       CU: Resolved Table Roots       18 us, workers (us):   0,   0,  17,   0,   0,   0, ---, ---, ---, ---, ---, ---, ---, ---, ---, ---, ---, ---, ---, ---, ---, ---, ---, ---, 
[901.118s][info][gc,stats       ]       CU: CLDG Roots              12735 us, workers (us): 2151, 2027, 2104, 2172, 2178, 2102, ---, ---, ---, ---, ---, ---, ---, ---, ---, ---, ---, ---, ---, ---, ---, ---, ---, ---, 
[901.118s][info][gc,stats       ]     Weak Roots                      200 us
[901.118s][info][gc,stats       ]     CLDG                              0 us
[901.118s][info][gc,stats       ]   Update Region States               22 us
[901.118s][info][gc,stats       ]   Retire TLABs                       43 us
[901.118s][info][gc,stats       ]   Choose Collection Set             442 us
[901.118s][info][gc,stats       ]   Rebuild Free Set                   17 us
[901.118s][info][gc,stats       ]   Initial Evacuation               1958 us, parallelism: 2.52x
[901.118s][info][gc,stats       ]     E: <total>                     4944 us
[901.118s][info][gc,stats       ]     E: Thread Roots                 159 us, workers (us):  34,  89,   1,   1,  33,   1, ---, ---, ---, ---, ---, ---, ---, ---, ---, ---, ---, ---, ---, ---, ---, ---, ---, ---, 
[901.118s][info][gc,stats       ]     E: Code Cache Roots            3877 us, workers (us): 749, 317, 882, 409, 771, 748, ---, ---, ---, ---, ---, ---, ---, ---, ---, ---, ---, ---, ---, ---, ---, ---, ---, ---, 
[901.118s][info][gc,stats       ]     E: Universe Roots                 3 us, workers (us):   3, ---, ---, ---, ---, ---, ---, ---, ---, ---, ---, ---, ---, ---, ---, ---, ---, ---, ---, ---, ---, ---, ---, ---, 
[901.118s][info][gc,stats       ]     E: JNI Handles Roots              1 us, workers (us):   1, ---, ---, ---, ---, ---, ---, ---, ---, ---, ---, ---, ---, ---, ---, ---, ---, ---, ---, ---, ---, ---, ---, ---, 
[901.118s][info][gc,stats       ]     E: Synchronizer Roots             0 us, workers (us):   0, ---, ---, ---, ---, ---, ---, ---, ---, ---, ---, ---, ---, ---, ---, ---, ---, ---, ---, ---, ---, ---, ---, ---, 
[901.118s][info][gc,stats       ]     E: Management Roots               2 us, workers (us):   2, ---, ---, ---, ---, ---, ---, ---, ---, ---, ---, ---, ---, ---, ---, ---, ---, ---, ---, ---, ---, ---, ---, ---, 
[901.118s][info][gc,stats       ]     E: System Dict Roots              6 us, workers (us):   6, ---, ---, ---, ---, ---, ---, ---, ---, ---, ---, ---, ---, ---, ---, ---, ---, ---, ---, ---, ---, ---, ---, ---, 
[901.118s][info][gc,stats       ]     E: CLDG Roots                   894 us, workers (us): ---, 388, ---, 447, ---,  58, ---, ---, ---, ---, ---, ---, ---, ---, ---, ---, ---, ---, ---, ---, ---, ---, ---, ---, 
[901.118s][info][gc,stats       ]     E: JVMTI Roots                    1 us, workers (us): ---,   1, ---, ---, ---, ---, ---, ---, ---, ---, ---, ---, ---, ---, ---, ---, ---, ---, ---, ---, ---, ---, ---, ---, 
[901.118s][info][gc,stats       ] Concurrent Cleanup                23090 us
[901.118s][info][gc,stats       ] Concurrent Evacuation              3259 us
[901.118s][info][gc,stats       ] Pause Init  Update Refs (G)         379 us
[901.118s][info][gc,stats       ] Pause Init  Update Refs (N)          97 us
[901.118s][info][gc,stats       ]   Retire GCLABs                      78 us
[901.118s][info][gc,stats       ] Concurrent Update Refs            17014 us
[901.118s][info][gc,stats       ] Pause Final Update Refs (G)         654 us
[901.118s][info][gc,stats       ] Pause Final Update Refs (N)         220 us
[901.118s][info][gc,stats       ]   Update Roots                      163 us, parallelism: 1.71x
[901.118s][info][gc,stats       ]     UR: <total>                     279 us
[901.118s][info][gc,stats       ]     UR: Thread Roots                279 us, workers (us):  88,  49,  26,  48,  59,   9, ---, ---, ---, ---, ---, ---, ---, ---, ---, ---, ---, ---, ---, ---, ---, ---, ---, ---, 
[901.118s][info][gc,stats       ]   Update Region States               16 us
[901.118s][info][gc,stats       ]   Trash Collection Set                7 us
[901.118s][info][gc,stats       ]   Rebuild Free Set                   17 us
[901.118s][info][gc,stats       ] Concurrent Cleanup                  763 us
[901.119s][info][gc,stats       ] Pacing                            89233 us
[901.119s][info][gc,stats       ] 
[901.119s][info][gc,stats       ] Allocation pacing accrued:
[901.119s][info][gc,stats       ]      89 of   181 ms ( 49.4%): pl.nadoba.jvm.gc.benchmark.App.main()
[901.119s][info][gc,stats       ]      89 of   181 ms ( 49.4%): <total>
[901.119s][info][gc,stats       ]       9 of   181 ms (  4.9%): <average total>
[901.119s][info][gc,stats       ]      89 of   181 ms ( 49.4%): <average non-zero>
[901.119s][info][gc,stats       ] 
[901.119s][info][gc,metaspace   ] Metaspace: 24281K->24281K(1071104K)
[901.119s][info][gc,ergo        ] Pacer for Idle. Initial: 5242K, Alloc Tax Rate: 1.0x
[901.120s][info][gc             ] Trigger: Start next cycle immediately
[901.120s][info][gc,ergo        ] Free: 116M, Max: 256K regular, 37888K humongous, Frag: 69% external, 3% internal; Reserve: 13312K, Max: 256K
[901.120s][info][gc,start       ] GC(6776) Concurrent reset
[901.120s][info][gc,task        ] GC(6776) Using 6 of 24 workers for concurrent reset
[901.120s][info][gc,ergo        ] GC(6776) Pacer for Reset. Non-Taxable: 256M
[901.120s][info][gc             ] GC(6776) Concurrent reset 0.630ms
[901.121s][info][gc,start       ] GC(6776) Pause Init Mark
[901.121s][info][gc,task        ] GC(6776) Using 6 of 24 workers for init marking
[901.123s][info][gc,ergo        ] GC(6776) Pacer for Mark. Expected Live: 12506K, Free: 116M, Non-Taxable: 11965K, Alloc Tax Rate: 0.1x
[901.123s][info][gc             ] GC(6776) Pause Init Mark 2.383ms
[901.123s][info][gc,start       ] GC(6776) Concurrent marking
[901.123s][info][gc,task        ] GC(6776) Using 6 of 24 workers for concurrent marking
[901.191s][info][gc             ] GC(6776) Concurrent marking 67.786ms
[901.192s][info][gc,start       ] GC(6776) Pause Final Mark
[901.192s][info][gc,task        ] GC(6776) Using 6 of 24 workers for final marking
[901.193s][info][gc,ergo        ] GC(6776) Collectable Garbage: 110M (100%), Immediate: 110M (99%), CSet: 748K (0%)
[901.196s][info][gc,ergo        ] GC(6776) Pacer for Evacuation. Used CSet: 4608K, Free: 195M, Non-Taxable: 20055K, Alloc Tax Rate: 1.1x
[901.196s][info][gc             ] GC(6776) Pause Final Mark 3.625ms
[901.196s][info][gc,start       ] GC(6776) Concurrent cleanup
[901.213s][info][gc             ] GC(6776) Concurrent cleanup 156M->66M(256M) 17.501ms
[901.213s][info][gc,ergo        ] GC(6776) Free: 174M, Max: 256K regular, 127M humongous, Frag: 27% external, 1% internal; Reserve: 12667K, Max: 256K
[901.213s][info][gc,start       ] GC(6776) Concurrent evacuation
[901.213s][info][gc,task        ] GC(6776) Using 6 of 24 workers for concurrent evacuation
[901.216s][info][gc             ] GC(6776) Concurrent evacuation 2.576ms
[901.216s][info][gc,start       ] GC(6776) Pause Init Update Refs
[901.216s][info][gc,ergo        ] GC(6776) Pacer for Update Refs. Used: 71828K, Free: 174M, Non-Taxable: 17879K, Alloc Tax Rate: 1.1x
[901.216s][info][gc             ] GC(6776) Pause Init Update Refs 0.193ms
[901.216s][info][gc,start       ] GC(6776) Concurrent update references
[901.216s][info][gc,task        ] GC(6776) Using 6 of 24 workers for concurrent reference update
[901.234s][info][gc             ] GC(6776) Concurrent update references 17.695ms
[901.235s][info][gc,start       ] GC(6776) Pause Final Update Refs
[901.235s][info][gc,task        ] GC(6776) Using 6 of 24 workers for final reference update
[901.236s][info][gc             ] GC(6776) Pause Final Update Refs 0.290ms
[901.236s][info][gc,start       ] GC(6776) Concurrent cleanup
[901.236s][info][gc             ] GC(6776) Concurrent cleanup 129M->124M(256M) 0.745ms
[901.236s][info][gc             ] GC(6776) Dat log --- cycle is complete
Current gc epoch: 5495
heap: ______
capacity: 268435456
used: 130700464
committed: 268435456
bytes_allocated_since_gc_start: 126353936
hot_size: 0
cold_size: 2537360
num_regions: 1024
hot_region_count: 18446744073709406167
cold_region_count: 145467
histogram: Placeholder

[901.236s][info][gc             ] GC(6776) Obj count ac histogram
[901.236s][info][gc             ] GC(6776) 	0: 219026
[901.236s][info][gc             ] GC(6776) 	1: 15
[901.236s][info][gc             ] GC(6776) 	2: 2
[901.236s][info][gc             ] GC(6776) 	3: 0
[901.236s][info][gc             ] GC(6776) 	4: 0
[901.236s][info][gc             ] GC(6776) 	5: 0
[901.236s][info][gc             ] GC(6776) 	6: 0
[901.236s][info][gc             ] GC(6776) 	7: 0
[901.236s][info][gc             ] GC(6776) 	8: 0
[901.236s][info][gc             ] GC(6776) 	9: 0
[901.236s][info][gc             ] GC(6776) 	10: 0
[901.236s][info][gc             ] GC(6776) 	11: 0
[901.236s][info][gc             ] GC(6776) 	12: 0
[901.236s][info][gc             ] GC(6776) 	13: 0
[901.237s][info][gc             ] GC(6776) 	14: 0
[901.237s][info][gc             ] GC(6776) 	15: 0
[901.237s][info][gc             ] GC(6776) 	16: 0
[901.237s][info][gc             ] GC(6776) 	17: 0
[901.237s][info][gc             ] GC(6776) 	18: 0
[901.237s][info][gc             ] GC(6776) 	19: 0
[901.237s][info][gc             ] GC(6776) Obj size ac histogram
[901.237s][info][gc             ] GC(6776) 	0: 1784129
[901.237s][info][gc             ] GC(6776) 	1: 720
[901.237s][info][gc             ] GC(6776) 	2: 14
[901.237s][info][gc             ] GC(6776) 	3: 0
[901.237s][info][gc             ] GC(6776) 	4: 0
[901.237s][info][gc             ] GC(6776) 	5: 0
[901.237s][info][gc             ] GC(6776) 	6: 0
[901.237s][info][gc             ] GC(6776) 	7: 0
[901.237s][info][gc             ] GC(6776) 	8: 0
[901.237s][info][gc             ] GC(6776) 	9: 0
[901.237s][info][gc             ] GC(6776) 	10: 0
[901.237s][info][gc             ] GC(6776) 	11: 0
[901.237s][info][gc             ] GC(6776) 	12: 0
[901.237s][info][gc             ] GC(6776) 	13: 0
[901.237s][info][gc             ] GC(6776) 	14: 0
[901.237s][info][gc             ] GC(6776) 	15: 0
[901.237s][info][gc             ] GC(6776) 	16: 0
[901.237s][info][gc             ] GC(6776) 	17: 0
[901.237s][info][gc             ] GC(6776) 	18: 0
[901.237s][info][gc             ] GC(6776) 	19: 0
[901.237s][info][gc,ergo        ] Free: 113M, Max: 256K regular, 104M humongous, Frag: 8% external, 3% internal; Reserve: 13312K, Max: 256K
[901.237s][info][gc,stats       ] 
[901.237s][info][gc,stats       ] All times are wall-clock times, except per-root-class counters, that are sum over
[901.237s][info][gc,stats       ] all workers. Dividing the <total> over the root stage time estimates parallelism.
[901.237s][info][gc,stats       ] 
[901.237s][info][gc,stats       ] Concurrent Reset                    616 us
[901.237s][info][gc,stats       ] Pause Init Mark (G)                2640 us
[901.237s][info][gc,stats       ] Pause Init Mark (N)                2358 us
[901.237s][info][gc,stats       ]   Accumulate Stats                    5 us
[901.237s][info][gc,stats       ]   Make Parsable                      40 us
[901.237s][info][gc,stats       ]   Update Region States               10 us
[901.237s][info][gc,stats       ]   Scan Roots                       1751 us, parallelism: 1.97x
[901.237s][info][gc,stats       ]     S: <total>                     3453 us
[901.237s][info][gc,stats       ]     S: Thread Roots                 426 us, workers (us):   2,   1,   1, 241,  77, 104, ---, ---, ---, ---, ---, ---, ---, ---, ---, ---, ---, ---, ---, ---, ---, ---, ---, ---, 
[901.237s][info][gc,stats       ]     S: Universe Roots                14 us, workers (us):  14, ---, ---, ---, ---, ---, ---, ---, ---, ---, ---, ---, ---, ---, ---, ---, ---, ---, ---, ---, ---, ---, ---, ---, 
[901.237s][info][gc,stats       ]     S: JNI Handles Roots              8 us, workers (us):   8, ---, ---, ---, ---, ---, ---, ---, ---, ---, ---, ---, ---, ---, ---, ---, ---, ---, ---, ---, ---, ---, ---, ---, 
[901.237s][info][gc,stats       ]     S: Synchronizer Roots             0 us, workers (us):   0, ---, ---, ---, ---, ---, ---, ---, ---, ---, ---, ---, ---, ---, ---, ---, ---, ---, ---, ---, ---, ---, ---, ---, 
[901.237s][info][gc,stats       ]     S: Management Roots               1 us, workers (us):   1, ---, ---, ---, ---, ---, ---, ---, ---, ---, ---, ---, ---, ---, ---, ---, ---, ---, ---, ---, ---, ---, ---, ---, 
[901.237s][info][gc,stats       ]     S: System Dict Roots             13 us, workers (us):  13, ---, ---, ---, ---, ---, ---, ---, ---, ---, ---, ---, ---, ---, ---, ---, ---, ---, ---, ---, ---, ---, ---, ---, 
[901.237s][info][gc,stats       ]     S: CLDG Roots                  2990 us, workers (us): 166, 1249, 1575, ---, ---, ---, ---, ---, ---, ---, ---, ---, ---, ---, ---, ---, ---, ---, ---, ---, ---, ---, ---, ---, 
[901.237s][info][gc,stats       ]     S: JVMTI Roots                    0 us, workers (us):   0, ---, ---, ---, ---, ---, ---, ---, ---, ---, ---, ---, ---, ---, ---, ---, ---, ---, ---, ---, ---, ---, ---, ---, 
[901.237s][info][gc,stats       ]   Resize TLABs                        7 us
[901.237s][info][gc,stats       ] Concurrent Marking                67729 us
[901.237s][info][gc,stats       ] Pause Final Mark (G)               5079 us
[901.237s][info][gc,stats       ] Pause Final Mark (N)               3588 us
[901.237s][info][gc,stats       ]   Finish Queues                     206 us
[901.237s][info][gc,stats       ]   System Purge                      246 us
[901.237s][info][gc,stats       ]     Weak Roots                      245 us
[901.237s][info][gc,stats       ]   Update Region States               32 us
[901.237s][info][gc,stats       ]   Retire TLABs                       46 us
[901.237s][info][gc,stats       ]   Choose Collection Set             470 us
[901.237s][info][gc,stats       ]   Rebuild Free Set                   34 us
[901.237s][info][gc,stats       ]   Initial Evacuation               2532 us, parallelism: 1.84x
[901.237s][info][gc,stats       ]     E: <total>                     4649 us
[901.237s][info][gc,stats       ]     E: Thread Roots                 148 us, workers (us):   1,   1,  45,   1, 100,   1, ---, ---, ---, ---, ---, ---, ---, ---, ---, ---, ---, ---, ---, ---, ---, ---, ---, ---, 
[901.237s][info][gc,stats       ]     E: Code Cache Roots            3575 us, workers (us): 367, 770, 657, 402, 627, 751, ---, ---, ---, ---, ---, ---, ---, ---, ---, ---, ---, ---, ---, ---, ---, ---, ---, ---, 
[901.237s][info][gc,stats       ]     E: Universe Roots                 3 us, workers (us):   3, ---, ---, ---, ---, ---, ---, ---, ---, ---, ---, ---, ---, ---, ---, ---, ---, ---, ---, ---, ---, ---, ---, ---, 
[901.237s][info][gc,stats       ]     E: JNI Handles Roots              3 us, workers (us): ---, ---,   3, ---, ---, ---, ---, ---, ---, ---, ---, ---, ---, ---, ---, ---, ---, ---, ---, ---, ---, ---, ---, ---, 
[901.237s][info][gc,stats       ]     E: Synchronizer Roots             0 us, workers (us):   0, ---, ---, ---, ---, ---, ---, ---, ---, ---, ---, ---, ---, ---, ---, ---, ---, ---, ---, ---, ---, ---, ---, ---, 
[901.237s][info][gc,stats       ]     E: Management Roots               2 us, workers (us):   2, ---, ---, ---, ---, ---, ---, ---, ---, ---, ---, ---, ---, ---, ---, ---, ---, ---, ---, ---, ---, ---, ---, ---, 
[901.237s][info][gc,stats       ]     E: System Dict Roots              7 us, workers (us):   7, ---, ---, ---, ---, ---, ---, ---, ---, ---, ---, ---, ---, ---, ---, ---, ---, ---, ---, ---, ---, ---, ---, ---, 
[901.237s][info][gc,stats       ]     E: CLDG Roots                   910 us, workers (us): 402, ---,  67, 441, ---, ---, ---, ---, ---, ---, ---, ---, ---, ---, ---, ---, ---, ---, ---, ---, ---, ---, ---, ---, 
[901.237s][info][gc,stats       ]     E: JVMTI Roots                    1 us, workers (us): ---,   1, ---, ---, ---, ---, ---, ---, ---, ---, ---, ---, ---, ---, ---, ---, ---, ---, ---, ---, ---, ---, ---, ---, 
[901.237s][info][gc,stats       ] Concurrent Cleanup                17452 us
[901.237s][info][gc,stats       ] Concurrent Evacuation              2557 us
[901.237s][info][gc,stats       ] Pause Init  Update Refs (G)         416 us
[901.237s][info][gc,stats       ] Pause Init  Update Refs (N)         146 us
[901.237s][info][gc,stats       ]   Retire GCLABs                     124 us
[901.237s][info][gc,stats       ] Concurrent Update Refs            17676 us
[901.237s][info][gc,stats       ] Pause Final Update Refs (G)        1450 us
[901.237s][info][gc,stats       ] Pause Final Update Refs (N)         251 us
[901.237s][info][gc,stats       ]   Update Roots                      172 us, parallelism: 1.25x
[901.237s][info][gc,stats       ]     UR: <total>                     216 us
[901.237s][info][gc,stats       ]     UR: Thread Roots                216 us, workers (us):  85,  26,  22,  25,  48,  10, ---, ---, ---, ---, ---, ---, ---, ---, ---, ---, ---, ---, ---, ---, ---, ---, ---, ---, 
[901.237s][info][gc,stats       ]   Update Region States               27 us
[901.237s][info][gc,stats       ]   Trash Collection Set                9 us
[901.237s][info][gc,stats       ]   Rebuild Free Set                   25 us
[901.237s][info][gc,stats       ] Concurrent Cleanup                  717 us
[901.237s][info][gc,stats       ] Pacing                            85148 us
[901.237s][info][gc,stats       ] 
[901.237s][info][gc,stats       ] Allocation pacing accrued:
[901.237s][info][gc,stats       ]      85 of   119 ms ( 71.7%): pl.nadoba.jvm.gc.benchmark.App.main()
[901.237s][info][gc,stats       ]      85 of   119 ms ( 71.7%): <total>
[901.237s][info][gc,stats       ]       9 of   119 ms (  7.2%): <average total>
[901.237s][info][gc,stats       ]      85 of   119 ms ( 71.7%): <average non-zero>
[901.237s][info][gc,stats       ] 
[901.237s][info][gc,metaspace   ] Metaspace: 24281K->24281K(1071104K)
[901.237s][info][gc,ergo        ] Pacer for Idle. Initial: 5242K, Alloc Tax Rate: 1.0x
[901.238s][info][gc             ] Trigger: Start next cycle immediately
[901.238s][info][gc,ergo        ] Free: 107M, Max: 256K regular, 102M humongous, Frag: 5% external, 3% internal; Reserve: 13312K, Max: 256K
[901.238s][info][gc,start       ] GC(6777) Concurrent reset
[901.238s][info][gc,task        ] GC(6777) Using 6 of 24 workers for concurrent reset
[901.238s][info][gc,ergo        ] GC(6777) Pacer for Reset. Non-Taxable: 256M
[901.239s][info][gc             ] GC(6777) Concurrent reset 0.674ms
[901.241s][info][gc,start       ] GC(6777) Pause Init Mark (unload classes)
[901.241s][info][gc,task        ] GC(6777) Using 6 of 24 workers for init marking
[901.243s][info][gc,ergo        ] GC(6777) Pacer for Mark. Expected Live: 10868K, Free: 100971K, Non-Taxable: 10097K, Alloc Tax Rate: 0.1x
[901.243s][info][gc             ] GC(6777) Pause Init Mark (unload classes) 2.318ms
[901.243s][info][gc,start       ] GC(6777) Concurrent marking (unload classes)
[901.243s][info][gc,task        ] GC(6777) Using 6 of 24 workers for concurrent marking
[901.301s][info][gc             ] GC(6777) Concurrent marking (unload classes) 57.801ms
[901.301s][info][gc,start       ] GC(6777) Pause Final Mark (unload classes)
[901.301s][info][gc,task        ] GC(6777) Using 6 of 24 workers for final marking
[901.356s][info][gc,stringtable ] GC(6777) Cleaned string and symbol table, strings: 8172 processed, 0 removed, symbols: 68000 processed, 0 removed
[901.357s][info][gc,ergo        ] GC(6777) Collectable Garbage: 121M (100%), Immediate: 120M (99%), CSet: 1004K (0%)
[901.359s][info][gc,ergo        ] GC(6777) Pacer for Evacuation. Used CSet: 4864K, Free: 139M, Non-Taxable: 14269K, Alloc Tax Rate: 1.1x
[901.359s][info][gc             ] GC(6777) Pause Final Mark (unload classes) 57.560ms
[901.359s][info][gc,start       ] GC(6777) Concurrent cleanup
[901.377s][info][gc             ] GC(6777) Concurrent cleanup 220M->116M(256M) 17.712ms
[901.377s][info][gc,ergo        ] GC(6777) Free: 121M, Max: 256K regular, 109M humongous, Frag: 10% external, 2% internal; Reserve: 12541K, Max: 256K
[901.377s][info][gc,start       ] GC(6777) Concurrent evacuation
[901.377s][info][gc,task        ] GC(6777) Using 6 of 24 workers for concurrent evacuation
[901.380s][info][gc             ] GC(6777) Concurrent evacuation 3.489ms
[901.380s][info][gc,start       ] GC(6777) Pause Init Update Refs
[901.381s][info][gc,ergo        ] GC(6777) Pacer for Update Refs. Used: 120M, Free: 121M, Non-Taxable: 12477K, Alloc Tax Rate: 1.2x
[901.381s][info][gc             ] GC(6777) Pause Init Update Refs 0.195ms
[901.381s][info][gc,start       ] GC(6777) Concurrent update references
[901.381s][info][gc,task        ] GC(6777) Using 6 of 24 workers for concurrent reference update
[901.397s][info][gc             ] GC(6777) Concurrent update references 16.790ms
[901.398s][info][gc,start       ] GC(6777) Pause Final Update Refs
[901.398s][info][gc,task        ] GC(6777) Using 6 of 24 workers for final reference update
[901.398s][info][gc             ] GC(6777) Pause Final Update Refs 0.241ms
[901.398s][info][gc,start       ] GC(6777) Concurrent cleanup
[901.399s][info][gc             ] GC(6777) Concurrent cleanup 177M->172M(256M) 0.936ms
[901.399s][info][gc             ] GC(6777) Dat log --- cycle is complete
Current gc epoch: 5496
heap: ______
capacity: 268435456
used: 181027512
committed: 268435456
bytes_allocated_since_gc_start: 179569168
hot_size: 0
cold_size: 4444044
num_regions: 1024
hot_region_count: 18446744073709406149
cold_region_count: 145485
histogram: Placeholder

[901.399s][info][gc             ] GC(6777) Obj count ac histogram
[901.399s][info][gc             ] GC(6777) 	0: 195608
[901.399s][info][gc             ] GC(6777) 	1: 15
[901.399s][info][gc             ] GC(6777) 	2: 2
[901.399s][info][gc             ] GC(6777) 	3: 0
[901.399s][info][gc             ] GC(6777) 	4: 0
[901.399s][info][gc             ] GC(6777) 	5: 0
[901.399s][info][gc             ] GC(6777) 	6: 0
[901.399s][info][gc             ] GC(6777) 	7: 0
[901.399s][info][gc             ] GC(6777) 	8: 0
[901.399s][info][gc             ] GC(6777) 	9: 0
[901.399s][info][gc             ] GC(6777) 	10: 0
[901.399s][info][gc             ] GC(6777) 	11: 0
[901.399s][info][gc             ] GC(6777) 	12: 0
[901.399s][info][gc             ] GC(6777) 	13: 0
[901.399s][info][gc             ] GC(6777) 	14: 0
[901.399s][info][gc             ] GC(6777) 	15: 0
[901.399s][info][gc             ] GC(6777) 	16: 0
[901.399s][info][gc             ] GC(6777) 	17: 0
[901.399s][info][gc             ] GC(6777) 	18: 0
[901.399s][info][gc             ] GC(6777) 	19: 0
[901.399s][info][gc             ] GC(6777) Obj size ac histogram
[901.399s][info][gc             ] GC(6777) 	0: 2458901
[901.399s][info][gc             ] GC(6777) 	1: 720
[901.399s][info][gc             ] GC(6777) 	2: 14
[901.399s][info][gc             ] GC(6777) 	3: 0
[901.399s][info][gc             ] GC(6777) 	4: 0
[901.399s][info][gc             ] GC(6777) 	5: 0
[901.399s][info][gc             ] GC(6777) 	6: 0
[901.399s][info][gc             ] GC(6777) 	7: 0
[901.399s][info][gc             ] GC(6777) 	8: 0
[901.399s][info][gc             ] GC(6777) 	9: 0
[901.399s][info][gc             ] GC(6777) 	10: 0
[901.399s][info][gc             ] GC(6777) 	11: 0
[901.399s][info][gc             ] GC(6777) 	12: 0
[901.399s][info][gc             ] GC(6777) 	13: 0
[901.399s][info][gc             ] GC(6777) 	14: 0
[901.399s][info][gc             ] GC(6777) 	15: 0
[901.399s][info][gc             ] GC(6777) 	16: 0
[901.399s][info][gc             ] GC(6777) 	17: 0
[901.399s][info][gc             ] GC(6777) 	18: 0
[901.399s][info][gc             ] GC(6777) 	19: 0
[901.400s][info][gc,ergo        ] Free: 64112K, Max: 256K regular, 51200K humongous, Frag: 20% external, 6% internal; Reserve: 13312K, Max: 256K
[901.400s][info][gc,stats       ] 
[901.400s][info][gc,stats       ] All times are wall-clock times, except per-root-class counters, that are sum over
[901.400s][info][gc,stats       ] all workers. Dividing the <total> over the root stage time estimates parallelism.
[901.400s][info][gc,stats       ] 
[901.400s][info][gc,stats       ] Concurrent Reset                    664 us
[901.400s][info][gc,stats       ] Pause Init Mark (G)                4196 us
[901.400s][info][gc,stats       ] Pause Init Mark (N)                2275 us
[901.400s][info][gc,stats       ]   Accumulate Stats                    6 us
[901.400s][info][gc,stats       ]   Make Parsable                      54 us
[901.400s][info][gc,stats       ]   Update Region States               13 us
[901.400s][info][gc,stats       ]   Scan Roots                       1344 us, parallelism: 1.18x
[901.400s][info][gc,stats       ]     S: <total>                     1591 us
[901.400s][info][gc,stats       ]     S: Thread Roots                 410 us, workers (us):  32,  50,  53,  20,   1, 255, ---, ---, ---, ---, ---, ---, ---, ---, ---, ---, ---, ---, ---, ---, ---, ---, ---, ---, 
[901.400s][info][gc,stats       ]     S: Universe Roots                28 us, workers (us):  28, ---, ---, ---, ---, ---, ---, ---, ---, ---, ---, ---, ---, ---, ---, ---, ---, ---, ---, ---, ---, ---, ---, ---, 
[901.400s][info][gc,stats       ]     S: JNI Handles Roots             15 us, workers (us): ---, ---, ---,  15, ---, ---, ---, ---, ---, ---, ---, ---, ---, ---, ---, ---, ---, ---, ---, ---, ---, ---, ---, ---, 
[901.400s][info][gc,stats       ]     S: Synchronizer Roots             0 us, workers (us): ---,   0, ---, ---, ---, ---, ---, ---, ---, ---, ---, ---, ---, ---, ---, ---, ---, ---, ---, ---, ---, ---, ---, ---, 
[901.400s][info][gc,stats       ]     S: Management Roots               2 us, workers (us): ---,   2, ---, ---, ---, ---, ---, ---, ---, ---, ---, ---, ---, ---, ---, ---, ---, ---, ---, ---, ---, ---, ---, ---, 
[901.400s][info][gc,stats       ]     S: System Dict Roots             25 us, workers (us): ---,  25, ---, ---, ---, ---, ---, ---, ---, ---, ---, ---, ---, ---, ---, ---, ---, ---, ---, ---, ---, ---, ---, ---, 
[901.400s][info][gc,stats       ]     S: CLDG Roots                  1110 us, workers (us):  15, ---,  16, ---, 1079, ---, ---, ---, ---, ---, ---, ---, ---, ---, ---, ---, ---, ---, ---, ---, ---, ---, ---, ---, 
[901.400s][info][gc,stats       ]     S: JVMTI Roots                    1 us, workers (us): ---, ---,   1, ---, ---, ---, ---, ---, ---, ---, ---, ---, ---, ---, ---, ---, ---, ---, ---, ---, ---, ---, ---, ---, 
[901.400s][info][gc,stats       ]   Resize TLABs                        7 us
[901.400s][info][gc,stats       ] Concurrent Marking                57765 us
[901.400s][info][gc,stats       ] Pause Final Mark (G)              57733 us
[901.400s][info][gc,stats       ] Pause Final Mark (N)              57503 us
[901.400s][info][gc,stats       ]   Finish Queues                     163 us
[901.400s][info][gc,stats       ]   System Purge                      170 us
[901.400s][info][gc,stats       ]     Unload Classes                  102 us
[901.400s][info][gc,stats       ]     Cleanup                       54276 us, parallelism: 1.55x
[901.400s][info][gc,stats       ]       CU: <total>                 84034 us
[901.400s][info][gc,stats       ]       CU: Code Cache Roots        64484 us, workers (us): 11017, 10465, 10687, 10440, 10475, 11400, ---, ---, ---, ---, ---, ---, ---, ---, ---, ---, ---, ---, ---, ---, ---, ---, ---, ---, 
[901.400s][info][gc,stats       ]       CU: Code Cache Cleaning      5809 us, workers (us): 1201, 946, 934, 946, 949, 833, ---, ---, ---, ---, ---, ---, ---, ---, ---, ---, ---, ---, ---, ---, ---, ---, ---, ---, 
[901.400s][info][gc,stats       ]       CU: String Table Roots       3456 us, workers (us): 294, 844, 620, 868, 830,   0, ---, ---, ---, ---, ---, ---, ---, ---, ---, ---, ---, ---, ---, ---, ---, ---, ---, ---, 
[901.400s][info][gc,stats       ]       CU: Resolved Table Roots       14 us, workers (us):   0,   0,  14,   0,   0,   0, ---, ---, ---, ---, ---, ---, ---, ---, ---, ---, ---, ---, ---, ---, ---, ---, ---, ---, 
[901.400s][info][gc,stats       ]       CU: CLDG Roots              10271 us, workers (us): 1528, 1734, 1769, 1772, 1733, 1735, ---, ---, ---, ---, ---, ---, ---, ---, ---, ---, ---, ---, ---, ---, ---, ---, ---, ---, 
[901.400s][info][gc,stats       ]     Weak Roots                      168 us
[901.400s][info][gc,stats       ]     CLDG                              1 us
[901.400s][info][gc,stats       ]   Update Region States               23 us
[901.400s][info][gc,stats       ]   Retire TLABs                       42 us
[901.400s][info][gc,stats       ]   Choose Collection Set             337 us
[901.400s][info][gc,stats       ]   Rebuild Free Set                   16 us
[901.400s][info][gc,stats       ]   Initial Evacuation               2172 us, parallelism: 2.81x
[901.400s][info][gc,stats       ]     E: <total>                     6113 us
[901.400s][info][gc,stats       ]     E: Thread Roots                 208 us, workers (us):  62,   1,   2,   1,   1, 140, ---, ---, ---, ---, ---, ---, ---, ---, ---, ---, ---, ---, ---, ---, ---, ---, ---, ---, 
[901.400s][info][gc,stats       ]     E: Code Cache Roots            4279 us, workers (us): 873, 1000, 457, 1059, 890,   0, ---, ---, ---, ---, ---, ---, ---, ---, ---, ---, ---, ---, ---, ---, ---, ---, ---, ---, 
[901.400s][info][gc,stats       ]     E: Universe Roots                 3 us, workers (us):   3, ---, ---, ---, ---, ---, ---, ---, ---, ---, ---, ---, ---, ---, ---, ---, ---, ---, ---, ---, ---, ---, ---, ---, 
[901.400s][info][gc,stats       ]     E: JNI Handles Roots              1 us, workers (us):   1, ---, ---, ---, ---, ---, ---, ---, ---, ---, ---, ---, ---, ---, ---, ---, ---, ---, ---, ---, ---, ---, ---, ---, 
[901.400s][info][gc,stats       ]     E: Synchronizer Roots             0 us, workers (us):   0, ---, ---, ---, ---, ---, ---, ---, ---, ---, ---, ---, ---, ---, ---, ---, ---, ---, ---, ---, ---, ---, ---, ---, 
[901.400s][info][gc,stats       ]     E: Management Roots               1 us, workers (us):   1, ---, ---, ---, ---, ---, ---, ---, ---, ---, ---, ---, ---, ---, ---, ---, ---, ---, ---, ---, ---, ---, ---, ---, 
[901.400s][info][gc,stats       ]     E: System Dict Roots              7 us, workers (us):   7, ---, ---, ---, ---, ---, ---, ---, ---, ---, ---, ---, ---, ---, ---, ---, ---, ---, ---, ---, ---, ---, ---, ---, 
[901.400s][info][gc,stats       ]     E: CLDG Roots                  1612 us, workers (us): ---, ---, 723, ---,  96, 794, ---, ---, ---, ---, ---, ---, ---, ---, ---, ---, ---, ---, ---, ---, ---, ---, ---, ---, 
[901.400s][info][gc,stats       ]     E: JVMTI Roots                    1 us, workers (us):   1, ---, ---, ---, ---, ---, ---, ---, ---, ---, ---, ---, ---, ---, ---, ---, ---, ---, ---, ---, ---, ---, ---, ---, 
[901.400s][info][gc,stats       ] Concurrent Cleanup                17663 us
[901.400s][info][gc,stats       ] Concurrent Evacuation              3477 us
[901.400s][info][gc,stats       ] Pause Init  Update Refs (G)         544 us
[901.400s][info][gc,stats       ] Pause Init  Update Refs (N)         152 us
[901.400s][info][gc,stats       ]   Retire GCLABs                     127 us
[901.400s][info][gc,stats       ] Concurrent Update Refs            16758 us
[901.400s][info][gc,stats       ] Pause Final Update Refs (G)         644 us
[901.400s][info][gc,stats       ] Pause Final Update Refs (N)         210 us
[901.400s][info][gc,stats       ]   Update Roots                      147 us, parallelism: 1.24x
[901.400s][info][gc,stats       ]     UR: <total>                     182 us
[901.400s][info][gc,stats       ]     UR: Thread Roots                182 us, workers (us):  89,  61,  28,   4,   0,   0, ---, ---, ---, ---, ---, ---, ---, ---, ---, ---, ---, ---, ---, ---, ---, ---, ---, ---, 
[901.400s][info][gc,stats       ]   Update Region States               22 us
[901.401s][info][gc,stats       ]   Trash Collection Set               15 us
[901.401s][info][gc,stats       ]   Rebuild Free Set                   14 us
[901.401s][info][gc,stats       ] Concurrent Cleanup                  912 us
[901.401s][info][gc,stats       ] Pacing                           121295 us
[901.401s][info][gc,stats       ] 
[901.401s][info][gc,stats       ] Allocation pacing accrued:
[901.401s][info][gc,stats       ]     121 of   163 ms ( 74.3%): pl.nadoba.jvm.gc.benchmark.App.main()
[901.401s][info][gc,stats       ]     121 of   163 ms ( 74.3%): <total>
[901.401s][info][gc,stats       ]      12 of   163 ms (  7.4%): <average total>
[901.401s][info][gc,stats       ]     121 of   163 ms ( 74.3%): <average non-zero>
[901.401s][info][gc,stats       ] 
[901.401s][info][gc,metaspace   ] Metaspace: 24281K->24281K(1071104K)
[901.401s][info][gc,ergo        ] Pacer for Idle. Initial: 5242K, Alloc Tax Rate: 1.0x
[901.402s][info][gc             ] Trigger: Start next cycle immediately
[901.402s][info][gc,ergo        ] Free: 51312K, Max: 256K regular, 38400K humongous, Frag: 25% external, 7% internal; Reserve: 13312K, Max: 256K
[901.402s][info][gc,start       ] GC(6778) Concurrent reset
[901.402s][info][gc,task        ] GC(6778) Using 6 of 24 workers for concurrent reset
[901.402s][info][gc,ergo        ] GC(6778) Pacer for Reset. Non-Taxable: 256M
[901.403s][info][gc             ] GC(6778) Concurrent reset 1.007ms
[901.403s][info][gc,start       ] GC(6778) Pause Init Mark (process weakrefs)
[901.403s][info][gc,task        ] GC(6778) Using 6 of 24 workers for init marking
[901.406s][info][gc,ergo        ] GC(6778) Pacer for Mark. Expected Live: 11687K, Free: 46704K, Non-Taxable: 4670K, Alloc Tax Rate: 0.3x
[901.406s][info][gc             ] GC(6778) Pause Init Mark (process weakrefs) 2.721ms
[901.406s][info][gc,start       ] GC(6778) Concurrent marking (process weakrefs)
[901.406s][info][gc,task        ] GC(6778) Using 6 of 24 workers for concurrent marking
[901.472s][info][gc             ] GC(6778) Concurrent marking (process weakrefs) 65.538ms
[901.472s][info][gc,start       ] GC(6778) Concurrent precleaning
[901.472s][info][gc,task        ] GC(6778) Using 1 of 24 workers for concurrent preclean
[901.472s][info][gc,ergo        ] GC(6778) Pacer for Precleaning. Non-Taxable: 256M
[901.475s][info][gc             ] GC(6778) Concurrent precleaning 3.035ms
[901.475s][info][gc,start       ] GC(6778) Pause Final Mark (process weakrefs)
[901.475s][info][gc,task        ] GC(6778) Using 6 of 24 workers for final marking
[901.476s][info][gc,ergo        ] GC(6778) Collectable Garbage: 179M (100%), Immediate: 178M (99%), CSet: 999K (0%)
[901.479s][info][gc,ergo        ] GC(6778) Pacer for Evacuation. Used CSet: 4859K, Free: 194M, Non-Taxable: 19876K, Alloc Tax Rate: 1.1x
[901.479s][info][gc             ] GC(6778) Pause Final Mark (process weakrefs) 4.426ms
[901.479s][info][gc,start       ] GC(6778) Concurrent cleanup
[901.505s][info][gc             ] GC(6778) Concurrent cleanup 225M->75M(256M) 25.861ms
[901.505s][info][gc,ergo        ] GC(6778) Free: 164M, Max: 256K regular, 98560K humongous, Frag: 42% external, 1% internal; Reserve: 12541K, Max: 256K
[901.505s][info][gc,start       ] GC(6778) Concurrent evacuation
[901.505s][info][gc,task        ] GC(6778) Using 6 of 24 workers for concurrent evacuation
[901.509s][info][gc             ] GC(6778) Concurrent evacuation 3.371ms
[901.509s][info][gc,start       ] GC(6778) Pause Init Update Refs
[901.509s][info][gc,ergo        ] GC(6778) Pacer for Update Refs. Used: 81552K, Free: 164M, Non-Taxable: 16881K, Alloc Tax Rate: 1.1x
[901.509s][info][gc             ] GC(6778) Pause Init Update Refs 0.261ms
[901.509s][info][gc,start       ] GC(6778) Concurrent update references
[901.509s][info][gc,task        ] GC(6778) Using 6 of 24 workers for concurrent reference update
[901.527s][info][gc             ] GC(6778) Concurrent update references 17.692ms
[901.528s][info][gc,start       ] GC(6778) Pause Final Update Refs
[901.528s][info][gc,task        ] GC(6778) Using 6 of 24 workers for final reference update
[901.528s][info][gc             ] GC(6778) Pause Final Update Refs 0.277ms
[901.528s][info][gc,start       ] GC(6778) Concurrent cleanup
[901.529s][info][gc             ] GC(6778) Concurrent cleanup 135M->130M(256M) 0.773ms
[901.529s][info][gc             ] GC(6778) Dat log --- cycle is complete
Current gc epoch: 5497
heap: ______
capacity: 268435456
used: 137254288
committed: 268435456
bytes_allocated_since_gc_start: 137888272
hot_size: 0
cold_size: 2406292
num_regions: 1024
hot_region_count: 18446744073709406131
cold_region_count: 145504
histogram: Placeholder

[901.529s][info][gc             ] GC(6778) Obj count ac histogram
[901.529s][info][gc             ] GC(6778) 	0: 217418
[901.529s][info][gc             ] GC(6778) 	1: 15
[901.529s][info][gc             ] GC(6778) 	2: 4695
[901.529s][info][gc             ] GC(6778) 	3: 4301
[901.529s][info][gc             ] GC(6778) 	4: 892
[901.529s][info][gc             ] GC(6778) 	5: 15
[901.529s][info][gc             ] GC(6778) 	6: 0
[901.529s][info][gc             ] GC(6778) 	7: 0
[901.529s][info][gc             ] GC(6778) 	8: 0
[901.529s][info][gc             ] GC(6778) 	9: 0
[901.529s][info][gc             ] GC(6778) 	10: 0
[901.529s][info][gc             ] GC(6778) 	11: 0
[901.529s][info][gc             ] GC(6778) 	12: 0
[901.529s][info][gc             ] GC(6778) 	13: 0
[901.529s][info][gc             ] GC(6778) 	14: 0
[901.529s][info][gc             ] GC(6778) 	15: 0
[901.529s][info][gc             ] GC(6778) 	16: 0
[901.529s][info][gc             ] GC(6778) 	17: 0
[901.529s][info][gc             ] GC(6778) 	18: 0
[901.529s][info][gc             ] GC(6778) 	19: 0
[901.529s][info][gc             ] GC(6778) Obj size ac histogram
[901.529s][info][gc             ] GC(6778) 	0: 1550617
[901.529s][info][gc             ] GC(6778) 	1: 720
[901.529s][info][gc             ] GC(6778) 	2: 68866
[901.529s][info][gc             ] GC(6778) 	3: 41007
[901.529s][info][gc             ] GC(6778) 	4: 5533
[901.529s][info][gc             ] GC(6778) 	5: 150
[901.529s][info][gc             ] GC(6778) 	6: 0
[901.529s][info][gc             ] GC(6778) 	7: 0
[901.529s][info][gc             ] GC(6778) 	8: 0
[901.529s][info][gc             ] GC(6778) 	9: 0
[901.529s][info][gc             ] GC(6778) 	10: 0
[901.529s][info][gc             ] GC(6778) 	11: 0
[901.529s][info][gc             ] GC(6778) 	12: 0
[901.529s][info][gc             ] GC(6778) 	13: 0
[901.529s][info][gc             ] GC(6778) 	14: 0
[901.529s][info][gc             ] GC(6778) 	15: 0
[901.529s][info][gc             ] GC(6778) 	16: 0
[901.529s][info][gc             ] GC(6778) 	17: 0
[901.529s][info][gc             ] GC(6778) 	18: 0
[901.529s][info][gc             ] GC(6778) 	19: 0
[901.529s][info][gc,ergo        ] Free: 105M, Max: 256K regular, 98560K humongous, Frag: 9% external, 3% internal; Reserve: 13312K, Max: 256K
[901.529s][info][gc,stats       ] 
[901.529s][info][gc,stats       ] All times are wall-clock times, except per-root-class counters, that are sum over
[901.529s][info][gc,stats       ] all workers. Dividing the <total> over the root stage time estimates parallelism.
[901.529s][info][gc,stats       ] 
[901.529s][info][gc,stats       ] Concurrent Reset                    989 us
[901.529s][info][gc,stats       ] Pause Init Mark (G)                3120 us
[901.529s][info][gc,stats       ] Pause Init Mark (N)                2695 us
[901.529s][info][gc,stats       ]   Accumulate Stats                    5 us
[901.529s][info][gc,stats       ]   Make Parsable                      38 us
[901.529s][info][gc,stats       ]   Update Region States               15 us
[901.529s][info][gc,stats       ]   Scan Roots                       2071 us, parallelism: 2.09x
[901.529s][info][gc,stats       ]     S: <total>                     4330 us
[901.529s][info][gc,stats       ]     S: Thread Roots                 493 us, workers (us): 104, 130,   3, 252,   2,   2, ---, ---, ---, ---, ---, ---, ---, ---, ---, ---, ---, ---, ---, ---, ---, ---, ---, ---, 
[901.529s][info][gc,stats       ]     S: Universe Roots                57 us, workers (us):  57, ---, ---, ---, ---, ---, ---, ---, ---, ---, ---, ---, ---, ---, ---, ---, ---, ---, ---, ---, ---, ---, ---, ---, 
[901.529s][info][gc,stats       ]     S: JNI Handles Roots             28 us, workers (us): ---, ---, ---,  28, ---, ---, ---, ---, ---, ---, ---, ---, ---, ---, ---, ---, ---, ---, ---, ---, ---, ---, ---, ---, 
[901.529s][info][gc,stats       ]     S: Synchronizer Roots             1 us, workers (us): ---,   1, ---, ---, ---, ---, ---, ---, ---, ---, ---, ---, ---, ---, ---, ---, ---, ---, ---, ---, ---, ---, ---, ---, 
[901.529s][info][gc,stats       ]     S: Management Roots               2 us, workers (us): ---,   2, ---, ---, ---, ---, ---, ---, ---, ---, ---, ---, ---, ---, ---, ---, ---, ---, ---, ---, ---, ---, ---, ---, 
[901.529s][info][gc,stats       ]     S: System Dict Roots             52 us, workers (us): ---,  52, ---, ---, ---, ---, ---, ---, ---, ---, ---, ---, ---, ---, ---, ---, ---, ---, ---, ---, ---, ---, ---, ---, 
[901.529s][info][gc,stats       ]     S: CLDG Roots                  3696 us, workers (us): ---, ---, 1551, ---, 1893, 252, ---, ---, ---, ---, ---, ---, ---, ---, ---, ---, ---, ---, ---, ---, ---, ---, ---, ---, 
[901.529s][info][gc,stats       ]     S: JVMTI Roots                    1 us, workers (us): ---, ---,   1, ---, ---, ---, ---, ---, ---, ---, ---, ---, ---, ---, ---, ---, ---, ---, ---, ---, ---, ---, ---, ---, 
[901.529s][info][gc,stats       ]   Resize TLABs                        5 us
[901.530s][info][gc,stats       ] Concurrent Marking                65496 us
[901.530s][info][gc,stats       ] Concurrent Precleaning             3012 us
[901.530s][info][gc,stats       ] Pause Final Mark (G)               4665 us
[901.530s][info][gc,stats       ] Pause Final Mark (N)               4391 us
[901.530s][info][gc,stats       ]   Finish Queues                     195 us
[901.530s][info][gc,stats       ]   Weak References                    33 us
[901.530s][info][gc,stats       ]     Process                          25 us
[901.530s][info][gc,stats       ]   System Purge                      241 us
[901.530s][info][gc,stats       ]     Weak Roots                      240 us
[901.530s][info][gc,stats       ]   Update Region States               36 us
[901.530s][info][gc,stats       ]   Retire TLABs                       49 us
[901.530s][info][gc,stats       ]   Choose Collection Set             734 us
[901.530s][info][gc,stats       ]   Rebuild Free Set                   42 us
[901.530s][info][gc,stats       ]   Initial Evacuation               3040 us, parallelism: 1.78x
[901.530s][info][gc,stats       ]     E: <total>                     5409 us
[901.530s][info][gc,stats       ]     E: Thread Roots                 200 us, workers (us):  64,   1,   3,   1,   1, 130, ---, ---, ---, ---, ---, ---, ---, ---, ---, ---, ---, ---, ---, ---, ---, ---, ---, ---, 
[901.530s][info][gc,stats       ]     E: Code Cache Roots            4334 us, workers (us): 310, 531, 824, 1016, 968, 685, ---, ---, ---, ---, ---, ---, ---, ---, ---, ---, ---, ---, ---, ---, ---, ---, ---, ---, 
[901.530s][info][gc,stats       ]     E: Universe Roots                 2 us, workers (us):   2, ---, ---, ---, ---, ---, ---, ---, ---, ---, ---, ---, ---, ---, ---, ---, ---, ---, ---, ---, ---, ---, ---, ---, 
[901.530s][info][gc,stats       ]     E: JNI Handles Roots              1 us, workers (us):   1, ---, ---, ---, ---, ---, ---, ---, ---, ---, ---, ---, ---, ---, ---, ---, ---, ---, ---, ---, ---, ---, ---, ---, 
[901.530s][info][gc,stats       ]     E: Synchronizer Roots             0 us, workers (us):   0, ---, ---, ---, ---, ---, ---, ---, ---, ---, ---, ---, ---, ---, ---, ---, ---, ---, ---, ---, ---, ---, ---, ---, 
[901.530s][info][gc,stats       ]     E: Management Roots               2 us, workers (us):   2, ---, ---, ---, ---, ---, ---, ---, ---, ---, ---, ---, ---, ---, ---, ---, ---, ---, ---, ---, ---, ---, ---, ---, 
[901.530s][info][gc,stats       ]     E: System Dict Roots              6 us, workers (us):   6, ---, ---, ---, ---, ---, ---, ---, ---, ---, ---, ---, ---, ---, ---, ---, ---, ---, ---, ---, ---, ---, ---, ---, 
[901.530s][info][gc,stats       ]     E: CLDG Roots                   863 us, workers (us): 468, 329, ---, ---, ---,  66, ---, ---, ---, ---, ---, ---, ---, ---, ---, ---, ---, ---, ---, ---, ---, ---, ---, ---, 
[901.530s][info][gc,stats       ]     E: JVMTI Roots                    1 us, workers (us): ---,   1, ---, ---, ---, ---, ---, ---, ---, ---, ---, ---, ---, ---, ---, ---, ---, ---, ---, ---, ---, ---, ---, ---, 
[901.530s][info][gc,stats       ] Concurrent Cleanup                25815 us
[901.530s][info][gc,stats       ] Concurrent Evacuation              3349 us
[901.530s][info][gc,stats       ] Pause Init  Update Refs (G)         500 us
[901.530s][info][gc,stats       ] Pause Init  Update Refs (N)         216 us
[901.530s][info][gc,stats       ]   Retire GCLABs                     188 us
[901.530s][info][gc,stats       ] Concurrent Update Refs            17673 us
[901.530s][info][gc,stats       ] Pause Final Update Refs (G)        1271 us
[901.530s][info][gc,stats       ] Pause Final Update Refs (N)         233 us
[901.530s][info][gc,stats       ]   Update Roots                      137 us, parallelism: 1.39x
[901.530s][info][gc,stats       ]     UR: <total>                     191 us
[901.530s][info][gc,stats       ]     UR: Thread Roots                191 us, workers (us):  76,  25,  24,  37,  29,   1, ---, ---, ---, ---, ---, ---, ---, ---, ---, ---, ---, ---, ---, ---, ---, ---, ---, ---, 
[901.530s][info][gc,stats       ]   Update Region States               29 us
[901.530s][info][gc,stats       ]   Trash Collection Set               11 us
[901.530s][info][gc,stats       ]   Rebuild Free Set                   32 us
[901.530s][info][gc,stats       ] Concurrent Cleanup                  746 us
[901.530s][info][gc,stats       ] Pacing                            94293 us
[901.530s][info][gc,stats       ] 
[901.530s][info][gc,stats       ] Allocation pacing accrued:
[901.530s][info][gc,stats       ]      94 of   129 ms ( 73.0%): pl.nadoba.jvm.gc.benchmark.App.main()
[901.530s][info][gc,stats       ]      94 of   129 ms ( 73.0%): <total>
[901.530s][info][gc,stats       ]       9 of   129 ms (  7.3%): <average total>
[901.530s][info][gc,stats       ]      94 of   129 ms ( 73.0%): <average non-zero>
[901.530s][info][gc,stats       ] 
[901.530s][info][gc,metaspace   ] Metaspace: 24281K->24281K(1071104K)
[901.530s][info][gc,ergo        ] Pacer for Idle. Initial: 5242K, Alloc Tax Rate: 1.0x
[901.531s][info][gc             ] Trigger: Start next cycle immediately
[901.531s][info][gc,ergo        ] Free: 104M, Max: 256K regular, 98560K humongous, Frag: 8% external, 3% internal; Reserve: 13312K, Max: 256K
[901.531s][info][gc,start       ] GC(6779) Concurrent reset
[901.531s][info][gc,task        ] GC(6779) Using 6 of 24 workers for concurrent reset
[901.531s][info][gc,ergo        ] GC(6779) Pacer for Reset. Non-Taxable: 256M
[901.532s][info][gc             ] GC(6779) Concurrent reset 0.666ms
[901.533s][info][gc,start       ] GC(6779) Pause Init Mark (process weakrefs)
[901.533s][info][gc,task        ] GC(6779) Using 6 of 24 workers for init marking
[901.537s][info][gc,ergo        ] GC(6779) Pacer for Mark. Expected Live: 11892K, Free: 99179K, Non-Taxable: 9917K, Alloc Tax Rate: 0.1x
[901.537s][info][gc             ] GC(6779) Pause Init Mark (process weakrefs) 3.948ms
[901.537s][info][gc,start       ] GC(6779) Concurrent marking (process weakrefs)
[901.537s][info][gc,task        ] GC(6779) Using 6 of 24 workers for concurrent marking
[901.597s][info][gc             ] GC(6779) Concurrent marking (process weakrefs) 59.999ms
[901.597s][info][gc,start       ] GC(6779) Concurrent precleaning
[901.597s][info][gc,task        ] GC(6779) Using 1 of 24 workers for concurrent preclean
[901.597s][info][gc,ergo        ] GC(6779) Pacer for Precleaning. Non-Taxable: 256M
[901.599s][info][gc             ] GC(6779) Concurrent precleaning 2.476ms
[901.600s][info][gc,start       ] GC(6779) Pause Final Mark (process weakrefs)
[901.600s][info][gc,task        ] GC(6779) Using 6 of 24 workers for final marking
[901.601s][info][gc,ergo        ] GC(6779) Collectable Garbage: 123M (100%), Immediate: 122M (99%), CSet: 1260K (0%)
[901.604s][info][gc,ergo        ] GC(6779) Pacer for Evacuation. Used CSet: 5120K, Free: 156M, Non-Taxable: 15985K, Alloc Tax Rate: 1.1x
[901.604s][info][gc             ] GC(6779) Pause Final Mark (process weakrefs) 4.590ms
[901.604s][info][gc,start       ] GC(6779) Concurrent cleanup
[901.623s][info][gc             ] GC(6779) Concurrent cleanup 205M->106M(256M) 18.943ms
[901.623s][info][gc,ergo        ] GC(6779) Free: 131M, Max: 256K regular, 66816K humongous, Frag: 51% external, 2% internal; Reserve: 12509K, Max: 256K
[901.623s][info][gc,start       ] GC(6779) Concurrent evacuation
[901.623s][info][gc,task        ] GC(6779) Using 6 of 24 workers for concurrent evacuation
[901.628s][info][gc             ] GC(6779) Concurrent evacuation 4.807ms
[901.628s][info][gc,start       ] GC(6779) Pause Init Update Refs
[901.629s][info][gc,ergo        ] GC(6779) Pacer for Update Refs. Used: 110M, Free: 131M, Non-Taxable: 13450K, Alloc Tax Rate: 1.1x
[901.629s][info][gc             ] GC(6779) Pause Init Update Refs 0.265ms
[901.629s][info][gc,start       ] GC(6779) Concurrent update references
[901.629s][info][gc,task        ] GC(6779) Using 6 of 24 workers for concurrent reference update
[901.645s][info][gc             ] GC(6779) Concurrent update references 16.652ms
[901.646s][info][gc,start       ] GC(6779) Pause Final Update Refs
[901.646s][info][gc,task        ] GC(6779) Using 6 of 24 workers for final reference update
[901.646s][info][gc             ] GC(6779) Pause Final Update Refs 0.308ms
[901.646s][info][gc,start       ] GC(6779) Concurrent cleanup
[901.647s][info][gc             ] GC(6779) Concurrent cleanup 176M->171M(256M) 0.789ms
[901.647s][info][gc             ] GC(6779) Dat log --- cycle is complete
Current gc epoch: 5498
heap: ______
capacity: 268435456
used: 180246064
committed: 268435456
bytes_allocated_since_gc_start: 178782736
hot_size: 0
cold_size: 3979156
num_regions: 1024
hot_region_count: 18446744073709406112
cold_region_count: 145523
histogram: Placeholder

[901.647s][info][gc             ] GC(6779) Obj count ac histogram
[901.647s][info][gc             ] GC(6779) 	0: 199417
[901.647s][info][gc             ] GC(6779) 	1: 15
[901.647s][info][gc             ] GC(6779) 	2: 4685
[901.647s][info][gc             ] GC(6779) 	3: 4369
[901.647s][info][gc             ] GC(6779) 	4: 818
[901.647s][info][gc             ] GC(6779) 	5: 15
[901.647s][info][gc             ] GC(6779) 	6: 0
[901.647s][info][gc             ] GC(6779) 	7: 0
[901.647s][info][gc             ] GC(6779) 	8: 0
[901.647s][info][gc             ] GC(6779) 	9: 0
[901.647s][info][gc             ] GC(6779) 	10: 0
[901.647s][info][gc             ] GC(6779) 	11: 0
[901.647s][info][gc             ] GC(6779) 	12: 0
[901.647s][info][gc             ] GC(6779) 	13: 0
[901.647s][info][gc             ] GC(6779) 	14: 0
[901.647s][info][gc             ] GC(6779) 	15: 0
[901.647s][info][gc             ] GC(6779) 	16: 0
[901.647s][info][gc             ] GC(6779) 	17: 0
[901.647s][info][gc             ] GC(6779) 	18: 0
[901.647s][info][gc             ] GC(6779) 	19: 0
[901.647s][info][gc             ] GC(6779) Obj size ac histogram
[901.647s][info][gc             ] GC(6779) 	0: 2204027
[901.647s][info][gc             ] GC(6779) 	1: 720
[901.647s][info][gc             ] GC(6779) 	2: 67822
[901.647s][info][gc             ] GC(6779) 	3: 41736
[901.647s][info][gc             ] GC(6779) 	4: 5013
[901.647s][info][gc             ] GC(6779) 	5: 150
[901.647s][info][gc             ] GC(6779) 	6: 0
[901.647s][info][gc             ] GC(6779) 	7: 0
[901.647s][info][gc             ] GC(6779) 	8: 0
[901.647s][info][gc             ] GC(6779) 	9: 0
[901.647s][info][gc             ] GC(6779) 	10: 0
[901.647s][info][gc             ] GC(6779) 	11: 0
[901.647s][info][gc             ] GC(6779) 	12: 0
[901.647s][info][gc             ] GC(6779) 	13: 0
[901.647s][info][gc             ] GC(6779) 	14: 0
[901.647s][info][gc             ] GC(6779) 	15: 0
[901.647s][info][gc             ] GC(6779) 	16: 0
[901.647s][info][gc             ] GC(6779) 	17: 0
[901.647s][info][gc             ] GC(6779) 	18: 0
[901.647s][info][gc             ] GC(6779) 	19: 0
[901.647s][info][gc,ergo        ] Free: 64619K, Max: 256K regular, 30464K humongous, Frag: 53% external, 5% internal; Reserve: 13312K, Max: 256K
[901.648s][info][gc,stats       ] 
[901.648s][info][gc,stats       ] All times are wall-clock times, except per-root-class counters, that are sum over
[901.648s][info][gc,stats       ] all workers. Dividing the <total> over the root stage time estimates parallelism.
[901.648s][info][gc,stats       ] 
[901.648s][info][gc,stats       ] Concurrent Reset                    652 us
[901.648s][info][gc,stats       ] Pause Init Mark (G)                5038 us
[901.648s][info][gc,stats       ] Pause Init Mark (N)                3904 us
[901.648s][info][gc,stats       ]   Accumulate Stats                    8 us
[901.648s][info][gc,stats       ]   Make Parsable                      56 us
[901.648s][info][gc,stats       ]   Update Region States               15 us
[901.648s][info][gc,stats       ]   Scan Roots                       2900 us, parallelism: 1.58x
[901.648s][info][gc,stats       ]     S: <total>                     4581 us
[901.648s][info][gc,stats       ]     S: Thread Roots                 411 us, workers (us): 195, 133,   2,   2,   2,  78, ---, ---, ---, ---, ---, ---, ---, ---, ---, ---, ---, ---, ---, ---, ---, ---, ---, ---, 
[901.648s][info][gc,stats       ]     S: Universe Roots                18 us, workers (us):  18, ---, ---, ---, ---, ---, ---, ---, ---, ---, ---, ---, ---, ---, ---, ---, ---, ---, ---, ---, ---, ---, ---, ---, 
[901.648s][info][gc,stats       ]     S: JNI Handles Roots             13 us, workers (us):  13, ---, ---, ---, ---, ---, ---, ---, ---, ---, ---, ---, ---, ---, ---, ---, ---, ---, ---, ---, ---, ---, ---, ---, 
[901.648s][info][gc,stats       ]     S: Synchronizer Roots             1 us, workers (us): ---,   1, ---, ---, ---, ---, ---, ---, ---, ---, ---, ---, ---, ---, ---, ---, ---, ---, ---, ---, ---, ---, ---, ---, 
[901.648s][info][gc,stats       ]     S: Management Roots               2 us, workers (us): ---,   2, ---, ---, ---, ---, ---, ---, ---, ---, ---, ---, ---, ---, ---, ---, ---, ---, ---, ---, ---, ---, ---, ---, 
[901.648s][info][gc,stats       ]     S: System Dict Roots             58 us, workers (us): ---,  58, ---, ---, ---, ---, ---, ---, ---, ---, ---, ---, ---, ---, ---, ---, ---, ---, ---, ---, ---, ---, ---, ---, 
[901.648s][info][gc,stats       ]     S: CLDG Roots                  4077 us, workers (us): ---, ---, 1169, 228, 2680, ---, ---, ---, ---, ---, ---, ---, ---, ---, ---, ---, ---, ---, ---, ---, ---, ---, ---, ---, 
[901.648s][info][gc,stats       ]     S: JVMTI Roots                    1 us, workers (us):   1, ---, ---, ---, ---, ---, ---, ---, ---, ---, ---, ---, ---, ---, ---, ---, ---, ---, ---, ---, ---, ---, ---, ---, 
[901.648s][info][gc,stats       ]   Resize TLABs                        7 us
[901.648s][info][gc,stats       ] Concurrent Marking                59959 us
[901.648s][info][gc,stats       ] Concurrent Precleaning             2449 us
[901.648s][info][gc,stats       ] Pause Final Mark (G)               4952 us
[901.648s][info][gc,stats       ] Pause Final Mark (N)               4541 us
[901.648s][info][gc,stats       ]   Finish Queues                     201 us
[901.648s][info][gc,stats       ]   Weak References                    45 us
[901.648s][info][gc,stats       ]     Process                          35 us
[901.648s][info][gc,stats       ]   System Purge                      242 us
[901.648s][info][gc,stats       ]     Weak Roots                      241 us
[901.648s][info][gc,stats       ]   Update Region States               42 us
[901.648s][info][gc,stats       ]   Retire TLABs                       52 us
[901.648s][info][gc,stats       ]   Choose Collection Set             619 us
[901.648s][info][gc,stats       ]   Rebuild Free Set                   40 us
[901.648s][info][gc,stats       ]   Initial Evacuation               3273 us, parallelism: 1.59x
[901.648s][info][gc,stats       ]     E: <total>                     5192 us
[901.648s][info][gc,stats       ]     E: Thread Roots                 261 us, workers (us):  16, 209,   1,   1,  33,   1, ---, ---, ---, ---, ---, ---, ---, ---, ---, ---, ---, ---, ---, ---, ---, ---, ---, ---, 
[901.648s][info][gc,stats       ]     E: Code Cache Roots            4192 us, workers (us): 456, 585, 1023, 956, 308, 864, ---, ---, ---, ---, ---, ---, ---, ---, ---, ---, ---, ---, ---, ---, ---, ---, ---, ---, 
[901.648s][info][gc,stats       ]     E: Universe Roots                 5 us, workers (us):   5, ---, ---, ---, ---, ---, ---, ---, ---, ---, ---, ---, ---, ---, ---, ---, ---, ---, ---, ---, ---, ---, ---, ---, 
[901.648s][info][gc,stats       ]     E: JNI Handles Roots              2 us, workers (us):   2, ---, ---, ---, ---, ---, ---, ---, ---, ---, ---, ---, ---, ---, ---, ---, ---, ---, ---, ---, ---, ---, ---, ---, 
[901.648s][info][gc,stats       ]     E: Synchronizer Roots             0 us, workers (us):   0, ---, ---, ---, ---, ---, ---, ---, ---, ---, ---, ---, ---, ---, ---, ---, ---, ---, ---, ---, ---, ---, ---, ---, 
[901.648s][info][gc,stats       ]     E: Management Roots               2 us, workers (us):   2, ---, ---, ---, ---, ---, ---, ---, ---, ---, ---, ---, ---, ---, ---, ---, ---, ---, ---, ---, ---, ---, ---, ---, 
[901.648s][info][gc,stats       ]     E: System Dict Roots             12 us, workers (us):  12, ---, ---, ---, ---, ---, ---, ---, ---, ---, ---, ---, ---, ---, ---, ---, ---, ---, ---, ---, ---, ---, ---, ---, 
[901.648s][info][gc,stats       ]     E: CLDG Roots                   715 us, workers (us): 265, ---, ---, ---, 401,  50, ---, ---, ---, ---, ---, ---, ---, ---, ---, ---, ---, ---, ---, ---, ---, ---, ---, ---, 
[901.648s][info][gc,stats       ]     E: JVMTI Roots                    1 us, workers (us):   1, ---, ---, ---, ---, ---, ---, ---, ---, ---, ---, ---, ---, ---, ---, ---, ---, ---, ---, ---, ---, ---, ---, ---, 
[901.648s][info][gc,stats       ] Concurrent Cleanup                18897 us
[901.648s][info][gc,stats       ] Concurrent Evacuation              4801 us
[901.648s][info][gc,stats       ] Pause Init  Update Refs (G)         519 us
[901.648s][info][gc,stats       ] Pause Init  Update Refs (N)         224 us
[901.648s][info][gc,stats       ]   Retire GCLABs                     196 us
[901.648s][info][gc,stats       ] Concurrent Update Refs            16634 us
[901.648s][info][gc,stats       ] Pause Final Update Refs (G)        1134 us
[901.648s][info][gc,stats       ] Pause Final Update Refs (N)         259 us
[901.648s][info][gc,stats       ]   Update Roots                      167 us, parallelism: 1.16x
[901.648s][info][gc,stats       ]     UR: <total>                     193 us
[901.648s][info][gc,stats       ]     UR: Thread Roots                193 us, workers (us):  49,  37,  24,  32,  43,   8, ---, ---, ---, ---, ---, ---, ---, ---, ---, ---, ---, ---, ---, ---, ---, ---, ---, ---, 
[901.648s][info][gc,stats       ]   Update Region States               29 us
[901.648s][info][gc,stats       ]   Trash Collection Set               11 us
[901.648s][info][gc,stats       ]   Rebuild Free Set                   29 us
[901.648s][info][gc,stats       ] Concurrent Cleanup                  773 us
[901.648s][info][gc,stats       ] Pacing                            74533 us
[901.648s][info][gc,stats       ] 
[901.648s][info][gc,stats       ] Allocation pacing accrued:
[901.648s][info][gc,stats       ]      75 of   118 ms ( 63.1%): pl.nadoba.jvm.gc.benchmark.App.main()
[901.648s][info][gc,stats       ]      75 of   118 ms ( 63.1%): <total>
[901.648s][info][gc,stats       ]       7 of   118 ms (  6.3%): <average total>
[901.648s][info][gc,stats       ]      75 of   118 ms ( 63.1%): <average non-zero>
[901.648s][info][gc,stats       ] 
[901.648s][info][gc,metaspace   ] Metaspace: 24281K->24281K(1071104K)
[901.648s][info][gc,ergo        ] Pacer for Idle. Initial: 5242K, Alloc Tax Rate: 1.0x
[901.649s][info][gc             ] Trigger: Start next cycle immediately
[901.649s][info][gc,ergo        ] Free: 59243K, Max: 256K regular, 30464K humongous, Frag: 49% external, 6% internal; Reserve: 13312K, Max: 256K
[901.649s][info][gc,start       ] GC(6780) Concurrent reset
[901.649s][info][gc,task        ] GC(6780) Using 6 of 24 workers for concurrent reset
[901.649s][info][gc,ergo        ] GC(6780) Pacer for Reset. Non-Taxable: 256M
[901.650s][info][gc             ] GC(6780) Concurrent reset 0.769ms
[901.651s][info][gc,start       ] GC(6780) Pause Init Mark (process weakrefs)
[901.651s][info][gc,task        ] GC(6780) Using 6 of 24 workers for init marking
[901.655s][info][gc,ergo        ] GC(6780) Pacer for Mark. Expected Live: 12506K, Free: 50795K, Non-Taxable: 5079K, Alloc Tax Rate: 0.3x
[901.655s][info][gc             ] GC(6780) Pause Init Mark (process weakrefs) 4.021ms
[901.655s][info][gc,start       ] GC(6780) Concurrent marking (process weakrefs)
[901.655s][info][gc,task        ] GC(6780) Using 6 of 24 workers for concurrent marking
[901.696s][info][gc             ] GC(6780) Concurrent marking (process weakrefs) 41.018ms
[901.696s][info][gc,start       ] GC(6780) Concurrent precleaning
[901.696s][info][gc,task        ] GC(6780) Using 1 of 24 workers for concurrent preclean
[901.696s][info][gc,ergo        ] GC(6780) Pacer for Precleaning. Non-Taxable: 256M
[901.698s][info][gc             ] Failed to allocate Shared, 8192K
[901.698s][info][gc             ] Cancelling GC: Allocation Failure
[901.698s][info][gc             ] GC(6780) Concurrent precleaning 2.126ms
[901.699s][info][gc,start       ] GC(6780) Pause Final Mark (process weakrefs)
[901.699s][info][gc,task        ] GC(6780) Using 6 of 24 workers for final marking
[901.699s][info][gc             ] GC(6780) Pause Final Mark (process weakrefs) 0.313ms
[901.699s][info][gc,start       ] GC(6780) Concurrent cleanup
[901.699s][info][gc             ] GC(6780) Concurrent cleanup 226M->226M(256M) 0.109ms
[901.699s][info][gc,ergo        ] GC(6780) Free: 6507K, Max: 256K regular, 1536K humongous, Frag: 75% external, 31% internal; Reserve: 13312K, Max: 256K
[901.699s][info][gc             ] GC(6780) Dat log --- cycle is complete
Current gc epoch: 5499
heap: ______
capacity: 268435456
used: 237131632
committed: 268435456
bytes_allocated_since_gc_start: 54001928
hot_size: 0
cold_size: 4237720
num_regions: 1024
hot_region_count: 18446744073709406112
cold_region_count: 145523
histogram: Placeholder

[901.699s][info][gc             ] GC(6780) Obj count ac histogram
[901.699s][info][gc             ] GC(6780) 	0: 178362
[901.699s][info][gc             ] GC(6780) 	1: 15
[901.699s][info][gc             ] GC(6780) 	2: 4687
[901.699s][info][gc             ] GC(6780) 	3: 3930
[901.699s][info][gc             ] GC(6780) 	4: 740
[901.699s][info][gc             ] GC(6780) 	5: 15
[901.699s][info][gc             ] GC(6780) 	6: 0
[901.699s][info][gc             ] GC(6780) 	7: 0
[901.699s][info][gc             ] GC(6780) 	8: 0
[901.699s][info][gc             ] GC(6780) 	9: 0
[901.699s][info][gc             ] GC(6780) 	10: 0
[901.699s][info][gc             ] GC(6780) 	11: 0
[901.699s][info][gc             ] GC(6780) 	12: 0
[901.699s][info][gc             ] GC(6780) 	13: 0
[901.699s][info][gc             ] GC(6780) 	14: 0
[901.699s][info][gc             ] GC(6780) 	15: 0
[901.699s][info][gc             ] GC(6780) 	16: 0
[901.699s][info][gc             ] GC(6780) 	17: 0
[901.699s][info][gc             ] GC(6780) 	18: 0
[901.699s][info][gc             ] GC(6780) 	19: 0
[901.699s][info][gc             ] GC(6780) Obj size ac histogram
[901.699s][info][gc             ] GC(6780) 	0: 3263567
[901.699s][info][gc             ] GC(6780) 	1: 720
[901.699s][info][gc             ] GC(6780) 	2: 68189
[901.699s][info][gc             ] GC(6780) 	3: 38231
[901.699s][info][gc             ] GC(6780) 	4: 4476
[901.699s][info][gc             ] GC(6780) 	5: 150
[901.699s][info][gc             ] GC(6780) 	6: 0
[901.699s][info][gc             ] GC(6780) 	7: 0
[901.699s][info][gc             ] GC(6780) 	8: 0
[901.699s][info][gc             ] GC(6780) 	9: 0
[901.699s][info][gc             ] GC(6780) 	10: 0
[901.699s][info][gc             ] GC(6780) 	11: 0
[901.699s][info][gc             ] GC(6780) 	12: 0
[901.699s][info][gc             ] GC(6780) 	13: 0
[901.699s][info][gc             ] GC(6780) 	14: 0
[901.699s][info][gc             ] GC(6780) 	15: 0
[901.699s][info][gc             ] GC(6780) 	16: 0
[901.699s][info][gc             ] GC(6780) 	17: 0
[901.699s][info][gc             ] GC(6780) 	18: 0
[901.699s][info][gc             ] GC(6780) 	19: 0
[901.700s][info][gc,ergo        ] Free: 6507K, Max: 256K regular, 1536K humongous, Frag: 75% external, 31% internal; Reserve: 13312K, Max: 256K
[901.700s][info][gc,stats       ] 
[901.700s][info][gc,stats       ] All times are wall-clock times, except per-root-class counters, that are sum over
[901.700s][info][gc,stats       ] all workers. Dividing the <total> over the root stage time estimates parallelism.
[901.700s][info][gc,stats       ] 
[901.700s][info][gc,stats       ] Concurrent Reset                    759 us
[901.700s][info][gc,stats       ] Pause Init Mark (G)                5242 us
[901.700s][info][gc,stats       ] Pause Init Mark (N)                3977 us
[901.700s][info][gc,stats       ]   Accumulate Stats                    8 us
[901.700s][info][gc,stats       ]   Make Parsable                      56 us
[901.700s][info][gc,stats       ]   Update Region States               16 us
[901.700s][info][gc,stats       ]   Scan Roots                       2992 us, parallelism: 1.67x
[901.700s][info][gc,stats       ]     S: <total>                     4984 us
[901.700s][info][gc,stats       ]     S: Thread Roots                 428 us, workers (us): 189,  80,   2,   2,   1, 154, ---, ---, ---, ---, ---, ---, ---, ---, ---, ---, ---, ---, ---, ---, ---, ---, ---, ---, 
[901.700s][info][gc,stats       ]     S: Universe Roots                33 us, workers (us):  33, ---, ---, ---, ---, ---, ---, ---, ---, ---, ---, ---, ---, ---, ---, ---, ---, ---, ---, ---, ---, ---, ---, ---, 
[901.700s][info][gc,stats       ]     S: JNI Handles Roots             11 us, workers (us):  11, ---, ---, ---, ---, ---, ---, ---, ---, ---, ---, ---, ---, ---, ---, ---, ---, ---, ---, ---, ---, ---, ---, ---, 
[901.700s][info][gc,stats       ]     S: Synchronizer Roots             1 us, workers (us): ---,   1, ---, ---, ---, ---, ---, ---, ---, ---, ---, ---, ---, ---, ---, ---, ---, ---, ---, ---, ---, ---, ---, ---, 
[901.700s][info][gc,stats       ]     S: Management Roots               1 us, workers (us):   1, ---, ---, ---, ---, ---, ---, ---, ---, ---, ---, ---, ---, ---, ---, ---, ---, ---, ---, ---, ---, ---, ---, ---, 
[901.700s][info][gc,stats       ]     S: System Dict Roots             54 us, workers (us): ---,  54, ---, ---, ---, ---, ---, ---, ---, ---, ---, ---, ---, ---, ---, ---, ---, ---, ---, ---, ---, ---, ---, ---, 
[901.700s][info][gc,stats       ]     S: CLDG Roots                  4455 us, workers (us): ---, ---, 288, 2778, 1389, ---, ---, ---, ---, ---, ---, ---, ---, ---, ---, ---, ---, ---, ---, ---, ---, ---, ---, ---, 
[901.700s][info][gc,stats       ]     S: JVMTI Roots                    0 us, workers (us):   0, ---, ---, ---, ---, ---, ---, ---, ---, ---, ---, ---, ---, ---, ---, ---, ---, ---, ---, ---, ---, ---, ---, ---, 
[901.700s][info][gc,stats       ]   Resize TLABs                        7 us
[901.700s][info][gc,stats       ] Concurrent Marking                40967 us
[901.700s][info][gc,stats       ] Concurrent Precleaning             2103 us
[901.700s][info][gc,stats       ] Pause Final Mark (G)                596 us
[901.700s][info][gc,stats       ] Pause Final Mark (N)                271 us
[901.700s][info][gc,stats       ] Concurrent Cleanup                   85 us
[901.700s][info][gc,stats       ] Pacing                            33923 us
[901.700s][info][gc,stats       ] 
[901.700s][info][gc,stats       ] Allocation pacing accrued:
[901.700s][info][gc,stats       ]      34 of    52 ms ( 65.2%): pl.nadoba.jvm.gc.benchmark.App.main()
[901.700s][info][gc,stats       ]      34 of    52 ms ( 65.2%): <total>
[901.700s][info][gc,stats       ]       3 of    52 ms (  6.5%): <average total>
[901.700s][info][gc,stats       ]      34 of    52 ms ( 65.2%): <average non-zero>
[901.700s][info][gc,stats       ] 
[901.700s][info][gc,metaspace   ] Metaspace: 24281K->24281K(1071104K)
[901.700s][info][gc,ergo        ] Pacer for Idle. Initial: 5242K, Alloc Tax Rate: 1.0x
[901.701s][info][gc             ] Trigger: Handle Allocation Failure
[901.701s][info][gc,ergo        ] Free: 6507K, Max: 256K regular, 1536K humongous, Frag: 75% external, 31% internal; Reserve: 13312K, Max: 256K
[901.701s][info][gc,start       ] GC(6781) Pause Degenerated GC (Outside of Cycle)
[901.701s][info][gc,task        ] GC(6781) Using 6 of 24 workers for stw degenerated gc
[901.702s][info][gc,ergo        ] GC(6781) Pacer for Reset. Non-Taxable: 256M
[901.704s][info][gc,ergo        ] GC(6781) Pacer for Mark. Expected Live: 13735K, Free: 6507K, Non-Taxable: 650K, Alloc Tax Rate: 2.6x
[901.821s][info][gc,stringtable ] GC(6781) Cleaned string and symbol table, strings: 8172 processed, 0 removed, symbols: 68000 processed, 0 removed
[901.822s][info][gc,ergo        ] GC(6781) Collectable Garbage: 217M (100%), Immediate: 216M (99%), CSet: 1260K (0%)
[901.822s][info][gc,ergo        ] GC(6781) Pacer for Evacuation. Used CSet: 5120K, Free: 233M, Non-Taxable: 23895K, Alloc Tax Rate: 1.1x
[901.853s][info][gc,ergo        ] GC(6781) Pacer for Update Refs. Used: 14740K, Free: 233M, Non-Taxable: 23895K, Alloc Tax Rate: 1.1x
[901.869s][info][gc,ergo        ] GC(6781) Good progress for free space: 233M, need 2621K
[901.869s][info][gc,ergo        ] GC(6781) Good progress for used space: 216M, need 256K
[901.869s][info][gc             ] GC(6781) Pause Degenerated GC (Outside of Cycle) 226M->9M(256M) 168.031ms
[901.870s][info][gc,ergo        ] Free: 233M, Max: 256K regular, 228M humongous, Frag: 2% external, 1% internal; Reserve: 13312K, Max: 256K
[901.870s][info][gc,stats       ] 
[901.870s][info][gc,stats       ] All times are wall-clock times, except per-root-class counters, that are sum over
[901.870s][info][gc,stats       ] all workers. Dividing the <total> over the root stage time estimates parallelism.
[901.870s][info][gc,stats       ] 
[901.870s][info][gc,stats       ]   Accumulate Stats                    9 us
[901.870s][info][gc,stats       ]   Make Parsable                      53 us
[901.870s][info][gc,stats       ]   Update Region States               15 us
[901.870s][info][gc,stats       ]   Scan Roots                       1000 us, parallelism: 1.39x
[901.870s][info][gc,stats       ]     S: <total>                     1389 us
[901.870s][info][gc,stats       ]     S: Thread Roots                 340 us, workers (us):  36,  20,   2,  42, 162,  78, ---, ---, ---, ---, ---, ---, ---, ---, ---, ---, ---, ---, ---, ---, ---, ---, ---, ---, 
[901.870s][info][gc,stats       ]     S: Universe Roots                86 us, workers (us):  86, ---, ---, ---, ---, ---, ---, ---, ---, ---, ---, ---, ---, ---, ---, ---, ---, ---, ---, ---, ---, ---, ---, ---, 
[901.870s][info][gc,stats       ]     S: JNI Handles Roots             34 us, workers (us): ---, ---, ---,  34, ---, ---, ---, ---, ---, ---, ---, ---, ---, ---, ---, ---, ---, ---, ---, ---, ---, ---, ---, ---, 
[901.870s][info][gc,stats       ]     S: Synchronizer Roots             1 us, workers (us): ---,   1, ---, ---, ---, ---, ---, ---, ---, ---, ---, ---, ---, ---, ---, ---, ---, ---, ---, ---, ---, ---, ---, ---, 
[901.870s][info][gc,stats       ]     S: Management Roots               3 us, workers (us): ---,   3, ---, ---, ---, ---, ---, ---, ---, ---, ---, ---, ---, ---, ---, ---, ---, ---, ---, ---, ---, ---, ---, ---, 
[901.870s][info][gc,stats       ]     S: System Dict Roots             58 us, workers (us): ---,  58, ---, ---, ---, ---, ---, ---, ---, ---, ---, ---, ---, ---, ---, ---, ---, ---, ---, ---, ---, ---, ---, ---, 
[901.870s][info][gc,stats       ]     S: CLDG Roots                   866 us, workers (us): ---, ---, 842, ---,  24, ---, ---, ---, ---, ---, ---, ---, ---, ---, ---, ---, ---, ---, ---, ---, ---, ---, ---, ---, 
[901.870s][info][gc,stats       ]     S: JVMTI Roots                    1 us, workers (us): ---, ---,   1, ---, ---, ---, ---, ---, ---, ---, ---, ---, ---, ---, ---, ---, ---, ---, ---, ---, ---, ---, ---, ---, 
[901.870s][info][gc,stats       ]   Resize TLABs                        5 us
[901.870s][info][gc,stats       ]   Finish Queues                   56538 us
[901.870s][info][gc,stats       ]   Weak References                  3675 us
[901.870s][info][gc,stats       ]     Process                        3662 us
[901.870s][info][gc,stats       ]   System Purge                      332 us
[901.870s][info][gc,stats       ]     Unload Classes                  120 us
[901.870s][info][gc,stats       ]     Cleanup                       56170 us, parallelism: 1.71x
[901.870s][info][gc,stats       ]       CU: <total>                 96299 us
[901.870s][info][gc,stats       ]       CU: Code Cache Roots        76222 us, workers (us): 12622, 12683, 12670, 12937, 12675, 12636, ---, ---, ---, ---, ---, ---, ---, ---, ---, ---, ---, ---, ---, ---, ---, ---, ---, ---, 
[901.870s][info][gc,stats       ]       CU: Code Cache Cleaning      4712 us, workers (us): 1010, 722, 740, 739, 764, 737, ---, ---, ---, ---, ---, ---, ---, ---, ---, ---, ---, ---, ---, ---, ---, ---, ---, ---, 
[901.870s][info][gc,stats       ]       CU: String Table Roots       3316 us, workers (us): 659, 593, 600, 329, 548, 587, ---, ---, ---, ---, ---, ---, ---, ---, ---, ---, ---, ---, ---, ---, ---, ---, ---, ---, 
[901.870s][info][gc,stats       ]       CU: Resolved Table Roots       19 us, workers (us):   0,  19,   0,   0,   0,   0, ---, ---, ---, ---, ---, ---, ---, ---, ---, ---, ---, ---, ---, ---, ---, ---, ---, ---, 
[901.870s][info][gc,stats       ]       CU: CLDG Roots              12029 us, workers (us): 1759, 2080, 2089, 2021, 2059, 2021, ---, ---, ---, ---, ---, ---, ---, ---, ---, ---, ---, ---, ---, ---, ---, ---, ---, ---, 
[901.870s][info][gc,stats       ]     Weak Roots                      331 us
[901.870s][info][gc,stats       ]     CLDG                              0 us
[901.870s][info][gc,stats       ]   Update Region States               19 us
[901.870s][info][gc,stats       ]   Retire TLABs                        7 us
[901.870s][info][gc,stats       ]   Choose Collection Set             573 us
[901.870s][info][gc,stats       ]   Rebuild Free Set                   18 us
[901.870s][info][gc,stats       ]   Initial Evacuation                  7 us
[901.870s][info][gc,stats       ]   Retire GCLABs                     161 us
[901.870s][info][gc,stats       ]   Finish Work                     14375 us
[901.870s][info][gc,stats       ]   Update Region States               24 us
[901.870s][info][gc,stats       ]   Trash Collection Set                6 us
[901.870s][info][gc,stats       ]   Rebuild Free Set                   19 us
[901.870s][info][gc,stats       ] Pause Degenerated GC (G)         168318 us
[901.870s][info][gc,stats       ] Pause Degenerated GC (N)         167989 us
[901.870s][info][gc,stats       ]   Degen Update Roots               1523 us, parallelism: 3.36x
[901.870s][info][gc,stats       ]     DU: <total>                    5114 us
[901.870s][info][gc,stats       ]     DU: Thread Roots                184 us, workers (us):  56,   1,  76,  12,   2,  37, ---, ---, ---, ---, ---, ---, ---, ---, ---, ---, ---, ---, ---, ---, ---, ---, ---, ---, 
[901.870s][info][gc,stats       ]     DU: Code Cache Roots           4275 us, workers (us): 713, 858, 664, 458, 1153, 429, ---, ---, ---, ---, ---, ---, ---, ---, ---, ---, ---, ---, ---, ---, ---, ---, ---, ---, 
[901.870s][info][gc,stats       ]     DU: Universe Roots                4 us, workers (us):   4, ---, ---, ---, ---, ---, ---, ---, ---, ---, ---, ---, ---, ---, ---, ---, ---, ---, ---, ---, ---, ---, ---, ---, 
[901.870s][info][gc,stats       ]     DU: JNI Handles Roots             3 us, workers (us):   3, ---, ---, ---, ---, ---, ---, ---, ---, ---, ---, ---, ---, ---, ---, ---, ---, ---, ---, ---, ---, ---, ---, ---, 
[901.870s][info][gc,stats       ]     DU: Synchronizer Roots            0 us, workers (us): ---,   0, ---, ---, ---, ---, ---, ---, ---, ---, ---, ---, ---, ---, ---, ---, ---, ---, ---, ---, ---, ---, ---, ---, 
[901.870s][info][gc,stats       ]     DU: Management Roots              2 us, workers (us): ---,   2, ---, ---, ---, ---, ---, ---, ---, ---, ---, ---, ---, ---, ---, ---, ---, ---, ---, ---, ---, ---, ---, ---, 
[901.870s][info][gc,stats       ]     DU: System Dict Roots            12 us, workers (us): ---,  12, ---, ---, ---, ---, ---, ---, ---, ---, ---, ---, ---, ---, ---, ---, ---, ---, ---, ---, ---, ---, ---, ---, 
[901.871s][info][gc,stats       ]     DU: CLDG Roots                  633 us, workers (us): ---,  56, ---, 289, ---, 288, ---, ---, ---, ---, ---, ---, ---, ---, ---, ---, ---, ---, ---, ---, ---, ---, ---, ---, 
[901.871s][info][gc,stats       ]     DU: JVMTI Roots                   1 us, workers (us): ---, ---,   1, ---, ---, ---, ---, ---, ---, ---, ---, ---, ---, ---, ---, ---, ---, ---, ---, ---, ---, ---, ---, ---, 
[901.871s][info][gc,stats       ] 
[901.871s][info][gc,stats       ] Allocation pacing accrued:
[901.871s][info][gc,stats       ]       0 of   171 ms (  0.0%): <total>
[901.871s][info][gc,stats       ]       0 of   171 ms (  0.0%): <average total>
[901.871s][info][gc,stats       ] 
[901.871s][info][gc,metaspace   ] Metaspace: 24281K->24281K(1071104K)
[901.871s][info][gc,ergo        ] Pacer for Idle. Initial: 5242K, Alloc Tax Rate: 1.0x
[901.872s][info][gc             ] Trigger: Start next cycle immediately
[901.872s][info][gc,ergo        ] Free: 225M, Max: 256K regular, 220M humongous, Frag: 2% external, 1% internal; Reserve: 13312K, Max: 256K
[901.872s][info][gc,start       ] GC(6782) Concurrent reset
[901.872s][info][gc,task        ] GC(6782) Using 6 of 24 workers for concurrent reset
[901.872s][info][gc,ergo        ] GC(6782) Pacer for Reset. Non-Taxable: 256M
[901.872s][info][gc             ] GC(6782) Concurrent reset 0.414ms
[901.872s][info][gc,start       ] GC(6782) Pause Init Mark (process weakrefs) (unload classes)
[901.872s][info][gc,task        ] GC(6782) Using 6 of 24 workers for init marking
[901.874s][info][gc,ergo        ] GC(6782) Pacer for Mark. Expected Live: 13735K, Free: 225M, Non-Taxable: 23050K, Alloc Tax Rate: 0.1x
[901.874s][info][gc             ] GC(6782) Pause Init Mark (process weakrefs) (unload classes) 1.396ms
[901.874s][info][gc,start       ] GC(6782) Concurrent marking (process weakrefs) (unload classes)
[901.874s][info][gc,task        ] GC(6782) Using 6 of 24 workers for concurrent marking
[901.928s][info][gc             ] GC(6782) Concurrent marking (process weakrefs) (unload classes) 53.986ms
[901.928s][info][gc,start       ] GC(6782) Concurrent precleaning
[901.928s][info][gc,task        ] GC(6782) Using 1 of 24 workers for concurrent preclean
[901.928s][info][gc,ergo        ] GC(6782) Pacer for Precleaning. Non-Taxable: 256M
[901.930s][info][gc             ] GC(6782) Concurrent precleaning 2.426ms
[901.931s][info][gc,start       ] GC(6782) Pause Final Mark (process weakrefs) (unload classes)
[901.931s][info][gc,task        ] GC(6782) Using 6 of 24 workers for final marking
[901.985s][info][gc,stringtable ] GC(6782) Cleaned string and symbol table, strings: 8172 processed, 0 removed, symbols: 68000 processed, 0 removed
[901.985s][info][gc,ergo        ] GC(6782) Collectable Garbage: 9452K (100%), Immediate: 8192K (86%), CSet: 1260K (13%)
[901.987s][info][gc,ergo        ] GC(6782) Pacer for Evacuation. Used CSet: 5120K, Free: 183M, Non-Taxable: 18749K, Alloc Tax Rate: 1.1x
[901.987s][info][gc             ] GC(6782) Pause Final Mark (process weakrefs) (unload classes) 56.719ms
[901.987s][info][gc,start       ] GC(6782) Concurrent cleanup
[901.989s][info][gc             ] GC(6782) Concurrent cleanup 66M->66M(256M) 1.507ms
[901.989s][info][gc,ergo        ] GC(6782) Free: 174M, Max: 256K regular, 170M humongous, Frag: 3% external, 2% internal; Reserve: 12735K, Max: 256K
[901.989s][info][gc,start       ] GC(6782) Concurrent evacuation
[901.989s][info][gc,task        ] GC(6782) Using 6 of 24 workers for concurrent evacuation
[901.993s][info][gc             ] GC(6782) Concurrent evacuation 3.911ms
[901.994s][info][gc,start       ] GC(6782) Pause Init Update Refs
[901.994s][info][gc,ergo        ] GC(6782) Pacer for Update Refs. Used: 84884K, Free: 162M, Non-Taxable: 16599K, Alloc Tax Rate: 1.1x
[901.994s][info][gc             ] GC(6782) Pause Init Update Refs 0.156ms
[901.994s][info][gc,start       ] GC(6782) Concurrent update references
[901.994s][info][gc,task        ] GC(6782) Using 6 of 24 workers for concurrent reference update
[902.010s][info][gc             ] GC(6782) Concurrent update references 15.830ms
[902.011s][info][gc,start       ] GC(6782) Pause Final Update Refs
[902.011s][info][gc,task        ] GC(6782) Using 6 of 24 workers for final reference update
[902.012s][info][gc             ] GC(6782) Pause Final Update Refs 0.344ms
[902.012s][info][gc,start       ] GC(6782) Concurrent cleanup
[902.013s][info][gc             ] GC(6782) Concurrent cleanup 124M->119M(256M) 1.049ms
[902.013s][info][gc             ] GC(6782) Dat log --- cycle is complete
Current gc epoch: 5500
heap: ______
capacity: 268435456
used: 125719632
committed: 268435456
bytes_allocated_since_gc_start: 120324360
hot_size: 0
cold_size: 5086988
num_regions: 1024
hot_region_count: 18446744073709406074
cold_region_count: 145561
histogram: Placeholder

[902.013s][info][gc             ] GC(6782) Obj count ac histogram
[902.013s][info][gc             ] GC(6782) 	0: 385705
[902.013s][info][gc             ] GC(6782) 	1: 30
[902.013s][info][gc             ] GC(6782) 	2: 5561
[902.013s][info][gc             ] GC(6782) 	3: 7127
[902.013s][info][gc             ] GC(6782) 	4: 7761
[902.013s][info][gc             ] GC(6782) 	5: 3072
[902.013s][info][gc             ] GC(6782) 	6: 19
[902.013s][info][gc             ] GC(6782) 	7: 0
[902.013s][info][gc             ] GC(6782) 	8: 0
[902.013s][info][gc             ] GC(6782) 	9: 0
[902.013s][info][gc             ] GC(6782) 	10: 0
[902.013s][info][gc             ] GC(6782) 	11: 0
[902.013s][info][gc             ] GC(6782) 	12: 0
[902.013s][info][gc             ] GC(6782) 	13: 0
[902.013s][info][gc             ] GC(6782) 	14: 0
[902.013s][info][gc             ] GC(6782) 	15: 0
[902.013s][info][gc             ] GC(6782) 	16: 0
[902.013s][info][gc             ] GC(6782) 	17: 0
[902.013s][info][gc             ] GC(6782) 	18: 0
[902.013s][info][gc             ] GC(6782) 	19: 0
[902.013s][info][gc             ] GC(6782) Obj size ac histogram
[902.013s][info][gc             ] GC(6782) 	0: 3393116
[902.013s][info][gc             ] GC(6782) 	1: 1440
[902.013s][info][gc             ] GC(6782) 	2: 68649
[902.013s][info][gc             ] GC(6782) 	3: 74453
[902.013s][info][gc             ] GC(6782) 	4: 82997
[902.013s][info][gc             ] GC(6782) 	5: 18675
[902.013s][info][gc             ] GC(6782) 	6: 190
[902.013s][info][gc             ] GC(6782) 	7: 0
[902.013s][info][gc             ] GC(6782) 	8: 0
[902.013s][info][gc             ] GC(6782) 	9: 0
[902.013s][info][gc             ] GC(6782) 	10: 0
[902.013s][info][gc             ] GC(6782) 	11: 0
[902.013s][info][gc             ] GC(6782) 	12: 0
[902.013s][info][gc             ] GC(6782) 	13: 0
[902.013s][info][gc             ] GC(6782) 	14: 0
[902.013s][info][gc             ] GC(6782) 	15: 0
[902.013s][info][gc             ] GC(6782) 	16: 0
[902.013s][info][gc             ] GC(6782) 	17: 0
[902.013s][info][gc             ] GC(6782) 	18: 0
[902.013s][info][gc             ] GC(6782) 	19: 0
[902.013s][info][gc,ergo        ] Free: 118M, Max: 256K regular, 114M humongous, Frag: 4% external, 3% internal; Reserve: 13312K, Max: 256K
[902.013s][info][gc,stats       ] 
[902.013s][info][gc,stats       ] All times are wall-clock times, except per-root-class counters, that are sum over
[902.013s][info][gc,stats       ] all workers. Dividing the <total> over the root stage time estimates parallelism.
[902.013s][info][gc,stats       ] 
[902.013s][info][gc,stats       ] Concurrent Reset                    396 us
[902.013s][info][gc,stats       ] Pause Init Mark (G)                1647 us
[902.013s][info][gc,stats       ] Pause Init Mark (N)                1371 us
[902.014s][info][gc,stats       ]   Accumulate Stats                    4 us
[902.014s][info][gc,stats       ]   Make Parsable                      36 us
[902.014s][info][gc,stats       ]   Update Region States                7 us
[902.014s][info][gc,stats       ]   Scan Roots                        638 us, parallelism: 1.37x
[902.014s][info][gc,stats       ]     S: <total>                      874 us
[902.014s][info][gc,stats       ]     S: Thread Roots                 265 us, workers (us): 111,  51,  13,  39,   1,  49, ---, ---, ---, ---, ---, ---, ---, ---, ---, ---, ---, ---, ---, ---, ---, ---, ---, ---, 
[902.014s][info][gc,stats       ]     S: Universe Roots                32 us, workers (us):  32, ---, ---, ---, ---, ---, ---, ---, ---, ---, ---, ---, ---, ---, ---, ---, ---, ---, ---, ---, ---, ---, ---, ---, 
[902.014s][info][gc,stats       ]     S: JNI Handles Roots              9 us, workers (us): ---,   9, ---, ---, ---, ---, ---, ---, ---, ---, ---, ---, ---, ---, ---, ---, ---, ---, ---, ---, ---, ---, ---, ---, 
[902.014s][info][gc,stats       ]     S: Synchronizer Roots             0 us, workers (us):   0, ---, ---, ---, ---, ---, ---, ---, ---, ---, ---, ---, ---, ---, ---, ---, ---, ---, ---, ---, ---, ---, ---, ---, 
[902.014s][info][gc,stats       ]     S: Management Roots               2 us, workers (us):   2, ---, ---, ---, ---, ---, ---, ---, ---, ---, ---, ---, ---, ---, ---, ---, ---, ---, ---, ---, ---, ---, ---, ---, 
[902.014s][info][gc,stats       ]     S: System Dict Roots             28 us, workers (us):  28, ---, ---, ---, ---, ---, ---, ---, ---, ---, ---, ---, ---, ---, ---, ---, ---, ---, ---, ---, ---, ---, ---, ---, 
[902.014s][info][gc,stats       ]     S: CLDG Roots                   537 us, workers (us): ---, ---,  12,  10, 515, ---, ---, ---, ---, ---, ---, ---, ---, ---, ---, ---, ---, ---, ---, ---, ---, ---, ---, ---, 
[902.014s][info][gc,stats       ]     S: JVMTI Roots                    1 us, workers (us): ---,   1, ---, ---, ---, ---, ---, ---, ---, ---, ---, ---, ---, ---, ---, ---, ---, ---, ---, ---, ---, ---, ---, ---, 
[902.014s][info][gc,stats       ]   Resize TLABs                        4 us
[902.014s][info][gc,stats       ] Concurrent Marking                53935 us
[902.014s][info][gc,stats       ] Concurrent Precleaning             2402 us
[902.014s][info][gc,stats       ] Pause Final Mark (G)              56994 us
[902.014s][info][gc,stats       ] Pause Final Mark (N)              56689 us
[902.014s][info][gc,stats       ]   Finish Queues                     191 us
[902.014s][info][gc,stats       ]   Weak References                    23 us
[902.014s][info][gc,stats       ]     Process                          17 us
[902.014s][info][gc,stats       ]   System Purge                      256 us
[902.014s][info][gc,stats       ]     Unload Classes                   68 us
[902.014s][info][gc,stats       ]     Cleanup                       53485 us, parallelism: 1.77x
[902.014s][info][gc,stats       ]       CU: <total>                 94876 us
[902.014s][info][gc,stats       ]       CU: Code Cache Roots        74762 us, workers (us): 12387, 12688, 12396, 12552, 12406, 12334, ---, ---, ---, ---, ---, ---, ---, ---, ---, ---, ---, ---, ---, ---, ---, ---, ---, ---, 
[902.014s][info][gc,stats       ]       CU: Code Cache Cleaning      4903 us, workers (us): 783, 781, 990, 783, 786, 781, ---, ---, ---, ---, ---, ---, ---, ---, ---, ---, ---, ---, ---, ---, ---, ---, ---, ---, 
[902.014s][info][gc,stats       ]       CU: String Table Roots       3604 us, workers (us): 690, 386, 670, 515, 660, 682, ---, ---, ---, ---, ---, ---, ---, ---, ---, ---, ---, ---, ---, ---, ---, ---, ---, ---, 
[902.014s][info][gc,stats       ]       CU: Resolved Table Roots       18 us, workers (us):   0,   0,  18,   0,   0,   0, ---, ---, ---, ---, ---, ---, ---, ---, ---, ---, ---, ---, ---, ---, ---, ---, ---, ---, 
[902.014s][info][gc,stats       ]       CU: CLDG Roots              11588 us, workers (us): 1964, 1954, 1765, 1992, 1936, 1977, ---, ---, ---, ---, ---, ---, ---, ---, ---, ---, ---, ---, ---, ---, ---, ---, ---, ---, 
[902.014s][info][gc,stats       ]     Weak Roots                      255 us
[902.014s][info][gc,stats       ]     CLDG                              1 us
[902.014s][info][gc,stats       ]   Update Region States               25 us
[902.014s][info][gc,stats       ]   Retire TLABs                       41 us
[902.014s][info][gc,stats       ]   Choose Collection Set              49 us
[902.014s][info][gc,stats       ]   Rebuild Free Set                   10 us
[902.014s][info][gc,stats       ]   Initial Evacuation               2364 us, parallelism: 2.71x
[902.014s][info][gc,stats       ]     E: <total>                     6399 us
[902.014s][info][gc,stats       ]     E: Thread Roots                 204 us, workers (us):   1,   1,   1, 155,   1,  45, ---, ---, ---, ---, ---, ---, ---, ---, ---, ---, ---, ---, ---, ---, ---, ---, ---, ---, 
[902.014s][info][gc,stats       ]     E: Code Cache Roots            4741 us, workers (us): 870, 1325, 503, 769, 365, 908, ---, ---, ---, ---, ---, ---, ---, ---, ---, ---, ---, ---, ---, ---, ---, ---, ---, ---, 
[902.014s][info][gc,stats       ]     E: Universe Roots                 3 us, workers (us):   3, ---, ---, ---, ---, ---, ---, ---, ---, ---, ---, ---, ---, ---, ---, ---, ---, ---, ---, ---, ---, ---, ---, ---, 
[902.014s][info][gc,stats       ]     E: JNI Handles Roots              1 us, workers (us):   1, ---, ---, ---, ---, ---, ---, ---, ---, ---, ---, ---, ---, ---, ---, ---, ---, ---, ---, ---, ---, ---, ---, ---, 
[902.014s][info][gc,stats       ]     E: Synchronizer Roots             0 us, workers (us):   0, ---, ---, ---, ---, ---, ---, ---, ---, ---, ---, ---, ---, ---, ---, ---, ---, ---, ---, ---, ---, ---, ---, ---, 
[902.014s][info][gc,stats       ]     E: Management Roots               1 us, workers (us):   1, ---, ---, ---, ---, ---, ---, ---, ---, ---, ---, ---, ---, ---, ---, ---, ---, ---, ---, ---, ---, ---, ---, ---, 
[902.014s][info][gc,stats       ]     E: System Dict Roots              7 us, workers (us):   7, ---, ---, ---, ---, ---, ---, ---, ---, ---, ---, ---, ---, ---, ---, ---, ---, ---, ---, ---, ---, ---, ---, ---, 
[902.014s][info][gc,stats       ]     E: CLDG Roots                  1441 us, workers (us):  53, ---, 622, ---, 766, ---, ---, ---, ---, ---, ---, ---, ---, ---, ---, ---, ---, ---, ---, ---, ---, ---, ---, ---, 
[902.014s][info][gc,stats       ]     E: JVMTI Roots                    1 us, workers (us):   1, ---, ---, ---, ---, ---, ---, ---, ---, ---, ---, ---, ---, ---, ---, ---, ---, ---, ---, ---, ---, ---, ---, ---, 
[902.014s][info][gc,stats       ] Concurrent Cleanup                 1460 us
[902.014s][info][gc,stats       ] Concurrent Evacuation              3891 us
[902.014s][info][gc,stats       ] Pause Init  Update Refs (G)        1096 us
[902.014s][info][gc,stats       ] Pause Init  Update Refs (N)         138 us
[902.014s][info][gc,stats       ]   Retire GCLABs                     126 us
[902.014s][info][gc,stats       ] Concurrent Update Refs            15800 us
[902.014s][info][gc,stats       ] Pause Final Update Refs (G)        1942 us
[902.014s][info][gc,stats       ] Pause Final Update Refs (N)         298 us
[902.014s][info][gc,stats       ]   Update Roots                      203 us, parallelism: 1.16x
[902.014s][info][gc,stats       ]     UR: <total>                     236 us
[902.014s][info][gc,stats       ]     UR: Thread Roots                236 us, workers (us): 112,  52,  26,  30,   8,   8, ---, ---, ---, ---, ---, ---, ---, ---, ---, ---, ---, ---, ---, ---, ---, ---, ---, ---, 
[902.014s][info][gc,stats       ]   Update Region States               28 us
[902.014s][info][gc,stats       ]   Trash Collection Set               11 us
[902.014s][info][gc,stats       ]   Rebuild Free Set                   32 us
[902.014s][info][gc,stats       ] Concurrent Cleanup                  992 us
[902.014s][info][gc,stats       ] Pacing                           113347 us
[902.014s][info][gc,stats       ] 
[902.014s][info][gc,stats       ] Allocation pacing accrued:
[902.014s][info][gc,stats       ]     113 of   144 ms ( 78.8%): pl.nadoba.jvm.gc.benchmark.App.main()
[902.014s][info][gc,stats       ]     113 of   144 ms ( 78.8%): <total>
[902.014s][info][gc,stats       ]      11 of   144 ms (  7.9%): <average total>
[902.014s][info][gc,stats       ]     113 of   144 ms ( 78.8%): <average non-zero>
[902.014s][info][gc,stats       ] 
[902.015s][info][gc,metaspace   ] Metaspace: 24281K->24281K(1071104K)
[902.015s][info][gc,ergo        ] Pacer for Idle. Initial: 5242K, Alloc Tax Rate: 1.0x
[902.016s][info][gc             ] Trigger: Start next cycle immediately
[902.016s][info][gc,ergo        ] Free: 109M, Max: 256K regular, 105M humongous, Frag: 4% external, 3% internal; Reserve: 13312K, Max: 256K
[902.016s][info][gc,start       ] GC(6783) Concurrent reset
[902.016s][info][gc,task        ] GC(6783) Using 6 of 24 workers for concurrent reset
[902.016s][info][gc,ergo        ] GC(6783) Pacer for Reset. Non-Taxable: 256M
[902.016s][info][gc             ] GC(6783) Concurrent reset 0.808ms
[902.017s][info][gc,start       ] GC(6783) Pause Init Mark (process weakrefs) (unload classes)
[902.017s][info][gc,task        ] GC(6783) Using 6 of 24 workers for init marking
[902.018s][info][gc,ergo        ] GC(6783) Pacer for Mark. Expected Live: 11892K, Free: 109M, Non-Taxable: 11197K, Alloc Tax Rate: 0.1x
[902.018s][info][gc             ] GC(6783) Pause Init Mark (process weakrefs) (unload classes) 1.520ms
[902.018s][info][gc,start       ] GC(6783) Concurrent marking (process weakrefs) (unload classes)
[902.018s][info][gc,task        ] GC(6783) Using 6 of 24 workers for concurrent marking
[902.083s][info][gc             ] GC(6783) Concurrent marking (process weakrefs) (unload classes) 64.884ms
[902.083s][info][gc,start       ] GC(6783) Concurrent precleaning
[902.083s][info][gc,task        ] GC(6783) Using 1 of 24 workers for concurrent preclean
[902.083s][info][gc,ergo        ] GC(6783) Pacer for Precleaning. Non-Taxable: 256M
[902.085s][info][gc             ] GC(6783) Concurrent precleaning 1.900ms
[902.085s][info][gc,start       ] GC(6783) Pause Final Mark (process weakrefs) (unload classes)
[902.085s][info][gc,task        ] GC(6783) Using 6 of 24 workers for final marking
[902.139s][info][gc,stringtable ] GC(6783) Cleaned string and symbol table, strings: 8172 processed, 0 removed, symbols: 68000 processed, 0 removed
[902.139s][info][gc,ergo        ] GC(6783) Collectable Garbage: 120M (100%), Immediate: 119M (98%), CSet: 1260K (1%)
[902.142s][info][gc,ergo        ] GC(6783) Pacer for Evacuation. Used CSet: 5120K, Free: 185M, Non-Taxable: 19031K, Alloc Tax Rate: 1.1x
[902.142s][info][gc             ] GC(6783) Pause Final Mark (process weakrefs) (unload classes) 56.321ms
[902.142s][info][gc,start       ] GC(6783) Concurrent cleanup
[902.160s][info][gc             ] GC(6783) Concurrent cleanup 174M->75M(256M) 17.838ms
[902.160s][info][gc,ergo        ] GC(6783) Free: 164M, Max: 256K regular, 102M humongous, Frag: 38% external, 1% internal; Reserve: 12544K, Max: 256K
[902.160s][info][gc,start       ] GC(6783) Concurrent evacuation
[902.160s][info][gc,task        ] GC(6783) Using 6 of 24 workers for concurrent evacuation
[902.164s][info][gc             ] GC(6783) Concurrent evacuation 4.073ms
[902.164s][info][gc,start       ] GC(6783) Pause Init Update Refs
[902.164s][info][gc,ergo        ] GC(6783) Pacer for Update Refs. Used: 82068K, Free: 164M, Non-Taxable: 16829K, Alloc Tax Rate: 1.1x
[902.164s][info][gc             ] GC(6783) Pause Init Update Refs 0.280ms
[902.164s][info][gc,start       ] GC(6783) Concurrent update references
[902.164s][info][gc,task        ] GC(6783) Using 6 of 24 workers for concurrent reference update
[902.183s][info][gc             ] GC(6783) Concurrent update references 18.240ms
[902.183s][info][gc,start       ] GC(6783) Pause Final Update Refs
[902.183s][info][gc,task        ] GC(6783) Using 6 of 24 workers for final reference update
[902.183s][info][gc             ] GC(6783) Pause Final Update Refs 0.215ms
[902.184s][info][gc,start       ] GC(6783) Concurrent cleanup
[902.184s][info][gc             ] GC(6783) Concurrent cleanup 142M->137M(256M) 0.802ms
[902.184s][info][gc             ] GC(6783) Dat log --- cycle is complete
Current gc epoch: 5501
heap: ______
capacity: 268435456
used: 143807792
committed: 268435456
bytes_allocated_since_gc_start: 139985424
hot_size: 0
cold_size: 3002248
num_regions: 1024
hot_region_count: 18446744073709406055
cold_region_count: 145581
histogram: Placeholder

[902.184s][info][gc             ] GC(6783) Obj count ac histogram
[902.184s][info][gc             ] GC(6783) 	0: 205822
[902.184s][info][gc             ] GC(6783) 	1: 15
[902.184s][info][gc             ] GC(6783) 	2: 4183
[902.184s][info][gc             ] GC(6783) 	3: 4334
[902.184s][info][gc             ] GC(6783) 	4: 877
[902.184s][info][gc             ] GC(6783) 	5: 15
[902.184s][info][gc             ] GC(6783) 	6: 0
[902.184s][info][gc             ] GC(6783) 	7: 0
[902.184s][info][gc             ] GC(6783) 	8: 0
[902.184s][info][gc             ] GC(6783) 	9: 0
[902.184s][info][gc             ] GC(6783) 	10: 0
[902.184s][info][gc             ] GC(6783) 	11: 0
[902.184s][info][gc             ] GC(6783) 	12: 0
[902.184s][info][gc             ] GC(6783) 	13: 0
[902.184s][info][gc             ] GC(6783) 	14: 0
[902.184s][info][gc             ] GC(6783) 	15: 0
[902.184s][info][gc             ] GC(6783) 	16: 0
[902.184s][info][gc             ] GC(6783) 	17: 0
[902.184s][info][gc             ] GC(6783) 	18: 0
[902.184s][info][gc             ] GC(6783) 	19: 0
[902.184s][info][gc             ] GC(6783) Obj size ac histogram
[902.184s][info][gc             ] GC(6783) 	0: 2197616
[902.184s][info][gc             ] GC(6783) 	1: 720
[902.184s][info][gc             ] GC(6783) 	2: 53733
[902.184s][info][gc             ] GC(6783) 	3: 40371
[902.184s][info][gc             ] GC(6783) 	4: 5416
[902.184s][info][gc             ] GC(6783) 	5: 150
[902.184s][info][gc             ] GC(6783) 	6: 0
[902.184s][info][gc             ] GC(6783) 	7: 0
[902.184s][info][gc             ] GC(6783) 	8: 0
[902.184s][info][gc             ] GC(6783) 	9: 0
[902.184s][info][gc             ] GC(6783) 	10: 0
[902.184s][info][gc             ] GC(6783) 	11: 0
[902.184s][info][gc             ] GC(6783) 	12: 0
[902.184s][info][gc             ] GC(6783) 	13: 0
[902.185s][info][gc             ] GC(6783) 	14: 0
[902.185s][info][gc             ] GC(6783) 	15: 0
[902.185s][info][gc             ] GC(6783) 	16: 0
[902.185s][info][gc             ] GC(6783) 	17: 0
[902.185s][info][gc             ] GC(6783) 	18: 0
[902.185s][info][gc             ] GC(6783) 	19: 0
[902.185s][info][gc,ergo        ] Free: 102251K, Max: 256K regular, 58880K humongous, Frag: 43% external, 3% internal; Reserve: 13312K, Max: 256K
[902.185s][info][gc,stats       ] 
[902.185s][info][gc,stats       ] All times are wall-clock times, except per-root-class counters, that are sum over
[902.185s][info][gc,stats       ] all workers. Dividing the <total> over the root stage time estimates parallelism.
[902.185s][info][gc,stats       ] 
[902.185s][info][gc,stats       ] Concurrent Reset                    790 us
[902.185s][info][gc,stats       ] Pause Init Mark (G)                1764 us
[902.185s][info][gc,stats       ] Pause Init Mark (N)                1496 us
[902.185s][info][gc,stats       ]   Accumulate Stats                    5 us
[902.185s][info][gc,stats       ]   Make Parsable                      44 us
[902.185s][info][gc,stats       ]   Update Region States                9 us
[902.185s][info][gc,stats       ]   Scan Roots                        804 us, parallelism: 1.59x
[902.185s][info][gc,stats       ]     S: <total>                     1280 us
[902.185s][info][gc,stats       ]     S: Thread Roots                 483 us, workers (us):  53,  79,   1,  50,  24, 276, ---, ---, ---, ---, ---, ---, ---, ---, ---, ---, ---, ---, ---, ---, ---, ---, ---, ---, 
[902.185s][info][gc,stats       ]     S: Universe Roots                23 us, workers (us):  23, ---, ---, ---, ---, ---, ---, ---, ---, ---, ---, ---, ---, ---, ---, ---, ---, ---, ---, ---, ---, ---, ---, ---, 
[902.185s][info][gc,stats       ]     S: JNI Handles Roots             15 us, workers (us):  15, ---, ---, ---, ---, ---, ---, ---, ---, ---, ---, ---, ---, ---, ---, ---, ---, ---, ---, ---, ---, ---, ---, ---, 
[902.185s][info][gc,stats       ]     S: Synchronizer Roots             1 us, workers (us): ---,   1, ---, ---, ---, ---, ---, ---, ---, ---, ---, ---, ---, ---, ---, ---, ---, ---, ---, ---, ---, ---, ---, ---, 
[902.185s][info][gc,stats       ]     S: Management Roots               3 us, workers (us): ---,   3, ---, ---, ---, ---, ---, ---, ---, ---, ---, ---, ---, ---, ---, ---, ---, ---, ---, ---, ---, ---, ---, ---, 
[902.185s][info][gc,stats       ]     S: System Dict Roots             52 us, workers (us): ---,  52, ---, ---, ---, ---, ---, ---, ---, ---, ---, ---, ---, ---, ---, ---, ---, ---, ---, ---, ---, ---, ---, ---, 
[902.185s][info][gc,stats       ]     S: CLDG Roots                   702 us, workers (us): ---, ---, 678,  12,  12, ---, ---, ---, ---, ---, ---, ---, ---, ---, ---, ---, ---, ---, ---, ---, ---, ---, ---, ---, 
[902.185s][info][gc,stats       ]     S: JVMTI Roots                    1 us, workers (us): ---, ---,   1, ---, ---, ---, ---, ---, ---, ---, ---, ---, ---, ---, ---, ---, ---, ---, ---, ---, ---, ---, ---, ---, 
[902.185s][info][gc,stats       ]   Resize TLABs                        3 us
[902.185s][info][gc,stats       ] Concurrent Marking                64832 us
[902.185s][info][gc,stats       ] Concurrent Precleaning             1877 us
[902.185s][info][gc,stats       ] Pause Final Mark (G)              56722 us
[902.185s][info][gc,stats       ] Pause Final Mark (N)              56285 us
[902.185s][info][gc,stats       ]   Finish Queues                     224 us
[902.185s][info][gc,stats       ]   Weak References                    33 us
[902.185s][info][gc,stats       ]     Process                          25 us
[902.185s][info][gc,stats       ]   System Purge                      226 us
[902.185s][info][gc,stats       ]     Unload Classes                   80 us
[902.185s][info][gc,stats       ]     Cleanup                       52456 us, parallelism: 1.73x
[902.185s][info][gc,stats       ]       CU: <total>                 90699 us
[902.185s][info][gc,stats       ]       CU: Code Cache Roots        72723 us, workers (us): 12438, 12126, 11968, 12020, 12192, 11979, ---, ---, ---, ---, ---, ---, ---, ---, ---, ---, ---, ---, ---, ---, ---, ---, ---, ---, 
[902.185s][info][gc,stats       ]       CU: Code Cache Cleaning      4273 us, workers (us): 701, 781, 701, 685, 700, 704, ---, ---, ---, ---, ---, ---, ---, ---, ---, ---, ---, ---, ---, ---, ---, ---, ---, ---, 
[902.185s][info][gc,stats       ]       CU: String Table Roots       3065 us, workers (us): 210, 517, 670, 615, 421, 632, ---, ---, ---, ---, ---, ---, ---, ---, ---, ---, ---, ---, ---, ---, ---, ---, ---, ---, 
[902.185s][info][gc,stats       ]       CU: Resolved Table Roots       19 us, workers (us):   0,   0,   0,  18,   0,   0, ---, ---, ---, ---, ---, ---, ---, ---, ---, ---, ---, ---, ---, ---, ---, ---, ---, ---, 
[902.185s][info][gc,stats       ]       CU: CLDG Roots              10621 us, workers (us): 1804, 1704, 1795, 1760, 1756, 1802, ---, ---, ---, ---, ---, ---, ---, ---, ---, ---, ---, ---, ---, ---, ---, ---, ---, ---, 
[902.185s][info][gc,stats       ]     Weak Roots                      225 us
[902.185s][info][gc,stats       ]     CLDG                              1 us
[902.185s][info][gc,stats       ]   Update Region States               21 us
[902.185s][info][gc,stats       ]   Retire TLABs                       38 us
[902.185s][info][gc,stats       ]   Choose Collection Set             363 us
[902.185s][info][gc,stats       ]   Rebuild Free Set                   14 us
[902.185s][info][gc,stats       ]   Initial Evacuation               2649 us, parallelism: 2.27x
[902.185s][info][gc,stats       ]     E: <total>                     6016 us
[902.185s][info][gc,stats       ]     E: Thread Roots                 229 us, workers (us):   1,   9,   1,  79,   1, 138, ---, ---, ---, ---, ---, ---, ---, ---, ---, ---, ---, ---, ---, ---, ---, ---, ---, ---, 
[902.185s][info][gc,stats       ]     E: Code Cache Roots            4547 us, workers (us): 966, 603, 1308,   0, 947, 723, ---, ---, ---, ---, ---, ---, ---, ---, ---, ---, ---, ---, ---, ---, ---, ---, ---, ---, 
[902.185s][info][gc,stats       ]     E: Universe Roots                 3 us, workers (us):   3, ---, ---, ---, ---, ---, ---, ---, ---, ---, ---, ---, ---, ---, ---, ---, ---, ---, ---, ---, ---, ---, ---, ---, 
[902.185s][info][gc,stats       ]     E: JNI Handles Roots              2 us, workers (us):   2, ---, ---, ---, ---, ---, ---, ---, ---, ---, ---, ---, ---, ---, ---, ---, ---, ---, ---, ---, ---, ---, ---, ---, 
[902.185s][info][gc,stats       ]     E: Synchronizer Roots             0 us, workers (us):   0, ---, ---, ---, ---, ---, ---, ---, ---, ---, ---, ---, ---, ---, ---, ---, ---, ---, ---, ---, ---, ---, ---, ---, 
[902.185s][info][gc,stats       ]     E: Management Roots               2 us, workers (us):   2, ---, ---, ---, ---, ---, ---, ---, ---, ---, ---, ---, ---, ---, ---, ---, ---, ---, ---, ---, ---, ---, ---, ---, 
[902.185s][info][gc,stats       ]     E: System Dict Roots             18 us, workers (us): ---,  18, ---, ---, ---, ---, ---, ---, ---, ---, ---, ---, ---, ---, ---, ---, ---, ---, ---, ---, ---, ---, ---, ---, 
[902.185s][info][gc,stats       ]     E: CLDG Roots                  1214 us, workers (us): ---, 301, ---, 834, ---,  78, ---, ---, ---, ---, ---, ---, ---, ---, ---, ---, ---, ---, ---, ---, ---, ---, ---, ---, 
[902.185s][info][gc,stats       ]     E: JVMTI Roots                    1 us, workers (us):   1, ---, ---, ---, ---, ---, ---, ---, ---, ---, ---, ---, ---, ---, ---, ---, ---, ---, ---, ---, ---, ---, ---, ---, 
[902.185s][info][gc,stats       ] Concurrent Cleanup                17793 us
[902.185s][info][gc,stats       ] Concurrent Evacuation              4066 us
[902.185s][info][gc,stats       ] Pause Init  Update Refs (G)         553 us
[902.185s][info][gc,stats       ] Pause Init  Update Refs (N)         245 us
[902.185s][info][gc,stats       ]   Retire GCLABs                     232 us
[902.185s][info][gc,stats       ] Concurrent Update Refs            18223 us
[902.185s][info][gc,stats       ] Pause Final Update Refs (G)         852 us
[902.185s][info][gc,stats       ] Pause Final Update Refs (N)         192 us
[902.185s][info][gc,stats       ]   Update Roots                      134 us, parallelism: 1.50x
[902.185s][info][gc,stats       ]     UR: <total>                     201 us
[902.185s][info][gc,stats       ]     UR: Thread Roots                201 us, workers (us):  89,  23,  31,  30,  22,   7, ---, ---, ---, ---, ---, ---, ---, ---, ---, ---, ---, ---, ---, ---, ---, ---, ---, ---, 
[902.185s][info][gc,stats       ]   Update Region States               23 us
[902.185s][info][gc,stats       ]   Trash Collection Set                7 us
[902.185s][info][gc,stats       ]   Rebuild Free Set                   17 us
[902.185s][info][gc,stats       ] Concurrent Cleanup                  784 us
[902.185s][info][gc,stats       ] Pacing                            80432 us
[902.185s][info][gc,stats       ] 
[902.185s][info][gc,stats       ] Allocation pacing accrued:
[902.185s][info][gc,stats       ]      80 of   171 ms ( 47.1%): pl.nadoba.jvm.gc.benchmark.App.main()
[902.185s][info][gc,stats       ]      80 of   171 ms ( 47.1%): <total>
[902.185s][info][gc,stats       ]       8 of   171 ms (  4.7%): <average total>
[902.185s][info][gc,stats       ]      80 of   171 ms ( 47.1%): <average non-zero>
[902.185s][info][gc,stats       ] 
[902.185s][info][gc,metaspace   ] Metaspace: 24281K->24281K(1071104K)
[902.185s][info][gc,ergo        ] Pacer for Idle. Initial: 5242K, Alloc Tax Rate: 1.0x
[902.186s][info][gc             ] Trigger: Start next cycle immediately
[902.186s][info][gc,ergo        ] Free: 92779K, Max: 256K regular, 58880K humongous, Frag: 37% external, 4% internal; Reserve: 13312K, Max: 256K
[902.186s][info][gc,start       ] GC(6784) Concurrent reset
[902.186s][info][gc,task        ] GC(6784) Using 6 of 24 workers for concurrent reset
[902.186s][info][gc,ergo        ] GC(6784) Pacer for Reset. Non-Taxable: 256M
[902.187s][info][gc             ] GC(6784) Concurrent reset 0.751ms
[902.187s][info][gc,start       ] GC(6784) Pause Init Mark
[902.188s][info][gc,task        ] GC(6784) Using 6 of 24 workers for init marking
[902.190s][info][gc,ergo        ] GC(6784) Pacer for Mark. Expected Live: 11687K, Free: 88427K, Non-Taxable: 8842K, Alloc Tax Rate: 0.2x
[902.190s][info][gc             ] GC(6784) Pause Init Mark 2.987ms
[902.191s][info][gc,start       ] GC(6784) Concurrent marking
[902.191s][info][gc,task        ] GC(6784) Using 6 of 24 workers for concurrent marking
[902.257s][info][gc             ] GC(6784) Concurrent marking 66.771ms
[902.260s][info][gc,start       ] GC(6784) Pause Final Mark
[902.260s][info][gc,task        ] GC(6784) Using 6 of 24 workers for final marking
[902.261s][info][gc,ergo        ] GC(6784) Collectable Garbage: 137M (100%), Immediate: 136M (98%), CSet: 1516K (1%)
[902.264s][info][gc,ergo        ] GC(6784) Pacer for Evacuation. Used CSet: 5376K, Free: 167M, Non-Taxable: 17188K, Alloc Tax Rate: 1.1x
[902.264s][info][gc             ] GC(6784) Pause Final Mark 3.822ms
[902.264s][info][gc,start       ] GC(6784) Concurrent cleanup
[902.284s][info][gc             ] GC(6784) Concurrent cleanup 208M->97M(256M) 20.522ms
[902.284s][info][gc,ergo        ] GC(6784) Free: 141M, Max: 256K regular, 70656K humongous, Frag: 52% external, 2% internal; Reserve: 12544K, Max: 256K
[902.284s][info][gc,start       ] GC(6784) Concurrent evacuation
[902.284s][info][gc,task        ] GC(6784) Using 6 of 24 workers for concurrent evacuation
[902.288s][info][gc             ] GC(6784) Concurrent evacuation 4.115ms
[902.289s][info][gc,start       ] GC(6784) Pause Init Update Refs
[902.289s][info][gc,ergo        ] GC(6784) Pacer for Update Refs. Used: 101M, Free: 141M, Non-Taxable: 14500K, Alloc Tax Rate: 1.1x
[902.289s][info][gc             ] GC(6784) Pause Init Update Refs 0.324ms
[902.289s][info][gc,start       ] GC(6784) Concurrent update references
[902.289s][info][gc,task        ] GC(6784) Using 6 of 24 workers for concurrent reference update
[902.306s][info][gc             ] GC(6784) Concurrent update references 17.378ms
[902.307s][info][gc,start       ] GC(6784) Pause Final Update Refs
[902.307s][info][gc,task        ] GC(6784) Using 6 of 24 workers for final reference update
[902.307s][info][gc             ] GC(6784) Pause Final Update Refs 0.256ms
[902.307s][info][gc,start       ] GC(6784) Concurrent cleanup
[902.308s][info][gc             ] GC(6784) Concurrent cleanup 141M->144M(256M) 0.952ms
[902.308s][info][gc             ] GC(6784) Dat log --- cycle is complete
Current gc epoch: 5502
heap: ______
capacity: 268435456
used: 151401808
committed: 268435456
bytes_allocated_since_gc_start: 149160464
hot_size: 0
cold_size: 3192724
num_regions: 1024
hot_region_count: 18446744073709406035
cold_region_count: 145602
histogram: Placeholder

[902.308s][info][gc             ] GC(6784) Obj count ac histogram
[902.308s][info][gc             ] GC(6784) 	0: 217403
[902.308s][info][gc             ] GC(6784) 	1: 15
[902.308s][info][gc             ] GC(6784) 	2: 2
[902.308s][info][gc             ] GC(6784) 	3: 0
[902.308s][info][gc             ] GC(6784) 	4: 0
[902.308s][info][gc             ] GC(6784) 	5: 0
[902.308s][info][gc             ] GC(6784) 	6: 0
[902.308s][info][gc             ] GC(6784) 	7: 0
[902.308s][info][gc             ] GC(6784) 	8: 0
[902.308s][info][gc             ] GC(6784) 	9: 0
[902.308s][info][gc             ] GC(6784) 	10: 0
[902.308s][info][gc             ] GC(6784) 	11: 0
[902.308s][info][gc             ] GC(6784) 	12: 0
[902.308s][info][gc             ] GC(6784) 	13: 0
[902.308s][info][gc             ] GC(6784) 	14: 0
[902.308s][info][gc             ] GC(6784) 	15: 0
[902.308s][info][gc             ] GC(6784) 	16: 0
[902.309s][info][gc             ] GC(6784) 	17: 0
[902.309s][info][gc             ] GC(6784) 	18: 0
[902.309s][info][gc             ] GC(6784) 	19: 0
[902.309s][info][gc             ] GC(6784) Obj size ac histogram
[902.309s][info][gc             ] GC(6784) 	0: 1925072
[902.309s][info][gc             ] GC(6784) 	1: 720
[902.309s][info][gc             ] GC(6784) 	2: 14
[902.309s][info][gc             ] GC(6784) 	3: 0
[902.309s][info][gc             ] GC(6784) 	4: 0
[902.309s][info][gc             ] GC(6784) 	5: 0
[902.309s][info][gc             ] GC(6784) 	6: 0
[902.309s][info][gc             ] GC(6784) 	7: 0
[902.309s][info][gc             ] GC(6784) 	8: 0
[902.309s][info][gc             ] GC(6784) 	9: 0
[902.309s][info][gc             ] GC(6784) 	10: 0
[902.309s][info][gc             ] GC(6784) 	11: 0
[902.309s][info][gc             ] GC(6784) 	12: 0
[902.309s][info][gc             ] GC(6784) 	13: 0
[902.309s][info][gc             ] GC(6784) 	14: 0
[902.309s][info][gc             ] GC(6784) 	15: 0
[902.309s][info][gc             ] GC(6784) 	16: 0
[902.309s][info][gc             ] GC(6784) 	17: 0
[902.309s][info][gc             ] GC(6784) 	18: 0
[902.309s][info][gc             ] GC(6784) 	19: 0
[902.309s][info][gc,ergo        ] Free: 93043K, Max: 256K regular, 49408K humongous, Frag: 47% external, 4% internal; Reserve: 13312K, Max: 256K
[902.309s][info][gc,stats       ] 
[902.309s][info][gc,stats       ] All times are wall-clock times, except per-root-class counters, that are sum over
[902.309s][info][gc,stats       ] all workers. Dividing the <total> over the root stage time estimates parallelism.
[902.309s][info][gc,stats       ] 
[902.309s][info][gc,stats       ] Concurrent Reset                    740 us
[902.309s][info][gc,stats       ] Pause Init Mark (G)                3437 us
[902.309s][info][gc,stats       ] Pause Init Mark (N)                2961 us
[902.309s][info][gc,stats       ]   Accumulate Stats                    5 us
[902.309s][info][gc,stats       ]   Make Parsable                      43 us
[902.309s][info][gc,stats       ]   Update Region States                9 us
[902.309s][info][gc,stats       ]   Scan Roots                       2301 us, parallelism: 2.10x
[902.309s][info][gc,stats       ]     S: <total>                     4823 us
[902.309s][info][gc,stats       ]     S: Thread Roots                 473 us, workers (us):  82, 123,   1,   2,   1, 264, ---, ---, ---, ---, ---, ---, ---, ---, ---, ---, ---, ---, ---, ---, ---, ---, ---, ---, 
[902.309s][info][gc,stats       ]     S: Universe Roots                33 us, workers (us):  33, ---, ---, ---, ---, ---, ---, ---, ---, ---, ---, ---, ---, ---, ---, ---, ---, ---, ---, ---, ---, ---, ---, ---, 
[902.309s][info][gc,stats       ]     S: JNI Handles Roots             20 us, workers (us):  20, ---, ---, ---, ---, ---, ---, ---, ---, ---, ---, ---, ---, ---, ---, ---, ---, ---, ---, ---, ---, ---, ---, ---, 
[902.309s][info][gc,stats       ]     S: Synchronizer Roots             0 us, workers (us):   0, ---, ---, ---, ---, ---, ---, ---, ---, ---, ---, ---, ---, ---, ---, ---, ---, ---, ---, ---, ---, ---, ---, ---, 
[902.309s][info][gc,stats       ]     S: Management Roots               3 us, workers (us):   3, ---, ---, ---, ---, ---, ---, ---, ---, ---, ---, ---, ---, ---, ---, ---, ---, ---, ---, ---, ---, ---, ---, ---, 
[902.309s][info][gc,stats       ]     S: System Dict Roots             37 us, workers (us): ---,  37, ---, ---, ---, ---, ---, ---, ---, ---, ---, ---, ---, ---, ---, ---, ---, ---, ---, ---, ---, ---, ---, ---, 
[902.309s][info][gc,stats       ]     S: CLDG Roots                  4254 us, workers (us): ---, ---, 2114, 285, 1856, ---, ---, ---, ---, ---, ---, ---, ---, ---, ---, ---, ---, ---, ---, ---, ---, ---, ---, ---, 
[902.309s][info][gc,stats       ]     S: JVMTI Roots                    1 us, workers (us):   1, ---, ---, ---, ---, ---, ---, ---, ---, ---, ---, ---, ---, ---, ---, ---, ---, ---, ---, ---, ---, ---, ---, ---, 
[902.309s][info][gc,stats       ]   Resize TLABs                        6 us
[902.309s][info][gc,stats       ] Concurrent Marking                66720 us
[902.309s][info][gc,stats       ] Pause Final Mark (G)               6253 us
[902.309s][info][gc,stats       ] Pause Final Mark (N)               3793 us
[902.309s][info][gc,stats       ]   Finish Queues                     159 us
[902.309s][info][gc,stats       ]   System Purge                      228 us
[902.309s][info][gc,stats       ]     Weak Roots                      227 us
[902.309s][info][gc,stats       ]   Update Region States               28 us
[902.309s][info][gc,stats       ]   Retire TLABs                       42 us
[902.309s][info][gc,stats       ]   Choose Collection Set             470 us
[902.309s][info][gc,stats       ]   Rebuild Free Set                   26 us
[902.309s][info][gc,stats       ]   Initial Evacuation               2823 us, parallelism: 1.75x
[902.309s][info][gc,stats       ]     E: <total>                     4953 us
[902.309s][info][gc,stats       ]     E: Thread Roots                 124 us, workers (us):  17,   1,   1,  35,  48,  21, ---, ---, ---, ---, ---, ---, ---, ---, ---, ---, ---, ---, ---, ---, ---, ---, ---, ---, 
[902.309s][info][gc,stats       ]     E: Code Cache Roots            3898 us, workers (us): 690, 1040, 770, 304, 362, 732, ---, ---, ---, ---, ---, ---, ---, ---, ---, ---, ---, ---, ---, ---, ---, ---, ---, ---, 
[902.309s][info][gc,stats       ]     E: Universe Roots                 2 us, workers (us):   2, ---, ---, ---, ---, ---, ---, ---, ---, ---, ---, ---, ---, ---, ---, ---, ---, ---, ---, ---, ---, ---, ---, ---, 
[902.309s][info][gc,stats       ]     E: JNI Handles Roots             15 us, workers (us): ---,  15, ---, ---, ---, ---, ---, ---, ---, ---, ---, ---, ---, ---, ---, ---, ---, ---, ---, ---, ---, ---, ---, ---, 
[902.309s][info][gc,stats       ]     E: Synchronizer Roots             1 us, workers (us): ---,   1, ---, ---, ---, ---, ---, ---, ---, ---, ---, ---, ---, ---, ---, ---, ---, ---, ---, ---, ---, ---, ---, ---, 
[902.309s][info][gc,stats       ]     E: Management Roots              18 us, workers (us):  18, ---, ---, ---, ---, ---, ---, ---, ---, ---, ---, ---, ---, ---, ---, ---, ---, ---, ---, ---, ---, ---, ---, ---, 
[902.309s][info][gc,stats       ]     E: System Dict Roots             27 us, workers (us): ---, ---,  27, ---, ---, ---, ---, ---, ---, ---, ---, ---, ---, ---, ---, ---, ---, ---, ---, ---, ---, ---, ---, ---, 
[902.309s][info][gc,stats       ]     E: CLDG Roots                   867 us, workers (us):  56, ---, ---, 446, 365, ---, ---, ---, ---, ---, ---, ---, ---, ---, ---, ---, ---, ---, ---, ---, ---, ---, ---, ---, 
[902.309s][info][gc,stats       ]     E: JVMTI Roots                    1 us, workers (us): ---,   1, ---, ---, ---, ---, ---, ---, ---, ---, ---, ---, ---, ---, ---, ---, ---, ---, ---, ---, ---, ---, ---, ---, 
[902.309s][info][gc,stats       ] Concurrent Cleanup                20472 us
[902.309s][info][gc,stats       ] Concurrent Evacuation              4104 us
[902.309s][info][gc,stats       ] Pause Init  Update Refs (G)         667 us
[902.309s][info][gc,stats       ] Pause Init  Update Refs (N)         293 us
[902.309s][info][gc,stats       ]   Retire GCLABs                     269 us
[902.309s][info][gc,stats       ] Concurrent Update Refs            17359 us
[902.309s][info][gc,stats       ] Pause Final Update Refs (G)         888 us
[902.309s][info][gc,stats       ] Pause Final Update Refs (N)         217 us
[902.309s][info][gc,stats       ]   Update Roots                      132 us, parallelism: 1.24x
[902.309s][info][gc,stats       ]     UR: <total>                     165 us
[902.309s][info][gc,stats       ]     UR: Thread Roots                165 us, workers (us):  85,  21,  27,  29,   3,   0, ---, ---, ---, ---, ---, ---, ---, ---, ---, ---, ---, ---, ---, ---, ---, ---, ---, ---, 
[902.309s][info][gc,stats       ]   Update Region States               22 us
[902.309s][info][gc,stats       ]   Trash Collection Set               10 us
[902.309s][info][gc,stats       ]   Rebuild Free Set                   25 us
[902.309s][info][gc,stats       ] Concurrent Cleanup                  930 us
[902.309s][info][gc,stats       ] Pacing                            83791 us
[902.309s][info][gc,stats       ] 
[902.309s][info][gc,stats       ] Allocation pacing accrued:
[902.309s][info][gc,stats       ]      84 of   124 ms ( 67.4%): pl.nadoba.jvm.gc.benchmark.App.main()
[902.309s][info][gc,stats       ]      84 of   124 ms ( 67.4%): <total>
[902.309s][info][gc,stats       ]       8 of   124 ms (  6.7%): <average total>
[902.309s][info][gc,stats       ]      84 of   124 ms ( 67.4%): <average non-zero>
[902.309s][info][gc,stats       ] 
[902.310s][info][gc,metaspace   ] Metaspace: 24281K->24281K(1071104K)
[902.310s][info][gc,ergo        ] Pacer for Idle. Initial: 5242K, Alloc Tax Rate: 1.0x
[902.311s][info][gc             ] Trigger: Start next cycle immediately
[902.311s][info][gc,ergo        ] Free: 89715K, Max: 256K regular, 49408K humongous, Frag: 45% external, 4% internal; Reserve: 13312K, Max: 256K
[902.311s][info][gc,start       ] GC(6785) Concurrent reset
[902.311s][info][gc,task        ] GC(6785) Using 6 of 24 workers for concurrent reset
[902.311s][info][gc,ergo        ] GC(6785) Pacer for Reset. Non-Taxable: 256M
[902.311s][info][gc             ] GC(6785) Concurrent reset 0.760ms
[902.312s][info][gc,start       ] GC(6785) Pause Init Mark (unload classes)
[902.312s][info][gc,task        ] GC(6785) Using 6 of 24 workers for init marking
[902.315s][info][gc,ergo        ] GC(6785) Pacer for Mark. Expected Live: 11073K, Free: 86387K, Non-Taxable: 8638K, Alloc Tax Rate: 0.2x
[902.315s][info][gc             ] GC(6785) Pause Init Mark (unload classes) 2.483ms
[902.315s][info][gc,start       ] GC(6785) Concurrent marking (unload classes)
[902.315s][info][gc,task        ] GC(6785) Using 6 of 24 workers for concurrent marking
[902.377s][info][gc             ] GC(6785) Concurrent marking (unload classes) 62.036ms
[902.377s][info][gc,start       ] GC(6785) Pause Final Mark (unload classes)
[902.377s][info][gc,task        ] GC(6785) Using 6 of 24 workers for final marking
[902.435s][info][gc,stringtable ] GC(6785) Cleaned string and symbol table, strings: 8172 processed, 0 removed, symbols: 68000 processed, 0 removed
[902.436s][info][gc,ergo        ] GC(6785) Collectable Garbage: 138M (100%), Immediate: 137M (98%), CSet: 1764K (1%)
[902.438s][info][gc,ergo        ] GC(6785) Pacer for Evacuation. Used CSet: 5623K, Free: 181M, Non-Taxable: 18596K, Alloc Tax Rate: 1.1x
[902.438s][info][gc             ] GC(6785) Pause Final Mark (unload classes) 61.315ms
[902.438s][info][gc,start       ] GC(6785) Concurrent cleanup
[902.460s][info][gc             ] GC(6785) Concurrent cleanup 196M->89M(256M) 21.357ms
[902.460s][info][gc,ergo        ] GC(6785) Free: 149M, Max: 256K regular, 70400K humongous, Frag: 55% external, 1% internal; Reserve: 12635K, Max: 256K
[902.460s][info][gc,start       ] GC(6785) Concurrent evacuation
[902.460s][info][gc,task        ] GC(6785) Using 6 of 24 workers for concurrent evacuation
[902.464s][info][gc             ] GC(6785) Concurrent evacuation 4.556ms
[902.465s][info][gc,start       ] GC(6785) Pause Init Update Refs
[902.465s][info][gc,ergo        ] GC(6785) Pacer for Update Refs. Used: 95628K, Free: 149M, Non-Taxable: 15345K, Alloc Tax Rate: 1.1x
[902.465s][info][gc             ] GC(6785) Pause Init Update Refs 0.267ms
[902.465s][info][gc,start       ] GC(6785) Concurrent update references
[902.465s][info][gc,task        ] GC(6785) Using 6 of 24 workers for concurrent reference update
[902.482s][info][gc             ] GC(6785) Concurrent update references 16.925ms
[902.482s][info][gc,start       ] GC(6785) Pause Final Update Refs
[902.482s][info][gc,task        ] GC(6785) Using 6 of 24 workers for final reference update
[902.483s][info][gc             ] GC(6785) Pause Final Update Refs 0.284ms
[902.483s][info][gc,start       ] GC(6785) Concurrent cleanup
[902.484s][info][gc             ] GC(6785) Concurrent cleanup 119M->120M(256M) 0.913ms
[902.484s][info][gc             ] GC(6785) Dat log --- cycle is complete
Current gc epoch: 5503
heap: ______
capacity: 268435456
used: 126768272
committed: 268435456
bytes_allocated_since_gc_start: 123208208
hot_size: 0
cold_size: 2871180
num_regions: 1024
hot_region_count: 18446744073709406014
cold_region_count: 145621
histogram: Placeholder

[902.484s][info][gc             ] GC(6785) Obj count ac histogram
[902.484s][info][gc             ] GC(6785) 	0: 215232
[902.484s][info][gc             ] GC(6785) 	1: 15
[902.484s][info][gc             ] GC(6785) 	2: 2
[902.484s][info][gc             ] GC(6785) 	3: 0
[902.484s][info][gc             ] GC(6785) 	4: 0
[902.484s][info][gc             ] GC(6785) 	5: 0
[902.484s][info][gc             ] GC(6785) 	6: 0
[902.484s][info][gc             ] GC(6785) 	7: 0
[902.484s][info][gc             ] GC(6785) 	8: 0
[902.484s][info][gc             ] GC(6785) 	9: 0
[902.484s][info][gc             ] GC(6785) 	10: 0
[902.484s][info][gc             ] GC(6785) 	11: 0
[902.484s][info][gc             ] GC(6785) 	12: 0
[902.484s][info][gc             ] GC(6785) 	13: 0
[902.484s][info][gc             ] GC(6785) 	14: 0
[902.484s][info][gc             ] GC(6785) 	15: 0
[902.484s][info][gc             ] GC(6785) 	16: 0
[902.484s][info][gc             ] GC(6785) 	17: 0
[902.484s][info][gc             ] GC(6785) 	18: 0
[902.484s][info][gc             ] GC(6785) 	19: 0
[902.484s][info][gc             ] GC(6785) Obj size ac histogram
[902.484s][info][gc             ] GC(6785) 	0: 2208683
[902.484s][info][gc             ] GC(6785) 	1: 720
[902.484s][info][gc             ] GC(6785) 	2: 14
[902.484s][info][gc             ] GC(6785) 	3: 0
[902.484s][info][gc             ] GC(6785) 	4: 0
[902.484s][info][gc             ] GC(6785) 	5: 0
[902.484s][info][gc             ] GC(6785) 	6: 0
[902.484s][info][gc             ] GC(6785) 	7: 0
[902.484s][info][gc             ] GC(6785) 	8: 0
[902.484s][info][gc             ] GC(6785) 	9: 0
[902.484s][info][gc             ] GC(6785) 	10: 0
[902.484s][info][gc             ] GC(6785) 	11: 0
[902.484s][info][gc             ] GC(6785) 	12: 0
[902.484s][info][gc             ] GC(6785) 	13: 0
[902.484s][info][gc             ] GC(6785) 	14: 0
[902.484s][info][gc             ] GC(6785) 	15: 0
[902.484s][info][gc             ] GC(6785) 	16: 0
[902.484s][info][gc             ] GC(6785) 	17: 0
[902.484s][info][gc             ] GC(6785) 	18: 0
[902.484s][info][gc             ] GC(6785) 	19: 0
[902.484s][info][gc,ergo        ] Free: 116M, Max: 256K regular, 70912K humongous, Frag: 41% external, 3% internal; Reserve: 13312K, Max: 256K
[902.484s][info][gc,stats       ] 
[902.484s][info][gc,stats       ] All times are wall-clock times, except per-root-class counters, that are sum over
[902.484s][info][gc,stats       ] all workers. Dividing the <total> over the root stage time estimates parallelism.
[902.484s][info][gc,stats       ] 
[902.484s][info][gc,stats       ] Concurrent Reset                    745 us
[902.484s][info][gc,stats       ] Pause Init Mark (G)                3440 us
[902.484s][info][gc,stats       ] Pause Init Mark (N)                2446 us
[902.484s][info][gc,stats       ]   Accumulate Stats                    6 us
[902.484s][info][gc,stats       ]   Make Parsable                      48 us
[902.484s][info][gc,stats       ]   Update Region States               22 us
[902.484s][info][gc,stats       ]   Scan Roots                       1554 us, parallelism: 1.23x
[902.484s][info][gc,stats       ]     S: <total>                     1912 us
[902.484s][info][gc,stats       ]     S: Thread Roots                 397 us, workers (us): 157,  10,  63,   2, 115,  49, ---, ---, ---, ---, ---, ---, ---, ---, ---, ---, ---, ---, ---, ---, ---, ---, ---, ---, 
[902.484s][info][gc,stats       ]     S: Universe Roots                69 us, workers (us): ---,  69, ---, ---, ---, ---, ---, ---, ---, ---, ---, ---, ---, ---, ---, ---, ---, ---, ---, ---, ---, ---, ---, ---, 
[902.484s][info][gc,stats       ]     S: JNI Handles Roots             17 us, workers (us):  17, ---, ---, ---, ---, ---, ---, ---, ---, ---, ---, ---, ---, ---, ---, ---, ---, ---, ---, ---, ---, ---, ---, ---, 
[902.484s][info][gc,stats       ]     S: Synchronizer Roots             1 us, workers (us):   1, ---, ---, ---, ---, ---, ---, ---, ---, ---, ---, ---, ---, ---, ---, ---, ---, ---, ---, ---, ---, ---, ---, ---, 
[902.484s][info][gc,stats       ]     S: Management Roots               1 us, workers (us):   1, ---, ---, ---, ---, ---, ---, ---, ---, ---, ---, ---, ---, ---, ---, ---, ---, ---, ---, ---, ---, ---, ---, ---, 
[902.484s][info][gc,stats       ]     S: System Dict Roots             50 us, workers (us): ---, ---,  50, ---, ---, ---, ---, ---, ---, ---, ---, ---, ---, ---, ---, ---, ---, ---, ---, ---, ---, ---, ---, ---, 
[902.484s][info][gc,stats       ]     S: CLDG Roots                  1376 us, workers (us): ---, ---, ---, 1353,  12,  11, ---, ---, ---, ---, ---, ---, ---, ---, ---, ---, ---, ---, ---, ---, ---, ---, ---, ---, 
[902.484s][info][gc,stats       ]     S: JVMTI Roots                    0 us, workers (us):   0, ---, ---, ---, ---, ---, ---, ---, ---, ---, ---, ---, ---, ---, ---, ---, ---, ---, ---, ---, ---, ---, ---, ---, 
[902.484s][info][gc,stats       ]   Resize TLABs                        7 us
[902.484s][info][gc,stats       ] Concurrent Marking                61984 us
[902.484s][info][gc,stats       ] Pause Final Mark (G)              61490 us
[902.484s][info][gc,stats       ] Pause Final Mark (N)              61268 us
[902.484s][info][gc,stats       ]   Finish Queues                     171 us
[902.484s][info][gc,stats       ]   System Purge                      214 us
[902.484s][info][gc,stats       ]     Unload Classes                  101 us
[902.484s][info][gc,stats       ]     Cleanup                       57612 us, parallelism: 1.64x
[902.484s][info][gc,stats       ]       CU: <total>                 94657 us
[902.484s][info][gc,stats       ]       CU: Code Cache Roots        70356 us, workers (us): 11305, 11441, 11331, 11977, 11712, 12591, ---, ---, ---, ---, ---, ---, ---, ---, ---, ---, ---, ---, ---, ---, ---, ---, ---, ---, 
[902.484s][info][gc,stats       ]       CU: Code Cache Cleaning      8082 us, workers (us): 1181, 1195, 1197, 2383, 1200, 925, ---, ---, ---, ---, ---, ---, ---, ---, ---, ---, ---, ---, ---, ---, ---, ---, ---, ---, 
[902.484s][info][gc,stats       ]       CU: String Table Roots       3858 us, workers (us): 1025, 889, 995, 341, 606,   1, ---, ---, ---, ---, ---, ---, ---, ---, ---, ---, ---, ---, ---, ---, ---, ---, ---, ---, 
[902.484s][info][gc,stats       ]       CU: Resolved Table Roots       21 us, workers (us):  20,   0,   0,   0,   0,   0, ---, ---, ---, ---, ---, ---, ---, ---, ---, ---, ---, ---, ---, ---, ---, ---, ---, ---, 
[902.484s][info][gc,stats       ]       CU: CLDG Roots              12340 us, workers (us): 2232, 2284, 2264, 1055, 2277, 2229, ---, ---, ---, ---, ---, ---, ---, ---, ---, ---, ---, ---, ---, ---, ---, ---, ---, ---, 
[902.484s][info][gc,stats       ]     Weak Roots                      213 us
[902.484s][info][gc,stats       ]     CLDG                              1 us
[902.484s][info][gc,stats       ]   Update Region States               24 us
[902.484s][info][gc,stats       ]   Retire TLABs                       42 us
[902.484s][info][gc,stats       ]   Choose Collection Set             403 us
[902.484s][info][gc,stats       ]   Rebuild Free Set                   18 us
[902.484s][info][gc,stats       ]   Initial Evacuation               2477 us, parallelism: 2.50x
[902.484s][info][gc,stats       ]     E: <total>                     6197 us
[902.484s][info][gc,stats       ]     E: Thread Roots                 166 us, workers (us):  48,  85,   1,   2,  29,   1, ---, ---, ---, ---, ---, ---, ---, ---, ---, ---, ---, ---, ---, ---, ---, ---, ---, ---, 
[902.484s][info][gc,stats       ]     E: Code Cache Roots            4517 us, workers (us): 907, 796, 1082,   0, 515, 1217, ---, ---, ---, ---, ---, ---, ---, ---, ---, ---, ---, ---, ---, ---, ---, ---, ---, ---, 
[902.484s][info][gc,stats       ]     E: Universe Roots                 6 us, workers (us):   6, ---, ---, ---, ---, ---, ---, ---, ---, ---, ---, ---, ---, ---, ---, ---, ---, ---, ---, ---, ---, ---, ---, ---, 
[902.484s][info][gc,stats       ]     E: JNI Handles Roots              2 us, workers (us):   2, ---, ---, ---, ---, ---, ---, ---, ---, ---, ---, ---, ---, ---, ---, ---, ---, ---, ---, ---, ---, ---, ---, ---, 
[902.484s][info][gc,stats       ]     E: Synchronizer Roots             0 us, workers (us):   0, ---, ---, ---, ---, ---, ---, ---, ---, ---, ---, ---, ---, ---, ---, ---, ---, ---, ---, ---, ---, ---, ---, ---, 
[902.484s][info][gc,stats       ]     E: Management Roots               2 us, workers (us):   2, ---, ---, ---, ---, ---, ---, ---, ---, ---, ---, ---, ---, ---, ---, ---, ---, ---, ---, ---, ---, ---, ---, ---, 
[902.484s][info][gc,stats       ]     E: System Dict Roots             14 us, workers (us):  14, ---, ---, ---, ---, ---, ---, ---, ---, ---, ---, ---, ---, ---, ---, ---, ---, ---, ---, ---, ---, ---, ---, ---, 
[902.484s][info][gc,stats       ]     E: CLDG Roots                  1489 us, workers (us): ---,  68, ---, 989, 432, ---, ---, ---, ---, ---, ---, ---, ---, ---, ---, ---, ---, ---, ---, ---, ---, ---, ---, ---, 
[902.484s][info][gc,stats       ]     E: JVMTI Roots                    1 us, workers (us):   1, ---, ---, ---, ---, ---, ---, ---, ---, ---, ---, ---, ---, ---, ---, ---, ---, ---, ---, ---, ---, ---, ---, ---, 
[902.484s][info][gc,stats       ] Concurrent Cleanup                21306 us
[902.484s][info][gc,stats       ] Concurrent Evacuation              4544 us
[902.484s][info][gc,stats       ] Pause Init  Update Refs (G)         556 us
[902.484s][info][gc,stats       ] Pause Init  Update Refs (N)         200 us
[902.484s][info][gc,stats       ]   Retire GCLABs                     180 us
[902.484s][info][gc,stats       ] Concurrent Update Refs            16907 us
[902.485s][info][gc,stats       ] Pause Final Update Refs (G)         624 us
[902.485s][info][gc,stats       ] Pause Final Update Refs (N)         248 us
[902.485s][info][gc,stats       ]   Update Roots                      160 us, parallelism: 1.45x
[902.485s][info][gc,stats       ]     UR: <total>                     232 us
[902.485s][info][gc,stats       ]     UR: Thread Roots                232 us, workers (us):  90,  29,  27,  46,  31,   8, ---, ---, ---, ---, ---, ---, ---, ---, ---, ---, ---, ---, ---, ---, ---, ---, ---, ---, 
[902.485s][info][gc,stats       ]   Update Region States               32 us
[902.485s][info][gc,stats       ]   Trash Collection Set                6 us
[902.485s][info][gc,stats       ]   Rebuild Free Set                   16 us
[902.485s][info][gc,stats       ] Concurrent Cleanup                  896 us
[902.485s][info][gc,stats       ] Pacing                           142184 us
[902.485s][info][gc,stats       ] 
[902.485s][info][gc,stats       ] Allocation pacing accrued:
[902.485s][info][gc,stats       ]     142 of   175 ms ( 81.2%): pl.nadoba.jvm.gc.benchmark.App.main()
[902.485s][info][gc,stats       ]     142 of   175 ms ( 81.2%): <total>
[902.485s][info][gc,stats       ]      14 of   175 ms (  8.1%): <average total>
[902.485s][info][gc,stats       ]     142 of   175 ms ( 81.2%): <average non-zero>
[902.485s][info][gc,stats       ] 
[902.485s][info][gc,metaspace   ] Metaspace: 24281K->24281K(1071104K)
[902.485s][info][gc,ergo        ] Pacer for Idle. Initial: 5242K, Alloc Tax Rate: 1.0x
[902.486s][info][gc             ] Trigger: Start next cycle immediately
[902.486s][info][gc,ergo        ] Free: 109M, Max: 256K regular, 70912K humongous, Frag: 37% external, 3% internal; Reserve: 13312K, Max: 256K
[902.486s][info][gc,start       ] GC(6786) Concurrent reset
[902.486s][info][gc,task        ] GC(6786) Using 6 of 24 workers for concurrent reset
[902.486s][info][gc,ergo        ] GC(6786) Pacer for Reset. Non-Taxable: 256M
[902.486s][info][gc             ] GC(6786) Concurrent reset 0.678ms
[902.487s][info][gc,start       ] GC(6786) Pause Init Mark (process weakrefs)
[902.487s][info][gc,task        ] GC(6786) Using 6 of 24 workers for init marking
[902.490s][info][gc,ergo        ] GC(6786) Pacer for Mark. Expected Live: 10049K, Free: 109M, Non-Taxable: 11223K, Alloc Tax Rate: 0.1x
[902.490s][info][gc             ] GC(6786) Pause Init Mark (process weakrefs) 2.880ms
[902.490s][info][gc,start       ] GC(6786) Concurrent marking (process weakrefs)
[902.490s][info][gc,task        ] GC(6786) Using 6 of 24 workers for concurrent marking
[902.555s][info][gc             ] GC(6786) Concurrent marking (process weakrefs) 65.158ms
[902.555s][info][gc,start       ] GC(6786) Concurrent precleaning
[902.555s][info][gc,task        ] GC(6786) Using 1 of 24 workers for concurrent preclean
[902.555s][info][gc,ergo        ] GC(6786) Pacer for Precleaning. Non-Taxable: 256M
[902.557s][info][gc             ] GC(6786) Concurrent precleaning 1.838ms
[902.557s][info][gc,start       ] GC(6786) Pause Final Mark (process weakrefs)
[902.557s][info][gc,task        ] GC(6786) Using 6 of 24 workers for final marking
[902.558s][info][gc,ergo        ] GC(6786) Collectable Garbage: 118M (100%), Immediate: 117M (98%), CSet: 1260K (1%)
[902.561s][info][gc,ergo        ] GC(6786) Pacer for Evacuation. Used CSet: 5119K, Free: 201M, Non-Taxable: 20618K, Alloc Tax Rate: 1.1x
[902.562s][info][gc             ] GC(6786) Pause Final Mark (process weakrefs) 4.525ms
[902.562s][info][gc,start       ] GC(6786) Concurrent cleanup
[902.580s][info][gc             ] GC(6786) Concurrent cleanup 157M->63M(256M) 18.393ms
[902.580s][info][gc,ergo        ] GC(6786) Free: 176M, Max: 256K regular, 110M humongous, Frag: 38% external, 1% internal; Reserve: 12670K, Max: 256K
[902.580s][info][gc,start       ] GC(6786) Concurrent evacuation
[902.580s][info][gc,task        ] GC(6786) Using 6 of 24 workers for concurrent evacuation
[902.584s][info][gc             ] GC(6786) Concurrent evacuation 4.460ms
[902.585s][info][gc,start       ] GC(6786) Pause Init Update Refs
[902.585s][info][gc,ergo        ] GC(6786) Pacer for Update Refs. Used: 73620K, Free: 172M, Non-Taxable: 17674K, Alloc Tax Rate: 1.1x
[902.585s][info][gc             ] GC(6786) Pause Init Update Refs 0.268ms
[902.585s][info][gc,start       ] GC(6786) Concurrent update references
[902.585s][info][gc,task        ] GC(6786) Using 6 of 24 workers for concurrent reference update
[902.602s][info][gc             ] GC(6786) Concurrent update references 16.671ms
[902.603s][info][gc,start       ] GC(6786) Pause Final Update Refs
[902.603s][info][gc,task        ] GC(6786) Using 6 of 24 workers for final reference update
[902.603s][info][gc             ] GC(6786) Pause Final Update Refs 0.286ms
[902.603s][info][gc,start       ] GC(6786) Concurrent cleanup
[902.604s][info][gc             ] GC(6786) Concurrent cleanup 129M->124M(256M) 0.883ms
[902.604s][info][gc             ] GC(6786) Dat log --- cycle is complete
Current gc epoch: 5504
heap: ______
capacity: 268435456
used: 130962640
committed: 268435456
bytes_allocated_since_gc_start: 126616080
hot_size: 0
cold_size: 2668432
num_regions: 1024
hot_region_count: 18446744073709405995
cold_region_count: 145640
histogram: Placeholder

[902.604s][info][gc             ] GC(6786) Obj count ac histogram
[902.604s][info][gc             ] GC(6786) 	0: 210809
[902.604s][info][gc             ] GC(6786) 	1: 15
[902.604s][info][gc             ] GC(6786) 	2: 4731
[902.604s][info][gc             ] GC(6786) 	3: 4348
[902.604s][info][gc             ] GC(6786) 	4: 894
[902.604s][info][gc             ] GC(6786) 	5: 15
[902.604s][info][gc             ] GC(6786) 	6: 0
[902.604s][info][gc             ] GC(6786) 	7: 0
[902.604s][info][gc             ] GC(6786) 	8: 0
[902.604s][info][gc             ] GC(6786) 	9: 0
[902.604s][info][gc             ] GC(6786) 	10: 0
[902.604s][info][gc             ] GC(6786) 	11: 0
[902.604s][info][gc             ] GC(6786) 	12: 0
[902.604s][info][gc             ] GC(6786) 	13: 0
[902.604s][info][gc             ] GC(6786) 	14: 0
[902.604s][info][gc             ] GC(6786) 	15: 0
[902.604s][info][gc             ] GC(6786) 	16: 0
[902.604s][info][gc             ] GC(6786) 	17: 0
[902.604s][info][gc             ] GC(6786) 	18: 0
[902.604s][info][gc             ] GC(6786) 	19: 0
[902.604s][info][gc             ] GC(6786) Obj size ac histogram
[902.604s][info][gc             ] GC(6786) 	0: 1378263
[902.604s][info][gc             ] GC(6786) 	1: 720
[902.604s][info][gc             ] GC(6786) 	2: 69268
[902.604s][info][gc             ] GC(6786) 	3: 42010
[902.604s][info][gc             ] GC(6786) 	4: 5545
[902.604s][info][gc             ] GC(6786) 	5: 150
[902.604s][info][gc             ] GC(6786) 	6: 0
[902.604s][info][gc             ] GC(6786) 	7: 0
[902.604s][info][gc             ] GC(6786) 	8: 0
[902.604s][info][gc             ] GC(6786) 	9: 0
[902.604s][info][gc             ] GC(6786) 	10: 0
[902.604s][info][gc             ] GC(6786) 	11: 0
[902.604s][info][gc             ] GC(6786) 	12: 0
[902.604s][info][gc             ] GC(6786) 	13: 0
[902.604s][info][gc             ] GC(6786) 	14: 0
[902.604s][info][gc             ] GC(6786) 	15: 0
[902.604s][info][gc             ] GC(6786) 	16: 0
[902.604s][info][gc             ] GC(6786) 	17: 0
[902.604s][info][gc             ] GC(6786) 	18: 0
[902.604s][info][gc             ] GC(6786) 	19: 0
[902.604s][info][gc,ergo        ] Free: 112M, Max: 256K regular, 101M humongous, Frag: 11% external, 3% internal; Reserve: 13312K, Max: 256K
[902.604s][info][gc,stats       ] 
[902.604s][info][gc,stats       ] All times are wall-clock times, except per-root-class counters, that are sum over
[902.604s][info][gc,stats       ] all workers. Dividing the <total> over the root stage time estimates parallelism.
[902.604s][info][gc,stats       ] 
[902.604s][info][gc,stats       ] Concurrent Reset                    665 us
[902.604s][info][gc,stats       ] Pause Init Mark (G)                3204 us
[902.604s][info][gc,stats       ] Pause Init Mark (N)                2845 us
[902.604s][info][gc,stats       ]   Accumulate Stats                    6 us
[902.604s][info][gc,stats       ]   Make Parsable                      48 us
[902.604s][info][gc,stats       ]   Update Region States               13 us
[902.604s][info][gc,stats       ]   Scan Roots                       2014 us, parallelism: 1.65x
[902.604s][info][gc,stats       ]     S: <total>                     3330 us
[902.604s][info][gc,stats       ]     S: Thread Roots                 335 us, workers (us):   1,  56,   1,   2, 175, 100, ---, ---, ---, ---, ---, ---, ---, ---, ---, ---, ---, ---, ---, ---, ---, ---, ---, ---, 
[902.604s][info][gc,stats       ]     S: Universe Roots                33 us, workers (us):  33, ---, ---, ---, ---, ---, ---, ---, ---, ---, ---, ---, ---, ---, ---, ---, ---, ---, ---, ---, ---, ---, ---, ---, 
[902.604s][info][gc,stats       ]     S: JNI Handles Roots             22 us, workers (us): ---, ---,  22, ---, ---, ---, ---, ---, ---, ---, ---, ---, ---, ---, ---, ---, ---, ---, ---, ---, ---, ---, ---, ---, 
[902.604s][info][gc,stats       ]     S: Synchronizer Roots             0 us, workers (us):   0, ---, ---, ---, ---, ---, ---, ---, ---, ---, ---, ---, ---, ---, ---, ---, ---, ---, ---, ---, ---, ---, ---, ---, 
[902.604s][info][gc,stats       ]     S: Management Roots              18 us, workers (us):  18, ---, ---, ---, ---, ---, ---, ---, ---, ---, ---, ---, ---, ---, ---, ---, ---, ---, ---, ---, ---, ---, ---, ---, 
[902.604s][info][gc,stats       ]     S: System Dict Roots             45 us, workers (us): ---,  45, ---, ---, ---, ---, ---, ---, ---, ---, ---, ---, ---, ---, ---, ---, ---, ---, ---, ---, ---, ---, ---, ---, 
[902.604s][info][gc,stats       ]     S: CLDG Roots                  2876 us, workers (us): 165, ---, 869, 1842, ---, ---, ---, ---, ---, ---, ---, ---, ---, ---, ---, ---, ---, ---, ---, ---, ---, ---, ---, ---, 
[902.604s][info][gc,stats       ]     S: JVMTI Roots                    0 us, workers (us): ---, ---,   0, ---, ---, ---, ---, ---, ---, ---, ---, ---, ---, ---, ---, ---, ---, ---, ---, ---, ---, ---, ---, ---, 
[902.604s][info][gc,stats       ]   Resize TLABs                        5 us
[902.604s][info][gc,stats       ] Concurrent Marking                65095 us
[902.604s][info][gc,stats       ] Concurrent Precleaning             1817 us
[902.604s][info][gc,stats       ] Pause Final Mark (G)               4805 us
[902.604s][info][gc,stats       ] Pause Final Mark (N)               4479 us
[902.604s][info][gc,stats       ]   Finish Queues                     209 us
[902.604s][info][gc,stats       ]   Weak References                    53 us
[902.604s][info][gc,stats       ]     Process                          35 us
[902.604s][info][gc,stats       ]   System Purge                      237 us
[902.604s][info][gc,stats       ]     Weak Roots                      236 us
[902.604s][info][gc,stats       ]   Update Region States               38 us
[902.604s][info][gc,stats       ]   Retire TLABs                       52 us
[902.604s][info][gc,stats       ]   Choose Collection Set             575 us
[902.604s][info][gc,stats       ]   Rebuild Free Set                   43 us
[902.604s][info][gc,stats       ]   Initial Evacuation               3245 us, parallelism: 1.58x
[902.605s][info][gc,stats       ]     E: <total>                     5112 us
[902.605s][info][gc,stats       ]     E: Thread Roots                  85 us, workers (us):   0,   1,   1,   3,   2,  78, ---, ---, ---, ---, ---, ---, ---, ---, ---, ---, ---, ---, ---, ---, ---, ---, ---, ---, 
[902.605s][info][gc,stats       ]     E: Code Cache Roots            4112 us, workers (us): 865, 404, 920, 686, 949, 288, ---, ---, ---, ---, ---, ---, ---, ---, ---, ---, ---, ---, ---, ---, ---, ---, ---, ---, 
[902.605s][info][gc,stats       ]     E: Universe Roots                 7 us, workers (us):   7, ---, ---, ---, ---, ---, ---, ---, ---, ---, ---, ---, ---, ---, ---, ---, ---, ---, ---, ---, ---, ---, ---, ---, 
[902.605s][info][gc,stats       ]     E: JNI Handles Roots              3 us, workers (us):   3, ---, ---, ---, ---, ---, ---, ---, ---, ---, ---, ---, ---, ---, ---, ---, ---, ---, ---, ---, ---, ---, ---, ---, 
[902.605s][info][gc,stats       ]     E: Synchronizer Roots             1 us, workers (us): ---,   1, ---, ---, ---, ---, ---, ---, ---, ---, ---, ---, ---, ---, ---, ---, ---, ---, ---, ---, ---, ---, ---, ---, 
[902.605s][info][gc,stats       ]     E: Management Roots               3 us, workers (us): ---,   3, ---, ---, ---, ---, ---, ---, ---, ---, ---, ---, ---, ---, ---, ---, ---, ---, ---, ---, ---, ---, ---, ---, 
[902.605s][info][gc,stats       ]     E: System Dict Roots             15 us, workers (us): ---, ---,  15, ---, ---, ---, ---, ---, ---, ---, ---, ---, ---, ---, ---, ---, ---, ---, ---, ---, ---, ---, ---, ---, 
[902.605s][info][gc,stats       ]     E: CLDG Roots                   887 us, workers (us): ---, 422, ---,  67, ---, 398, ---, ---, ---, ---, ---, ---, ---, ---, ---, ---, ---, ---, ---, ---, ---, ---, ---, ---, 
[902.605s][info][gc,stats       ]     E: JVMTI Roots                    1 us, workers (us): ---,   1, ---, ---, ---, ---, ---, ---, ---, ---, ---, ---, ---, ---, ---, ---, ---, ---, ---, ---, ---, ---, ---, ---, 
[902.605s][info][gc,stats       ] Concurrent Cleanup                18347 us
[902.605s][info][gc,stats       ] Concurrent Evacuation              4449 us
[902.605s][info][gc,stats       ] Pause Init  Update Refs (G)         522 us
[902.605s][info][gc,stats       ] Pause Init  Update Refs (N)         214 us
[902.605s][info][gc,stats       ]   Retire GCLABs                     185 us
[902.605s][info][gc,stats       ] Concurrent Update Refs            16652 us
[902.605s][info][gc,stats       ] Pause Final Update Refs (G)        1099 us
[902.605s][info][gc,stats       ] Pause Final Update Refs (N)         239 us
[902.605s][info][gc,stats       ]   Update Roots                      149 us, parallelism: 1.36x
[902.605s][info][gc,stats       ]     UR: <total>                     203 us
[902.605s][info][gc,stats       ]     UR: Thread Roots                203 us, workers (us):  84,  58,  55,   2,   2,   2, ---, ---, ---, ---, ---, ---, ---, ---, ---, ---, ---, ---, ---, ---, ---, ---, ---, ---, 
[902.605s][info][gc,stats       ]   Update Region States               24 us
[902.605s][info][gc,stats       ]   Trash Collection Set               11 us
[902.605s][info][gc,stats       ]   Rebuild Free Set                   33 us
[902.605s][info][gc,stats       ] Concurrent Cleanup                  857 us
[902.605s][info][gc,stats       ] Pacing                            89578 us
[902.605s][info][gc,stats       ] 
[902.605s][info][gc,stats       ] Allocation pacing accrued:
[902.605s][info][gc,stats       ]      90 of   120 ms ( 74.5%): pl.nadoba.jvm.gc.benchmark.App.main()
[902.605s][info][gc,stats       ]      90 of   120 ms ( 74.5%): <total>
[902.605s][info][gc,stats       ]       9 of   120 ms (  7.5%): <average total>
[902.605s][info][gc,stats       ]      90 of   120 ms ( 74.5%): <average non-zero>
[902.605s][info][gc,stats       ] 
[902.605s][info][gc,metaspace   ] Metaspace: 24281K->24281K(1071104K)
[902.605s][info][gc,ergo        ] Pacer for Idle. Initial: 5242K, Alloc Tax Rate: 1.0x
[902.606s][info][gc             ] Trigger: Start next cycle immediately
[902.606s][info][gc,ergo        ] Free: 110M, Max: 256K regular, 101M humongous, Frag: 9% external, 3% internal; Reserve: 13312K, Max: 256K
[902.606s][info][gc,start       ] GC(6787) Concurrent reset
[902.606s][info][gc,task        ] GC(6787) Using 6 of 24 workers for concurrent reset
[902.606s][info][gc,ergo        ] GC(6787) Pacer for Reset. Non-Taxable: 256M
[902.607s][info][gc             ] GC(6787) Concurrent reset 0.699ms
[902.607s][info][gc,start       ] GC(6787) Pause Init Mark (process weakrefs)
[902.607s][info][gc,task        ] GC(6787) Using 6 of 24 workers for init marking
[902.611s][info][gc,ergo        ] GC(6787) Pacer for Mark. Expected Live: 10049K, Free: 110M, Non-Taxable: 11325K, Alloc Tax Rate: 0.1x
[902.611s][info][gc             ] GC(6787) Pause Init Mark (process weakrefs) 3.911ms
[902.611s][info][gc,start       ] GC(6787) Concurrent marking (process weakrefs)
[902.611s][info][gc,task        ] GC(6787) Using 6 of 24 workers for concurrent marking
[902.673s][info][gc             ] GC(6787) Concurrent marking (process weakrefs) 61.516ms
[902.673s][info][gc,start       ] GC(6787) Concurrent precleaning
[902.673s][info][gc,task        ] GC(6787) Using 1 of 24 workers for concurrent preclean
[902.673s][info][gc,ergo        ] GC(6787) Pacer for Precleaning. Non-Taxable: 256M
[902.676s][info][gc             ] GC(6787) Concurrent precleaning 3.588ms
[902.678s][info][gc,start       ] GC(6787) Pause Final Mark (process weakrefs)
[902.678s][info][gc,task        ] GC(6787) Using 6 of 24 workers for final marking
[902.679s][info][gc,ergo        ] GC(6787) Collectable Garbage: 118M (100%), Immediate: 117M (98%), CSet: 1260K (1%)
[902.682s][info][gc,ergo        ] GC(6787) Pacer for Evacuation. Used CSet: 5120K, Free: 179M, Non-Taxable: 18365K, Alloc Tax Rate: 1.1x
[902.682s][info][gc             ] GC(6787) Pause Final Mark (process weakrefs) 4.538ms
[902.682s][info][gc,start       ] GC(6787) Concurrent cleanup
[902.701s][info][gc             ] GC(6787) Concurrent cleanup 178M->83M(256M) 18.686ms
[902.701s][info][gc,ergo        ] GC(6787) Free: 156M, Max: 256K regular, 67840K humongous, Frag: 58% external, 1% internal; Reserve: 12653K, Max: 256K
[902.701s][info][gc,start       ] GC(6787) Concurrent evacuation
[902.701s][info][gc,task        ] GC(6787) Using 6 of 24 workers for concurrent evacuation
[902.705s][info][gc             ] GC(6787) Concurrent evacuation 3.740ms
[902.705s][info][gc,start       ] GC(6787) Pause Init Update Refs
[902.705s][info][gc,ergo        ] GC(6787) Pacer for Update Refs. Used: 90005K, Free: 156M, Non-Taxable: 15985K, Alloc Tax Rate: 1.1x
[902.705s][info][gc             ] GC(6787) Pause Init Update Refs 0.283ms
[902.705s][info][gc,start       ] GC(6787) Concurrent update references
[902.705s][info][gc,task        ] GC(6787) Using 6 of 24 workers for concurrent reference update
[902.722s][info][gc             ] GC(6787) Concurrent update references 16.727ms
[902.723s][info][gc,start       ] GC(6787) Pause Final Update Refs
[902.723s][info][gc,task        ] GC(6787) Using 6 of 24 workers for final reference update
[902.723s][info][gc             ] GC(6787) Pause Final Update Refs 0.290ms
[902.724s][info][gc,start       ] GC(6787) Concurrent cleanup
[902.724s][info][gc             ] GC(6787) Concurrent cleanup 138M->138M(256M) 0.881ms
[902.724s][info][gc             ] GC(6787) Dat log --- cycle is complete
Current gc epoch: 5505
heap: ______
capacity: 268435456
used: 145643024
committed: 268435456
bytes_allocated_since_gc_start: 143917584
hot_size: 0
cold_size: 3192720
num_regions: 1024
hot_region_count: 18446744073709405976
cold_region_count: 145659
histogram: Placeholder

[902.724s][info][gc             ] GC(6787) Obj count ac histogram
[902.725s][info][gc             ] GC(6787) 	0: 217082
[902.725s][info][gc             ] GC(6787) 	1: 15
[902.725s][info][gc             ] GC(6787) 	2: 4282
[902.725s][info][gc             ] GC(6787) 	3: 3551
[902.725s][info][gc             ] GC(6787) 	4: 862
[902.725s][info][gc             ] GC(6787) 	5: 15
[902.725s][info][gc             ] GC(6787) 	6: 0
[902.725s][info][gc             ] GC(6787) 	7: 0
[902.725s][info][gc             ] GC(6787) 	8: 0
[902.725s][info][gc             ] GC(6787) 	9: 0
[902.725s][info][gc             ] GC(6787) 	10: 0
[902.725s][info][gc             ] GC(6787) 	11: 0
[902.725s][info][gc             ] GC(6787) 	12: 0
[902.725s][info][gc             ] GC(6787) 	13: 0
[902.725s][info][gc             ] GC(6787) 	14: 0
[902.725s][info][gc             ] GC(6787) 	15: 0
[902.725s][info][gc             ] GC(6787) 	16: 0
[902.725s][info][gc             ] GC(6787) 	17: 0
[902.725s][info][gc             ] GC(6787) 	18: 0
[902.725s][info][gc             ] GC(6787) 	19: 0
[902.725s][info][gc             ] GC(6787) Obj size ac histogram
[902.725s][info][gc             ] GC(6787) 	0: 1419753
[902.725s][info][gc             ] GC(6787) 	1: 720
[902.725s][info][gc             ] GC(6787) 	2: 61041
[902.725s][info][gc             ] GC(6787) 	3: 27258
[902.725s][info][gc             ] GC(6787) 	4: 5318
[902.725s][info][gc             ] GC(6787) 	5: 150
[902.725s][info][gc             ] GC(6787) 	6: 0
[902.725s][info][gc             ] GC(6787) 	7: 0
[902.725s][info][gc             ] GC(6787) 	8: 0
[902.725s][info][gc             ] GC(6787) 	9: 0
[902.725s][info][gc             ] GC(6787) 	10: 0
[902.725s][info][gc             ] GC(6787) 	11: 0
[902.725s][info][gc             ] GC(6787) 	12: 0
[902.725s][info][gc             ] GC(6787) 	13: 0
[902.725s][info][gc             ] GC(6787) 	14: 0
[902.725s][info][gc             ] GC(6787) 	15: 0
[902.725s][info][gc             ] GC(6787) 	16: 0
[902.725s][info][gc             ] GC(6787) 	17: 0
[902.725s][info][gc             ] GC(6787) 	18: 0
[902.725s][info][gc             ] GC(6787) 	19: 0
[902.725s][info][gc,ergo        ] Free: 98667K, Max: 256K regular, 53248K humongous, Frag: 46% external, 3% internal; Reserve: 13312K, Max: 256K
[902.725s][info][gc,stats       ] 
[902.725s][info][gc,stats       ] All times are wall-clock times, except per-root-class counters, that are sum over
[902.725s][info][gc,stats       ] all workers. Dividing the <total> over the root stage time estimates parallelism.
[902.725s][info][gc,stats       ] 
[902.725s][info][gc,stats       ] Concurrent Reset                    682 us
[902.725s][info][gc,stats       ] Pause Init Mark (G)                4275 us
[902.725s][info][gc,stats       ] Pause Init Mark (N)                3867 us
[902.725s][info][gc,stats       ]   Accumulate Stats                    7 us
[902.725s][info][gc,stats       ]   Make Parsable                      54 us
[902.725s][info][gc,stats       ]   Update Region States               14 us
[902.725s][info][gc,stats       ]   Scan Roots                       2885 us, parallelism: 1.61x
[902.725s][info][gc,stats       ]     S: <total>                     4645 us
[902.725s][info][gc,stats       ]     S: Thread Roots                 491 us, workers (us):   1,   1, 113, 284,   2,  90, ---, ---, ---, ---, ---, ---, ---, ---, ---, ---, ---, ---, ---, ---, ---, ---, ---, ---, 
[902.725s][info][gc,stats       ]     S: Universe Roots                32 us, workers (us):  32, ---, ---, ---, ---, ---, ---, ---, ---, ---, ---, ---, ---, ---, ---, ---, ---, ---, ---, ---, ---, ---, ---, ---, 
[902.725s][info][gc,stats       ]     S: JNI Handles Roots             15 us, workers (us): ---,  15, ---, ---, ---, ---, ---, ---, ---, ---, ---, ---, ---, ---, ---, ---, ---, ---, ---, ---, ---, ---, ---, ---, 
[902.725s][info][gc,stats       ]     S: Synchronizer Roots             0 us, workers (us): ---,   0, ---, ---, ---, ---, ---, ---, ---, ---, ---, ---, ---, ---, ---, ---, ---, ---, ---, ---, ---, ---, ---, ---, 
[902.725s][info][gc,stats       ]     S: Management Roots               1 us, workers (us): ---,   1, ---, ---, ---, ---, ---, ---, ---, ---, ---, ---, ---, ---, ---, ---, ---, ---, ---, ---, ---, ---, ---, ---, 
[902.725s][info][gc,stats       ]     S: System Dict Roots             51 us, workers (us): ---, ---,  51, ---, ---, ---, ---, ---, ---, ---, ---, ---, ---, ---, ---, ---, ---, ---, ---, ---, ---, ---, ---, ---, 
[902.725s][info][gc,stats       ]     S: CLDG Roots                  4055 us, workers (us): 2688, 1168, ---, ---, 199, ---, ---, ---, ---, ---, ---, ---, ---, ---, ---, ---, ---, ---, ---, ---, ---, ---, ---, ---, 
[902.725s][info][gc,stats       ]     S: JVMTI Roots                    1 us, workers (us):   1, ---, ---, ---, ---, ---, ---, ---, ---, ---, ---, ---, ---, ---, ---, ---, ---, ---, ---, ---, ---, ---, ---, ---, 
[902.725s][info][gc,stats       ]   Resize TLABs                        7 us
[902.725s][info][gc,stats       ] Concurrent Marking                61474 us
[902.725s][info][gc,stats       ] Concurrent Precleaning             3565 us
[902.725s][info][gc,stats       ] Pause Final Mark (G)               6225 us
[902.725s][info][gc,stats       ] Pause Final Mark (N)               4490 us
[902.725s][info][gc,stats       ]   Finish Queues                     213 us
[902.725s][info][gc,stats       ]   Weak References                    46 us
[902.725s][info][gc,stats       ]     Process                          36 us
[902.725s][info][gc,stats       ]   System Purge                      241 us
[902.725s][info][gc,stats       ]     Weak Roots                      240 us
[902.725s][info][gc,stats       ]   Update Region States               39 us
[902.725s][info][gc,stats       ]   Retire TLABs                       54 us
[902.725s][info][gc,stats       ]   Choose Collection Set             564 us
[902.725s][info][gc,stats       ]   Rebuild Free Set                   40 us
[902.725s][info][gc,stats       ]   Initial Evacuation               3267 us, parallelism: 1.85x
[902.725s][info][gc,stats       ]     E: <total>                     6051 us
[902.725s][info][gc,stats       ]     E: Thread Roots                 210 us, workers (us): 132,   2,   1,  31,   1,  43, ---, ---, ---, ---, ---, ---, ---, ---, ---, ---, ---, ---, ---, ---, ---, ---, ---, ---, 
[902.725s][info][gc,stats       ]     E: Code Cache Roots            4431 us, workers (us): 845,   1, 1030, 622, 1007, 927, ---, ---, ---, ---, ---, ---, ---, ---, ---, ---, ---, ---, ---, ---, ---, ---, ---, ---, 
[902.725s][info][gc,stats       ]     E: Universe Roots                 6 us, workers (us):   6, ---, ---, ---, ---, ---, ---, ---, ---, ---, ---, ---, ---, ---, ---, ---, ---, ---, ---, ---, ---, ---, ---, ---, 
[902.725s][info][gc,stats       ]     E: JNI Handles Roots              3 us, workers (us): ---,   3, ---, ---, ---, ---, ---, ---, ---, ---, ---, ---, ---, ---, ---, ---, ---, ---, ---, ---, ---, ---, ---, ---, 
[902.725s][info][gc,stats       ]     E: Synchronizer Roots             0 us, workers (us): ---, ---,   0, ---, ---, ---, ---, ---, ---, ---, ---, ---, ---, ---, ---, ---, ---, ---, ---, ---, ---, ---, ---, ---, 
[902.725s][info][gc,stats       ]     E: Management Roots               3 us, workers (us): ---,   3, ---, ---, ---, ---, ---, ---, ---, ---, ---, ---, ---, ---, ---, ---, ---, ---, ---, ---, ---, ---, ---, ---, 
[902.725s][info][gc,stats       ]     E: System Dict Roots             12 us, workers (us): ---, ---,  12, ---, ---, ---, ---, ---, ---, ---, ---, ---, ---, ---, ---, ---, ---, ---, ---, ---, ---, ---, ---, ---, 
[902.725s][info][gc,stats       ]     E: CLDG Roots                  1385 us, workers (us): ---, 987, ---, 311,  88, ---, ---, ---, ---, ---, ---, ---, ---, ---, ---, ---, ---, ---, ---, ---, ---, ---, ---, ---, 
[902.725s][info][gc,stats       ]     E: JVMTI Roots                    1 us, workers (us): ---,   1, ---, ---, ---, ---, ---, ---, ---, ---, ---, ---, ---, ---, ---, ---, ---, ---, ---, ---, ---, ---, ---, ---, 
[902.725s][info][gc,stats       ] Concurrent Cleanup                18641 us
[902.725s][info][gc,stats       ] Concurrent Evacuation              3730 us
[902.725s][info][gc,stats       ] Pause Init  Update Refs (G)         533 us
[902.725s][info][gc,stats       ] Pause Init  Update Refs (N)         240 us
[902.725s][info][gc,stats       ]   Retire GCLABs                     217 us
[902.725s][info][gc,stats       ] Concurrent Update Refs            16709 us
[902.725s][info][gc,stats       ] Pause Final Update Refs (G)        1328 us
[902.725s][info][gc,stats       ] Pause Final Update Refs (N)         242 us
[902.725s][info][gc,stats       ]   Update Roots                      170 us, parallelism: 1.27x
[902.725s][info][gc,stats       ]     UR: <total>                     216 us
[902.725s][info][gc,stats       ]     UR: Thread Roots                216 us, workers (us):  87,  22,  26,  43,  30,   8, ---, ---, ---, ---, ---, ---, ---, ---, ---, ---, ---, ---, ---, ---, ---, ---, ---, ---, 
[902.725s][info][gc,stats       ]   Update Region States               21 us
[902.725s][info][gc,stats       ]   Trash Collection Set                9 us
[902.725s][info][gc,stats       ]   Rebuild Free Set                   24 us
[902.725s][info][gc,stats       ] Concurrent Cleanup                  846 us
[902.725s][info][gc,stats       ] Pacing                            82627 us
[902.725s][info][gc,stats       ] 
[902.725s][info][gc,stats       ] Allocation pacing accrued:
[902.725s][info][gc,stats       ]      83 of   121 ms ( 68.5%): pl.nadoba.jvm.gc.benchmark.App.main()
[902.725s][info][gc,stats       ]      83 of   121 ms ( 68.5%): <total>
[902.725s][info][gc,stats       ]       8 of   121 ms (  6.8%): <average total>
[902.725s][info][gc,stats       ]      83 of   121 ms ( 68.5%): <average non-zero>
[902.725s][info][gc,stats       ] 
[902.726s][info][gc,metaspace   ] Metaspace: 24281K->24281K(1071104K)
[902.726s][info][gc,ergo        ] Pacer for Idle. Initial: 5242K, Alloc Tax Rate: 1.0x
[902.727s][info][gc             ] Trigger: Start next cycle immediately
[902.727s][info][gc,ergo        ] Free: 87915K, Max: 256K regular, 53248K humongous, Frag: 40% external, 4% internal; Reserve: 13312K, Max: 256K
[902.727s][info][gc,start       ] GC(6788) Concurrent reset
[902.727s][info][gc,task        ] GC(6788) Using 6 of 24 workers for concurrent reset
[902.727s][info][gc,ergo        ] GC(6788) Pacer for Reset. Non-Taxable: 256M
[902.727s][info][gc             ] GC(6788) Concurrent reset 0.725ms
[902.729s][info][gc,start       ] GC(6788) Pause Init Mark
[902.729s][info][gc,task        ] GC(6788) Using 6 of 24 workers for init marking
[902.732s][info][gc,ergo        ] GC(6788) Pacer for Mark. Expected Live: 10049K, Free: 78187K, Non-Taxable: 7818K, Alloc Tax Rate: 0.2x
[902.732s][info][gc             ] GC(6788) Pause Init Mark 3.478ms
[902.732s][info][gc,start       ] GC(6788) Concurrent marking
[902.732s][info][gc,task        ] GC(6788) Using 6 of 24 workers for concurrent marking
[902.798s][info][gc             ] GC(6788) Concurrent marking 65.575ms
[902.798s][info][gc,start       ] GC(6788) Pause Final Mark
[902.798s][info][gc,task        ] GC(6788) Using 6 of 24 workers for final marking
[902.799s][info][gc,ergo        ] GC(6788) Collectable Garbage: 142M (100%), Immediate: 141M (99%), CSet: 1260K (0%)
[902.802s][info][gc,ergo        ] GC(6788) Pacer for Evacuation. Used CSet: 5120K, Free: 155M, Non-Taxable: 15959K, Alloc Tax Rate: 1.1x
[902.802s][info][gc             ] GC(6788) Pause Final Mark 4.227ms
[902.803s][info][gc,start       ] GC(6788) Concurrent cleanup
[902.824s][info][gc             ] GC(6788) Concurrent cleanup 224M->105M(256M) 21.734ms
[902.824s][info][gc,ergo        ] GC(6788) Free: 132M, Max: 256K regular, 80384K humongous, Frag: 41% external, 2% internal; Reserve: 12602K, Max: 256K
[902.824s][info][gc,start       ] GC(6788) Concurrent evacuation
[902.824s][info][gc,task        ] GC(6788) Using 6 of 24 workers for concurrent evacuation
[902.828s][info][gc             ] GC(6788) Concurrent evacuation 4.174ms
[902.829s][info][gc,start       ] GC(6788) Pause Init Update Refs
[902.829s][info][gc,ergo        ] GC(6788) Pacer for Update Refs. Used: 109M, Free: 132M, Non-Taxable: 13578K, Alloc Tax Rate: 1.1x
[902.829s][info][gc             ] GC(6788) Pause Init Update Refs 0.276ms
[902.829s][info][gc,start       ] GC(6788) Concurrent update references
[902.829s][info][gc,task        ] GC(6788) Using 6 of 24 workers for concurrent reference update
[902.847s][info][gc             ] GC(6788) Concurrent update references 18.385ms
[902.848s][info][gc,start       ] GC(6788) Pause Final Update Refs
[902.848s][info][gc,task        ] GC(6788) Using 6 of 24 workers for final reference update
[902.848s][info][gc             ] GC(6788) Pause Final Update Refs 0.313ms
[902.848s][info][gc,start       ] GC(6788) Concurrent cleanup
[902.849s][info][gc             ] GC(6788) Concurrent cleanup 139M->140M(256M) 0.843ms
[902.849s][info][gc             ] GC(6788) Dat log --- cycle is complete
Current gc epoch: 5506
heap: ______
capacity: 268435456
used: 147740208
committed: 268435456
bytes_allocated_since_gc_start: 148636176
hot_size: 0
cold_size: 3979156
num_regions: 1024
hot_region_count: 18446744073709405957
cold_region_count: 145678
histogram: Placeholder

[902.849s][info][gc             ] GC(6788) Obj count ac histogram
[902.849s][info][gc             ] GC(6788) 	0: 214931
[902.849s][info][gc             ] GC(6788) 	1: 15
[902.849s][info][gc             ] GC(6788) 	2: 2
[902.849s][info][gc             ] GC(6788) 	3: 0
[902.849s][info][gc             ] GC(6788) 	4: 0
[902.849s][info][gc             ] GC(6788) 	5: 0
[902.849s][info][gc             ] GC(6788) 	6: 0
[902.849s][info][gc             ] GC(6788) 	7: 0
[902.849s][info][gc             ] GC(6788) 	8: 0
[902.849s][info][gc             ] GC(6788) 	9: 0
[902.849s][info][gc             ] GC(6788) 	10: 0
[902.849s][info][gc             ] GC(6788) 	11: 0
[902.849s][info][gc             ] GC(6788) 	12: 0
[902.849s][info][gc             ] GC(6788) 	13: 0
[902.849s][info][gc             ] GC(6788) 	14: 0
[902.849s][info][gc             ] GC(6788) 	15: 0
[902.849s][info][gc             ] GC(6788) 	16: 0
[902.849s][info][gc             ] GC(6788) 	17: 0
[902.849s][info][gc             ] GC(6788) 	18: 0
[902.849s][info][gc             ] GC(6788) 	19: 0
[902.849s][info][gc             ] GC(6788) Obj size ac histogram
[902.849s][info][gc             ] GC(6788) 	0: 1367507
[902.849s][info][gc             ] GC(6788) 	1: 720
[902.849s][info][gc             ] GC(6788) 	2: 14
[902.849s][info][gc             ] GC(6788) 	3: 0
[902.849s][info][gc             ] GC(6788) 	4: 0
[902.849s][info][gc             ] GC(6788) 	5: 0
[902.849s][info][gc             ] GC(6788) 	6: 0
[902.849s][info][gc             ] GC(6788) 	7: 0
[902.849s][info][gc             ] GC(6788) 	8: 0
[902.849s][info][gc             ] GC(6788) 	9: 0
[902.849s][info][gc             ] GC(6788) 	10: 0
[902.849s][info][gc             ] GC(6788) 	11: 0
[902.849s][info][gc             ] GC(6788) 	12: 0
[902.849s][info][gc             ] GC(6788) 	13: 0
[902.849s][info][gc             ] GC(6788) 	14: 0
[902.849s][info][gc             ] GC(6788) 	15: 0
[902.849s][info][gc             ] GC(6788) 	16: 0
[902.849s][info][gc             ] GC(6788) 	17: 0
[902.849s][info][gc             ] GC(6788) 	18: 0
[902.849s][info][gc             ] GC(6788) 	19: 0
[902.849s][info][gc,ergo        ] Free: 96363K, Max: 256K regular, 51200K humongous, Frag: 47% external, 3% internal; Reserve: 13312K, Max: 256K
[902.849s][info][gc,stats       ] 
[902.849s][info][gc,stats       ] All times are wall-clock times, except per-root-class counters, that are sum over
[902.849s][info][gc,stats       ] all workers. Dividing the <total> over the root stage time estimates parallelism.
[902.849s][info][gc,stats       ] 
[902.849s][info][gc,stats       ] Concurrent Reset                    713 us
[902.849s][info][gc,stats       ] Pause Init Mark (G)                5071 us
[902.849s][info][gc,stats       ] Pause Init Mark (N)                3439 us
[902.849s][info][gc,stats       ]   Accumulate Stats                    6 us
[902.849s][info][gc,stats       ]   Make Parsable                      49 us
[902.849s][info][gc,stats       ]   Update Region States               30 us
[902.849s][info][gc,stats       ]   Scan Roots                       2626 us, parallelism: 1.65x
[902.849s][info][gc,stats       ]     S: <total>                     4335 us
[902.849s][info][gc,stats       ]     S: Thread Roots                 387 us, workers (us):  57,  77,   1,   2,   2, 247, ---, ---, ---, ---, ---, ---, ---, ---, ---, ---, ---, ---, ---, ---, ---, ---, ---, ---, 
[902.849s][info][gc,stats       ]     S: Universe Roots                16 us, workers (us):  16, ---, ---, ---, ---, ---, ---, ---, ---, ---, ---, ---, ---, ---, ---, ---, ---, ---, ---, ---, ---, ---, ---, ---, 
[902.849s][info][gc,stats       ]     S: JNI Handles Roots             13 us, workers (us):  13, ---, ---, ---, ---, ---, ---, ---, ---, ---, ---, ---, ---, ---, ---, ---, ---, ---, ---, ---, ---, ---, ---, ---, 
[902.849s][info][gc,stats       ]     S: Synchronizer Roots             0 us, workers (us):   0, ---, ---, ---, ---, ---, ---, ---, ---, ---, ---, ---, ---, ---, ---, ---, ---, ---, ---, ---, ---, ---, ---, ---, 
[902.849s][info][gc,stats       ]     S: Management Roots               1 us, workers (us):   1, ---, ---, ---, ---, ---, ---, ---, ---, ---, ---, ---, ---, ---, ---, ---, ---, ---, ---, ---, ---, ---, ---, ---, 
[902.850s][info][gc,stats       ]     S: System Dict Roots             27 us, workers (us): ---,  27, ---, ---, ---, ---, ---, ---, ---, ---, ---, ---, ---, ---, ---, ---, ---, ---, ---, ---, ---, ---, ---, ---, 
[902.850s][info][gc,stats       ]     S: CLDG Roots                  3892 us, workers (us): ---, ---, 1254, 2407, 230, ---, ---, ---, ---, ---, ---, ---, ---, ---, ---, ---, ---, ---, ---, ---, ---, ---, ---, ---, 
[902.850s][info][gc,stats       ]     S: JVMTI Roots                    1 us, workers (us):   1, ---, ---, ---, ---, ---, ---, ---, ---, ---, ---, ---, ---, ---, ---, ---, ---, ---, ---, ---, ---, ---, ---, ---, 
[902.850s][info][gc,stats       ]   Resize TLABs                        7 us
[902.850s][info][gc,stats       ] Concurrent Marking                65533 us
[902.850s][info][gc,stats       ] Pause Final Mark (G)               4420 us
[902.850s][info][gc,stats       ] Pause Final Mark (N)               4163 us
[902.850s][info][gc,stats       ]   Finish Queues                     207 us
[902.850s][info][gc,stats       ]   System Purge                      178 us
[902.850s][info][gc,stats       ]     Weak Roots                      177 us
[902.850s][info][gc,stats       ]   Update Region States               46 us
[902.850s][info][gc,stats       ]   Retire TLABs                       53 us
[902.850s][info][gc,stats       ]   Choose Collection Set             691 us
[902.850s][info][gc,stats       ]   Rebuild Free Set                   43 us
[902.850s][info][gc,stats       ]   Initial Evacuation               2921 us, parallelism: 1.49x
[902.850s][info][gc,stats       ]     E: <total>                     4348 us
[902.850s][info][gc,stats       ]     E: Thread Roots                 107 us, workers (us):   1,   2,   1,   1,  42,  60, ---, ---, ---, ---, ---, ---, ---, ---, ---, ---, ---, ---, ---, ---, ---, ---, ---, ---, 
[902.850s][info][gc,stats       ]     E: Code Cache Roots            3302 us, workers (us): 708, 264, 664, 372, 654, 639, ---, ---, ---, ---, ---, ---, ---, ---, ---, ---, ---, ---, ---, ---, ---, ---, ---, ---, 
[902.850s][info][gc,stats       ]     E: Universe Roots                 5 us, workers (us):   5, ---, ---, ---, ---, ---, ---, ---, ---, ---, ---, ---, ---, ---, ---, ---, ---, ---, ---, ---, ---, ---, ---, ---, 
[902.850s][info][gc,stats       ]     E: JNI Handles Roots              2 us, workers (us):   2, ---, ---, ---, ---, ---, ---, ---, ---, ---, ---, ---, ---, ---, ---, ---, ---, ---, ---, ---, ---, ---, ---, ---, 
[902.850s][info][gc,stats       ]     E: Synchronizer Roots             0 us, workers (us):   0, ---, ---, ---, ---, ---, ---, ---, ---, ---, ---, ---, ---, ---, ---, ---, ---, ---, ---, ---, ---, ---, ---, ---, 
[902.850s][info][gc,stats       ]     E: Management Roots               2 us, workers (us):   2, ---, ---, ---, ---, ---, ---, ---, ---, ---, ---, ---, ---, ---, ---, ---, ---, ---, ---, ---, ---, ---, ---, ---, 
[902.850s][info][gc,stats       ]     E: System Dict Roots             12 us, workers (us):  12, ---, ---, ---, ---, ---, ---, ---, ---, ---, ---, ---, ---, ---, ---, ---, ---, ---, ---, ---, ---, ---, ---, ---, 
[902.850s][info][gc,stats       ]     E: CLDG Roots                   916 us, workers (us): ---, 438,  70, 408, ---, ---, ---, ---, ---, ---, ---, ---, ---, ---, ---, ---, ---, ---, ---, ---, ---, ---, ---, ---, 
[902.850s][info][gc,stats       ]     E: JVMTI Roots                    1 us, workers (us):   1, ---, ---, ---, ---, ---, ---, ---, ---, ---, ---, ---, ---, ---, ---, ---, ---, ---, ---, ---, ---, ---, ---, ---, 
[902.850s][info][gc,stats       ] Concurrent Cleanup                21692 us
[902.850s][info][gc,stats       ] Concurrent Evacuation              4163 us
[902.850s][info][gc,stats       ] Pause Init  Update Refs (G)         570 us
[902.850s][info][gc,stats       ] Pause Init  Update Refs (N)         220 us
[902.850s][info][gc,stats       ]   Retire GCLABs                     191 us
[902.850s][info][gc,stats       ] Concurrent Update Refs            18369 us
[902.850s][info][gc,stats       ] Pause Final Update Refs (G)         682 us
[902.850s][info][gc,stats       ] Pause Final Update Refs (N)         270 us
[902.850s][info][gc,stats       ]   Update Roots                      172 us, parallelism: 1.24x
[902.850s][info][gc,stats       ]     UR: <total>                     213 us
[902.850s][info][gc,stats       ]     UR: Thread Roots                213 us, workers (us):  82,  43,  32,  50,   4,   2, ---, ---, ---, ---, ---, ---, ---, ---, ---, ---, ---, ---, ---, ---, ---, ---, ---, ---, 
[902.850s][info][gc,stats       ]   Update Region States               29 us
[902.850s][info][gc,stats       ]   Trash Collection Set               12 us
[902.850s][info][gc,stats       ]   Rebuild Free Set                   33 us
[902.850s][info][gc,stats       ] Concurrent Cleanup                  826 us
[902.850s][info][gc,stats       ] Pacing                            86893 us
[902.850s][info][gc,stats       ] 
[902.850s][info][gc,stats       ] Allocation pacing accrued:
[902.850s][info][gc,stats       ]      87 of   124 ms ( 69.8%): pl.nadoba.jvm.gc.benchmark.App.main()
[902.850s][info][gc,stats       ]      87 of   124 ms ( 69.8%): <total>
[902.850s][info][gc,stats       ]       9 of   124 ms (  7.0%): <average total>
[902.850s][info][gc,stats       ]      87 of   124 ms ( 69.8%): <average non-zero>
[902.850s][info][gc,stats       ] 
[902.850s][info][gc,metaspace   ] Metaspace: 24281K->24281K(1071104K)
[902.850s][info][gc,ergo        ] Pacer for Idle. Initial: 5242K, Alloc Tax Rate: 1.0x
[902.851s][info][gc             ] Trigger: Start next cycle immediately
[902.851s][info][gc,ergo        ] Free: 86891K, Max: 256K regular, 51200K humongous, Frag: 41% external, 4% internal; Reserve: 13312K, Max: 256K
[902.851s][info][gc,start       ] GC(6789) Concurrent reset
[902.851s][info][gc,task        ] GC(6789) Using 6 of 24 workers for concurrent reset
[902.851s][info][gc,ergo        ] GC(6789) Pacer for Reset. Non-Taxable: 256M
[902.852s][info][gc             ] GC(6789) Concurrent reset 0.721ms
[902.852s][info][gc,start       ] GC(6789) Pause Init Mark (unload classes)
[902.852s][info][gc,task        ] GC(6789) Using 6 of 24 workers for init marking
[902.854s][info][gc,ergo        ] GC(6789) Pacer for Mark. Expected Live: 11482K, Free: 86891K, Non-Taxable: 8689K, Alloc Tax Rate: 0.2x
[902.854s][info][gc             ] GC(6789) Pause Init Mark (unload classes) 1.754ms
[902.854s][info][gc,start       ] GC(6789) Concurrent marking (unload classes)
[902.854s][info][gc,task        ] GC(6789) Using 6 of 24 workers for concurrent marking
[902.915s][info][gc             ] Failed to allocate Shared, 3072K
[902.915s][info][gc             ] Cancelling GC: Allocation Failure
[902.917s][info][gc             ] GC(6789) Concurrent marking (unload classes) 62.664ms
[902.917s][info][gc,ergo        ] Free: 5227K, Max: 256K regular, 1024K humongous, Frag: 79% external, 36% internal; Reserve: 13312K, Max: 256K
[902.917s][info][gc,stats       ] 
[902.917s][info][gc,stats       ] All times are wall-clock times, except per-root-class counters, that are sum over
[902.917s][info][gc,stats       ] all workers. Dividing the <total> over the root stage time estimates parallelism.
[902.917s][info][gc,stats       ] 
[902.917s][info][gc,stats       ] Concurrent Reset                    709 us
[902.917s][info][gc,stats       ] Pause Init Mark (G)                2086 us
[902.917s][info][gc,stats       ] Pause Init Mark (N)                1713 us
[902.917s][info][gc,stats       ]   Accumulate Stats                    7 us
[902.917s][info][gc,stats       ]   Make Parsable                      51 us
[902.917s][info][gc,stats       ]   Update Region States               15 us
[902.917s][info][gc,stats       ]   Scan Roots                        727 us, parallelism: 1.30x
[902.917s][info][gc,stats       ]     S: <total>                      948 us
[902.917s][info][gc,stats       ]     S: Thread Roots                 284 us, workers (us):   1, 133,  49,  33,  59,   9, ---, ---, ---, ---, ---, ---, ---, ---, ---, ---, ---, ---, ---, ---, ---, ---, ---, ---, 
[902.917s][info][gc,stats       ]     S: Universe Roots                15 us, workers (us):  15, ---, ---, ---, ---, ---, ---, ---, ---, ---, ---, ---, ---, ---, ---, ---, ---, ---, ---, ---, ---, ---, ---, ---, 
[902.917s][info][gc,stats       ]     S: JNI Handles Roots              6 us, workers (us):   6, ---, ---, ---, ---, ---, ---, ---, ---, ---, ---, ---, ---, ---, ---, ---, ---, ---, ---, ---, ---, ---, ---, ---, 
[902.917s][info][gc,stats       ]     S: Synchronizer Roots             0 us, workers (us):   0, ---, ---, ---, ---, ---, ---, ---, ---, ---, ---, ---, ---, ---, ---, ---, ---, ---, ---, ---, ---, ---, ---, ---, 
[902.917s][info][gc,stats       ]     S: Management Roots               1 us, workers (us):   1, ---, ---, ---, ---, ---, ---, ---, ---, ---, ---, ---, ---, ---, ---, ---, ---, ---, ---, ---, ---, ---, ---, ---, 
[902.917s][info][gc,stats       ]     S: System Dict Roots             13 us, workers (us):  13, ---, ---, ---, ---, ---, ---, ---, ---, ---, ---, ---, ---, ---, ---, ---, ---, ---, ---, ---, ---, ---, ---, ---, 
[902.917s][info][gc,stats       ]     S: CLDG Roots                   629 us, workers (us): 623,   6, ---, ---, ---, ---, ---, ---, ---, ---, ---, ---, ---, ---, ---, ---, ---, ---, ---, ---, ---, ---, ---, ---, 
[902.917s][info][gc,stats       ]     S: JVMTI Roots                    0 us, workers (us):   0, ---, ---, ---, ---, ---, ---, ---, ---, ---, ---, ---, ---, ---, ---, ---, ---, ---, ---, ---, ---, ---, ---, ---, 
[902.917s][info][gc,stats       ]   Resize TLABs                        4 us
[902.917s][info][gc,stats       ] Concurrent Marking                62642 us
[902.917s][info][gc,stats       ] Pacing                            44759 us
[902.917s][info][gc,stats       ] 
[902.917s][info][gc,stats       ] Allocation pacing accrued:
[902.917s][info][gc,stats       ]      45 of    67 ms ( 66.6%): pl.nadoba.jvm.gc.benchmark.App.main()
[902.917s][info][gc,stats       ]      45 of    67 ms ( 66.6%): <total>
[902.917s][info][gc,stats       ]       4 of    67 ms (  6.7%): <average total>
[902.917s][info][gc,stats       ]      45 of    67 ms ( 66.6%): <average non-zero>
[902.917s][info][gc,stats       ] 
[902.917s][info][gc,metaspace   ] Metaspace: 24281K->24281K(1071104K)
[902.917s][info][gc,ergo        ] Pacer for Idle. Initial: 5242K, Alloc Tax Rate: 1.0x
[902.918s][info][gc             ] Trigger: Handle Allocation Failure
[902.918s][info][gc,ergo        ] Free: 5227K, Max: 256K regular, 1024K humongous, Frag: 79% external, 36% internal; Reserve: 13312K, Max: 256K
[902.919s][info][gc,start       ] GC(6790) Pause Degenerated GC (Mark)
[902.919s][info][gc,task        ] GC(6790) Using 6 of 24 workers for stw degenerated gc
[902.978s][info][gc,stringtable ] GC(6790) Cleaned string and symbol table, strings: 8172 processed, 0 removed, symbols: 68000 processed, 0 removed
[902.978s][info][gc,ergo        ] GC(6790) Collectable Garbage: 132M (100%), Immediate: 131M (99%), CSet: 1260K (0%)
[902.978s][info][gc,ergo        ] GC(6790) Pacer for Evacuation. Used CSet: 5120K, Free: 144M, Non-Taxable: 14781K, Alloc Tax Rate: 1.1x
[902.998s][info][gc,ergo        ] GC(6790) Pacer for Update Refs. Used: 101781K, Free: 144M, Non-Taxable: 14781K, Alloc Tax Rate: 1.1x
[903.016s][info][gc,ergo        ] GC(6790) Good progress for free space: 144M, need 2621K
[903.016s][info][gc,ergo        ] GC(6790) Good progress for used space: 131M, need 256K
[903.016s][info][gc             ] GC(6790) Pause Degenerated GC (Mark) 226M->94M(256M) 97.306ms
[903.016s][info][gc,ergo        ] Free: 144M, Max: 256K regular, 63232K humongous, Frag: 58% external, 2% internal; Reserve: 13312K, Max: 256K
[903.016s][info][gc,stats       ] 
[903.016s][info][gc,stats       ] All times are wall-clock times, except per-root-class counters, that are sum over
[903.016s][info][gc,stats       ] all workers. Dividing the <total> over the root stage time estimates parallelism.
[903.016s][info][gc,stats       ] 
[903.016s][info][gc,stats       ]   Finish Queues                    3331 us
[903.016s][info][gc,stats       ]   System Purge                      245 us
[903.016s][info][gc,stats       ]     Unload Classes                   96 us
[903.016s][info][gc,stats       ]     Cleanup                       55447 us, parallelism: 1.59x
[903.016s][info][gc,stats       ]       CU: <total>                 88189 us
[903.016s][info][gc,stats       ]       CU: Code Cache Roots        68024 us, workers (us): 11738, 11164, 11168, 11272, 11233, 11449, ---, ---, ---, ---, ---, ---, ---, ---, ---, ---, ---, ---, ---, ---, ---, ---, ---, ---, 
[903.016s][info][gc,stats       ]       CU: Code Cache Cleaning      4827 us, workers (us): 1027, 757, 761, 760, 761, 761, ---, ---, ---, ---, ---, ---, ---, ---, ---, ---, ---, ---, ---, ---, ---, ---, ---, ---, 
[903.016s][info][gc,stats       ]       CU: String Table Roots       3459 us, workers (us): 192, 769, 754, 645, 662, 436, ---, ---, ---, ---, ---, ---, ---, ---, ---, ---, ---, ---, ---, ---, ---, ---, ---, ---, 
[903.016s][info][gc,stats       ]       CU: Resolved Table Roots       20 us, workers (us):  20,   0,   0,   0,   0,   0, ---, ---, ---, ---, ---, ---, ---, ---, ---, ---, ---, ---, ---, ---, ---, ---, ---, ---, 
[903.016s][info][gc,stats       ]       CU: CLDG Roots              11859 us, workers (us): 1764, 2036, 2002, 2048, 1994, 2016, ---, ---, ---, ---, ---, ---, ---, ---, ---, ---, ---, ---, ---, ---, ---, ---, ---, ---, 
[903.016s][info][gc,stats       ]     Weak Roots                      244 us
[903.016s][info][gc,stats       ]     CLDG                              1 us
[903.016s][info][gc,stats       ]   Update Region States               23 us
[903.016s][info][gc,stats       ]   Retire TLABs                       40 us
[903.016s][info][gc,stats       ]   Choose Collection Set             368 us
[903.016s][info][gc,stats       ]   Rebuild Free Set                   17 us
[903.016s][info][gc,stats       ]   Initial Evacuation                  7 us
[903.016s][info][gc,stats       ]   Retire GCLABs                     158 us
[903.017s][info][gc,stats       ]   Finish Work                     15273 us
[903.017s][info][gc,stats       ]   Update Region States               18 us
[903.017s][info][gc,stats       ]   Trash Collection Set                4 us
[903.017s][info][gc,stats       ]   Rebuild Free Set                   11 us
[903.017s][info][gc,stats       ] Pause Degenerated GC (G)          97637 us
[903.017s][info][gc,stats       ] Pause Degenerated GC (N)          97256 us
[903.017s][info][gc,stats       ]   Degen Update Roots               1301 us, parallelism: 3.74x
[903.017s][info][gc,stats       ]     DU: <total>                    4871 us
[903.017s][info][gc,stats       ]     DU: Thread Roots                167 us, workers (us):   1,  51,  45,   1,  66,   1, ---, ---, ---, ---, ---, ---, ---, ---, ---, ---, ---, ---, ---, ---, ---, ---, ---, ---, 
[903.017s][info][gc,stats       ]     DU: Code Cache Roots           4049 us, workers (us): 805, 728, 447, 849, 421, 797, ---, ---, ---, ---, ---, ---, ---, ---, ---, ---, ---, ---, ---, ---, ---, ---, ---, ---, 
[903.017s][info][gc,stats       ]     DU: Universe Roots                9 us, workers (us):   9, ---, ---, ---, ---, ---, ---, ---, ---, ---, ---, ---, ---, ---, ---, ---, ---, ---, ---, ---, ---, ---, ---, ---, 
[903.017s][info][gc,stats       ]     DU: JNI Handles Roots             3 us, workers (us):   3, ---, ---, ---, ---, ---, ---, ---, ---, ---, ---, ---, ---, ---, ---, ---, ---, ---, ---, ---, ---, ---, ---, ---, 
[903.017s][info][gc,stats       ]     DU: Synchronizer Roots            0 us, workers (us): ---, ---,   0, ---, ---, ---, ---, ---, ---, ---, ---, ---, ---, ---, ---, ---, ---, ---, ---, ---, ---, ---, ---, ---, 
[903.017s][info][gc,stats       ]     DU: Management Roots              2 us, workers (us): ---,   2, ---, ---, ---, ---, ---, ---, ---, ---, ---, ---, ---, ---, ---, ---, ---, ---, ---, ---, ---, ---, ---, ---, 
[903.017s][info][gc,stats       ]     DU: System Dict Roots            11 us, workers (us): ---, ---,  11, ---, ---, ---, ---, ---, ---, ---, ---, ---, ---, ---, ---, ---, ---, ---, ---, ---, ---, ---, ---, ---, 
[903.017s][info][gc,stats       ]     DU: CLDG Roots                  628 us, workers (us): ---, ---, 283,  65, 280, ---, ---, ---, ---, ---, ---, ---, ---, ---, ---, ---, ---, ---, ---, ---, ---, ---, ---, ---, 
[903.017s][info][gc,stats       ]     DU: JVMTI Roots                   1 us, workers (us): ---,   1, ---, ---, ---, ---, ---, ---, ---, ---, ---, ---, ---, ---, ---, ---, ---, ---, ---, ---, ---, ---, ---, ---, 
[903.017s][info][gc,stats       ] 
[903.017s][info][gc,stats       ] Allocation pacing accrued:
[903.017s][info][gc,stats       ]       0 of   100 ms (  0.0%): <total>
[903.017s][info][gc,stats       ]       0 of   100 ms (  0.0%): <average total>
[903.017s][info][gc,stats       ] 
[903.017s][info][gc,metaspace   ] Metaspace: 24281K->24281K(1071104K)
[903.017s][info][gc,ergo        ] Pacer for Idle. Initial: 5242K, Alloc Tax Rate: 1.0x
[903.018s][info][gc             ] Trigger: Start next cycle immediately
[903.018s][info][gc,ergo        ] Free: 138M, Max: 256K regular, 57344K humongous, Frag: 60% external, 2% internal; Reserve: 13312K, Max: 256K
[903.018s][info][gc,start       ] GC(6791) Concurrent reset
[903.018s][info][gc,task        ] GC(6791) Using 6 of 24 workers for concurrent reset
[903.018s][info][gc,ergo        ] GC(6791) Pacer for Reset. Non-Taxable: 256M
[903.019s][info][gc             ] GC(6791) Concurrent reset 0.701ms
[903.019s][info][gc,start       ] GC(6791) Pause Init Mark (process weakrefs)
[903.019s][info][gc,task        ] GC(6791) Using 6 of 24 workers for init marking
[903.021s][info][gc,ergo        ] GC(6791) Pacer for Mark. Expected Live: 12506K, Free: 138M, Non-Taxable: 14218K, Alloc Tax Rate: 0.1x
[903.021s][info][gc             ] GC(6791) Pause Init Mark (process weakrefs) 2.264ms
[903.021s][info][gc,start       ] GC(6791) Concurrent marking (process weakrefs)
[903.021s][info][gc,task        ] GC(6791) Using 6 of 24 workers for concurrent marking
[903.059s][info][gc             ] GC(6791) Concurrent marking (process weakrefs) 38.095ms
[903.059s][info][gc,start       ] GC(6791) Concurrent precleaning
[903.059s][info][gc,task        ] GC(6791) Using 1 of 24 workers for concurrent preclean
[903.059s][info][gc,ergo        ] GC(6791) Pacer for Precleaning. Non-Taxable: 256M
[903.061s][info][gc             ] GC(6791) Concurrent precleaning 1.979ms
[903.062s][info][gc,start       ] GC(6791) Pause Final Mark (process weakrefs)
[903.062s][info][gc,task        ] GC(6791) Using 6 of 24 workers for final marking
[903.063s][info][gc,ergo        ] GC(6791) Collectable Garbage: 93421K (100%), Immediate: 92416K (98%), CSet: 1004K (1%)
[903.065s][info][gc,ergo        ] GC(6791) Pacer for Evacuation. Used CSet: 4864K, Free: 209M, Non-Taxable: 21412K, Alloc Tax Rate: 1.1x
[903.065s][info][gc             ] GC(6791) Pause Final Mark (process weakrefs) 3.553ms
[903.065s][info][gc,start       ] GC(6791) Concurrent cleanup
[903.080s][info][gc             ] GC(6791) Concurrent cleanup 132M->57M(256M) 14.580ms
[903.080s][info][gc,ergo        ] GC(6791) Free: 183M, Max: 256K regular, 179M humongous, Frag: 3% external, 1% internal; Reserve: 12670K, Max: 256K
[903.080s][info][gc,start       ] GC(6791) Concurrent evacuation
[903.080s][info][gc,task        ] GC(6791) Using 6 of 24 workers for concurrent evacuation
[903.085s][info][gc             ] GC(6791) Concurrent evacuation 4.994ms
[903.085s][info][gc,start       ] GC(6791) Pause Init Update Refs
[903.085s][info][gc,ergo        ] GC(6791) Pacer for Update Refs. Used: 70036K, Free: 176M, Non-Taxable: 18058K, Alloc Tax Rate: 1.1x
[903.085s][info][gc             ] GC(6791) Pause Init Update Refs 0.150ms
[903.085s][info][gc,start       ] GC(6791) Concurrent update references
[903.085s][info][gc,task        ] GC(6791) Using 6 of 24 workers for concurrent reference update
[903.101s][info][gc             ] GC(6791) Concurrent update references 15.421ms
[903.101s][info][gc,start       ] GC(6791) Pause Final Update Refs
[903.101s][info][gc,task        ] GC(6791) Using 6 of 24 workers for final reference update
[903.102s][info][gc             ] GC(6791) Pause Final Update Refs 0.272ms
[903.102s][info][gc,start       ] GC(6791) Concurrent cleanup
[903.102s][info][gc             ] GC(6791) Concurrent cleanup 120M->115M(256M) 0.812ms
[903.102s][info][gc             ] GC(6791) Dat log --- cycle is complete
Current gc epoch: 5507
heap: ______
capacity: 268435456
used: 121263280
committed: 268435456
bytes_allocated_since_gc_start: 116916488
hot_size: 0
cold_size: 7505692
num_regions: 1024
hot_region_count: 18446744073709405920
cold_region_count: 145714
histogram: Placeholder

[903.102s][info][gc             ] GC(6791) Obj count ac histogram
[903.102s][info][gc             ] GC(6791) 	0: 399402
[903.102s][info][gc             ] GC(6791) 	1: 15
[903.102s][info][gc             ] GC(6791) 	2: 2756
[903.102s][info][gc             ] GC(6791) 	3: 4389
[903.102s][info][gc             ] GC(6791) 	4: 883
[903.102s][info][gc             ] GC(6791) 	5: 15
[903.102s][info][gc             ] GC(6791) 	6: 0
[903.102s][info][gc             ] GC(6791) 	7: 0
[903.102s][info][gc             ] GC(6791) 	8: 0
[903.102s][info][gc             ] GC(6791) 	9: 0
[903.102s][info][gc             ] GC(6791) 	10: 0
[903.102s][info][gc             ] GC(6791) 	11: 0
[903.102s][info][gc             ] GC(6791) 	12: 0
[903.103s][info][gc             ] GC(6791) 	13: 0
[903.103s][info][gc             ] GC(6791) 	14: 0
[903.103s][info][gc             ] GC(6791) 	15: 0
[903.103s][info][gc             ] GC(6791) 	16: 0
[903.103s][info][gc             ] GC(6791) 	17: 0
[903.103s][info][gc             ] GC(6791) 	18: 0
[903.103s][info][gc             ] GC(6791) 	19: 0
[903.103s][info][gc             ] GC(6791) Obj size ac histogram
[903.103s][info][gc             ] GC(6791) 	0: 4701643
[903.103s][info][gc             ] GC(6791) 	1: 720
[903.103s][info][gc             ] GC(6791) 	2: 34964
[903.103s][info][gc             ] GC(6791) 	3: 43703
[903.103s][info][gc             ] GC(6791) 	4: 5459
[903.103s][info][gc             ] GC(6791) 	5: 150
[903.103s][info][gc             ] GC(6791) 	6: 0
[903.103s][info][gc             ] GC(6791) 	7: 0
[903.103s][info][gc             ] GC(6791) 	8: 0
[903.103s][info][gc             ] GC(6791) 	9: 0
[903.103s][info][gc             ] GC(6791) 	10: 0
[903.103s][info][gc             ] GC(6791) 	11: 0
[903.103s][info][gc             ] GC(6791) 	12: 0
[903.103s][info][gc             ] GC(6791) 	13: 0
[903.103s][info][gc             ] GC(6791) 	14: 0
[903.103s][info][gc             ] GC(6791) 	15: 0
[903.103s][info][gc             ] GC(6791) 	16: 0
[903.103s][info][gc             ] GC(6791) 	17: 0
[903.103s][info][gc             ] GC(6791) 	18: 0
[903.103s][info][gc             ] GC(6791) 	19: 0
[903.103s][info][gc,ergo        ] Free: 122M, Max: 256K regular, 117M humongous, Frag: 4% external, 3% internal; Reserve: 13312K, Max: 256K
[903.103s][info][gc,stats       ] 
[903.103s][info][gc,stats       ] All times are wall-clock times, except per-root-class counters, that are sum over
[903.103s][info][gc,stats       ] all workers. Dividing the <total> over the root stage time estimates parallelism.
[903.103s][info][gc,stats       ] 
[903.103s][info][gc,stats       ] Concurrent Reset                    682 us
[903.103s][info][gc,stats       ] Pause Init Mark (G)                2480 us
[903.103s][info][gc,stats       ] Pause Init Mark (N)                2238 us
[903.103s][info][gc,stats       ]   Accumulate Stats                    5 us
[903.103s][info][gc,stats       ]   Make Parsable                      34 us
[903.103s][info][gc,stats       ]   Update Region States                7 us
[903.103s][info][gc,stats       ]   Scan Roots                       1577 us, parallelism: 2.20x
[903.103s][info][gc,stats       ]     S: <total>                     3461 us
[903.103s][info][gc,stats       ]     S: Thread Roots                 476 us, workers (us):  98,   1, 330,   1,   2,  43, ---, ---, ---, ---, ---, ---, ---, ---, ---, ---, ---, ---, ---, ---, ---, ---, ---, ---, 
[903.103s][info][gc,stats       ]     S: Universe Roots                13 us, workers (us):  13, ---, ---, ---, ---, ---, ---, ---, ---, ---, ---, ---, ---, ---, ---, ---, ---, ---, ---, ---, ---, ---, ---, ---, 
[903.103s][info][gc,stats       ]     S: JNI Handles Roots             33 us, workers (us): ---, ---, ---, ---, ---,  33, ---, ---, ---, ---, ---, ---, ---, ---, ---, ---, ---, ---, ---, ---, ---, ---, ---, ---, 
[903.103s][info][gc,stats       ]     S: Synchronizer Roots             0 us, workers (us): ---,   0, ---, ---, ---, ---, ---, ---, ---, ---, ---, ---, ---, ---, ---, ---, ---, ---, ---, ---, ---, ---, ---, ---, 
[903.103s][info][gc,stats       ]     S: Management Roots               1 us, workers (us): ---,   1, ---, ---, ---, ---, ---, ---, ---, ---, ---, ---, ---, ---, ---, ---, ---, ---, ---, ---, ---, ---, ---, ---, 
[903.103s][info][gc,stats       ]     S: System Dict Roots             19 us, workers (us):  19, ---, ---, ---, ---, ---, ---, ---, ---, ---, ---, ---, ---, ---, ---, ---, ---, ---, ---, ---, ---, ---, ---, ---, 
[903.103s][info][gc,stats       ]     S: CLDG Roots                  2919 us, workers (us): ---, 1296, ---, 1392, 231, ---, ---, ---, ---, ---, ---, ---, ---, ---, ---, ---, ---, ---, ---, ---, ---, ---, ---, ---, 
[903.103s][info][gc,stats       ]     S: JVMTI Roots                    1 us, workers (us): ---, ---, ---,   1, ---, ---, ---, ---, ---, ---, ---, ---, ---, ---, ---, ---, ---, ---, ---, ---, ---, ---, ---, ---, 
[903.103s][info][gc,stats       ]   Resize TLABs                        7 us
[903.103s][info][gc,stats       ] Concurrent Marking                38046 us
[903.103s][info][gc,stats       ] Concurrent Precleaning             1956 us
[903.103s][info][gc,stats       ] Pause Final Mark (G)               3841 us
[903.103s][info][gc,stats       ] Pause Final Mark (N)               3511 us
[903.103s][info][gc,stats       ]   Finish Queues                     213 us
[903.103s][info][gc,stats       ]   Weak References                    32 us
[903.103s][info][gc,stats       ]     Process                          24 us
[903.103s][info][gc,stats       ]   System Purge                      217 us
[903.103s][info][gc,stats       ]     Weak Roots                      216 us
[903.103s][info][gc,stats       ]   Update Region States               29 us
[903.103s][info][gc,stats       ]   Retire TLABs                       41 us
[903.103s][info][gc,stats       ]   Choose Collection Set             340 us
[903.103s][info][gc,stats       ]   Rebuild Free Set                   28 us
[903.103s][info][gc,stats       ]   Initial Evacuation               2589 us, parallelism: 1.74x
[903.103s][info][gc,stats       ]     E: <total>                     4501 us
[903.103s][info][gc,stats       ]     E: Thread Roots                  96 us, workers (us):  91,   1,   1,   1,   0,   1, ---, ---, ---, ---, ---, ---, ---, ---, ---, ---, ---, ---, ---, ---, ---, ---, ---, ---, 
[903.103s][info][gc,stats       ]     E: Code Cache Roots            3009 us, workers (us): 595, 391, 689,   1, 644, 689, ---, ---, ---, ---, ---, ---, ---, ---, ---, ---, ---, ---, ---, ---, ---, ---, ---, ---, 
[903.103s][info][gc,stats       ]     E: Universe Roots                 2 us, workers (us):   2, ---, ---, ---, ---, ---, ---, ---, ---, ---, ---, ---, ---, ---, ---, ---, ---, ---, ---, ---, ---, ---, ---, ---, 
[903.103s][info][gc,stats       ]     E: JNI Handles Roots              2 us, workers (us): ---,   2, ---, ---, ---, ---, ---, ---, ---, ---, ---, ---, ---, ---, ---, ---, ---, ---, ---, ---, ---, ---, ---, ---, 
[903.103s][info][gc,stats       ]     E: Synchronizer Roots             0 us, workers (us):   0, ---, ---, ---, ---, ---, ---, ---, ---, ---, ---, ---, ---, ---, ---, ---, ---, ---, ---, ---, ---, ---, ---, ---, 
[903.103s][info][gc,stats       ]     E: Management Roots               2 us, workers (us): ---,   2, ---, ---, ---, ---, ---, ---, ---, ---, ---, ---, ---, ---, ---, ---, ---, ---, ---, ---, ---, ---, ---, ---, 
[903.103s][info][gc,stats       ]     E: System Dict Roots              7 us, workers (us):   7, ---, ---, ---, ---, ---, ---, ---, ---, ---, ---, ---, ---, ---, ---, ---, ---, ---, ---, ---, ---, ---, ---, ---, 
[903.103s][info][gc,stats       ]     E: CLDG Roots                  1384 us, workers (us): ---, 332, ---, 987,  65, ---, ---, ---, ---, ---, ---, ---, ---, ---, ---, ---, ---, ---, ---, ---, ---, ---, ---, ---, 
[903.103s][info][gc,stats       ]     E: JVMTI Roots                    0 us, workers (us): ---,   0, ---, ---, ---, ---, ---, ---, ---, ---, ---, ---, ---, ---, ---, ---, ---, ---, ---, ---, ---, ---, ---, ---, 
[903.103s][info][gc,stats       ] Concurrent Cleanup                14534 us
[903.103s][info][gc,stats       ] Concurrent Evacuation              4978 us
[903.103s][info][gc,stats       ] Pause Init  Update Refs (G)         399 us
[903.103s][info][gc,stats       ] Pause Init  Update Refs (N)         120 us
[903.103s][info][gc,stats       ]   Retire GCLABs                     102 us
[903.103s][info][gc,stats       ] Concurrent Update Refs            15404 us
[903.103s][info][gc,stats       ] Pause Final Update Refs (G)         780 us
[903.103s][info][gc,stats       ] Pause Final Update Refs (N)         239 us
[903.103s][info][gc,stats       ]   Update Roots                      168 us, parallelism: 1.18x
[903.103s][info][gc,stats       ]     UR: <total>                     198 us
[903.103s][info][gc,stats       ]     UR: Thread Roots                198 us, workers (us):  90,  50,  31,  22,   3,   2, ---, ---, ---, ---, ---, ---, ---, ---, ---, ---, ---, ---, ---, ---, ---, ---, ---, ---, 
[903.103s][info][gc,stats       ]   Update Region States               24 us
[903.103s][info][gc,stats       ]   Trash Collection Set                7 us
[903.103s][info][gc,stats       ]   Rebuild Free Set                   22 us
[903.103s][info][gc,stats       ] Concurrent Cleanup                  792 us
[903.103s][info][gc,stats       ] Pacing                            60474 us
[903.103s][info][gc,stats       ] 
[903.103s][info][gc,stats       ] Allocation pacing accrued:
[903.103s][info][gc,stats       ]      60 of    87 ms ( 69.9%): pl.nadoba.jvm.gc.benchmark.App.main()
[903.103s][info][gc,stats       ]      60 of    87 ms ( 69.9%): <total>
[903.103s][info][gc,stats       ]       6 of    87 ms (  7.0%): <average total>
[903.103s][info][gc,stats       ]      60 of    87 ms ( 69.9%): <average non-zero>
[903.103s][info][gc,stats       ] 
[903.103s][info][gc,metaspace   ] Metaspace: 24281K->24281K(1071104K)
[903.103s][info][gc,ergo        ] Pacer for Idle. Initial: 5242K, Alloc Tax Rate: 1.0x
[903.104s][info][gc             ] Trigger: Start next cycle immediately
[903.105s][info][gc,ergo        ] Free: 122M, Max: 256K regular, 117M humongous, Frag: 4% external, 3% internal; Reserve: 13312K, Max: 256K
[903.105s][info][gc,start       ] GC(6792) Concurrent reset
[903.105s][info][gc,task        ] GC(6792) Using 6 of 24 workers for concurrent reset
[903.105s][info][gc,ergo        ] GC(6792) Pacer for Reset. Non-Taxable: 256M
[903.105s][info][gc             ] GC(6792) Concurrent reset 0.684ms
[903.105s][info][gc,start       ] GC(6792) Pause Init Mark
[903.106s][info][gc,task        ] GC(6792) Using 6 of 24 workers for init marking
[903.109s][info][gc,ergo        ] GC(6792) Pacer for Mark. Expected Live: 11892K, Free: 122M, Non-Taxable: 12529K, Alloc Tax Rate: 0.1x
[903.109s][info][gc             ] GC(6792) Pause Init Mark 3.714ms
[903.109s][info][gc,start       ] GC(6792) Concurrent marking
[903.109s][info][gc,task        ] GC(6792) Using 6 of 24 workers for concurrent marking
[903.175s][info][gc             ] GC(6792) Concurrent marking 65.342ms
[903.177s][info][gc,start       ] GC(6792) Pause Final Mark
[903.177s][info][gc,task        ] GC(6792) Using 6 of 24 workers for final marking
[903.178s][info][gc,ergo        ] GC(6792) Collectable Garbage: 107M (100%), Immediate: 106M (99%), CSet: 1004K (0%)
[903.181s][info][gc,ergo        ] GC(6792) Pacer for Evacuation. Used CSet: 4864K, Free: 185M, Non-Taxable: 18980K, Alloc Tax Rate: 1.1x
[903.181s][info][gc             ] GC(6792) Pause Final Mark 3.949ms
[903.181s][info][gc,start       ] GC(6792) Concurrent cleanup
[903.197s][info][gc             ] GC(6792) Concurrent cleanup 162M->71M(256M) 15.621ms
[903.197s][info][gc,ergo        ] GC(6792) Free: 169M, Max: 256K regular, 98304K humongous, Frag: 44% external, 1% internal; Reserve: 12541K, Max: 256K
[903.197s][info][gc,start       ] GC(6792) Concurrent evacuation
[903.197s][info][gc,task        ] GC(6792) Using 6 of 24 workers for concurrent evacuation
[903.201s][info][gc             ] GC(6792) Concurrent evacuation 4.504ms
[903.202s][info][gc,start       ] GC(6792) Pause Init Update Refs
[903.202s][info][gc,ergo        ] GC(6792) Pacer for Update Refs. Used: 85396K, Free: 161M, Non-Taxable: 16522K, Alloc Tax Rate: 1.1x
[903.202s][info][gc             ] GC(6792) Pause Init Update Refs 0.221ms
[903.202s][info][gc,start       ] GC(6792) Concurrent update references
[903.202s][info][gc,task        ] GC(6792) Using 6 of 24 workers for concurrent reference update
[903.219s][info][gc             ] GC(6792) Concurrent update references 16.815ms
[903.220s][info][gc,start       ] GC(6792) Pause Final Update Refs
[903.220s][info][gc,task        ] GC(6792) Using 6 of 24 workers for final reference update
[903.220s][info][gc             ] GC(6792) Pause Final Update Refs 0.276ms
[903.220s][info][gc,start       ] GC(6792) Concurrent cleanup
[903.221s][info][gc             ] GC(6792) Concurrent cleanup 135M->139M(256M) 0.894ms
[903.221s][info][gc             ] GC(6792) Dat log --- cycle is complete
Current gc epoch: 5508
heap: ______
capacity: 268435456
used: 146429136
committed: 268435456
bytes_allocated_since_gc_start: 142344720
hot_size: 0
cold_size: 2930576
num_regions: 1024
hot_region_count: 18446744073709405902
cold_region_count: 145732
histogram: Placeholder

[903.221s][info][gc             ] GC(6792) Obj count ac histogram
[903.221s][info][gc             ] GC(6792) 	0: 225008
[903.221s][info][gc             ] GC(6792) 	1: 15
[903.221s][info][gc             ] GC(6792) 	2: 2
[903.221s][info][gc             ] GC(6792) 	3: 0
[903.221s][info][gc             ] GC(6792) 	4: 0
[903.221s][info][gc             ] GC(6792) 	5: 0
[903.221s][info][gc             ] GC(6792) 	6: 0
[903.221s][info][gc             ] GC(6792) 	7: 0
[903.221s][info][gc             ] GC(6792) 	8: 0
[903.221s][info][gc             ] GC(6792) 	9: 0
[903.221s][info][gc             ] GC(6792) 	10: 0
[903.221s][info][gc             ] GC(6792) 	11: 0
[903.221s][info][gc             ] GC(6792) 	12: 0
[903.221s][info][gc             ] GC(6792) 	13: 0
[903.221s][info][gc             ] GC(6792) 	14: 0
[903.221s][info][gc             ] GC(6792) 	15: 0
[903.221s][info][gc             ] GC(6792) 	16: 0
[903.221s][info][gc             ] GC(6792) 	17: 0
[903.222s][info][gc             ] GC(6792) 	18: 0
[903.222s][info][gc             ] GC(6792) 	19: 0
[903.222s][info][gc             ] GC(6792) Obj size ac histogram
[903.222s][info][gc             ] GC(6792) 	0: 2251639
[903.222s][info][gc             ] GC(6792) 	1: 720
[903.222s][info][gc             ] GC(6792) 	2: 14
[903.222s][info][gc             ] GC(6792) 	3: 0
[903.222s][info][gc             ] GC(6792) 	4: 0
[903.222s][info][gc             ] GC(6792) 	5: 0
[903.222s][info][gc             ] GC(6792) 	6: 0
[903.222s][info][gc             ] GC(6792) 	7: 0
[903.222s][info][gc             ] GC(6792) 	8: 0
[903.222s][info][gc             ] GC(6792) 	9: 0
[903.222s][info][gc             ] GC(6792) 	10: 0
[903.222s][info][gc             ] GC(6792) 	11: 0
[903.222s][info][gc             ] GC(6792) 	12: 0
[903.222s][info][gc             ] GC(6792) 	13: 0
[903.222s][info][gc             ] GC(6792) 	14: 0
[903.222s][info][gc             ] GC(6792) 	15: 0
[903.222s][info][gc             ] GC(6792) 	16: 0
[903.222s][info][gc             ] GC(6792) 	17: 0
[903.222s][info][gc             ] GC(6792) 	18: 0
[903.222s][info][gc             ] GC(6792) 	19: 0
[903.222s][info][gc,ergo        ] Free: 100459K, Max: 256K regular, 71168K humongous, Frag: 29% external, 3% internal; Reserve: 13312K, Max: 256K
[903.222s][info][gc,stats       ] 
[903.222s][info][gc,stats       ] All times are wall-clock times, except per-root-class counters, that are sum over
[903.222s][info][gc,stats       ] all workers. Dividing the <total> over the root stage time estimates parallelism.
[903.222s][info][gc,stats       ] 
[903.222s][info][gc,stats       ] Concurrent Reset                    669 us
[903.222s][info][gc,stats       ] Pause Init Mark (G)                4026 us
[903.222s][info][gc,stats       ] Pause Init Mark (N)                3677 us
[903.222s][info][gc,stats       ]   Accumulate Stats                    6 us
[903.222s][info][gc,stats       ]   Make Parsable                      47 us
[903.222s][info][gc,stats       ]   Update Region States               11 us
[903.222s][info][gc,stats       ]   Scan Roots                       2842 us, parallelism: 1.89x
[903.222s][info][gc,stats       ]     S: <total>                     5362 us
[903.222s][info][gc,stats       ]     S: Thread Roots                 352 us, workers (us):  85,  90,   2,   2,   2, 172, ---, ---, ---, ---, ---, ---, ---, ---, ---, ---, ---, ---, ---, ---, ---, ---, ---, ---, 
[903.222s][info][gc,stats       ]     S: Universe Roots                32 us, workers (us):  32, ---, ---, ---, ---, ---, ---, ---, ---, ---, ---, ---, ---, ---, ---, ---, ---, ---, ---, ---, ---, ---, ---, ---, 
[903.222s][info][gc,stats       ]     S: JNI Handles Roots             24 us, workers (us): ---,  24, ---, ---, ---, ---, ---, ---, ---, ---, ---, ---, ---, ---, ---, ---, ---, ---, ---, ---, ---, ---, ---, ---, 
[903.222s][info][gc,stats       ]     S: Synchronizer Roots             0 us, workers (us):   0, ---, ---, ---, ---, ---, ---, ---, ---, ---, ---, ---, ---, ---, ---, ---, ---, ---, ---, ---, ---, ---, ---, ---, 
[903.222s][info][gc,stats       ]     S: Management Roots               3 us, workers (us):   3, ---, ---, ---, ---, ---, ---, ---, ---, ---, ---, ---, ---, ---, ---, ---, ---, ---, ---, ---, ---, ---, ---, ---, 
[903.222s][info][gc,stats       ]     S: System Dict Roots             32 us, workers (us):  32, ---, ---, ---, ---, ---, ---, ---, ---, ---, ---, ---, ---, ---, ---, ---, ---, ---, ---, ---, ---, ---, ---, ---, 
[903.222s][info][gc,stats       ]     S: CLDG Roots                  4918 us, workers (us): ---, ---, 2645, 2064, 209, ---, ---, ---, ---, ---, ---, ---, ---, ---, ---, ---, ---, ---, ---, ---, ---, ---, ---, ---, 
[903.222s][info][gc,stats       ]     S: JVMTI Roots                    1 us, workers (us): ---,   1, ---, ---, ---, ---, ---, ---, ---, ---, ---, ---, ---, ---, ---, ---, ---, ---, ---, ---, ---, ---, ---, ---, 
[903.222s][info][gc,stats       ]   Resize TLABs                        8 us
[903.222s][info][gc,stats       ] Concurrent Marking                65291 us
[903.222s][info][gc,stats       ] Pause Final Mark (G)               6438 us
[903.222s][info][gc,stats       ] Pause Final Mark (N)               3904 us
[903.222s][info][gc,stats       ]   Finish Queues                     195 us
[903.222s][info][gc,stats       ]   System Purge                      303 us
[903.222s][info][gc,stats       ]     Weak Roots                      301 us
[903.222s][info][gc,stats       ]   Update Region States               35 us
[903.222s][info][gc,stats       ]   Retire TLABs                       52 us
[903.222s][info][gc,stats       ]   Choose Collection Set             485 us
[903.222s][info][gc,stats       ]   Rebuild Free Set                   38 us
[903.222s][info][gc,stats       ]   Initial Evacuation               2770 us, parallelism: 1.64x
[903.222s][info][gc,stats       ]     E: <total>                     4547 us
[903.222s][info][gc,stats       ]     E: Thread Roots                 119 us, workers (us):  21,  44,   1,   1,  51,   1, ---, ---, ---, ---, ---, ---, ---, ---, ---, ---, ---, ---, ---, ---, ---, ---, ---, ---, 
[903.222s][info][gc,stats       ]     E: Code Cache Roots            3443 us, workers (us): 694, 672, 237, 712, 342, 786, ---, ---, ---, ---, ---, ---, ---, ---, ---, ---, ---, ---, ---, ---, ---, ---, ---, ---, 
[903.222s][info][gc,stats       ]     E: Universe Roots                 6 us, workers (us):   6, ---, ---, ---, ---, ---, ---, ---, ---, ---, ---, ---, ---, ---, ---, ---, ---, ---, ---, ---, ---, ---, ---, ---, 
[903.222s][info][gc,stats       ]     E: JNI Handles Roots              3 us, workers (us): ---, ---,   3, ---, ---, ---, ---, ---, ---, ---, ---, ---, ---, ---, ---, ---, ---, ---, ---, ---, ---, ---, ---, ---, 
[903.222s][info][gc,stats       ]     E: Synchronizer Roots             1 us, workers (us): ---, ---,   1, ---, ---, ---, ---, ---, ---, ---, ---, ---, ---, ---, ---, ---, ---, ---, ---, ---, ---, ---, ---, ---, 
[903.222s][info][gc,stats       ]     E: Management Roots               2 us, workers (us): ---,   2, ---, ---, ---, ---, ---, ---, ---, ---, ---, ---, ---, ---, ---, ---, ---, ---, ---, ---, ---, ---, ---, ---, 
[903.222s][info][gc,stats       ]     E: System Dict Roots             14 us, workers (us): ---, ---, ---,  14, ---, ---, ---, ---, ---, ---, ---, ---, ---, ---, ---, ---, ---, ---, ---, ---, ---, ---, ---, ---, 
[903.222s][info][gc,stats       ]     E: CLDG Roots                   959 us, workers (us): ---, ---, 556,  71, 332, ---, ---, ---, ---, ---, ---, ---, ---, ---, ---, ---, ---, ---, ---, ---, ---, ---, ---, ---, 
[903.222s][info][gc,stats       ]     E: JVMTI Roots                    1 us, workers (us): ---, ---,   1, ---, ---, ---, ---, ---, ---, ---, ---, ---, ---, ---, ---, ---, ---, ---, ---, ---, ---, ---, ---, ---, 
[903.222s][info][gc,stats       ] Concurrent Cleanup                15573 us
[903.222s][info][gc,stats       ] Concurrent Evacuation              4486 us
[903.222s][info][gc,stats       ] Pause Init  Update Refs (G)         468 us
[903.222s][info][gc,stats       ] Pause Init  Update Refs (N)         175 us
[903.222s][info][gc,stats       ]   Retire GCLABs                     149 us
[903.222s][info][gc,stats       ] Concurrent Update Refs            16797 us
[903.222s][info][gc,stats       ] Pause Final Update Refs (G)        1800 us
[903.222s][info][gc,stats       ] Pause Final Update Refs (N)         233 us
[903.222s][info][gc,stats       ]   Update Roots                      140 us, parallelism: 1.28x
[903.222s][info][gc,stats       ]     UR: <total>                     179 us
[903.222s][info][gc,stats       ]     UR: Thread Roots                179 us, workers (us):  81,  33,  28,  30,   4,   2, ---, ---, ---, ---, ---, ---, ---, ---, ---, ---, ---, ---, ---, ---, ---, ---, ---, ---, 
[903.222s][info][gc,stats       ]   Update Region States               26 us
[903.222s][info][gc,stats       ]   Trash Collection Set               11 us
[903.222s][info][gc,stats       ]   Rebuild Free Set                   32 us
[903.222s][info][gc,stats       ] Concurrent Cleanup                  853 us
[903.222s][info][gc,stats       ] Pacing                            83608 us
[903.222s][info][gc,stats       ] 
[903.222s][info][gc,stats       ] Allocation pacing accrued:
[903.222s][info][gc,stats       ]      84 of   119 ms ( 70.2%): pl.nadoba.jvm.gc.benchmark.App.main()
[903.222s][info][gc,stats       ]      84 of   119 ms ( 70.2%): <total>
[903.222s][info][gc,stats       ]       8 of   119 ms (  7.0%): <average total>
[903.222s][info][gc,stats       ]      84 of   119 ms ( 70.2%): <average non-zero>
[903.222s][info][gc,stats       ] 
[903.222s][info][gc,metaspace   ] Metaspace: 24281K->24281K(1071104K)
[903.222s][info][gc,ergo        ] Pacer for Idle. Initial: 5242K, Alloc Tax Rate: 1.0x
[903.224s][info][gc             ] Trigger: Start next cycle immediately
[903.224s][info][gc,ergo        ] Free: 95083K, Max: 256K regular, 71168K humongous, Frag: 25% external, 4% internal; Reserve: 13312K, Max: 256K
[903.224s][info][gc,start       ] GC(6793) Concurrent reset
[903.224s][info][gc,task        ] GC(6793) Using 6 of 24 workers for concurrent reset
[903.224s][info][gc,ergo        ] GC(6793) Pacer for Reset. Non-Taxable: 256M
[903.224s][info][gc             ] GC(6793) Concurrent reset 0.823ms
[903.225s][info][gc,start       ] GC(6793) Pause Init Mark (unload classes)
[903.225s][info][gc,task        ] GC(6793) Using 6 of 24 workers for init marking
[903.228s][info][gc,ergo        ] GC(6793) Pacer for Mark. Expected Live: 11892K, Free: 90731K, Non-Taxable: 9073K, Alloc Tax Rate: 0.2x
[903.228s][info][gc             ] GC(6793) Pause Init Mark (unload classes) 2.773ms
[903.228s][info][gc,start       ] GC(6793) Concurrent marking (unload classes)
[903.228s][info][gc,task        ] GC(6793) Using 6 of 24 workers for concurrent marking
[903.296s][info][gc             ] GC(6793) Concurrent marking (unload classes) 68.224ms
[903.296s][info][gc,start       ] GC(6793) Pause Final Mark (unload classes)
[903.296s][info][gc,task        ] GC(6793) Using 6 of 24 workers for final marking
[903.351s][info][gc,stringtable ] GC(6793) Cleaned string and symbol table, strings: 8172 processed, 0 removed, symbols: 68000 processed, 0 removed
[903.352s][info][gc,ergo        ] GC(6793) Collectable Garbage: 136M (100%), Immediate: 135M (99%), CSet: 1004K (0%)
[903.354s][info][gc,ergo        ] GC(6793) Pacer for Evacuation. Used CSet: 4864K, Free: 173M, Non-Taxable: 17802K, Alloc Tax Rate: 1.1x
[903.354s][info][gc             ] GC(6793) Pause Final Mark (unload classes) 57.905ms
[903.354s][info][gc,start       ] GC(6793) Concurrent cleanup
[903.374s][info][gc             ] GC(6793) Concurrent cleanup 201M->98M(256M) 19.597ms
[903.374s][info][gc,ergo        ] GC(6793) Free: 140M, Max: 256K regular, 60928K humongous, Frag: 58% external, 2% internal; Reserve: 12670K, Max: 256K
[903.374s][info][gc,start       ] GC(6793) Concurrent evacuation
[903.374s][info][gc,task        ] GC(6793) Using 6 of 24 workers for concurrent evacuation
[903.378s][info][gc             ] GC(6793) Concurrent evacuation 3.622ms
[903.378s][info][gc,start       ] GC(6793) Pause Init Update Refs
[903.378s][info][gc,ergo        ] GC(6793) Pacer for Update Refs. Used: 102M, Free: 140M, Non-Taxable: 14397K, Alloc Tax Rate: 1.1x
[903.378s][info][gc             ] GC(6793) Pause Init Update Refs 0.127ms
[903.378s][info][gc,start       ] GC(6793) Concurrent update references
[903.378s][info][gc,task        ] GC(6793) Using 6 of 24 workers for concurrent reference update
[903.395s][info][gc             ] GC(6793) Concurrent update references 16.731ms
[903.395s][info][gc,start       ] GC(6793) Pause Final Update Refs
[903.395s][info][gc,task        ] GC(6793) Using 6 of 24 workers for final reference update
[903.395s][info][gc             ] GC(6793) Pause Final Update Refs 0.217ms
[903.395s][info][gc,start       ] GC(6793) Concurrent cleanup
[903.396s][info][gc             ] GC(6793) Concurrent cleanup 148M->143M(256M) 0.774ms
[903.396s][info][gc             ] GC(6793) Dat log --- cycle is complete
Current gc epoch: 5509
heap: ______
capacity: 268435456
used: 150623600
committed: 268435456
bytes_allocated_since_gc_start: 147849744
hot_size: 0
cold_size: 3133324
num_regions: 1024
hot_region_count: 18446744073709405884
cold_region_count: 145750
histogram: Placeholder

[903.396s][info][gc             ] GC(6793) Obj count ac histogram
[903.396s][info][gc             ] GC(6793) 	0: 218064
[903.396s][info][gc             ] GC(6793) 	1: 15
[903.396s][info][gc             ] GC(6793) 	2: 2
[903.396s][info][gc             ] GC(6793) 	3: 0
[903.396s][info][gc             ] GC(6793) 	4: 0
[903.396s][info][gc             ] GC(6793) 	5: 0
[903.396s][info][gc             ] GC(6793) 	6: 0
[903.396s][info][gc             ] GC(6793) 	7: 0
[903.396s][info][gc             ] GC(6793) 	8: 0
[903.396s][info][gc             ] GC(6793) 	9: 0
[903.396s][info][gc             ] GC(6793) 	10: 0
[903.396s][info][gc             ] GC(6793) 	11: 0
[903.396s][info][gc             ] GC(6793) 	12: 0
[903.396s][info][gc             ] GC(6793) 	13: 0
[903.396s][info][gc             ] GC(6793) 	14: 0
[903.396s][info][gc             ] GC(6793) 	15: 0
[903.396s][info][gc             ] GC(6793) 	16: 0
[903.396s][info][gc             ] GC(6793) 	17: 0
[903.396s][info][gc             ] GC(6793) 	18: 0
[903.396s][info][gc             ] GC(6793) 	19: 0
[903.396s][info][gc             ] GC(6793) Obj size ac histogram
[903.396s][info][gc             ] GC(6793) 	0: 2416057
[903.396s][info][gc             ] GC(6793) 	1: 720
[903.396s][info][gc             ] GC(6793) 	2: 14
[903.396s][info][gc             ] GC(6793) 	3: 0
[903.396s][info][gc             ] GC(6793) 	4: 0
[903.396s][info][gc             ] GC(6793) 	5: 0
[903.396s][info][gc             ] GC(6793) 	6: 0
[903.396s][info][gc             ] GC(6793) 	7: 0
[903.396s][info][gc             ] GC(6793) 	8: 0
[903.396s][info][gc             ] GC(6793) 	9: 0
[903.396s][info][gc             ] GC(6793) 	10: 0
[903.396s][info][gc             ] GC(6793) 	11: 0
[903.396s][info][gc             ] GC(6793) 	12: 0
[903.396s][info][gc             ] GC(6793) 	13: 0
[903.396s][info][gc             ] GC(6793) 	14: 0
[903.396s][info][gc             ] GC(6793) 	15: 0
[903.396s][info][gc             ] GC(6793) 	16: 0
[903.396s][info][gc             ] GC(6793) 	17: 0
[903.396s][info][gc             ] GC(6793) 	18: 0
[903.396s][info][gc             ] GC(6793) 	19: 0
[903.396s][info][gc,ergo        ] Free: 95083K, Max: 256K regular, 49920K humongous, Frag: 48% external, 4% internal; Reserve: 13312K, Max: 256K
[903.396s][info][gc,stats       ] 
[903.396s][info][gc,stats       ] All times are wall-clock times, except per-root-class counters, that are sum over
[903.396s][info][gc,stats       ] all workers. Dividing the <total> over the root stage time estimates parallelism.
[903.396s][info][gc,stats       ] 
[903.396s][info][gc,stats       ] Concurrent Reset                    809 us
[903.396s][info][gc,stats       ] Pause Init Mark (G)                3555 us
[903.396s][info][gc,stats       ] Pause Init Mark (N)                2727 us
[903.396s][info][gc,stats       ]   Accumulate Stats                    7 us
[903.396s][info][gc,stats       ]   Make Parsable                      54 us
[903.396s][info][gc,stats       ]   Update Region States               15 us
[903.396s][info][gc,stats       ]   Scan Roots                       1739 us, parallelism: 1.20x
[903.396s][info][gc,stats       ]     S: <total>                     2079 us
[903.396s][info][gc,stats       ]     S: Thread Roots                 421 us, workers (us):  30, 201,  44,  81,   2,  63, ---, ---, ---, ---, ---, ---, ---, ---, ---, ---, ---, ---, ---, ---, ---, ---, ---, ---, 
[903.396s][info][gc,stats       ]     S: Universe Roots                46 us, workers (us):  46, ---, ---, ---, ---, ---, ---, ---, ---, ---, ---, ---, ---, ---, ---, ---, ---, ---, ---, ---, ---, ---, ---, ---, 
[903.396s][info][gc,stats       ]     S: JNI Handles Roots             28 us, workers (us): ---, ---, ---,  28, ---, ---, ---, ---, ---, ---, ---, ---, ---, ---, ---, ---, ---, ---, ---, ---, ---, ---, ---, ---, 
[903.397s][info][gc,stats       ]     S: Synchronizer Roots             1 us, workers (us): ---,   1, ---, ---, ---, ---, ---, ---, ---, ---, ---, ---, ---, ---, ---, ---, ---, ---, ---, ---, ---, ---, ---, ---, 
[903.397s][info][gc,stats       ]     S: Management Roots               2 us, workers (us): ---,   2, ---, ---, ---, ---, ---, ---, ---, ---, ---, ---, ---, ---, ---, ---, ---, ---, ---, ---, ---, ---, ---, ---, 
[903.397s][info][gc,stats       ]     S: System Dict Roots             36 us, workers (us): ---,  36, ---, ---, ---, ---, ---, ---, ---, ---, ---, ---, ---, ---, ---, ---, ---, ---, ---, ---, ---, ---, ---, ---, 
[903.397s][info][gc,stats       ]     S: CLDG Roots                  1546 us, workers (us): ---, ---,  11, ---, 1523,  12, ---, ---, ---, ---, ---, ---, ---, ---, ---, ---, ---, ---, ---, ---, ---, ---, ---, ---, 
[903.397s][info][gc,stats       ]     S: JVMTI Roots                    1 us, workers (us): ---, ---,   1, ---, ---, ---, ---, ---, ---, ---, ---, ---, ---, ---, ---, ---, ---, ---, ---, ---, ---, ---, ---, ---, 
[903.397s][info][gc,stats       ]   Resize TLABs                        7 us
[903.397s][info][gc,stats       ] Concurrent Marking                68172 us
[903.397s][info][gc,stats       ] Pause Final Mark (G)              58096 us
[903.397s][info][gc,stats       ] Pause Final Mark (N)              57851 us
[903.397s][info][gc,stats       ]   Finish Queues                     183 us
[903.397s][info][gc,stats       ]   System Purge                      207 us
[903.397s][info][gc,stats       ]     Unload Classes                   96 us
[903.397s][info][gc,stats       ]     Cleanup                       54172 us, parallelism: 1.68x
[903.397s][info][gc,stats       ]       CU: <total>                 91217 us
[903.397s][info][gc,stats       ]       CU: Code Cache Roots        67302 us, workers (us): 10843, 10809, 10812, 12490, 11312, 11036, ---, ---, ---, ---, ---, ---, ---, ---, ---, ---, ---, ---, ---, ---, ---, ---, ---, ---, 
[903.397s][info][gc,stats       ]       CU: Code Cache Cleaning      8895 us, workers (us): 1597, 1614, 1611, 849, 1613, 1612, ---, ---, ---, ---, ---, ---, ---, ---, ---, ---, ---, ---, ---, ---, ---, ---, ---, ---, 
[903.397s][info][gc,stats       ]       CU: String Table Roots       3824 us, workers (us): 890, 923, 921,   1, 406, 684, ---, ---, ---, ---, ---, ---, ---, ---, ---, ---, ---, ---, ---, ---, ---, ---, ---, ---, 
[903.397s][info][gc,stats       ]       CU: Resolved Table Roots       19 us, workers (us):  18,   0,   0,   0,   0,   0, ---, ---, ---, ---, ---, ---, ---, ---, ---, ---, ---, ---, ---, ---, ---, ---, ---, ---, 
[903.397s][info][gc,stats       ]       CU: CLDG Roots              11178 us, workers (us): 1840, 1878, 1841, 1882, 1843, 1894, ---, ---, ---, ---, ---, ---, ---, ---, ---, ---, ---, ---, ---, ---, ---, ---, ---, ---, 
[903.397s][info][gc,stats       ]     Weak Roots                      206 us
[903.397s][info][gc,stats       ]     CLDG                              1 us
[903.397s][info][gc,stats       ]   Update Region States               23 us
[903.397s][info][gc,stats       ]   Retire TLABs                       40 us
[903.397s][info][gc,stats       ]   Choose Collection Set             372 us
[903.397s][info][gc,stats       ]   Rebuild Free Set                   15 us
[903.397s][info][gc,stats       ]   Initial Evacuation               2549 us, parallelism: 2.49x
[903.397s][info][gc,stats       ]     E: <total>                     6355 us
[903.397s][info][gc,stats       ]     E: Thread Roots                 205 us, workers (us):  66,   1,   2,   1,   1, 133, ---, ---, ---, ---, ---, ---, ---, ---, ---, ---, ---, ---, ---, ---, ---, ---, ---, ---, 
[903.397s][info][gc,stats       ]     E: Code Cache Roots            5150 us, workers (us): 518, 1164, 1029, 1006, 542, 892, ---, ---, ---, ---, ---, ---, ---, ---, ---, ---, ---, ---, ---, ---, ---, ---, ---, ---, 
[903.397s][info][gc,stats       ]     E: Universe Roots                 3 us, workers (us):   3, ---, ---, ---, ---, ---, ---, ---, ---, ---, ---, ---, ---, ---, ---, ---, ---, ---, ---, ---, ---, ---, ---, ---, 
[903.397s][info][gc,stats       ]     E: JNI Handles Roots              3 us, workers (us): ---,   3, ---, ---, ---, ---, ---, ---, ---, ---, ---, ---, ---, ---, ---, ---, ---, ---, ---, ---, ---, ---, ---, ---, 
[903.397s][info][gc,stats       ]     E: Synchronizer Roots             0 us, workers (us):   0, ---, ---, ---, ---, ---, ---, ---, ---, ---, ---, ---, ---, ---, ---, ---, ---, ---, ---, ---, ---, ---, ---, ---, 
[903.397s][info][gc,stats       ]     E: Management Roots               2 us, workers (us):   2, ---, ---, ---, ---, ---, ---, ---, ---, ---, ---, ---, ---, ---, ---, ---, ---, ---, ---, ---, ---, ---, ---, ---, 
[903.397s][info][gc,stats       ]     E: System Dict Roots              6 us, workers (us):   6, ---, ---, ---, ---, ---, ---, ---, ---, ---, ---, ---, ---, ---, ---, ---, ---, ---, ---, ---, ---, ---, ---, ---, 
[903.397s][info][gc,stats       ]     E: CLDG Roots                   986 us, workers (us): 391, ---, ---,  70, 525, ---, ---, ---, ---, ---, ---, ---, ---, ---, ---, ---, ---, ---, ---, ---, ---, ---, ---, ---, 
[903.397s][info][gc,stats       ]     E: JVMTI Roots                    1 us, workers (us): ---,   1, ---, ---, ---, ---, ---, ---, ---, ---, ---, ---, ---, ---, ---, ---, ---, ---, ---, ---, ---, ---, ---, ---, 
[903.397s][info][gc,stats       ] Concurrent Cleanup                19552 us
[903.397s][info][gc,stats       ] Concurrent Evacuation              3614 us
[903.397s][info][gc,stats       ] Pause Init  Update Refs (G)         326 us
[903.397s][info][gc,stats       ] Pause Init  Update Refs (N)         107 us
[903.397s][info][gc,stats       ]   Retire GCLABs                      95 us
[903.397s][info][gc,stats       ] Concurrent Update Refs            16715 us
[903.397s][info][gc,stats       ] Pause Final Update Refs (G)         559 us
[903.397s][info][gc,stats       ] Pause Final Update Refs (N)         195 us
[903.397s][info][gc,stats       ]   Update Roots                      139 us, parallelism: 1.39x
[903.397s][info][gc,stats       ]     UR: <total>                     194 us
[903.397s][info][gc,stats       ]     UR: Thread Roots                194 us, workers (us):  82,  48,  56,   2,   5,   2, ---, ---, ---, ---, ---, ---, ---, ---, ---, ---, ---, ---, ---, ---, ---, ---, ---, ---, 
[903.397s][info][gc,stats       ]   Update Region States               22 us
[903.397s][info][gc,stats       ]   Trash Collection Set                7 us
[903.397s][info][gc,stats       ]   Rebuild Free Set                   16 us
[903.397s][info][gc,stats       ] Concurrent Cleanup                  758 us
[903.397s][info][gc,stats       ] Pacing                           136880 us
[903.397s][info][gc,stats       ] 
[903.397s][info][gc,stats       ] Allocation pacing accrued:
[903.397s][info][gc,stats       ]     137 of   175 ms ( 78.4%): pl.nadoba.jvm.gc.benchmark.App.main()
[903.397s][info][gc,stats       ]     137 of   175 ms ( 78.4%): <total>
[903.397s][info][gc,stats       ]      14 of   175 ms (  7.8%): <average total>
[903.397s][info][gc,stats       ]     137 of   175 ms ( 78.4%): <average non-zero>
[903.397s][info][gc,stats       ] 
[903.397s][info][gc,metaspace   ] Metaspace: 24281K->24281K(1071104K)
[903.397s][info][gc,ergo        ] Pacer for Idle. Initial: 5242K, Alloc Tax Rate: 1.0x
[903.398s][info][gc             ] Trigger: Start next cycle immediately
[903.398s][info][gc,ergo        ] Free: 85099K, Max: 256K regular, 49920K humongous, Frag: 42% external, 4% internal; Reserve: 13312K, Max: 256K
[903.398s][info][gc,start       ] GC(6794) Concurrent reset
[903.398s][info][gc,task        ] GC(6794) Using 6 of 24 workers for concurrent reset
[903.398s][info][gc,ergo        ] GC(6794) Pacer for Reset. Non-Taxable: 256M
[903.399s][info][gc             ] GC(6794) Concurrent reset 0.721ms
[903.399s][info][gc,start       ] GC(6794) Pause Init Mark (process weakrefs)
[903.399s][info][gc,task        ] GC(6794) Using 6 of 24 workers for init marking
[903.403s][info][gc,ergo        ] GC(6794) Pacer for Mark. Expected Live: 12711K, Free: 80747K, Non-Taxable: 8074K, Alloc Tax Rate: 0.2x
[903.403s][info][gc             ] GC(6794) Pause Init Mark (process weakrefs) 3.369ms
[903.403s][info][gc,start       ] GC(6794) Concurrent marking (process weakrefs)
[903.403s][info][gc,task        ] GC(6794) Using 6 of 24 workers for concurrent marking
[903.460s][info][gc             ] GC(6794) Concurrent marking (process weakrefs) 57.537ms
[903.461s][info][gc,start       ] GC(6794) Concurrent precleaning
[903.461s][info][gc,task        ] GC(6794) Using 1 of 24 workers for concurrent preclean
[903.461s][info][gc,ergo        ] GC(6794) Pacer for Precleaning. Non-Taxable: 256M
[903.463s][info][gc             ] GC(6794) Concurrent precleaning 2.239ms
[903.464s][info][gc,start       ] GC(6794) Pause Final Mark (process weakrefs)
[903.464s][info][gc,task        ] GC(6794) Using 6 of 24 workers for final marking
[903.465s][info][gc,ergo        ] GC(6794) Collectable Garbage: 144M (100%), Immediate: 143M (99%), CSet: 1004K (0%)
[903.468s][info][gc,ergo        ] GC(6794) Pacer for Evacuation. Used CSet: 4864K, Free: 171M, Non-Taxable: 17572K, Alloc Tax Rate: 1.1x
[903.468s][info][gc             ] GC(6794) Pause Final Mark (process weakrefs) 3.759ms
[903.468s][info][gc,start       ] GC(6794) Concurrent cleanup
[903.489s][info][gc             ] GC(6794) Concurrent cleanup 212M->89M(256M) 20.568ms
[903.489s][info][gc,ergo        ] GC(6794) Free: 150M, Max: 256K regular, 71680K humongous, Frag: 54% external, 1% internal; Reserve: 12544K, Max: 256K
[903.489s][info][gc,start       ] GC(6794) Concurrent evacuation
[903.489s][info][gc,task        ] GC(6794) Using 6 of 24 workers for concurrent evacuation
[903.493s][info][gc             ] GC(6794) Concurrent evacuation 4.219ms
[903.493s][info][gc,start       ] GC(6794) Pause Init Update Refs
[903.493s][info][gc,ergo        ] GC(6794) Pacer for Update Refs. Used: 95892K, Free: 150M, Non-Taxable: 15421K, Alloc Tax Rate: 1.1x
[903.493s][info][gc             ] GC(6794) Pause Init Update Refs 0.231ms
[903.493s][info][gc,start       ] GC(6794) Concurrent update references
[903.493s][info][gc,task        ] GC(6794) Using 6 of 24 workers for concurrent reference update
[903.509s][info][gc             ] GC(6794) Concurrent update references 15.635ms
[903.511s][info][gc,start       ] GC(6794) Pause Final Update Refs
[903.511s][info][gc,task        ] GC(6794) Using 6 of 24 workers for final reference update
[903.511s][info][gc             ] GC(6794) Pause Final Update Refs 0.291ms
[903.511s][info][gc,start       ] GC(6794) Concurrent cleanup
[903.512s][info][gc             ] GC(6794) Concurrent cleanup 147M->151M(256M) 0.854ms
[903.512s][info][gc             ] GC(6794) Dat log --- cycle is complete
Current gc epoch: 5510
heap: ______
capacity: 268435456
used: 159274384
committed: 268435456
bytes_allocated_since_gc_start: 156500496
hot_size: 0
cold_size: 3192724
num_regions: 1024
hot_region_count: 18446744073709405866
cold_region_count: 145769
histogram: Placeholder

[903.512s][info][gc             ] GC(6794) Obj count ac histogram
[903.512s][info][gc             ] GC(6794) 	0: 195070
[903.512s][info][gc             ] GC(6794) 	1: 15
[903.512s][info][gc             ] GC(6794) 	2: 4662
[903.512s][info][gc             ] GC(6794) 	3: 4371
[903.512s][info][gc             ] GC(6794) 	4: 763
[903.512s][info][gc             ] GC(6794) 	5: 15
[903.512s][info][gc             ] GC(6794) 	6: 0
[903.512s][info][gc             ] GC(6794) 	7: 0
[903.512s][info][gc             ] GC(6794) 	8: 0
[903.512s][info][gc             ] GC(6794) 	9: 0
[903.512s][info][gc             ] GC(6794) 	10: 0
[903.512s][info][gc             ] GC(6794) 	11: 0
[903.512s][info][gc             ] GC(6794) 	12: 0
[903.512s][info][gc             ] GC(6794) 	13: 0
[903.512s][info][gc             ] GC(6794) 	14: 0
[903.512s][info][gc             ] GC(6794) 	15: 0
[903.512s][info][gc             ] GC(6794) 	16: 0
[903.512s][info][gc             ] GC(6794) 	17: 0
[903.512s][info][gc             ] GC(6794) 	18: 0
[903.512s][info][gc             ] GC(6794) 	19: 0
[903.512s][info][gc             ] GC(6794) Obj size ac histogram
[903.512s][info][gc             ] GC(6794) 	0: 1769286
[903.512s][info][gc             ] GC(6794) 	1: 720
[903.512s][info][gc             ] GC(6794) 	2: 66983
[903.512s][info][gc             ] GC(6794) 	3: 41851
[903.512s][info][gc             ] GC(6794) 	4: 4644
[903.512s][info][gc             ] GC(6794) 	5: 150
[903.512s][info][gc             ] GC(6794) 	6: 0
[903.512s][info][gc             ] GC(6794) 	7: 0
[903.512s][info][gc             ] GC(6794) 	8: 0
[903.512s][info][gc             ] GC(6794) 	9: 0
[903.512s][info][gc             ] GC(6794) 	10: 0
[903.512s][info][gc             ] GC(6794) 	11: 0
[903.512s][info][gc             ] GC(6794) 	12: 0
[903.512s][info][gc             ] GC(6794) 	13: 0
[903.512s][info][gc             ] GC(6794) 	14: 0
[903.512s][info][gc             ] GC(6794) 	15: 0
[903.512s][info][gc             ] GC(6794) 	16: 0
[903.512s][info][gc             ] GC(6794) 	17: 0
[903.512s][info][gc             ] GC(6794) 	18: 0
[903.512s][info][gc             ] GC(6794) 	19: 0
[903.512s][info][gc,ergo        ] Free: 86379K, Max: 256K regular, 48128K humongous, Frag: 45% external, 4% internal; Reserve: 13312K, Max: 256K
[903.512s][info][gc,stats       ] 
[903.512s][info][gc,stats       ] All times are wall-clock times, except per-root-class counters, that are sum over
[903.512s][info][gc,stats       ] all workers. Dividing the <total> over the root stage time estimates parallelism.
[903.512s][info][gc,stats       ] 
[903.512s][info][gc,stats       ] Concurrent Reset                    710 us
[903.512s][info][gc,stats       ] Pause Init Mark (G)                4052 us
[903.512s][info][gc,stats       ] Pause Init Mark (N)                3344 us
[903.512s][info][gc,stats       ]   Accumulate Stats                    5 us
[903.512s][info][gc,stats       ]   Make Parsable                      42 us
[903.512s][info][gc,stats       ]   Update Region States               10 us
[903.512s][info][gc,stats       ]   Scan Roots                       2777 us, parallelism: 1.84x
[903.512s][info][gc,stats       ]     S: <total>                     5108 us
[903.512s][info][gc,stats       ]     S: Thread Roots                 369 us, workers (us): 185,   1,  88,   2,   2,  91, ---, ---, ---, ---, ---, ---, ---, ---, ---, ---, ---, ---, ---, ---, ---, ---, ---, ---, 
[903.512s][info][gc,stats       ]     S: Universe Roots                20 us, workers (us):  20, ---, ---, ---, ---, ---, ---, ---, ---, ---, ---, ---, ---, ---, ---, ---, ---, ---, ---, ---, ---, ---, ---, ---, 
[903.512s][info][gc,stats       ]     S: JNI Handles Roots             10 us, workers (us):  10, ---, ---, ---, ---, ---, ---, ---, ---, ---, ---, ---, ---, ---, ---, ---, ---, ---, ---, ---, ---, ---, ---, ---, 
[903.512s][info][gc,stats       ]     S: Synchronizer Roots             0 us, workers (us): ---,   0, ---, ---, ---, ---, ---, ---, ---, ---, ---, ---, ---, ---, ---, ---, ---, ---, ---, ---, ---, ---, ---, ---, 
[903.512s][info][gc,stats       ]     S: Management Roots               3 us, workers (us): ---,   3, ---, ---, ---, ---, ---, ---, ---, ---, ---, ---, ---, ---, ---, ---, ---, ---, ---, ---, ---, ---, ---, ---, 
[903.512s][info][gc,stats       ]     S: System Dict Roots             23 us, workers (us): ---, ---,  23, ---, ---, ---, ---, ---, ---, ---, ---, ---, ---, ---, ---, ---, ---, ---, ---, ---, ---, ---, ---, ---, 
[903.512s][info][gc,stats       ]     S: CLDG Roots                  4682 us, workers (us): ---, 234, ---, 1855, 2592, ---, ---, ---, ---, ---, ---, ---, ---, ---, ---, ---, ---, ---, ---, ---, ---, ---, ---, ---, 
[903.512s][info][gc,stats       ]     S: JVMTI Roots                    1 us, workers (us): ---,   1, ---, ---, ---, ---, ---, ---, ---, ---, ---, ---, ---, ---, ---, ---, ---, ---, ---, ---, ---, ---, ---, ---, 
[903.512s][info][gc,stats       ]   Resize TLABs                        4 us
[903.512s][info][gc,stats       ] Concurrent Marking                57494 us
[903.512s][info][gc,stats       ] Concurrent Precleaning             2215 us
[903.512s][info][gc,stats       ] Pause Final Mark (G)               5176 us
[903.512s][info][gc,stats       ] Pause Final Mark (N)               3735 us
[903.512s][info][gc,stats       ]   Finish Queues                     174 us
[903.512s][info][gc,stats       ]   Weak References                    33 us
[903.512s][info][gc,stats       ]     Process                          20 us
[903.512s][info][gc,stats       ]   System Purge                      197 us
[903.512s][info][gc,stats       ]     Weak Roots                      196 us
[903.512s][info][gc,stats       ]   Update Region States               28 us
[903.512s][info][gc,stats       ]   Retire TLABs                       57 us
[903.512s][info][gc,stats       ]   Choose Collection Set             566 us
[903.512s][info][gc,stats       ]   Rebuild Free Set                   30 us
[903.513s][info][gc,stats       ]   Initial Evacuation               2635 us, parallelism: 1.79x
[903.513s][info][gc,stats       ]     E: <total>                     4705 us
[903.513s][info][gc,stats       ]     E: Thread Roots                 151 us, workers (us):  82,  30,   1,   1,   1,  35, ---, ---, ---, ---, ---, ---, ---, ---, ---, ---, ---, ---, ---, ---, ---, ---, ---, ---, 
[903.513s][info][gc,stats       ]     E: Code Cache Roots            3441 us, workers (us): 379,   0, 798, 770, 795, 698, ---, ---, ---, ---, ---, ---, ---, ---, ---, ---, ---, ---, ---, ---, ---, ---, ---, ---, 
[903.513s][info][gc,stats       ]     E: Universe Roots                 3 us, workers (us):   3, ---, ---, ---, ---, ---, ---, ---, ---, ---, ---, ---, ---, ---, ---, ---, ---, ---, ---, ---, ---, ---, ---, ---, 
[903.513s][info][gc,stats       ]     E: JNI Handles Roots              3 us, workers (us): ---,   3, ---, ---, ---, ---, ---, ---, ---, ---, ---, ---, ---, ---, ---, ---, ---, ---, ---, ---, ---, ---, ---, ---, 
[903.513s][info][gc,stats       ]     E: Synchronizer Roots             0 us, workers (us):   0, ---, ---, ---, ---, ---, ---, ---, ---, ---, ---, ---, ---, ---, ---, ---, ---, ---, ---, ---, ---, ---, ---, ---, 
[903.513s][info][gc,stats       ]     E: Management Roots               3 us, workers (us): ---,   3, ---, ---, ---, ---, ---, ---, ---, ---, ---, ---, ---, ---, ---, ---, ---, ---, ---, ---, ---, ---, ---, ---, 
[903.513s][info][gc,stats       ]     E: System Dict Roots              6 us, workers (us):   6, ---, ---, ---, ---, ---, ---, ---, ---, ---, ---, ---, ---, ---, ---, ---, ---, ---, ---, ---, ---, ---, ---, ---, 
[903.513s][info][gc,stats       ]     E: CLDG Roots                  1097 us, workers (us): 319, 695,  83, ---, ---, ---, ---, ---, ---, ---, ---, ---, ---, ---, ---, ---, ---, ---, ---, ---, ---, ---, ---, ---, 
[903.513s][info][gc,stats       ]     E: JVMTI Roots                    1 us, workers (us): ---, ---,   1, ---, ---, ---, ---, ---, ---, ---, ---, ---, ---, ---, ---, ---, ---, ---, ---, ---, ---, ---, ---, ---, 
[903.513s][info][gc,stats       ] Concurrent Cleanup                20519 us
[903.513s][info][gc,stats       ] Concurrent Evacuation              4212 us
[903.513s][info][gc,stats       ] Pause Init  Update Refs (G)         591 us
[903.513s][info][gc,stats       ] Pause Init  Update Refs (N)         186 us
[903.513s][info][gc,stats       ]   Retire GCLABs                     166 us
[903.513s][info][gc,stats       ] Concurrent Update Refs            15618 us
[903.513s][info][gc,stats       ] Pause Final Update Refs (G)        1940 us
[903.513s][info][gc,stats       ] Pause Final Update Refs (N)         249 us
[903.513s][info][gc,stats       ]   Update Roots                      165 us, parallelism: 1.29x
[903.513s][info][gc,stats       ]     UR: <total>                     213 us
[903.513s][info][gc,stats       ]     UR: Thread Roots                213 us, workers (us):  87,  18,  26,  32,  44,   4, ---, ---, ---, ---, ---, ---, ---, ---, ---, ---, ---, ---, ---, ---, ---, ---, ---, ---, 
[903.513s][info][gc,stats       ]   Update Region States               25 us
[903.513s][info][gc,stats       ]   Trash Collection Set               10 us
[903.513s][info][gc,stats       ]   Rebuild Free Set                   28 us
[903.513s][info][gc,stats       ] Concurrent Cleanup                  812 us
[903.513s][info][gc,stats       ] Pacing                            71820 us
[903.513s][info][gc,stats       ] 
[903.513s][info][gc,stats       ] Allocation pacing accrued:
[903.513s][info][gc,stats       ]      72 of   116 ms ( 62.0%): pl.nadoba.jvm.gc.benchmark.App.main()
[903.513s][info][gc,stats       ]      72 of   116 ms ( 62.0%): <total>
[903.513s][info][gc,stats       ]       7 of   116 ms (  6.2%): <average total>
[903.513s][info][gc,stats       ]      72 of   116 ms ( 62.0%): <average non-zero>
[903.513s][info][gc,stats       ] 
[903.513s][info][gc,metaspace   ] Metaspace: 24281K->24281K(1071104K)
[903.513s][info][gc,ergo        ] Pacer for Idle. Initial: 5242K, Alloc Tax Rate: 1.0x
[903.514s][info][gc             ] Trigger: Start next cycle immediately
[903.514s][info][gc,ergo        ] Free: 82027K, Max: 256K regular, 48128K humongous, Frag: 42% external, 4% internal; Reserve: 13312K, Max: 256K
[903.514s][info][gc,start       ] GC(6795) Concurrent reset
[903.514s][info][gc,task        ] GC(6795) Using 6 of 24 workers for concurrent reset
[903.514s][info][gc,ergo        ] GC(6795) Pacer for Reset. Non-Taxable: 256M
[903.515s][info][gc             ] GC(6795) Concurrent reset 0.743ms
[903.516s][info][gc,start       ] GC(6795) Pause Init Mark (process weakrefs)
[903.516s][info][gc,task        ] GC(6795) Using 6 of 24 workers for init marking
[903.520s][info][gc,ergo        ] GC(6795) Pacer for Mark. Expected Live: 12097K, Free: 71275K, Non-Taxable: 7127K, Alloc Tax Rate: 0.2x
[903.520s][info][gc             ] GC(6795) Pause Init Mark (process weakrefs) 3.179ms
[903.520s][info][gc,start       ] GC(6795) Concurrent marking (process weakrefs)
[903.520s][info][gc,task        ] GC(6795) Using 6 of 24 workers for concurrent marking
[903.576s][info][gc             ] GC(6795) Concurrent marking (process weakrefs) 56.127ms
[903.576s][info][gc,start       ] GC(6795) Concurrent precleaning
[903.576s][info][gc,task        ] GC(6795) Using 1 of 24 workers for concurrent preclean
[903.576s][info][gc,ergo        ] GC(6795) Pacer for Precleaning. Non-Taxable: 256M
[903.576s][info][gc             ] Failed to allocate Shared, 5120K
[903.576s][info][gc             ] Cancelling GC: Allocation Failure
[903.578s][info][gc             ] GC(6795) Concurrent precleaning 2.245ms
[903.578s][info][gc,start       ] GC(6795) Pause Final Mark (process weakrefs)
[903.578s][info][gc,task        ] GC(6795) Using 6 of 24 workers for final marking
[903.579s][info][gc             ] GC(6795) Pause Final Mark (process weakrefs) 0.333ms
[903.579s][info][gc,start       ] GC(6795) Concurrent cleanup
[903.579s][info][gc             ] GC(6795) Concurrent cleanup 223M->223M(256M) 0.110ms
[903.579s][info][gc,ergo        ] GC(6795) Free: 10091K, Max: 256K regular, 2048K humongous, Frag: 79% external, 22% internal; Reserve: 13312K, Max: 256K
[903.579s][info][gc             ] GC(6795) Dat log --- cycle is complete
Current gc epoch: 5511
heap: ______
capacity: 268435456
used: 233985840
committed: 268435456
bytes_allocated_since_gc_start: 73662728
hot_size: 0
cold_size: 4499432
num_regions: 1024
hot_region_count: 18446744073709405866
cold_region_count: 145769
histogram: Placeholder

[903.579s][info][gc             ] GC(6795) Obj count ac histogram
[903.579s][info][gc             ] GC(6795) 	0: 204571
[903.579s][info][gc             ] GC(6795) 	1: 15
[903.579s][info][gc             ] GC(6795) 	2: 4419
[903.579s][info][gc             ] GC(6795) 	3: 2977
[903.579s][info][gc             ] GC(6795) 	4: 765
[903.579s][info][gc             ] GC(6795) 	5: 15
[903.579s][info][gc             ] GC(6795) 	6: 0
[903.579s][info][gc             ] GC(6795) 	7: 0
[903.579s][info][gc             ] GC(6795) 	8: 0
[903.579s][info][gc             ] GC(6795) 	9: 0
[903.579s][info][gc             ] GC(6795) 	10: 0
[903.579s][info][gc             ] GC(6795) 	11: 0
[903.579s][info][gc             ] GC(6795) 	12: 0
[903.579s][info][gc             ] GC(6795) 	13: 0
[903.579s][info][gc             ] GC(6795) 	14: 0
[903.579s][info][gc             ] GC(6795) 	15: 0
[903.579s][info][gc             ] GC(6795) 	16: 0
[903.579s][info][gc             ] GC(6795) 	17: 0
[903.579s][info][gc             ] GC(6795) 	18: 0
[903.579s][info][gc             ] GC(6795) 	19: 0
[903.579s][info][gc             ] GC(6795) Obj size ac histogram
[903.579s][info][gc             ] GC(6795) 	0: 2575670
[903.579s][info][gc             ] GC(6795) 	1: 720
[903.579s][info][gc             ] GC(6795) 	2: 63238
[903.579s][info][gc             ] GC(6795) 	3: 22432
[903.579s][info][gc             ] GC(6795) 	4: 4648
[903.579s][info][gc             ] GC(6795) 	5: 150
[903.579s][info][gc             ] GC(6795) 	6: 0
[903.579s][info][gc             ] GC(6795) 	7: 0
[903.579s][info][gc             ] GC(6795) 	8: 0
[903.579s][info][gc             ] GC(6795) 	9: 0
[903.579s][info][gc             ] GC(6795) 	10: 0
[903.579s][info][gc             ] GC(6795) 	11: 0
[903.579s][info][gc             ] GC(6795) 	12: 0
[903.579s][info][gc             ] GC(6795) 	13: 0
[903.579s][info][gc             ] GC(6795) 	14: 0
[903.579s][info][gc             ] GC(6795) 	15: 0
[903.579s][info][gc             ] GC(6795) 	16: 0
[903.579s][info][gc             ] GC(6795) 	17: 0
[903.579s][info][gc             ] GC(6795) 	18: 0
[903.579s][info][gc             ] GC(6795) 	19: 0
[903.579s][info][gc,ergo        ] Free: 10091K, Max: 256K regular, 2048K humongous, Frag: 79% external, 22% internal; Reserve: 13312K, Max: 256K
[903.579s][info][gc,stats       ] 
[903.579s][info][gc,stats       ] All times are wall-clock times, except per-root-class counters, that are sum over
[903.579s][info][gc,stats       ] all workers. Dividing the <total> over the root stage time estimates parallelism.
[903.579s][info][gc,stats       ] 
[903.579s][info][gc,stats       ] Concurrent Reset                    732 us
[903.579s][info][gc,stats       ] Pause Init Mark (G)                4979 us
[903.579s][info][gc,stats       ] Pause Init Mark (N)                3136 us
[903.579s][info][gc,stats       ]   Accumulate Stats                    6 us
[903.579s][info][gc,stats       ]   Make Parsable                      49 us
[903.579s][info][gc,stats       ]   Update Region States               15 us
[903.580s][info][gc,stats       ]   Scan Roots                       2200 us, parallelism: 2.05x
[903.580s][info][gc,stats       ]     S: <total>                     4503 us
[903.580s][info][gc,stats       ]     S: Thread Roots                 520 us, workers (us):   1, 138,   1,   2, 284,  94, ---, ---, ---, ---, ---, ---, ---, ---, ---, ---, ---, ---, ---, ---, ---, ---, ---, ---, 
[903.580s][info][gc,stats       ]     S: Universe Roots                34 us, workers (us):  34, ---, ---, ---, ---, ---, ---, ---, ---, ---, ---, ---, ---, ---, ---, ---, ---, ---, ---, ---, ---, ---, ---, ---, 
[903.580s][info][gc,stats       ]     S: JNI Handles Roots             18 us, workers (us):  18, ---, ---, ---, ---, ---, ---, ---, ---, ---, ---, ---, ---, ---, ---, ---, ---, ---, ---, ---, ---, ---, ---, ---, 
[903.580s][info][gc,stats       ]     S: Synchronizer Roots             1 us, workers (us): ---,   1, ---, ---, ---, ---, ---, ---, ---, ---, ---, ---, ---, ---, ---, ---, ---, ---, ---, ---, ---, ---, ---, ---, 
[903.580s][info][gc,stats       ]     S: Management Roots               2 us, workers (us): ---,   2, ---, ---, ---, ---, ---, ---, ---, ---, ---, ---, ---, ---, ---, ---, ---, ---, ---, ---, ---, ---, ---, ---, 
[903.580s][info][gc,stats       ]     S: System Dict Roots             47 us, workers (us): ---,  47, ---, ---, ---, ---, ---, ---, ---, ---, ---, ---, ---, ---, ---, ---, ---, ---, ---, ---, ---, ---, ---, ---, 
[903.580s][info][gc,stats       ]     S: CLDG Roots                  3882 us, workers (us): 2001, ---, 252, 1629, ---, ---, ---, ---, ---, ---, ---, ---, ---, ---, ---, ---, ---, ---, ---, ---, ---, ---, ---, ---, 
[903.580s][info][gc,stats       ]     S: JVMTI Roots                    1 us, workers (us):   1, ---, ---, ---, ---, ---, ---, ---, ---, ---, ---, ---, ---, ---, ---, ---, ---, ---, ---, ---, ---, ---, ---, ---, 
[903.580s][info][gc,stats       ]   Resize TLABs                        7 us
[903.580s][info][gc,stats       ] Concurrent Marking                56089 us
[903.580s][info][gc,stats       ] Concurrent Precleaning             2222 us
[903.580s][info][gc,stats       ] Pause Final Mark (G)                599 us
[903.580s][info][gc,stats       ] Pause Final Mark (N)                291 us
[903.580s][info][gc,stats       ] Concurrent Cleanup                   86 us
[903.580s][info][gc,stats       ] Pacing                            44675 us
[903.580s][info][gc,stats       ] 
[903.580s][info][gc,stats       ] Allocation pacing accrued:
[903.580s][info][gc,stats       ]      45 of    67 ms ( 66.7%): pl.nadoba.jvm.gc.benchmark.App.main()
[903.580s][info][gc,stats       ]      45 of    67 ms ( 66.7%): <total>
[903.580s][info][gc,stats       ]       4 of    67 ms (  6.7%): <average total>
[903.580s][info][gc,stats       ]      45 of    67 ms ( 66.7%): <average non-zero>
[903.580s][info][gc,stats       ] 
[903.580s][info][gc,metaspace   ] Metaspace: 24281K->24281K(1071104K)
[903.580s][info][gc,ergo        ] Pacer for Idle. Initial: 5242K, Alloc Tax Rate: 1.0x
[903.581s][info][gc             ] Trigger: Handle Allocation Failure
[903.581s][info][gc,ergo        ] Free: 10091K, Max: 256K regular, 2048K humongous, Frag: 79% external, 22% internal; Reserve: 13312K, Max: 256K
[903.581s][info][gc,start       ] GC(6796) Pause Degenerated GC (Outside of Cycle)
[903.581s][info][gc,task        ] GC(6796) Using 6 of 24 workers for stw degenerated gc
[903.581s][info][gc,ergo        ] GC(6796) Pacer for Reset. Non-Taxable: 256M
[903.584s][info][gc,ergo        ] GC(6796) Pacer for Mark. Expected Live: 12097K, Free: 10091K, Non-Taxable: 1009K, Alloc Tax Rate: 1.5x
[903.702s][info][gc,stringtable ] GC(6796) Cleaned string and symbol table, strings: 8172 processed, 0 removed, symbols: 68000 processed, 0 removed
[903.703s][info][gc,ergo        ] GC(6796) Collectable Garbage: 214M (100%), Immediate: 213M (99%), CSet: 1260K (0%)
[903.703s][info][gc,ergo        ] GC(6796) Pacer for Evacuation. Used CSet: 5120K, Free: 233M, Non-Taxable: 23895K, Alloc Tax Rate: 1.1x
[903.733s][info][gc,ergo        ] GC(6796) Pacer for Update Refs. Used: 14484K, Free: 233M, Non-Taxable: 23895K, Alloc Tax Rate: 1.1x
[903.749s][info][gc,ergo        ] GC(6796) Good progress for free space: 233M, need 2621K
[903.749s][info][gc,ergo        ] GC(6796) Good progress for used space: 214M, need 256K
[903.749s][info][gc             ] GC(6796) Pause Degenerated GC (Outside of Cycle) 223M->9M(256M) 168.018ms
[903.749s][info][gc,ergo        ] Free: 233M, Max: 256K regular, 229M humongous, Frag: 2% external, 1% internal; Reserve: 13312K, Max: 256K
[903.750s][info][gc,stats       ] 
[903.750s][info][gc,stats       ] All times are wall-clock times, except per-root-class counters, that are sum over
[903.750s][info][gc,stats       ] all workers. Dividing the <total> over the root stage time estimates parallelism.
[903.750s][info][gc,stats       ] 
[903.750s][info][gc,stats       ]   Accumulate Stats                    7 us
[903.750s][info][gc,stats       ]   Make Parsable                      53 us
[903.750s][info][gc,stats       ]   Update Region States               16 us
[903.750s][info][gc,stats       ]   Scan Roots                        932 us, parallelism: 1.48x
[903.750s][info][gc,stats       ]     S: <total>                     1375 us
[903.750s][info][gc,stats       ]     S: Thread Roots                 439 us, workers (us):  50, 202, 100,   1,  38,  48, ---, ---, ---, ---, ---, ---, ---, ---, ---, ---, ---, ---, ---, ---, ---, ---, ---, ---, 
[903.750s][info][gc,stats       ]     S: Universe Roots                55 us, workers (us):  55, ---, ---, ---, ---, ---, ---, ---, ---, ---, ---, ---, ---, ---, ---, ---, ---, ---, ---, ---, ---, ---, ---, ---, 
[903.750s][info][gc,stats       ]     S: JNI Handles Roots             23 us, workers (us): ---,  23, ---, ---, ---, ---, ---, ---, ---, ---, ---, ---, ---, ---, ---, ---, ---, ---, ---, ---, ---, ---, ---, ---, 
[903.750s][info][gc,stats       ]     S: Synchronizer Roots             1 us, workers (us): ---,   1, ---, ---, ---, ---, ---, ---, ---, ---, ---, ---, ---, ---, ---, ---, ---, ---, ---, ---, ---, ---, ---, ---, 
[903.750s][info][gc,stats       ]     S: Management Roots               2 us, workers (us): ---,   2, ---, ---, ---, ---, ---, ---, ---, ---, ---, ---, ---, ---, ---, ---, ---, ---, ---, ---, ---, ---, ---, ---, 
[903.750s][info][gc,stats       ]     S: System Dict Roots             49 us, workers (us): ---, ---,  49, ---, ---, ---, ---, ---, ---, ---, ---, ---, ---, ---, ---, ---, ---, ---, ---, ---, ---, ---, ---, ---, 
[903.750s][info][gc,stats       ]     S: CLDG Roots                   805 us, workers (us): ---, ---, ---, 781,  12,  12, ---, ---, ---, ---, ---, ---, ---, ---, ---, ---, ---, ---, ---, ---, ---, ---, ---, ---, 
[903.750s][info][gc,stats       ]     S: JVMTI Roots                    1 us, workers (us): ---,   1, ---, ---, ---, ---, ---, ---, ---, ---, ---, ---, ---, ---, ---, ---, ---, ---, ---, ---, ---, ---, ---, ---, 
[903.750s][info][gc,stats       ]   Resize TLABs                        5 us
[903.750s][info][gc,stats       ]   Finish Queues                   56288 us
[903.750s][info][gc,stats       ]   Weak References                  3757 us
[903.750s][info][gc,stats       ]     Process                        3744 us
[903.750s][info][gc,stats       ]   System Purge                      198 us
[903.750s][info][gc,stats       ]     Unload Classes                   90 us
[903.750s][info][gc,stats       ]     Cleanup                       58051 us, parallelism: 1.82x
[903.750s][info][gc,stats       ]       CU: <total>                105602 us
[903.750s][info][gc,stats       ]       CU: Code Cache Roots        87269 us, workers (us): 14783, 14459, 14593, 14439, 14616, 14378, ---, ---, ---, ---, ---, ---, ---, ---, ---, ---, ---, ---, ---, ---, ---, ---, ---, ---, 
[903.750s][info][gc,stats       ]       CU: Code Cache Cleaning      4472 us, workers (us): 713, 715, 714, 699, 716, 915, ---, ---, ---, ---, ---, ---, ---, ---, ---, ---, ---, ---, ---, ---, ---, ---, ---, ---, 
[903.750s][info][gc,stats       ]       CU: String Table Roots       3195 us, workers (us): 347, 658, 497, 620, 417, 656, ---, ---, ---, ---, ---, ---, ---, ---, ---, ---, ---, ---, ---, ---, ---, ---, ---, ---, 
[903.750s][info][gc,stats       ]       CU: Resolved Table Roots       19 us, workers (us):   0,   0,   0,  18,   0,   0, ---, ---, ---, ---, ---, ---, ---, ---, ---, ---, ---, ---, ---, ---, ---, ---, ---, ---, 
[903.750s][info][gc,stats       ]       CU: CLDG Roots              10648 us, workers (us): 1788, 1839, 1820, 1786, 1830, 1585, ---, ---, ---, ---, ---, ---, ---, ---, ---, ---, ---, ---, ---, ---, ---, ---, ---, ---, 
[903.750s][info][gc,stats       ]     Weak Roots                      197 us
[903.750s][info][gc,stats       ]     CLDG                              0 us
[903.750s][info][gc,stats       ]   Update Region States               20 us
[903.750s][info][gc,stats       ]   Retire TLABs                        7 us
[903.750s][info][gc,stats       ]   Choose Collection Set             530 us
[903.750s][info][gc,stats       ]   Rebuild Free Set                   18 us
[903.750s][info][gc,stats       ]   Initial Evacuation                  7 us
[903.750s][info][gc,stats       ]   Retire GCLABs                     157 us
[903.750s][info][gc,stats       ]   Finish Work                     13760 us
[903.750s][info][gc,stats       ]   Update Region States               23 us
[903.750s][info][gc,stats       ]   Trash Collection Set                6 us
[903.750s][info][gc,stats       ]   Rebuild Free Set                   20 us
[903.750s][info][gc,stats       ] Pause Degenerated GC (G)         168355 us
[903.750s][info][gc,stats       ] Pause Degenerated GC (N)         167966 us
[903.750s][info][gc,stats       ]   Degen Update Roots               1565 us, parallelism: 3.57x
[903.750s][info][gc,stats       ]     DU: <total>                    5588 us
[903.750s][info][gc,stats       ]     DU: Thread Roots                129 us, workers (us):   1, 120,   2,   2,   2,   2, ---, ---, ---, ---, ---, ---, ---, ---, ---, ---, ---, ---, ---, ---, ---, ---, ---, ---, 
[903.750s][info][gc,stats       ]     DU: Code Cache Roots           4481 us, workers (us): 831, 581, 552, 812, 1263, 442, ---, ---, ---, ---, ---, ---, ---, ---, ---, ---, ---, ---, ---, ---, ---, ---, ---, ---, 
[903.750s][info][gc,stats       ]     DU: Universe Roots                4 us, workers (us):   4, ---, ---, ---, ---, ---, ---, ---, ---, ---, ---, ---, ---, ---, ---, ---, ---, ---, ---, ---, ---, ---, ---, ---, 
[903.750s][info][gc,stats       ]     DU: JNI Handles Roots             3 us, workers (us):   3, ---, ---, ---, ---, ---, ---, ---, ---, ---, ---, ---, ---, ---, ---, ---, ---, ---, ---, ---, ---, ---, ---, ---, 
[903.750s][info][gc,stats       ]     DU: Synchronizer Roots            0 us, workers (us):   0, ---, ---, ---, ---, ---, ---, ---, ---, ---, ---, ---, ---, ---, ---, ---, ---, ---, ---, ---, ---, ---, ---, ---, 
[903.750s][info][gc,stats       ]     DU: Management Roots              2 us, workers (us):   2, ---, ---, ---, ---, ---, ---, ---, ---, ---, ---, ---, ---, ---, ---, ---, ---, ---, ---, ---, ---, ---, ---, ---, 
[903.750s][info][gc,stats       ]     DU: System Dict Roots            12 us, workers (us): ---, ---,  12, ---, ---, ---, ---, ---, ---, ---, ---, ---, ---, ---, ---, ---, ---, ---, ---, ---, ---, ---, ---, ---, 
[903.750s][info][gc,stats       ]     DU: CLDG Roots                  956 us, workers (us):  56, ---, 369, ---, ---, 532, ---, ---, ---, ---, ---, ---, ---, ---, ---, ---, ---, ---, ---, ---, ---, ---, ---, ---, 
[903.750s][info][gc,stats       ]     DU: JVMTI Roots                   1 us, workers (us): ---,   1, ---, ---, ---, ---, ---, ---, ---, ---, ---, ---, ---, ---, ---, ---, ---, ---, ---, ---, ---, ---, ---, ---, 
[903.750s][info][gc,stats       ] 
[903.750s][info][gc,stats       ] Allocation pacing accrued:
[903.750s][info][gc,stats       ]       0 of   171 ms (  0.0%): <total>
[903.750s][info][gc,stats       ]       0 of   171 ms (  0.0%): <average total>
[903.750s][info][gc,stats       ] 
[903.750s][info][gc,metaspace   ] Metaspace: 24281K->24281K(1071104K)
[903.750s][info][gc,ergo        ] Pacer for Idle. Initial: 5242K, Alloc Tax Rate: 1.0x
[903.751s][info][gc             ] Trigger: Start next cycle immediately
[903.752s][info][gc,ergo        ] Free: 228M, Max: 256K regular, 223M humongous, Frag: 2% external, 1% internal; Reserve: 13312K, Max: 256K
[903.752s][info][gc,start       ] GC(6797) Concurrent reset
[903.752s][info][gc,task        ] GC(6797) Using 6 of 24 workers for concurrent reset
[903.752s][info][gc,ergo        ] GC(6797) Pacer for Reset. Non-Taxable: 256M
[903.752s][info][gc             ] GC(6797) Concurrent reset 0.405ms
[903.752s][info][gc,start       ] GC(6797) Pause Init Mark
[903.752s][info][gc,task        ] GC(6797) Using 6 of 24 workers for init marking
[903.754s][info][gc,ergo        ] GC(6797) Pacer for Mark. Expected Live: 12097K, Free: 228M, Non-Taxable: 23383K, Alloc Tax Rate: 0.1x
[903.754s][info][gc             ] GC(6797) Pause Init Mark 2.151ms
[903.754s][info][gc,start       ] GC(6797) Concurrent marking
[903.754s][info][gc,task        ] GC(6797) Using 6 of 24 workers for concurrent marking
[903.818s][info][gc             ] GC(6797) Concurrent marking 63.442ms
[903.818s][info][gc,start       ] GC(6797) Pause Final Mark
[903.818s][info][gc,task        ] GC(6797) Using 6 of 24 workers for final marking
[903.819s][info][gc,ergo        ] GC(6797) Collectable Garbage: 6124K (100%), Immediate: 5120K (83%), CSet: 1004K (16%)
[903.821s][info][gc,ergo        ] GC(6797) Pacer for Evacuation. Used CSet: 4864K, Free: 182M, Non-Taxable: 18647K, Alloc Tax Rate: 1.1x
[903.821s][info][gc             ] GC(6797) Pause Final Mark 3.189ms
[903.821s][info][gc,start       ] GC(6797) Concurrent cleanup
[903.822s][info][gc             ] GC(6797) Concurrent cleanup 64M->61M(256M) 0.991ms
[903.822s][info][gc,ergo        ] GC(6797) Free: 179M, Max: 256K regular, 172M humongous, Frag: 4% external, 2% internal; Reserve: 12544K, Max: 256K
[903.822s][info][gc,start       ] GC(6797) Concurrent evacuation
[903.822s][info][gc,task        ] GC(6797) Using 6 of 24 workers for concurrent evacuation
[903.826s][info][gc             ] GC(6797) Concurrent evacuation 3.697ms
[903.826s][info][gc,start       ] GC(6797) Pause Init Update Refs
[903.827s][info][gc,ergo        ] GC(6797) Pacer for Update Refs. Used: 79508K, Free: 166M, Non-Taxable: 17085K, Alloc Tax Rate: 1.1x
[903.827s][info][gc             ] GC(6797) Pause Init Update Refs 0.248ms
[903.827s][info][gc,start       ] GC(6797) Concurrent update references
[903.827s][info][gc,task        ] GC(6797) Using 6 of 24 workers for concurrent reference update
[903.842s][info][gc             ] GC(6797) Concurrent update references 15.710ms
[903.843s][info][gc,start       ] GC(6797) Pause Final Update Refs
[903.843s][info][gc,task        ] GC(6797) Using 6 of 24 workers for final reference update
[903.844s][info][gc             ] GC(6797) Pause Final Update Refs 0.259ms
[903.844s][info][gc,start       ] GC(6797) Concurrent cleanup
[903.845s][info][gc             ] GC(6797) Concurrent cleanup 137M->139M(256M) 0.995ms
[903.845s][info][gc             ] GC(6797) Dat log --- cycle is complete
Current gc epoch: 5512
heap: ______
capacity: 268435456
used: 146691472
committed: 268435456
bytes_allocated_since_gc_start: 143917320
hot_size: 0
cold_size: 5146388
num_regions: 1024
hot_region_count: 18446744073709405829
cold_region_count: 145806
histogram: Placeholder

[903.845s][info][gc             ] GC(6797) Obj count ac histogram
[903.845s][info][gc             ] GC(6797) 	0: 400987
[903.845s][info][gc             ] GC(6797) 	1: 30
[903.845s][info][gc             ] GC(6797) 	2: 7337
[903.845s][info][gc             ] GC(6797) 	3: 10553
[903.845s][info][gc             ] GC(6797) 	4: 7042
[903.845s][info][gc             ] GC(6797) 	5: 40
[903.845s][info][gc             ] GC(6797) 	6: 0
[903.845s][info][gc             ] GC(6797) 	7: 0
[903.845s][info][gc             ] GC(6797) 	8: 0
[903.845s][info][gc             ] GC(6797) 	9: 0
[903.845s][info][gc             ] GC(6797) 	10: 0
[903.845s][info][gc             ] GC(6797) 	11: 0
[903.845s][info][gc             ] GC(6797) 	12: 0
[903.845s][info][gc             ] GC(6797) 	13: 0
[903.845s][info][gc             ] GC(6797) 	14: 0
[903.845s][info][gc             ] GC(6797) 	15: 0
[903.845s][info][gc             ] GC(6797) 	16: 0
[903.845s][info][gc             ] GC(6797) 	17: 0
[903.845s][info][gc             ] GC(6797) 	18: 0
[903.845s][info][gc             ] GC(6797) 	19: 0
[903.845s][info][gc             ] GC(6797) Obj size ac histogram
[903.845s][info][gc             ] GC(6797) 	0: 3451330
[903.845s][info][gc             ] GC(6797) 	1: 1440
[903.845s][info][gc             ] GC(6797) 	2: 92165
[903.845s][info][gc             ] GC(6797) 	3: 132829
[903.845s][info][gc             ] GC(6797) 	4: 44900
[903.845s][info][gc             ] GC(6797) 	5: 396
[903.845s][info][gc             ] GC(6797) 	6: 0
[903.845s][info][gc             ] GC(6797) 	7: 0
[903.845s][info][gc             ] GC(6797) 	8: 0
[903.845s][info][gc             ] GC(6797) 	9: 0
[903.845s][info][gc             ] GC(6797) 	10: 0
[903.845s][info][gc             ] GC(6797) 	11: 0
[903.845s][info][gc             ] GC(6797) 	12: 0
[903.845s][info][gc             ] GC(6797) 	13: 0
[903.845s][info][gc             ] GC(6797) 	14: 0
[903.845s][info][gc             ] GC(6797) 	15: 0
[903.845s][info][gc             ] GC(6797) 	16: 0
[903.845s][info][gc             ] GC(6797) 	17: 0
[903.845s][info][gc             ] GC(6797) 	18: 0
[903.845s][info][gc             ] GC(6797) 	19: 0
[903.845s][info][gc,ergo        ] Free: 98667K, Max: 256K regular, 93440K humongous, Frag: 5% external, 3% internal; Reserve: 13312K, Max: 256K
[903.845s][info][gc,stats       ] 
[903.845s][info][gc,stats       ] All times are wall-clock times, except per-root-class counters, that are sum over
[903.845s][info][gc,stats       ] all workers. Dividing the <total> over the root stage time estimates parallelism.
[903.845s][info][gc,stats       ] 
[903.845s][info][gc,stats       ] Concurrent Reset                    387 us
[903.845s][info][gc,stats       ] Pause Init Mark (G)                2453 us
[903.845s][info][gc,stats       ] Pause Init Mark (N)                2109 us
[903.845s][info][gc,stats       ]   Accumulate Stats                    4 us
[903.845s][info][gc,stats       ]   Make Parsable                      33 us
[903.845s][info][gc,stats       ]   Update Region States                7 us
[903.845s][info][gc,stats       ]   Scan Roots                       1367 us, parallelism: 2.12x
[903.845s][info][gc,stats       ]     S: <total>                     2894 us
[903.845s][info][gc,stats       ]     S: Thread Roots                 375 us, workers (us):   1,   1,   1, 196, 123,  52, ---, ---, ---, ---, ---, ---, ---, ---, ---, ---, ---, ---, ---, ---, ---, ---, ---, ---, 
[903.845s][info][gc,stats       ]     S: Universe Roots                23 us, workers (us):  23, ---, ---, ---, ---, ---, ---, ---, ---, ---, ---, ---, ---, ---, ---, ---, ---, ---, ---, ---, ---, ---, ---, ---, 
[903.846s][info][gc,stats       ]     S: JNI Handles Roots             10 us, workers (us):  10, ---, ---, ---, ---, ---, ---, ---, ---, ---, ---, ---, ---, ---, ---, ---, ---, ---, ---, ---, ---, ---, ---, ---, 
[903.846s][info][gc,stats       ]     S: Synchronizer Roots             0 us, workers (us): ---,   0, ---, ---, ---, ---, ---, ---, ---, ---, ---, ---, ---, ---, ---, ---, ---, ---, ---, ---, ---, ---, ---, ---, 
[903.846s][info][gc,stats       ]     S: Management Roots               1 us, workers (us): ---,   1, ---, ---, ---, ---, ---, ---, ---, ---, ---, ---, ---, ---, ---, ---, ---, ---, ---, ---, ---, ---, ---, ---, 
[903.846s][info][gc,stats       ]     S: System Dict Roots             25 us, workers (us): ---,  25, ---, ---, ---, ---, ---, ---, ---, ---, ---, ---, ---, ---, ---, ---, ---, ---, ---, ---, ---, ---, ---, ---, 
[903.846s][info][gc,stats       ]     S: CLDG Roots                  2458 us, workers (us): 1240, 172, 1046, ---, ---, ---, ---, ---, ---, ---, ---, ---, ---, ---, ---, ---, ---, ---, ---, ---, ---, ---, ---, ---, 
[903.846s][info][gc,stats       ]     S: JVMTI Roots                    1 us, workers (us):   1, ---, ---, ---, ---, ---, ---, ---, ---, ---, ---, ---, ---, ---, ---, ---, ---, ---, ---, ---, ---, ---, ---, ---, 
[903.846s][info][gc,stats       ]   Resize TLABs                        4 us
[903.846s][info][gc,stats       ] Concurrent Marking                63390 us
[903.846s][info][gc,stats       ] Pause Final Mark (G)               3354 us
[903.846s][info][gc,stats       ] Pause Final Mark (N)               3137 us
[903.846s][info][gc,stats       ]   Finish Queues                     191 us
[903.846s][info][gc,stats       ]   System Purge                      236 us
[903.846s][info][gc,stats       ]     Weak Roots                      235 us
[903.846s][info][gc,stats       ]   Update Region States               34 us
[903.846s][info][gc,stats       ]   Retire TLABs                       45 us
[903.846s][info][gc,stats       ]   Choose Collection Set              77 us
[903.846s][info][gc,stats       ]   Rebuild Free Set                   26 us
[903.846s][info][gc,stats       ]   Initial Evacuation               2474 us, parallelism: 1.89x
[903.846s][info][gc,stats       ]     E: <total>                     4665 us
[903.846s][info][gc,stats       ]     E: Thread Roots                 114 us, workers (us):   1,   2,  26,  83,   1,   1, ---, ---, ---, ---, ---, ---, ---, ---, ---, ---, ---, ---, ---, ---, ---, ---, ---, ---, 
[903.846s][info][gc,stats       ]     E: Code Cache Roots            3768 us, workers (us): 826, 723, 723, 240, 756, 500, ---, ---, ---, ---, ---, ---, ---, ---, ---, ---, ---, ---, ---, ---, ---, ---, ---, ---, 
[903.846s][info][gc,stats       ]     E: Universe Roots                 4 us, workers (us):   4, ---, ---, ---, ---, ---, ---, ---, ---, ---, ---, ---, ---, ---, ---, ---, ---, ---, ---, ---, ---, ---, ---, ---, 
[903.846s][info][gc,stats       ]     E: JNI Handles Roots              1 us, workers (us):   1, ---, ---, ---, ---, ---, ---, ---, ---, ---, ---, ---, ---, ---, ---, ---, ---, ---, ---, ---, ---, ---, ---, ---, 
[903.846s][info][gc,stats       ]     E: Synchronizer Roots             1 us, workers (us): ---,   1, ---, ---, ---, ---, ---, ---, ---, ---, ---, ---, ---, ---, ---, ---, ---, ---, ---, ---, ---, ---, ---, ---, 
[903.846s][info][gc,stats       ]     E: Management Roots               2 us, workers (us): ---, ---,   2, ---, ---, ---, ---, ---, ---, ---, ---, ---, ---, ---, ---, ---, ---, ---, ---, ---, ---, ---, ---, ---, 
[903.846s][info][gc,stats       ]     E: System Dict Roots             14 us, workers (us): ---,  14, ---, ---, ---, ---, ---, ---, ---, ---, ---, ---, ---, ---, ---, ---, ---, ---, ---, ---, ---, ---, ---, ---, 
[903.846s][info][gc,stats       ]     E: CLDG Roots                   762 us, workers (us): ---,  71, ---, 412, ---, 279, ---, ---, ---, ---, ---, ---, ---, ---, ---, ---, ---, ---, ---, ---, ---, ---, ---, ---, 
[903.846s][info][gc,stats       ]     E: JVMTI Roots                    0 us, workers (us):   0, ---, ---, ---, ---, ---, ---, ---, ---, ---, ---, ---, ---, ---, ---, ---, ---, ---, ---, ---, ---, ---, ---, ---, 
[903.846s][info][gc,stats       ] Concurrent Cleanup                  948 us
[903.846s][info][gc,stats       ] Concurrent Evacuation              3677 us
[903.846s][info][gc,stats       ] Pause Init  Update Refs (G)         542 us
[903.846s][info][gc,stats       ] Pause Init  Update Refs (N)         207 us
[903.846s][info][gc,stats       ]   Retire GCLABs                     180 us
[903.846s][info][gc,stats       ] Concurrent Update Refs            15679 us
[903.846s][info][gc,stats       ] Pause Final Update Refs (G)        1446 us
[903.846s][info][gc,stats       ] Pause Final Update Refs (N)         219 us
[903.846s][info][gc,stats       ]   Update Roots                      146 us, parallelism: 1.04x
[903.846s][info][gc,stats       ]     UR: <total>                     151 us
[903.846s][info][gc,stats       ]     UR: Thread Roots                151 us, workers (us):  30,  39,  21,  24,  35,   2, ---, ---, ---, ---, ---, ---, ---, ---, ---, ---, ---, ---, ---, ---, ---, ---, ---, ---, 
[903.846s][info][gc,stats       ]   Update Region States               20 us
[903.846s][info][gc,stats       ]   Trash Collection Set               13 us
[903.846s][info][gc,stats       ]   Rebuild Free Set                   22 us
[903.846s][info][gc,stats       ] Concurrent Cleanup                  942 us
[903.846s][info][gc,stats       ] Pacing                            64393 us
[903.846s][info][gc,stats       ] 
[903.846s][info][gc,stats       ] Allocation pacing accrued:
[903.846s][info][gc,stats       ]      64 of    96 ms ( 67.2%): pl.nadoba.jvm.gc.benchmark.App.main()
[903.846s][info][gc,stats       ]      64 of    96 ms ( 67.2%): <total>
[903.846s][info][gc,stats       ]       6 of    96 ms (  6.7%): <average total>
[903.846s][info][gc,stats       ]      64 of    96 ms ( 67.2%): <average non-zero>
[903.846s][info][gc,stats       ] 
[903.846s][info][gc,metaspace   ] Metaspace: 24281K->24281K(1071104K)
[903.846s][info][gc,ergo        ] Pacer for Idle. Initial: 5242K, Alloc Tax Rate: 1.0x
[903.847s][info][gc             ] Trigger: Start next cycle immediately
[903.847s][info][gc,ergo        ] Free: 90219K, Max: 256K regular, 84992K humongous, Frag: 6% external, 4% internal; Reserve: 13312K, Max: 256K
[903.847s][info][gc,start       ] GC(6798) Concurrent reset
[903.847s][info][gc,task        ] GC(6798) Using 6 of 24 workers for concurrent reset
[903.847s][info][gc,ergo        ] GC(6798) Pacer for Reset. Non-Taxable: 256M
[903.848s][info][gc             ] GC(6798) Concurrent reset 0.866ms
[903.849s][info][gc,start       ] GC(6798) Pause Init Mark (unload classes)
[903.849s][info][gc,task        ] GC(6798) Using 6 of 24 workers for init marking
[903.850s][info][gc,ergo        ] GC(6798) Pacer for Mark. Expected Live: 12097K, Free: 90219K, Non-Taxable: 9021K, Alloc Tax Rate: 0.2x
[903.850s][info][gc             ] GC(6798) Pause Init Mark (unload classes) 1.866ms
[903.850s][info][gc,start       ] GC(6798) Concurrent marking (unload classes)
[903.851s][info][gc,task        ] GC(6798) Using 6 of 24 workers for concurrent marking
[903.910s][info][gc             ] GC(6798) Concurrent marking (unload classes) 59.771ms
[903.911s][info][gc,start       ] GC(6798) Pause Final Mark (unload classes)
[903.911s][info][gc,task        ] GC(6798) Using 6 of 24 workers for final marking
[903.967s][info][gc,stringtable ] GC(6798) Cleaned string and symbol table, strings: 8172 processed, 0 removed, symbols: 68000 processed, 0 removed
[903.967s][info][gc,ergo        ] GC(6798) Collectable Garbage: 139M (100%), Immediate: 138M (98%), CSet: 1516K (1%)
[903.970s][info][gc,ergo        ] GC(6798) Pacer for Evacuation. Used CSet: 5376K, Free: 190M, Non-Taxable: 19543K, Alloc Tax Rate: 1.1x
[903.970s][info][gc             ] GC(6798) Pause Final Mark (unload classes) 59.262ms
[903.970s][info][gc,start       ] GC(6798) Concurrent cleanup
[903.991s][info][gc             ] GC(6798) Concurrent cleanup 189M->72M(256M) 20.154ms
[903.991s][info][gc,ergo        ] GC(6798) Free: 168M, Max: 256K regular, 123M humongous, Frag: 27% external, 1% internal; Reserve: 12544K, Max: 256K
[903.991s][info][gc,start       ] GC(6798) Concurrent evacuation
[903.991s][info][gc,task        ] GC(6798) Using 6 of 24 workers for concurrent evacuation
[903.994s][info][gc             ] GC(6798) Concurrent evacuation 3.050ms
[903.994s][info][gc,start       ] GC(6798) Pause Init Update Refs
[903.994s][info][gc,ergo        ] GC(6798) Pacer for Update Refs. Used: 78216K, Free: 168M, Non-Taxable: 17265K, Alloc Tax Rate: 1.1x
[903.994s][info][gc             ] GC(6798) Pause Init Update Refs 0.206ms
[903.994s][info][gc,start       ] GC(6798) Concurrent update references
[903.994s][info][gc,task        ] GC(6798) Using 6 of 24 workers for concurrent reference update
[904.010s][info][gc             ] GC(6798) Concurrent update references 16.269ms
[904.012s][info][gc,start       ] GC(6798) Pause Final Update Refs
[904.012s][info][gc,task        ] GC(6798) Using 6 of 24 workers for final reference update
[904.012s][info][gc             ] GC(6798) Pause Final Update Refs 0.232ms
[904.012s][info][gc,start       ] GC(6798) Concurrent cleanup
[904.013s][info][gc             ] GC(6798) Concurrent cleanup 115M->110M(256M) 0.868ms
[904.013s][info][gc             ] GC(6798) Dat log --- cycle is complete
Current gc epoch: 5513
heap: ______
capacity: 268435456
used: 115483536
committed: 268435456
bytes_allocated_since_gc_start: 110363152
hot_size: 0
cold_size: 3264397
num_regions: 1024
hot_region_count: 18446744073709405810
cold_region_count: 145826
histogram: Placeholder

[904.013s][info][gc             ] GC(6798) Obj count ac histogram
[904.013s][info][gc             ] GC(6798) 	0: 194954
[904.013s][info][gc             ] GC(6798) 	1: 15
[904.013s][info][gc             ] GC(6798) 	2: 2
[904.013s][info][gc             ] GC(6798) 	3: 0
[904.013s][info][gc             ] GC(6798) 	4: 0
[904.013s][info][gc             ] GC(6798) 	5: 0
[904.013s][info][gc             ] GC(6798) 	6: 0
[904.013s][info][gc             ] GC(6798) 	7: 0
[904.013s][info][gc             ] GC(6798) 	8: 0
[904.013s][info][gc             ] GC(6798) 	9: 0
[904.013s][info][gc             ] GC(6798) 	10: 0
[904.013s][info][gc             ] GC(6798) 	11: 0
[904.013s][info][gc             ] GC(6798) 	12: 0
[904.013s][info][gc             ] GC(6798) 	13: 0
[904.013s][info][gc             ] GC(6798) 	14: 0
[904.013s][info][gc             ] GC(6798) 	15: 0
[904.013s][info][gc             ] GC(6798) 	16: 0
[904.013s][info][gc             ] GC(6798) 	17: 0
[904.013s][info][gc             ] GC(6798) 	18: 0
[904.013s][info][gc             ] GC(6798) 	19: 0
[904.013s][info][gc             ] GC(6798) Obj size ac histogram
[904.013s][info][gc             ] GC(6798) 	0: 1283364
[904.013s][info][gc             ] GC(6798) 	1: 720
[904.013s][info][gc             ] GC(6798) 	2: 14
[904.013s][info][gc             ] GC(6798) 	3: 0
[904.013s][info][gc             ] GC(6798) 	4: 0
[904.013s][info][gc             ] GC(6798) 	5: 0
[904.013s][info][gc             ] GC(6798) 	6: 0
[904.013s][info][gc             ] GC(6798) 	7: 0
[904.013s][info][gc             ] GC(6798) 	8: 0
[904.013s][info][gc             ] GC(6798) 	9: 0
[904.013s][info][gc             ] GC(6798) 	10: 0
[904.013s][info][gc             ] GC(6798) 	11: 0
[904.013s][info][gc             ] GC(6798) 	12: 0
[904.013s][info][gc             ] GC(6798) 	13: 0
[904.013s][info][gc             ] GC(6798) 	14: 0
[904.013s][info][gc             ] GC(6798) 	15: 0
[904.013s][info][gc             ] GC(6798) 	16: 0
[904.013s][info][gc             ] GC(6798) 	17: 0
[904.013s][info][gc             ] GC(6798) 	18: 0
[904.013s][info][gc             ] GC(6798) 	19: 0
[904.013s][info][gc,ergo        ] Free: 128M, Max: 256K regular, 84992K humongous, Frag: 36% external, 3% internal; Reserve: 13312K, Max: 256K
[904.013s][info][gc,stats       ] 
[904.013s][info][gc,stats       ] All times are wall-clock times, except per-root-class counters, that are sum over
[904.013s][info][gc,stats       ] all workers. Dividing the <total> over the root stage time estimates parallelism.
[904.013s][info][gc,stats       ] 
[904.013s][info][gc,stats       ] Concurrent Reset                    842 us
[904.013s][info][gc,stats       ] Pause Init Mark (G)                2203 us
[904.013s][info][gc,stats       ] Pause Init Mark (N)                1824 us
[904.013s][info][gc,stats       ]   Accumulate Stats                    7 us
[904.013s][info][gc,stats       ]   Make Parsable                      52 us
[904.013s][info][gc,stats       ]   Update Region States               14 us
[904.013s][info][gc,stats       ]   Scan Roots                        878 us, parallelism: 1.43x
[904.013s][info][gc,stats       ]     S: <total>                     1255 us
[904.013s][info][gc,stats       ]     S: Thread Roots                 396 us, workers (us):  78,  35,   1, 199,  36,  47, ---, ---, ---, ---, ---, ---, ---, ---, ---, ---, ---, ---, ---, ---, ---, ---, ---, ---, 
[904.013s][info][gc,stats       ]     S: Universe Roots                43 us, workers (us):  43, ---, ---, ---, ---, ---, ---, ---, ---, ---, ---, ---, ---, ---, ---, ---, ---, ---, ---, ---, ---, ---, ---, ---, 
[904.013s][info][gc,stats       ]     S: JNI Handles Roots             21 us, workers (us):  21, ---, ---, ---, ---, ---, ---, ---, ---, ---, ---, ---, ---, ---, ---, ---, ---, ---, ---, ---, ---, ---, ---, ---, 
[904.013s][info][gc,stats       ]     S: Synchronizer Roots             0 us, workers (us): ---,   0, ---, ---, ---, ---, ---, ---, ---, ---, ---, ---, ---, ---, ---, ---, ---, ---, ---, ---, ---, ---, ---, ---, 
[904.013s][info][gc,stats       ]     S: Management Roots               1 us, workers (us): ---,   1, ---, ---, ---, ---, ---, ---, ---, ---, ---, ---, ---, ---, ---, ---, ---, ---, ---, ---, ---, ---, ---, ---, 
[904.013s][info][gc,stats       ]     S: System Dict Roots             40 us, workers (us): ---,  40, ---, ---, ---, ---, ---, ---, ---, ---, ---, ---, ---, ---, ---, ---, ---, ---, ---, ---, ---, ---, ---, ---, 
[904.013s][info][gc,stats       ]     S: CLDG Roots                   753 us, workers (us):  12,  14, 727, ---, ---, ---, ---, ---, ---, ---, ---, ---, ---, ---, ---, ---, ---, ---, ---, ---, ---, ---, ---, ---, 
[904.013s][info][gc,stats       ]     S: JVMTI Roots                    1 us, workers (us):   1, ---, ---, ---, ---, ---, ---, ---, ---, ---, ---, ---, ---, ---, ---, ---, ---, ---, ---, ---, ---, ---, ---, ---, 
[904.013s][info][gc,stats       ]   Resize TLABs                        4 us
[904.013s][info][gc,stats       ] Concurrent Marking                59720 us
[904.013s][info][gc,stats       ] Pause Final Mark (G)              60089 us
[904.013s][info][gc,stats       ] Pause Final Mark (N)              59219 us
[904.013s][info][gc,stats       ]   Finish Queues                     203 us
[904.013s][info][gc,stats       ]   System Purge                      264 us
[904.013s][info][gc,stats       ]     Unload Classes                  100 us
[904.013s][info][gc,stats       ]     Cleanup                       55011 us, parallelism: 1.73x
[904.013s][info][gc,stats       ]       CU: <total>                 94995 us
[904.013s][info][gc,stats       ]       CU: Code Cache Roots        73026 us, workers (us): 12086, 12304, 13063, 11821, 11997, 11755, ---, ---, ---, ---, ---, ---, ---, ---, ---, ---, ---, ---, ---, ---, ---, ---, ---, ---, 
[904.013s][info][gc,stats       ]       CU: Code Cache Cleaning      6527 us, workers (us): 1086, 1106, 823, 1309, 1102, 1101, ---, ---, ---, ---, ---, ---, ---, ---, ---, ---, ---, ---, ---, ---, ---, ---, ---, ---, 
[904.013s][info][gc,stats       ]       CU: String Table Roots       3844 us, workers (us): 704, 485,   1, 939, 745, 970, ---, ---, ---, ---, ---, ---, ---, ---, ---, ---, ---, ---, ---, ---, ---, ---, ---, ---, 
[904.013s][info][gc,stats       ]       CU: Resolved Table Roots       20 us, workers (us):  19,   0,   0,   0,   0,   0, ---, ---, ---, ---, ---, ---, ---, ---, ---, ---, ---, ---, ---, ---, ---, ---, ---, ---, 
[904.013s][info][gc,stats       ]       CU: CLDG Roots              11578 us, workers (us): 1982, 1934, 1990, 1774, 1941, 1957, ---, ---, ---, ---, ---, ---, ---, ---, ---, ---, ---, ---, ---, ---, ---, ---, ---, ---, 
[904.014s][info][gc,stats       ]     Weak Roots                      263 us
[904.014s][info][gc,stats       ]     CLDG                              0 us
[904.014s][info][gc,stats       ]   Update Region States               24 us
[904.014s][info][gc,stats       ]   Retire TLABs                       40 us
[904.014s][info][gc,stats       ]   Choose Collection Set             418 us
[904.014s][info][gc,stats       ]   Rebuild Free Set                   14 us
[904.014s][info][gc,stats       ]   Initial Evacuation               2958 us, parallelism: 2.59x
[904.014s][info][gc,stats       ]     E: <total>                     7655 us
[904.014s][info][gc,stats       ]     E: Thread Roots                 272 us, workers (us): 151,  55,   1,   2,  61,   1, ---, ---, ---, ---, ---, ---, ---, ---, ---, ---, ---, ---, ---, ---, ---, ---, ---, ---, 
[904.014s][info][gc,stats       ]     E: Code Cache Roots            5861 us, workers (us):   0, 1083, 1555, 1335, 1059, 830, ---, ---, ---, ---, ---, ---, ---, ---, ---, ---, ---, ---, ---, ---, ---, ---, ---, ---, 
[904.014s][info][gc,stats       ]     E: Universe Roots                13 us, workers (us):  13, ---, ---, ---, ---, ---, ---, ---, ---, ---, ---, ---, ---, ---, ---, ---, ---, ---, ---, ---, ---, ---, ---, ---, 
[904.014s][info][gc,stats       ]     E: JNI Handles Roots              3 us, workers (us): ---, ---,   3, ---, ---, ---, ---, ---, ---, ---, ---, ---, ---, ---, ---, ---, ---, ---, ---, ---, ---, ---, ---, ---, 
[904.014s][info][gc,stats       ]     E: Synchronizer Roots             0 us, workers (us):   0, ---, ---, ---, ---, ---, ---, ---, ---, ---, ---, ---, ---, ---, ---, ---, ---, ---, ---, ---, ---, ---, ---, ---, 
[904.014s][info][gc,stats       ]     E: Management Roots               2 us, workers (us):   2, ---, ---, ---, ---, ---, ---, ---, ---, ---, ---, ---, ---, ---, ---, ---, ---, ---, ---, ---, ---, ---, ---, ---, 
[904.014s][info][gc,stats       ]     E: System Dict Roots             14 us, workers (us):  14, ---, ---, ---, ---, ---, ---, ---, ---, ---, ---, ---, ---, ---, ---, ---, ---, ---, ---, ---, ---, ---, ---, ---, 
[904.014s][info][gc,stats       ]     E: CLDG Roots                  1490 us, workers (us): 1012, ---,  78, ---, ---, 399, ---, ---, ---, ---, ---, ---, ---, ---, ---, ---, ---, ---, ---, ---, ---, ---, ---, ---, 
[904.014s][info][gc,stats       ]     E: JVMTI Roots                    1 us, workers (us): ---,   1, ---, ---, ---, ---, ---, ---, ---, ---, ---, ---, ---, ---, ---, ---, ---, ---, ---, ---, ---, ---, ---, ---, 
[904.014s][info][gc,stats       ] Concurrent Cleanup                20110 us
[904.014s][info][gc,stats       ] Concurrent Evacuation              3042 us
[904.014s][info][gc,stats       ] Pause Init  Update Refs (G)         471 us
[904.014s][info][gc,stats       ] Pause Init  Update Refs (N)         189 us
[904.014s][info][gc,stats       ]   Retire GCLABs                     177 us
[904.014s][info][gc,stats       ] Concurrent Update Refs            16255 us
[904.014s][info][gc,stats       ] Pause Final Update Refs (G)        1595 us
[904.014s][info][gc,stats       ] Pause Final Update Refs (N)         215 us
[904.014s][info][gc,stats       ]   Update Roots                      156 us, parallelism: 1.24x
[904.014s][info][gc,stats       ]     UR: <total>                     193 us
[904.014s][info][gc,stats       ]     UR: Thread Roots                193 us, workers (us):  82,  39,  25,   4,  41,   2, ---, ---, ---, ---, ---, ---, ---, ---, ---, ---, ---, ---, ---, ---, ---, ---, ---, ---, 
[904.014s][info][gc,stats       ]   Update Region States               35 us
[904.014s][info][gc,stats       ]   Trash Collection Set                5 us
[904.014s][info][gc,stats       ]   Rebuild Free Set                   10 us
[904.014s][info][gc,stats       ] Concurrent Cleanup                  839 us
[904.014s][info][gc,stats       ] Pacing                            81636 us
[904.014s][info][gc,stats       ] 
[904.014s][info][gc,stats       ] Allocation pacing accrued:
[904.014s][info][gc,stats       ]      82 of   168 ms ( 48.7%): pl.nadoba.jvm.gc.benchmark.App.main()
[904.014s][info][gc,stats       ]      82 of   168 ms ( 48.7%): <total>
[904.014s][info][gc,stats       ]       8 of   168 ms (  4.9%): <average total>
[904.014s][info][gc,stats       ]      82 of   168 ms ( 48.7%): <average non-zero>
[904.014s][info][gc,stats       ] 
[904.014s][info][gc,metaspace   ] Metaspace: 24281K->24281K(1071104K)
[904.014s][info][gc,ergo        ] Pacer for Idle. Initial: 5242K, Alloc Tax Rate: 1.0x
[904.015s][info][gc             ] Trigger: Start next cycle immediately
[904.015s][info][gc,ergo        ] Free: 122M, Max: 256K regular, 79616K humongous, Frag: 37% external, 3% internal; Reserve: 13312K, Max: 256K
[904.015s][info][gc,start       ] GC(6799) Concurrent reset
[904.015s][info][gc,task        ] GC(6799) Using 6 of 24 workers for concurrent reset
[904.015s][info][gc,ergo        ] GC(6799) Pacer for Reset. Non-Taxable: 256M
[904.016s][info][gc             ] GC(6799) Concurrent reset 0.661ms
[904.016s][info][gc,start       ] GC(6799) Pause Init Mark (process weakrefs)
[904.016s][info][gc,task        ] GC(6799) Using 6 of 24 workers for init marking
[904.019s][info][gc,ergo        ] GC(6799) Pacer for Mark. Expected Live: 11278K, Free: 122M, Non-Taxable: 12581K, Alloc Tax Rate: 0.1x
[904.019s][info][gc             ] GC(6799) Pause Init Mark (process weakrefs) 3.507ms
[904.019s][info][gc,start       ] GC(6799) Concurrent marking (process weakrefs)
[904.019s][info][gc,task        ] GC(6799) Using 6 of 24 workers for concurrent marking
[904.085s][info][gc             ] GC(6799) Concurrent marking (process weakrefs) 65.263ms
[904.085s][info][gc,start       ] GC(6799) Concurrent precleaning
[904.085s][info][gc,task        ] GC(6799) Using 1 of 24 workers for concurrent preclean
[904.085s][info][gc,ergo        ] GC(6799) Pacer for Precleaning. Non-Taxable: 256M
[904.089s][info][gc             ] GC(6799) Concurrent precleaning 3.894ms
[904.089s][info][gc,start       ] GC(6799) Pause Final Mark (process weakrefs)
[904.089s][info][gc,task        ] GC(6799) Using 6 of 24 workers for final marking
[904.090s][info][gc,ergo        ] GC(6799) Collectable Garbage: 106M (100%), Immediate: 105M (98%), CSet: 1504K (1%)
[904.094s][info][gc,ergo        ] GC(6799) Pacer for Evacuation. Used CSet: 5363K, Free: 176M, Non-Taxable: 18109K, Alloc Tax Rate: 1.1x
[904.094s][info][gc             ] GC(6799) Pause Final Mark (process weakrefs) 4.632ms
[904.094s][info][gc,start       ] GC(6799) Concurrent cleanup
[904.109s][info][gc             ] GC(6799) Concurrent cleanup 168M->79M(256M) 15.320ms
[904.109s][info][gc,ergo        ] GC(6799) Free: 161M, Max: 256K regular, 104M humongous, Frag: 35% external, 1% internal; Reserve: 12525K, Max: 256K
[904.109s][info][gc,start       ] GC(6799) Concurrent evacuation
[904.109s][info][gc,task        ] GC(6799) Using 6 of 24 workers for concurrent evacuation
[904.113s][info][gc             ] GC(6799) Concurrent evacuation 3.845ms
[904.113s][info][gc,start       ] GC(6799) Pause Init Update Refs
[904.113s][info][gc,ergo        ] GC(6799) Pacer for Update Refs. Used: 89224K, Free: 156M, Non-Taxable: 16061K, Alloc Tax Rate: 1.1x
[904.113s][info][gc             ] GC(6799) Pause Init Update Refs 0.237ms
[904.114s][info][gc,start       ] GC(6799) Concurrent update references
[904.114s][info][gc,task        ] GC(6799) Using 6 of 24 workers for concurrent reference update
[904.131s][info][gc             ] GC(6799) Concurrent update references 17.114ms
[904.132s][info][gc,start       ] GC(6799) Pause Final Update Refs
[904.132s][info][gc,task        ] GC(6799) Using 6 of 24 workers for final reference update
[904.132s][info][gc             ] GC(6799) Pause Final Update Refs 0.269ms
[904.132s][info][gc,start       ] GC(6799) Concurrent cleanup
[904.133s][info][gc             ] GC(6799) Concurrent cleanup 142M->136M(256M) 0.972ms
[904.133s][info][gc             ] GC(6799) Dat log --- cycle is complete
Current gc epoch: 5514
heap: ______
capacity: 268435456
used: 143545648
committed: 268435456
bytes_allocated_since_gc_start: 139985424
hot_size: 0
cold_size: 2930581
num_regions: 1024
hot_region_count: 18446744073709405790
cold_region_count: 145845
histogram: Placeholder

[904.133s][info][gc             ] GC(6799) Obj count ac histogram
[904.133s][info][gc             ] GC(6799) 	0: 209551
[904.133s][info][gc             ] GC(6799) 	1: 15
[904.133s][info][gc             ] GC(6799) 	2: 4549
[904.133s][info][gc             ] GC(6799) 	3: 4280
[904.133s][info][gc             ] GC(6799) 	4: 899
[904.133s][info][gc             ] GC(6799) 	5: 15
[904.133s][info][gc             ] GC(6799) 	6: 0
[904.133s][info][gc             ] GC(6799) 	7: 0
[904.133s][info][gc             ] GC(6799) 	8: 0
[904.133s][info][gc             ] GC(6799) 	9: 0
[904.133s][info][gc             ] GC(6799) 	10: 0
[904.133s][info][gc             ] GC(6799) 	11: 0
[904.133s][info][gc             ] GC(6799) 	12: 0
[904.133s][info][gc             ] GC(6799) 	13: 0
[904.133s][info][gc             ] GC(6799) 	14: 0
[904.133s][info][gc             ] GC(6799) 	15: 0
[904.133s][info][gc             ] GC(6799) 	16: 0
[904.133s][info][gc             ] GC(6799) 	17: 0
[904.133s][info][gc             ] GC(6799) 	18: 0
[904.133s][info][gc             ] GC(6799) 	19: 0
[904.133s][info][gc             ] GC(6799) Obj size ac histogram
[904.133s][info][gc             ] GC(6799) 	0: 2139476
[904.133s][info][gc             ] GC(6799) 	1: 720
[904.133s][info][gc             ] GC(6799) 	2: 66635
[904.133s][info][gc             ] GC(6799) 	3: 40836
[904.133s][info][gc             ] GC(6799) 	4: 5576
[904.133s][info][gc             ] GC(6799) 	5: 150
[904.133s][info][gc             ] GC(6799) 	6: 0
[904.133s][info][gc             ] GC(6799) 	7: 0
[904.133s][info][gc             ] GC(6799) 	8: 0
[904.133s][info][gc             ] GC(6799) 	9: 0
[904.133s][info][gc             ] GC(6799) 	10: 0
[904.133s][info][gc             ] GC(6799) 	11: 0
[904.133s][info][gc             ] GC(6799) 	12: 0
[904.133s][info][gc             ] GC(6799) 	13: 0
[904.133s][info][gc             ] GC(6799) 	14: 0
[904.133s][info][gc             ] GC(6799) 	15: 0
[904.133s][info][gc             ] GC(6799) 	16: 0
[904.133s][info][gc             ] GC(6799) 	17: 0
[904.133s][info][gc             ] GC(6799) 	18: 0
[904.133s][info][gc             ] GC(6799) 	19: 0
[904.133s][info][gc,ergo        ] Free: 100M, Max: 256K regular, 95488K humongous, Frag: 7% external, 3% internal; Reserve: 13312K, Max: 256K
[904.133s][info][gc,stats       ] 
[904.133s][info][gc,stats       ] All times are wall-clock times, except per-root-class counters, that are sum over
[904.133s][info][gc,stats       ] all workers. Dividing the <total> over the root stage time estimates parallelism.
[904.133s][info][gc,stats       ] 
[904.133s][info][gc,stats       ] Concurrent Reset                    650 us
[904.133s][info][gc,stats       ] Pause Init Mark (G)                3814 us
[904.133s][info][gc,stats       ] Pause Init Mark (N)                3465 us
[904.133s][info][gc,stats       ]   Accumulate Stats                    4 us
[904.133s][info][gc,stats       ]   Make Parsable                      48 us
[904.133s][info][gc,stats       ]   Update Region States                7 us
[904.133s][info][gc,stats       ]   Scan Roots                       2826 us, parallelism: 1.90x
[904.133s][info][gc,stats       ]     S: <total>                     5378 us
[904.133s][info][gc,stats       ]     S: Thread Roots                 288 us, workers (us):  71,  46,   2,   2,   2, 165, ---, ---, ---, ---, ---, ---, ---, ---, ---, ---, ---, ---, ---, ---, ---, ---, ---, ---, 
[904.133s][info][gc,stats       ]     S: Universe Roots                27 us, workers (us):  27, ---, ---, ---, ---, ---, ---, ---, ---, ---, ---, ---, ---, ---, ---, ---, ---, ---, ---, ---, ---, ---, ---, ---, 
[904.133s][info][gc,stats       ]     S: JNI Handles Roots              9 us, workers (us):   9, ---, ---, ---, ---, ---, ---, ---, ---, ---, ---, ---, ---, ---, ---, ---, ---, ---, ---, ---, ---, ---, ---, ---, 
[904.133s][info][gc,stats       ]     S: Synchronizer Roots             0 us, workers (us): ---,   0, ---, ---, ---, ---, ---, ---, ---, ---, ---, ---, ---, ---, ---, ---, ---, ---, ---, ---, ---, ---, ---, ---, 
[904.133s][info][gc,stats       ]     S: Management Roots               2 us, workers (us): ---,   2, ---, ---, ---, ---, ---, ---, ---, ---, ---, ---, ---, ---, ---, ---, ---, ---, ---, ---, ---, ---, ---, ---, 
[904.133s][info][gc,stats       ]     S: System Dict Roots             60 us, workers (us): ---,  60, ---, ---, ---, ---, ---, ---, ---, ---, ---, ---, ---, ---, ---, ---, ---, ---, ---, ---, ---, ---, ---, ---, 
[904.133s][info][gc,stats       ]     S: CLDG Roots                  4989 us, workers (us): ---, ---, 2112, 2635, 242, ---, ---, ---, ---, ---, ---, ---, ---, ---, ---, ---, ---, ---, ---, ---, ---, ---, ---, ---, 
[904.133s][info][gc,stats       ]     S: JVMTI Roots                    1 us, workers (us):   1, ---, ---, ---, ---, ---, ---, ---, ---, ---, ---, ---, ---, ---, ---, ---, ---, ---, ---, ---, ---, ---, ---, ---, 
[904.133s][info][gc,stats       ]   Resize TLABs                        7 us
[904.133s][info][gc,stats       ] Concurrent Marking                65234 us
[904.133s][info][gc,stats       ] Concurrent Precleaning             3867 us
[904.133s][info][gc,stats       ] Pause Final Mark (G)               5006 us
[904.133s][info][gc,stats       ] Pause Final Mark (N)               4584 us
[904.133s][info][gc,stats       ]   Finish Queues                     188 us
[904.134s][info][gc,stats       ]   Weak References                    45 us
[904.134s][info][gc,stats       ]     Process                          35 us
[904.134s][info][gc,stats       ]   System Purge                      217 us
[904.134s][info][gc,stats       ]     Weak Roots                      216 us
[904.134s][info][gc,stats       ]   Update Region States               40 us
[904.134s][info][gc,stats       ]   Retire TLABs                       55 us
[904.134s][info][gc,stats       ]   Choose Collection Set             532 us
[904.134s][info][gc,stats       ]   Rebuild Free Set                   41 us
[904.134s][info][gc,stats       ]   Initial Evacuation               3440 us, parallelism: 1.55x
[904.134s][info][gc,stats       ]     E: <total>                     5342 us
[904.134s][info][gc,stats       ]     E: Thread Roots                 167 us, workers (us):  25,  47,   1,  92,   1,   1, ---, ---, ---, ---, ---, ---, ---, ---, ---, ---, ---, ---, ---, ---, ---, ---, ---, ---, 
[904.134s][info][gc,stats       ]     E: Code Cache Roots            4356 us, workers (us): 292, 675, 1015, 363, 769, 1242, ---, ---, ---, ---, ---, ---, ---, ---, ---, ---, ---, ---, ---, ---, ---, ---, ---, ---, 
[904.134s][info][gc,stats       ]     E: Universe Roots                 3 us, workers (us):   3, ---, ---, ---, ---, ---, ---, ---, ---, ---, ---, ---, ---, ---, ---, ---, ---, ---, ---, ---, ---, ---, ---, ---, 
[904.134s][info][gc,stats       ]     E: JNI Handles Roots              3 us, workers (us): ---,   3, ---, ---, ---, ---, ---, ---, ---, ---, ---, ---, ---, ---, ---, ---, ---, ---, ---, ---, ---, ---, ---, ---, 
[904.134s][info][gc,stats       ]     E: Synchronizer Roots             1 us, workers (us): ---,   1, ---, ---, ---, ---, ---, ---, ---, ---, ---, ---, ---, ---, ---, ---, ---, ---, ---, ---, ---, ---, ---, ---, 
[904.134s][info][gc,stats       ]     E: Management Roots               2 us, workers (us):   2, ---, ---, ---, ---, ---, ---, ---, ---, ---, ---, ---, ---, ---, ---, ---, ---, ---, ---, ---, ---, ---, ---, ---, 
[904.134s][info][gc,stats       ]     E: System Dict Roots              6 us, workers (us):   6, ---, ---, ---, ---, ---, ---, ---, ---, ---, ---, ---, ---, ---, ---, ---, ---, ---, ---, ---, ---, ---, ---, ---, 
[904.134s][info][gc,stats       ]     E: CLDG Roots                   803 us, workers (us): 433,  66, ---, 303, ---, ---, ---, ---, ---, ---, ---, ---, ---, ---, ---, ---, ---, ---, ---, ---, ---, ---, ---, ---, 
[904.134s][info][gc,stats       ]     E: JVMTI Roots                    1 us, workers (us): ---,   1, ---, ---, ---, ---, ---, ---, ---, ---, ---, ---, ---, ---, ---, ---, ---, ---, ---, ---, ---, ---, ---, ---, 
[904.134s][info][gc,stats       ] Concurrent Cleanup                15263 us
[904.134s][info][gc,stats       ] Concurrent Evacuation              3833 us
[904.134s][info][gc,stats       ] Pause Init  Update Refs (G)         536 us
[904.134s][info][gc,stats       ] Pause Init  Update Refs (N)         195 us
[904.134s][info][gc,stats       ]   Retire GCLABs                     170 us
[904.134s][info][gc,stats       ] Concurrent Update Refs            17097 us
[904.134s][info][gc,stats       ] Pause Final Update Refs (G)        1304 us
[904.134s][info][gc,stats       ] Pause Final Update Refs (N)         222 us
[904.134s][info][gc,stats       ]   Update Roots                      133 us, parallelism: 1.24x
[904.134s][info][gc,stats       ]     UR: <total>                     165 us
[904.134s][info][gc,stats       ]     UR: Thread Roots                165 us, workers (us):  74,  24,  27,  32,   8,   1, ---, ---, ---, ---, ---, ---, ---, ---, ---, ---, ---, ---, ---, ---, ---, ---, ---, ---, 
[904.134s][info][gc,stats       ]   Update Region States               24 us
[904.134s][info][gc,stats       ]   Trash Collection Set               11 us
[904.134s][info][gc,stats       ]   Rebuild Free Set                   31 us
[904.134s][info][gc,stats       ] Concurrent Cleanup                  929 us
[904.134s][info][gc,stats       ] Pacing                            82241 us
[904.134s][info][gc,stats       ] 
[904.134s][info][gc,stats       ] Allocation pacing accrued:
[904.134s][info][gc,stats       ]      82 of   120 ms ( 68.5%): pl.nadoba.jvm.gc.benchmark.App.main()
[904.134s][info][gc,stats       ]      82 of   120 ms ( 68.5%): <total>
[904.134s][info][gc,stats       ]       8 of   120 ms (  6.9%): <average total>
[904.134s][info][gc,stats       ]      82 of   120 ms ( 68.5%): <average non-zero>
[904.134s][info][gc,stats       ] 
[904.134s][info][gc,metaspace   ] Metaspace: 24281K->24281K(1071104K)
[904.134s][info][gc,ergo        ] Pacer for Idle. Initial: 5242K, Alloc Tax Rate: 1.0x
[904.135s][info][gc             ] Trigger: Start next cycle immediately
[904.135s][info][gc,ergo        ] Free: 93035K, Max: 256K regular, 86016K humongous, Frag: 8% external, 4% internal; Reserve: 13312K, Max: 256K
[904.135s][info][gc,start       ] GC(6800) Concurrent reset
[904.135s][info][gc,task        ] GC(6800) Using 6 of 24 workers for concurrent reset
[904.135s][info][gc,ergo        ] GC(6800) Pacer for Reset. Non-Taxable: 256M
[904.136s][info][gc             ] GC(6800) Concurrent reset 0.786ms
[904.136s][info][gc,start       ] GC(6800) Pause Init Mark
[904.136s][info][gc,task        ] GC(6800) Using 6 of 24 workers for init marking
[904.139s][info][gc,ergo        ] GC(6800) Pacer for Mark. Expected Live: 10458K, Free: 88683K, Non-Taxable: 8868K, Alloc Tax Rate: 0.1x
[904.139s][info][gc             ] GC(6800) Pause Init Mark 2.793ms
[904.139s][info][gc,start       ] GC(6800) Concurrent marking
[904.139s][info][gc,task        ] GC(6800) Using 6 of 24 workers for concurrent marking
[904.180s][info][gc             ] GC(6800) Concurrent marking 41.030ms
[904.180s][info][gc,start       ] GC(6800) Pause Final Mark
[904.180s][info][gc,task        ] GC(6800) Using 6 of 24 workers for final marking
[904.181s][info][gc,ergo        ] GC(6800) Collectable Garbage: 137M (100%), Immediate: 136M (99%), CSet: 1260K (0%)
[904.185s][info][gc,ergo        ] GC(6800) Pacer for Evacuation. Used CSet: 5120K, Free: 194M, Non-Taxable: 19953K, Alloc Tax Rate: 1.1x
[904.185s][info][gc             ] GC(6800) Pause Final Mark 4.705ms
[904.185s][info][gc,start       ] GC(6800) Concurrent cleanup
[904.206s][info][gc             ] GC(6800) Concurrent cleanup 182M->80M(256M) 21.229ms
[904.206s][info][gc,ergo        ] GC(6800) Free: 159M, Max: 256K regular, 78848K humongous, Frag: 52% external, 1% internal; Reserve: 12541K, Max: 256K
[904.206s][info][gc,start       ] GC(6800) Concurrent evacuation
[904.206s][info][gc,task        ] GC(6800) Using 6 of 24 workers for concurrent evacuation
[904.211s][info][gc             ] GC(6800) Concurrent evacuation 4.452ms
[904.211s][info][gc,start       ] GC(6800) Pause Init Update Refs
[904.211s][info][gc,ergo        ] GC(6800) Pacer for Update Refs. Used: 87188K, Free: 159M, Non-Taxable: 16343K, Alloc Tax Rate: 1.1x
[904.211s][info][gc             ] GC(6800) Pause Init Update Refs 0.295ms
[904.211s][info][gc,start       ] GC(6800) Concurrent update references
[904.211s][info][gc,task        ] GC(6800) Using 6 of 24 workers for concurrent reference update
[904.227s][info][gc             ] GC(6800) Concurrent update references 16.112ms
[904.228s][info][gc,start       ] GC(6800) Pause Final Update Refs
[904.228s][info][gc,task        ] GC(6800) Using 6 of 24 workers for final reference update
[904.229s][info][gc             ] GC(6800) Pause Final Update Refs 0.314ms
[904.229s][info][gc,start       ] GC(6800) Concurrent cleanup
[904.229s][info][gc             ] GC(6800) Concurrent cleanup 135M->132M(256M) 0.860ms
[904.229s][info][gc             ] GC(6800) Dat log --- cycle is complete
Current gc epoch: 5515
heap: ______
capacity: 268435456
used: 138565040
committed: 268435456
bytes_allocated_since_gc_start: 135791120
hot_size: 0
cold_size: 3192729
num_regions: 1024
hot_region_count: 18446744073709405771
cold_region_count: 145865
histogram: Placeholder

[904.229s][info][gc             ] GC(6800) Obj count ac histogram
[904.229s][info][gc             ] GC(6800) 	0: 182302
[904.229s][info][gc             ] GC(6800) 	1: 15
[904.229s][info][gc             ] GC(6800) 	2: 2
[904.229s][info][gc             ] GC(6800) 	3: 0
[904.229s][info][gc             ] GC(6800) 	4: 0
[904.229s][info][gc             ] GC(6800) 	5: 0
[904.229s][info][gc             ] GC(6800) 	6: 0
[904.229s][info][gc             ] GC(6800) 	7: 0
[904.230s][info][gc             ] GC(6800) 	8: 0
[904.230s][info][gc             ] GC(6800) 	9: 0
[904.230s][info][gc             ] GC(6800) 	10: 0
[904.230s][info][gc             ] GC(6800) 	11: 0
[904.230s][info][gc             ] GC(6800) 	12: 0
[904.230s][info][gc             ] GC(6800) 	13: 0
[904.230s][info][gc             ] GC(6800) 	14: 0
[904.230s][info][gc             ] GC(6800) 	15: 0
[904.230s][info][gc             ] GC(6800) 	16: 0
[904.230s][info][gc             ] GC(6800) 	17: 0
[904.230s][info][gc             ] GC(6800) 	18: 0
[904.230s][info][gc             ] GC(6800) 	19: 0
[904.230s][info][gc             ] GC(6800) Obj size ac histogram
[904.230s][info][gc             ] GC(6800) 	0: 2321209
[904.230s][info][gc             ] GC(6800) 	1: 720
[904.230s][info][gc             ] GC(6800) 	2: 14
[904.230s][info][gc             ] GC(6800) 	3: 0
[904.230s][info][gc             ] GC(6800) 	4: 0
[904.230s][info][gc             ] GC(6800) 	5: 0
[904.230s][info][gc             ] GC(6800) 	6: 0
[904.230s][info][gc             ] GC(6800) 	7: 0
[904.230s][info][gc             ] GC(6800) 	8: 0
[904.230s][info][gc             ] GC(6800) 	9: 0
[904.230s][info][gc             ] GC(6800) 	10: 0
[904.230s][info][gc             ] GC(6800) 	11: 0
[904.230s][info][gc             ] GC(6800) 	12: 0
[904.230s][info][gc             ] GC(6800) 	13: 0
[904.230s][info][gc             ] GC(6800) 	14: 0
[904.230s][info][gc             ] GC(6800) 	15: 0
[904.230s][info][gc             ] GC(6800) 	16: 0
[904.230s][info][gc             ] GC(6800) 	17: 0
[904.230s][info][gc             ] GC(6800) 	18: 0
[904.230s][info][gc             ] GC(6800) 	19: 0
[904.230s][info][gc,ergo        ] Free: 103M, Max: 256K regular, 52992K humongous, Frag: 50% external, 3% internal; Reserve: 13312K, Max: 256K
[904.230s][info][gc,stats       ] 
[904.230s][info][gc,stats       ] All times are wall-clock times, except per-root-class counters, that are sum over
[904.230s][info][gc,stats       ] all workers. Dividing the <total> over the root stage time estimates parallelism.
[904.230s][info][gc,stats       ] 
[904.230s][info][gc,stats       ] Concurrent Reset                    774 us
[904.230s][info][gc,stats       ] Pause Init Mark (G)                3311 us
[904.230s][info][gc,stats       ] Pause Init Mark (N)                2750 us
[904.230s][info][gc,stats       ]   Accumulate Stats                    7 us
[904.230s][info][gc,stats       ]   Make Parsable                      56 us
[904.230s][info][gc,stats       ]   Update Region States               16 us
[904.230s][info][gc,stats       ]   Scan Roots                       1741 us, parallelism: 1.95x
[904.230s][info][gc,stats       ]     S: <total>                     3401 us
[904.230s][info][gc,stats       ]     S: Thread Roots                 541 us, workers (us): 117,   1,   1,  65,   2, 354, ---, ---, ---, ---, ---, ---, ---, ---, ---, ---, ---, ---, ---, ---, ---, ---, ---, ---, 
[904.230s][info][gc,stats       ]     S: Universe Roots                32 us, workers (us):  32, ---, ---, ---, ---, ---, ---, ---, ---, ---, ---, ---, ---, ---, ---, ---, ---, ---, ---, ---, ---, ---, ---, ---, 
[904.230s][info][gc,stats       ]     S: JNI Handles Roots             16 us, workers (us): ---,  16, ---, ---, ---, ---, ---, ---, ---, ---, ---, ---, ---, ---, ---, ---, ---, ---, ---, ---, ---, ---, ---, ---, 
[904.230s][info][gc,stats       ]     S: Synchronizer Roots             0 us, workers (us):   0, ---, ---, ---, ---, ---, ---, ---, ---, ---, ---, ---, ---, ---, ---, ---, ---, ---, ---, ---, ---, ---, ---, ---, 
[904.230s][info][gc,stats       ]     S: Management Roots               2 us, workers (us):   2, ---, ---, ---, ---, ---, ---, ---, ---, ---, ---, ---, ---, ---, ---, ---, ---, ---, ---, ---, ---, ---, ---, ---, 
[904.230s][info][gc,stats       ]     S: System Dict Roots             33 us, workers (us):  33, ---, ---, ---, ---, ---, ---, ---, ---, ---, ---, ---, ---, ---, ---, ---, ---, ---, ---, ---, ---, ---, ---, ---, 
[904.230s][info][gc,stats       ]     S: CLDG Roots                  2776 us, workers (us): ---, 1065, 181, ---, 1530, ---, ---, ---, ---, ---, ---, ---, ---, ---, ---, ---, ---, ---, ---, ---, ---, ---, ---, ---, 
[904.230s][info][gc,stats       ]     S: JVMTI Roots                    1 us, workers (us): ---,   1, ---, ---, ---, ---, ---, ---, ---, ---, ---, ---, ---, ---, ---, ---, ---, ---, ---, ---, ---, ---, ---, ---, 
[904.230s][info][gc,stats       ]   Resize TLABs                        7 us
[904.230s][info][gc,stats       ] Concurrent Marking                40985 us
[904.230s][info][gc,stats       ] Pause Final Mark (G)               4896 us
[904.230s][info][gc,stats       ] Pause Final Mark (N)               4662 us
[904.230s][info][gc,stats       ]   Finish Queues                     212 us
[904.230s][info][gc,stats       ]   System Purge                      171 us
[904.230s][info][gc,stats       ]     Weak Roots                      170 us
[904.230s][info][gc,stats       ]   Update Region States               40 us
[904.230s][info][gc,stats       ]   Retire TLABs                       69 us
[904.230s][info][gc,stats       ]   Choose Collection Set             671 us
[904.230s][info][gc,stats       ]   Rebuild Free Set                   42 us
[904.230s][info][gc,stats       ]   Initial Evacuation               3431 us, parallelism: 1.32x
[904.230s][info][gc,stats       ]     E: <total>                     4518 us
[904.230s][info][gc,stats       ]     E: Thread Roots                 104 us, workers (us):  32,   1,   1,   1,  50,  19, ---, ---, ---, ---, ---, ---, ---, ---, ---, ---, ---, ---, ---, ---, ---, ---, ---, ---, 
[904.230s][info][gc,stats       ]     E: Code Cache Roots            3609 us, workers (us): 284, 196, 1241, 796, 554, 538, ---, ---, ---, ---, ---, ---, ---, ---, ---, ---, ---, ---, ---, ---, ---, ---, ---, ---, 
[904.230s][info][gc,stats       ]     E: Universe Roots                 5 us, workers (us):   5, ---, ---, ---, ---, ---, ---, ---, ---, ---, ---, ---, ---, ---, ---, ---, ---, ---, ---, ---, ---, ---, ---, ---, 
[904.230s][info][gc,stats       ]     E: JNI Handles Roots              2 us, workers (us):   2, ---, ---, ---, ---, ---, ---, ---, ---, ---, ---, ---, ---, ---, ---, ---, ---, ---, ---, ---, ---, ---, ---, ---, 
[904.230s][info][gc,stats       ]     E: Synchronizer Roots             1 us, workers (us): ---,   1, ---, ---, ---, ---, ---, ---, ---, ---, ---, ---, ---, ---, ---, ---, ---, ---, ---, ---, ---, ---, ---, ---, 
[904.230s][info][gc,stats       ]     E: Management Roots               3 us, workers (us): ---, ---,   3, ---, ---, ---, ---, ---, ---, ---, ---, ---, ---, ---, ---, ---, ---, ---, ---, ---, ---, ---, ---, ---, 
[904.230s][info][gc,stats       ]     E: System Dict Roots              7 us, workers (us): ---,   7, ---, ---, ---, ---, ---, ---, ---, ---, ---, ---, ---, ---, ---, ---, ---, ---, ---, ---, ---, ---, ---, ---, 
[904.230s][info][gc,stats       ]     E: CLDG Roots                   785 us, workers (us): 285, 445, ---, ---, ---,  56, ---, ---, ---, ---, ---, ---, ---, ---, ---, ---, ---, ---, ---, ---, ---, ---, ---, ---, 
[904.230s][info][gc,stats       ]     E: JVMTI Roots                    1 us, workers (us):   1, ---, ---, ---, ---, ---, ---, ---, ---, ---, ---, ---, ---, ---, ---, ---, ---, ---, ---, ---, ---, ---, ---, ---, 
[904.230s][info][gc,stats       ] Concurrent Cleanup                21187 us
[904.230s][info][gc,stats       ] Concurrent Evacuation              4441 us
[904.230s][info][gc,stats       ] Pause Init  Update Refs (G)         543 us
[904.230s][info][gc,stats       ] Pause Init  Update Refs (N)         252 us
[904.230s][info][gc,stats       ]   Retire GCLABs                     225 us
[904.230s][info][gc,stats       ] Concurrent Update Refs            16095 us
[904.230s][info][gc,stats       ] Pause Final Update Refs (G)        1038 us
[904.230s][info][gc,stats       ] Pause Final Update Refs (N)         268 us
[904.230s][info][gc,stats       ]   Update Roots                      171 us, parallelism: 1.25x
[904.230s][info][gc,stats       ]     UR: <total>                     214 us
[904.230s][info][gc,stats       ]     UR: Thread Roots                214 us, workers (us):  92,  40,  25,  43,   8,   7, ---, ---, ---, ---, ---, ---, ---, ---, ---, ---, ---, ---, ---, ---, ---, ---, ---, ---, 
[904.230s][info][gc,stats       ]   Update Region States               30 us
[904.230s][info][gc,stats       ]   Trash Collection Set               12 us
[904.230s][info][gc,stats       ]   Rebuild Free Set                   31 us
[904.230s][info][gc,stats       ] Concurrent Cleanup                  835 us
[904.230s][info][gc,stats       ] Pacing                            59636 us
[904.230s][info][gc,stats       ] 
[904.230s][info][gc,stats       ] Allocation pacing accrued:
[904.230s][info][gc,stats       ]      60 of    96 ms ( 61.8%): pl.nadoba.jvm.gc.benchmark.App.main()
[904.230s][info][gc,stats       ]      60 of    96 ms ( 61.8%): <total>
[904.230s][info][gc,stats       ]       6 of    96 ms (  6.2%): <average total>
[904.230s][info][gc,stats       ]      60 of    96 ms ( 61.8%): <average non-zero>
[904.230s][info][gc,stats       ] 
[904.230s][info][gc,metaspace   ] Metaspace: 24281K->24281K(1071104K)
[904.230s][info][gc,ergo        ] Pacer for Idle. Initial: 5242K, Alloc Tax Rate: 1.0x
[904.231s][info][gc             ] Trigger: Start next cycle immediately
[904.231s][info][gc,ergo        ] Free: 103M, Max: 256K regular, 52992K humongous, Frag: 50% external, 3% internal; Reserve: 13312K, Max: 256K
[904.231s][info][gc,start       ] GC(6801) Concurrent reset
[904.231s][info][gc,task        ] GC(6801) Using 6 of 24 workers for concurrent reset
[904.231s][info][gc,ergo        ] GC(6801) Pacer for Reset. Non-Taxable: 256M
[904.232s][info][gc             ] GC(6801) Concurrent reset 0.656ms
[904.234s][info][gc,start       ] GC(6801) Pause Init Mark (unload classes)
[904.234s][info][gc,task        ] GC(6801) Using 6 of 24 workers for init marking
[904.236s][info][gc,ergo        ] GC(6801) Pacer for Mark. Expected Live: 9434K, Free: 96875K, Non-Taxable: 9687K, Alloc Tax Rate: 0.1x
[904.236s][info][gc             ] GC(6801) Pause Init Mark (unload classes) 2.366ms
[904.236s][info][gc,start       ] GC(6801) Concurrent marking (unload classes)
[904.236s][info][gc,task        ] GC(6801) Using 6 of 24 workers for concurrent marking
[904.276s][info][gc             ] Failed to allocate Shared, 5120K
[904.276s][info][gc             ] Cancelling GC: Allocation Failure
[904.278s][info][gc             ] GC(6801) Concurrent marking (unload classes) 41.522ms
[904.278s][info][gc,ergo        ] Free: 7019K, Max: 256K regular, 2816K humongous, Frag: 58% external, 29% internal; Reserve: 13312K, Max: 256K
[904.278s][info][gc,stats       ] 
[904.278s][info][gc,stats       ] All times are wall-clock times, except per-root-class counters, that are sum over
[904.278s][info][gc,stats       ] all workers. Dividing the <total> over the root stage time estimates parallelism.
[904.278s][info][gc,stats       ] 
[904.278s][info][gc,stats       ] Concurrent Reset                    645 us
[904.278s][info][gc,stats       ] Pause Init Mark (G)                3909 us
[904.278s][info][gc,stats       ] Pause Init Mark (N)                2318 us
[904.278s][info][gc,stats       ]   Accumulate Stats                    6 us
[904.278s][info][gc,stats       ]   Make Parsable                      53 us
[904.278s][info][gc,stats       ]   Update Region States               13 us
[904.278s][info][gc,stats       ]   Scan Roots                       1333 us, parallelism: 1.04x
[904.278s][info][gc,stats       ]     S: <total>                     1384 us
[904.278s][info][gc,stats       ]     S: Thread Roots                 241 us, workers (us):  15,  24,  97,   1,  72,  32, ---, ---, ---, ---, ---, ---, ---, ---, ---, ---, ---, ---, ---, ---, ---, ---, ---, ---, 
[904.278s][info][gc,stats       ]     S: Universe Roots                17 us, workers (us):  17, ---, ---, ---, ---, ---, ---, ---, ---, ---, ---, ---, ---, ---, ---, ---, ---, ---, ---, ---, ---, ---, ---, ---, 
[904.278s][info][gc,stats       ]     S: JNI Handles Roots             11 us, workers (us): ---, ---,  11, ---, ---, ---, ---, ---, ---, ---, ---, ---, ---, ---, ---, ---, ---, ---, ---, ---, ---, ---, ---, ---, 
[904.278s][info][gc,stats       ]     S: Synchronizer Roots             0 us, workers (us): ---,   0, ---, ---, ---, ---, ---, ---, ---, ---, ---, ---, ---, ---, ---, ---, ---, ---, ---, ---, ---, ---, ---, ---, 
[904.278s][info][gc,stats       ]     S: Management Roots               1 us, workers (us): ---, ---,   1, ---, ---, ---, ---, ---, ---, ---, ---, ---, ---, ---, ---, ---, ---, ---, ---, ---, ---, ---, ---, ---, 
[904.278s][info][gc,stats       ]     S: System Dict Roots             19 us, workers (us): ---,  19, ---, ---, ---, ---, ---, ---, ---, ---, ---, ---, ---, ---, ---, ---, ---, ---, ---, ---, ---, ---, ---, ---, 
[904.278s][info][gc,stats       ]     S: CLDG Roots                  1095 us, workers (us): ---, ---, ---, 1075,  10,  10, ---, ---, ---, ---, ---, ---, ---, ---, ---, ---, ---, ---, ---, ---, ---, ---, ---, ---, 
[904.278s][info][gc,stats       ]     S: JVMTI Roots                    0 us, workers (us): ---, ---,   0, ---, ---, ---, ---, ---, ---, ---, ---, ---, ---, ---, ---, ---, ---, ---, ---, ---, ---, ---, ---, ---, 
[904.278s][info][gc,stats       ]   Resize TLABs                        8 us
[904.278s][info][gc,stats       ] Concurrent Marking                41466 us
[904.278s][info][gc,stats       ] Pacing                            24855 us
[904.278s][info][gc,stats       ] 
[904.278s][info][gc,stats       ] Allocation pacing accrued:
[904.278s][info][gc,stats       ]      25 of    48 ms ( 52.0%): pl.nadoba.jvm.gc.benchmark.App.main()
[904.278s][info][gc,stats       ]      25 of    48 ms ( 52.0%): <total>
[904.278s][info][gc,stats       ]       2 of    48 ms (  5.2%): <average total>
[904.278s][info][gc,stats       ]      25 of    48 ms ( 52.0%): <average non-zero>
[904.278s][info][gc,stats       ] 
[904.278s][info][gc,metaspace   ] Metaspace: 24281K->24281K(1071104K)
[904.278s][info][gc,ergo        ] Pacer for Idle. Initial: 5242K, Alloc Tax Rate: 1.0x
[904.279s][info][gc             ] Trigger: Handle Allocation Failure
[904.279s][info][gc,ergo        ] Free: 7019K, Max: 256K regular, 2816K humongous, Frag: 58% external, 29% internal; Reserve: 13312K, Max: 256K
[904.280s][info][gc,start       ] GC(6802) Pause Degenerated GC (Mark)
[904.280s][info][gc,task        ] GC(6802) Using 6 of 24 workers for stw degenerated gc
[904.360s][info][gc,stringtable ] GC(6802) Cleaned string and symbol table, strings: 8172 processed, 0 removed, symbols: 68000 processed, 0 removed
[904.360s][info][gc,ergo        ] GC(6802) Collectable Garbage: 123M (100%), Immediate: 122M (98%), CSet: 1516K (1%)
[904.360s][info][gc,ergo        ] GC(6802) Pacer for Evacuation. Used CSet: 5376K, Free: 136M, Non-Taxable: 13937K, Alloc Tax Rate: 1.1x
[904.378s][info][gc,ergo        ] GC(6802) Pacer for Update Refs. Used: 106M, Free: 136M, Non-Taxable: 13937K, Alloc Tax Rate: 1.1x
[904.397s][info][gc,ergo        ] GC(6802) Good progress for free space: 137M, need 2621K
[904.397s][info][gc,ergo        ] GC(6802) Good progress for used space: 123M, need 256K
[904.397s][info][gc             ] GC(6802) Pause Degenerated GC (Mark) 224M->101M(256M) 116.959ms
[904.397s][info][gc,ergo        ] Free: 137M, Max: 256K regular, 95232K humongous, Frag: 32% external, 2% internal; Reserve: 13312K, Max: 256K
[904.397s][info][gc,stats       ] 
[904.397s][info][gc,stats       ] All times are wall-clock times, except per-root-class counters, that are sum over
[904.397s][info][gc,stats       ] all workers. Dividing the <total> over the root stage time estimates parallelism.
[904.397s][info][gc,stats       ] 
[904.397s][info][gc,stats       ]   Finish Queues                   28901 us
[904.397s][info][gc,stats       ]   System Purge                      249 us
[904.397s][info][gc,stats       ]     Unload Classes                   93 us
[904.397s][info][gc,stats       ]     Cleanup                       50599 us, parallelism: 1.61x
[904.397s][info][gc,stats       ]       CU: <total>                 81636 us
[904.397s][info][gc,stats       ]       CU: Code Cache Roots        60834 us, workers (us): 9914, 9969, 10103, 10724, 10243, 9881, ---, ---, ---, ---, ---, ---, ---, ---, ---, ---, ---, ---, ---, ---, ---, ---, ---, ---, 
[904.397s][info][gc,stats       ]       CU: Code Cache Cleaning      5120 us, workers (us): 788, 771, 788, 1197, 788, 788, ---, ---, ---, ---, ---, ---, ---, ---, ---, ---, ---, ---, ---, ---, ---, ---, ---, ---, 
[904.397s][info][gc,stats       ]       CU: String Table Roots       3436 us, workers (us): 825, 758, 623,   1, 437, 792, ---, ---, ---, ---, ---, ---, ---, ---, ---, ---, ---, ---, ---, ---, ---, ---, ---, ---, 
[904.397s][info][gc,stats       ]       CU: Resolved Table Roots       19 us, workers (us):   0,  18,   0,   0,   0,   0, ---, ---, ---, ---, ---, ---, ---, ---, ---, ---, ---, ---, ---, ---, ---, ---, ---, ---, 
[904.397s][info][gc,stats       ]       CU: CLDG Roots              12228 us, workers (us): 2107, 2147, 2085, 1651, 2147, 2091, ---, ---, ---, ---, ---, ---, ---, ---, ---, ---, ---, ---, ---, ---, ---, ---, ---, ---, 
[904.397s][info][gc,stats       ]     Weak Roots                      248 us
[904.397s][info][gc,stats       ]     CLDG                              1 us
[904.397s][info][gc,stats       ]   Update Region States               23 us
[904.397s][info][gc,stats       ]   Retire TLABs                       40 us
[904.397s][info][gc,stats       ]   Choose Collection Set             358 us
[904.397s][info][gc,stats       ]   Rebuild Free Set                   15 us
[904.397s][info][gc,stats       ]   Initial Evacuation                  7 us
[904.397s][info][gc,stats       ]   Retire GCLABs                     116 us
[904.397s][info][gc,stats       ]   Finish Work                     16004 us
[904.397s][info][gc,stats       ]   Update Region States               18 us
[904.397s][info][gc,stats       ]   Trash Collection Set               10 us
[904.397s][info][gc,stats       ]   Rebuild Free Set                   33 us
[904.397s][info][gc,stats       ] Pause Degenerated GC (G)         117310 us
[904.397s][info][gc,stats       ] Pause Degenerated GC (N)         116907 us
[904.397s][info][gc,stats       ]   Degen Update Roots               1456 us, parallelism: 3.46x
[904.397s][info][gc,stats       ]     DU: <total>                    5035 us
[904.397s][info][gc,stats       ]     DU: Thread Roots                184 us, workers (us):  32,   1,   1,  95,   1,  53, ---, ---, ---, ---, ---, ---, ---, ---, ---, ---, ---, ---, ---, ---, ---, ---, ---, ---, 
[904.397s][info][gc,stats       ]     DU: Code Cache Roots           4220 us, workers (us): 442, 764, 624, 664, 1054, 671, ---, ---, ---, ---, ---, ---, ---, ---, ---, ---, ---, ---, ---, ---, ---, ---, ---, ---, 
[904.397s][info][gc,stats       ]     DU: Universe Roots                7 us, workers (us):   7, ---, ---, ---, ---, ---, ---, ---, ---, ---, ---, ---, ---, ---, ---, ---, ---, ---, ---, ---, ---, ---, ---, ---, 
[904.397s][info][gc,stats       ]     DU: JNI Handles Roots             5 us, workers (us): ---,   5, ---, ---, ---, ---, ---, ---, ---, ---, ---, ---, ---, ---, ---, ---, ---, ---, ---, ---, ---, ---, ---, ---, 
[904.397s][info][gc,stats       ]     DU: Synchronizer Roots            0 us, workers (us):   0, ---, ---, ---, ---, ---, ---, ---, ---, ---, ---, ---, ---, ---, ---, ---, ---, ---, ---, ---, ---, ---, ---, ---, 
[904.397s][info][gc,stats       ]     DU: Management Roots              2 us, workers (us):   2, ---, ---, ---, ---, ---, ---, ---, ---, ---, ---, ---, ---, ---, ---, ---, ---, ---, ---, ---, ---, ---, ---, ---, 
[904.397s][info][gc,stats       ]     DU: System Dict Roots            11 us, workers (us):  11, ---, ---, ---, ---, ---, ---, ---, ---, ---, ---, ---, ---, ---, ---, ---, ---, ---, ---, ---, ---, ---, ---, ---, 
[904.397s][info][gc,stats       ]     DU: CLDG Roots                  605 us, workers (us): 297, ---, 264, ---, ---,  43, ---, ---, ---, ---, ---, ---, ---, ---, ---, ---, ---, ---, ---, ---, ---, ---, ---, ---, 
[904.397s][info][gc,stats       ]     DU: JVMTI Roots                   1 us, workers (us): ---,   1, ---, ---, ---, ---, ---, ---, ---, ---, ---, ---, ---, ---, ---, ---, ---, ---, ---, ---, ---, ---, ---, ---, 
[904.397s][info][gc,stats       ] 
[904.397s][info][gc,stats       ] Allocation pacing accrued:
[904.397s][info][gc,stats       ]       0 of   119 ms (  0.0%): <total>
[904.397s][info][gc,stats       ]       0 of   119 ms (  0.0%): <average total>
[904.397s][info][gc,stats       ] 
[904.397s][info][gc,metaspace   ] Metaspace: 24281K->24281K(1071104K)
[904.398s][info][gc,ergo        ] Pacer for Idle. Initial: 5242K, Alloc Tax Rate: 1.0x
[904.399s][info][gc             ] Trigger: Start next cycle immediately
[904.399s][info][gc,ergo        ] Free: 128M, Max: 256K regular, 86528K humongous, Frag: 34% external, 2% internal; Reserve: 13312K, Max: 256K
[904.399s][info][gc,start       ] GC(6803) Concurrent reset
[904.399s][info][gc,task        ] GC(6803) Using 6 of 24 workers for concurrent reset
[904.399s][info][gc,ergo        ] GC(6803) Pacer for Reset. Non-Taxable: 256M
[904.399s][info][gc             ] GC(6803) Concurrent reset 0.684ms
[904.400s][info][gc,start       ] GC(6803) Pause Init Mark
[904.400s][info][gc,task        ] GC(6803) Using 6 of 24 workers for init marking
[904.403s][info][gc,ergo        ] GC(6803) Pacer for Mark. Expected Live: 11278K, Free: 122M, Non-Taxable: 12503K, Alloc Tax Rate: 0.1x
[904.403s][info][gc             ] GC(6803) Pause Init Mark 2.853ms
[904.403s][info][gc,start       ] GC(6803) Concurrent marking
[904.403s][info][gc,task        ] GC(6803) Using 6 of 24 workers for concurrent marking
[904.460s][info][gc             ] GC(6803) Concurrent marking 56.975ms
[904.460s][info][gc,start       ] GC(6803) Pause Final Mark
[904.460s][info][gc,task        ] GC(6803) Using 6 of 24 workers for final marking
[904.461s][info][gc,ergo        ] GC(6803) Collectable Garbage: 100M (100%), Immediate: 100M (99%), CSet: 748K (0%)
[904.464s][info][gc,ergo        ] GC(6803) Pacer for Evacuation. Used CSet: 4608K, Free: 142M, Non-Taxable: 14602K, Alloc Tax Rate: 1.1x
[904.464s][info][gc             ] GC(6803) Pause Final Mark 3.804ms
[904.464s][info][gc,start       ] GC(6803) Concurrent cleanup
[904.479s][info][gc             ] GC(6803) Concurrent cleanup 197M->116M(256M) 15.065ms
[904.479s][info][gc,ergo        ] GC(6803) Free: 122M, Max: 256K regular, 79104K humongous, Frag: 37% external, 2% internal; Reserve: 12637K, Max: 256K
[904.479s][info][gc,start       ] GC(6803) Concurrent evacuation
[904.479s][info][gc,task        ] GC(6803) Using 6 of 24 workers for concurrent evacuation
[904.484s][info][gc             ] GC(6803) Concurrent evacuation 4.312ms
[904.484s][info][gc,start       ] GC(6803) Pause Init Update Refs
[904.484s][info][gc,ergo        ] GC(6803) Pacer for Update Refs. Used: 129M, Free: 113M, Non-Taxable: 11581K, Alloc Tax Rate: 1.4x
[904.484s][info][gc             ] GC(6803) Pause Init Update Refs 0.280ms
[904.484s][info][gc,start       ] GC(6803) Concurrent update references
[904.484s][info][gc,task        ] GC(6803) Using 6 of 24 workers for concurrent reference update
[904.502s][info][gc             ] GC(6803) Concurrent update references 17.868ms
[904.503s][info][gc,start       ] GC(6803) Pause Final Update Refs
[904.503s][info][gc,task        ] GC(6803) Using 6 of 24 workers for final reference update
[904.503s][info][gc             ] GC(6803) Pause Final Update Refs 0.256ms
[904.503s][info][gc,start       ] GC(6803) Concurrent cleanup
[904.504s][info][gc             ] GC(6803) Concurrent cleanup 174M->178M(256M) 0.787ms
[904.504s][info][gc             ] GC(6803) Dat log --- cycle is complete
Current gc epoch: 5516
heap: ______
capacity: 268435456
used: 186799696
committed: 268435456
bytes_allocated_since_gc_start: 185336072
hot_size: 0
cold_size: 8161066
num_regions: 1024
hot_region_count: 18446744073709405734
cold_region_count: 145902
histogram: Placeholder

[904.504s][info][gc             ] GC(6803) Obj count ac histogram
[904.504s][info][gc             ] GC(6803) 	0: 416306
[904.504s][info][gc             ] GC(6803) 	1: 15
[904.504s][info][gc             ] GC(6803) 	2: 17
[904.504s][info][gc             ] GC(6803) 	3: 2
[904.504s][info][gc             ] GC(6803) 	4: 0
[904.504s][info][gc             ] GC(6803) 	5: 0
[904.504s][info][gc             ] GC(6803) 	6: 0
[904.504s][info][gc             ] GC(6803) 	7: 0
[904.504s][info][gc             ] GC(6803) 	8: 0
[904.504s][info][gc             ] GC(6803) 	9: 0
[904.504s][info][gc             ] GC(6803) 	10: 0
[904.504s][info][gc             ] GC(6803) 	11: 0
[904.504s][info][gc             ] GC(6803) 	12: 0
[904.504s][info][gc             ] GC(6803) 	13: 0
[904.504s][info][gc             ] GC(6803) 	14: 0
[904.504s][info][gc             ] GC(6803) 	15: 0
[904.504s][info][gc             ] GC(6803) 	16: 0
[904.504s][info][gc             ] GC(6803) 	17: 0
[904.504s][info][gc             ] GC(6803) 	18: 0
[904.504s][info][gc             ] GC(6803) 	19: 0
[904.504s][info][gc             ] GC(6803) Obj size ac histogram
[904.504s][info][gc             ] GC(6803) 	0: 4985761
[904.504s][info][gc             ] GC(6803) 	1: 720
[904.504s][info][gc             ] GC(6803) 	2: 734
[904.504s][info][gc             ] GC(6803) 	3: 14
[904.504s][info][gc             ] GC(6803) 	4: 0
[904.504s][info][gc             ] GC(6803) 	5: 0
[904.504s][info][gc             ] GC(6803) 	6: 0
[904.504s][info][gc             ] GC(6803) 	7: 0
[904.504s][info][gc             ] GC(6803) 	8: 0
[904.504s][info][gc             ] GC(6803) 	9: 0
[904.504s][info][gc             ] GC(6803) 	10: 0
[904.504s][info][gc             ] GC(6803) 	11: 0
[904.504s][info][gc             ] GC(6803) 	12: 0
[904.504s][info][gc             ] GC(6803) 	13: 0
[904.504s][info][gc             ] GC(6803) 	14: 0
[904.504s][info][gc             ] GC(6803) 	15: 0
[904.504s][info][gc             ] GC(6803) 	16: 0
[904.504s][info][gc             ] GC(6803) 	17: 0
[904.504s][info][gc             ] GC(6803) 	18: 0
[904.504s][info][gc             ] GC(6803) 	19: 0
[904.504s][info][gc,ergo        ] Free: 57963K, Max: 256K regular, 51200K humongous, Frag: 12% external, 6% internal; Reserve: 13312K, Max: 256K
[904.504s][info][gc,stats       ] 
[904.504s][info][gc,stats       ] All times are wall-clock times, except per-root-class counters, that are sum over
[904.504s][info][gc,stats       ] all workers. Dividing the <total> over the root stage time estimates parallelism.
[904.504s][info][gc,stats       ] 
[904.504s][info][gc,stats       ] Concurrent Reset                    665 us
[904.504s][info][gc,stats       ] Pause Init Mark (G)                3876 us
[904.504s][info][gc,stats       ] Pause Init Mark (N)                2829 us
[904.504s][info][gc,stats       ]   Accumulate Stats                    4 us
[904.504s][info][gc,stats       ]   Make Parsable                      36 us
[904.504s][info][gc,stats       ]   Update Region States                9 us
[904.504s][info][gc,stats       ]   Scan Roots                       2213 us, parallelism: 2.24x
[904.504s][info][gc,stats       ]     S: <total>                     4950 us
[904.504s][info][gc,stats       ]     S: Thread Roots                 547 us, workers (us): 324,  85,   2,   2,   2, 132, ---, ---, ---, ---, ---, ---, ---, ---, ---, ---, ---, ---, ---, ---, ---, ---, ---, ---, 
[904.504s][info][gc,stats       ]     S: Universe Roots                31 us, workers (us):  31, ---, ---, ---, ---, ---, ---, ---, ---, ---, ---, ---, ---, ---, ---, ---, ---, ---, ---, ---, ---, ---, ---, ---, 
[904.504s][info][gc,stats       ]     S: JNI Handles Roots             19 us, workers (us):  19, ---, ---, ---, ---, ---, ---, ---, ---, ---, ---, ---, ---, ---, ---, ---, ---, ---, ---, ---, ---, ---, ---, ---, 
[904.504s][info][gc,stats       ]     S: Synchronizer Roots             0 us, workers (us):   0, ---, ---, ---, ---, ---, ---, ---, ---, ---, ---, ---, ---, ---, ---, ---, ---, ---, ---, ---, ---, ---, ---, ---, 
[904.504s][info][gc,stats       ]     S: Management Roots               3 us, workers (us):   3, ---, ---, ---, ---, ---, ---, ---, ---, ---, ---, ---, ---, ---, ---, ---, ---, ---, ---, ---, ---, ---, ---, ---, 
[904.504s][info][gc,stats       ]     S: System Dict Roots             34 us, workers (us): ---,  34, ---, ---, ---, ---, ---, ---, ---, ---, ---, ---, ---, ---, ---, ---, ---, ---, ---, ---, ---, ---, ---, ---, 
[904.504s][info][gc,stats       ]     S: CLDG Roots                  4315 us, workers (us): ---, ---, 267, 2022, 2026, ---, ---, ---, ---, ---, ---, ---, ---, ---, ---, ---, ---, ---, ---, ---, ---, ---, ---, ---, 
[904.504s][info][gc,stats       ]     S: JVMTI Roots                    1 us, workers (us):   1, ---, ---, ---, ---, ---, ---, ---, ---, ---, ---, ---, ---, ---, ---, ---, ---, ---, ---, ---, ---, ---, ---, ---, 
[904.504s][info][gc,stats       ]   Resize TLABs                        7 us
[904.504s][info][gc,stats       ] Concurrent Marking                56927 us
[904.504s][info][gc,stats       ] Pause Final Mark (G)               3966 us
[904.504s][info][gc,stats       ] Pause Final Mark (N)               3736 us
[904.504s][info][gc,stats       ]   Finish Queues                     199 us
[904.504s][info][gc,stats       ]   System Purge                      175 us
[904.504s][info][gc,stats       ]     Weak Roots                      174 us
[904.504s][info][gc,stats       ]   Update Region States               34 us
[904.504s][info][gc,stats       ]   Retire TLABs                       45 us
[904.504s][info][gc,stats       ]   Choose Collection Set             403 us
[904.505s][info][gc,stats       ]   Rebuild Free Set                   32 us
[904.505s][info][gc,stats       ]   Initial Evacuation               2826 us, parallelism: 1.57x
[904.505s][info][gc,stats       ]     E: <total>                     4425 us
[904.505s][info][gc,stats       ]     E: Thread Roots                  86 us, workers (us):  81,   1,   1,   1,   1,   1, ---, ---, ---, ---, ---, ---, ---, ---, ---, ---, ---, ---, ---, ---, ---, ---, ---, ---, 
[904.505s][info][gc,stats       ]     E: Code Cache Roots            3518 us, workers (us): 501, 688, 1031, 696, 368, 235, ---, ---, ---, ---, ---, ---, ---, ---, ---, ---, ---, ---, ---, ---, ---, ---, ---, ---, 
[904.505s][info][gc,stats       ]     E: Universe Roots                 5 us, workers (us):   5, ---, ---, ---, ---, ---, ---, ---, ---, ---, ---, ---, ---, ---, ---, ---, ---, ---, ---, ---, ---, ---, ---, ---, 
[904.505s][info][gc,stats       ]     E: JNI Handles Roots              2 us, workers (us): ---,   2, ---, ---, ---, ---, ---, ---, ---, ---, ---, ---, ---, ---, ---, ---, ---, ---, ---, ---, ---, ---, ---, ---, 
[904.505s][info][gc,stats       ]     E: Synchronizer Roots             0 us, workers (us): ---,   0, ---, ---, ---, ---, ---, ---, ---, ---, ---, ---, ---, ---, ---, ---, ---, ---, ---, ---, ---, ---, ---, ---, 
[904.505s][info][gc,stats       ]     E: Management Roots               3 us, workers (us): ---, ---,   3, ---, ---, ---, ---, ---, ---, ---, ---, ---, ---, ---, ---, ---, ---, ---, ---, ---, ---, ---, ---, ---, 
[904.505s][info][gc,stats       ]     E: System Dict Roots             14 us, workers (us):  14, ---, ---, ---, ---, ---, ---, ---, ---, ---, ---, ---, ---, ---, ---, ---, ---, ---, ---, ---, ---, ---, ---, ---, 
[904.505s][info][gc,stats       ]     E: CLDG Roots                   796 us, workers (us): ---,  59, ---, ---, 318, 419, ---, ---, ---, ---, ---, ---, ---, ---, ---, ---, ---, ---, ---, ---, ---, ---, ---, ---, 
[904.505s][info][gc,stats       ]     E: JVMTI Roots                    1 us, workers (us): ---,   1, ---, ---, ---, ---, ---, ---, ---, ---, ---, ---, ---, ---, ---, ---, ---, ---, ---, ---, ---, ---, ---, ---, 
[904.505s][info][gc,stats       ] Concurrent Cleanup                15010 us
[904.505s][info][gc,stats       ] Concurrent Evacuation              4301 us
[904.505s][info][gc,stats       ] Pause Init  Update Refs (G)         562 us
[904.505s][info][gc,stats       ] Pause Init  Update Refs (N)         220 us
[904.505s][info][gc,stats       ]   Retire GCLABs                     199 us
[904.505s][info][gc,stats       ] Concurrent Update Refs            17849 us
[904.505s][info][gc,stats       ] Pause Final Update Refs (G)         920 us
[904.505s][info][gc,stats       ] Pause Final Update Refs (N)         221 us
[904.505s][info][gc,stats       ]   Update Roots                      149 us, parallelism: 1.45x
[904.505s][info][gc,stats       ]     UR: <total>                     216 us
[904.505s][info][gc,stats       ]     UR: Thread Roots                216 us, workers (us):  84,  26,  28,  29,   8,  41, ---, ---, ---, ---, ---, ---, ---, ---, ---, ---, ---, ---, ---, ---, ---, ---, ---, ---, 
[904.505s][info][gc,stats       ]   Update Region States               24 us
[904.505s][info][gc,stats       ]   Trash Collection Set                9 us
[904.505s][info][gc,stats       ]   Rebuild Free Set                   20 us
[904.505s][info][gc,stats       ] Concurrent Cleanup                  768 us
[904.505s][info][gc,stats       ] Pacing                            63693 us
[904.505s][info][gc,stats       ] 
[904.505s][info][gc,stats       ] Allocation pacing accrued:
[904.505s][info][gc,stats       ]      64 of   107 ms ( 59.3%): pl.nadoba.jvm.gc.benchmark.App.main()
[904.505s][info][gc,stats       ]      64 of   107 ms ( 59.3%): <total>
[904.505s][info][gc,stats       ]       6 of   107 ms (  5.9%): <average total>
[904.505s][info][gc,stats       ]      64 of   107 ms ( 59.3%): <average non-zero>
[904.505s][info][gc,stats       ] 
[904.505s][info][gc,metaspace   ] Metaspace: 24281K->24281K(1071104K)
[904.505s][info][gc,ergo        ] Pacer for Idle. Initial: 5242K, Alloc Tax Rate: 1.0x
[904.506s][info][gc             ] Trigger: Start next cycle immediately
[904.506s][info][gc,ergo        ] Free: 55403K, Max: 256K regular, 49920K humongous, Frag: 10% external, 6% internal; Reserve: 13312K, Max: 256K
[904.506s][info][gc,start       ] GC(6804) Concurrent reset
[904.506s][info][gc,task        ] GC(6804) Using 6 of 24 workers for concurrent reset
[904.506s][info][gc,ergo        ] GC(6804) Pacer for Reset. Non-Taxable: 256M
[904.507s][info][gc             ] GC(6804) Concurrent reset 0.766ms
[904.507s][info][gc,start       ] GC(6804) Pause Init Mark (unload classes)
[904.507s][info][gc,task        ] GC(6804) Using 6 of 24 workers for init marking
[904.509s][info][gc,ergo        ] GC(6804) Pacer for Mark. Expected Live: 12507K, Free: 55403K, Non-Taxable: 5540K, Alloc Tax Rate: 0.3x
[904.509s][info][gc             ] GC(6804) Pause Init Mark (unload classes) 2.091ms
[904.509s][info][gc,start       ] GC(6804) Concurrent marking (unload classes)
[904.509s][info][gc,task        ] GC(6804) Using 6 of 24 workers for concurrent marking
[904.567s][info][gc             ] GC(6804) Concurrent marking (unload classes) 57.550ms
[904.567s][info][gc,start       ] GC(6804) Pause Final Mark (unload classes)
[904.568s][info][gc,task        ] GC(6804) Using 6 of 24 workers for final marking
[904.624s][info][gc,stringtable ] GC(6804) Cleaned string and symbol table, strings: 8172 processed, 0 removed, symbols: 68000 processed, 0 removed
[904.624s][info][gc,ergo        ] GC(6804) Collectable Garbage: 171M (100%), Immediate: 170M (99%), CSet: 1516K (0%)
[904.627s][info][gc,ergo        ] GC(6804) Pacer for Evacuation. Used CSet: 5376K, Free: 200M, Non-Taxable: 20490K, Alloc Tax Rate: 1.1x
[904.627s][info][gc             ] GC(6804) Pause Final Mark (unload classes) 59.414ms
[904.627s][info][gc,start       ] GC(6804) Concurrent cleanup
[904.651s][info][gc             ] GC(6804) Concurrent cleanup 212M->62M(256M) 23.945ms
[904.651s][info][gc,ergo        ] GC(6804) Free: 178M, Max: 256K regular, 158M humongous, Frag: 12% external, 1% internal; Reserve: 12544K, Max: 256K
[904.651s][info][gc,start       ] GC(6804) Concurrent evacuation
[904.651s][info][gc,task        ] GC(6804) Using 6 of 24 workers for concurrent evacuation
[904.655s][info][gc             ] GC(6804) Concurrent evacuation 4.296ms
[904.655s][info][gc,start       ] GC(6804) Pause Init Update Refs
[904.656s][info][gc,ergo        ] GC(6804) Pacer for Update Refs. Used: 67732K, Free: 178M, Non-Taxable: 18314K, Alloc Tax Rate: 1.1x
[904.656s][info][gc             ] GC(6804) Pause Init Update Refs 0.165ms
[904.656s][info][gc,start       ] GC(6804) Concurrent update references
[904.656s][info][gc,task        ] GC(6804) Using 6 of 24 workers for concurrent reference update
[904.673s][info][gc             ] GC(6804) Concurrent update references 17.590ms
[904.674s][info][gc,start       ] GC(6804) Pause Final Update Refs
[904.674s][info][gc,task        ] GC(6804) Using 6 of 24 workers for final reference update
[904.674s][info][gc             ] GC(6804) Pause Final Update Refs 0.238ms
[904.674s][info][gc,start       ] GC(6804) Concurrent cleanup
[904.675s][info][gc             ] GC(6804) Concurrent cleanup 115M->114M(256M) 0.819ms
[904.675s][info][gc             ] GC(6804) Dat log --- cycle is complete
Current gc epoch: 5517
heap: ______
capacity: 268435456
used: 120476944
committed: 268435456
bytes_allocated_since_gc_start: 116654608
hot_size: 0
cold_size: 2740109
num_regions: 1024
hot_region_count: 18446744073709405714
cold_region_count: 145921
histogram: Placeholder

[904.675s][info][gc             ] GC(6804) Obj count ac histogram
[904.675s][info][gc             ] GC(6804) 	0: 195444
[904.675s][info][gc             ] GC(6804) 	1: 15
[904.675s][info][gc             ] GC(6804) 	2: 2
[904.675s][info][gc             ] GC(6804) 	3: 0
[904.675s][info][gc             ] GC(6804) 	4: 0
[904.675s][info][gc             ] GC(6804) 	5: 0
[904.675s][info][gc             ] GC(6804) 	6: 0
[904.675s][info][gc             ] GC(6804) 	7: 0
[904.675s][info][gc             ] GC(6804) 	8: 0
[904.675s][info][gc             ] GC(6804) 	9: 0
[904.675s][info][gc             ] GC(6804) 	10: 0
[904.675s][info][gc             ] GC(6804) 	11: 0
[904.675s][info][gc             ] GC(6804) 	12: 0
[904.675s][info][gc             ] GC(6804) 	13: 0
[904.675s][info][gc             ] GC(6804) 	14: 0
[904.675s][info][gc             ] GC(6804) 	15: 0
[904.675s][info][gc             ] GC(6804) 	16: 0
[904.675s][info][gc             ] GC(6804) 	17: 0
[904.675s][info][gc             ] GC(6804) 	18: 0
[904.675s][info][gc             ] GC(6804) 	19: 0
[904.675s][info][gc             ] GC(6804) Obj size ac histogram
[904.675s][info][gc             ] GC(6804) 	0: 1945338
[904.675s][info][gc             ] GC(6804) 	1: 720
[904.675s][info][gc             ] GC(6804) 	2: 14
[904.675s][info][gc             ] GC(6804) 	3: 0
[904.675s][info][gc             ] GC(6804) 	4: 0
[904.675s][info][gc             ] GC(6804) 	5: 0
[904.675s][info][gc             ] GC(6804) 	6: 0
[904.675s][info][gc             ] GC(6804) 	7: 0
[904.675s][info][gc             ] GC(6804) 	8: 0
[904.675s][info][gc             ] GC(6804) 	9: 0
[904.675s][info][gc             ] GC(6804) 	10: 0
[904.675s][info][gc             ] GC(6804) 	11: 0
[904.675s][info][gc             ] GC(6804) 	12: 0
[904.675s][info][gc             ] GC(6804) 	13: 0
[904.675s][info][gc             ] GC(6804) 	14: 0
[904.675s][info][gc             ] GC(6804) 	15: 0
[904.675s][info][gc             ] GC(6804) 	16: 0
[904.675s][info][gc             ] GC(6804) 	17: 0
[904.675s][info][gc             ] GC(6804) 	18: 0
[904.675s][info][gc             ] GC(6804) 	19: 0
[904.675s][info][gc,ergo        ] Free: 122M, Max: 256K regular, 101M humongous, Frag: 17% external, 3% internal; Reserve: 13312K, Max: 256K
[904.675s][info][gc,stats       ] 
[904.675s][info][gc,stats       ] All times are wall-clock times, except per-root-class counters, that are sum over
[904.675s][info][gc,stats       ] all workers. Dividing the <total> over the root stage time estimates parallelism.
[904.675s][info][gc,stats       ] 
[904.675s][info][gc,stats       ] Concurrent Reset                    754 us
[904.675s][info][gc,stats       ] Pause Init Mark (G)                2371 us
[904.675s][info][gc,stats       ] Pause Init Mark (N)                2057 us
[904.675s][info][gc,stats       ]   Accumulate Stats                    5 us
[904.675s][info][gc,stats       ]   Make Parsable                      44 us
[904.675s][info][gc,stats       ]   Update Region States               11 us
[904.675s][info][gc,stats       ]   Scan Roots                       1327 us, parallelism: 1.22x
[904.675s][info][gc,stats       ]     S: <total>                     1616 us
[904.675s][info][gc,stats       ]     S: Thread Roots                 371 us, workers (us):   1,  28,  77,  62, 169,  34, ---, ---, ---, ---, ---, ---, ---, ---, ---, ---, ---, ---, ---, ---, ---, ---, ---, ---, 
[904.675s][info][gc,stats       ]     S: Universe Roots                48 us, workers (us):  48, ---, ---, ---, ---, ---, ---, ---, ---, ---, ---, ---, ---, ---, ---, ---, ---, ---, ---, ---, ---, ---, ---, ---, 
[904.675s][info][gc,stats       ]     S: JNI Handles Roots             22 us, workers (us): ---, ---,  22, ---, ---, ---, ---, ---, ---, ---, ---, ---, ---, ---, ---, ---, ---, ---, ---, ---, ---, ---, ---, ---, 
[904.675s][info][gc,stats       ]     S: Synchronizer Roots             0 us, workers (us): ---,   0, ---, ---, ---, ---, ---, ---, ---, ---, ---, ---, ---, ---, ---, ---, ---, ---, ---, ---, ---, ---, ---, ---, 
[904.675s][info][gc,stats       ]     S: Management Roots               1 us, workers (us): ---,   1, ---, ---, ---, ---, ---, ---, ---, ---, ---, ---, ---, ---, ---, ---, ---, ---, ---, ---, ---, ---, ---, ---, 
[904.675s][info][gc,stats       ]     S: System Dict Roots             25 us, workers (us): ---,  25, ---, ---, ---, ---, ---, ---, ---, ---, ---, ---, ---, ---, ---, ---, ---, ---, ---, ---, ---, ---, ---, ---, 
[904.676s][info][gc,stats       ]     S: CLDG Roots                  1148 us, workers (us): 1122,   9, ---,  16, ---, ---, ---, ---, ---, ---, ---, ---, ---, ---, ---, ---, ---, ---, ---, ---, ---, ---, ---, ---, 
[904.676s][info][gc,stats       ]     S: JVMTI Roots                    1 us, workers (us): ---, ---,   1, ---, ---, ---, ---, ---, ---, ---, ---, ---, ---, ---, ---, ---, ---, ---, ---, ---, ---, ---, ---, ---, 
[904.676s][info][gc,stats       ]   Resize TLABs                        7 us
[904.676s][info][gc,stats       ] Concurrent Marking                57488 us
[904.676s][info][gc,stats       ] Pause Final Mark (G)              60263 us
[904.676s][info][gc,stats       ] Pause Final Mark (N)              59368 us
[904.676s][info][gc,stats       ]   Finish Queues                     179 us
[904.676s][info][gc,stats       ]   System Purge                      243 us
[904.676s][info][gc,stats       ]     Unload Classes                  101 us
[904.676s][info][gc,stats       ]     Cleanup                       55701 us, parallelism: 1.61x
[904.676s][info][gc,stats       ]       CU: <total>                 89772 us
[904.676s][info][gc,stats       ]       CU: Code Cache Roots        68302 us, workers (us): 11304, 11241, 12183, 11175, 11263, 11136, ---, ---, ---, ---, ---, ---, ---, ---, ---, ---, ---, ---, ---, ---, ---, ---, ---, ---, 
[904.676s][info][gc,stats       ]       CU: Code Cache Cleaning      6257 us, workers (us): 1050, 1049, 991, 1050, 1084, 1033, ---, ---, ---, ---, ---, ---, ---, ---, ---, ---, ---, ---, ---, ---, ---, ---, ---, ---, 
[904.676s][info][gc,stats       ]       CU: String Table Roots       3830 us, workers (us): 720, 781,   1, 819, 713, 797, ---, ---, ---, ---, ---, ---, ---, ---, ---, ---, ---, ---, ---, ---, ---, ---, ---, ---, 
[904.676s][info][gc,stats       ]       CU: Resolved Table Roots       19 us, workers (us):   0,   0,   0,   0,   0,  19, ---, ---, ---, ---, ---, ---, ---, ---, ---, ---, ---, ---, ---, ---, ---, ---, ---, ---, 
[904.676s][info][gc,stats       ]       CU: CLDG Roots              11364 us, workers (us): 1888, 1899, 1798, 1933, 1904, 1943, ---, ---, ---, ---, ---, ---, ---, ---, ---, ---, ---, ---, ---, ---, ---, ---, ---, ---, 
[904.676s][info][gc,stats       ]     Weak Roots                      241 us
[904.676s][info][gc,stats       ]     CLDG                              1 us
[904.676s][info][gc,stats       ]   Update Region States               24 us
[904.676s][info][gc,stats       ]   Retire TLABs                       45 us
[904.676s][info][gc,stats       ]   Choose Collection Set             484 us
[904.676s][info][gc,stats       ]   Rebuild Free Set                   17 us
[904.676s][info][gc,stats       ]   Initial Evacuation               2367 us, parallelism: 2.76x
[904.676s][info][gc,stats       ]     E: <total>                     6542 us
[904.676s][info][gc,stats       ]     E: Thread Roots                 229 us, workers (us): 114,   2,   2,   1,   1, 109, ---, ---, ---, ---, ---, ---, ---, ---, ---, ---, ---, ---, ---, ---, ---, ---, ---, ---, 
[904.676s][info][gc,stats       ]     E: Code Cache Roots            5242 us, workers (us): 860, 706, 1311, 511, 1007, 847, ---, ---, ---, ---, ---, ---, ---, ---, ---, ---, ---, ---, ---, ---, ---, ---, ---, ---, 
[904.676s][info][gc,stats       ]     E: Universe Roots                 6 us, workers (us):   6, ---, ---, ---, ---, ---, ---, ---, ---, ---, ---, ---, ---, ---, ---, ---, ---, ---, ---, ---, ---, ---, ---, ---, 
[904.676s][info][gc,stats       ]     E: JNI Handles Roots              2 us, workers (us): ---,   2, ---, ---, ---, ---, ---, ---, ---, ---, ---, ---, ---, ---, ---, ---, ---, ---, ---, ---, ---, ---, ---, ---, 
[904.676s][info][gc,stats       ]     E: Synchronizer Roots             0 us, workers (us):   0, ---, ---, ---, ---, ---, ---, ---, ---, ---, ---, ---, ---, ---, ---, ---, ---, ---, ---, ---, ---, ---, ---, ---, 
[904.676s][info][gc,stats       ]     E: Management Roots               3 us, workers (us):   3, ---, ---, ---, ---, ---, ---, ---, ---, ---, ---, ---, ---, ---, ---, ---, ---, ---, ---, ---, ---, ---, ---, ---, 
[904.676s][info][gc,stats       ]     E: System Dict Roots             13 us, workers (us):  13, ---, ---, ---, ---, ---, ---, ---, ---, ---, ---, ---, ---, ---, ---, ---, ---, ---, ---, ---, ---, ---, ---, ---, 
[904.676s][info][gc,stats       ]     E: CLDG Roots                  1046 us, workers (us): ---, 297, ---, 691,  58, ---, ---, ---, ---, ---, ---, ---, ---, ---, ---, ---, ---, ---, ---, ---, ---, ---, ---, ---, 
[904.676s][info][gc,stats       ]     E: JVMTI Roots                    1 us, workers (us): ---,   1, ---, ---, ---, ---, ---, ---, ---, ---, ---, ---, ---, ---, ---, ---, ---, ---, ---, ---, ---, ---, ---, ---, 
[904.676s][info][gc,stats       ] Concurrent Cleanup                23894 us
[904.676s][info][gc,stats       ] Concurrent Evacuation              4288 us
[904.676s][info][gc,stats       ] Pause Init  Update Refs (G)         357 us
[904.676s][info][gc,stats       ] Pause Init  Update Refs (N)         146 us
[904.676s][info][gc,stats       ]   Retire GCLABs                     134 us
[904.676s][info][gc,stats       ] Concurrent Update Refs            17573 us
[904.676s][info][gc,stats       ] Pause Final Update Refs (G)        1004 us
[904.676s][info][gc,stats       ] Pause Final Update Refs (N)         212 us
[904.676s][info][gc,stats       ]   Update Roots                      163 us, parallelism: 1.27x
[904.676s][info][gc,stats       ]     UR: <total>                     208 us
[904.676s][info][gc,stats       ]     UR: Thread Roots                208 us, workers (us):  87,  38,  26,  42,   7,   7, ---, ---, ---, ---, ---, ---, ---, ---, ---, ---, ---, ---, ---, ---, ---, ---, ---, ---, 
[904.676s][info][gc,stats       ]   Update Region States               22 us
[904.676s][info][gc,stats       ]   Trash Collection Set                5 us
[904.676s][info][gc,stats       ]   Rebuild Free Set                   11 us
[904.676s][info][gc,stats       ] Concurrent Cleanup                  793 us
[904.676s][info][gc,stats       ] Pacing                            83698 us
[904.676s][info][gc,stats       ] 
[904.676s][info][gc,stats       ] Allocation pacing accrued:
[904.676s][info][gc,stats       ]      84 of   171 ms ( 48.9%): pl.nadoba.jvm.gc.benchmark.App.main()
[904.676s][info][gc,stats       ]      84 of   171 ms ( 48.9%): <total>
[904.676s][info][gc,stats       ]       8 of   171 ms (  4.9%): <average total>
[904.676s][info][gc,stats       ]      84 of   171 ms ( 48.9%): <average non-zero>
[904.676s][info][gc,stats       ] 
[904.676s][info][gc,metaspace   ] Metaspace: 24281K->24281K(1071104K)
[904.676s][info][gc,ergo        ] Pacer for Idle. Initial: 5242K, Alloc Tax Rate: 1.0x
[904.677s][info][gc             ] Trigger: Start next cycle immediately
[904.677s][info][gc,ergo        ] Free: 118M, Max: 256K regular, 99840K humongous, Frag: 18% external, 3% internal; Reserve: 13312K, Max: 256K
[904.677s][info][gc,start       ] GC(6805) Concurrent reset
[904.677s][info][gc,task        ] GC(6805) Using 6 of 24 workers for concurrent reset
[904.677s][info][gc,ergo        ] GC(6805) Pacer for Reset. Non-Taxable: 256M
[904.678s][info][gc             ] GC(6805) Concurrent reset 0.646ms
[904.679s][info][gc,start       ] GC(6805) Pause Init Mark
[904.679s][info][gc,task        ] GC(6805) Using 6 of 24 workers for init marking
[904.681s][info][gc,ergo        ] GC(6805) Pacer for Mark. Expected Live: 12507K, Free: 111M, Non-Taxable: 11453K, Alloc Tax Rate: 0.1x
[904.681s][info][gc             ] GC(6805) Pause Init Mark 2.402ms
[904.681s][info][gc,start       ] GC(6805) Concurrent marking
[904.681s][info][gc,task        ] GC(6805) Using 6 of 24 workers for concurrent marking
[904.746s][info][gc             ] GC(6805) Concurrent marking 65.166ms
[904.746s][info][gc,start       ] GC(6805) Pause Final Mark
[904.747s][info][gc,task        ] GC(6805) Using 6 of 24 workers for final marking
[904.747s][info][gc,ergo        ] GC(6805) Collectable Garbage: 110M (100%), Immediate: 109M (98%), CSet: 1260K (1%)
[904.750s][info][gc,ergo        ] GC(6805) Pacer for Evacuation. Used CSet: 5120K, Free: 170M, Non-Taxable: 17469K, Alloc Tax Rate: 1.1x
[904.750s][info][gc             ] GC(6805) Pause Final Mark 3.503ms
[904.750s][info][gc,start       ] GC(6805) Concurrent cleanup
[904.767s][info][gc             ] GC(6805) Concurrent cleanup 179M->88M(256M) 16.623ms
[904.767s][info][gc,ergo        ] GC(6805) Free: 151M, Max: 256K regular, 86016K humongous, Frag: 45% external, 1% internal; Reserve: 12637K, Max: 256K
[904.767s][info][gc,start       ] GC(6805) Concurrent evacuation
[904.767s][info][gc,task        ] GC(6805) Using 6 of 24 workers for concurrent evacuation
[904.771s][info][gc             ] GC(6805) Concurrent evacuation 3.997ms
[904.771s][info][gc,start       ] GC(6805) Pause Init Update Refs
[904.771s][info][gc,ergo        ] GC(6805) Pacer for Update Refs. Used: 100757K, Free: 145M, Non-Taxable: 14858K, Alloc Tax Rate: 1.1x
[904.771s][info][gc             ] GC(6805) Pause Init Update Refs 0.134ms
[904.771s][info][gc,start       ] GC(6805) Concurrent update references
[904.771s][info][gc,task        ] GC(6805) Using 6 of 24 workers for concurrent reference update
[904.789s][info][gc             ] GC(6805) Concurrent update references 17.526ms
[904.790s][info][gc,start       ] GC(6805) Pause Final Update Refs
[904.790s][info][gc,task        ] GC(6805) Using 6 of 24 workers for final reference update
[904.790s][info][gc             ] GC(6805) Pause Final Update Refs 0.252ms
[904.790s][info][gc,start       ] GC(6805) Concurrent cleanup
[904.791s][info][gc             ] GC(6805) Concurrent cleanup 153M->148M(256M) 0.824ms
[904.791s][info][gc             ] GC(6805) Dat log --- cycle is complete
Current gc epoch: 5518
heap: ______
capacity: 268435456
used: 155604304
committed: 268435456
bytes_allocated_since_gc_start: 152830480
hot_size: 0
cold_size: 3717017
num_regions: 1024
hot_region_count: 18446744073709405695
cold_region_count: 145938
histogram: Placeholder

[904.791s][info][gc             ] GC(6805) Obj count ac histogram
[904.791s][info][gc             ] GC(6805) 	0: 211722
[904.791s][info][gc             ] GC(6805) 	1: 15
[904.791s][info][gc             ] GC(6805) 	2: 2
[904.791s][info][gc             ] GC(6805) 	3: 0
[904.791s][info][gc             ] GC(6805) 	4: 0
[904.791s][info][gc             ] GC(6805) 	5: 0
[904.791s][info][gc             ] GC(6805) 	6: 0
[904.791s][info][gc             ] GC(6805) 	7: 0
[904.791s][info][gc             ] GC(6805) 	8: 0
[904.791s][info][gc             ] GC(6805) 	9: 0
[904.791s][info][gc             ] GC(6805) 	10: 0
[904.791s][info][gc             ] GC(6805) 	11: 0
[904.791s][info][gc             ] GC(6805) 	12: 0
[904.791s][info][gc             ] GC(6805) 	13: 0
[904.791s][info][gc             ] GC(6805) 	14: 0
[904.791s][info][gc             ] GC(6805) 	15: 0
[904.791s][info][gc             ] GC(6805) 	16: 0
[904.791s][info][gc             ] GC(6805) 	17: 0
[904.791s][info][gc             ] GC(6805) 	18: 0
[904.791s][info][gc             ] GC(6805) 	19: 0
[904.791s][info][gc             ] GC(6805) Obj size ac histogram
[904.791s][info][gc             ] GC(6805) 	0: 2962157
[904.791s][info][gc             ] GC(6805) 	1: 720
[904.791s][info][gc             ] GC(6805) 	2: 14
[904.791s][info][gc             ] GC(6805) 	3: 0
[904.791s][info][gc             ] GC(6805) 	4: 0
[904.791s][info][gc             ] GC(6805) 	5: 0
[904.791s][info][gc             ] GC(6805) 	6: 0
[904.791s][info][gc             ] GC(6805) 	7: 0
[904.791s][info][gc             ] GC(6805) 	8: 0
[904.791s][info][gc             ] GC(6805) 	9: 0
[904.791s][info][gc             ] GC(6805) 	10: 0
[904.791s][info][gc             ] GC(6805) 	11: 0
[904.791s][info][gc             ] GC(6805) 	12: 0
[904.791s][info][gc             ] GC(6805) 	13: 0
[904.791s][info][gc             ] GC(6805) 	14: 0
[904.791s][info][gc             ] GC(6805) 	15: 0
[904.791s][info][gc             ] GC(6805) 	16: 0
[904.791s][info][gc             ] GC(6805) 	17: 0
[904.791s][info][gc             ] GC(6805) 	18: 0
[904.791s][info][gc             ] GC(6805) 	19: 0
[904.791s][info][gc,ergo        ] Free: 90475K, Max: 256K regular, 78080K humongous, Frag: 14% external, 4% internal; Reserve: 13312K, Max: 256K
[904.791s][info][gc,stats       ] 
[904.791s][info][gc,stats       ] All times are wall-clock times, except per-root-class counters, that are sum over
[904.791s][info][gc,stats       ] all workers. Dividing the <total> over the root stage time estimates parallelism.
[904.791s][info][gc,stats       ] 
[904.791s][info][gc,stats       ] Concurrent Reset                    629 us
[904.791s][info][gc,stats       ] Pause Init Mark (G)                3505 us
[904.791s][info][gc,stats       ] Pause Init Mark (N)                2376 us
[904.791s][info][gc,stats       ]   Accumulate Stats                    4 us
[904.791s][info][gc,stats       ]   Make Parsable                      40 us
[904.791s][info][gc,stats       ]   Update Region States                9 us
[904.791s][info][gc,stats       ]   Scan Roots                       1790 us, parallelism: 2.03x
[904.791s][info][gc,stats       ]     S: <total>                     3637 us
[904.791s][info][gc,stats       ]     S: Thread Roots                 360 us, workers (us):  98, 173,   1,   1,   2,  84, ---, ---, ---, ---, ---, ---, ---, ---, ---, ---, ---, ---, ---, ---, ---, ---, ---, ---, 
[904.791s][info][gc,stats       ]     S: Universe Roots                33 us, workers (us):  33, ---, ---, ---, ---, ---, ---, ---, ---, ---, ---, ---, ---, ---, ---, ---, ---, ---, ---, ---, ---, ---, ---, ---, 
[904.791s][info][gc,stats       ]     S: JNI Handles Roots             22 us, workers (us): ---,  22, ---, ---, ---, ---, ---, ---, ---, ---, ---, ---, ---, ---, ---, ---, ---, ---, ---, ---, ---, ---, ---, ---, 
[904.791s][info][gc,stats       ]     S: Synchronizer Roots             0 us, workers (us):   0, ---, ---, ---, ---, ---, ---, ---, ---, ---, ---, ---, ---, ---, ---, ---, ---, ---, ---, ---, ---, ---, ---, ---, 
[904.791s][info][gc,stats       ]     S: Management Roots               2 us, workers (us):   2, ---, ---, ---, ---, ---, ---, ---, ---, ---, ---, ---, ---, ---, ---, ---, ---, ---, ---, ---, ---, ---, ---, ---, 
[904.791s][info][gc,stats       ]     S: System Dict Roots             38 us, workers (us):  38, ---, ---, ---, ---, ---, ---, ---, ---, ---, ---, ---, ---, ---, ---, ---, ---, ---, ---, ---, ---, ---, ---, ---, 
[904.791s][info][gc,stats       ]     S: CLDG Roots                  3182 us, workers (us): ---, ---, 1356, 1602, 224, ---, ---, ---, ---, ---, ---, ---, ---, ---, ---, ---, ---, ---, ---, ---, ---, ---, ---, ---, 
[904.791s][info][gc,stats       ]     S: JVMTI Roots                    1 us, workers (us): ---,   1, ---, ---, ---, ---, ---, ---, ---, ---, ---, ---, ---, ---, ---, ---, ---, ---, ---, ---, ---, ---, ---, ---, 
[904.791s][info][gc,stats       ]   Resize TLABs                        7 us
[904.791s][info][gc,stats       ] Concurrent Marking                65115 us
[904.791s][info][gc,stats       ] Pause Final Mark (G)               3683 us
[904.791s][info][gc,stats       ] Pause Final Mark (N)               3470 us
[904.791s][info][gc,stats       ]   Finish Queues                     177 us
[904.791s][info][gc,stats       ]   System Purge                      184 us
[904.791s][info][gc,stats       ]     Weak Roots                      183 us
[904.791s][info][gc,stats       ]   Update Region States               26 us
[904.791s][info][gc,stats       ]   Retire TLABs                       40 us
[904.791s][info][gc,stats       ]   Choose Collection Set             367 us
[904.791s][info][gc,stats       ]   Rebuild Free Set                   23 us
[904.791s][info][gc,stats       ]   Initial Evacuation               2635 us, parallelism: 1.91x
[904.791s][info][gc,stats       ]     E: <total>                     5028 us
[904.791s][info][gc,stats       ]     E: Thread Roots                  99 us, workers (us):   1,   1,   2,   1,  55,  40, ---, ---, ---, ---, ---, ---, ---, ---, ---, ---, ---, ---, ---, ---, ---, ---, ---, ---, 
[904.791s][info][gc,stats       ]     E: Code Cache Roots            3694 us, workers (us):   0, 806, 987, 1001, 291, 608, ---, ---, ---, ---, ---, ---, ---, ---, ---, ---, ---, ---, ---, ---, ---, ---, ---, ---, 
[904.791s][info][gc,stats       ]     E: Universe Roots                 6 us, workers (us):   6, ---, ---, ---, ---, ---, ---, ---, ---, ---, ---, ---, ---, ---, ---, ---, ---, ---, ---, ---, ---, ---, ---, ---, 
[904.791s][info][gc,stats       ]     E: JNI Handles Roots              3 us, workers (us): ---, ---,   3, ---, ---, ---, ---, ---, ---, ---, ---, ---, ---, ---, ---, ---, ---, ---, ---, ---, ---, ---, ---, ---, 
[904.791s][info][gc,stats       ]     E: Synchronizer Roots             0 us, workers (us): ---,   0, ---, ---, ---, ---, ---, ---, ---, ---, ---, ---, ---, ---, ---, ---, ---, ---, ---, ---, ---, ---, ---, ---, 
[904.791s][info][gc,stats       ]     E: Management Roots               3 us, workers (us): ---, ---,   3, ---, ---, ---, ---, ---, ---, ---, ---, ---, ---, ---, ---, ---, ---, ---, ---, ---, ---, ---, ---, ---, 
[904.791s][info][gc,stats       ]     E: System Dict Roots             12 us, workers (us): ---,  12, ---, ---, ---, ---, ---, ---, ---, ---, ---, ---, ---, ---, ---, ---, ---, ---, ---, ---, ---, ---, ---, ---, 
[904.792s][info][gc,stats       ]     E: CLDG Roots                  1210 us, workers (us): 739, ---, ---, ---, 390,  81, ---, ---, ---, ---, ---, ---, ---, ---, ---, ---, ---, ---, ---, ---, ---, ---, ---, ---, 
[904.792s][info][gc,stats       ]     E: JVMTI Roots                    1 us, workers (us): ---, ---, ---,   1, ---, ---, ---, ---, ---, ---, ---, ---, ---, ---, ---, ---, ---, ---, ---, ---, ---, ---, ---, ---, 
[904.792s][info][gc,stats       ] Concurrent Cleanup                16577 us
[904.792s][info][gc,stats       ] Concurrent Evacuation              3990 us
[904.792s][info][gc,stats       ] Pause Init  Update Refs (G)         390 us
[904.792s][info][gc,stats       ] Pause Init  Update Refs (N)         105 us
[904.792s][info][gc,stats       ]   Retire GCLABs                      88 us
[904.792s][info][gc,stats       ] Concurrent Update Refs            17503 us
[904.792s][info][gc,stats       ] Pause Final Update Refs (G)        1289 us
[904.792s][info][gc,stats       ] Pause Final Update Refs (N)         219 us
[904.792s][info][gc,stats       ]   Update Roots                      154 us, parallelism: 1.61x
[904.792s][info][gc,stats       ]     UR: <total>                     248 us
[904.792s][info][gc,stats       ]     UR: Thread Roots                248 us, workers (us):  88,  34,  30,  53,  38,   4, ---, ---, ---, ---, ---, ---, ---, ---, ---, ---, ---, ---, ---, ---, ---, ---, ---, ---, 
[904.792s][info][gc,stats       ]   Update Region States               19 us
[904.792s][info][gc,stats       ]   Trash Collection Set                9 us
[904.792s][info][gc,stats       ]   Rebuild Free Set                   21 us
[904.792s][info][gc,stats       ] Concurrent Cleanup                  793 us
[904.792s][info][gc,stats       ] Pacing                            78799 us
[904.792s][info][gc,stats       ] 
[904.792s][info][gc,stats       ] Allocation pacing accrued:
[904.792s][info][gc,stats       ]      79 of   116 ms ( 68.0%): pl.nadoba.jvm.gc.benchmark.App.main()
[904.792s][info][gc,stats       ]      79 of   116 ms ( 68.0%): <total>
[904.792s][info][gc,stats       ]       8 of   116 ms (  6.8%): <average total>
[904.792s][info][gc,stats       ]      79 of   116 ms ( 68.0%): <average non-zero>
[904.792s][info][gc,stats       ] 
[904.792s][info][gc,metaspace   ] Metaspace: 24281K->24281K(1071104K)
[904.792s][info][gc,ergo        ] Pacer for Idle. Initial: 5242K, Alloc Tax Rate: 1.0x
[904.793s][info][gc             ] Trigger: Start next cycle immediately
[904.793s][info][gc,ergo        ] Free: 86891K, Max: 256K regular, 78080K humongous, Frag: 10% external, 4% internal; Reserve: 13312K, Max: 256K
[904.793s][info][gc,start       ] GC(6806) Concurrent reset
[904.793s][info][gc,task        ] GC(6806) Using 6 of 24 workers for concurrent reset
[904.793s][info][gc,ergo        ] GC(6806) Pacer for Reset. Non-Taxable: 256M
[904.793s][info][gc             ] GC(6806) Concurrent reset 0.650ms
[904.794s][info][gc,start       ] GC(6806) Pause Init Mark (process weakrefs) (unload classes)
[904.794s][info][gc,task        ] GC(6806) Using 6 of 24 workers for init marking
[904.795s][info][gc,ergo        ] GC(6806) Pacer for Mark. Expected Live: 13735K, Free: 86891K, Non-Taxable: 8689K, Alloc Tax Rate: 0.2x
[904.795s][info][gc             ] GC(6806) Pause Init Mark (process weakrefs) (unload classes) 1.514ms
[904.795s][info][gc,start       ] GC(6806) Concurrent marking (process weakrefs) (unload classes)
[904.795s][info][gc,task        ] GC(6806) Using 6 of 24 workers for concurrent marking
[904.861s][info][gc             ] GC(6806) Concurrent marking (process weakrefs) (unload classes) 65.327ms
[904.861s][info][gc,start       ] GC(6806) Concurrent precleaning
[904.861s][info][gc,task        ] GC(6806) Using 1 of 24 workers for concurrent preclean
[904.861s][info][gc,ergo        ] GC(6806) Pacer for Precleaning. Non-Taxable: 256M
[904.865s][info][gc             ] GC(6806) Concurrent precleaning 4.234ms
[904.865s][info][gc,start       ] GC(6806) Pause Final Mark (process weakrefs) (unload classes)
[904.866s][info][gc,task        ] GC(6806) Using 6 of 24 workers for final marking
[904.922s][info][gc,stringtable ] GC(6806) Cleaned string and symbol table, strings: 8172 processed, 0 removed, symbols: 68000 processed, 0 removed
[904.922s][info][gc,ergo        ] GC(6806) Collectable Garbage: 142M (100%), Immediate: 142M (99%), CSet: 748K (0%)
[904.925s][info][gc,ergo        ] GC(6806) Pacer for Evacuation. Used CSet: 4608K, Free: 182M, Non-Taxable: 18673K, Alloc Tax Rate: 1.1x
[904.925s][info][gc             ] GC(6806) Pause Final Mark (process weakrefs) (unload classes) 59.236ms
[904.925s][info][gc,start       ] GC(6806) Concurrent cleanup
[904.947s][info][gc             ] GC(6806) Concurrent cleanup 201M->77M(256M) 22.251ms
[904.947s][info][gc,ergo        ] GC(6806) Free: 163M, Max: 256K regular, 72448K humongous, Frag: 57% external, 1% internal; Reserve: 12670K, Max: 256K
[904.947s][info][gc,start       ] GC(6806) Concurrent evacuation
[904.947s][info][gc,task        ] GC(6806) Using 6 of 24 workers for concurrent evacuation
[904.951s][info][gc             ] GC(6806) Concurrent evacuation 4.198ms
[904.952s][info][gc,start       ] GC(6806) Pause Init Update Refs
[904.952s][info][gc,ergo        ] GC(6806) Pacer for Update Refs. Used: 83347K, Free: 163M, Non-Taxable: 16701K, Alloc Tax Rate: 1.1x
[904.952s][info][gc             ] GC(6806) Pause Init Update Refs 0.163ms
[904.952s][info][gc,start       ] GC(6806) Concurrent update references
[904.952s][info][gc,task        ] GC(6806) Using 6 of 24 workers for concurrent reference update
[904.968s][info][gc             ] GC(6806) Concurrent update references 16.646ms
[904.970s][info][gc,start       ] GC(6806) Pause Final Update Refs
[904.970s][info][gc,task        ] GC(6806) Using 6 of 24 workers for final reference update
[904.970s][info][gc             ] GC(6806) Pause Final Update Refs 0.213ms
[904.970s][info][gc,start       ] GC(6806) Concurrent cleanup
[904.971s][info][gc             ] GC(6806) Concurrent cleanup 113M->108M(256M) 0.866ms
[904.971s][info][gc             ] GC(6806) Dat log --- cycle is complete
Current gc epoch: 5519
heap: ______
capacity: 268435456
used: 114183976
committed: 268435456
bytes_allocated_since_gc_start: 109314576
hot_size: 0
cold_size: 2084745
num_regions: 1024
hot_region_count: 18446744073709405678
cold_region_count: 145957
histogram: Placeholder

[904.971s][info][gc             ] GC(6806) Obj count ac histogram
[904.971s][info][gc             ] GC(6806) 	0: 202579
[904.971s][info][gc             ] GC(6806) 	1: 15
[904.971s][info][gc             ] GC(6806) 	2: 4523
[904.971s][info][gc             ] GC(6806) 	3: 4457
[904.971s][info][gc             ] GC(6806) 	4: 892
[904.971s][info][gc             ] GC(6806) 	5: 15
[904.971s][info][gc             ] GC(6806) 	6: 0
[904.971s][info][gc             ] GC(6806) 	7: 0
[904.971s][info][gc             ] GC(6806) 	8: 0
[904.971s][info][gc             ] GC(6806) 	9: 0
[904.971s][info][gc             ] GC(6806) 	10: 0
[904.971s][info][gc             ] GC(6806) 	11: 0
[904.971s][info][gc             ] GC(6806) 	12: 0
[904.971s][info][gc             ] GC(6806) 	13: 0
[904.971s][info][gc             ] GC(6806) 	14: 0
[904.971s][info][gc             ] GC(6806) 	15: 0
[904.971s][info][gc             ] GC(6806) 	16: 0
[904.971s][info][gc             ] GC(6806) 	17: 0
[904.971s][info][gc             ] GC(6806) 	18: 0
[904.971s][info][gc             ] GC(6806) 	19: 0
[904.971s][info][gc             ] GC(6806) Obj size ac histogram
[904.971s][info][gc             ] GC(6806) 	0: 1294602
[904.971s][info][gc             ] GC(6806) 	1: 720
[904.971s][info][gc             ] GC(6806) 	2: 60361
[904.971s][info][gc             ] GC(6806) 	3: 41639
[904.971s][info][gc             ] GC(6806) 	4: 5525
[904.971s][info][gc             ] GC(6806) 	5: 150
[904.971s][info][gc             ] GC(6806) 	6: 0
[904.971s][info][gc             ] GC(6806) 	7: 0
[904.971s][info][gc             ] GC(6806) 	8: 0
[904.971s][info][gc             ] GC(6806) 	9: 0
[904.971s][info][gc             ] GC(6806) 	10: 0
[904.971s][info][gc             ] GC(6806) 	11: 0
[904.971s][info][gc             ] GC(6806) 	12: 0
[904.971s][info][gc             ] GC(6806) 	13: 0
[904.971s][info][gc             ] GC(6806) 	14: 0
[904.971s][info][gc             ] GC(6806) 	15: 0
[904.971s][info][gc             ] GC(6806) 	16: 0
[904.971s][info][gc             ] GC(6806) 	17: 0
[904.971s][info][gc             ] GC(6806) 	18: 0
[904.971s][info][gc             ] GC(6806) 	19: 0
[904.971s][info][gc,ergo        ] Free: 126M, Max: 256K regular, 72448K humongous, Frag: 44% external, 3% internal; Reserve: 13312K, Max: 256K
[904.971s][info][gc,stats       ] 
[904.971s][info][gc,stats       ] All times are wall-clock times, except per-root-class counters, that are sum over
[904.971s][info][gc,stats       ] all workers. Dividing the <total> over the root stage time estimates parallelism.
[904.971s][info][gc,stats       ] 
[904.971s][info][gc,stats       ] Concurrent Reset                    639 us
[904.971s][info][gc,stats       ] Pause Init Mark (G)                1811 us
[904.971s][info][gc,stats       ] Pause Init Mark (N)                1484 us
[904.971s][info][gc,stats       ]   Accumulate Stats                    7 us
[904.971s][info][gc,stats       ]   Make Parsable                      49 us
[904.971s][info][gc,stats       ]   Update Region States               14 us
[904.971s][info][gc,stats       ]   Scan Roots                        666 us, parallelism: 1.42x
[904.971s][info][gc,stats       ]     S: <total>                      947 us
[904.971s][info][gc,stats       ]     S: Thread Roots                 295 us, workers (us):  99,  41,   1,  86,  26,  43, ---, ---, ---, ---, ---, ---, ---, ---, ---, ---, ---, ---, ---, ---, ---, ---, ---, ---, 
[904.971s][info][gc,stats       ]     S: Universe Roots                32 us, workers (us):  32, ---, ---, ---, ---, ---, ---, ---, ---, ---, ---, ---, ---, ---, ---, ---, ---, ---, ---, ---, ---, ---, ---, ---, 
[904.971s][info][gc,stats       ]     S: JNI Handles Roots             26 us, workers (us): ---,  26, ---, ---, ---, ---, ---, ---, ---, ---, ---, ---, ---, ---, ---, ---, ---, ---, ---, ---, ---, ---, ---, ---, 
[904.971s][info][gc,stats       ]     S: Synchronizer Roots             0 us, workers (us):   0, ---, ---, ---, ---, ---, ---, ---, ---, ---, ---, ---, ---, ---, ---, ---, ---, ---, ---, ---, ---, ---, ---, ---, 
[904.971s][info][gc,stats       ]     S: Management Roots               2 us, workers (us):   2, ---, ---, ---, ---, ---, ---, ---, ---, ---, ---, ---, ---, ---, ---, ---, ---, ---, ---, ---, ---, ---, ---, ---, 
[904.971s][info][gc,stats       ]     S: System Dict Roots             36 us, workers (us):  36, ---, ---, ---, ---, ---, ---, ---, ---, ---, ---, ---, ---, ---, ---, ---, ---, ---, ---, ---, ---, ---, ---, ---, 
[904.971s][info][gc,stats       ]     S: CLDG Roots                   554 us, workers (us): ---,  15, 527,  12, ---, ---, ---, ---, ---, ---, ---, ---, ---, ---, ---, ---, ---, ---, ---, ---, ---, ---, ---, ---, 
[904.971s][info][gc,stats       ]     S: JVMTI Roots                    1 us, workers (us): ---,   1, ---, ---, ---, ---, ---, ---, ---, ---, ---, ---, ---, ---, ---, ---, ---, ---, ---, ---, ---, ---, ---, ---, 
[904.971s][info][gc,stats       ]   Resize TLABs                        5 us
[904.971s][info][gc,stats       ] Concurrent Marking                65276 us
[904.971s][info][gc,stats       ] Concurrent Precleaning             4210 us
[904.971s][info][gc,stats       ] Pause Final Mark (G)              59887 us
[904.971s][info][gc,stats       ] Pause Final Mark (N)              59190 us
[904.971s][info][gc,stats       ]   Finish Queues                     189 us
[904.971s][info][gc,stats       ]   Weak References                    39 us
[904.971s][info][gc,stats       ]     Process                          30 us
[904.971s][info][gc,stats       ]   System Purge                      238 us
[904.971s][info][gc,stats       ]     Unload Classes                  105 us
[904.971s][info][gc,stats       ]     Cleanup                       55707 us, parallelism: 1.63x
[904.971s][info][gc,stats       ]       CU: <total>                 90626 us
[904.971s][info][gc,stats       ]       CU: Code Cache Roots        72174 us, workers (us): 11960, 12180, 12174, 11923, 11802, 12134, ---, ---, ---, ---, ---, ---, ---, ---, ---, ---, ---, ---, ---, ---, ---, ---, ---, ---, 
[904.971s][info][gc,stats       ]       CU: Code Cache Cleaning      4813 us, workers (us): 1261, 712, 715, 712, 696, 717, ---, ---, ---, ---, ---, ---, ---, ---, ---, ---, ---, ---, ---, ---, ---, ---, ---, ---, 
[904.972s][info][gc,stats       ]       CU: String Table Roots       3336 us, workers (us): 651, 431, 430, 680, 755, 390, ---, ---, ---, ---, ---, ---, ---, ---, ---, ---, ---, ---, ---, ---, ---, ---, ---, ---, 
[904.972s][info][gc,stats       ]       CU: Resolved Table Roots       19 us, workers (us):   0,   0,   0,   0,  18,   0, ---, ---, ---, ---, ---, ---, ---, ---, ---, ---, ---, ---, ---, ---, ---, ---, ---, ---, 
[904.972s][info][gc,stats       ]       CU: CLDG Roots              10283 us, workers (us): 1231, 1831, 1802, 1816, 1821, 1782, ---, ---, ---, ---, ---, ---, ---, ---, ---, ---, ---, ---, ---, ---, ---, ---, ---, ---, 
[904.972s][info][gc,stats       ]     Weak Roots                      237 us
[904.972s][info][gc,stats       ]     CLDG                              1 us
[904.972s][info][gc,stats       ]   Update Region States               22 us
[904.972s][info][gc,stats       ]   Retire TLABs                       42 us
[904.972s][info][gc,stats       ]   Choose Collection Set             409 us
[904.972s][info][gc,stats       ]   Rebuild Free Set                   16 us
[904.972s][info][gc,stats       ]   Initial Evacuation               2228 us, parallelism: 2.75x
[904.972s][info][gc,stats       ]     E: <total>                     6123 us
[904.972s][info][gc,stats       ]     E: Thread Roots                 209 us, workers (us):   1,   1,   2,  75, 129,   1, ---, ---, ---, ---, ---, ---, ---, ---, ---, ---, ---, ---, ---, ---, ---, ---, ---, ---, 
[904.972s][info][gc,stats       ]     E: Code Cache Roots            4686 us, workers (us): 1097, 589, 459, 877, 799, 867, ---, ---, ---, ---, ---, ---, ---, ---, ---, ---, ---, ---, ---, ---, ---, ---, ---, ---, 
[904.972s][info][gc,stats       ]     E: Universe Roots                 2 us, workers (us): ---,   2, ---, ---, ---, ---, ---, ---, ---, ---, ---, ---, ---, ---, ---, ---, ---, ---, ---, ---, ---, ---, ---, ---, 
[904.972s][info][gc,stats       ]     E: JNI Handles Roots              3 us, workers (us): ---, ---,   3, ---, ---, ---, ---, ---, ---, ---, ---, ---, ---, ---, ---, ---, ---, ---, ---, ---, ---, ---, ---, ---, 
[904.972s][info][gc,stats       ]     E: Synchronizer Roots             0 us, workers (us):   0, ---, ---, ---, ---, ---, ---, ---, ---, ---, ---, ---, ---, ---, ---, ---, ---, ---, ---, ---, ---, ---, ---, ---, 
[904.972s][info][gc,stats       ]     E: Management Roots               2 us, workers (us):   2, ---, ---, ---, ---, ---, ---, ---, ---, ---, ---, ---, ---, ---, ---, ---, ---, ---, ---, ---, ---, ---, ---, ---, 
[904.972s][info][gc,stats       ]     E: System Dict Roots             11 us, workers (us):  11, ---, ---, ---, ---, ---, ---, ---, ---, ---, ---, ---, ---, ---, ---, ---, ---, ---, ---, ---, ---, ---, ---, ---, 
[904.972s][info][gc,stats       ]     E: CLDG Roots                  1207 us, workers (us): ---, 398, 736, ---, ---,  73, ---, ---, ---, ---, ---, ---, ---, ---, ---, ---, ---, ---, ---, ---, ---, ---, ---, ---, 
[904.972s][info][gc,stats       ]     E: JVMTI Roots                    0 us, workers (us): ---,   0, ---, ---, ---, ---, ---, ---, ---, ---, ---, ---, ---, ---, ---, ---, ---, ---, ---, ---, ---, ---, ---, ---, 
[904.972s][info][gc,stats       ] Concurrent Cleanup                22203 us
[904.972s][info][gc,stats       ] Concurrent Evacuation              4186 us
[904.972s][info][gc,stats       ] Pause Init  Update Refs (G)         423 us
[904.972s][info][gc,stats       ] Pause Init  Update Refs (N)         145 us
[904.972s][info][gc,stats       ]   Retire GCLABs                     133 us
[904.972s][info][gc,stats       ] Concurrent Update Refs            16629 us
[904.972s][info][gc,stats       ] Pause Final Update Refs (G)        1314 us
[904.972s][info][gc,stats       ] Pause Final Update Refs (N)         194 us
[904.972s][info][gc,stats       ]   Update Roots                      148 us, parallelism: 1.40x
[904.972s][info][gc,stats       ]     UR: <total>                     207 us
[904.972s][info][gc,stats       ]     UR: Thread Roots                207 us, workers (us):  86,  39,  30,  46,   4,   2, ---, ---, ---, ---, ---, ---, ---, ---, ---, ---, ---, ---, ---, ---, ---, ---, ---, ---, 
[904.972s][info][gc,stats       ]   Update Region States               21 us
[904.972s][info][gc,stats       ]   Trash Collection Set                5 us
[904.972s][info][gc,stats       ]   Rebuild Free Set                   11 us
[904.972s][info][gc,stats       ] Concurrent Cleanup                  826 us
[904.972s][info][gc,stats       ] Pacing                            93502 us
[904.972s][info][gc,stats       ] 
[904.972s][info][gc,stats       ] Allocation pacing accrued:
[904.972s][info][gc,stats       ]      94 of   180 ms ( 51.9%): pl.nadoba.jvm.gc.benchmark.App.main()
[904.972s][info][gc,stats       ]      94 of   180 ms ( 51.9%): <total>
[904.972s][info][gc,stats       ]       9 of   180 ms (  5.2%): <average total>
[904.972s][info][gc,stats       ]      94 of   180 ms ( 51.9%): <average non-zero>
[904.972s][info][gc,stats       ] 
[904.972s][info][gc,metaspace   ] Metaspace: 24281K->24281K(1071104K)
[904.972s][info][gc,ergo        ] Pacer for Idle. Initial: 5242K, Alloc Tax Rate: 1.0x
[904.973s][info][gc             ] Trigger: Start next cycle immediately
[904.973s][info][gc,ergo        ] Free: 119M, Max: 256K regular, 72448K humongous, Frag: 41% external, 3% internal; Reserve: 13312K, Max: 256K
[904.973s][info][gc,start       ] GC(6807) Concurrent reset
[904.973s][info][gc,task        ] GC(6807) Using 6 of 24 workers for concurrent reset
[904.973s][info][gc,ergo        ] GC(6807) Pacer for Reset. Non-Taxable: 256M
[904.974s][info][gc             ] GC(6807) Concurrent reset 0.673ms
[904.974s][info][gc,start       ] GC(6807) Pause Init Mark (process weakrefs)
[904.974s][info][gc,task        ] GC(6807) Using 6 of 24 workers for init marking
[904.978s][info][gc,ergo        ] GC(6807) Pacer for Mark. Expected Live: 12916K, Free: 119M, Non-Taxable: 12247K, Alloc Tax Rate: 0.1x
[904.978s][info][gc             ] GC(6807) Pause Init Mark (process weakrefs) 3.666ms
[904.978s][info][gc,start       ] GC(6807) Concurrent marking (process weakrefs)
[904.978s][info][gc,task        ] GC(6807) Using 6 of 24 workers for concurrent marking
[905.042s][info][gc             ] GC(6807) Concurrent marking (process weakrefs) 64.619ms
[905.042s][info][gc,start       ] GC(6807) Concurrent precleaning
[905.042s][info][gc,task        ] GC(6807) Using 1 of 24 workers for concurrent preclean
[905.042s][info][gc,ergo        ] GC(6807) Pacer for Precleaning. Non-Taxable: 256M
[905.045s][info][gc             ] GC(6807) Concurrent precleaning 2.561ms
[905.046s][info][gc,start       ] GC(6807) Pause Final Mark (process weakrefs)
[905.046s][info][gc,task        ] GC(6807) Using 6 of 24 workers for final marking
[905.047s][info][gc,ergo        ] GC(6807) Collectable Garbage: 109M (100%), Immediate: 108M (98%), CSet: 1259K (1%)
[905.050s][info][gc,ergo        ] GC(6807) Pacer for Evacuation. Used CSet: 5118K, Free: 189M, Non-Taxable: 19415K, Alloc Tax Rate: 1.1x
[905.050s][info][gc             ] GC(6807) Pause Final Mark (process weakrefs) 3.810ms
[905.050s][info][gc,start       ] GC(6807) Concurrent cleanup
[905.064s][info][gc             ] GC(6807) Concurrent cleanup 159M->69M(256M) 14.152ms
[905.064s][info][gc,ergo        ] GC(6807) Free: 170M, Max: 256K regular, 117M humongous, Frag: 31% external, 1% internal; Reserve: 12544K, Max: 256K
[905.064s][info][gc,start       ] GC(6807) Concurrent evacuation
[905.064s][info][gc,task        ] GC(6807) Using 6 of 24 workers for concurrent evacuation
[905.068s][info][gc             ] GC(6807) Concurrent evacuation 3.947ms
[905.069s][info][gc,start       ] GC(6807) Pause Init Update Refs
[905.069s][info][gc,ergo        ] GC(6807) Pacer for Update Refs. Used: 79763K, Free: 166M, Non-Taxable: 17034K, Alloc Tax Rate: 1.1x
[905.069s][info][gc             ] GC(6807) Pause Init Update Refs 0.184ms
[905.069s][info][gc,start       ] GC(6807) Concurrent update references
[905.069s][info][gc,task        ] GC(6807) Using 6 of 24 workers for concurrent reference update
[905.086s][info][gc             ] GC(6807) Concurrent update references 17.003ms
[905.087s][info][gc,start       ] GC(6807) Pause Final Update Refs
[905.087s][info][gc,task        ] GC(6807) Using 6 of 24 workers for final reference update
[905.087s][info][gc             ] GC(6807) Pause Final Update Refs 0.281ms
[905.088s][info][gc,start       ] GC(6807) Concurrent cleanup
[905.088s][info][gc             ] GC(6807) Concurrent cleanup 143M->138M(256M) 0.854ms
[905.088s][info][gc             ] GC(6807) Dat log --- cycle is complete
Current gc epoch: 5520
heap: ______
capacity: 268435456
used: 145642864
committed: 268435456
bytes_allocated_since_gc_start: 142606864
hot_size: 0
cold_size: 3192725
num_regions: 1024
hot_region_count: 18446744073709405659
cold_region_count: 145976
histogram: Placeholder

[905.088s][info][gc             ] GC(6807) Obj count ac histogram
[905.088s][info][gc             ] GC(6807) 	0: 208466
[905.088s][info][gc             ] GC(6807) 	1: 15
[905.088s][info][gc             ] GC(6807) 	2: 4999
[905.088s][info][gc             ] GC(6807) 	3: 4373
[905.088s][info][gc             ] GC(6807) 	4: 873
[905.088s][info][gc             ] GC(6807) 	5: 15
[905.088s][info][gc             ] GC(6807) 	6: 0
[905.088s][info][gc             ] GC(6807) 	7: 0
[905.088s][info][gc             ] GC(6807) 	8: 0
[905.088s][info][gc             ] GC(6807) 	9: 0
[905.088s][info][gc             ] GC(6807) 	10: 0
[905.088s][info][gc             ] GC(6807) 	11: 0
[905.088s][info][gc             ] GC(6807) 	12: 0
[905.088s][info][gc             ] GC(6807) 	13: 0
[905.088s][info][gc             ] GC(6807) 	14: 0
[905.088s][info][gc             ] GC(6807) 	15: 0
[905.088s][info][gc             ] GC(6807) 	16: 0
[905.089s][info][gc             ] GC(6807) 	17: 0
[905.089s][info][gc             ] GC(6807) 	18: 0
[905.089s][info][gc             ] GC(6807) 	19: 0
[905.089s][info][gc             ] GC(6807) Obj size ac histogram
[905.089s][info][gc             ] GC(6807) 	0: 2361826
[905.089s][info][gc             ] GC(6807) 	1: 720
[905.089s][info][gc             ] GC(6807) 	2: 71348
[905.089s][info][gc             ] GC(6807) 	3: 41132
[905.089s][info][gc             ] GC(6807) 	4: 5387
[905.089s][info][gc             ] GC(6807) 	5: 150
[905.089s][info][gc             ] GC(6807) 	6: 0
[905.089s][info][gc             ] GC(6807) 	7: 0
[905.089s][info][gc             ] GC(6807) 	8: 0
[905.089s][info][gc             ] GC(6807) 	9: 0
[905.089s][info][gc             ] GC(6807) 	10: 0
[905.089s][info][gc             ] GC(6807) 	11: 0
[905.089s][info][gc             ] GC(6807) 	12: 0
[905.089s][info][gc             ] GC(6807) 	13: 0
[905.089s][info][gc             ] GC(6807) 	14: 0
[905.089s][info][gc             ] GC(6807) 	15: 0
[905.089s][info][gc             ] GC(6807) 	16: 0
[905.089s][info][gc             ] GC(6807) 	17: 0
[905.089s][info][gc             ] GC(6807) 	18: 0
[905.089s][info][gc             ] GC(6807) 	19: 0
[905.089s][info][gc,ergo        ] Free: 99947K, Max: 256K regular, 88832K humongous, Frag: 11% external, 3% internal; Reserve: 13312K, Max: 256K
[905.089s][info][gc,stats       ] 
[905.089s][info][gc,stats       ] All times are wall-clock times, except per-root-class counters, that are sum over
[905.089s][info][gc,stats       ] all workers. Dividing the <total> over the root stage time estimates parallelism.
[905.089s][info][gc,stats       ] 
[905.089s][info][gc,stats       ] Concurrent Reset                    658 us
[905.089s][info][gc,stats       ] Pause Init Mark (G)                3935 us
[905.089s][info][gc,stats       ] Pause Init Mark (N)                3640 us
[905.089s][info][gc,stats       ]   Accumulate Stats                    5 us
[905.089s][info][gc,stats       ]   Make Parsable                      41 us
[905.089s][info][gc,stats       ]   Update Region States                9 us
[905.089s][info][gc,stats       ]   Scan Roots                       3034 us, parallelism: 1.71x
[905.089s][info][gc,stats       ]     S: <total>                     5192 us
[905.089s][info][gc,stats       ]     S: Thread Roots                 456 us, workers (us):   2, 100,  75,   1,   2, 275, ---, ---, ---, ---, ---, ---, ---, ---, ---, ---, ---, ---, ---, ---, ---, ---, ---, ---, 
[905.089s][info][gc,stats       ]     S: Universe Roots                23 us, workers (us):  23, ---, ---, ---, ---, ---, ---, ---, ---, ---, ---, ---, ---, ---, ---, ---, ---, ---, ---, ---, ---, ---, ---, ---, 
[905.089s][info][gc,stats       ]     S: JNI Handles Roots             21 us, workers (us): ---, ---,  21, ---, ---, ---, ---, ---, ---, ---, ---, ---, ---, ---, ---, ---, ---, ---, ---, ---, ---, ---, ---, ---, 
[905.089s][info][gc,stats       ]     S: Synchronizer Roots             1 us, workers (us): ---,   1, ---, ---, ---, ---, ---, ---, ---, ---, ---, ---, ---, ---, ---, ---, ---, ---, ---, ---, ---, ---, ---, ---, 
[905.089s][info][gc,stats       ]     S: Management Roots               3 us, workers (us): ---,   3, ---, ---, ---, ---, ---, ---, ---, ---, ---, ---, ---, ---, ---, ---, ---, ---, ---, ---, ---, ---, ---, ---, 
[905.089s][info][gc,stats       ]     S: System Dict Roots             58 us, workers (us): ---,  58, ---, ---, ---, ---, ---, ---, ---, ---, ---, ---, ---, ---, ---, ---, ---, ---, ---, ---, ---, ---, ---, ---, 
[905.089s][info][gc,stats       ]     S: CLDG Roots                  4631 us, workers (us): 1539, ---, ---, 249, 2843, ---, ---, ---, ---, ---, ---, ---, ---, ---, ---, ---, ---, ---, ---, ---, ---, ---, ---, ---, 
[905.089s][info][gc,stats       ]     S: JVMTI Roots                    1 us, workers (us): ---, ---,   1, ---, ---, ---, ---, ---, ---, ---, ---, ---, ---, ---, ---, ---, ---, ---, ---, ---, ---, ---, ---, ---, 
[905.089s][info][gc,stats       ]   Resize TLABs                        7 us
[905.089s][info][gc,stats       ] Concurrent Marking                64572 us
[905.089s][info][gc,stats       ] Concurrent Precleaning             2549 us
[905.089s][info][gc,stats       ] Pause Final Mark (G)               5190 us
[905.089s][info][gc,stats       ] Pause Final Mark (N)               3787 us
[905.089s][info][gc,stats       ]   Finish Queues                     160 us
[905.089s][info][gc,stats       ]   Weak References                    32 us
[905.089s][info][gc,stats       ]     Process                          24 us
[905.089s][info][gc,stats       ]   System Purge                      204 us
[905.089s][info][gc,stats       ]     Weak Roots                      203 us
[905.089s][info][gc,stats       ]   Update Region States               31 us
[905.089s][info][gc,stats       ]   Retire TLABs                       47 us
[905.089s][info][gc,stats       ]   Choose Collection Set             411 us
[905.089s][info][gc,stats       ]   Rebuild Free Set                   29 us
[905.089s][info][gc,stats       ]   Initial Evacuation               2857 us, parallelism: 1.74x
[905.089s][info][gc,stats       ]     E: <total>                     4958 us
[905.089s][info][gc,stats       ]     E: Thread Roots                 145 us, workers (us):   2,   1,   1,  93,   1,  47, ---, ---, ---, ---, ---, ---, ---, ---, ---, ---, ---, ---, ---, ---, ---, ---, ---, ---, 
[905.089s][info][gc,stats       ]     E: Code Cache Roots            3986 us, workers (us): 705, 1028, 827, 380, 321, 725, ---, ---, ---, ---, ---, ---, ---, ---, ---, ---, ---, ---, ---, ---, ---, ---, ---, ---, 
[905.089s][info][gc,stats       ]     E: Universe Roots                 3 us, workers (us):   3, ---, ---, ---, ---, ---, ---, ---, ---, ---, ---, ---, ---, ---, ---, ---, ---, ---, ---, ---, ---, ---, ---, ---, 
[905.089s][info][gc,stats       ]     E: JNI Handles Roots              2 us, workers (us):   2, ---, ---, ---, ---, ---, ---, ---, ---, ---, ---, ---, ---, ---, ---, ---, ---, ---, ---, ---, ---, ---, ---, ---, 
[905.089s][info][gc,stats       ]     E: Synchronizer Roots             0 us, workers (us):   0, ---, ---, ---, ---, ---, ---, ---, ---, ---, ---, ---, ---, ---, ---, ---, ---, ---, ---, ---, ---, ---, ---, ---, 
[905.089s][info][gc,stats       ]     E: Management Roots               2 us, workers (us):   2, ---, ---, ---, ---, ---, ---, ---, ---, ---, ---, ---, ---, ---, ---, ---, ---, ---, ---, ---, ---, ---, ---, ---, 
[905.089s][info][gc,stats       ]     E: System Dict Roots             14 us, workers (us): ---,  14, ---, ---, ---, ---, ---, ---, ---, ---, ---, ---, ---, ---, ---, ---, ---, ---, ---, ---, ---, ---, ---, ---, 
[905.089s][info][gc,stats       ]     E: CLDG Roots                   805 us, workers (us):  59, ---, ---, 295, 451, ---, ---, ---, ---, ---, ---, ---, ---, ---, ---, ---, ---, ---, ---, ---, ---, ---, ---, ---, 
[905.089s][info][gc,stats       ]     E: JVMTI Roots                    1 us, workers (us): ---, ---,   1, ---, ---, ---, ---, ---, ---, ---, ---, ---, ---, ---, ---, ---, ---, ---, ---, ---, ---, ---, ---, ---, 
[905.089s][info][gc,stats       ] Concurrent Cleanup                14106 us
[905.089s][info][gc,stats       ] Concurrent Evacuation              3940 us
[905.089s][info][gc,stats       ] Pause Init  Update Refs (G)         409 us
[905.089s][info][gc,stats       ] Pause Init  Update Refs (N)         158 us
[905.089s][info][gc,stats       ]   Retire GCLABs                     141 us
[905.089s][info][gc,stats       ] Concurrent Update Refs            16984 us
[905.089s][info][gc,stats       ] Pause Final Update Refs (G)        1651 us
[905.089s][info][gc,stats       ] Pause Final Update Refs (N)         243 us
[905.089s][info][gc,stats       ]   Update Roots                      162 us, parallelism: 1.26x
[905.089s][info][gc,stats       ]     UR: <total>                     204 us
[905.089s][info][gc,stats       ]     UR: Thread Roots                204 us, workers (us):  78,  40,  30,   7,   7,  42, ---, ---, ---, ---, ---, ---, ---, ---, ---, ---, ---, ---, ---, ---, ---, ---, ---, ---, 
[905.089s][info][gc,stats       ]   Update Region States               26 us
[905.089s][info][gc,stats       ]   Trash Collection Set                9 us
[905.089s][info][gc,stats       ]   Rebuild Free Set                   26 us
[905.089s][info][gc,stats       ] Concurrent Cleanup                  817 us
[905.089s][info][gc,stats       ] Pacing                            78607 us
[905.089s][info][gc,stats       ] 
[905.089s][info][gc,stats       ] Allocation pacing accrued:
[905.089s][info][gc,stats       ]      79 of   117 ms ( 67.0%): pl.nadoba.jvm.gc.benchmark.App.main()
[905.089s][info][gc,stats       ]      79 of   117 ms ( 67.0%): <total>
[905.089s][info][gc,stats       ]       8 of   117 ms (  6.7%): <average total>
[905.089s][info][gc,stats       ]      79 of   117 ms ( 67.0%): <average non-zero>
[905.089s][info][gc,stats       ] 
[905.089s][info][gc,metaspace   ] Metaspace: 24281K->24281K(1071104K)
[905.089s][info][gc,ergo        ] Pacer for Idle. Initial: 5242K, Alloc Tax Rate: 1.0x
[905.090s][info][gc             ] Trigger: Start next cycle immediately
[905.090s][info][gc,ergo        ] Free: 99947K, Max: 256K regular, 88832K humongous, Frag: 11% external, 3% internal; Reserve: 13312K, Max: 256K
[905.091s][info][gc,start       ] GC(6808) Concurrent reset
[905.091s][info][gc,task        ] GC(6808) Using 6 of 24 workers for concurrent reset
[905.091s][info][gc,ergo        ] GC(6808) Pacer for Reset. Non-Taxable: 256M
[905.091s][info][gc             ] GC(6808) Concurrent reset 0.729ms
[905.091s][info][gc,start       ] GC(6808) Pause Init Mark (process weakrefs)
[905.091s][info][gc,task        ] GC(6808) Using 6 of 24 workers for init marking
[905.094s][info][gc,ergo        ] GC(6808) Pacer for Mark. Expected Live: 11073K, Free: 99947K, Non-Taxable: 9994K, Alloc Tax Rate: 0.1x
[905.094s][info][gc             ] GC(6808) Pause Init Mark (process weakrefs) 2.877ms
[905.094s][info][gc,start       ] GC(6808) Concurrent marking (process weakrefs)
[905.094s][info][gc,task        ] GC(6808) Using 6 of 24 workers for concurrent marking
[905.152s][info][gc             ] GC(6808) Concurrent marking (process weakrefs) 57.939ms
[905.152s][info][gc,start       ] GC(6808) Concurrent precleaning
[905.152s][info][gc,task        ] GC(6808) Using 1 of 24 workers for concurrent preclean
[905.152s][info][gc,ergo        ] GC(6808) Pacer for Precleaning. Non-Taxable: 256M
[905.154s][info][gc             ] GC(6808) Concurrent precleaning 1.781ms
[905.155s][info][gc,start       ] GC(6808) Pause Final Mark (process weakrefs)
[905.155s][info][gc,task        ] GC(6808) Using 6 of 24 workers for final marking
[905.156s][info][gc,ergo        ] GC(6808) Collectable Garbage: 130M (100%), Immediate: 129M (99%), CSet: 1260K (0%)
[905.160s][info][gc,ergo        ] GC(6808) Pacer for Evacuation. Used CSet: 5120K, Free: 187M, Non-Taxable: 19185K, Alloc Tax Rate: 1.1x
[905.160s][info][gc             ] GC(6808) Pause Final Mark (process weakrefs) 4.628ms
[905.160s][info][gc,start       ] GC(6808) Concurrent cleanup
[905.179s][info][gc             ] GC(6808) Concurrent cleanup 183M->72M(256M) 18.690ms
[905.179s][info][gc,ergo        ] GC(6808) Free: 168M, Max: 256K regular, 62208K humongous, Frag: 64% external, 1% internal; Reserve: 12670K, Max: 256K
[905.179s][info][gc,start       ] GC(6808) Concurrent evacuation
[905.179s][info][gc,task        ] GC(6808) Using 6 of 24 workers for concurrent evacuation
[905.183s][info][gc             ] GC(6808) Concurrent evacuation 4.348ms
[905.183s][info][gc,start       ] GC(6808) Pause Init Update Refs
[905.183s][info][gc,ergo        ] GC(6808) Pacer for Update Refs. Used: 78449K, Free: 168M, Non-Taxable: 17239K, Alloc Tax Rate: 1.1x
[905.183s][info][gc             ] GC(6808) Pause Init Update Refs 0.187ms
[905.184s][info][gc,start       ] GC(6808) Concurrent update references
[905.184s][info][gc,task        ] GC(6808) Using 6 of 24 workers for concurrent reference update
[905.200s][info][gc             ] GC(6808) Concurrent update references 16.481ms
[905.200s][info][gc,start       ] GC(6808) Pause Final Update Refs
[905.201s][info][gc,task        ] GC(6808) Using 6 of 24 workers for final reference update
[905.201s][info][gc             ] GC(6808) Pause Final Update Refs 0.347ms
[905.201s][info][gc,start       ] GC(6808) Concurrent cleanup
[905.202s][info][gc             ] GC(6808) Concurrent cleanup 133M->133M(256M) 0.918ms
[905.202s][info][gc             ] GC(6808) Dat log --- cycle is complete
Current gc epoch: 5521
heap: ______
capacity: 268435456
used: 140101144
committed: 268435456
bytes_allocated_since_gc_start: 136577552
hot_size: 0
cold_size: 3323797
num_regions: 1024
hot_region_count: 18446744073709405640
cold_region_count: 145994
histogram: Placeholder

[905.202s][info][gc             ] GC(6808) Obj count ac histogram
[905.202s][info][gc             ] GC(6808) 	0: 198154
[905.202s][info][gc             ] GC(6808) 	1: 15
[905.202s][info][gc             ] GC(6808) 	2: 4600
[905.202s][info][gc             ] GC(6808) 	3: 4353
[905.202s][info][gc             ] GC(6808) 	4: 781
[905.202s][info][gc             ] GC(6808) 	5: 15
[905.202s][info][gc             ] GC(6808) 	6: 0
[905.202s][info][gc             ] GC(6808) 	7: 0
[905.202s][info][gc             ] GC(6808) 	8: 0
[905.202s][info][gc             ] GC(6808) 	9: 0
[905.202s][info][gc             ] GC(6808) 	10: 0
[905.202s][info][gc             ] GC(6808) 	11: 0
[905.202s][info][gc             ] GC(6808) 	12: 0
[905.202s][info][gc             ] GC(6808) 	13: 0
[905.202s][info][gc             ] GC(6808) 	14: 0
[905.202s][info][gc             ] GC(6808) 	15: 0
[905.202s][info][gc             ] GC(6808) 	16: 0
[905.202s][info][gc             ] GC(6808) 	17: 0
[905.202s][info][gc             ] GC(6808) 	18: 0
[905.202s][info][gc             ] GC(6808) 	19: 0
[905.202s][info][gc             ] GC(6808) Obj size ac histogram
[905.202s][info][gc             ] GC(6808) 	0: 2484408
[905.202s][info][gc             ] GC(6808) 	1: 720
[905.202s][info][gc             ] GC(6808) 	2: 66271
[905.202s][info][gc             ] GC(6808) 	3: 41729
[905.202s][info][gc             ] GC(6808) 	4: 4769
[905.202s][info][gc             ] GC(6808) 	5: 150
[905.202s][info][gc             ] GC(6808) 	6: 0
[905.202s][info][gc             ] GC(6808) 	7: 0
[905.202s][info][gc             ] GC(6808) 	8: 0
[905.202s][info][gc             ] GC(6808) 	9: 0
[905.202s][info][gc             ] GC(6808) 	10: 0
[905.202s][info][gc             ] GC(6808) 	11: 0
[905.202s][info][gc             ] GC(6808) 	12: 0
[905.202s][info][gc             ] GC(6808) 	13: 0
[905.202s][info][gc             ] GC(6808) 	14: 0
[905.202s][info][gc             ] GC(6808) 	15: 0
[905.202s][info][gc             ] GC(6808) 	16: 0
[905.202s][info][gc             ] GC(6808) 	17: 0
[905.202s][info][gc             ] GC(6808) 	18: 0
[905.202s][info][gc             ] GC(6808) 	19: 0
[905.202s][info][gc,ergo        ] Free: 103M, Max: 256K regular, 51200K humongous, Frag: 52% external, 4% internal; Reserve: 13312K, Max: 256K
[905.202s][info][gc,stats       ] 
[905.202s][info][gc,stats       ] All times are wall-clock times, except per-root-class counters, that are sum over
[905.202s][info][gc,stats       ] all workers. Dividing the <total> over the root stage time estimates parallelism.
[905.202s][info][gc,stats       ] 
[905.202s][info][gc,stats       ] Concurrent Reset                    713 us
[905.202s][info][gc,stats       ] Pause Init Mark (G)                3141 us
[905.202s][info][gc,stats       ] Pause Init Mark (N)                2830 us
[905.202s][info][gc,stats       ]   Accumulate Stats                    6 us
[905.202s][info][gc,stats       ]   Make Parsable                      50 us
[905.202s][info][gc,stats       ]   Update Region States               11 us
[905.202s][info][gc,stats       ]   Scan Roots                       1990 us, parallelism: 2.17x
[905.202s][info][gc,stats       ]     S: <total>                     4311 us
[905.202s][info][gc,stats       ]     S: Thread Roots                 449 us, workers (us): 225,   1, 126,  94,   2,   1, ---, ---, ---, ---, ---, ---, ---, ---, ---, ---, ---, ---, ---, ---, ---, ---, ---, ---, 
[905.202s][info][gc,stats       ]     S: Universe Roots                40 us, workers (us):  40, ---, ---, ---, ---, ---, ---, ---, ---, ---, ---, ---, ---, ---, ---, ---, ---, ---, ---, ---, ---, ---, ---, ---, 
[905.202s][info][gc,stats       ]     S: JNI Handles Roots             43 us, workers (us): ---, ---, ---,  43, ---, ---, ---, ---, ---, ---, ---, ---, ---, ---, ---, ---, ---, ---, ---, ---, ---, ---, ---, ---, 
[905.202s][info][gc,stats       ]     S: Synchronizer Roots             0 us, workers (us): ---,   0, ---, ---, ---, ---, ---, ---, ---, ---, ---, ---, ---, ---, ---, ---, ---, ---, ---, ---, ---, ---, ---, ---, 
[905.202s][info][gc,stats       ]     S: Management Roots               1 us, workers (us): ---,   1, ---, ---, ---, ---, ---, ---, ---, ---, ---, ---, ---, ---, ---, ---, ---, ---, ---, ---, ---, ---, ---, ---, 
[905.202s][info][gc,stats       ]     S: System Dict Roots             65 us, workers (us): ---, ---,  65, ---, ---, ---, ---, ---, ---, ---, ---, ---, ---, ---, ---, ---, ---, ---, ---, ---, ---, ---, ---, ---, 
[905.202s][info][gc,stats       ]     S: CLDG Roots                  3712 us, workers (us): ---, 240, ---, ---, 1791, 1681, ---, ---, ---, ---, ---, ---, ---, ---, ---, ---, ---, ---, ---, ---, ---, ---, ---, ---, 
[905.202s][info][gc,stats       ]     S: JVMTI Roots                    1 us, workers (us): ---, ---, ---, ---,   1, ---, ---, ---, ---, ---, ---, ---, ---, ---, ---, ---, ---, ---, ---, ---, ---, ---, ---, ---, 
[905.202s][info][gc,stats       ]   Resize TLABs                        7 us
[905.202s][info][gc,stats       ] Concurrent Marking                57887 us
[905.202s][info][gc,stats       ] Concurrent Precleaning             1757 us
[905.202s][info][gc,stats       ] Pause Final Mark (G)               5753 us
[905.202s][info][gc,stats       ] Pause Final Mark (N)               4584 us
[905.203s][info][gc,stats       ]   Finish Queues                     197 us
[905.203s][info][gc,stats       ]   Weak References                    41 us
[905.203s][info][gc,stats       ]     Process                          31 us
[905.203s][info][gc,stats       ]   System Purge                      241 us
[905.203s][info][gc,stats       ]     Weak Roots                      240 us
[905.203s][info][gc,stats       ]   Update Region States               37 us
[905.203s][info][gc,stats       ]   Retire TLABs                       52 us
[905.203s][info][gc,stats       ]   Choose Collection Set             591 us
[905.203s][info][gc,stats       ]   Rebuild Free Set                   40 us
[905.203s][info][gc,stats       ]   Initial Evacuation               3361 us, parallelism: 1.42x
[905.203s][info][gc,stats       ]     E: <total>                     4759 us
[905.203s][info][gc,stats       ]     E: Thread Roots                 108 us, workers (us):  41,   2,  60,   1,   1,   3, ---, ---, ---, ---, ---, ---, ---, ---, ---, ---, ---, ---, ---, ---, ---, ---, ---, ---, 
[905.203s][info][gc,stats       ]     E: Code Cache Roots            3538 us, workers (us): 548, 1274, 231, 752, 734,   0, ---, ---, ---, ---, ---, ---, ---, ---, ---, ---, ---, ---, ---, ---, ---, ---, ---, ---, 
[905.203s][info][gc,stats       ]     E: Universe Roots                 6 us, workers (us):   6, ---, ---, ---, ---, ---, ---, ---, ---, ---, ---, ---, ---, ---, ---, ---, ---, ---, ---, ---, ---, ---, ---, ---, 
[905.203s][info][gc,stats       ]     E: JNI Handles Roots              2 us, workers (us):   2, ---, ---, ---, ---, ---, ---, ---, ---, ---, ---, ---, ---, ---, ---, ---, ---, ---, ---, ---, ---, ---, ---, ---, 
[905.203s][info][gc,stats       ]     E: Synchronizer Roots             1 us, workers (us): ---,   1, ---, ---, ---, ---, ---, ---, ---, ---, ---, ---, ---, ---, ---, ---, ---, ---, ---, ---, ---, ---, ---, ---, 
[905.203s][info][gc,stats       ]     E: Management Roots               2 us, workers (us):   2, ---, ---, ---, ---, ---, ---, ---, ---, ---, ---, ---, ---, ---, ---, ---, ---, ---, ---, ---, ---, ---, ---, ---, 
[905.203s][info][gc,stats       ]     E: System Dict Roots             13 us, workers (us): ---,  13, ---, ---, ---, ---, ---, ---, ---, ---, ---, ---, ---, ---, ---, ---, ---, ---, ---, ---, ---, ---, ---, ---, 
[905.203s][info][gc,stats       ]     E: CLDG Roots                  1089 us, workers (us):  65, ---, 383, ---, ---, 641, ---, ---, ---, ---, ---, ---, ---, ---, ---, ---, ---, ---, ---, ---, ---, ---, ---, ---, 
[905.203s][info][gc,stats       ]     E: JVMTI Roots                    1 us, workers (us):   1, ---, ---, ---, ---, ---, ---, ---, ---, ---, ---, ---, ---, ---, ---, ---, ---, ---, ---, ---, ---, ---, ---, ---, 
[905.203s][info][gc,stats       ] Concurrent Cleanup                18645 us
[905.203s][info][gc,stats       ] Concurrent Evacuation              4337 us
[905.203s][info][gc,stats       ] Pause Init  Update Refs (G)         453 us
[905.203s][info][gc,stats       ] Pause Init  Update Refs (N)         151 us
[905.203s][info][gc,stats       ]   Retire GCLABs                     127 us
[905.203s][info][gc,stats       ] Concurrent Update Refs            16462 us
[905.203s][info][gc,stats       ] Pause Final Update Refs (G)         801 us
[905.203s][info][gc,stats       ] Pause Final Update Refs (N)         285 us
[905.203s][info][gc,stats       ]   Update Roots                      178 us, parallelism: 1.17x
[905.203s][info][gc,stats       ]     UR: <total>                     209 us
[905.203s][info][gc,stats       ]     UR: Thread Roots                209 us, workers (us):  90,  37,  25,   9,  41,   6, ---, ---, ---, ---, ---, ---, ---, ---, ---, ---, ---, ---, ---, ---, ---, ---, ---, ---, 
[905.203s][info][gc,stats       ]   Update Region States               29 us
[905.203s][info][gc,stats       ]   Trash Collection Set               11 us
[905.203s][info][gc,stats       ]   Rebuild Free Set                   45 us
[905.203s][info][gc,stats       ] Concurrent Cleanup                  895 us
[905.203s][info][gc,stats       ] Pacing                            80597 us
[905.203s][info][gc,stats       ] 
[905.203s][info][gc,stats       ] Allocation pacing accrued:
[905.203s][info][gc,stats       ]      81 of   114 ms ( 70.9%): pl.nadoba.jvm.gc.benchmark.App.main()
[905.203s][info][gc,stats       ]      81 of   114 ms ( 70.9%): <total>
[905.203s][info][gc,stats       ]       8 of   114 ms (  7.1%): <average total>
[905.203s][info][gc,stats       ]      81 of   114 ms ( 70.9%): <average non-zero>
[905.203s][info][gc,stats       ] 
[905.203s][info][gc,metaspace   ] Metaspace: 24281K->24281K(1071104K)
[905.203s][info][gc,ergo        ] Pacer for Idle. Initial: 5242K, Alloc Tax Rate: 1.0x
[905.204s][info][gc             ] Trigger: Start next cycle immediately
[905.204s][info][gc,ergo        ] Free: 97679K, Max: 256K regular, 47872K humongous, Frag: 51% external, 4% internal; Reserve: 13312K, Max: 256K
[905.204s][info][gc,start       ] GC(6809) Concurrent reset
[905.204s][info][gc,task        ] GC(6809) Using 6 of 24 workers for concurrent reset
[905.204s][info][gc,ergo        ] GC(6809) Pacer for Reset. Non-Taxable: 256M
[905.205s][info][gc             ] GC(6809) Concurrent reset 0.880ms
[905.206s][info][gc,start       ] GC(6809) Pause Init Mark (process weakrefs) (unload classes)
[905.206s][info][gc,task        ] GC(6809) Using 6 of 24 workers for init marking
[905.208s][info][gc,ergo        ] GC(6809) Pacer for Mark. Expected Live: 9844K, Free: 90255K, Non-Taxable: 9025K, Alloc Tax Rate: 0.1x
[905.208s][info][gc             ] GC(6809) Pause Init Mark (process weakrefs) (unload classes) 2.457ms
[905.208s][info][gc,start       ] GC(6809) Concurrent marking (process weakrefs) (unload classes)
[905.208s][info][gc,task        ] GC(6809) Using 6 of 24 workers for concurrent marking
[905.266s][info][gc             ] GC(6809) Concurrent marking (process weakrefs) (unload classes) 57.832ms
[905.266s][info][gc,start       ] GC(6809) Concurrent precleaning
[905.266s][info][gc,task        ] GC(6809) Using 1 of 24 workers for concurrent preclean
[905.266s][info][gc,ergo        ] GC(6809) Pacer for Precleaning. Non-Taxable: 256M
[905.268s][info][gc             ] Failed to allocate Shared, 4096K
[905.268s][info][gc             ] Cancelling GC: Allocation Failure
[905.268s][info][gc             ] GC(6809) Concurrent precleaning 2.094ms
[905.269s][info][gc,start       ] GC(6809) Pause Final Mark (process weakrefs) (unload classes)
[905.269s][info][gc,task        ] GC(6809) Using 6 of 24 workers for final marking
[905.269s][info][gc             ] GC(6809) Pause Final Mark (process weakrefs) (unload classes) 0.401ms
[905.269s][info][gc,start       ] GC(6809) Concurrent cleanup
[905.269s][info][gc             ] GC(6809) Concurrent cleanup 222M->222M(256M) 0.110ms
[905.269s][info][gc,ergo        ] GC(6809) Free: 10126K, Max: 256K regular, 2816K humongous, Frag: 72% external, 25% internal; Reserve: 13312K, Max: 256K
[905.269s][info][gc             ] GC(6809) Dat log --- cycle is complete
Current gc epoch: 5522
heap: ______
capacity: 268435456
used: 233687128
committed: 268435456
bytes_allocated_since_gc_start: 89653512
hot_size: 0
cold_size: 3913789
num_regions: 1024
hot_region_count: 18446744073709405640
cold_region_count: 145994
histogram: Placeholder

[905.269s][info][gc             ] GC(6809) Obj count ac histogram
[905.269s][info][gc             ] GC(6809) 	0: 192664
[905.269s][info][gc             ] GC(6809) 	1: 15
[905.269s][info][gc             ] GC(6809) 	2: 4561
[905.269s][info][gc             ] GC(6809) 	3: 3783
[905.269s][info][gc             ] GC(6809) 	4: 773
[905.269s][info][gc             ] GC(6809) 	5: 15
[905.269s][info][gc             ] GC(6809) 	6: 0
[905.269s][info][gc             ] GC(6809) 	7: 0
[905.269s][info][gc             ] GC(6809) 	8: 0
[905.269s][info][gc             ] GC(6809) 	9: 0
[905.269s][info][gc             ] GC(6809) 	10: 0
[905.269s][info][gc             ] GC(6809) 	11: 0
[905.269s][info][gc             ] GC(6809) 	12: 0
[905.269s][info][gc             ] GC(6809) 	13: 0
[905.269s][info][gc             ] GC(6809) 	14: 0
[905.269s][info][gc             ] GC(6809) 	15: 0
[905.269s][info][gc             ] GC(6809) 	16: 0
[905.269s][info][gc             ] GC(6809) 	17: 0
[905.269s][info][gc             ] GC(6809) 	18: 0
[905.269s][info][gc             ] GC(6809) 	19: 0
[905.269s][info][gc             ] GC(6809) Obj size ac histogram
[905.269s][info][gc             ] GC(6809) 	0: 3103819
[905.269s][info][gc             ] GC(6809) 	1: 720
[905.269s][info][gc             ] GC(6809) 	2: 60406
[905.270s][info][gc             ] GC(6809) 	3: 36542
[905.270s][info][gc             ] GC(6809) 	4: 4704
[905.270s][info][gc             ] GC(6809) 	5: 150
[905.270s][info][gc             ] GC(6809) 	6: 0
[905.270s][info][gc             ] GC(6809) 	7: 0
[905.270s][info][gc             ] GC(6809) 	8: 0
[905.270s][info][gc             ] GC(6809) 	9: 0
[905.270s][info][gc             ] GC(6809) 	10: 0
[905.270s][info][gc             ] GC(6809) 	11: 0
[905.270s][info][gc             ] GC(6809) 	12: 0
[905.270s][info][gc             ] GC(6809) 	13: 0
[905.270s][info][gc             ] GC(6809) 	14: 0
[905.270s][info][gc             ] GC(6809) 	15: 0
[905.270s][info][gc             ] GC(6809) 	16: 0
[905.270s][info][gc             ] GC(6809) 	17: 0
[905.270s][info][gc             ] GC(6809) 	18: 0
[905.270s][info][gc             ] GC(6809) 	19: 0
[905.270s][info][gc,ergo        ] Free: 10126K, Max: 256K regular, 2816K humongous, Frag: 72% external, 25% internal; Reserve: 13312K, Max: 256K
[905.270s][info][gc,stats       ] 
[905.270s][info][gc,stats       ] All times are wall-clock times, except per-root-class counters, that are sum over
[905.270s][info][gc,stats       ] all workers. Dividing the <total> over the root stage time estimates parallelism.
[905.270s][info][gc,stats       ] 
[905.270s][info][gc,stats       ] Concurrent Reset                    863 us
[905.270s][info][gc,stats       ] Pause Init Mark (G)                3399 us
[905.270s][info][gc,stats       ] Pause Init Mark (N)                2412 us
[905.270s][info][gc,stats       ]   Accumulate Stats                    7 us
[905.270s][info][gc,stats       ]   Make Parsable                      56 us
[905.270s][info][gc,stats       ]   Update Region States               16 us
[905.270s][info][gc,stats       ]   Scan Roots                       1430 us, parallelism: 1.22x
[905.270s][info][gc,stats       ]     S: <total>                     1746 us
[905.270s][info][gc,stats       ]     S: Thread Roots                 411 us, workers (us): 213,  38,  74,   2,  37,  47, ---, ---, ---, ---, ---, ---, ---, ---, ---, ---, ---, ---, ---, ---, ---, ---, ---, ---, 
[905.270s][info][gc,stats       ]     S: Universe Roots                33 us, workers (us):  33, ---, ---, ---, ---, ---, ---, ---, ---, ---, ---, ---, ---, ---, ---, ---, ---, ---, ---, ---, ---, ---, ---, ---, 
[905.270s][info][gc,stats       ]     S: JNI Handles Roots             21 us, workers (us):  21, ---, ---, ---, ---, ---, ---, ---, ---, ---, ---, ---, ---, ---, ---, ---, ---, ---, ---, ---, ---, ---, ---, ---, 
[905.270s][info][gc,stats       ]     S: Synchronizer Roots             0 us, workers (us):   0, ---, ---, ---, ---, ---, ---, ---, ---, ---, ---, ---, ---, ---, ---, ---, ---, ---, ---, ---, ---, ---, ---, ---, 
[905.270s][info][gc,stats       ]     S: Management Roots               3 us, workers (us):   3, ---, ---, ---, ---, ---, ---, ---, ---, ---, ---, ---, ---, ---, ---, ---, ---, ---, ---, ---, ---, ---, ---, ---, 
[905.270s][info][gc,stats       ]     S: System Dict Roots             25 us, workers (us): ---,  25, ---, ---, ---, ---, ---, ---, ---, ---, ---, ---, ---, ---, ---, ---, ---, ---, ---, ---, ---, ---, ---, ---, 
[905.270s][info][gc,stats       ]     S: CLDG Roots                  1252 us, workers (us): ---,  13,  16, 1224, ---, ---, ---, ---, ---, ---, ---, ---, ---, ---, ---, ---, ---, ---, ---, ---, ---, ---, ---, ---, 
[905.270s][info][gc,stats       ]     S: JVMTI Roots                    1 us, workers (us):   1, ---, ---, ---, ---, ---, ---, ---, ---, ---, ---, ---, ---, ---, ---, ---, ---, ---, ---, ---, ---, ---, ---, ---, 
[905.270s][info][gc,stats       ]   Resize TLABs                        7 us
[905.270s][info][gc,stats       ] Concurrent Marking                57779 us
[905.270s][info][gc,stats       ] Concurrent Precleaning             2070 us
[905.270s][info][gc,stats       ] Pause Final Mark (G)                664 us
[905.270s][info][gc,stats       ] Pause Final Mark (N)                374 us
[905.270s][info][gc,stats       ] Concurrent Cleanup                   83 us
[905.270s][info][gc,stats       ] Pacing                            43656 us
[905.270s][info][gc,stats       ] 
[905.270s][info][gc,stats       ] Allocation pacing accrued:
[905.270s][info][gc,stats       ]      44 of    67 ms ( 64.9%): pl.nadoba.jvm.gc.benchmark.App.main()
[905.270s][info][gc,stats       ]      44 of    67 ms ( 64.9%): <total>
[905.270s][info][gc,stats       ]       4 of    67 ms (  6.5%): <average total>
[905.270s][info][gc,stats       ]      44 of    67 ms ( 64.9%): <average non-zero>
[905.270s][info][gc,stats       ] 
[905.270s][info][gc,metaspace   ] Metaspace: 24281K->24281K(1071104K)
[905.270s][info][gc,ergo        ] Pacer for Idle. Initial: 5242K, Alloc Tax Rate: 1.0x
[905.271s][info][gc             ] Trigger: Handle Allocation Failure
[905.271s][info][gc,ergo        ] Free: 10126K, Max: 256K regular, 2816K humongous, Frag: 72% external, 25% internal; Reserve: 13312K, Max: 256K
[905.272s][info][gc,start       ] GC(6810) Pause Degenerated GC (Outside of Cycle)
[905.272s][info][gc,task        ] GC(6810) Using 6 of 24 workers for stw degenerated gc
[905.272s][info][gc,ergo        ] GC(6810) Pacer for Reset. Non-Taxable: 256M
[905.274s][info][gc,ergo        ] GC(6810) Pacer for Mark. Expected Live: 11278K, Free: 10126K, Non-Taxable: 1012K, Alloc Tax Rate: 1.4x
[905.401s][info][gc,stringtable ] GC(6810) Cleaned string and symbol table, strings: 8172 processed, 0 removed, symbols: 68000 processed, 0 removed
[905.402s][info][gc,ergo        ] GC(6810) Collectable Garbage: 214M (100%), Immediate: 213M (99%), CSet: 969K (0%)
[905.402s][info][gc,ergo        ] GC(6810) Pacer for Evacuation. Used CSet: 4828K, Free: 233M, Non-Taxable: 23921K, Alloc Tax Rate: 1.1x
[905.431s][info][gc,ergo        ] GC(6810) Pacer for Update Refs. Used: 14448K, Free: 233M, Non-Taxable: 23921K, Alloc Tax Rate: 1.1x
[905.449s][info][gc,ergo        ] GC(6810) Good progress for free space: 233M, need 2621K
[905.449s][info][gc,ergo        ] GC(6810) Good progress for used space: 213M, need 256K
[905.449s][info][gc             ] GC(6810) Pause Degenerated GC (Outside of Cycle) 222M->9M(256M) 177.615ms
[905.449s][info][gc,ergo        ] Free: 233M, Max: 256K regular, 228M humongous, Frag: 2% external, 1% internal; Reserve: 13312K, Max: 256K
[905.449s][info][gc,stats       ] 
[905.449s][info][gc,stats       ] All times are wall-clock times, except per-root-class counters, that are sum over
[905.449s][info][gc,stats       ] all workers. Dividing the <total> over the root stage time estimates parallelism.
[905.449s][info][gc,stats       ] 
[905.449s][info][gc,stats       ]   Accumulate Stats                    6 us
[905.449s][info][gc,stats       ]   Make Parsable                      50 us
[905.449s][info][gc,stats       ]   Update Region States               15 us
[905.449s][info][gc,stats       ]   Scan Roots                       1322 us, parallelism: 1.20x
[905.449s][info][gc,stats       ]     S: <total>                     1591 us
[905.449s][info][gc,stats       ]     S: Thread Roots                 370 us, workers (us):  50, 156,  87,   2,  42,  33, ---, ---, ---, ---, ---, ---, ---, ---, ---, ---, ---, ---, ---, ---, ---, ---, ---, ---, 
[905.449s][info][gc,stats       ]     S: Universe Roots                31 us, workers (us):  31, ---, ---, ---, ---, ---, ---, ---, ---, ---, ---, ---, ---, ---, ---, ---, ---, ---, ---, ---, ---, ---, ---, ---, 
[905.449s][info][gc,stats       ]     S: JNI Handles Roots             23 us, workers (us): ---, ---,  23, ---, ---, ---, ---, ---, ---, ---, ---, ---, ---, ---, ---, ---, ---, ---, ---, ---, ---, ---, ---, ---, 
[905.449s][info][gc,stats       ]     S: Synchronizer Roots             0 us, workers (us):   0, ---, ---, ---, ---, ---, ---, ---, ---, ---, ---, ---, ---, ---, ---, ---, ---, ---, ---, ---, ---, ---, ---, ---, 
[905.449s][info][gc,stats       ]     S: Management Roots               2 us, workers (us):   2, ---, ---, ---, ---, ---, ---, ---, ---, ---, ---, ---, ---, ---, ---, ---, ---, ---, ---, ---, ---, ---, ---, ---, 
[905.449s][info][gc,stats       ]     S: System Dict Roots             32 us, workers (us):  32, ---, ---, ---, ---, ---, ---, ---, ---, ---, ---, ---, ---, ---, ---, ---, ---, ---, ---, ---, ---, ---, ---, ---, 
[905.449s][info][gc,stats       ]     S: CLDG Roots                  1132 us, workers (us): ---, ---, ---, 1109,  12,  11, ---, ---, ---, ---, ---, ---, ---, ---, ---, ---, ---, ---, ---, ---, ---, ---, ---, ---, 
[905.449s][info][gc,stats       ]     S: JVMTI Roots                    1 us, workers (us): ---,   1, ---, ---, ---, ---, ---, ---, ---, ---, ---, ---, ---, ---, ---, ---, ---, ---, ---, ---, ---, ---, ---, ---, 
[905.449s][info][gc,stats       ]   Resize TLABs                        7 us
[905.449s][info][gc,stats       ]   Finish Queues                   66704 us
[905.449s][info][gc,stats       ]   Weak References                  3363 us
[905.449s][info][gc,stats       ]     Process                        3351 us
[905.449s][info][gc,stats       ]   System Purge                      217 us
[905.449s][info][gc,stats       ]     Unload Classes                  115 us
[905.449s][info][gc,stats       ]     Cleanup                       56419 us, parallelism: 1.72x
[905.449s][info][gc,stats       ]       CU: <total>                 97086 us
[905.449s][info][gc,stats       ]       CU: Code Cache Roots        76823 us, workers (us): 12853, 12961, 12671, 12681, 12663, 12994, ---, ---, ---, ---, ---, ---, ---, ---, ---, ---, ---, ---, ---, ---, ---, ---, ---, ---, 
[905.449s][info][gc,stats       ]       CU: Code Cache Cleaning      4773 us, workers (us): 790, 776, 792, 791, 790, 834, ---, ---, ---, ---, ---, ---, ---, ---, ---, ---, ---, ---, ---, ---, ---, ---, ---, ---, 
[905.449s][info][gc,stats       ]       CU: String Table Roots       3595 us, workers (us): 578, 446, 734, 716, 734, 387, ---, ---, ---, ---, ---, ---, ---, ---, ---, ---, ---, ---, ---, ---, ---, ---, ---, ---, 
[905.449s][info][gc,stats       ]       CU: Resolved Table Roots       19 us, workers (us):   0,  18,   0,   0,   0,   0, ---, ---, ---, ---, ---, ---, ---, ---, ---, ---, ---, ---, ---, ---, ---, ---, ---, ---, 
[905.449s][info][gc,stats       ]       CU: CLDG Roots              11876 us, workers (us): 1958, 1959, 2001, 2010, 1992, 1957, ---, ---, ---, ---, ---, ---, ---, ---, ---, ---, ---, ---, ---, ---, ---, ---, ---, ---, 
[905.449s][info][gc,stats       ]     Weak Roots                      216 us
[905.449s][info][gc,stats       ]     CLDG                              1 us
[905.449s][info][gc,stats       ]   Update Region States               20 us
[905.449s][info][gc,stats       ]   Retire TLABs                        9 us
[905.449s][info][gc,stats       ]   Choose Collection Set             540 us
[905.449s][info][gc,stats       ]   Rebuild Free Set                   17 us
[905.449s][info][gc,stats       ]   Initial Evacuation                 18 us
[905.449s][info][gc,stats       ]   Retire GCLABs                     230 us
[905.449s][info][gc,stats       ]   Finish Work                     15459 us
[905.449s][info][gc,stats       ]   Update Region States               24 us
[905.449s][info][gc,stats       ]   Trash Collection Set                6 us
[905.449s][info][gc,stats       ]   Rebuild Free Set                   19 us
[905.449s][info][gc,stats       ] Pause Degenerated GC (G)         177828 us
[905.449s][info][gc,stats       ] Pause Degenerated GC (N)         177589 us
[905.449s][info][gc,stats       ]   Degen Update Roots               1391 us, parallelism: 3.62x
[905.449s][info][gc,stats       ]     DU: <total>                    5042 us
[905.449s][info][gc,stats       ]     DU: Thread Roots                150 us, workers (us):   1,  87,   1,   1,   2,  58, ---, ---, ---, ---, ---, ---, ---, ---, ---, ---, ---, ---, ---, ---, ---, ---, ---, ---, 
[905.449s][info][gc,stats       ]     DU: Code Cache Roots           4269 us, workers (us): 460, 665, 640, 988, 818, 698, ---, ---, ---, ---, ---, ---, ---, ---, ---, ---, ---, ---, ---, ---, ---, ---, ---, ---, 
[905.450s][info][gc,stats       ]     DU: Universe Roots                9 us, workers (us):   9, ---, ---, ---, ---, ---, ---, ---, ---, ---, ---, ---, ---, ---, ---, ---, ---, ---, ---, ---, ---, ---, ---, ---, 
[905.450s][info][gc,stats       ]     DU: JNI Handles Roots            15 us, workers (us):  15, ---, ---, ---, ---, ---, ---, ---, ---, ---, ---, ---, ---, ---, ---, ---, ---, ---, ---, ---, ---, ---, ---, ---, 
[905.450s][info][gc,stats       ]     DU: Synchronizer Roots            1 us, workers (us): ---,   1, ---, ---, ---, ---, ---, ---, ---, ---, ---, ---, ---, ---, ---, ---, ---, ---, ---, ---, ---, ---, ---, ---, 
[905.450s][info][gc,stats       ]     DU: Management Roots              3 us, workers (us): ---,   3, ---, ---, ---, ---, ---, ---, ---, ---, ---, ---, ---, ---, ---, ---, ---, ---, ---, ---, ---, ---, ---, ---, 
[905.450s][info][gc,stats       ]     DU: System Dict Roots            17 us, workers (us): ---,  17, ---, ---, ---, ---, ---, ---, ---, ---, ---, ---, ---, ---, ---, ---, ---, ---, ---, ---, ---, ---, ---, ---, 
[905.450s][info][gc,stats       ]     DU: CLDG Roots                  578 us, workers (us): 305, ---, 216,  56, ---, ---, ---, ---, ---, ---, ---, ---, ---, ---, ---, ---, ---, ---, ---, ---, ---, ---, ---, ---, 
[905.450s][info][gc,stats       ]     DU: JVMTI Roots                   1 us, workers (us):   1, ---, ---, ---, ---, ---, ---, ---, ---, ---, ---, ---, ---, ---, ---, ---, ---, ---, ---, ---, ---, ---, ---, ---, 
[905.450s][info][gc,stats       ] 
[905.450s][info][gc,stats       ] Allocation pacing accrued:
[905.450s][info][gc,stats       ]       0 of   179 ms (  0.0%): <total>
[905.450s][info][gc,stats       ]       0 of   179 ms (  0.0%): <average total>
[905.450s][info][gc,stats       ] 
[905.450s][info][gc,metaspace   ] Metaspace: 24281K->24281K(1071104K)
[905.450s][info][gc,ergo        ] Pacer for Idle. Initial: 5242K, Alloc Tax Rate: 1.0x
[905.451s][info][gc             ] Trigger: Start next cycle immediately
[905.451s][info][gc,ergo        ] Free: 224M, Max: 256K regular, 220M humongous, Frag: 2% external, 1% internal; Reserve: 13312K, Max: 256K
[905.451s][info][gc,start       ] GC(6811) Concurrent reset
[905.451s][info][gc,task        ] GC(6811) Using 6 of 24 workers for concurrent reset
[905.451s][info][gc,ergo        ] GC(6811) Pacer for Reset. Non-Taxable: 256M
[905.451s][info][gc             ] GC(6811) Concurrent reset 0.370ms
[905.451s][info][gc,start       ] GC(6811) Pause Init Mark (process weakrefs) (unload classes)
[905.452s][info][gc,task        ] GC(6811) Using 6 of 24 workers for init marking
[905.453s][info][gc,ergo        ] GC(6811) Pacer for Mark. Expected Live: 10049K, Free: 224M, Non-Taxable: 23025K, Alloc Tax Rate: 0.1x
[905.453s][info][gc             ] GC(6811) Pause Init Mark (process weakrefs) (unload classes) 1.440ms
[905.453s][info][gc,start       ] GC(6811) Concurrent marking (process weakrefs) (unload classes)
[905.453s][info][gc,task        ] GC(6811) Using 6 of 24 workers for concurrent marking
[905.515s][info][gc             ] GC(6811) Concurrent marking (process weakrefs) (unload classes) 62.279ms
[905.515s][info][gc,start       ] GC(6811) Concurrent precleaning
[905.515s][info][gc,task        ] GC(6811) Using 1 of 24 workers for concurrent preclean
[905.515s][info][gc,ergo        ] GC(6811) Pacer for Precleaning. Non-Taxable: 256M
[905.518s][info][gc             ] GC(6811) Concurrent precleaning 2.889ms
[905.520s][info][gc,start       ] GC(6811) Pause Final Mark (process weakrefs) (unload classes)
[905.520s][info][gc,task        ] GC(6811) Using 6 of 24 workers for final marking
[905.573s][info][gc,stringtable ] GC(6811) Cleaned string and symbol table, strings: 8172 processed, 0 removed, symbols: 68000 processed, 0 removed
[905.574s][info][gc,ergo        ] GC(6811) Collectable Garbage: 5356K (100%), Immediate: 4096K (76%), CSet: 1260K (23%)
[905.575s][info][gc,ergo        ] GC(6811) Pacer for Evacuation. Used CSet: 5120K, Free: 121M, Non-Taxable: 12452K, Alloc Tax Rate: 1.1x
[905.575s][info][gc             ] GC(6811) Pause Final Mark (process weakrefs) (unload classes) 55.755ms
[905.575s][info][gc,start       ] GC(6811) Concurrent cleanup
[905.576s][info][gc             ] GC(6811) Concurrent cleanup 120M->125M(256M) 0.839ms
[905.576s][info][gc,ergo        ] GC(6811) Free: 112M, Max: 256K regular, 103M humongous, Frag: 8% external, 2% internal; Reserve: 12544K, Max: 256K
[905.576s][info][gc,start       ] GC(6811) Concurrent evacuation
[905.576s][info][gc,task        ] GC(6811) Using 6 of 24 workers for concurrent evacuation
[905.581s][info][gc             ] GC(6811) Concurrent evacuation 4.617ms
[905.581s][info][gc,start       ] GC(6811) Pause Init Update Refs
[905.581s][info][gc,ergo        ] GC(6811) Pacer for Update Refs. Used: 134M, Free: 107M, Non-Taxable: 11044K, Alloc Tax Rate: 1.5x
[905.581s][info][gc             ] GC(6811) Pause Init Update Refs 0.219ms
[905.581s][info][gc,start       ] GC(6811) Concurrent update references
[905.581s][info][gc,task        ] GC(6811) Using 6 of 24 workers for concurrent reference update
[905.598s][info][gc             ] GC(6811) Concurrent update references 16.625ms
[905.599s][info][gc,start       ] GC(6811) Pause Final Update Refs
[905.599s][info][gc,task        ] GC(6811) Using 6 of 24 workers for final reference update
[905.599s][info][gc             ] GC(6811) Pause Final Update Refs 0.244ms
[905.599s][info][gc,start       ] GC(6811) Concurrent cleanup
[905.600s][info][gc             ] GC(6811) Concurrent cleanup 181M->176M(256M) 0.995ms
[905.600s][info][gc             ] GC(6811) Dat log --- cycle is complete
Current gc epoch: 5523
heap: ______
capacity: 268435456
used: 184702512
committed: 268435456
bytes_allocated_since_gc_start: 178520328
hot_size: 0
cold_size: 5218074
num_regions: 1024
hot_region_count: 18446744073709405603
cold_region_count: 146033
histogram: Placeholder

[905.600s][info][gc             ] GC(6811) Obj count ac histogram
[905.601s][info][gc             ] GC(6811) 	0: 409966
[905.601s][info][gc             ] GC(6811) 	1: 30
[905.601s][info][gc             ] GC(6811) 	2: 5912
[905.601s][info][gc             ] GC(6811) 	3: 6871
[905.601s][info][gc             ] GC(6811) 	4: 7548
[905.601s][info][gc             ] GC(6811) 	5: 3025
[905.601s][info][gc             ] GC(6811) 	6: 19
[905.601s][info][gc             ] GC(6811) 	7: 0
[905.601s][info][gc             ] GC(6811) 	8: 0
[905.601s][info][gc             ] GC(6811) 	9: 0
[905.601s][info][gc             ] GC(6811) 	10: 0
[905.601s][info][gc             ] GC(6811) 	11: 0
[905.601s][info][gc             ] GC(6811) 	12: 0
[905.601s][info][gc             ] GC(6811) 	13: 0
[905.601s][info][gc             ] GC(6811) 	14: 0
[905.601s][info][gc             ] GC(6811) 	15: 0
[905.601s][info][gc             ] GC(6811) 	16: 0
[905.601s][info][gc             ] GC(6811) 	17: 0
[905.601s][info][gc             ] GC(6811) 	18: 0
[905.601s][info][gc             ] GC(6811) 	19: 0
[905.601s][info][gc             ] GC(6811) Obj size ac histogram
[905.601s][info][gc             ] GC(6811) 	0: 2522263
[905.601s][info][gc             ] GC(6811) 	1: 1440
[905.601s][info][gc             ] GC(6811) 	2: 72819
[905.601s][info][gc             ] GC(6811) 	3: 70981
[905.601s][info][gc             ] GC(6811) 	4: 81420
[905.601s][info][gc             ] GC(6811) 	5: 18364
[905.601s][info][gc             ] GC(6811) 	6: 190
[905.601s][info][gc             ] GC(6811) 	7: 0
[905.601s][info][gc             ] GC(6811) 	8: 0
[905.601s][info][gc             ] GC(6811) 	9: 0
[905.601s][info][gc             ] GC(6811) 	10: 0
[905.601s][info][gc             ] GC(6811) 	11: 0
[905.601s][info][gc             ] GC(6811) 	12: 0
[905.601s][info][gc             ] GC(6811) 	13: 0
[905.601s][info][gc             ] GC(6811) 	14: 0
[905.601s][info][gc             ] GC(6811) 	15: 0
[905.601s][info][gc             ] GC(6811) 	16: 0
[905.601s][info][gc             ] GC(6811) 	17: 0
[905.601s][info][gc             ] GC(6811) 	18: 0
[905.601s][info][gc             ] GC(6811) 	19: 0
[905.601s][info][gc,ergo        ] Free: 52843K, Max: 256K regular, 48384K humongous, Frag: 8% external, 7% internal; Reserve: 13312K, Max: 256K
[905.601s][info][gc,stats       ] 
[905.601s][info][gc,stats       ] All times are wall-clock times, except per-root-class counters, that are sum over
[905.601s][info][gc,stats       ] all workers. Dividing the <total> over the root stage time estimates parallelism.
[905.601s][info][gc,stats       ] 
[905.601s][info][gc,stats       ] Concurrent Reset                    364 us
[905.601s][info][gc,stats       ] Pause Init Mark (G)                2002 us
[905.601s][info][gc,stats       ] Pause Init Mark (N)                1415 us
[905.601s][info][gc,stats       ]   Accumulate Stats                    4 us
[905.601s][info][gc,stats       ]   Make Parsable                      40 us
[905.601s][info][gc,stats       ]   Update Region States                7 us
[905.601s][info][gc,stats       ]   Scan Roots                        732 us, parallelism: 1.39x
[905.601s][info][gc,stats       ]     S: <total>                     1015 us
[905.601s][info][gc,stats       ]     S: Thread Roots                 309 us, workers (us):  16,  56, 164,   1,  40,  31, ---, ---, ---, ---, ---, ---, ---, ---, ---, ---, ---, ---, ---, ---, ---, ---, ---, ---, 
[905.601s][info][gc,stats       ]     S: Universe Roots                47 us, workers (us):  47, ---, ---, ---, ---, ---, ---, ---, ---, ---, ---, ---, ---, ---, ---, ---, ---, ---, ---, ---, ---, ---, ---, ---, 
[905.601s][info][gc,stats       ]     S: JNI Handles Roots             14 us, workers (us):  14, ---, ---, ---, ---, ---, ---, ---, ---, ---, ---, ---, ---, ---, ---, ---, ---, ---, ---, ---, ---, ---, ---, ---, 
[905.601s][info][gc,stats       ]     S: Synchronizer Roots             0 us, workers (us): ---,   0, ---, ---, ---, ---, ---, ---, ---, ---, ---, ---, ---, ---, ---, ---, ---, ---, ---, ---, ---, ---, ---, ---, 
[905.601s][info][gc,stats       ]     S: Management Roots               1 us, workers (us): ---,   1, ---, ---, ---, ---, ---, ---, ---, ---, ---, ---, ---, ---, ---, ---, ---, ---, ---, ---, ---, ---, ---, ---, 
[905.601s][info][gc,stats       ]     S: System Dict Roots             20 us, workers (us): ---,  20, ---, ---, ---, ---, ---, ---, ---, ---, ---, ---, ---, ---, ---, ---, ---, ---, ---, ---, ---, ---, ---, ---, 
[905.601s][info][gc,stats       ]     S: CLDG Roots                   623 us, workers (us): ---, ---,   8, 607,   7, ---, ---, ---, ---, ---, ---, ---, ---, ---, ---, ---, ---, ---, ---, ---, ---, ---, ---, ---, 
[905.601s][info][gc,stats       ]     S: JVMTI Roots                    0 us, workers (us):   0, ---, ---, ---, ---, ---, ---, ---, ---, ---, ---, ---, ---, ---, ---, ---, ---, ---, ---, ---, ---, ---, ---, ---, 
[905.601s][info][gc,stats       ]   Resize TLABs                        4 us
[905.601s][info][gc,stats       ] Concurrent Marking                62228 us
[905.601s][info][gc,stats       ] Concurrent Precleaning             2866 us
[905.601s][info][gc,stats       ] Pause Final Mark (G)              57103 us
[905.601s][info][gc,stats       ] Pause Final Mark (N)              55733 us
[905.601s][info][gc,stats       ]   Finish Queues                     148 us
[905.601s][info][gc,stats       ]   Weak References                    25 us
[905.601s][info][gc,stats       ]     Process                          19 us
[905.601s][info][gc,stats       ]   System Purge                      220 us
[905.601s][info][gc,stats       ]     Unload Classes                   67 us
[905.601s][info][gc,stats       ]     Cleanup                       53307 us, parallelism: 1.79x
[905.601s][info][gc,stats       ]       CU: <total>                 95634 us
[905.601s][info][gc,stats       ]       CU: Code Cache Roots        76485 us, workers (us): 12683, 13237, 13448, 12363, 12394, 12360, ---, ---, ---, ---, ---, ---, ---, ---, ---, ---, ---, ---, ---, ---, ---, ---, ---, ---, 
[905.601s][info][gc,stats       ]       CU: Code Cache Cleaning      5245 us, workers (us): 908, 885, 750, 900, 901, 902, ---, ---, ---, ---, ---, ---, ---, ---, ---, ---, ---, ---, ---, ---, ---, ---, ---, ---, 
[905.601s][info][gc,stats       ]       CU: String Table Roots       3310 us, workers (us): 618,  61,   0, 892, 859, 879, ---, ---, ---, ---, ---, ---, ---, ---, ---, ---, ---, ---, ---, ---, ---, ---, ---, ---, 
[905.601s][info][gc,stats       ]       CU: Resolved Table Roots       18 us, workers (us):   0,  18,   0,   0,   0,   0, ---, ---, ---, ---, ---, ---, ---, ---, ---, ---, ---, ---, ---, ---, ---, ---, ---, ---, 
[905.601s][info][gc,stats       ]       CU: CLDG Roots              10576 us, workers (us): 1735, 1786, 1748, 1760, 1760, 1786, ---, ---, ---, ---, ---, ---, ---, ---, ---, ---, ---, ---, ---, ---, ---, ---, ---, ---, 
[905.601s][info][gc,stats       ]     Weak Roots                      219 us
[905.601s][info][gc,stats       ]     CLDG                              1 us
[905.602s][info][gc,stats       ]   Update Region States               23 us
[905.602s][info][gc,stats       ]   Retire TLABs                       43 us
[905.602s][info][gc,stats       ]   Choose Collection Set              36 us
[905.602s][info][gc,stats       ]   Rebuild Free Set                    9 us
[905.602s][info][gc,stats       ]   Initial Evacuation               1668 us, parallelism: 2.58x
[905.602s][info][gc,stats       ]     E: <total>                     4307 us
[905.602s][info][gc,stats       ]     E: Thread Roots                 167 us, workers (us):  40,   1,  80,   1,   1,  45, ---, ---, ---, ---, ---, ---, ---, ---, ---, ---, ---, ---, ---, ---, ---, ---, ---, ---, 
[905.602s][info][gc,stats       ]     E: Code Cache Roots            3362 us, workers (us): 608, 799, 318, 273, 725, 639, ---, ---, ---, ---, ---, ---, ---, ---, ---, ---, ---, ---, ---, ---, ---, ---, ---, ---, 
[905.602s][info][gc,stats       ]     E: Universe Roots                 3 us, workers (us):   3, ---, ---, ---, ---, ---, ---, ---, ---, ---, ---, ---, ---, ---, ---, ---, ---, ---, ---, ---, ---, ---, ---, ---, 
[905.602s][info][gc,stats       ]     E: JNI Handles Roots             13 us, workers (us): ---, ---,  13, ---, ---, ---, ---, ---, ---, ---, ---, ---, ---, ---, ---, ---, ---, ---, ---, ---, ---, ---, ---, ---, 
[905.602s][info][gc,stats       ]     E: Synchronizer Roots             0 us, workers (us):   0, ---, ---, ---, ---, ---, ---, ---, ---, ---, ---, ---, ---, ---, ---, ---, ---, ---, ---, ---, ---, ---, ---, ---, 
[905.602s][info][gc,stats       ]     E: Management Roots               2 us, workers (us):   2, ---, ---, ---, ---, ---, ---, ---, ---, ---, ---, ---, ---, ---, ---, ---, ---, ---, ---, ---, ---, ---, ---, ---, 
[905.602s][info][gc,stats       ]     E: System Dict Roots              6 us, workers (us):   6, ---, ---, ---, ---, ---, ---, ---, ---, ---, ---, ---, ---, ---, ---, ---, ---, ---, ---, ---, ---, ---, ---, ---, 
[905.602s][info][gc,stats       ]     E: CLDG Roots                   754 us, workers (us):  46, ---, 291, 417, ---, ---, ---, ---, ---, ---, ---, ---, ---, ---, ---, ---, ---, ---, ---, ---, ---, ---, ---, ---, 
[905.602s][info][gc,stats       ]     E: JVMTI Roots                    0 us, workers (us): ---,   0, ---, ---, ---, ---, ---, ---, ---, ---, ---, ---, ---, ---, ---, ---, ---, ---, ---, ---, ---, ---, ---, ---, 
[905.602s][info][gc,stats       ] Concurrent Cleanup                  791 us
[905.602s][info][gc,stats       ] Concurrent Evacuation              4598 us
[905.602s][info][gc,stats       ] Pause Init  Update Refs (G)         428 us
[905.602s][info][gc,stats       ] Pause Init  Update Refs (N)         202 us
[905.602s][info][gc,stats       ]   Retire GCLABs                     191 us
[905.602s][info][gc,stats       ] Concurrent Update Refs            16593 us
[905.602s][info][gc,stats       ] Pause Final Update Refs (G)        1332 us
[905.602s][info][gc,stats       ] Pause Final Update Refs (N)         220 us
[905.602s][info][gc,stats       ]   Update Roots                      177 us, parallelism: 1.32x
[905.602s][info][gc,stats       ]     UR: <total>                     235 us
[905.602s][info][gc,stats       ]     UR: Thread Roots                235 us, workers (us):  99,  24,  28,  32,  51,   2, ---, ---, ---, ---, ---, ---, ---, ---, ---, ---, ---, ---, ---, ---, ---, ---, ---, ---, 
[905.602s][info][gc,stats       ]   Update Region States               18 us
[905.602s][info][gc,stats       ]   Trash Collection Set                5 us
[905.602s][info][gc,stats       ]   Rebuild Free Set                    9 us
[905.602s][info][gc,stats       ] Concurrent Cleanup                  951 us
[905.602s][info][gc,stats       ] Pacing                            53348 us
[905.602s][info][gc,stats       ] 
[905.602s][info][gc,stats       ] Allocation pacing accrued:
[905.602s][info][gc,stats       ]      53 of   152 ms ( 35.0%): pl.nadoba.jvm.gc.benchmark.App.main()
[905.602s][info][gc,stats       ]      53 of   152 ms ( 35.0%): <total>
[905.602s][info][gc,stats       ]       5 of   152 ms (  3.5%): <average total>
[905.602s][info][gc,stats       ]      53 of   152 ms ( 35.0%): <average non-zero>
[905.602s][info][gc,stats       ] 
[905.602s][info][gc,metaspace   ] Metaspace: 24281K->24281K(1071104K)
[905.602s][info][gc,ergo        ] Pacer for Idle. Initial: 5242K, Alloc Tax Rate: 1.0x
[905.603s][info][gc             ] Trigger: Start next cycle immediately
[905.603s][info][gc,ergo        ] Free: 52843K, Max: 256K regular, 48384K humongous, Frag: 8% external, 7% internal; Reserve: 13312K, Max: 256K
[905.603s][info][gc,start       ] GC(6812) Concurrent reset
[905.603s][info][gc,task        ] GC(6812) Using 6 of 24 workers for concurrent reset
[905.603s][info][gc,ergo        ] GC(6812) Pacer for Reset. Non-Taxable: 256M
[905.604s][info][gc             ] GC(6812) Concurrent reset 0.967ms
[905.604s][info][gc,start       ] GC(6812) Pause Init Mark (process weakrefs) (unload classes)
[905.604s][info][gc,task        ] GC(6812) Using 6 of 24 workers for init marking
[905.606s][info][gc,ergo        ] GC(6812) Pacer for Mark. Expected Live: 10868K, Free: 52843K, Non-Taxable: 5284K, Alloc Tax Rate: 0.3x
[905.606s][info][gc             ] GC(6812) Pause Init Mark (process weakrefs) (unload classes) 1.428ms
[905.606s][info][gc,start       ] GC(6812) Concurrent marking (process weakrefs) (unload classes)
[905.606s][info][gc,task        ] GC(6812) Using 6 of 24 workers for concurrent marking
[905.670s][info][gc             ] GC(6812) Concurrent marking (process weakrefs) (unload classes) 64.057ms
[905.670s][info][gc,start       ] GC(6812) Concurrent precleaning
[905.670s][info][gc,task        ] GC(6812) Using 1 of 24 workers for concurrent preclean
[905.670s][info][gc,ergo        ] GC(6812) Pacer for Precleaning. Non-Taxable: 256M
[905.673s][info][gc             ] Failed to allocate Shared, 8192K
[905.673s][info][gc             ] Cancelling GC: Allocation Failure
[905.673s][info][gc             ] GC(6812) Concurrent precleaning 2.978ms
[905.673s][info][gc,start       ] GC(6812) Pause Final Mark (process weakrefs) (unload classes)
[905.673s][info][gc,task        ] GC(6812) Using 6 of 24 workers for final marking
[905.673s][info][gc             ] GC(6812) Pause Final Mark (process weakrefs) (unload classes) 0.263ms
[905.673s][info][gc,start       ] GC(6812) Concurrent cleanup
[905.673s][info][gc             ] GC(6812) Concurrent cleanup 221M->221M(256M) 0.111ms
[905.673s][info][gc,ergo        ] GC(6812) Free: 11627K, Max: 256K regular, 7424K humongous, Frag: 35% external, 20% internal; Reserve: 13312K, Max: 256K
[905.673s][info][gc             ] GC(6812) Dat log --- cycle is complete
Current gc epoch: 5524
heap: ______
capacity: 268435456
used: 232150864
committed: 268435456
bytes_allocated_since_gc_start: 42205448
hot_size: 0
cold_size: 2997911
num_regions: 1024
hot_region_count: 18446744073709405603
cold_region_count: 146033
histogram: Placeholder

[905.673s][info][gc             ] GC(6812) Obj count ac histogram
[905.673s][info][gc             ] GC(6812) 	0: 204999
[905.674s][info][gc             ] GC(6812) 	1: 15
[905.674s][info][gc             ] GC(6812) 	2: 4376
[905.674s][info][gc             ] GC(6812) 	3: 3951
[905.674s][info][gc             ] GC(6812) 	4: 870
[905.674s][info][gc             ] GC(6812) 	5: 15
[905.674s][info][gc             ] GC(6812) 	6: 0
[905.674s][info][gc             ] GC(6812) 	7: 0
[905.674s][info][gc             ] GC(6812) 	8: 0
[905.674s][info][gc             ] GC(6812) 	9: 0
[905.674s][info][gc             ] GC(6812) 	10: 0
[905.674s][info][gc             ] GC(6812) 	11: 0
[905.674s][info][gc             ] GC(6812) 	12: 0
[905.674s][info][gc             ] GC(6812) 	13: 0
[905.674s][info][gc             ] GC(6812) 	14: 0
[905.674s][info][gc             ] GC(6812) 	15: 0
[905.674s][info][gc             ] GC(6812) 	16: 0
[905.674s][info][gc             ] GC(6812) 	17: 0
[905.674s][info][gc             ] GC(6812) 	18: 0
[905.674s][info][gc             ] GC(6812) 	19: 0
[905.674s][info][gc             ] GC(6812) Obj size ac histogram
[905.674s][info][gc             ] GC(6812) 	0: 1306726
[905.674s][info][gc             ] GC(6812) 	1: 720
[905.674s][info][gc             ] GC(6812) 	2: 57404
[905.674s][info][gc             ] GC(6812) 	3: 37678
[905.674s][info][gc             ] GC(6812) 	4: 5358
[905.674s][info][gc             ] GC(6812) 	5: 150
[905.674s][info][gc             ] GC(6812) 	6: 0
[905.674s][info][gc             ] GC(6812) 	7: 0
[905.674s][info][gc             ] GC(6812) 	8: 0
[905.674s][info][gc             ] GC(6812) 	9: 0
[905.674s][info][gc             ] GC(6812) 	10: 0
[905.674s][info][gc             ] GC(6812) 	11: 0
[905.674s][info][gc             ] GC(6812) 	12: 0
[905.674s][info][gc             ] GC(6812) 	13: 0
[905.674s][info][gc             ] GC(6812) 	14: 0
[905.674s][info][gc             ] GC(6812) 	15: 0
[905.674s][info][gc             ] GC(6812) 	16: 0
[905.674s][info][gc             ] GC(6812) 	17: 0
[905.674s][info][gc             ] GC(6812) 	18: 0
[905.674s][info][gc             ] GC(6812) 	19: 0
[905.674s][info][gc,ergo        ] Free: 11627K, Max: 256K regular, 7424K humongous, Frag: 35% external, 20% internal; Reserve: 13312K, Max: 256K
[905.674s][info][gc,stats       ] 
[905.674s][info][gc,stats       ] All times are wall-clock times, except per-root-class counters, that are sum over
[905.674s][info][gc,stats       ] all workers. Dividing the <total> over the root stage time estimates parallelism.
[905.674s][info][gc,stats       ] 
[905.674s][info][gc,stats       ] Concurrent Reset                    951 us
[905.674s][info][gc,stats       ] Pause Init Mark (G)                1615 us
[905.674s][info][gc,stats       ] Pause Init Mark (N)                1411 us
[905.674s][info][gc,stats       ]   Accumulate Stats                    4 us
[905.674s][info][gc,stats       ]   Make Parsable                      41 us
[905.674s][info][gc,stats       ]   Update Region States               10 us
[905.674s][info][gc,stats       ]   Scan Roots                        775 us, parallelism: 1.48x
[905.674s][info][gc,stats       ]     S: <total>                     1145 us
[905.674s][info][gc,stats       ]     S: Thread Roots                 383 us, workers (us):  72, 201,   1,  30,  49,  30, ---, ---, ---, ---, ---, ---, ---, ---, ---, ---, ---, ---, ---, ---, ---, ---, ---, ---, 
[905.674s][info][gc,stats       ]     S: Universe Roots                35 us, workers (us):  35, ---, ---, ---, ---, ---, ---, ---, ---, ---, ---, ---, ---, ---, ---, ---, ---, ---, ---, ---, ---, ---, ---, ---, 
[905.674s][info][gc,stats       ]     S: JNI Handles Roots             36 us, workers (us):  36, ---, ---, ---, ---, ---, ---, ---, ---, ---, ---, ---, ---, ---, ---, ---, ---, ---, ---, ---, ---, ---, ---, ---, 
[905.674s][info][gc,stats       ]     S: Synchronizer Roots             1 us, workers (us): ---,   1, ---, ---, ---, ---, ---, ---, ---, ---, ---, ---, ---, ---, ---, ---, ---, ---, ---, ---, ---, ---, ---, ---, 
[905.674s][info][gc,stats       ]     S: Management Roots               2 us, workers (us): ---,   2, ---, ---, ---, ---, ---, ---, ---, ---, ---, ---, ---, ---, ---, ---, ---, ---, ---, ---, ---, ---, ---, ---, 
[905.674s][info][gc,stats       ]     S: System Dict Roots             35 us, workers (us): ---,  35, ---, ---, ---, ---, ---, ---, ---, ---, ---, ---, ---, ---, ---, ---, ---, ---, ---, ---, ---, ---, ---, ---, 
[905.674s][info][gc,stats       ]     S: CLDG Roots                   653 us, workers (us): ---, ---, 628,  12,  12, ---, ---, ---, ---, ---, ---, ---, ---, ---, ---, ---, ---, ---, ---, ---, ---, ---, ---, ---, 
[905.674s][info][gc,stats       ]     S: JVMTI Roots                    1 us, workers (us):   1, ---, ---, ---, ---, ---, ---, ---, ---, ---, ---, ---, ---, ---, ---, ---, ---, ---, ---, ---, ---, ---, ---, ---, 
[905.674s][info][gc,stats       ]   Resize TLABs                        2 us
[905.674s][info][gc,stats       ] Concurrent Marking                64032 us
[905.674s][info][gc,stats       ] Concurrent Precleaning             2953 us
[905.674s][info][gc,stats       ] Pause Final Mark (G)                445 us
[905.674s][info][gc,stats       ] Pause Final Mark (N)                238 us
[905.674s][info][gc,stats       ] Concurrent Cleanup                   87 us
[905.674s][info][gc,stats       ] Pacing                            61252 us
[905.674s][info][gc,stats       ] 
[905.674s][info][gc,stats       ] Allocation pacing accrued:
[905.674s][info][gc,stats       ]      61 of    72 ms ( 84.6%): pl.nadoba.jvm.gc.benchmark.App.main()
[905.674s][info][gc,stats       ]      61 of    72 ms ( 84.6%): <total>
[905.674s][info][gc,stats       ]       6 of    72 ms (  8.5%): <average total>
[905.674s][info][gc,stats       ]      61 of    72 ms ( 84.6%): <average non-zero>
[905.674s][info][gc,stats       ] 
[905.674s][info][gc,metaspace   ] Metaspace: 24281K->24281K(1071104K)
[905.674s][info][gc,ergo        ] Pacer for Idle. Initial: 5242K, Alloc Tax Rate: 1.0x
[905.676s][info][gc             ] Trigger: Handle Allocation Failure
[905.676s][info][gc,ergo        ] Free: 11627K, Max: 256K regular, 7424K humongous, Frag: 35% external, 20% internal; Reserve: 13312K, Max: 256K
[905.676s][info][gc,start       ] GC(6813) Pause Degenerated GC (Outside of Cycle)
[905.676s][info][gc,task        ] GC(6813) Using 6 of 24 workers for stw degenerated gc
[905.676s][info][gc,ergo        ] GC(6813) Pacer for Reset. Non-Taxable: 256M
[905.678s][info][gc,ergo        ] GC(6813) Pacer for Mark. Expected Live: 10868K, Free: 11627K, Non-Taxable: 1162K, Alloc Tax Rate: 1.1x
[905.799s][info][gc,stringtable ] GC(6813) Cleaned string and symbol table, strings: 8172 processed, 0 removed, symbols: 68000 processed, 0 removed
[905.800s][info][gc,ergo        ] GC(6813) Collectable Garbage: 212M (100%), Immediate: 211M (99%), CSet: 1516K (0%)
[905.800s][info][gc,ergo        ] GC(6813) Pacer for Evacuation. Used CSet: 5376K, Free: 233M, Non-Taxable: 23869K, Alloc Tax Rate: 1.1x
[905.829s][info][gc,ergo        ] GC(6813) Pacer for Update Refs. Used: 14736K, Free: 233M, Non-Taxable: 23869K, Alloc Tax Rate: 1.1x
[905.847s][info][gc,ergo        ] GC(6813) Good progress for free space: 233M, need 2621K
[905.847s][info][gc,ergo        ] GC(6813) Good progress for used space: 212M, need 256K
[905.847s][info][gc             ] GC(6813) Pause Degenerated GC (Outside of Cycle) 221M->9M(256M) 171.061ms
[905.847s][info][gc,ergo        ] Free: 233M, Max: 256K regular, 229M humongous, Frag: 2% external, 1% internal; Reserve: 13312K, Max: 256K
[905.847s][info][gc,stats       ] 
[905.847s][info][gc,stats       ] All times are wall-clock times, except per-root-class counters, that are sum over
[905.847s][info][gc,stats       ] all workers. Dividing the <total> over the root stage time estimates parallelism.
[905.847s][info][gc,stats       ] 
[905.847s][info][gc,stats       ]   Accumulate Stats                    5 us
[905.847s][info][gc,stats       ]   Make Parsable                      41 us
[905.847s][info][gc,stats       ]   Update Region States               11 us
[905.847s][info][gc,stats       ]   Scan Roots                        724 us, parallelism: 1.53x
[905.847s][info][gc,stats       ]     S: <total>                     1108 us
[905.847s][info][gc,stats       ]     S: Thread Roots                 357 us, workers (us): 148,  89,   1,  41,  30,  48, ---, ---, ---, ---, ---, ---, ---, ---, ---, ---, ---, ---, ---, ---, ---, ---, ---, ---, 
[905.847s][info][gc,stats       ]     S: Universe Roots                15 us, workers (us):  15, ---, ---, ---, ---, ---, ---, ---, ---, ---, ---, ---, ---, ---, ---, ---, ---, ---, ---, ---, ---, ---, ---, ---, 
[905.847s][info][gc,stats       ]     S: JNI Handles Roots             27 us, workers (us):  27, ---, ---, ---, ---, ---, ---, ---, ---, ---, ---, ---, ---, ---, ---, ---, ---, ---, ---, ---, ---, ---, ---, ---, 
[905.847s][info][gc,stats       ]     S: Synchronizer Roots             0 us, workers (us):   0, ---, ---, ---, ---, ---, ---, ---, ---, ---, ---, ---, ---, ---, ---, ---, ---, ---, ---, ---, ---, ---, ---, ---, 
[905.847s][info][gc,stats       ]     S: Management Roots               1 us, workers (us):   1, ---, ---, ---, ---, ---, ---, ---, ---, ---, ---, ---, ---, ---, ---, ---, ---, ---, ---, ---, ---, ---, ---, ---, 
[905.847s][info][gc,stats       ]     S: System Dict Roots             56 us, workers (us): ---,  56, ---, ---, ---, ---, ---, ---, ---, ---, ---, ---, ---, ---, ---, ---, ---, ---, ---, ---, ---, ---, ---, ---, 
[905.847s][info][gc,stats       ]     S: CLDG Roots                   651 us, workers (us):  18, ---, 616,  17, ---, ---, ---, ---, ---, ---, ---, ---, ---, ---, ---, ---, ---, ---, ---, ---, ---, ---, ---, ---, 
[905.847s][info][gc,stats       ]     S: JVMTI Roots                    0 us, workers (us):   0, ---, ---, ---, ---, ---, ---, ---, ---, ---, ---, ---, ---, ---, ---, ---, ---, ---, ---, ---, ---, ---, ---, ---, 
[905.847s][info][gc,stats       ]   Resize TLABs                        3 us
[905.847s][info][gc,stats       ]   Finish Queues                   63052 us
[905.847s][info][gc,stats       ]   Weak References                  3144 us
[905.847s][info][gc,stats       ]     Process                        3132 us
[905.847s][info][gc,stats       ]   System Purge                      238 us
[905.847s][info][gc,stats       ]     Unload Classes                   82 us
[905.847s][info][gc,stats       ]     Cleanup                       54447 us, parallelism: 1.82x
[905.847s][info][gc,stats       ]       CU: <total>                 98968 us
[905.847s][info][gc,stats       ]       CU: Code Cache Roots        79856 us, workers (us): 13303, 13502, 13221, 13222, 13402, 13206, ---, ---, ---, ---, ---, ---, ---, ---, ---, ---, ---, ---, ---, ---, ---, ---, ---, ---, 
[905.848s][info][gc,stats       ]       CU: Code Cache Cleaning      4452 us, workers (us): 712, 728, 827, 728, 728, 728, ---, ---, ---, ---, ---, ---, ---, ---, ---, ---, ---, ---, ---, ---, ---, ---, ---, ---, 
[905.848s][info][gc,stats       ]       CU: String Table Roots       3272 us, workers (us): 559, 360, 642, 626, 445, 638, ---, ---, ---, ---, ---, ---, ---, ---, ---, ---, ---, ---, ---, ---, ---, ---, ---, ---, 
[905.848s][info][gc,stats       ]       CU: Resolved Table Roots       18 us, workers (us):  18,   0,   0,   0,   0,   0, ---, ---, ---, ---, ---, ---, ---, ---, ---, ---, ---, ---, ---, ---, ---, ---, ---, ---, 
[905.848s][info][gc,stats       ]       CU: CLDG Roots              11370 us, workers (us): 1935, 1930, 1787, 1886, 1890, 1943, ---, ---, ---, ---, ---, ---, ---, ---, ---, ---, ---, ---, ---, ---, ---, ---, ---, ---, 
[905.848s][info][gc,stats       ]     Weak Roots                      238 us
[905.848s][info][gc,stats       ]     CLDG                              1 us
[905.848s][info][gc,stats       ]   Update Region States               20 us
[905.848s][info][gc,stats       ]   Retire TLABs                        8 us
[905.848s][info][gc,stats       ]   Choose Collection Set             609 us
[905.848s][info][gc,stats       ]   Rebuild Free Set                   17 us
[905.848s][info][gc,stats       ]   Initial Evacuation                  7 us
[905.848s][info][gc,stats       ]   Retire GCLABs                      88 us
[905.848s][info][gc,stats       ]   Finish Work                     15647 us
[905.848s][info][gc,stats       ]   Update Region States                8 us
[905.848s][info][gc,stats       ]   Trash Collection Set                5 us
[905.848s][info][gc,stats       ]   Rebuild Free Set                   13 us
[905.848s][info][gc,stats       ] Pause Degenerated GC (G)         171351 us
[905.848s][info][gc,stats       ] Pause Degenerated GC (N)         171037 us
[905.848s][info][gc,stats       ]   Degen Update Roots               1408 us, parallelism: 3.86x
[905.848s][info][gc,stats       ]     DU: <total>                    5430 us
[905.848s][info][gc,stats       ]     DU: Thread Roots                195 us, workers (us):   1,   2, 187,   1,   1,   2, ---, ---, ---, ---, ---, ---, ---, ---, ---, ---, ---, ---, ---, ---, ---, ---, ---, ---, 
[905.848s][info][gc,stats       ]     DU: Code Cache Roots           4534 us, workers (us): 657, 870, 657, 459, 858, 1033, ---, ---, ---, ---, ---, ---, ---, ---, ---, ---, ---, ---, ---, ---, ---, ---, ---, ---, 
[905.848s][info][gc,stats       ]     DU: Universe Roots                3 us, workers (us):   3, ---, ---, ---, ---, ---, ---, ---, ---, ---, ---, ---, ---, ---, ---, ---, ---, ---, ---, ---, ---, ---, ---, ---, 
[905.848s][info][gc,stats       ]     DU: JNI Handles Roots             2 us, workers (us):   2, ---, ---, ---, ---, ---, ---, ---, ---, ---, ---, ---, ---, ---, ---, ---, ---, ---, ---, ---, ---, ---, ---, ---, 
[905.848s][info][gc,stats       ]     DU: Synchronizer Roots            0 us, workers (us):   0, ---, ---, ---, ---, ---, ---, ---, ---, ---, ---, ---, ---, ---, ---, ---, ---, ---, ---, ---, ---, ---, ---, ---, 
[905.848s][info][gc,stats       ]     DU: Management Roots              2 us, workers (us):   2, ---, ---, ---, ---, ---, ---, ---, ---, ---, ---, ---, ---, ---, ---, ---, ---, ---, ---, ---, ---, ---, ---, ---, 
[905.848s][info][gc,stats       ]     DU: System Dict Roots             6 us, workers (us):   6, ---, ---, ---, ---, ---, ---, ---, ---, ---, ---, ---, ---, ---, ---, ---, ---, ---, ---, ---, ---, ---, ---, ---, 
[905.848s][info][gc,stats       ]     DU: CLDG Roots                  687 us, workers (us): 234, ---, ---, 396,  57, ---, ---, ---, ---, ---, ---, ---, ---, ---, ---, ---, ---, ---, ---, ---, ---, ---, ---, ---, 
[905.848s][info][gc,stats       ]     DU: JVMTI Roots                   1 us, workers (us): ---,   1, ---, ---, ---, ---, ---, ---, ---, ---, ---, ---, ---, ---, ---, ---, ---, ---, ---, ---, ---, ---, ---, ---, 
[905.848s][info][gc,stats       ] 
[905.848s][info][gc,stats       ] Allocation pacing accrued:
[905.848s][info][gc,stats       ]       0 of   174 ms (  0.0%): <total>
[905.848s][info][gc,stats       ]       0 of   174 ms (  0.0%): <average total>
[905.848s][info][gc,stats       ] 
[905.848s][info][gc,metaspace   ] Metaspace: 24281K->24281K(1071104K)
[905.848s][info][gc,ergo        ] Pacer for Idle. Initial: 5242K, Alloc Tax Rate: 1.0x
[905.849s][info][gc             ] Trigger: Start next cycle immediately
[905.849s][info][gc,ergo        ] Free: 225M, Max: 256K regular, 220M humongous, Frag: 2% external, 1% internal; Reserve: 13312K, Max: 256K
[905.849s][info][gc,start       ] GC(6814) Concurrent reset
[905.849s][info][gc,task        ] GC(6814) Using 6 of 24 workers for concurrent reset
[905.849s][info][gc,ergo        ] GC(6814) Pacer for Reset. Non-Taxable: 256M
[905.850s][info][gc             ] GC(6814) Concurrent reset 0.463ms
[905.850s][info][gc,start       ] GC(6814) Pause Init Mark (process weakrefs) (unload classes)
[905.850s][info][gc,task        ] GC(6814) Using 6 of 24 workers for init marking
[905.852s][info][gc,ergo        ] GC(6814) Pacer for Mark. Expected Live: 10868K, Free: 225M, Non-Taxable: 23076K, Alloc Tax Rate: 0.1x
[905.852s][info][gc             ] GC(6814) Pause Init Mark (process weakrefs) (unload classes) 1.971ms
[905.852s][info][gc,start       ] GC(6814) Concurrent marking (process weakrefs) (unload classes)
[905.852s][info][gc,task        ] GC(6814) Using 6 of 24 workers for concurrent marking
[905.909s][info][gc             ] GC(6814) Concurrent marking (process weakrefs) (unload classes) 56.732ms
[905.909s][info][gc,start       ] GC(6814) Concurrent precleaning
[905.909s][info][gc,task        ] GC(6814) Using 1 of 24 workers for concurrent preclean
[905.909s][info][gc,ergo        ] GC(6814) Pacer for Precleaning. Non-Taxable: 256M
[905.913s][info][gc             ] GC(6814) Concurrent precleaning 4.556ms
[905.914s][info][gc,start       ] GC(6814) Pause Final Mark (process weakrefs) (unload classes)
[905.914s][info][gc,task        ] GC(6814) Using 6 of 24 workers for final marking
[905.969s][info][gc,stringtable ] GC(6814) Cleaned string and symbol table, strings: 8172 processed, 0 removed, symbols: 68000 processed, 0 removed
[905.969s][info][gc,ergo        ] GC(6814) Collectable Garbage: 9192K (100%), Immediate: 8192K (89%), CSet: 1000K (10%)
[905.971s][info][gc,ergo        ] GC(6814) Pacer for Evacuation. Used CSet: 4860K, Free: 163M, Non-Taxable: 16727K, Alloc Tax Rate: 1.1x
[905.971s][info][gc             ] GC(6814) Pause Final Mark (process weakrefs) (unload classes) 57.025ms
[905.972s][info][gc,start       ] GC(6814) Concurrent cleanup
[905.973s][info][gc             ] GC(6814) Concurrent cleanup 85M->84M(256M) 1.560ms
[905.973s][info][gc,ergo        ] GC(6814) Free: 155M, Max: 256K regular, 150M humongous, Frag: 4% external, 1% internal; Reserve: 12670K, Max: 256K
[905.973s][info][gc,start       ] GC(6814) Concurrent evacuation
[905.973s][info][gc,task        ] GC(6814) Using 6 of 24 workers for concurrent evacuation
[905.976s][info][gc             ] GC(6814) Concurrent evacuation 2.815ms
[905.977s][info][gc,start       ] GC(6814) Pause Init Update Refs
[905.977s][info][gc,ergo        ] GC(6814) Pacer for Update Refs. Used: 99473K, Free: 146M, Non-Taxable: 14986K, Alloc Tax Rate: 1.1x
[905.977s][info][gc             ] GC(6814) Pause Init Update Refs 0.099ms
[905.977s][info][gc,start       ] GC(6814) Concurrent update references
[905.977s][info][gc,task        ] GC(6814) Using 6 of 24 workers for concurrent reference update
[905.994s][info][gc             ] GC(6814) Concurrent update references 17.242ms
[905.996s][info][gc,start       ] GC(6814) Pause Final Update Refs
[905.996s][info][gc,task        ] GC(6814) Using 6 of 24 workers for final reference update
[905.996s][info][gc             ] GC(6814) Pause Final Update Refs 0.210ms
[905.996s][info][gc,start       ] GC(6814) Concurrent cleanup
[905.997s][info][gc             ] GC(6814) Concurrent cleanup 125M->120M(256M) 0.992ms
[905.997s][info][gc             ] GC(6814) Dat log --- cycle is complete
Current gc epoch: 5525
heap: ______
capacity: 268435456
used: 126244016
committed: 268435456
bytes_allocated_since_gc_start: 122159368
hot_size: 0
cold_size: 5218070
num_regions: 1024
hot_region_count: 18446744073709405565
cold_region_count: 146068
histogram: Placeholder

[905.997s][info][gc             ] GC(6814) Obj count ac histogram
[905.997s][info][gc             ] GC(6814) 	0: 395951
[905.997s][info][gc             ] GC(6814) 	1: 30
[905.997s][info][gc             ] GC(6814) 	2: 5876
[905.997s][info][gc             ] GC(6814) 	3: 7058
[905.997s][info][gc             ] GC(6814) 	4: 7707
[905.997s][info][gc             ] GC(6814) 	5: 3080
[905.997s][info][gc             ] GC(6814) 	6: 19
[905.997s][info][gc             ] GC(6814) 	7: 0
[905.997s][info][gc             ] GC(6814) 	8: 0
[905.997s][info][gc             ] GC(6814) 	9: 0
[905.997s][info][gc             ] GC(6814) 	10: 0
[905.997s][info][gc             ] GC(6814) 	11: 0
[905.997s][info][gc             ] GC(6814) 	12: 0
[905.997s][info][gc             ] GC(6814) 	13: 0
[905.997s][info][gc             ] GC(6814) 	14: 0
[905.997s][info][gc             ] GC(6814) 	15: 0
[905.997s][info][gc             ] GC(6814) 	16: 0
[905.997s][info][gc             ] GC(6814) 	17: 0
[905.997s][info][gc             ] GC(6814) 	18: 0
[905.998s][info][gc             ] GC(6814) 	19: 0
[905.998s][info][gc             ] GC(6814) Obj size ac histogram
[905.998s][info][gc             ] GC(6814) 	0: 3554645
[905.998s][info][gc             ] GC(6814) 	1: 1440
[905.998s][info][gc             ] GC(6814) 	2: 74339
[905.998s][info][gc             ] GC(6814) 	3: 72314
[905.998s][info][gc             ] GC(6814) 	4: 81937
[905.998s][info][gc             ] GC(6814) 	5: 18729
[905.998s][info][gc             ] GC(6814) 	6: 190
[905.998s][info][gc             ] GC(6814) 	7: 0
[905.998s][info][gc             ] GC(6814) 	8: 0
[905.998s][info][gc             ] GC(6814) 	9: 0
[905.998s][info][gc             ] GC(6814) 	10: 0
[905.998s][info][gc             ] GC(6814) 	11: 0
[905.998s][info][gc             ] GC(6814) 	12: 0
[905.998s][info][gc             ] GC(6814) 	13: 0
[905.998s][info][gc             ] GC(6814) 	14: 0
[905.998s][info][gc             ] GC(6814) 	15: 0
[905.998s][info][gc             ] GC(6814) 	16: 0
[905.998s][info][gc             ] GC(6814) 	17: 0
[905.998s][info][gc             ] GC(6814) 	18: 0
[905.998s][info][gc             ] GC(6814) 	19: 0
[905.998s][info][gc,ergo        ] Free: 113M, Max: 256K regular, 108M humongous, Frag: 5% external, 3% internal; Reserve: 13312K, Max: 256K
[905.998s][info][gc,stats       ] 
[905.998s][info][gc,stats       ] All times are wall-clock times, except per-root-class counters, that are sum over
[905.998s][info][gc,stats       ] all workers. Dividing the <total> over the root stage time estimates parallelism.
[905.998s][info][gc,stats       ] 
[905.998s][info][gc,stats       ] Concurrent Reset                    444 us
[905.998s][info][gc,stats       ] Pause Init Mark (G)                2183 us
[905.998s][info][gc,stats       ] Pause Init Mark (N)                1946 us
[905.998s][info][gc,stats       ]   Accumulate Stats                    4 us
[905.998s][info][gc,stats       ]   Make Parsable                      31 us
[905.998s][info][gc,stats       ]   Update Region States                7 us
[905.998s][info][gc,stats       ]   Scan Roots                       1258 us, parallelism: 1.24x
[905.998s][info][gc,stats       ]     S: <total>                     1556 us
[905.998s][info][gc,stats       ]     S: Thread Roots                 377 us, workers (us):  43,  29,   7,   2, 202,  94, ---, ---, ---, ---, ---, ---, ---, ---, ---, ---, ---, ---, ---, ---, ---, ---, ---, ---, 
[905.998s][info][gc,stats       ]     S: Universe Roots                17 us, workers (us):  17, ---, ---, ---, ---, ---, ---, ---, ---, ---, ---, ---, ---, ---, ---, ---, ---, ---, ---, ---, ---, ---, ---, ---, 
[905.998s][info][gc,stats       ]     S: JNI Handles Roots             17 us, workers (us): ---,  17, ---, ---, ---, ---, ---, ---, ---, ---, ---, ---, ---, ---, ---, ---, ---, ---, ---, ---, ---, ---, ---, ---, 
[905.998s][info][gc,stats       ]     S: Synchronizer Roots             0 us, workers (us): ---,   0, ---, ---, ---, ---, ---, ---, ---, ---, ---, ---, ---, ---, ---, ---, ---, ---, ---, ---, ---, ---, ---, ---, 
[905.998s][info][gc,stats       ]     S: Management Roots               1 us, workers (us): ---,   1, ---, ---, ---, ---, ---, ---, ---, ---, ---, ---, ---, ---, ---, ---, ---, ---, ---, ---, ---, ---, ---, ---, 
[905.998s][info][gc,stats       ]     S: System Dict Roots             36 us, workers (us): ---, ---,  36, ---, ---, ---, ---, ---, ---, ---, ---, ---, ---, ---, ---, ---, ---, ---, ---, ---, ---, ---, ---, ---, 
[905.998s][info][gc,stats       ]     S: CLDG Roots                  1108 us, workers (us):   5, ---, ---, 1096,   7, ---, ---, ---, ---, ---, ---, ---, ---, ---, ---, ---, ---, ---, ---, ---, ---, ---, ---, ---, 
[905.998s][info][gc,stats       ]     S: JVMTI Roots                    1 us, workers (us): ---, ---, ---,   1, ---, ---, ---, ---, ---, ---, ---, ---, ---, ---, ---, ---, ---, ---, ---, ---, ---, ---, ---, ---, 
[905.998s][info][gc,stats       ]   Resize TLABs                        4 us
[905.998s][info][gc,stats       ] Concurrent Marking                56681 us
[905.998s][info][gc,stats       ] Concurrent Precleaning             4531 us
[905.998s][info][gc,stats       ] Pause Final Mark (G)              58281 us
[905.998s][info][gc,stats       ] Pause Final Mark (N)              57000 us
[905.998s][info][gc,stats       ]   Finish Queues                     190 us
[905.998s][info][gc,stats       ]   Weak References                    23 us
[905.998s][info][gc,stats       ]     Process                          17 us
[905.998s][info][gc,stats       ]   System Purge                      327 us
[905.998s][info][gc,stats       ]     Unload Classes                   72 us
[905.998s][info][gc,stats       ]     Cleanup                       53615 us, parallelism: 1.77x
[905.998s][info][gc,stats       ]       CU: <total>                 94676 us
[905.998s][info][gc,stats       ]       CU: Code Cache Roots        73940 us, workers (us): 12195, 12119, 12185, 12837, 12565, 12040, ---, ---, ---, ---, ---, ---, ---, ---, ---, ---, ---, ---, ---, ---, ---, ---, ---, ---, 
[905.998s][info][gc,stats       ]       CU: Code Cache Cleaning      5110 us, workers (us): 895, 845, 847, 848, 842, 833, ---, ---, ---, ---, ---, ---, ---, ---, ---, ---, ---, ---, ---, ---, ---, ---, ---, ---, 
[905.998s][info][gc,stats       ]       CU: String Table Roots       3666 us, workers (us): 765, 841, 774,  74, 349, 863, ---, ---, ---, ---, ---, ---, ---, ---, ---, ---, ---, ---, ---, ---, ---, ---, ---, ---, 
[905.998s][info][gc,stats       ]       CU: Resolved Table Roots       13 us, workers (us):   0,   0,   0,   0,   0,  12, ---, ---, ---, ---, ---, ---, ---, ---, ---, ---, ---, ---, ---, ---, ---, ---, ---, ---, 
[905.998s][info][gc,stats       ]       CU: CLDG Roots              11947 us, workers (us): 1966, 2018, 2032, 1985, 1973, 1974, ---, ---, ---, ---, ---, ---, ---, ---, ---, ---, ---, ---, ---, ---, ---, ---, ---, ---, 
[905.998s][info][gc,stats       ]     Weak Roots                      327 us
[905.998s][info][gc,stats       ]     CLDG                              1 us
[905.998s][info][gc,stats       ]   Update Region States               25 us
[905.998s][info][gc,stats       ]   Retire TLABs                       41 us
[905.998s][info][gc,stats       ]   Choose Collection Set              49 us
[905.998s][info][gc,stats       ]   Rebuild Free Set                   10 us
[905.998s][info][gc,stats       ]   Initial Evacuation               2467 us, parallelism: 2.97x
[905.998s][info][gc,stats       ]     E: <total>                     7335 us
[905.998s][info][gc,stats       ]     E: Thread Roots                 150 us, workers (us):   1,   2,   1,   1, 143,   2, ---, ---, ---, ---, ---, ---, ---, ---, ---, ---, ---, ---, ---, ---, ---, ---, ---, ---, 
[905.998s][info][gc,stats       ]     E: Code Cache Roots            5840 us, workers (us): 1203, 501, 1073, 1278, 463, 1322, ---, ---, ---, ---, ---, ---, ---, ---, ---, ---, ---, ---, ---, ---, ---, ---, ---, ---, 
[905.998s][info][gc,stats       ]     E: Universe Roots                 4 us, workers (us):   4, ---, ---, ---, ---, ---, ---, ---, ---, ---, ---, ---, ---, ---, ---, ---, ---, ---, ---, ---, ---, ---, ---, ---, 
[905.999s][info][gc,stats       ]     E: JNI Handles Roots              2 us, workers (us):   2, ---, ---, ---, ---, ---, ---, ---, ---, ---, ---, ---, ---, ---, ---, ---, ---, ---, ---, ---, ---, ---, ---, ---, 
[905.999s][info][gc,stats       ]     E: Synchronizer Roots             0 us, workers (us):   0, ---, ---, ---, ---, ---, ---, ---, ---, ---, ---, ---, ---, ---, ---, ---, ---, ---, ---, ---, ---, ---, ---, ---, 
[905.999s][info][gc,stats       ]     E: Management Roots              15 us, workers (us):  15, ---, ---, ---, ---, ---, ---, ---, ---, ---, ---, ---, ---, ---, ---, ---, ---, ---, ---, ---, ---, ---, ---, ---, 
[905.999s][info][gc,stats       ]     E: System Dict Roots             24 us, workers (us): ---,  24, ---, ---, ---, ---, ---, ---, ---, ---, ---, ---, ---, ---, ---, ---, ---, ---, ---, ---, ---, ---, ---, ---, 
[905.999s][info][gc,stats       ]     E: CLDG Roots                  1299 us, workers (us):  88, 773, ---, ---, 438, ---, ---, ---, ---, ---, ---, ---, ---, ---, ---, ---, ---, ---, ---, ---, ---, ---, ---, ---, 
[905.999s][info][gc,stats       ]     E: JVMTI Roots                    1 us, workers (us):   1, ---, ---, ---, ---, ---, ---, ---, ---, ---, ---, ---, ---, ---, ---, ---, ---, ---, ---, ---, ---, ---, ---, ---, 
[905.999s][info][gc,stats       ] Concurrent Cleanup                 1511 us
[905.999s][info][gc,stats       ] Concurrent Evacuation              2795 us
[905.999s][info][gc,stats       ] Pause Init  Update Refs (G)         985 us
[905.999s][info][gc,stats       ] Pause Init  Update Refs (N)          80 us
[905.999s][info][gc,stats       ]   Retire GCLABs                      69 us
[905.999s][info][gc,stats       ] Concurrent Update Refs            17211 us
[905.999s][info][gc,stats       ] Pause Final Update Refs (G)        2021 us
[905.999s][info][gc,stats       ] Pause Final Update Refs (N)         179 us
[905.999s][info][gc,stats       ]   Update Roots                      142 us, parallelism: 1.25x
[905.999s][info][gc,stats       ]     UR: <total>                     177 us
[905.999s][info][gc,stats       ]     UR: Thread Roots                177 us, workers (us):  56,  28,  26,  30,  33,   4, ---, ---, ---, ---, ---, ---, ---, ---, ---, ---, ---, ---, ---, ---, ---, ---, ---, ---, 
[905.999s][info][gc,stats       ]   Update Region States               12 us
[905.999s][info][gc,stats       ]   Trash Collection Set                5 us
[905.999s][info][gc,stats       ]   Rebuild Free Set                   10 us
[905.999s][info][gc,stats       ] Concurrent Cleanup                  946 us
[905.999s][info][gc,stats       ] Pacing                            61429 us
[905.999s][info][gc,stats       ] 
[905.999s][info][gc,stats       ] Allocation pacing accrued:
[905.999s][info][gc,stats       ]      61 of   151 ms ( 40.7%): pl.nadoba.jvm.gc.benchmark.App.main()
[905.999s][info][gc,stats       ]      61 of   151 ms ( 40.7%): <total>
[905.999s][info][gc,stats       ]       6 of   151 ms (  4.1%): <average total>
[905.999s][info][gc,stats       ]      61 of   151 ms ( 40.7%): <average non-zero>
[905.999s][info][gc,stats       ] 
[905.999s][info][gc,metaspace   ] Metaspace: 24281K->24281K(1071104K)
[905.999s][info][gc,ergo        ] Pacer for Idle. Initial: 5242K, Alloc Tax Rate: 1.0x
[906.000s][info][gc             ] Trigger: Start next cycle immediately
[906.000s][info][gc,ergo        ] Free: 102M, Max: 256K regular, 99840K humongous, Frag: 5% external, 3% internal; Reserve: 13312K, Max: 256K
[906.000s][info][gc,start       ] GC(6815) Concurrent reset
[906.000s][info][gc,task        ] GC(6815) Using 6 of 24 workers for concurrent reset
[906.000s][info][gc,ergo        ] GC(6815) Pacer for Reset. Non-Taxable: 256M
[906.001s][info][gc             ] GC(6815) Concurrent reset 0.895ms
[906.002s][info][gc,start       ] GC(6815) Pause Init Mark (process weakrefs)
[906.002s][info][gc,task        ] GC(6815) Using 6 of 24 workers for init marking
[906.005s][info][gc,ergo        ] GC(6815) Pacer for Mark. Expected Live: 9434K, Free: 101995K, Non-Taxable: 10199K, Alloc Tax Rate: 0.1x
[906.005s][info][gc             ] GC(6815) Pause Init Mark (process weakrefs) 3.097ms
[906.005s][info][gc,start       ] GC(6815) Concurrent marking (process weakrefs)
[906.005s][info][gc,task        ] GC(6815) Using 6 of 24 workers for concurrent marking
[906.064s][info][gc             ] GC(6815) Concurrent marking (process weakrefs) 59.098ms
[906.064s][info][gc,start       ] GC(6815) Concurrent precleaning
[906.064s][info][gc,task        ] GC(6815) Using 1 of 24 workers for concurrent preclean
[906.064s][info][gc,ergo        ] GC(6815) Pacer for Precleaning. Non-Taxable: 256M
[906.068s][info][gc             ] GC(6815) Concurrent precleaning 3.812ms
[906.069s][info][gc,start       ] GC(6815) Pause Final Mark (process weakrefs)
[906.069s][info][gc,task        ] GC(6815) Using 6 of 24 workers for final marking
[906.070s][info][gc,ergo        ] GC(6815) Collectable Garbage: 125M (100%), Immediate: 125M (99%), CSet: 748K (0%)
[906.073s][info][gc,ergo        ] GC(6815) Pacer for Evacuation. Used CSet: 4608K, Free: 180M, Non-Taxable: 18468K, Alloc Tax Rate: 1.1x
[906.073s][info][gc             ] GC(6815) Pause Final Mark (process weakrefs) 4.177ms
[906.073s][info][gc,start       ] GC(6815) Concurrent cleanup
[906.091s][info][gc             ] GC(6815) Concurrent cleanup 186M->80M(256M) 17.991ms
[906.091s][info][gc,ergo        ] GC(6815) Free: 160M, Max: 256K regular, 111M humongous, Frag: 31% external, 1% internal; Reserve: 12544K, Max: 256K
[906.091s][info][gc,start       ] GC(6815) Concurrent evacuation
[906.091s][info][gc,task        ] GC(6815) Using 6 of 24 workers for concurrent evacuation
[906.095s][info][gc             ] GC(6815) Concurrent evacuation 4.233ms
[906.095s][info][gc,start       ] GC(6815) Pause Init Update Refs
[906.096s][info][gc,ergo        ] GC(6815) Pacer for Update Refs. Used: 86932K, Free: 160M, Non-Taxable: 16394K, Alloc Tax Rate: 1.1x
[906.096s][info][gc             ] GC(6815) Pause Init Update Refs 0.343ms
[906.096s][info][gc,start       ] GC(6815) Concurrent update references
[906.096s][info][gc,task        ] GC(6815) Using 6 of 24 workers for concurrent reference update
[906.113s][info][gc             ] GC(6815) Concurrent update references 16.924ms
[906.114s][info][gc,start       ] GC(6815) Pause Final Update Refs
[906.114s][info][gc,task        ] GC(6815) Using 6 of 24 workers for final reference update
[906.115s][info][gc             ] GC(6815) Pause Final Update Refs 0.299ms
[906.115s][info][gc,start       ] GC(6815) Concurrent cleanup
[906.116s][info][gc             ] GC(6815) Concurrent cleanup 137M->133M(256M) 0.841ms
[906.116s][info][gc             ] GC(6815) Dat log --- cycle is complete
Current gc epoch: 5526
heap: ______
capacity: 268435456
used: 139875664
committed: 268435456
bytes_allocated_since_gc_start: 136053264
hot_size: 0
cold_size: 2930585
num_regions: 1024
hot_region_count: 18446744073709405548
cold_region_count: 146089
histogram: Placeholder

[906.116s][info][gc             ] GC(6815) Obj count ac histogram
[906.116s][info][gc             ] GC(6815) 	0: 198173
[906.116s][info][gc             ] GC(6815) 	1: 15
[906.116s][info][gc             ] GC(6815) 	2: 4110
[906.116s][info][gc             ] GC(6815) 	3: 4203
[906.116s][info][gc             ] GC(6815) 	4: 896
[906.116s][info][gc             ] GC(6815) 	5: 15
[906.116s][info][gc             ] GC(6815) 	6: 0
[906.116s][info][gc             ] GC(6815) 	7: 0
[906.116s][info][gc             ] GC(6815) 	8: 0
[906.116s][info][gc             ] GC(6815) 	9: 0
[906.116s][info][gc             ] GC(6815) 	10: 0
[906.116s][info][gc             ] GC(6815) 	11: 0
[906.116s][info][gc             ] GC(6815) 	12: 0
[906.116s][info][gc             ] GC(6815) 	13: 0
[906.116s][info][gc             ] GC(6815) 	14: 0
[906.116s][info][gc             ] GC(6815) 	15: 0
[906.116s][info][gc             ] GC(6815) 	16: 0
[906.116s][info][gc             ] GC(6815) 	17: 0
[906.116s][info][gc             ] GC(6815) 	18: 0
[906.116s][info][gc             ] GC(6815) 	19: 0
[906.116s][info][gc             ] GC(6815) Obj size ac histogram
[906.116s][info][gc             ] GC(6815) 	0: 2117534
[906.116s][info][gc             ] GC(6815) 	1: 720
[906.116s][info][gc             ] GC(6815) 	2: 58589
[906.116s][info][gc             ] GC(6815) 	3: 39739
[906.116s][info][gc             ] GC(6815) 	4: 5552
[906.116s][info][gc             ] GC(6815) 	5: 150
[906.116s][info][gc             ] GC(6815) 	6: 0
[906.116s][info][gc             ] GC(6815) 	7: 0
[906.116s][info][gc             ] GC(6815) 	8: 0
[906.116s][info][gc             ] GC(6815) 	9: 0
[906.116s][info][gc             ] GC(6815) 	10: 0
[906.116s][info][gc             ] GC(6815) 	11: 0
[906.116s][info][gc             ] GC(6815) 	12: 0
[906.116s][info][gc             ] GC(6815) 	13: 0
[906.116s][info][gc             ] GC(6815) 	14: 0
[906.116s][info][gc             ] GC(6815) 	15: 0
[906.116s][info][gc             ] GC(6815) 	16: 0
[906.116s][info][gc             ] GC(6815) 	17: 0
[906.116s][info][gc             ] GC(6815) 	18: 0
[906.116s][info][gc             ] GC(6815) 	19: 0
[906.116s][info][gc,ergo        ] Free: 96363K, Max: 256K regular, 47616K humongous, Frag: 51% external, 3% internal; Reserve: 13312K, Max: 256K
[906.116s][info][gc,stats       ] 
[906.116s][info][gc,stats       ] All times are wall-clock times, except per-root-class counters, that are sum over
[906.116s][info][gc,stats       ] all workers. Dividing the <total> over the root stage time estimates parallelism.
[906.116s][info][gc,stats       ] 
[906.116s][info][gc,stats       ] Concurrent Reset                    878 us
[906.116s][info][gc,stats       ] Pause Init Mark (G)                3852 us
[906.116s][info][gc,stats       ] Pause Init Mark (N)                3078 us
[906.116s][info][gc,stats       ]   Accumulate Stats                    5 us
[906.116s][info][gc,stats       ]   Make Parsable                      41 us
[906.116s][info][gc,stats       ]   Update Region States               10 us
[906.116s][info][gc,stats       ]   Scan Roots                       2416 us, parallelism: 1.69x
[906.116s][info][gc,stats       ]     S: <total>                     4090 us
[906.116s][info][gc,stats       ]     S: Thread Roots                 507 us, workers (us): 127, 273,   1,   2,   2, 102, ---, ---, ---, ---, ---, ---, ---, ---, ---, ---, ---, ---, ---, ---, ---, ---, ---, ---, 
[906.116s][info][gc,stats       ]     S: Universe Roots                33 us, workers (us):  33, ---, ---, ---, ---, ---, ---, ---, ---, ---, ---, ---, ---, ---, ---, ---, ---, ---, ---, ---, ---, ---, ---, ---, 
[906.116s][info][gc,stats       ]     S: JNI Handles Roots             23 us, workers (us): ---,  23, ---, ---, ---, ---, ---, ---, ---, ---, ---, ---, ---, ---, ---, ---, ---, ---, ---, ---, ---, ---, ---, ---, 
[906.116s][info][gc,stats       ]     S: Synchronizer Roots             0 us, workers (us):   0, ---, ---, ---, ---, ---, ---, ---, ---, ---, ---, ---, ---, ---, ---, ---, ---, ---, ---, ---, ---, ---, ---, ---, 
[906.116s][info][gc,stats       ]     S: Management Roots               3 us, workers (us):   3, ---, ---, ---, ---, ---, ---, ---, ---, ---, ---, ---, ---, ---, ---, ---, ---, ---, ---, ---, ---, ---, ---, ---, 
[906.116s][info][gc,stats       ]     S: System Dict Roots             46 us, workers (us):  46, ---, ---, ---, ---, ---, ---, ---, ---, ---, ---, ---, ---, ---, ---, ---, ---, ---, ---, ---, ---, ---, ---, ---, 
[906.116s][info][gc,stats       ]     S: CLDG Roots                  3477 us, workers (us): ---, ---, 1003, 242, 2232, ---, ---, ---, ---, ---, ---, ---, ---, ---, ---, ---, ---, ---, ---, ---, ---, ---, ---, ---, 
[906.116s][info][gc,stats       ]     S: JVMTI Roots                    1 us, workers (us): ---,   1, ---, ---, ---, ---, ---, ---, ---, ---, ---, ---, ---, ---, ---, ---, ---, ---, ---, ---, ---, ---, ---, ---, 
[906.116s][info][gc,stats       ]   Resize TLABs                        5 us
[906.116s][info][gc,stats       ] Concurrent Marking                59045 us
[906.116s][info][gc,stats       ] Concurrent Precleaning             3789 us
[906.116s][info][gc,stats       ] Pause Final Mark (G)               5109 us
[906.116s][info][gc,stats       ] Pause Final Mark (N)               4149 us
[906.116s][info][gc,stats       ]   Finish Queues                     200 us
[906.116s][info][gc,stats       ]   Weak References                    27 us
[906.116s][info][gc,stats       ]     Process                          20 us
[906.116s][info][gc,stats       ]   System Purge                      221 us
[906.116s][info][gc,stats       ]     Weak Roots                      220 us
[906.116s][info][gc,stats       ]   Update Region States               31 us
[906.116s][info][gc,stats       ]   Retire TLABs                       45 us
[906.116s][info][gc,stats       ]   Choose Collection Set             512 us
[906.116s][info][gc,stats       ]   Rebuild Free Set                   30 us
[906.116s][info][gc,stats       ]   Initial Evacuation               3068 us, parallelism: 1.91x
[906.116s][info][gc,stats       ]     E: <total>                     5870 us
[906.116s][info][gc,stats       ]     E: Thread Roots                 102 us, workers (us):   1,   2,   2,  55,  41,   1, ---, ---, ---, ---, ---, ---, ---, ---, ---, ---, ---, ---, ---, ---, ---, ---, ---, ---, 
[906.116s][info][gc,stats       ]     E: Code Cache Roots            4985 us, workers (us): 960, 1147, 905, 390, 562, 1022, ---, ---, ---, ---, ---, ---, ---, ---, ---, ---, ---, ---, ---, ---, ---, ---, ---, ---, 
[906.116s][info][gc,stats       ]     E: Universe Roots                 5 us, workers (us):   5, ---, ---, ---, ---, ---, ---, ---, ---, ---, ---, ---, ---, ---, ---, ---, ---, ---, ---, ---, ---, ---, ---, ---, 
[906.116s][info][gc,stats       ]     E: JNI Handles Roots              4 us, workers (us): ---,   4, ---, ---, ---, ---, ---, ---, ---, ---, ---, ---, ---, ---, ---, ---, ---, ---, ---, ---, ---, ---, ---, ---, 
[906.116s][info][gc,stats       ]     E: Synchronizer Roots             1 us, workers (us): ---,   1, ---, ---, ---, ---, ---, ---, ---, ---, ---, ---, ---, ---, ---, ---, ---, ---, ---, ---, ---, ---, ---, ---, 
[906.116s][info][gc,stats       ]     E: Management Roots               4 us, workers (us): ---, ---,   4, ---, ---, ---, ---, ---, ---, ---, ---, ---, ---, ---, ---, ---, ---, ---, ---, ---, ---, ---, ---, ---, 
[906.116s][info][gc,stats       ]     E: System Dict Roots             10 us, workers (us):  10, ---, ---, ---, ---, ---, ---, ---, ---, ---, ---, ---, ---, ---, ---, ---, ---, ---, ---, ---, ---, ---, ---, ---, 
[906.116s][info][gc,stats       ]     E: CLDG Roots                   759 us, workers (us): ---,  53, ---, 437, 269, ---, ---, ---, ---, ---, ---, ---, ---, ---, ---, ---, ---, ---, ---, ---, ---, ---, ---, ---, 
[906.116s][info][gc,stats       ]     E: JVMTI Roots                    1 us, workers (us): ---,   1, ---, ---, ---, ---, ---, ---, ---, ---, ---, ---, ---, ---, ---, ---, ---, ---, ---, ---, ---, ---, ---, ---, 
[906.116s][info][gc,stats       ] Concurrent Cleanup                17945 us
[906.116s][info][gc,stats       ] Concurrent Evacuation              4221 us
[906.116s][info][gc,stats       ] Pause Init  Update Refs (G)         577 us
[906.116s][info][gc,stats       ] Pause Init  Update Refs (N)         302 us
[906.116s][info][gc,stats       ]   Retire GCLABs                     281 us
[906.116s][info][gc,stats       ] Concurrent Update Refs            16907 us
[906.117s][info][gc,stats       ] Pause Final Update Refs (G)        2041 us
[906.117s][info][gc,stats       ] Pause Final Update Refs (N)         263 us
[906.117s][info][gc,stats       ]   Update Roots                      177 us, parallelism: 1.13x
[906.117s][info][gc,stats       ]     UR: <total>                     201 us
[906.117s][info][gc,stats       ]     UR: Thread Roots                201 us, workers (us):  29,  81,  15,  20,  52,   4, ---, ---, ---, ---, ---, ---, ---, ---, ---, ---, ---, ---, ---, ---, ---, ---, ---, ---, 
[906.117s][info][gc,stats       ]   Update Region States               25 us
[906.117s][info][gc,stats       ]   Trash Collection Set               11 us
[906.117s][info][gc,stats       ]   Rebuild Free Set                   31 us
[906.117s][info][gc,stats       ] Concurrent Cleanup                  793 us
[906.117s][info][gc,stats       ] Pacing                            76432 us
[906.117s][info][gc,stats       ] 
[906.117s][info][gc,stats       ] Allocation pacing accrued:
[906.117s][info][gc,stats       ]      76 of   118 ms ( 64.9%): pl.nadoba.jvm.gc.benchmark.App.main()
[906.117s][info][gc,stats       ]      76 of   118 ms ( 64.9%): <total>
[906.117s][info][gc,stats       ]       8 of   118 ms (  6.5%): <average total>
[906.117s][info][gc,stats       ]      76 of   118 ms ( 64.9%): <average non-zero>
[906.117s][info][gc,stats       ] 
[906.117s][info][gc,metaspace   ] Metaspace: 24281K->24281K(1071104K)
[906.117s][info][gc,ergo        ] Pacer for Idle. Initial: 5242K, Alloc Tax Rate: 1.0x
[906.118s][info][gc             ] Trigger: Start next cycle immediately
[906.118s][info][gc,ergo        ] Free: 95083K, Max: 256K regular, 46336K humongous, Frag: 52% external, 4% internal; Reserve: 13312K, Max: 256K
[906.118s][info][gc,start       ] GC(6816) Concurrent reset
[906.118s][info][gc,task        ] GC(6816) Using 6 of 24 workers for concurrent reset
[906.118s][info][gc,ergo        ] GC(6816) Pacer for Reset. Non-Taxable: 256M
[906.119s][info][gc             ] GC(6816) Concurrent reset 0.781ms
[906.120s][info][gc,start       ] GC(6816) Pause Init Mark (process weakrefs) (unload classes)
[906.120s][info][gc,task        ] GC(6816) Using 6 of 24 workers for init marking
[906.122s][info][gc,ergo        ] GC(6816) Pacer for Mark. Expected Live: 10049K, Free: 85355K, Non-Taxable: 8535K, Alloc Tax Rate: 0.1x
[906.122s][info][gc             ] GC(6816) Pause Init Mark (process weakrefs) (unload classes) 1.918ms
[906.122s][info][gc,start       ] GC(6816) Concurrent marking (process weakrefs) (unload classes)
[906.122s][info][gc,task        ] GC(6816) Using 6 of 24 workers for concurrent marking
[906.190s][info][gc             ] GC(6816) Concurrent marking (process weakrefs) (unload classes) 68.343ms
[906.191s][info][gc,start       ] GC(6816) Concurrent precleaning
[906.191s][info][gc,task        ] GC(6816) Using 1 of 24 workers for concurrent preclean
[906.191s][info][gc,ergo        ] GC(6816) Pacer for Precleaning. Non-Taxable: 256M
[906.193s][info][gc             ] Failed to allocate Shared, 6144K
[906.193s][info][gc             ] Cancelling GC: Allocation Failure
[906.193s][info][gc             ] GC(6816) Concurrent precleaning 2.338ms
[906.193s][info][gc,start       ] GC(6816) Pause Final Mark (process weakrefs) (unload classes)
[906.193s][info][gc,task        ] GC(6816) Using 6 of 24 workers for final marking
[906.193s][info][gc             ] GC(6816) Pause Final Mark (process weakrefs) (unload classes) 0.168ms
[906.193s][info][gc,start       ] GC(6816) Concurrent cleanup
[906.193s][info][gc             ] GC(6816) Concurrent cleanup 223M->223M(256M) 0.109ms
[906.194s][info][gc,ergo        ] GC(6816) Free: 8555K, Max: 256K regular, 2560K humongous, Frag: 69% external, 25% internal; Reserve: 13312K, Max: 256K
[906.194s][info][gc             ] GC(6816) Dat log --- cycle is complete
Current gc epoch: 5527
heap: ______
capacity: 268435456
used: 234510256
committed: 268435456
bytes_allocated_since_gc_start: 88604936
hot_size: 0
cold_size: 3655788
num_regions: 1024
hot_region_count: 18446744073709405548
cold_region_count: 146089
histogram: Placeholder

[906.194s][info][gc             ] GC(6816) Obj count ac histogram
[906.194s][info][gc             ] GC(6816) 	0: 210517
[906.194s][info][gc             ] GC(6816) 	1: 16
[906.194s][info][gc             ] GC(6816) 	2: 4311
[906.194s][info][gc             ] GC(6816) 	3: 4152
[906.194s][info][gc             ] GC(6816) 	4: 764
[906.194s][info][gc             ] GC(6816) 	5: 15
[906.194s][info][gc             ] GC(6816) 	6: 0
[906.194s][info][gc             ] GC(6816) 	7: 0
[906.194s][info][gc             ] GC(6816) 	8: 0
[906.194s][info][gc             ] GC(6816) 	9: 0
[906.194s][info][gc             ] GC(6816) 	10: 0
[906.194s][info][gc             ] GC(6816) 	11: 0
[906.194s][info][gc             ] GC(6816) 	12: 0
[906.194s][info][gc             ] GC(6816) 	13: 0
[906.194s][info][gc             ] GC(6816) 	14: 0
[906.194s][info][gc             ] GC(6816) 	15: 0
[906.194s][info][gc             ] GC(6816) 	16: 0
[906.194s][info][gc             ] GC(6816) 	17: 0
[906.194s][info][gc             ] GC(6816) 	18: 0
[906.194s][info][gc             ] GC(6816) 	19: 0
[906.194s][info][gc             ] GC(6816) Obj size ac histogram
[906.194s][info][gc             ] GC(6816) 	0: 2066138
[906.194s][info][gc             ] GC(6816) 	1: 730
[906.194s][info][gc             ] GC(6816) 	2: 55146
[906.194s][info][gc             ] GC(6816) 	3: 38683
[906.194s][info][gc             ] GC(6816) 	4: 4645
[906.194s][info][gc             ] GC(6816) 	5: 150
[906.194s][info][gc             ] GC(6816) 	6: 0
[906.194s][info][gc             ] GC(6816) 	7: 0
[906.194s][info][gc             ] GC(6816) 	8: 0
[906.194s][info][gc             ] GC(6816) 	9: 0
[906.194s][info][gc             ] GC(6816) 	10: 0
[906.194s][info][gc             ] GC(6816) 	11: 0
[906.194s][info][gc             ] GC(6816) 	12: 0
[906.194s][info][gc             ] GC(6816) 	13: 0
[906.194s][info][gc             ] GC(6816) 	14: 0
[906.194s][info][gc             ] GC(6816) 	15: 0
[906.194s][info][gc             ] GC(6816) 	16: 0
[906.194s][info][gc             ] GC(6816) 	17: 0
[906.194s][info][gc             ] GC(6816) 	18: 0
[906.194s][info][gc             ] GC(6816) 	19: 0
[906.194s][info][gc,ergo        ] Free: 8555K, Max: 256K regular, 2560K humongous, Frag: 69% external, 25% internal; Reserve: 13312K, Max: 256K
[906.194s][info][gc,stats       ] 
[906.194s][info][gc,stats       ] All times are wall-clock times, except per-root-class counters, that are sum over
[906.194s][info][gc,stats       ] all workers. Dividing the <total> over the root stage time estimates parallelism.
[906.194s][info][gc,stats       ] 
[906.194s][info][gc,stats       ] Concurrent Reset                    766 us
[906.194s][info][gc,stats       ] Pause Init Mark (G)                3522 us
[906.194s][info][gc,stats       ] Pause Init Mark (N)                1869 us
[906.194s][info][gc,stats       ]   Accumulate Stats                    6 us
[906.194s][info][gc,stats       ]   Make Parsable                      51 us
[906.194s][info][gc,stats       ]   Update Region States               33 us
[906.194s][info][gc,stats       ]   Scan Roots                        918 us, parallelism: 1.34x
[906.194s][info][gc,stats       ]     S: <total>                     1235 us
[906.194s][info][gc,stats       ]     S: Thread Roots                 376 us, workers (us):  37,   1,  29, 196,  26,  87, ---, ---, ---, ---, ---, ---, ---, ---, ---, ---, ---, ---, ---, ---, ---, ---, ---, ---, 
[906.194s][info][gc,stats       ]     S: Universe Roots                16 us, workers (us):  16, ---, ---, ---, ---, ---, ---, ---, ---, ---, ---, ---, ---, ---, ---, ---, ---, ---, ---, ---, ---, ---, ---, ---, 
[906.194s][info][gc,stats       ]     S: JNI Handles Roots             19 us, workers (us): ---, ---,  19, ---, ---, ---, ---, ---, ---, ---, ---, ---, ---, ---, ---, ---, ---, ---, ---, ---, ---, ---, ---, ---, 
[906.194s][info][gc,stats       ]     S: Synchronizer Roots             0 us, workers (us):   0, ---, ---, ---, ---, ---, ---, ---, ---, ---, ---, ---, ---, ---, ---, ---, ---, ---, ---, ---, ---, ---, ---, ---, 
[906.194s][info][gc,stats       ]     S: Management Roots               1 us, workers (us):   1, ---, ---, ---, ---, ---, ---, ---, ---, ---, ---, ---, ---, ---, ---, ---, ---, ---, ---, ---, ---, ---, ---, ---, 
[906.194s][info][gc,stats       ]     S: System Dict Roots             20 us, workers (us):  20, ---, ---, ---, ---, ---, ---, ---, ---, ---, ---, ---, ---, ---, ---, ---, ---, ---, ---, ---, ---, ---, ---, ---, 
[906.194s][info][gc,stats       ]     S: CLDG Roots                   801 us, workers (us):  15, 772,  15, ---, ---, ---, ---, ---, ---, ---, ---, ---, ---, ---, ---, ---, ---, ---, ---, ---, ---, ---, ---, ---, 
[906.194s][info][gc,stats       ]     S: JVMTI Roots                    1 us, workers (us): ---, ---,   1, ---, ---, ---, ---, ---, ---, ---, ---, ---, ---, ---, ---, ---, ---, ---, ---, ---, ---, ---, ---, ---, 
[906.194s][info][gc,stats       ]   Resize TLABs                        4 us
[906.194s][info][gc,stats       ] Concurrent Marking                68290 us
[906.194s][info][gc,stats       ] Concurrent Precleaning             2315 us
[906.194s][info][gc,stats       ] Pause Final Mark (G)                455 us
[906.194s][info][gc,stats       ] Pause Final Mark (N)                127 us
[906.194s][info][gc,stats       ] Concurrent Cleanup                   85 us
[906.194s][info][gc,stats       ] Pacing                            54858 us
[906.194s][info][gc,stats       ] 
[906.194s][info][gc,stats       ] Allocation pacing accrued:
[906.194s][info][gc,stats       ]      55 of    78 ms ( 70.5%): pl.nadoba.jvm.gc.benchmark.App.main()
[906.194s][info][gc,stats       ]      55 of    78 ms ( 70.5%): <total>
[906.194s][info][gc,stats       ]       5 of    78 ms (  7.1%): <average total>
[906.194s][info][gc,stats       ]      55 of    78 ms ( 70.5%): <average non-zero>
[906.194s][info][gc,stats       ] 
[906.194s][info][gc,metaspace   ] Metaspace: 24281K->24281K(1071104K)
[906.195s][info][gc,ergo        ] Pacer for Idle. Initial: 5242K, Alloc Tax Rate: 1.0x
[906.196s][info][gc             ] Trigger: Handle Allocation Failure
[906.196s][info][gc,ergo        ] Free: 8555K, Max: 256K regular, 2560K humongous, Frag: 69% external, 25% internal; Reserve: 13312K, Max: 256K
[906.196s][info][gc,start       ] GC(6817) Pause Degenerated GC (Outside of Cycle)
[906.196s][info][gc,task        ] GC(6817) Using 6 of 24 workers for stw degenerated gc
[906.196s][info][gc,ergo        ] GC(6817) Pacer for Reset. Non-Taxable: 256M
[906.198s][info][gc,ergo        ] GC(6817) Pacer for Mark. Expected Live: 10459K, Free: 8555K, Non-Taxable: 855K, Alloc Tax Rate: 1.5x
[906.323s][info][gc,stringtable ] GC(6817) Cleaned string and symbol table, strings: 8172 processed, 0 removed, symbols: 68000 processed, 0 removed
[906.324s][info][gc,ergo        ] GC(6817) Collectable Garbage: 215M (100%), Immediate: 213M (99%), CSet: 1772K (0%)
[906.324s][info][gc,ergo        ] GC(6817) Pacer for Evacuation. Used CSet: 5632K, Free: 232M, Non-Taxable: 23844K, Alloc Tax Rate: 1.1x
[906.352s][info][gc,ergo        ] GC(6817) Pacer for Update Refs. Used: 15252K, Free: 232M, Non-Taxable: 23844K, Alloc Tax Rate: 1.1x
[906.369s][info][gc,ergo        ] GC(6817) Good progress for free space: 233M, need 2621K
[906.369s][info][gc,ergo        ] GC(6817) Good progress for used space: 214M, need 256K
[906.369s][info][gc             ] GC(6817) Pause Degenerated GC (Outside of Cycle) 223M->9M(256M) 172.934ms
[906.369s][info][gc,ergo        ] Free: 233M, Max: 256K regular, 228M humongous, Frag: 2% external, 1% internal; Reserve: 13312K, Max: 256K
[906.369s][info][gc,stats       ] 
[906.369s][info][gc,stats       ] All times are wall-clock times, except per-root-class counters, that are sum over
[906.369s][info][gc,stats       ] all workers. Dividing the <total> over the root stage time estimates parallelism.
[906.369s][info][gc,stats       ] 
[906.369s][info][gc,stats       ]   Accumulate Stats                    8 us
[906.369s][info][gc,stats       ]   Make Parsable                      52 us
[906.369s][info][gc,stats       ]   Update Region States               16 us
[906.369s][info][gc,stats       ]   Scan Roots                        697 us, parallelism: 1.51x
[906.369s][info][gc,stats       ]     S: <total>                     1052 us
[906.369s][info][gc,stats       ]     S: Thread Roots                 348 us, workers (us): 133,  10,   1,  90,  48,  66, ---, ---, ---, ---, ---, ---, ---, ---, ---, ---, ---, ---, ---, ---, ---, ---, ---, ---, 
[906.369s][info][gc,stats       ]     S: Universe Roots                37 us, workers (us):  37, ---, ---, ---, ---, ---, ---, ---, ---, ---, ---, ---, ---, ---, ---, ---, ---, ---, ---, ---, ---, ---, ---, ---, 
[906.369s][info][gc,stats       ]     S: JNI Handles Roots             18 us, workers (us): ---, ---, ---,  18, ---, ---, ---, ---, ---, ---, ---, ---, ---, ---, ---, ---, ---, ---, ---, ---, ---, ---, ---, ---, 
[906.369s][info][gc,stats       ]     S: Synchronizer Roots             0 us, workers (us): ---,   0, ---, ---, ---, ---, ---, ---, ---, ---, ---, ---, ---, ---, ---, ---, ---, ---, ---, ---, ---, ---, ---, ---, 
[906.369s][info][gc,stats       ]     S: Management Roots               2 us, workers (us): ---,   2, ---, ---, ---, ---, ---, ---, ---, ---, ---, ---, ---, ---, ---, ---, ---, ---, ---, ---, ---, ---, ---, ---, 
[906.369s][info][gc,stats       ]     S: System Dict Roots             61 us, workers (us): ---,  61, ---, ---, ---, ---, ---, ---, ---, ---, ---, ---, ---, ---, ---, ---, ---, ---, ---, ---, ---, ---, ---, ---, 
[906.369s][info][gc,stats       ]     S: CLDG Roots                   586 us, workers (us): ---, ---, 563, ---,  11,  11, ---, ---, ---, ---, ---, ---, ---, ---, ---, ---, ---, ---, ---, ---, ---, ---, ---, ---, 
[906.369s][info][gc,stats       ]     S: JVMTI Roots                    1 us, workers (us): ---, ---,   1, ---, ---, ---, ---, ---, ---, ---, ---, ---, ---, ---, ---, ---, ---, ---, ---, ---, ---, ---, ---, ---, 
[906.369s][info][gc,stats       ]   Resize TLABs                        5 us
[906.369s][info][gc,stats       ]   Finish Queues                   62884 us
[906.369s][info][gc,stats       ]   Weak References                  2921 us
[906.369s][info][gc,stats       ]     Process                        2908 us
[906.369s][info][gc,stats       ]   System Purge                      221 us
[906.369s][info][gc,stats       ]     Unload Classes                   89 us
[906.369s][info][gc,stats       ]     Cleanup                       58493 us, parallelism: 1.76x
[906.369s][info][gc,stats       ]       CU: <total>                103203 us
[906.369s][info][gc,stats       ]       CU: Code Cache Roots        85209 us, workers (us): 14138, 14303, 14087, 14105, 14154, 14422, ---, ---, ---, ---, ---, ---, ---, ---, ---, ---, ---, ---, ---, ---, ---, ---, ---, ---, 
[906.370s][info][gc,stats       ]       CU: Code Cache Cleaning      4264 us, workers (us): 688, 675, 689, 688, 688, 835, ---, ---, ---, ---, ---, ---, ---, ---, ---, ---, ---, ---, ---, ---, ---, ---, ---, ---, 
[906.370s][info][gc,stats       ]       CU: String Table Roots       3130 us, workers (us): 614, 431, 631, 609, 557, 287, ---, ---, ---, ---, ---, ---, ---, ---, ---, ---, ---, ---, ---, ---, ---, ---, ---, ---, 
[906.370s][info][gc,stats       ]       CU: Resolved Table Roots       18 us, workers (us):   0,  17,   0,   0,   0,   0, ---, ---, ---, ---, ---, ---, ---, ---, ---, ---, ---, ---, ---, ---, ---, ---, ---, ---, 
[906.370s][info][gc,stats       ]       CU: CLDG Roots              10583 us, workers (us): 1766, 1808, 1778, 1800, 1809, 1622, ---, ---, ---, ---, ---, ---, ---, ---, ---, ---, ---, ---, ---, ---, ---, ---, ---, ---, 
[906.370s][info][gc,stats       ]     Weak Roots                      220 us
[906.370s][info][gc,stats       ]     CLDG                              0 us
[906.370s][info][gc,stats       ]   Update Region States               20 us
[906.370s][info][gc,stats       ]   Retire TLABs                        7 us
[906.370s][info][gc,stats       ]   Choose Collection Set             530 us
[906.370s][info][gc,stats       ]   Rebuild Free Set                   21 us
[906.370s][info][gc,stats       ]   Initial Evacuation                  7 us
[906.370s][info][gc,stats       ]   Retire GCLABs                     174 us
[906.370s][info][gc,stats       ]   Finish Work                     14673 us
[906.370s][info][gc,stats       ]   Update Region States               21 us
[906.370s][info][gc,stats       ]   Trash Collection Set                5 us
[906.370s][info][gc,stats       ]   Rebuild Free Set                   12 us
[906.370s][info][gc,stats       ] Pause Degenerated GC (G)         173296 us
[906.370s][info][gc,stats       ] Pause Degenerated GC (N)         172893 us
[906.370s][info][gc,stats       ]   Degen Update Roots               1329 us, parallelism: 3.83x
[906.370s][info][gc,stats       ]     DU: <total>                    5089 us
[906.370s][info][gc,stats       ]     DU: Thread Roots                184 us, workers (us):  35,  75,   1,   1,  31,  40, ---, ---, ---, ---, ---, ---, ---, ---, ---, ---, ---, ---, ---, ---, ---, ---, ---, ---, 
[906.370s][info][gc,stats       ]     DU: Code Cache Roots           4210 us, workers (us): 459, 430, 889, 954, 738, 740, ---, ---, ---, ---, ---, ---, ---, ---, ---, ---, ---, ---, ---, ---, ---, ---, ---, ---, 
[906.370s][info][gc,stats       ]     DU: Universe Roots                5 us, workers (us):   5, ---, ---, ---, ---, ---, ---, ---, ---, ---, ---, ---, ---, ---, ---, ---, ---, ---, ---, ---, ---, ---, ---, ---, 
[906.370s][info][gc,stats       ]     DU: JNI Handles Roots             6 us, workers (us): ---,   6, ---, ---, ---, ---, ---, ---, ---, ---, ---, ---, ---, ---, ---, ---, ---, ---, ---, ---, ---, ---, ---, ---, 
[906.370s][info][gc,stats       ]     DU: Synchronizer Roots            1 us, workers (us):   1, ---, ---, ---, ---, ---, ---, ---, ---, ---, ---, ---, ---, ---, ---, ---, ---, ---, ---, ---, ---, ---, ---, ---, 
[906.370s][info][gc,stats       ]     DU: Management Roots              2 us, workers (us):   2, ---, ---, ---, ---, ---, ---, ---, ---, ---, ---, ---, ---, ---, ---, ---, ---, ---, ---, ---, ---, ---, ---, ---, 
[906.370s][info][gc,stats       ]     DU: System Dict Roots             8 us, workers (us):   8, ---, ---, ---, ---, ---, ---, ---, ---, ---, ---, ---, ---, ---, ---, ---, ---, ---, ---, ---, ---, ---, ---, ---, 
[906.370s][info][gc,stats       ]     DU: CLDG Roots                  673 us, workers (us): 309, 300,  65, ---, ---, ---, ---, ---, ---, ---, ---, ---, ---, ---, ---, ---, ---, ---, ---, ---, ---, ---, ---, ---, 
[906.370s][info][gc,stats       ]     DU: JVMTI Roots                   1 us, workers (us): ---,   1, ---, ---, ---, ---, ---, ---, ---, ---, ---, ---, ---, ---, ---, ---, ---, ---, ---, ---, ---, ---, ---, ---, 
[906.370s][info][gc,stats       ] 
[906.370s][info][gc,stats       ] Allocation pacing accrued:
[906.370s][info][gc,stats       ]       0 of   176 ms (  0.0%): <total>
[906.370s][info][gc,stats       ]       0 of   176 ms (  0.0%): <average total>
[906.370s][info][gc,stats       ] 
[906.370s][info][gc,metaspace   ] Metaspace: 24281K->24281K(1071104K)
[906.370s][info][gc,ergo        ] Pacer for Idle. Initial: 5242K, Alloc Tax Rate: 1.0x
[906.371s][info][gc             ] Trigger: Start next cycle immediately
[906.371s][info][gc,ergo        ] Free: 227M, Max: 256K regular, 222M humongous, Frag: 2% external, 1% internal; Reserve: 13312K, Max: 256K
[906.371s][info][gc,start       ] GC(6818) Concurrent reset
[906.371s][info][gc,task        ] GC(6818) Using 6 of 24 workers for concurrent reset
[906.371s][info][gc,ergo        ] GC(6818) Pacer for Reset. Non-Taxable: 256M
[906.372s][info][gc             ] GC(6818) Concurrent reset 0.408ms
[906.372s][info][gc,start       ] GC(6818) Pause Init Mark (process weakrefs) (unload classes)
[906.372s][info][gc,task        ] GC(6818) Using 6 of 24 workers for init marking
[906.373s][info][gc,ergo        ] GC(6818) Pacer for Mark. Expected Live: 10459K, Free: 227M, Non-Taxable: 23255K, Alloc Tax Rate: 0.1x
[906.373s][info][gc             ] GC(6818) Pause Init Mark (process weakrefs) (unload classes) 1.575ms
[906.374s][info][gc,start       ] GC(6818) Concurrent marking (process weakrefs) (unload classes)
[906.374s][info][gc,task        ] GC(6818) Using 6 of 24 workers for concurrent marking
[906.436s][info][gc             ] GC(6818) Concurrent marking (process weakrefs) (unload classes) 62.915ms
[906.436s][info][gc,start       ] GC(6818) Concurrent precleaning
[906.436s][info][gc,task        ] GC(6818) Using 1 of 24 workers for concurrent preclean
[906.437s][info][gc,ergo        ] GC(6818) Pacer for Precleaning. Non-Taxable: 256M
[906.439s][info][gc             ] GC(6818) Concurrent precleaning 3.017ms
[906.440s][info][gc,start       ] GC(6818) Pause Final Mark (process weakrefs) (unload classes)
[906.440s][info][gc,task        ] GC(6818) Using 6 of 24 workers for final marking
[906.495s][info][gc,stringtable ] GC(6818) Cleaned string and symbol table, strings: 8172 processed, 0 removed, symbols: 68000 processed, 0 removed
[906.495s][info][gc,ergo        ] GC(6818) Collectable Garbage: 7404K (100%), Immediate: 6144K (82%), CSet: 1260K (17%)
[906.497s][info][gc,ergo        ] GC(6818) Pacer for Evacuation. Used CSet: 5120K, Free: 168M, Non-Taxable: 17213K, Alloc Tax Rate: 1.1x
[906.497s][info][gc             ] GC(6818) Pause Final Mark (process weakrefs) (unload classes) 56.951ms
[906.497s][info][gc,start       ] GC(6818) Concurrent cleanup
[906.498s][info][gc             ] GC(6818) Concurrent cleanup 78M->76M(256M) 1.167ms
[906.498s][info][gc,ergo        ] GC(6818) Free: 163M, Max: 256K regular, 157M humongous, Frag: 4% external, 1% internal; Reserve: 12670K, Max: 256K
[906.498s][info][gc,start       ] GC(6818) Concurrent evacuation
[906.498s][info][gc,task        ] GC(6818) Using 6 of 24 workers for concurrent evacuation
[906.502s][info][gc             ] GC(6818) Concurrent evacuation 3.749ms
[906.502s][info][gc,start       ] GC(6818) Pause Init Update Refs
[906.502s][info][gc,ergo        ] GC(6818) Pacer for Update Refs. Used: 96149K, Free: 149M, Non-Taxable: 15345K, Alloc Tax Rate: 1.1x
[906.502s][info][gc             ] GC(6818) Pause Init Update Refs 0.181ms
[906.502s][info][gc,start       ] GC(6818) Concurrent update references
[906.502s][info][gc,task        ] GC(6818) Using 6 of 24 workers for concurrent reference update
[906.519s][info][gc             ] GC(6818) Concurrent update references 17.144ms
[906.520s][info][gc,start       ] GC(6818) Pause Final Update Refs
[906.520s][info][gc,task        ] GC(6818) Using 6 of 24 workers for final reference update
[906.520s][info][gc             ] GC(6818) Pause Final Update Refs 0.268ms
[906.521s][info][gc,start       ] GC(6818) Concurrent cleanup
[906.521s][info][gc             ] GC(6818) Concurrent cleanup 129M->133M(256M) 0.992ms
[906.522s][info][gc             ] GC(6818) Dat log --- cycle is complete
Current gc epoch: 5528
heap: ______
capacity: 268435456
used: 140400016
committed: 268435456
bytes_allocated_since_gc_start: 137625864
hot_size: 0
cold_size: 4169490
num_regions: 1024
hot_region_count: 18446744073709405508
cold_region_count: 146127
histogram: Placeholder

[906.522s][info][gc             ] GC(6818) Obj count ac histogram
[906.522s][info][gc             ] GC(6818) 	0: 405280
[906.522s][info][gc             ] GC(6818) 	1: 30
[906.522s][info][gc             ] GC(6818) 	2: 5738
[906.522s][info][gc             ] GC(6818) 	3: 7376
[906.522s][info][gc             ] GC(6818) 	4: 7404
[906.522s][info][gc             ] GC(6818) 	5: 3084
[906.522s][info][gc             ] GC(6818) 	6: 19
[906.522s][info][gc             ] GC(6818) 	7: 0
[906.522s][info][gc             ] GC(6818) 	8: 0
[906.522s][info][gc             ] GC(6818) 	9: 0
[906.522s][info][gc             ] GC(6818) 	10: 0
[906.522s][info][gc             ] GC(6818) 	11: 0
[906.522s][info][gc             ] GC(6818) 	12: 0
[906.522s][info][gc             ] GC(6818) 	13: 0
[906.522s][info][gc             ] GC(6818) 	14: 0
[906.522s][info][gc             ] GC(6818) 	15: 0
[906.522s][info][gc             ] GC(6818) 	16: 0
[906.522s][info][gc             ] GC(6818) 	17: 0
[906.522s][info][gc             ] GC(6818) 	18: 0
[906.522s][info][gc             ] GC(6818) 	19: 0
[906.522s][info][gc             ] GC(6818) Obj size ac histogram
[906.522s][info][gc             ] GC(6818) 	0: 2600247
[906.522s][info][gc             ] GC(6818) 	1: 1440
[906.522s][info][gc             ] GC(6818) 	2: 71329
[906.522s][info][gc             ] GC(6818) 	3: 75637
[906.522s][info][gc             ] GC(6818) 	4: 81211
[906.522s][info][gc             ] GC(6818) 	5: 18760
[906.522s][info][gc             ] GC(6818) 	6: 190
[906.522s][info][gc             ] GC(6818) 	7: 0
[906.522s][info][gc             ] GC(6818) 	8: 0
[906.522s][info][gc             ] GC(6818) 	9: 0
[906.522s][info][gc             ] GC(6818) 	10: 0
[906.522s][info][gc             ] GC(6818) 	11: 0
[906.522s][info][gc             ] GC(6818) 	12: 0
[906.522s][info][gc             ] GC(6818) 	13: 0
[906.522s][info][gc             ] GC(6818) 	14: 0
[906.522s][info][gc             ] GC(6818) 	15: 0
[906.522s][info][gc             ] GC(6818) 	16: 0
[906.522s][info][gc             ] GC(6818) 	17: 0
[906.522s][info][gc             ] GC(6818) 	18: 0
[906.522s][info][gc             ] GC(6818) 	19: 0
[906.522s][info][gc,ergo        ] Free: 102M, Max: 256K regular, 99584K humongous, Frag: 5% external, 3% internal; Reserve: 13312K, Max: 256K
[906.522s][info][gc,stats       ] 
[906.522s][info][gc,stats       ] All times are wall-clock times, except per-root-class counters, that are sum over
[906.522s][info][gc,stats       ] all workers. Dividing the <total> over the root stage time estimates parallelism.
[906.522s][info][gc,stats       ] 
[906.522s][info][gc,stats       ] Concurrent Reset                    390 us
[906.522s][info][gc,stats       ] Pause Init Mark (G)                1897 us
[906.522s][info][gc,stats       ] Pause Init Mark (N)                1550 us
[906.522s][info][gc,stats       ]   Accumulate Stats                    4 us
[906.522s][info][gc,stats       ]   Make Parsable                      34 us
[906.522s][info][gc,stats       ]   Update Region States                7 us
[906.522s][info][gc,stats       ]   Scan Roots                        886 us, parallelism: 1.42x
[906.522s][info][gc,stats       ]     S: <total>                     1261 us
[906.522s][info][gc,stats       ]     S: Thread Roots                 392 us, workers (us): 203,  42,   1,  15,  86,  45, ---, ---, ---, ---, ---, ---, ---, ---, ---, ---, ---, ---, ---, ---, ---, ---, ---, ---, 
[906.522s][info][gc,stats       ]     S: Universe Roots                33 us, workers (us):  33, ---, ---, ---, ---, ---, ---, ---, ---, ---, ---, ---, ---, ---, ---, ---, ---, ---, ---, ---, ---, ---, ---, ---, 
[906.522s][info][gc,stats       ]     S: JNI Handles Roots             20 us, workers (us):  20, ---, ---, ---, ---, ---, ---, ---, ---, ---, ---, ---, ---, ---, ---, ---, ---, ---, ---, ---, ---, ---, ---, ---, 
[906.522s][info][gc,stats       ]     S: Synchronizer Roots             0 us, workers (us):   0, ---, ---, ---, ---, ---, ---, ---, ---, ---, ---, ---, ---, ---, ---, ---, ---, ---, ---, ---, ---, ---, ---, ---, 
[906.522s][info][gc,stats       ]     S: Management Roots               2 us, workers (us):   2, ---, ---, ---, ---, ---, ---, ---, ---, ---, ---, ---, ---, ---, ---, ---, ---, ---, ---, ---, ---, ---, ---, ---, 
[906.522s][info][gc,stats       ]     S: System Dict Roots             24 us, workers (us): ---,  24, ---, ---, ---, ---, ---, ---, ---, ---, ---, ---, ---, ---, ---, ---, ---, ---, ---, ---, ---, ---, ---, ---, 
[906.522s][info][gc,stats       ]     S: CLDG Roots                   788 us, workers (us): ---, ---, 767,  11,  11, ---, ---, ---, ---, ---, ---, ---, ---, ---, ---, ---, ---, ---, ---, ---, ---, ---, ---, ---, 
[906.522s][info][gc,stats       ]     S: JVMTI Roots                    1 us, workers (us):   1, ---, ---, ---, ---, ---, ---, ---, ---, ---, ---, ---, ---, ---, ---, ---, ---, ---, ---, ---, ---, ---, ---, ---, 
[906.522s][info][gc,stats       ]   Resize TLABs                        5 us
[906.522s][info][gc,stats       ] Concurrent Marking                62864 us
[906.522s][info][gc,stats       ] Concurrent Precleaning             2993 us
[906.522s][info][gc,stats       ] Pause Final Mark (G)              57300 us
[906.522s][info][gc,stats       ] Pause Final Mark (N)              56905 us
[906.522s][info][gc,stats       ]   Finish Queues                     218 us
[906.522s][info][gc,stats       ]   Weak References                    44 us
[906.522s][info][gc,stats       ]     Process                          34 us
[906.522s][info][gc,stats       ]   System Purge                      221 us
[906.522s][info][gc,stats       ]     Unload Classes                   76 us
[906.522s][info][gc,stats       ]     Cleanup                       54149 us, parallelism: 1.79x
[906.522s][info][gc,stats       ]       CU: <total>                 97063 us
[906.522s][info][gc,stats       ]       CU: Code Cache Roots        77596 us, workers (us): 12943, 12922, 12823, 13227, 12800, 12882, ---, ---, ---, ---, ---, ---, ---, ---, ---, ---, ---, ---, ---, ---, ---, ---, ---, ---, 
[906.522s][info][gc,stats       ]       CU: Code Cache Cleaning      4620 us, workers (us): 763, 820, 762, 748, 764, 764, ---, ---, ---, ---, ---, ---, ---, ---, ---, ---, ---, ---, ---, ---, ---, ---, ---, ---, 
[906.523s][info][gc,stats       ]       CU: String Table Roots       3408 us, workers (us): 578, 597, 692, 283, 685, 574, ---, ---, ---, ---, ---, ---, ---, ---, ---, ---, ---, ---, ---, ---, ---, ---, ---, ---, 
[906.523s][info][gc,stats       ]       CU: Resolved Table Roots       18 us, workers (us):   0,   0,   0,  18,   0,   0, ---, ---, ---, ---, ---, ---, ---, ---, ---, ---, ---, ---, ---, ---, ---, ---, ---, ---, 
[906.523s][info][gc,stats       ]       CU: CLDG Roots              11420 us, workers (us): 1916, 1885, 1874, 1882, 1931, 1932, ---, ---, ---, ---, ---, ---, ---, ---, ---, ---, ---, ---, ---, ---, ---, ---, ---, ---, 
[906.523s][info][gc,stats       ]     Weak Roots                      220 us
[906.523s][info][gc,stats       ]     CLDG                              1 us
[906.523s][info][gc,stats       ]   Update Region States               23 us
[906.523s][info][gc,stats       ]   Retire TLABs                       43 us
[906.523s][info][gc,stats       ]   Choose Collection Set              42 us
[906.523s][info][gc,stats       ]   Rebuild Free Set                   10 us
[906.523s][info][gc,stats       ]   Initial Evacuation               1894 us, parallelism: 2.68x
[906.523s][info][gc,stats       ]     E: <total>                     5083 us
[906.523s][info][gc,stats       ]     E: Thread Roots                 232 us, workers (us):   1,  37,   1, 139,  52,   1, ---, ---, ---, ---, ---, ---, ---, ---, ---, ---, ---, ---, ---, ---, ---, ---, ---, ---, 
[906.523s][info][gc,stats       ]     E: Code Cache Roots            3660 us, workers (us): 834, 329, 845,   0, 741, 911, ---, ---, ---, ---, ---, ---, ---, ---, ---, ---, ---, ---, ---, ---, ---, ---, ---, ---, 
[906.523s][info][gc,stats       ]     E: Universe Roots                 3 us, workers (us):   3, ---, ---, ---, ---, ---, ---, ---, ---, ---, ---, ---, ---, ---, ---, ---, ---, ---, ---, ---, ---, ---, ---, ---, 
[906.523s][info][gc,stats       ]     E: JNI Handles Roots              1 us, workers (us):   1, ---, ---, ---, ---, ---, ---, ---, ---, ---, ---, ---, ---, ---, ---, ---, ---, ---, ---, ---, ---, ---, ---, ---, 
[906.523s][info][gc,stats       ]     E: Synchronizer Roots             0 us, workers (us):   0, ---, ---, ---, ---, ---, ---, ---, ---, ---, ---, ---, ---, ---, ---, ---, ---, ---, ---, ---, ---, ---, ---, ---, 
[906.523s][info][gc,stats       ]     E: Management Roots               2 us, workers (us):   2, ---, ---, ---, ---, ---, ---, ---, ---, ---, ---, ---, ---, ---, ---, ---, ---, ---, ---, ---, ---, ---, ---, ---, 
[906.523s][info][gc,stats       ]     E: System Dict Roots              6 us, workers (us):   6, ---, ---, ---, ---, ---, ---, ---, ---, ---, ---, ---, ---, ---, ---, ---, ---, ---, ---, ---, ---, ---, ---, ---, 
[906.523s][info][gc,stats       ]     E: CLDG Roots                  1168 us, workers (us): ---, 418,  73, 677, ---, ---, ---, ---, ---, ---, ---, ---, ---, ---, ---, ---, ---, ---, ---, ---, ---, ---, ---, ---, 
[906.523s][info][gc,stats       ]     E: JVMTI Roots                   12 us, workers (us): ---,  12, ---, ---, ---, ---, ---, ---, ---, ---, ---, ---, ---, ---, ---, ---, ---, ---, ---, ---, ---, ---, ---, ---, 
[906.523s][info][gc,stats       ] Concurrent Cleanup                 1117 us
[906.523s][info][gc,stats       ] Concurrent Evacuation              3730 us
[906.523s][info][gc,stats       ] Pause Init  Update Refs (G)         381 us
[906.523s][info][gc,stats       ] Pause Init  Update Refs (N)         162 us
[906.523s][info][gc,stats       ]   Retire GCLABs                     150 us
[906.523s][info][gc,stats       ] Concurrent Update Refs            17114 us
[906.523s][info][gc,stats       ] Pause Final Update Refs (G)        1058 us
[906.523s][info][gc,stats       ] Pause Final Update Refs (N)         240 us
[906.523s][info][gc,stats       ]   Update Roots                      157 us, parallelism: 1.51x
[906.523s][info][gc,stats       ]     UR: <total>                     237 us
[906.523s][info][gc,stats       ]     UR: Thread Roots                237 us, workers (us): 106,  30,  18,  46,  32,   4, ---, ---, ---, ---, ---, ---, ---, ---, ---, ---, ---, ---, ---, ---, ---, ---, ---, ---, 
[906.523s][info][gc,stats       ]   Update Region States               25 us
[906.523s][info][gc,stats       ]   Trash Collection Set               12 us
[906.523s][info][gc,stats       ]   Rebuild Free Set                   32 us
[906.523s][info][gc,stats       ] Concurrent Cleanup                  965 us
[906.523s][info][gc,stats       ] Pacing                            62900 us
[906.523s][info][gc,stats       ] 
[906.523s][info][gc,stats       ] Allocation pacing accrued:
[906.523s][info][gc,stats       ]      63 of   153 ms ( 41.1%): pl.nadoba.jvm.gc.benchmark.App.main()
[906.523s][info][gc,stats       ]      63 of   153 ms ( 41.1%): <total>
[906.523s][info][gc,stats       ]       6 of   153 ms (  4.1%): <average total>
[906.523s][info][gc,stats       ]      63 of   153 ms ( 41.1%): <average non-zero>
[906.523s][info][gc,stats       ] 
[906.523s][info][gc,metaspace   ] Metaspace: 24281K->24281K(1071104K)
[906.523s][info][gc,ergo        ] Pacer for Idle. Initial: 5242K, Alloc Tax Rate: 1.0x
[906.524s][info][gc             ] Trigger: Start next cycle immediately
[906.524s][info][gc,ergo        ] Free: 97387K, Max: 256K regular, 92160K humongous, Frag: 6% external, 3% internal; Reserve: 13312K, Max: 256K
[906.524s][info][gc,start       ] GC(6819) Concurrent reset
[906.524s][info][gc,task        ] GC(6819) Using 6 of 24 workers for concurrent reset
[906.524s][info][gc,ergo        ] GC(6819) Pacer for Reset. Non-Taxable: 256M
[906.525s][info][gc             ] GC(6819) Concurrent reset 0.888ms
[906.526s][info][gc,start       ] GC(6819) Pause Init Mark (process weakrefs)
[906.526s][info][gc,task        ] GC(6819) Using 6 of 24 workers for init marking
[906.529s][info][gc,ergo        ] GC(6819) Pacer for Mark. Expected Live: 10459K, Free: 88683K, Non-Taxable: 8868K, Alloc Tax Rate: 0.1x
[906.530s][info][gc             ] GC(6819) Pause Init Mark (process weakrefs) 3.065ms
[906.530s][info][gc,start       ] GC(6819) Concurrent marking (process weakrefs)
[906.530s][info][gc,task        ] GC(6819) Using 6 of 24 workers for concurrent marking
[906.597s][info][gc             ] GC(6819) Concurrent marking (process weakrefs) 67.038ms
[906.597s][info][gc,start       ] GC(6819) Concurrent precleaning
[906.597s][info][gc,task        ] GC(6819) Using 1 of 24 workers for concurrent preclean
[906.597s][info][gc,ergo        ] GC(6819) Pacer for Precleaning. Non-Taxable: 256M
[906.601s][info][gc             ] GC(6819) Concurrent precleaning 3.889ms
[906.602s][info][gc,start       ] GC(6819) Pause Final Mark (process weakrefs)
[906.602s][info][gc,task        ] GC(6819) Using 6 of 24 workers for final marking
[906.603s][info][gc,ergo        ] GC(6819) Collectable Garbage: 134M (100%), Immediate: 133M (99%), CSet: 1260K (0%)
[906.606s][info][gc,ergo        ] GC(6819) Pacer for Evacuation. Used CSet: 5120K, Free: 147M, Non-Taxable: 15140K, Alloc Tax Rate: 1.1x
[906.606s][info][gc             ] GC(6819) Pause Final Mark (process weakrefs) 4.168ms
[906.607s][info][gc,start       ] GC(6819) Concurrent cleanup
[906.626s][info][gc             ] GC(6819) Concurrent cleanup 224M->105M(256M) 19.460ms
[906.626s][info][gc,ergo        ] GC(6819) Free: 132M, Max: 256K regular, 126M humongous, Frag: 5% external, 2% internal; Reserve: 12667K, Max: 256K
[906.626s][info][gc,start       ] GC(6819) Concurrent evacuation
[906.626s][info][gc,task        ] GC(6819) Using 6 of 24 workers for concurrent evacuation
[906.630s][info][gc             ] GC(6819) Concurrent evacuation 3.849ms
[906.630s][info][gc,start       ] GC(6819) Pause Init Update Refs
[906.630s][info][gc,ergo        ] GC(6819) Pacer for Update Refs. Used: 109M, Free: 132M, Non-Taxable: 13578K, Alloc Tax Rate: 1.1x
[906.630s][info][gc             ] GC(6819) Pause Init Update Refs 0.232ms
[906.630s][info][gc,start       ] GC(6819) Concurrent update references
[906.630s][info][gc,task        ] GC(6819) Using 6 of 24 workers for concurrent reference update
[906.647s][info][gc             ] GC(6819) Concurrent update references 17.112ms
[906.649s][info][gc,start       ] GC(6819) Pause Final Update Refs
[906.649s][info][gc,task        ] GC(6819) Using 6 of 24 workers for final reference update
[906.649s][info][gc             ] GC(6819) Pause Final Update Refs 0.241ms
[906.649s][info][gc,start       ] GC(6819) Concurrent cleanup
[906.650s][info][gc             ] GC(6819) Concurrent cleanup 159M->154M(256M) 0.866ms
[906.650s][info][gc             ] GC(6819) Dat log --- cycle is complete
Current gc epoch: 5529
heap: ______
capacity: 268435456
used: 162420208
committed: 268435456
bytes_allocated_since_gc_start: 162791952
hot_size: 0
cold_size: 3717017
num_regions: 1024
hot_region_count: 18446744073709405489
cold_region_count: 146146
histogram: Placeholder

[906.650s][info][gc             ] GC(6819) Obj count ac histogram
[906.650s][info][gc             ] GC(6819) 	0: 209434
[906.650s][info][gc             ] GC(6819) 	1: 15
[906.650s][info][gc             ] GC(6819) 	2: 4581
[906.650s][info][gc             ] GC(6819) 	3: 4284
[906.650s][info][gc             ] GC(6819) 	4: 895
[906.650s][info][gc             ] GC(6819) 	5: 15
[906.650s][info][gc             ] GC(6819) 	6: 0
[906.650s][info][gc             ] GC(6819) 	7: 0
[906.650s][info][gc             ] GC(6819) 	8: 0
[906.650s][info][gc             ] GC(6819) 	9: 0
[906.650s][info][gc             ] GC(6819) 	10: 0
[906.650s][info][gc             ] GC(6819) 	11: 0
[906.650s][info][gc             ] GC(6819) 	12: 0
[906.650s][info][gc             ] GC(6819) 	13: 0
[906.650s][info][gc             ] GC(6819) 	14: 0
[906.650s][info][gc             ] GC(6819) 	15: 0
[906.650s][info][gc             ] GC(6819) 	16: 0
[906.650s][info][gc             ] GC(6819) 	17: 0
[906.650s][info][gc             ] GC(6819) 	18: 0
[906.650s][info][gc             ] GC(6819) 	19: 0
[906.650s][info][gc             ] GC(6819) Obj size ac histogram
[906.650s][info][gc             ] GC(6819) 	0: 2121911
[906.650s][info][gc             ] GC(6819) 	1: 720
[906.650s][info][gc             ] GC(6819) 	2: 67130
[906.650s][info][gc             ] GC(6819) 	3: 41047
[906.650s][info][gc             ] GC(6819) 	4: 5550
[906.650s][info][gc             ] GC(6819) 	5: 150
[906.650s][info][gc             ] GC(6819) 	6: 0
[906.650s][info][gc             ] GC(6819) 	7: 0
[906.650s][info][gc             ] GC(6819) 	8: 0
[906.650s][info][gc             ] GC(6819) 	9: 0
[906.650s][info][gc             ] GC(6819) 	10: 0
[906.650s][info][gc             ] GC(6819) 	11: 0
[906.650s][info][gc             ] GC(6819) 	12: 0
[906.650s][info][gc             ] GC(6819) 	13: 0
[906.650s][info][gc             ] GC(6819) 	14: 0
[906.650s][info][gc             ] GC(6819) 	15: 0
[906.650s][info][gc             ] GC(6819) 	16: 0
[906.650s][info][gc             ] GC(6819) 	17: 0
[906.650s][info][gc             ] GC(6819) 	18: 0
[906.650s][info][gc             ] GC(6819) 	19: 0
[906.650s][info][gc,ergo        ] Free: 82539K, Max: 256K regular, 75520K humongous, Frag: 9% external, 4% internal; Reserve: 13312K, Max: 256K
[906.650s][info][gc,stats       ] 
[906.650s][info][gc,stats       ] All times are wall-clock times, except per-root-class counters, that are sum over
[906.650s][info][gc,stats       ] all workers. Dividing the <total> over the root stage time estimates parallelism.
[906.650s][info][gc,stats       ] 
[906.650s][info][gc,stats       ] Concurrent Reset                    871 us
[906.650s][info][gc,stats       ] Pause Init Mark (G)                4429 us
[906.650s][info][gc,stats       ] Pause Init Mark (N)                3042 us
[906.650s][info][gc,stats       ]   Accumulate Stats                    5 us
[906.650s][info][gc,stats       ]   Make Parsable                      40 us
[906.650s][info][gc,stats       ]   Update Region States               10 us
[906.650s][info][gc,stats       ]   Scan Roots                       2426 us, parallelism: 1.76x
[906.651s][info][gc,stats       ]     S: <total>                     4260 us
[906.651s][info][gc,stats       ]     S: Thread Roots                 433 us, workers (us): 120,   1, 231,  77,   2,   1, ---, ---, ---, ---, ---, ---, ---, ---, ---, ---, ---, ---, ---, ---, ---, ---, ---, ---, 
[906.651s][info][gc,stats       ]     S: Universe Roots                64 us, workers (us):  64, ---, ---, ---, ---, ---, ---, ---, ---, ---, ---, ---, ---, ---, ---, ---, ---, ---, ---, ---, ---, ---, ---, ---, 
[906.651s][info][gc,stats       ]     S: JNI Handles Roots             20 us, workers (us): ---, ---,  20, ---, ---, ---, ---, ---, ---, ---, ---, ---, ---, ---, ---, ---, ---, ---, ---, ---, ---, ---, ---, ---, 
[906.651s][info][gc,stats       ]     S: Synchronizer Roots             0 us, workers (us): ---, ---,   0, ---, ---, ---, ---, ---, ---, ---, ---, ---, ---, ---, ---, ---, ---, ---, ---, ---, ---, ---, ---, ---, 
[906.651s][info][gc,stats       ]     S: Management Roots               2 us, workers (us): ---, ---,   2, ---, ---, ---, ---, ---, ---, ---, ---, ---, ---, ---, ---, ---, ---, ---, ---, ---, ---, ---, ---, ---, 
[906.651s][info][gc,stats       ]     S: System Dict Roots             45 us, workers (us): ---, ---, ---,  45, ---, ---, ---, ---, ---, ---, ---, ---, ---, ---, ---, ---, ---, ---, ---, ---, ---, ---, ---, ---, 
[906.651s][info][gc,stats       ]     S: CLDG Roots                  3695 us, workers (us): ---, 1232, ---, ---, 2226, 237, ---, ---, ---, ---, ---, ---, ---, ---, ---, ---, ---, ---, ---, ---, ---, ---, ---, ---, 
[906.651s][info][gc,stats       ]     S: JVMTI Roots                    1 us, workers (us): ---, ---,   1, ---, ---, ---, ---, ---, ---, ---, ---, ---, ---, ---, ---, ---, ---, ---, ---, ---, ---, ---, ---, ---, 
[906.651s][info][gc,stats       ]   Resize TLABs                        7 us
[906.651s][info][gc,stats       ] Concurrent Marking                66787 us
[906.651s][info][gc,stats       ] Concurrent Precleaning             3865 us
[906.651s][info][gc,stats       ] Pause Final Mark (G)               5894 us
[906.651s][info][gc,stats       ] Pause Final Mark (N)               4143 us
[906.651s][info][gc,stats       ]   Finish Queues                     197 us
[906.651s][info][gc,stats       ]   Weak References                    24 us
[906.651s][info][gc,stats       ]     Process                          18 us
[906.651s][info][gc,stats       ]   System Purge                      253 us
[906.651s][info][gc,stats       ]     Weak Roots                      252 us
[906.651s][info][gc,stats       ]   Update Region States               36 us
[906.651s][info][gc,stats       ]   Retire TLABs                       46 us
[906.651s][info][gc,stats       ]   Choose Collection Set             556 us
[906.651s][info][gc,stats       ]   Rebuild Free Set                   30 us
[906.651s][info][gc,stats       ]   Initial Evacuation               2986 us, parallelism: 1.95x
[906.651s][info][gc,stats       ]     E: <total>                     5823 us
[906.651s][info][gc,stats       ]     E: Thread Roots                 136 us, workers (us):   1,   1,  62,   2,  68,   1, ---, ---, ---, ---, ---, ---, ---, ---, ---, ---, ---, ---, ---, ---, ---, ---, ---, ---, 
[906.651s][info][gc,stats       ]     E: Code Cache Roots            4559 us, workers (us): 957, 545, 726, 366, 703, 1263, ---, ---, ---, ---, ---, ---, ---, ---, ---, ---, ---, ---, ---, ---, ---, ---, ---, ---, 
[906.651s][info][gc,stats       ]     E: Universe Roots                 5 us, workers (us):   5, ---, ---, ---, ---, ---, ---, ---, ---, ---, ---, ---, ---, ---, ---, ---, ---, ---, ---, ---, ---, ---, ---, ---, 
[906.651s][info][gc,stats       ]     E: JNI Handles Roots              2 us, workers (us):   2, ---, ---, ---, ---, ---, ---, ---, ---, ---, ---, ---, ---, ---, ---, ---, ---, ---, ---, ---, ---, ---, ---, ---, 
[906.651s][info][gc,stats       ]     E: Synchronizer Roots             1 us, workers (us): ---,   1, ---, ---, ---, ---, ---, ---, ---, ---, ---, ---, ---, ---, ---, ---, ---, ---, ---, ---, ---, ---, ---, ---, 
[906.651s][info][gc,stats       ]     E: Management Roots               3 us, workers (us): ---, ---,   3, ---, ---, ---, ---, ---, ---, ---, ---, ---, ---, ---, ---, ---, ---, ---, ---, ---, ---, ---, ---, ---, 
[906.651s][info][gc,stats       ]     E: System Dict Roots             15 us, workers (us): ---,  15, ---, ---, ---, ---, ---, ---, ---, ---, ---, ---, ---, ---, ---, ---, ---, ---, ---, ---, ---, ---, ---, ---, 
[906.651s][info][gc,stats       ]     E: CLDG Roots                  1101 us, workers (us):  73, 611, ---, 417, ---, ---, ---, ---, ---, ---, ---, ---, ---, ---, ---, ---, ---, ---, ---, ---, ---, ---, ---, ---, 
[906.651s][info][gc,stats       ]     E: JVMTI Roots                    1 us, workers (us): ---, ---,   1, ---, ---, ---, ---, ---, ---, ---, ---, ---, ---, ---, ---, ---, ---, ---, ---, ---, ---, ---, ---, ---, 
[906.651s][info][gc,stats       ] Concurrent Cleanup                19411 us
[906.651s][info][gc,stats       ] Concurrent Evacuation              3838 us
[906.651s][info][gc,stats       ] Pause Init  Update Refs (G)         448 us
[906.651s][info][gc,stats       ] Pause Init  Update Refs (N)         200 us
[906.651s][info][gc,stats       ]   Retire GCLABs                     179 us
[906.651s][info][gc,stats       ] Concurrent Update Refs            17094 us
[906.651s][info][gc,stats       ] Pause Final Update Refs (G)        1646 us
[906.651s][info][gc,stats       ] Pause Final Update Refs (N)         207 us
[906.651s][info][gc,stats       ]   Update Roots                      133 us, parallelism: 1.43x
[906.651s][info][gc,stats       ]     UR: <total>                     190 us
[906.651s][info][gc,stats       ]     UR: Thread Roots                190 us, workers (us):  80,  49,  22,  35,   2,   2, ---, ---, ---, ---, ---, ---, ---, ---, ---, ---, ---, ---, ---, ---, ---, ---, ---, ---, 
[906.651s][info][gc,stats       ]   Update Region States               25 us
[906.651s][info][gc,stats       ]   Trash Collection Set                9 us
[906.651s][info][gc,stats       ]   Rebuild Free Set                   21 us
[906.651s][info][gc,stats       ] Concurrent Cleanup                  829 us
[906.651s][info][gc,stats       ] Pacing                            81777 us
[906.651s][info][gc,stats       ] 
[906.651s][info][gc,stats       ] Allocation pacing accrued:
[906.651s][info][gc,stats       ]      82 of   128 ms ( 63.9%): pl.nadoba.jvm.gc.benchmark.App.main()
[906.651s][info][gc,stats       ]      82 of   128 ms ( 63.9%): <total>
[906.651s][info][gc,stats       ]       8 of   128 ms (  6.4%): <average total>
[906.651s][info][gc,stats       ]      82 of   128 ms ( 63.9%): <average non-zero>
[906.651s][info][gc,stats       ] 
[906.651s][info][gc,metaspace   ] Metaspace: 24281K->24281K(1071104K)
[906.651s][info][gc,ergo        ] Pacer for Idle. Initial: 5242K, Alloc Tax Rate: 1.0x
[906.652s][info][gc             ] Trigger: Start next cycle immediately
[906.652s][info][gc,ergo        ] Free: 82539K, Max: 256K regular, 75520K humongous, Frag: 9% external, 4% internal; Reserve: 13312K, Max: 256K
[906.652s][info][gc,start       ] GC(6820) Concurrent reset
[906.652s][info][gc,task        ] GC(6820) Using 6 of 24 workers for concurrent reset
[906.652s][info][gc,ergo        ] GC(6820) Pacer for Reset. Non-Taxable: 256M
[906.653s][info][gc             ] GC(6820) Concurrent reset 0.902ms
[906.655s][info][gc,start       ] GC(6820) Pause Init Mark (unload classes)
[906.655s][info][gc,task        ] GC(6820) Using 6 of 24 workers for init marking
[906.658s][info][gc,ergo        ] GC(6820) Pacer for Mark. Expected Live: 11687K, Free: 73067K, Non-Taxable: 7306K, Alloc Tax Rate: 0.2x
[906.658s][info][gc             ] GC(6820) Pause Init Mark (unload classes) 2.657ms
[906.658s][info][gc,start       ] GC(6820) Concurrent marking (unload classes)
[906.658s][info][gc,task        ] GC(6820) Using 6 of 24 workers for concurrent marking
[906.692s][info][gc             ] Failed to allocate Shared, 5120K
[906.692s][info][gc             ] Cancelling GC: Allocation Failure
[906.695s][info][gc             ] GC(6820) Concurrent marking (unload classes) 37.600ms
[906.695s][info][gc,ergo        ] Free: 9579K, Max: 256K regular, 2816K humongous, Frag: 70% external, 23% internal; Reserve: 13312K, Max: 256K
[906.696s][info][gc,stats       ] 
[906.696s][info][gc,stats       ] All times are wall-clock times, except per-root-class counters, that are sum over
[906.696s][info][gc,stats       ] all workers. Dividing the <total> over the root stage time estimates parallelism.
[906.696s][info][gc,stats       ] 
[906.696s][info][gc,stats       ] Concurrent Reset                    886 us
[906.696s][info][gc,stats       ] Pause Init Mark (G)                4598 us
[906.696s][info][gc,stats       ] Pause Init Mark (N)                2621 us
[906.696s][info][gc,stats       ]   Accumulate Stats                    6 us
[906.696s][info][gc,stats       ]   Make Parsable                      55 us
[906.696s][info][gc,stats       ]   Update Region States               37 us
[906.696s][info][gc,stats       ]   Scan Roots                       1707 us, parallelism: 1.18x
[906.696s][info][gc,stats       ]     S: <total>                     2023 us
[906.696s][info][gc,stats       ]     S: Thread Roots                 356 us, workers (us): 144,  53,  41,  63,   2,  52, ---, ---, ---, ---, ---, ---, ---, ---, ---, ---, ---, ---, ---, ---, ---, ---, ---, ---, 
[906.696s][info][gc,stats       ]     S: Universe Roots                27 us, workers (us): ---,  27, ---, ---, ---, ---, ---, ---, ---, ---, ---, ---, ---, ---, ---, ---, ---, ---, ---, ---, ---, ---, ---, ---, 
[906.696s][info][gc,stats       ]     S: JNI Handles Roots             12 us, workers (us):  12, ---, ---, ---, ---, ---, ---, ---, ---, ---, ---, ---, ---, ---, ---, ---, ---, ---, ---, ---, ---, ---, ---, ---, 
[906.696s][info][gc,stats       ]     S: Synchronizer Roots             0 us, workers (us):   0, ---, ---, ---, ---, ---, ---, ---, ---, ---, ---, ---, ---, ---, ---, ---, ---, ---, ---, ---, ---, ---, ---, ---, 
[906.696s][info][gc,stats       ]     S: Management Roots               3 us, workers (us): ---, ---,   3, ---, ---, ---, ---, ---, ---, ---, ---, ---, ---, ---, ---, ---, ---, ---, ---, ---, ---, ---, ---, ---, 
[906.696s][info][gc,stats       ]     S: System Dict Roots             46 us, workers (us): ---, ---, ---,  46, ---, ---, ---, ---, ---, ---, ---, ---, ---, ---, ---, ---, ---, ---, ---, ---, ---, ---, ---, ---, 
[906.696s][info][gc,stats       ]     S: CLDG Roots                  1577 us, workers (us): ---, ---,  12, ---, 1553,  11, ---, ---, ---, ---, ---, ---, ---, ---, ---, ---, ---, ---, ---, ---, ---, ---, ---, ---, 
[906.696s][info][gc,stats       ]     S: JVMTI Roots                    1 us, workers (us):   1, ---, ---, ---, ---, ---, ---, ---, ---, ---, ---, ---, ---, ---, ---, ---, ---, ---, ---, ---, ---, ---, ---, ---, 
[906.696s][info][gc,stats       ]   Resize TLABs                        5 us
[906.696s][info][gc,stats       ] Concurrent Marking                37551 us
[906.696s][info][gc,stats       ] Pacing                            24089 us
[906.696s][info][gc,stats       ] 
[906.696s][info][gc,stats       ] Allocation pacing accrued:
[906.696s][info][gc,stats       ]      24 of    45 ms ( 53.7%): pl.nadoba.jvm.gc.benchmark.App.main()
[906.696s][info][gc,stats       ]      24 of    45 ms ( 53.7%): <total>
[906.696s][info][gc,stats       ]       2 of    45 ms (  5.4%): <average total>
[906.696s][info][gc,stats       ]      24 of    45 ms ( 53.7%): <average non-zero>
[906.696s][info][gc,stats       ] 
[906.696s][info][gc,metaspace   ] Metaspace: 24281K->24281K(1071104K)
[906.696s][info][gc,ergo        ] Pacer for Idle. Initial: 5242K, Alloc Tax Rate: 1.0x
[906.697s][info][gc             ] Trigger: Handle Allocation Failure
[906.697s][info][gc,ergo        ] Free: 9579K, Max: 256K regular, 2816K humongous, Frag: 70% external, 23% internal; Reserve: 13312K, Max: 256K
[906.697s][info][gc,start       ] GC(6821) Pause Degenerated GC (Mark)
[906.697s][info][gc,task        ] GC(6821) Using 6 of 24 workers for stw degenerated gc
[906.781s][info][gc,stringtable ] GC(6821) Cleaned string and symbol table, strings: 8172 processed, 0 removed, symbols: 68000 processed, 0 removed
[906.782s][info][gc,ergo        ] GC(6821) Collectable Garbage: 146M (100%), Immediate: 145M (99%), CSet: 1260K (0%)
[906.782s][info][gc,ergo        ] GC(6821) Pacer for Evacuation. Used CSet: 5120K, Free: 162M, Non-Taxable: 16599K, Alloc Tax Rate: 1.1x
[906.803s][info][gc,ergo        ] GC(6821) Pacer for Update Refs. Used: 84628K, Free: 162M, Non-Taxable: 16599K, Alloc Tax Rate: 1.1x
[906.820s][info][gc,ergo        ] GC(6821) Good progress for free space: 162M, need 2621K
[906.820s][info][gc,ergo        ] GC(6821) Good progress for used space: 145M, need 256K
[906.820s][info][gc             ] GC(6821) Pause Degenerated GC (Mark) 223M->77M(256M) 122.874ms
[906.820s][info][gc,ergo        ] Free: 162M, Max: 256K regular, 92672K humongous, Frag: 45% external, 2% internal; Reserve: 13312K, Max: 256K
[906.821s][info][gc,stats       ] 
[906.821s][info][gc,stats       ] All times are wall-clock times, except per-root-class counters, that are sum over
[906.821s][info][gc,stats       ] all workers. Dividing the <total> over the root stage time estimates parallelism.
[906.821s][info][gc,stats       ] 
[906.821s][info][gc,stats       ]   Finish Queues                   30259 us
[906.821s][info][gc,stats       ]   System Purge                      236 us
[906.821s][info][gc,stats       ]     Unload Classes                   95 us
[906.821s][info][gc,stats       ]     Cleanup                       52814 us, parallelism: 1.58x
[906.821s][info][gc,stats       ]       CU: <total>                 83675 us
[906.821s][info][gc,stats       ]       CU: Code Cache Roots        62375 us, workers (us): 10411, 10182, 10119, 10218, 10514, 10931, ---, ---, ---, ---, ---, ---, ---, ---, ---, ---, ---, ---, ---, ---, ---, ---, ---, ---, 
[906.821s][info][gc,stats       ]       CU: Code Cache Cleaning      5410 us, workers (us): 827, 817, 827, 1285, 826, 828, ---, ---, ---, ---, ---, ---, ---, ---, ---, ---, ---, ---, ---, ---, ---, ---, ---, ---, 
[906.821s][info][gc,stats       ]       CU: String Table Roots       3728 us, workers (us): 630, 856, 918, 788, 477,  60, ---, ---, ---, ---, ---, ---, ---, ---, ---, ---, ---, ---, ---, ---, ---, ---, ---, ---, 
[906.821s][info][gc,stats       ]       CU: Resolved Table Roots       17 us, workers (us):   0,  16,   0,   0,   0,   0, ---, ---, ---, ---, ---, ---, ---, ---, ---, ---, ---, ---, ---, ---, ---, ---, ---, ---, 
[906.821s][info][gc,stats       ]       CU: CLDG Roots              12146 us, workers (us): 2068, 2061, 2129, 1660, 2110, 2118, ---, ---, ---, ---, ---, ---, ---, ---, ---, ---, ---, ---, ---, ---, ---, ---, ---, ---, 
[906.821s][info][gc,stats       ]     Weak Roots                      234 us
[906.821s][info][gc,stats       ]     CLDG                              1 us
[906.821s][info][gc,stats       ]   Update Region States               23 us
[906.821s][info][gc,stats       ]   Retire TLABs                       49 us
[906.821s][info][gc,stats       ]   Choose Collection Set             423 us
[906.821s][info][gc,stats       ]   Rebuild Free Set                   20 us
[906.821s][info][gc,stats       ]   Initial Evacuation                  8 us
[906.821s][info][gc,stats       ]   Retire GCLABs                     172 us
[906.821s][info][gc,stats       ]   Finish Work                     15471 us
[906.821s][info][gc,stats       ]   Update Region States                9 us
[906.821s][info][gc,stats       ]   Trash Collection Set                5 us
[906.821s][info][gc,stats       ]   Rebuild Free Set                   23 us
[906.821s][info][gc,stats       ] Pause Degenerated GC (G)         123233 us
[906.821s][info][gc,stats       ] Pause Degenerated GC (N)         122830 us
[906.821s][info][gc,stats       ]   Degen Update Roots               1250 us, parallelism: 3.68x
[906.821s][info][gc,stats       ]     DU: <total>                    4599 us
[906.821s][info][gc,stats       ]     DU: Thread Roots                143 us, workers (us):  79,  58,   1,   2,   1,   1, ---, ---, ---, ---, ---, ---, ---, ---, ---, ---, ---, ---, ---, ---, ---, ---, ---, ---, 
[906.821s][info][gc,stats       ]     DU: Code Cache Roots           3977 us, workers (us): 360, 384, 627, 940, 858, 807, ---, ---, ---, ---, ---, ---, ---, ---, ---, ---, ---, ---, ---, ---, ---, ---, ---, ---, 
[906.821s][info][gc,stats       ]     DU: Universe Roots                4 us, workers (us):   4, ---, ---, ---, ---, ---, ---, ---, ---, ---, ---, ---, ---, ---, ---, ---, ---, ---, ---, ---, ---, ---, ---, ---, 
[906.821s][info][gc,stats       ]     DU: JNI Handles Roots             3 us, workers (us):   3, ---, ---, ---, ---, ---, ---, ---, ---, ---, ---, ---, ---, ---, ---, ---, ---, ---, ---, ---, ---, ---, ---, ---, 
[906.821s][info][gc,stats       ]     DU: Synchronizer Roots            0 us, workers (us):   0, ---, ---, ---, ---, ---, ---, ---, ---, ---, ---, ---, ---, ---, ---, ---, ---, ---, ---, ---, ---, ---, ---, ---, 
[906.821s][info][gc,stats       ]     DU: Management Roots              2 us, workers (us):   2, ---, ---, ---, ---, ---, ---, ---, ---, ---, ---, ---, ---, ---, ---, ---, ---, ---, ---, ---, ---, ---, ---, ---, 
[906.821s][info][gc,stats       ]     DU: System Dict Roots             6 us, workers (us):   6, ---, ---, ---, ---, ---, ---, ---, ---, ---, ---, ---, ---, ---, ---, ---, ---, ---, ---, ---, ---, ---, ---, ---, 
[906.821s][info][gc,stats       ]     DU: CLDG Roots                  465 us, workers (us): 213, 206,  45, ---, ---, ---, ---, ---, ---, ---, ---, ---, ---, ---, ---, ---, ---, ---, ---, ---, ---, ---, ---, ---, 
[906.821s][info][gc,stats       ]     DU: JVMTI Roots                   1 us, workers (us):   1, ---, ---, ---, ---, ---, ---, ---, ---, ---, ---, ---, ---, ---, ---, ---, ---, ---, ---, ---, ---, ---, ---, ---, 
[906.821s][info][gc,stats       ] 
[906.821s][info][gc,stats       ] Allocation pacing accrued:
[906.821s][info][gc,stats       ]       0 of   125 ms (  0.0%): <total>
[906.821s][info][gc,stats       ]       0 of   125 ms (  0.0%): <average total>
[906.821s][info][gc,stats       ] 
[906.821s][info][gc,metaspace   ] Metaspace: 24281K->24281K(1071104K)
[906.821s][info][gc,ergo        ] Pacer for Idle. Initial: 5242K, Alloc Tax Rate: 1.0x
[906.822s][info][gc             ] Trigger: Start next cycle immediately
[906.822s][info][gc,ergo        ] Free: 156M, Max: 256K regular, 92672K humongous, Frag: 43% external, 1% internal; Reserve: 13312K, Max: 256K
[906.822s][info][gc,start       ] GC(6822) Concurrent reset
[906.822s][info][gc,task        ] GC(6822) Using 6 of 24 workers for concurrent reset
[906.822s][info][gc,ergo        ] GC(6822) Pacer for Reset. Non-Taxable: 256M
[906.823s][info][gc             ] GC(6822) Concurrent reset 0.652ms
[906.823s][info][gc,start       ] GC(6822) Pause Init Mark
[906.823s][info][gc,task        ] GC(6822) Using 6 of 24 workers for init marking
[906.825s][info][gc,ergo        ] GC(6822) Pacer for Mark. Expected Live: 12916K, Free: 156M, Non-Taxable: 16061K, Alloc Tax Rate: 0.1x
[906.825s][info][gc             ] GC(6822) Pause Init Mark 1.920ms
[906.825s][info][gc,start       ] GC(6822) Concurrent marking
[906.825s][info][gc,task        ] GC(6822) Using 6 of 24 workers for concurrent marking
[906.882s][info][gc             ] GC(6822) Concurrent marking 56.374ms
[906.882s][info][gc,start       ] GC(6822) Pause Final Mark
[906.882s][info][gc,task        ] GC(6822) Using 6 of 24 workers for final marking
[906.882s][info][gc,ergo        ] GC(6822) Collectable Garbage: 76269K (100%), Immediate: 75008K (98%), CSet: 1260K (1%)
[906.885s][info][gc,ergo        ] GC(6822) Pacer for Evacuation. Used CSet: 5120K, Free: 191M, Non-Taxable: 19594K, Alloc Tax Rate: 1.1x
[906.885s][info][gc             ] GC(6822) Pause Final Mark 3.386ms
[906.885s][info][gc,start       ] GC(6822) Concurrent cleanup
[906.898s][info][gc             ] GC(6822) Concurrent cleanup 123M->69M(256M) 12.893ms
[906.898s][info][gc,ergo        ] GC(6822) Free: 170M, Max: 256K regular, 164M humongous, Frag: 4% external, 1% internal; Reserve: 12509K, Max: 256K
[906.898s][info][gc,start       ] GC(6822) Concurrent evacuation
[906.898s][info][gc,task        ] GC(6822) Using 6 of 24 workers for concurrent evacuation
[906.901s][info][gc             ] GC(6822) Concurrent evacuation 3.103ms
[906.902s][info][gc,start       ] GC(6822) Pause Init Update Refs
[906.902s][info][gc,ergo        ] GC(6822) Pacer for Update Refs. Used: 79764K, Free: 166M, Non-Taxable: 17060K, Alloc Tax Rate: 1.1x
[906.902s][info][gc             ] GC(6822) Pause Init Update Refs 0.186ms
[906.902s][info][gc,start       ] GC(6822) Concurrent update references
[906.902s][info][gc,task        ] GC(6822) Using 6 of 24 workers for concurrent reference update
[906.919s][info][gc             ] GC(6822) Concurrent update references 16.312ms
[906.920s][info][gc,start       ] GC(6822) Pause Final Update Refs
[906.920s][info][gc,task        ] GC(6822) Using 6 of 24 workers for final reference update
[906.921s][info][gc             ] GC(6822) Pause Final Update Refs 0.350ms
[906.921s][info][gc,start       ] GC(6822) Concurrent cleanup
[906.922s][info][gc             ] GC(6822) Concurrent cleanup 109M->107M(256M) 1.007ms
[906.922s][info][gc             ] GC(6822) Dat log --- cycle is complete
Current gc epoch: 5530
heap: ______
capacity: 268435456
used: 113136816
committed: 268435456
bytes_allocated_since_gc_start: 108527880
hot_size: 0
cold_size: 7374630
num_regions: 1024
hot_region_count: 18446744073709405451
cold_region_count: 146184
histogram: Placeholder

[906.922s][info][gc             ] GC(6822) Obj count ac histogram
[906.922s][info][gc             ] GC(6822) 	0: 412960
[906.922s][info][gc             ] GC(6822) 	1: 15
[906.922s][info][gc             ] GC(6822) 	2: 17
[906.922s][info][gc             ] GC(6822) 	3: 2
[906.922s][info][gc             ] GC(6822) 	4: 0
[906.922s][info][gc             ] GC(6822) 	5: 0
[906.922s][info][gc             ] GC(6822) 	6: 0
[906.922s][info][gc             ] GC(6822) 	7: 0
[906.922s][info][gc             ] GC(6822) 	8: 0
[906.922s][info][gc             ] GC(6822) 	9: 0
[906.922s][info][gc             ] GC(6822) 	10: 0
[906.922s][info][gc             ] GC(6822) 	11: 0
[906.922s][info][gc             ] GC(6822) 	12: 0
[906.922s][info][gc             ] GC(6822) 	13: 0
[906.922s][info][gc             ] GC(6822) 	14: 0
[906.922s][info][gc             ] GC(6822) 	15: 0
[906.922s][info][gc             ] GC(6822) 	16: 0
[906.922s][info][gc             ] GC(6822) 	17: 0
[906.922s][info][gc             ] GC(6822) 	18: 0
[906.922s][info][gc             ] GC(6822) 	19: 0
[906.922s][info][gc             ] GC(6822) Obj size ac histogram
[906.922s][info][gc             ] GC(6822) 	0: 5805595
[906.922s][info][gc             ] GC(6822) 	1: 720
[906.922s][info][gc             ] GC(6822) 	2: 686
[906.922s][info][gc             ] GC(6822) 	3: 14
[906.922s][info][gc             ] GC(6822) 	4: 0
[906.922s][info][gc             ] GC(6822) 	5: 0
[906.922s][info][gc             ] GC(6822) 	6: 0
[906.922s][info][gc             ] GC(6822) 	7: 0
[906.922s][info][gc             ] GC(6822) 	8: 0
[906.922s][info][gc             ] GC(6822) 	9: 0
[906.922s][info][gc             ] GC(6822) 	10: 0
[906.922s][info][gc             ] GC(6822) 	11: 0
[906.922s][info][gc             ] GC(6822) 	12: 0
[906.922s][info][gc             ] GC(6822) 	13: 0
[906.922s][info][gc             ] GC(6822) 	14: 0
[906.922s][info][gc             ] GC(6822) 	15: 0
[906.922s][info][gc             ] GC(6822) 	16: 0
[906.922s][info][gc             ] GC(6822) 	17: 0
[906.922s][info][gc             ] GC(6822) 	18: 0
[906.922s][info][gc             ] GC(6822) 	19: 0
[906.922s][info][gc,ergo        ] Free: 130M, Max: 256K regular, 123M humongous, Frag: 5% external, 2% internal; Reserve: 13312K, Max: 256K
[906.922s][info][gc,stats       ] 
[906.922s][info][gc,stats       ] All times are wall-clock times, except per-root-class counters, that are sum over
[906.922s][info][gc,stats       ] all workers. Dividing the <total> over the root stage time estimates parallelism.
[906.922s][info][gc,stats       ] 
[906.922s][info][gc,stats       ] Concurrent Reset                    633 us
[906.922s][info][gc,stats       ] Pause Init Mark (G)                2175 us
[906.922s][info][gc,stats       ] Pause Init Mark (N)                1896 us
[906.922s][info][gc,stats       ]   Accumulate Stats                    4 us
[906.922s][info][gc,stats       ]   Make Parsable                      36 us
[906.922s][info][gc,stats       ]   Update Region States                7 us
[906.922s][info][gc,stats       ]   Scan Roots                       1277 us, parallelism: 2.16x
[906.922s][info][gc,stats       ]     S: <total>                     2760 us
[906.922s][info][gc,stats       ]     S: Thread Roots                 372 us, workers (us):   1,  70,   1,   2, 228,  69, ---, ---, ---, ---, ---, ---, ---, ---, ---, ---, ---, ---, ---, ---, ---, ---, ---, ---, 
[906.922s][info][gc,stats       ]     S: Universe Roots                14 us, workers (us):  14, ---, ---, ---, ---, ---, ---, ---, ---, ---, ---, ---, ---, ---, ---, ---, ---, ---, ---, ---, ---, ---, ---, ---, 
[906.922s][info][gc,stats       ]     S: JNI Handles Roots             24 us, workers (us): ---, ---, ---,  24, ---, ---, ---, ---, ---, ---, ---, ---, ---, ---, ---, ---, ---, ---, ---, ---, ---, ---, ---, ---, 
[906.922s][info][gc,stats       ]     S: Synchronizer Roots             1 us, workers (us): ---,   1, ---, ---, ---, ---, ---, ---, ---, ---, ---, ---, ---, ---, ---, ---, ---, ---, ---, ---, ---, ---, ---, ---, 
[906.922s][info][gc,stats       ]     S: Management Roots               2 us, workers (us): ---,   2, ---, ---, ---, ---, ---, ---, ---, ---, ---, ---, ---, ---, ---, ---, ---, ---, ---, ---, ---, ---, ---, ---, 
[906.922s][info][gc,stats       ]     S: System Dict Roots             65 us, workers (us): ---,  65, ---, ---, ---, ---, ---, ---, ---, ---, ---, ---, ---, ---, ---, ---, ---, ---, ---, ---, ---, ---, ---, ---, 
[906.922s][info][gc,stats       ]     S: CLDG Roots                  2281 us, workers (us): 1161, ---, 979, 141, ---, ---, ---, ---, ---, ---, ---, ---, ---, ---, ---, ---, ---, ---, ---, ---, ---, ---, ---, ---, 
[906.922s][info][gc,stats       ]     S: JVMTI Roots                    1 us, workers (us): ---, ---, ---,   1, ---, ---, ---, ---, ---, ---, ---, ---, ---, ---, ---, ---, ---, ---, ---, ---, ---, ---, ---, ---, 
[906.922s][info][gc,stats       ]   Resize TLABs                        3 us
[906.922s][info][gc,stats       ] Concurrent Marking                56322 us
[906.922s][info][gc,stats       ] Pause Final Mark (G)               3552 us
[906.922s][info][gc,stats       ] Pause Final Mark (N)               3350 us
[906.922s][info][gc,stats       ]   Finish Queues                     182 us
[906.922s][info][gc,stats       ]   System Purge                      229 us
[906.922s][info][gc,stats       ]     Weak Roots                      229 us
[906.923s][info][gc,stats       ]   Update Region States               26 us
[906.923s][info][gc,stats       ]   Retire TLABs                       40 us
[906.923s][info][gc,stats       ]   Choose Collection Set             251 us
[906.923s][info][gc,stats       ]   Rebuild Free Set                   22 us
[906.923s][info][gc,stats       ]   Initial Evacuation               2584 us, parallelism: 1.83x
[906.923s][info][gc,stats       ]     E: <total>                     4720 us
[906.923s][info][gc,stats       ]     E: Thread Roots                 251 us, workers (us):  24,   1,  32, 192,   1,   1, ---, ---, ---, ---, ---, ---, ---, ---, ---, ---, ---, ---, ---, ---, ---, ---, ---, ---, 
[906.923s][info][gc,stats       ]     E: Code Cache Roots            3149 us, workers (us): 365, 676, 686, 665,   0, 757, ---, ---, ---, ---, ---, ---, ---, ---, ---, ---, ---, ---, ---, ---, ---, ---, ---, ---, 
[906.923s][info][gc,stats       ]     E: Universe Roots                 3 us, workers (us):   3, ---, ---, ---, ---, ---, ---, ---, ---, ---, ---, ---, ---, ---, ---, ---, ---, ---, ---, ---, ---, ---, ---, ---, 
[906.923s][info][gc,stats       ]     E: JNI Handles Roots              3 us, workers (us): ---, ---, ---,   3, ---, ---, ---, ---, ---, ---, ---, ---, ---, ---, ---, ---, ---, ---, ---, ---, ---, ---, ---, ---, 
[906.923s][info][gc,stats       ]     E: Synchronizer Roots             0 us, workers (us): ---,   0, ---, ---, ---, ---, ---, ---, ---, ---, ---, ---, ---, ---, ---, ---, ---, ---, ---, ---, ---, ---, ---, ---, 
[906.923s][info][gc,stats       ]     E: Management Roots               2 us, workers (us):   2, ---, ---, ---, ---, ---, ---, ---, ---, ---, ---, ---, ---, ---, ---, ---, ---, ---, ---, ---, ---, ---, ---, ---, 
[906.923s][info][gc,stats       ]     E: System Dict Roots             12 us, workers (us): ---, ---,  12, ---, ---, ---, ---, ---, ---, ---, ---, ---, ---, ---, ---, ---, ---, ---, ---, ---, ---, ---, ---, ---, 
[906.923s][info][gc,stats       ]     E: CLDG Roots                  1301 us, workers (us): 336,  84, ---, ---, 880, ---, ---, ---, ---, ---, ---, ---, ---, ---, ---, ---, ---, ---, ---, ---, ---, ---, ---, ---, 
[906.923s][info][gc,stats       ]     E: JVMTI Roots                    1 us, workers (us): ---,   1, ---, ---, ---, ---, ---, ---, ---, ---, ---, ---, ---, ---, ---, ---, ---, ---, ---, ---, ---, ---, ---, ---, 
[906.923s][info][gc,stats       ] Concurrent Cleanup                12847 us
[906.923s][info][gc,stats       ] Concurrent Evacuation              3084 us
[906.923s][info][gc,stats       ] Pause Init  Update Refs (G)        1039 us
[906.923s][info][gc,stats       ] Pause Init  Update Refs (N)         156 us
[906.923s][info][gc,stats       ]   Retire GCLABs                     137 us
[906.923s][info][gc,stats       ] Concurrent Update Refs            16294 us
[906.923s][info][gc,stats       ] Pause Final Update Refs (G)        2067 us
[906.923s][info][gc,stats       ] Pause Final Update Refs (N)         304 us
[906.923s][info][gc,stats       ]   Update Roots                      213 us, parallelism: 1.12x
[906.923s][info][gc,stats       ]     UR: <total>                     239 us
[906.923s][info][gc,stats       ]     UR: Thread Roots                239 us, workers (us): 109,  22,  25,  44,  31,   8, ---, ---, ---, ---, ---, ---, ---, ---, ---, ---, ---, ---, ---, ---, ---, ---, ---, ---, 
[906.923s][info][gc,stats       ]   Update Region States               25 us
[906.923s][info][gc,stats       ]   Trash Collection Set               11 us
[906.923s][info][gc,stats       ]   Rebuild Free Set                   34 us
[906.923s][info][gc,stats       ] Concurrent Cleanup                  941 us
[906.923s][info][gc,stats       ] Pacing                            75304 us
[906.923s][info][gc,stats       ] 
[906.923s][info][gc,stats       ] Allocation pacing accrued:
[906.923s][info][gc,stats       ]      75 of   102 ms ( 74.0%): pl.nadoba.jvm.gc.benchmark.App.main()
[906.923s][info][gc,stats       ]      75 of   102 ms ( 74.0%): <total>
[906.923s][info][gc,stats       ]       8 of   102 ms (  7.4%): <average total>
[906.923s][info][gc,stats       ]      75 of   102 ms ( 74.0%): <average non-zero>
[906.923s][info][gc,stats       ] 
[906.923s][info][gc,metaspace   ] Metaspace: 24281K->24281K(1071104K)
[906.923s][info][gc,ergo        ] Pacer for Idle. Initial: 5242K, Alloc Tax Rate: 1.0x
[906.924s][info][gc             ] Trigger: Start next cycle immediately
[906.924s][info][gc,ergo        ] Free: 123M, Max: 256K regular, 117M humongous, Frag: 5% external, 3% internal; Reserve: 13312K, Max: 256K
[906.924s][info][gc,start       ] GC(6823) Concurrent reset
[906.924s][info][gc,task        ] GC(6823) Using 6 of 24 workers for concurrent reset
[906.924s][info][gc,ergo        ] GC(6823) Pacer for Reset. Non-Taxable: 256M
[906.925s][info][gc             ] GC(6823) Concurrent reset 0.770ms
[906.925s][info][gc,start       ] GC(6823) Pause Init Mark (unload classes)
[906.925s][info][gc,task        ] GC(6823) Using 6 of 24 workers for init marking
[906.927s][info][gc,ergo        ] GC(6823) Pacer for Mark. Expected Live: 11687K, Free: 123M, Non-Taxable: 12682K, Alloc Tax Rate: 0.1x
[906.927s][info][gc             ] GC(6823) Pause Init Mark (unload classes) 1.867ms
[906.927s][info][gc,start       ] GC(6823) Concurrent marking (unload classes)
[906.927s][info][gc,task        ] GC(6823) Using 6 of 24 workers for concurrent marking
[906.992s][info][gc             ] GC(6823) Concurrent marking (unload classes) 65.074ms
[906.992s][info][gc,start       ] GC(6823) Pause Final Mark (unload classes)
[906.992s][info][gc,task        ] GC(6823) Using 6 of 24 workers for final marking
[907.046s][info][gc,stringtable ] GC(6823) Cleaned string and symbol table, strings: 8172 processed, 0 removed, symbols: 68000 processed, 0 removed
[907.047s][info][gc,ergo        ] GC(6823) Collectable Garbage: 105M (100%), Immediate: 104M (98%), CSet: 1260K (1%)
[907.050s][info][gc,ergo        ] GC(6823) Pacer for Evacuation. Used CSet: 5120K, Free: 196M, Non-Taxable: 20081K, Alloc Tax Rate: 1.1x
[907.050s][info][gc             ] GC(6823) Pause Final Mark (unload classes) 57.216ms
[907.050s][info][gc,start       ] GC(6823) Concurrent cleanup
[907.067s][info][gc             ] GC(6823) Concurrent cleanup 149M->65M(256M) 17.462ms
[907.067s][info][gc,ergo        ] GC(6823) Free: 174M, Max: 256K regular, 91136K humongous, Frag: 49% external, 1% internal; Reserve: 12541K, Max: 256K
[907.067s][info][gc,start       ] GC(6823) Concurrent evacuation
[907.067s][info][gc,task        ] GC(6823) Using 6 of 24 workers for concurrent evacuation
[907.070s][info][gc             ] GC(6823) Concurrent evacuation 3.168ms
[907.071s][info][gc,start       ] GC(6823) Pause Init Update Refs
[907.071s][info][gc,ergo        ] GC(6823) Pacer for Update Refs. Used: 80020K, Free: 166M, Non-Taxable: 17060K, Alloc Tax Rate: 1.1x
[907.071s][info][gc             ] GC(6823) Pause Init Update Refs 0.244ms
[907.071s][info][gc,start       ] GC(6823) Concurrent update references
[907.071s][info][gc,task        ] GC(6823) Using 6 of 24 workers for concurrent reference update
[907.088s][info][gc             ] GC(6823) Concurrent update references 17.138ms
[907.089s][info][gc,start       ] GC(6823) Pause Final Update Refs
[907.089s][info][gc,task        ] GC(6823) Using 6 of 24 workers for final reference update
[907.089s][info][gc             ] GC(6823) Pause Final Update Refs 0.222ms
[907.089s][info][gc,start       ] GC(6823) Concurrent cleanup
[907.090s][info][gc             ] GC(6823) Concurrent cleanup 119M->118M(256M) 0.850ms
[907.090s][info][gc             ] GC(6823) Dat log --- cycle is complete
Current gc epoch: 5531
heap: ______
capacity: 268435456
used: 125981968
committed: 268435456
bytes_allocated_since_gc_start: 121897488
hot_size: 0
cold_size: 3264397
num_regions: 1024
hot_region_count: 18446744073709405432
cold_region_count: 146204
histogram: Placeholder

[907.090s][info][gc             ] GC(6823) Obj count ac histogram
[907.090s][info][gc             ] GC(6823) 	0: 211833
[907.090s][info][gc             ] GC(6823) 	1: 15
[907.090s][info][gc             ] GC(6823) 	2: 2
[907.090s][info][gc             ] GC(6823) 	3: 0
[907.090s][info][gc             ] GC(6823) 	4: 0
[907.090s][info][gc             ] GC(6823) 	5: 0
[907.090s][info][gc             ] GC(6823) 	6: 0
[907.090s][info][gc             ] GC(6823) 	7: 0
[907.090s][info][gc             ] GC(6823) 	8: 0
[907.090s][info][gc             ] GC(6823) 	9: 0
[907.090s][info][gc             ] GC(6823) 	10: 0
[907.090s][info][gc             ] GC(6823) 	11: 0
[907.090s][info][gc             ] GC(6823) 	12: 0
[907.090s][info][gc             ] GC(6823) 	13: 0
[907.090s][info][gc             ] GC(6823) 	14: 0
[907.090s][info][gc             ] GC(6823) 	15: 0
[907.090s][info][gc             ] GC(6823) 	16: 0
[907.090s][info][gc             ] GC(6823) 	17: 0
[907.090s][info][gc             ] GC(6823) 	18: 0
[907.090s][info][gc             ] GC(6823) 	19: 0
[907.090s][info][gc             ] GC(6823) Obj size ac histogram
[907.090s][info][gc             ] GC(6823) 	0: 2513415
[907.090s][info][gc             ] GC(6823) 	1: 720
[907.090s][info][gc             ] GC(6823) 	2: 14
[907.090s][info][gc             ] GC(6823) 	3: 0
[907.090s][info][gc             ] GC(6823) 	4: 0
[907.090s][info][gc             ] GC(6823) 	5: 0
[907.090s][info][gc             ] GC(6823) 	6: 0
[907.090s][info][gc             ] GC(6823) 	7: 0
[907.090s][info][gc             ] GC(6823) 	8: 0
[907.090s][info][gc             ] GC(6823) 	9: 0
[907.090s][info][gc             ] GC(6823) 	10: 0
[907.090s][info][gc             ] GC(6823) 	11: 0
[907.090s][info][gc             ] GC(6823) 	12: 0
[907.090s][info][gc             ] GC(6823) 	13: 0
[907.090s][info][gc             ] GC(6823) 	14: 0
[907.090s][info][gc             ] GC(6823) 	15: 0
[907.090s][info][gc             ] GC(6823) 	16: 0
[907.090s][info][gc             ] GC(6823) 	17: 0
[907.090s][info][gc             ] GC(6823) 	18: 0
[907.090s][info][gc             ] GC(6823) 	19: 0
[907.090s][info][gc,ergo        ] Free: 117M, Max: 256K regular, 83456K humongous, Frag: 31% external, 3% internal; Reserve: 13312K, Max: 256K
[907.090s][info][gc,stats       ] 
[907.090s][info][gc,stats       ] All times are wall-clock times, except per-root-class counters, that are sum over
[907.090s][info][gc,stats       ] all workers. Dividing the <total> over the root stage time estimates parallelism.
[907.090s][info][gc,stats       ] 
[907.090s][info][gc,stats       ] Concurrent Reset                    754 us
[907.090s][info][gc,stats       ] Pause Init Mark (G)                2200 us
[907.090s][info][gc,stats       ] Pause Init Mark (N)                1831 us
[907.090s][info][gc,stats       ]   Accumulate Stats                    6 us
[907.090s][info][gc,stats       ]   Make Parsable                      49 us
[907.090s][info][gc,stats       ]   Update Region States               12 us
[907.090s][info][gc,stats       ]   Scan Roots                        996 us, parallelism: 1.36x
[907.090s][info][gc,stats       ]     S: <total>                     1360 us
[907.090s][info][gc,stats       ]     S: Thread Roots                 391 us, workers (us):   1,  36,  55, 222,  33,  43, ---, ---, ---, ---, ---, ---, ---, ---, ---, ---, ---, ---, ---, ---, ---, ---, ---, ---, 
[907.090s][info][gc,stats       ]     S: Universe Roots                33 us, workers (us):  33, ---, ---, ---, ---, ---, ---, ---, ---, ---, ---, ---, ---, ---, ---, ---, ---, ---, ---, ---, ---, ---, ---, ---, 
[907.090s][info][gc,stats       ]     S: JNI Handles Roots             19 us, workers (us): ---,  19, ---, ---, ---, ---, ---, ---, ---, ---, ---, ---, ---, ---, ---, ---, ---, ---, ---, ---, ---, ---, ---, ---, 
[907.090s][info][gc,stats       ]     S: Synchronizer Roots             0 us, workers (us):   0, ---, ---, ---, ---, ---, ---, ---, ---, ---, ---, ---, ---, ---, ---, ---, ---, ---, ---, ---, ---, ---, ---, ---, 
[907.090s][info][gc,stats       ]     S: Management Roots               2 us, workers (us):   2, ---, ---, ---, ---, ---, ---, ---, ---, ---, ---, ---, ---, ---, ---, ---, ---, ---, ---, ---, ---, ---, ---, ---, 
[907.090s][info][gc,stats       ]     S: System Dict Roots             36 us, workers (us):  36, ---, ---, ---, ---, ---, ---, ---, ---, ---, ---, ---, ---, ---, ---, ---, ---, ---, ---, ---, ---, ---, ---, ---, 
[907.090s][info][gc,stats       ]     S: CLDG Roots                   877 us, workers (us): 849,  14,  14, ---, ---, ---, ---, ---, ---, ---, ---, ---, ---, ---, ---, ---, ---, ---, ---, ---, ---, ---, ---, ---, 
[907.090s][info][gc,stats       ]     S: JVMTI Roots                    1 us, workers (us): ---,   1, ---, ---, ---, ---, ---, ---, ---, ---, ---, ---, ---, ---, ---, ---, ---, ---, ---, ---, ---, ---, ---, ---, 
[907.090s][info][gc,stats       ]   Resize TLABs                        4 us
[907.090s][info][gc,stats       ] Concurrent Marking                65025 us
[907.090s][info][gc,stats       ] Pause Final Mark (G)              57421 us
[907.090s][info][gc,stats       ] Pause Final Mark (N)              57173 us
[907.090s][info][gc,stats       ]   Finish Queues                     190 us
[907.090s][info][gc,stats       ]   System Purge                      222 us
[907.090s][info][gc,stats       ]     Unload Classes                   96 us
[907.090s][info][gc,stats       ]     Cleanup                       53388 us, parallelism: 1.57x
[907.090s][info][gc,stats       ]       CU: <total>                 83635 us
[907.090s][info][gc,stats       ]       CU: Code Cache Roots        62602 us, workers (us): 10379, 10448, 10342, 10378, 10492, 10562, ---, ---, ---, ---, ---, ---, ---, ---, ---, ---, ---, ---, ---, ---, ---, ---, ---, ---, 
[907.090s][info][gc,stats       ]       CU: Code Cache Cleaning      5205 us, workers (us): 832, 850, 849, 873, 848, 953, ---, ---, ---, ---, ---, ---, ---, ---, ---, ---, ---, ---, ---, ---, ---, ---, ---, ---, 
[907.090s][info][gc,stats       ]       CU: String Table Roots       3879 us, workers (us): 707, 638, 742, 698, 584, 510, ---, ---, ---, ---, ---, ---, ---, ---, ---, ---, ---, ---, ---, ---, ---, ---, ---, ---, 
[907.090s][info][gc,stats       ]       CU: Resolved Table Roots       20 us, workers (us):  19,   0,   0,   0,   0,   0, ---, ---, ---, ---, ---, ---, ---, ---, ---, ---, ---, ---, ---, ---, ---, ---, ---, ---, 
[907.091s][info][gc,stats       ]       CU: CLDG Roots              11929 us, workers (us): 1975, 2034, 2030, 2013, 1978, 1899, ---, ---, ---, ---, ---, ---, ---, ---, ---, ---, ---, ---, ---, ---, ---, ---, ---, ---, 
[907.091s][info][gc,stats       ]     Weak Roots                      221 us
[907.091s][info][gc,stats       ]     CLDG                              1 us
[907.091s][info][gc,stats       ]   Update Region States               21 us
[907.091s][info][gc,stats       ]   Retire TLABs                       40 us
[907.091s][info][gc,stats       ]   Choose Collection Set             309 us
[907.091s][info][gc,stats       ]   Rebuild Free Set                   14 us
[907.091s][info][gc,stats       ]   Initial Evacuation               2713 us, parallelism: 2.81x
[907.091s][info][gc,stats       ]     E: <total>                     7617 us
[907.091s][info][gc,stats       ]     E: Thread Roots                 164 us, workers (us):   1,  48,   1,   1, 111,   2, ---, ---, ---, ---, ---, ---, ---, ---, ---, ---, ---, ---, ---, ---, ---, ---, ---, ---, 
[907.091s][info][gc,stats       ]     E: Code Cache Roots            5585 us, workers (us): 1300,   0, 1227, 819, 819, 1418, ---, ---, ---, ---, ---, ---, ---, ---, ---, ---, ---, ---, ---, ---, ---, ---, ---, ---, 
[907.091s][info][gc,stats       ]     E: Universe Roots                 6 us, workers (us):   6, ---, ---, ---, ---, ---, ---, ---, ---, ---, ---, ---, ---, ---, ---, ---, ---, ---, ---, ---, ---, ---, ---, ---, 
[907.091s][info][gc,stats       ]     E: JNI Handles Roots              3 us, workers (us): ---, ---,   3, ---, ---, ---, ---, ---, ---, ---, ---, ---, ---, ---, ---, ---, ---, ---, ---, ---, ---, ---, ---, ---, 
[907.091s][info][gc,stats       ]     E: Synchronizer Roots             0 us, workers (us):   0, ---, ---, ---, ---, ---, ---, ---, ---, ---, ---, ---, ---, ---, ---, ---, ---, ---, ---, ---, ---, ---, ---, ---, 
[907.091s][info][gc,stats       ]     E: Management Roots               2 us, workers (us):   2, ---, ---, ---, ---, ---, ---, ---, ---, ---, ---, ---, ---, ---, ---, ---, ---, ---, ---, ---, ---, ---, ---, ---, 
[907.091s][info][gc,stats       ]     E: System Dict Roots             13 us, workers (us):  13, ---, ---, ---, ---, ---, ---, ---, ---, ---, ---, ---, ---, ---, ---, ---, ---, ---, ---, ---, ---, ---, ---, ---, 
[907.091s][info][gc,stats       ]     E: CLDG Roots                  1844 us, workers (us): ---, 1027, ---, 713, 103, ---, ---, ---, ---, ---, ---, ---, ---, ---, ---, ---, ---, ---, ---, ---, ---, ---, ---, ---, 
[907.091s][info][gc,stats       ]     E: JVMTI Roots                    1 us, workers (us): ---,   1, ---, ---, ---, ---, ---, ---, ---, ---, ---, ---, ---, ---, ---, ---, ---, ---, ---, ---, ---, ---, ---, ---, 
[907.091s][info][gc,stats       ] Concurrent Cleanup                17415 us
[907.091s][info][gc,stats       ] Concurrent Evacuation              3149 us
[907.091s][info][gc,stats       ] Pause Init  Update Refs (G)         498 us
[907.091s][info][gc,stats       ] Pause Init  Update Refs (N)         225 us
[907.091s][info][gc,stats       ]   Retire GCLABs                     212 us
[907.091s][info][gc,stats       ] Concurrent Update Refs            17123 us
[907.091s][info][gc,stats       ] Pause Final Update Refs (G)         896 us
[907.091s][info][gc,stats       ] Pause Final Update Refs (N)         200 us
[907.091s][info][gc,stats       ]   Update Roots                      152 us, parallelism: 1.46x
[907.091s][info][gc,stats       ]     UR: <total>                     222 us
[907.091s][info][gc,stats       ]     UR: Thread Roots                222 us, workers (us):  97,  22,  22,  32,  42,   8, ---, ---, ---, ---, ---, ---, ---, ---, ---, ---, ---, ---, ---, ---, ---, ---, ---, ---, 
[907.091s][info][gc,stats       ]   Update Region States               14 us
[907.091s][info][gc,stats       ]   Trash Collection Set                5 us
[907.091s][info][gc,stats       ]   Rebuild Free Set                   19 us
[907.091s][info][gc,stats       ] Concurrent Cleanup                  829 us
[907.091s][info][gc,stats       ] Pacing                           138957 us
[907.091s][info][gc,stats       ] 
[907.091s][info][gc,stats       ] Allocation pacing accrued:
[907.091s][info][gc,stats       ]     139 of   168 ms ( 82.7%): pl.nadoba.jvm.gc.benchmark.App.main()
[907.091s][info][gc,stats       ]     139 of   168 ms ( 82.7%): <total>
[907.091s][info][gc,stats       ]      14 of   168 ms (  8.3%): <average total>
[907.091s][info][gc,stats       ]     139 of   168 ms ( 82.7%): <average non-zero>
[907.091s][info][gc,stats       ] 
[907.091s][info][gc,metaspace   ] Metaspace: 24281K->24281K(1071104K)
[907.091s][info][gc,ergo        ] Pacer for Idle. Initial: 5242K, Alloc Tax Rate: 1.0x
[907.092s][info][gc             ] Trigger: Start next cycle immediately
[907.092s][info][gc,ergo        ] Free: 112M, Max: 256K regular, 83456K humongous, Frag: 28% external, 3% internal; Reserve: 13312K, Max: 256K
[907.092s][info][gc,start       ] GC(6824) Concurrent reset
[907.092s][info][gc,task        ] GC(6824) Using 6 of 24 workers for concurrent reset
[907.092s][info][gc,ergo        ] GC(6824) Pacer for Reset. Non-Taxable: 256M
[907.093s][info][gc             ] GC(6824) Concurrent reset 0.672ms
[907.093s][info][gc,start       ] GC(6824) Pause Init Mark (unload classes)
[907.093s][info][gc,task        ] GC(6824) Using 6 of 24 workers for init marking
[907.094s][info][gc,ergo        ] GC(6824) Pacer for Mark. Expected Live: 11687K, Free: 112M, Non-Taxable: 11556K, Alloc Tax Rate: 0.1x
[907.094s][info][gc             ] GC(6824) Pause Init Mark (unload classes) 1.365ms
[907.094s][info][gc,start       ] GC(6824) Concurrent marking (unload classes)
[907.094s][info][gc,task        ] GC(6824) Using 6 of 24 workers for concurrent marking
[907.160s][info][gc             ] GC(6824) Concurrent marking (unload classes) 65.976ms
[907.160s][info][gc,start       ] GC(6824) Pause Final Mark (unload classes)
[907.161s][info][gc,task        ] GC(6824) Using 6 of 24 workers for final marking
[907.214s][info][gc,stringtable ] GC(6824) Cleaned string and symbol table, strings: 8172 processed, 0 removed, symbols: 68000 processed, 0 removed
[907.214s][info][gc,ergo        ] GC(6824) Collectable Garbage: 115M (100%), Immediate: 114M (98%), CSet: 1516K (1%)
[907.216s][info][gc,ergo        ] GC(6824) Pacer for Evacuation. Used CSet: 5376K, Free: 190M, Non-Taxable: 19492K, Alloc Tax Rate: 1.1x
[907.216s][info][gc             ] GC(6824) Pause Final Mark (unload classes) 55.867ms
[907.216s][info][gc,start       ] GC(6824) Concurrent cleanup
[907.234s][info][gc             ] GC(6824) Concurrent cleanup 165M->76M(256M) 17.842ms
[907.234s][info][gc,ergo        ] GC(6824) Free: 164M, Max: 256K regular, 66560K humongous, Frag: 61% external, 1% internal; Reserve: 12667K, Max: 256K
[907.234s][info][gc,start       ] GC(6824) Concurrent evacuation
[907.234s][info][gc,task        ] GC(6824) Using 6 of 24 workers for concurrent evacuation
[907.238s][info][gc             ] GC(6824) Concurrent evacuation 3.848ms
[907.239s][info][gc,start       ] GC(6824) Pause Init Update Refs
[907.239s][info][gc,ergo        ] GC(6824) Pacer for Update Refs. Used: 91028K, Free: 155M, Non-Taxable: 15933K, Alloc Tax Rate: 1.1x
[907.239s][info][gc             ] GC(6824) Pause Init Update Refs 0.196ms
[907.239s][info][gc,start       ] GC(6824) Concurrent update references
[907.239s][info][gc,task        ] GC(6824) Using 6 of 24 workers for concurrent reference update
[907.256s][info][gc             ] GC(6824) Concurrent update references 17.064ms
[907.257s][info][gc,start       ] GC(6824) Pause Final Update Refs
[907.257s][info][gc,task        ] GC(6824) Using 6 of 24 workers for final reference update
[907.258s][info][gc             ] GC(6824) Pause Final Update Refs 0.196ms
[907.258s][info][gc,start       ] GC(6824) Concurrent cleanup
[907.259s][info][gc             ] GC(6824) Concurrent cleanup 140M->135M(256M) 0.908ms
[907.259s][info][gc             ] GC(6824) Dat log --- cycle is complete
Current gc epoch: 5532
heap: ______
capacity: 268435456
used: 142234832
committed: 268435456
bytes_allocated_since_gc_start: 138150416
hot_size: 0
cold_size: 3133325
num_regions: 1024
hot_region_count: 18446744073709405412
cold_region_count: 146222
histogram: Placeholder

[907.259s][info][gc             ] GC(6824) Obj count ac histogram
[907.259s][info][gc             ] GC(6824) 	0: 207914
[907.259s][info][gc             ] GC(6824) 	1: 15
[907.259s][info][gc             ] GC(6824) 	2: 2
[907.259s][info][gc             ] GC(6824) 	3: 0
[907.259s][info][gc             ] GC(6824) 	4: 0
[907.259s][info][gc             ] GC(6824) 	5: 0
[907.259s][info][gc             ] GC(6824) 	6: 0
[907.259s][info][gc             ] GC(6824) 	7: 0
[907.259s][info][gc             ] GC(6824) 	8: 0
[907.259s][info][gc             ] GC(6824) 	9: 0
[907.259s][info][gc             ] GC(6824) 	10: 0
[907.259s][info][gc             ] GC(6824) 	11: 0
[907.259s][info][gc             ] GC(6824) 	12: 0
[907.259s][info][gc             ] GC(6824) 	13: 0
[907.259s][info][gc             ] GC(6824) 	14: 0
[907.259s][info][gc             ] GC(6824) 	15: 0
[907.259s][info][gc             ] GC(6824) 	16: 0
[907.259s][info][gc             ] GC(6824) 	17: 0
[907.259s][info][gc             ] GC(6824) 	18: 0
[907.259s][info][gc             ] GC(6824) 	19: 0
[907.259s][info][gc             ] GC(6824) Obj size ac histogram
[907.259s][info][gc             ] GC(6824) 	0: 2357056
[907.259s][info][gc             ] GC(6824) 	1: 720
[907.259s][info][gc             ] GC(6824) 	2: 14
[907.259s][info][gc             ] GC(6824) 	3: 0
[907.259s][info][gc             ] GC(6824) 	4: 0
[907.259s][info][gc             ] GC(6824) 	5: 0
[907.259s][info][gc             ] GC(6824) 	6: 0
[907.259s][info][gc             ] GC(6824) 	7: 0
[907.259s][info][gc             ] GC(6824) 	8: 0
[907.259s][info][gc             ] GC(6824) 	9: 0
[907.259s][info][gc             ] GC(6824) 	10: 0
[907.259s][info][gc             ] GC(6824) 	11: 0
[907.259s][info][gc             ] GC(6824) 	12: 0
[907.259s][info][gc             ] GC(6824) 	13: 0
[907.259s][info][gc             ] GC(6824) 	14: 0
[907.259s][info][gc             ] GC(6824) 	15: 0
[907.259s][info][gc             ] GC(6824) 	16: 0
[907.259s][info][gc             ] GC(6824) 	17: 0
[907.259s][info][gc             ] GC(6824) 	18: 0
[907.259s][info][gc             ] GC(6824) 	19: 0
[907.259s][info][gc,ergo        ] Free: 102M, Max: 256K regular, 67072K humongous, Frag: 36% external, 3% internal; Reserve: 13312K, Max: 256K
[907.259s][info][gc,stats       ] 
[907.259s][info][gc,stats       ] All times are wall-clock times, except per-root-class counters, that are sum over
[907.259s][info][gc,stats       ] all workers. Dividing the <total> over the root stage time estimates parallelism.
[907.259s][info][gc,stats       ] 
[907.259s][info][gc,stats       ] Concurrent Reset                    659 us
[907.259s][info][gc,stats       ] Pause Init Mark (G)                1654 us
[907.259s][info][gc,stats       ] Pause Init Mark (N)                1341 us
[907.259s][info][gc,stats       ]   Accumulate Stats                    5 us
[907.259s][info][gc,stats       ]   Make Parsable                      41 us
[907.259s][info][gc,stats       ]   Update Region States               10 us
[907.259s][info][gc,stats       ]   Scan Roots                        762 us, parallelism: 1.59x
[907.259s][info][gc,stats       ]     S: <total>                     1211 us
[907.259s][info][gc,stats       ]     S: Thread Roots                 425 us, workers (us):  56,   1,  34, 194,  99,  41, ---, ---, ---, ---, ---, ---, ---, ---, ---, ---, ---, ---, ---, ---, ---, ---, ---, ---, 
[907.259s][info][gc,stats       ]     S: Universe Roots                56 us, workers (us):  56, ---, ---, ---, ---, ---, ---, ---, ---, ---, ---, ---, ---, ---, ---, ---, ---, ---, ---, ---, ---, ---, ---, ---, 
[907.259s][info][gc,stats       ]     S: JNI Handles Roots             21 us, workers (us): ---, ---, ---,  21, ---, ---, ---, ---, ---, ---, ---, ---, ---, ---, ---, ---, ---, ---, ---, ---, ---, ---, ---, ---, 
[907.259s][info][gc,stats       ]     S: Synchronizer Roots             0 us, workers (us): ---,   0, ---, ---, ---, ---, ---, ---, ---, ---, ---, ---, ---, ---, ---, ---, ---, ---, ---, ---, ---, ---, ---, ---, 
[907.259s][info][gc,stats       ]     S: Management Roots               2 us, workers (us): ---,   2, ---, ---, ---, ---, ---, ---, ---, ---, ---, ---, ---, ---, ---, ---, ---, ---, ---, ---, ---, ---, ---, ---, 
[907.259s][info][gc,stats       ]     S: System Dict Roots             37 us, workers (us): ---, ---,  37, ---, ---, ---, ---, ---, ---, ---, ---, ---, ---, ---, ---, ---, ---, ---, ---, ---, ---, ---, ---, ---, 
[907.259s][info][gc,stats       ]     S: CLDG Roots                   668 us, workers (us): ---, 649, ---,   7,  11, ---, ---, ---, ---, ---, ---, ---, ---, ---, ---, ---, ---, ---, ---, ---, ---, ---, ---, ---, 
[907.259s][info][gc,stats       ]     S: JVMTI Roots                    1 us, workers (us): ---,   1, ---, ---, ---, ---, ---, ---, ---, ---, ---, ---, ---, ---, ---, ---, ---, ---, ---, ---, ---, ---, ---, ---, 
[907.259s][info][gc,stats       ]   Resize TLABs                        3 us
[907.259s][info][gc,stats       ] Concurrent Marking                65936 us
[907.259s][info][gc,stats       ] Pause Final Mark (G)              56045 us
[907.259s][info][gc,stats       ] Pause Final Mark (N)              55838 us
[907.259s][info][gc,stats       ]   Finish Queues                     214 us
[907.259s][info][gc,stats       ]   System Purge                      174 us
[907.259s][info][gc,stats       ]     Unload Classes                   79 us
[907.259s][info][gc,stats       ]     Cleanup                       52631 us, parallelism: 1.70x
[907.259s][info][gc,stats       ]       CU: <total>                 89316 us
[907.259s][info][gc,stats       ]       CU: Code Cache Roots        68865 us, workers (us): 11199, 11078, 11062, 11067, 12078, 12380, ---, ---, ---, ---, ---, ---, ---, ---, ---, ---, ---, ---, ---, ---, ---, ---, ---, ---, 
[907.259s][info][gc,stats       ]       CU: Code Cache Cleaning      6723 us, workers (us): 1214, 1303, 1212, 1210, 1044, 738, ---, ---, ---, ---, ---, ---, ---, ---, ---, ---, ---, ---, ---, ---, ---, ---, ---, ---, 
[907.259s][info][gc,stats       ]       CU: String Table Roots       3253 us, workers (us): 725, 835, 849, 843,   1,   0, ---, ---, ---, ---, ---, ---, ---, ---, ---, ---, ---, ---, ---, ---, ---, ---, ---, ---, 
[907.259s][info][gc,stats       ]       CU: Resolved Table Roots       18 us, workers (us):   0,  17,   0,   0,   0,   0, ---, ---, ---, ---, ---, ---, ---, ---, ---, ---, ---, ---, ---, ---, ---, ---, ---, ---, 
[907.259s][info][gc,stats       ]       CU: CLDG Roots              10457 us, workers (us): 1768, 1680, 1744, 1745, 1779, 1742, ---, ---, ---, ---, ---, ---, ---, ---, ---, ---, ---, ---, ---, ---, ---, ---, ---, ---, 
[907.259s][info][gc,stats       ]     Weak Roots                      173 us
[907.259s][info][gc,stats       ]     CLDG                              0 us
[907.259s][info][gc,stats       ]   Update Region States               21 us
[907.259s][info][gc,stats       ]   Retire TLABs                       43 us
[907.259s][info][gc,stats       ]   Choose Collection Set             337 us
[907.259s][info][gc,stats       ]   Rebuild Free Set                   15 us
[907.259s][info][gc,stats       ]   Initial Evacuation               2141 us, parallelism: 2.85x
[907.259s][info][gc,stats       ]     E: <total>                     6104 us
[907.259s][info][gc,stats       ]     E: Thread Roots                 226 us, workers (us):  34,  49,   2,   1, 137,   1, ---, ---, ---, ---, ---, ---, ---, ---, ---, ---, ---, ---, ---, ---, ---, ---, ---, ---, 
[907.259s][info][gc,stats       ]     E: Code Cache Roots            4884 us, workers (us): 875, 482, 1078, 584, 712, 1155, ---, ---, ---, ---, ---, ---, ---, ---, ---, ---, ---, ---, ---, ---, ---, ---, ---, ---, 
[907.259s][info][gc,stats       ]     E: Universe Roots                 4 us, workers (us):   4, ---, ---, ---, ---, ---, ---, ---, ---, ---, ---, ---, ---, ---, ---, ---, ---, ---, ---, ---, ---, ---, ---, ---, 
[907.259s][info][gc,stats       ]     E: JNI Handles Roots              2 us, workers (us): ---, ---, ---,   2, ---, ---, ---, ---, ---, ---, ---, ---, ---, ---, ---, ---, ---, ---, ---, ---, ---, ---, ---, ---, 
[907.259s][info][gc,stats       ]     E: Synchronizer Roots            10 us, workers (us): ---,  10, ---, ---, ---, ---, ---, ---, ---, ---, ---, ---, ---, ---, ---, ---, ---, ---, ---, ---, ---, ---, ---, ---, 
[907.259s][info][gc,stats       ]     E: Management Roots               2 us, workers (us):   2, ---, ---, ---, ---, ---, ---, ---, ---, ---, ---, ---, ---, ---, ---, ---, ---, ---, ---, ---, ---, ---, ---, ---, 
[907.259s][info][gc,stats       ]     E: System Dict Roots              7 us, workers (us): ---,   7, ---, ---, ---, ---, ---, ---, ---, ---, ---, ---, ---, ---, ---, ---, ---, ---, ---, ---, ---, ---, ---, ---, 
[907.259s][info][gc,stats       ]     E: CLDG Roots                   968 us, workers (us): ---, 387, ---, 518,  63, ---, ---, ---, ---, ---, ---, ---, ---, ---, ---, ---, ---, ---, ---, ---, ---, ---, ---, ---, 
[907.260s][info][gc,stats       ]     E: JVMTI Roots                    1 us, workers (us):   1, ---, ---, ---, ---, ---, ---, ---, ---, ---, ---, ---, ---, ---, ---, ---, ---, ---, ---, ---, ---, ---, ---, ---, 
[907.260s][info][gc,stats       ] Concurrent Cleanup                17793 us
[907.260s][info][gc,stats       ] Concurrent Evacuation              3837 us
[907.260s][info][gc,stats       ] Pause Init  Update Refs (G)         481 us
[907.260s][info][gc,stats       ] Pause Init  Update Refs (N)         154 us
[907.260s][info][gc,stats       ]   Retire GCLABs                     140 us
[907.260s][info][gc,stats       ] Concurrent Update Refs            17048 us
[907.260s][info][gc,stats       ] Pause Final Update Refs (G)        1856 us
[907.260s][info][gc,stats       ] Pause Final Update Refs (N)         177 us
[907.260s][info][gc,stats       ]   Update Roots                      133 us, parallelism: 1.61x
[907.260s][info][gc,stats       ]     UR: <total>                     214 us
[907.260s][info][gc,stats       ]     UR: Thread Roots                214 us, workers (us):  99,  44,  25,  42,   3,   0, ---, ---, ---, ---, ---, ---, ---, ---, ---, ---, ---, ---, ---, ---, ---, ---, ---, ---, 
[907.260s][info][gc,stats       ]   Update Region States               19 us
[907.260s][info][gc,stats       ]   Trash Collection Set                5 us
[907.260s][info][gc,stats       ]   Rebuild Free Set                   10 us
[907.260s][info][gc,stats       ] Concurrent Cleanup                  872 us
[907.260s][info][gc,stats       ] Pacing                           136771 us
[907.260s][info][gc,stats       ] 
[907.260s][info][gc,stats       ] Allocation pacing accrued:
[907.260s][info][gc,stats       ]     137 of   169 ms ( 81.0%): pl.nadoba.jvm.gc.benchmark.App.main()
[907.260s][info][gc,stats       ]     137 of   169 ms ( 81.0%): <total>
[907.260s][info][gc,stats       ]      14 of   169 ms (  8.1%): <average total>
[907.260s][info][gc,stats       ]     137 of   169 ms ( 81.0%): <average non-zero>
[907.260s][info][gc,stats       ] 
[907.260s][info][gc,metaspace   ] Metaspace: 24281K->24281K(1071104K)
[907.260s][info][gc,ergo        ] Pacer for Idle. Initial: 5242K, Alloc Tax Rate: 1.0x
[907.261s][info][gc             ] Trigger: Start next cycle immediately
[907.261s][info][gc,ergo        ] Free: 101227K, Max: 256K regular, 67072K humongous, Frag: 34% external, 3% internal; Reserve: 13312K, Max: 256K
[907.261s][info][gc,start       ] GC(6825) Concurrent reset
[907.261s][info][gc,task        ] GC(6825) Using 6 of 24 workers for concurrent reset
[907.261s][info][gc,ergo        ] GC(6825) Pacer for Reset. Non-Taxable: 256M
[907.262s][info][gc             ] GC(6825) Concurrent reset 0.702ms
[907.262s][info][gc,start       ] GC(6825) Pause Init Mark (process weakrefs)
[907.262s][info][gc,task        ] GC(6825) Using 6 of 24 workers for init marking
[907.264s][info][gc,ergo        ] GC(6825) Pacer for Mark. Expected Live: 11687K, Free: 101227K, Non-Taxable: 10122K, Alloc Tax Rate: 0.1x
[907.264s][info][gc             ] GC(6825) Pause Init Mark (process weakrefs) 2.567ms
[907.264s][info][gc,start       ] GC(6825) Concurrent marking (process weakrefs)
[907.264s][info][gc,task        ] GC(6825) Using 6 of 24 workers for concurrent marking
[907.329s][info][gc             ] GC(6825) Concurrent marking (process weakrefs) 64.713ms
[907.329s][info][gc,start       ] GC(6825) Concurrent precleaning
[907.329s][info][gc,task        ] GC(6825) Using 1 of 24 workers for concurrent preclean
[907.329s][info][gc,ergo        ] GC(6825) Pacer for Precleaning. Non-Taxable: 256M
[907.333s][info][gc             ] GC(6825) Concurrent precleaning 3.877ms
[907.334s][info][gc,start       ] GC(6825) Pause Final Mark (process weakrefs)
[907.334s][info][gc,task        ] GC(6825) Using 6 of 24 workers for final marking
[907.335s][info][gc,ergo        ] GC(6825) Collectable Garbage: 130M (100%), Immediate: 129M (99%), CSet: 1004K (0%)
[907.338s][info][gc,ergo        ] GC(6825) Pacer for Evacuation. Used CSet: 4864K, Free: 181M, Non-Taxable: 18545K, Alloc Tax Rate: 1.1x
[907.338s][info][gc             ] GC(6825) Pause Final Mark (process weakrefs) 3.922ms
[907.338s][info][gc,start       ] GC(6825) Concurrent cleanup
[907.358s][info][gc             ] GC(6825) Concurrent cleanup 189M->82M(256M) 20.239ms
[907.358s][info][gc,ergo        ] GC(6825) Free: 158M, Max: 256K regular, 98048K humongous, Frag: 40% external, 1% internal; Reserve: 12667K, Max: 256K
[907.358s][info][gc,start       ] GC(6825) Concurrent evacuation
[907.358s][info][gc,task        ] GC(6825) Using 6 of 24 workers for concurrent evacuation
[907.362s][info][gc             ] GC(6825) Concurrent evacuation 3.493ms
[907.362s][info][gc,start       ] GC(6825) Pause Init Update Refs
[907.362s][info][gc,ergo        ] GC(6825) Pacer for Update Refs. Used: 88724K, Free: 158M, Non-Taxable: 16189K, Alloc Tax Rate: 1.1x
[907.362s][info][gc             ] GC(6825) Pause Init Update Refs 0.243ms
[907.362s][info][gc,start       ] GC(6825) Concurrent update references
[907.362s][info][gc,task        ] GC(6825) Using 6 of 24 workers for concurrent reference update
[907.378s][info][gc             ] GC(6825) Concurrent update references 16.075ms
[907.379s][info][gc,start       ] GC(6825) Pause Final Update Refs
[907.379s][info][gc,task        ] GC(6825) Using 6 of 24 workers for final reference update
[907.379s][info][gc             ] GC(6825) Pause Final Update Refs 0.257ms
[907.379s][info][gc,start       ] GC(6825) Concurrent cleanup
[907.380s][info][gc             ] GC(6825) Concurrent cleanup 148M->143M(256M) 0.730ms
[907.380s][info][gc             ] GC(6825) Dat log --- cycle is complete
Current gc epoch: 5533
heap: ______
capacity: 268435456
used: 150885712
committed: 268435456
bytes_allocated_since_gc_start: 147587600
hot_size: 0
cold_size: 2930581
num_regions: 1024
hot_region_count: 18446744073709405394
cold_region_count: 146241
histogram: Placeholder

[907.380s][info][gc             ] GC(6825) Obj count ac histogram
[907.380s][info][gc             ] GC(6825) 	0: 209222
[907.380s][info][gc             ] GC(6825) 	1: 16
[907.380s][info][gc             ] GC(6825) 	2: 4317
[907.380s][info][gc             ] GC(6825) 	3: 4211
[907.380s][info][gc             ] GC(6825) 	4: 838
[907.380s][info][gc             ] GC(6825) 	5: 15
[907.380s][info][gc             ] GC(6825) 	6: 0
[907.380s][info][gc             ] GC(6825) 	7: 0
[907.380s][info][gc             ] GC(6825) 	8: 0
[907.380s][info][gc             ] GC(6825) 	9: 0
[907.380s][info][gc             ] GC(6825) 	10: 0
[907.380s][info][gc             ] GC(6825) 	11: 0
[907.380s][info][gc             ] GC(6825) 	12: 0
[907.380s][info][gc             ] GC(6825) 	13: 0
[907.380s][info][gc             ] GC(6825) 	14: 0
[907.380s][info][gc             ] GC(6825) 	15: 0
[907.380s][info][gc             ] GC(6825) 	16: 0
[907.380s][info][gc             ] GC(6825) 	17: 0
[907.380s][info][gc             ] GC(6825) 	18: 0
[907.380s][info][gc             ] GC(6825) 	19: 0
[907.380s][info][gc             ] GC(6825) Obj size ac histogram
[907.380s][info][gc             ] GC(6825) 	0: 1331073
[907.380s][info][gc             ] GC(6825) 	1: 739
[907.380s][info][gc             ] GC(6825) 	2: 60488
[907.380s][info][gc             ] GC(6825) 	3: 40190
[907.380s][info][gc             ] GC(6825) 	4: 5153
[907.380s][info][gc             ] GC(6825) 	5: 150
[907.380s][info][gc             ] GC(6825) 	6: 0
[907.380s][info][gc             ] GC(6825) 	7: 0
[907.380s][info][gc             ] GC(6825) 	8: 0
[907.380s][info][gc             ] GC(6825) 	9: 0
[907.380s][info][gc             ] GC(6825) 	10: 0
[907.380s][info][gc             ] GC(6825) 	11: 0
[907.380s][info][gc             ] GC(6825) 	12: 0
[907.380s][info][gc             ] GC(6825) 	13: 0
[907.380s][info][gc             ] GC(6825) 	14: 0
[907.380s][info][gc             ] GC(6825) 	15: 0
[907.380s][info][gc             ] GC(6825) 	16: 0
[907.380s][info][gc             ] GC(6825) 	17: 0
[907.380s][info][gc             ] GC(6825) 	18: 0
[907.380s][info][gc             ] GC(6825) 	19: 0
[907.380s][info][gc,ergo        ] Free: 95083K, Max: 256K regular, 42240K humongous, Frag: 56% external, 4% internal; Reserve: 13312K, Max: 256K
[907.380s][info][gc,stats       ] 
[907.380s][info][gc,stats       ] All times are wall-clock times, except per-root-class counters, that are sum over
[907.380s][info][gc,stats       ] all workers. Dividing the <total> over the root stage time estimates parallelism.
[907.380s][info][gc,stats       ] 
[907.380s][info][gc,stats       ] Concurrent Reset                    686 us
[907.380s][info][gc,stats       ] Pause Init Mark (G)                2859 us
[907.380s][info][gc,stats       ] Pause Init Mark (N)                2549 us
[907.380s][info][gc,stats       ]   Accumulate Stats                    4 us
[907.380s][info][gc,stats       ]   Make Parsable                      37 us
[907.380s][info][gc,stats       ]   Update Region States                8 us
[907.380s][info][gc,stats       ]   Scan Roots                       2064 us, parallelism: 2.23x
[907.380s][info][gc,stats       ]     S: <total>                     4607 us
[907.380s][info][gc,stats       ]     S: Thread Roots                 548 us, workers (us):   1, 137,   1,   1, 301, 107, ---, ---, ---, ---, ---, ---, ---, ---, ---, ---, ---, ---, ---, ---, ---, ---, ---, ---, 
[907.380s][info][gc,stats       ]     S: Universe Roots                45 us, workers (us):  45, ---, ---, ---, ---, ---, ---, ---, ---, ---, ---, ---, ---, ---, ---, ---, ---, ---, ---, ---, ---, ---, ---, ---, 
[907.380s][info][gc,stats       ]     S: JNI Handles Roots             14 us, workers (us):  14, ---, ---, ---, ---, ---, ---, ---, ---, ---, ---, ---, ---, ---, ---, ---, ---, ---, ---, ---, ---, ---, ---, ---, 
[907.380s][info][gc,stats       ]     S: Synchronizer Roots             1 us, workers (us): ---,   1, ---, ---, ---, ---, ---, ---, ---, ---, ---, ---, ---, ---, ---, ---, ---, ---, ---, ---, ---, ---, ---, ---, 
[907.380s][info][gc,stats       ]     S: Management Roots               3 us, workers (us):   3, ---, ---, ---, ---, ---, ---, ---, ---, ---, ---, ---, ---, ---, ---, ---, ---, ---, ---, ---, ---, ---, ---, ---, 
[907.381s][info][gc,stats       ]     S: System Dict Roots             66 us, workers (us): ---,  66, ---, ---, ---, ---, ---, ---, ---, ---, ---, ---, ---, ---, ---, ---, ---, ---, ---, ---, ---, ---, ---, ---, 
[907.381s][info][gc,stats       ]     S: CLDG Roots                  3930 us, workers (us): 261, ---, 1913, 1756, ---, ---, ---, ---, ---, ---, ---, ---, ---, ---, ---, ---, ---, ---, ---, ---, ---, ---, ---, ---, 
[907.381s][info][gc,stats       ]     S: JVMTI Roots                    1 us, workers (us):   1, ---, ---, ---, ---, ---, ---, ---, ---, ---, ---, ---, ---, ---, ---, ---, ---, ---, ---, ---, ---, ---, ---, ---, 
[907.381s][info][gc,stats       ]   Resize TLABs                        4 us
[907.381s][info][gc,stats       ] Concurrent Marking                64674 us
[907.381s][info][gc,stats       ] Concurrent Precleaning             3854 us
[907.381s][info][gc,stats       ] Pause Final Mark (G)               4701 us
[907.381s][info][gc,stats       ] Pause Final Mark (N)               3885 us
[907.381s][info][gc,stats       ]   Finish Queues                     202 us
[907.381s][info][gc,stats       ]   Weak References                    32 us
[907.381s][info][gc,stats       ]     Process                          25 us
[907.381s][info][gc,stats       ]   System Purge                      185 us
[907.381s][info][gc,stats       ]     Weak Roots                      185 us
[907.381s][info][gc,stats       ]   Update Region States               30 us
[907.381s][info][gc,stats       ]   Retire TLABs                       46 us
[907.381s][info][gc,stats       ]   Choose Collection Set             493 us
[907.381s][info][gc,stats       ]   Rebuild Free Set                   29 us
[907.381s][info][gc,stats       ]   Initial Evacuation               2840 us, parallelism: 1.76x
[907.381s][info][gc,stats       ]     E: <total>                     5012 us
[907.381s][info][gc,stats       ]     E: Thread Roots                 120 us, workers (us):   1,   1,   1,  70,  47,   1, ---, ---, ---, ---, ---, ---, ---, ---, ---, ---, ---, ---, ---, ---, ---, ---, ---, ---, 
[907.381s][info][gc,stats       ]     E: Code Cache Roots            3645 us, workers (us): 361, 1027, 920, 581,   0, 755, ---, ---, ---, ---, ---, ---, ---, ---, ---, ---, ---, ---, ---, ---, ---, ---, ---, ---, 
[907.381s][info][gc,stats       ]     E: Universe Roots                 2 us, workers (us):   2, ---, ---, ---, ---, ---, ---, ---, ---, ---, ---, ---, ---, ---, ---, ---, ---, ---, ---, ---, ---, ---, ---, ---, 
[907.381s][info][gc,stats       ]     E: JNI Handles Roots              1 us, workers (us):   1, ---, ---, ---, ---, ---, ---, ---, ---, ---, ---, ---, ---, ---, ---, ---, ---, ---, ---, ---, ---, ---, ---, ---, 
[907.381s][info][gc,stats       ]     E: Synchronizer Roots             0 us, workers (us):   0, ---, ---, ---, ---, ---, ---, ---, ---, ---, ---, ---, ---, ---, ---, ---, ---, ---, ---, ---, ---, ---, ---, ---, 
[907.381s][info][gc,stats       ]     E: Management Roots               2 us, workers (us):   2, ---, ---, ---, ---, ---, ---, ---, ---, ---, ---, ---, ---, ---, ---, ---, ---, ---, ---, ---, ---, ---, ---, ---, 
[907.381s][info][gc,stats       ]     E: System Dict Roots             15 us, workers (us): ---,  15, ---, ---, ---, ---, ---, ---, ---, ---, ---, ---, ---, ---, ---, ---, ---, ---, ---, ---, ---, ---, ---, ---, 
[907.381s][info][gc,stats       ]     E: CLDG Roots                  1224 us, workers (us): 449, ---, ---,  67, 708, ---, ---, ---, ---, ---, ---, ---, ---, ---, ---, ---, ---, ---, ---, ---, ---, ---, ---, ---, 
[907.381s][info][gc,stats       ]     E: JVMTI Roots                    0 us, workers (us):   0, ---, ---, ---, ---, ---, ---, ---, ---, ---, ---, ---, ---, ---, ---, ---, ---, ---, ---, ---, ---, ---, ---, ---, 
[907.381s][info][gc,stats       ] Concurrent Cleanup                20193 us
[907.381s][info][gc,stats       ] Concurrent Evacuation              3486 us
[907.381s][info][gc,stats       ] Pause Init  Update Refs (G)         461 us
[907.381s][info][gc,stats       ] Pause Init  Update Refs (N)         206 us
[907.381s][info][gc,stats       ]   Retire GCLABs                     183 us
[907.381s][info][gc,stats       ] Concurrent Update Refs            16060 us
[907.381s][info][gc,stats       ] Pause Final Update Refs (G)        1244 us
[907.381s][info][gc,stats       ] Pause Final Update Refs (N)         215 us
[907.381s][info][gc,stats       ]   Update Roots                      129 us, parallelism: 1.18x
[907.381s][info][gc,stats       ]     UR: <total>                     151 us
[907.381s][info][gc,stats       ]     UR: Thread Roots                151 us, workers (us):  59,  26,  28,  36,   2,   0, ---, ---, ---, ---, ---, ---, ---, ---, ---, ---, ---, ---, ---, ---, ---, ---, ---, ---, 
[907.381s][info][gc,stats       ]   Update Region States               25 us
[907.381s][info][gc,stats       ]   Trash Collection Set               10 us
[907.381s][info][gc,stats       ]   Rebuild Free Set                   29 us
[907.381s][info][gc,stats       ] Concurrent Cleanup                  707 us
[907.381s][info][gc,stats       ] Pacing                            83097 us
[907.381s][info][gc,stats       ] 
[907.381s][info][gc,stats       ] Allocation pacing accrued:
[907.381s][info][gc,stats       ]      83 of   121 ms ( 68.6%): pl.nadoba.jvm.gc.benchmark.App.main()
[907.381s][info][gc,stats       ]      83 of   121 ms ( 68.6%): <total>
[907.381s][info][gc,stats       ]       8 of   121 ms (  6.9%): <average total>
[907.381s][info][gc,stats       ]      83 of   121 ms ( 68.6%): <average non-zero>
[907.381s][info][gc,stats       ] 
[907.381s][info][gc,metaspace   ] Metaspace: 24281K->24281K(1071104K)
[907.381s][info][gc,ergo        ] Pacer for Idle. Initial: 5242K, Alloc Tax Rate: 1.0x
[907.382s][info][gc             ] Trigger: Start next cycle immediately
[907.382s][info][gc,ergo        ] Free: 85611K, Max: 256K regular, 42240K humongous, Frag: 51% external, 4% internal; Reserve: 13312K, Max: 256K
[907.382s][info][gc,start       ] GC(6826) Concurrent reset
[907.382s][info][gc,task        ] GC(6826) Using 6 of 24 workers for concurrent reset
[907.382s][info][gc,ergo        ] GC(6826) Pacer for Reset. Non-Taxable: 256M
[907.383s][info][gc             ] GC(6826) Concurrent reset 0.661ms
[907.385s][info][gc,start       ] GC(6826) Pause Init Mark (unload classes)
[907.385s][info][gc,task        ] GC(6826) Using 6 of 24 workers for init marking
[907.386s][info][gc,ergo        ] GC(6826) Pacer for Mark. Expected Live: 10458K, Free: 76139K, Non-Taxable: 7613K, Alloc Tax Rate: 0.2x
[907.387s][info][gc             ] GC(6826) Pause Init Mark (unload classes) 1.953ms
[907.387s][info][gc,start       ] GC(6826) Concurrent marking (unload classes)
[907.387s][info][gc,task        ] GC(6826) Using 6 of 24 workers for concurrent marking
[907.421s][info][gc             ] Failed to allocate Shared, 7168K
[907.421s][info][gc             ] Cancelling GC: Allocation Failure
[907.424s][info][gc             ] GC(6826) Concurrent marking (unload classes) 37.722ms
[907.424s][info][gc,ergo        ] Free: 11883K, Max: 256K regular, 4864K humongous, Frag: 58% external, 19% internal; Reserve: 13312K, Max: 256K
[907.425s][info][gc,stats       ] 
[907.425s][info][gc,stats       ] All times are wall-clock times, except per-root-class counters, that are sum over
[907.425s][info][gc,stats       ] all workers. Dividing the <total> over the root stage time estimates parallelism.
[907.425s][info][gc,stats       ] 
[907.425s][info][gc,stats       ] Concurrent Reset                    650 us
[907.425s][info][gc,stats       ] Pause Init Mark (G)                4040 us
[907.425s][info][gc,stats       ] Pause Init Mark (N)                1912 us
[907.425s][info][gc,stats       ]   Accumulate Stats                    7 us
[907.425s][info][gc,stats       ]   Make Parsable                      53 us
[907.425s][info][gc,stats       ]   Update Region States               39 us
[907.425s][info][gc,stats       ]   Scan Roots                        970 us, parallelism: 1.29x
[907.425s][info][gc,stats       ]     S: <total>                     1247 us
[907.425s][info][gc,stats       ]     S: Thread Roots                 326 us, workers (us):   9,  27,  34,   1,  64, 191, ---, ---, ---, ---, ---, ---, ---, ---, ---, ---, ---, ---, ---, ---, ---, ---, ---, ---, 
[907.425s][info][gc,stats       ]     S: Universe Roots                48 us, workers (us):  48, ---, ---, ---, ---, ---, ---, ---, ---, ---, ---, ---, ---, ---, ---, ---, ---, ---, ---, ---, ---, ---, ---, ---, 
[907.425s][info][gc,stats       ]     S: JNI Handles Roots              9 us, workers (us): ---,   9, ---, ---, ---, ---, ---, ---, ---, ---, ---, ---, ---, ---, ---, ---, ---, ---, ---, ---, ---, ---, ---, ---, 
[907.425s][info][gc,stats       ]     S: Synchronizer Roots             0 us, workers (us):   0, ---, ---, ---, ---, ---, ---, ---, ---, ---, ---, ---, ---, ---, ---, ---, ---, ---, ---, ---, ---, ---, ---, ---, 
[907.425s][info][gc,stats       ]     S: Management Roots               2 us, workers (us):   2, ---, ---, ---, ---, ---, ---, ---, ---, ---, ---, ---, ---, ---, ---, ---, ---, ---, ---, ---, ---, ---, ---, ---, 
[907.425s][info][gc,stats       ]     S: System Dict Roots             22 us, workers (us):  22, ---, ---, ---, ---, ---, ---, ---, ---, ---, ---, ---, ---, ---, ---, ---, ---, ---, ---, ---, ---, ---, ---, ---, 
[907.425s][info][gc,stats       ]     S: CLDG Roots                   839 us, workers (us): ---, ---,   9, 821,   9, ---, ---, ---, ---, ---, ---, ---, ---, ---, ---, ---, ---, ---, ---, ---, ---, ---, ---, ---, 
[907.425s][info][gc,stats       ]     S: JVMTI Roots                    0 us, workers (us): ---,   0, ---, ---, ---, ---, ---, ---, ---, ---, ---, ---, ---, ---, ---, ---, ---, ---, ---, ---, ---, ---, ---, ---, 
[907.425s][info][gc,stats       ]   Resize TLABs                        5 us
[907.425s][info][gc,stats       ] Concurrent Marking                37669 us
[907.425s][info][gc,stats       ] Pacing                            22356 us
[907.425s][info][gc,stats       ] 
[907.425s][info][gc,stats       ] Allocation pacing accrued:
[907.425s][info][gc,stats       ]      22 of    44 ms ( 50.6%): pl.nadoba.jvm.gc.benchmark.App.main()
[907.425s][info][gc,stats       ]      22 of    44 ms ( 50.6%): <total>
[907.425s][info][gc,stats       ]       2 of    44 ms (  5.1%): <average total>
[907.425s][info][gc,stats       ]      22 of    44 ms ( 50.6%): <average non-zero>
[907.425s][info][gc,stats       ] 
[907.425s][info][gc,metaspace   ] Metaspace: 24281K->24281K(1071104K)
[907.425s][info][gc,ergo        ] Pacer for Idle. Initial: 5242K, Alloc Tax Rate: 1.0x
[907.426s][info][gc             ] Trigger: Handle Allocation Failure
[907.426s][info][gc,ergo        ] Free: 11883K, Max: 256K regular, 4864K humongous, Frag: 58% external, 19% internal; Reserve: 13312K, Max: 256K
[907.426s][info][gc,start       ] GC(6827) Pause Degenerated GC (Mark)
[907.426s][info][gc,task        ] GC(6827) Using 6 of 24 workers for stw degenerated gc
[907.507s][info][gc,stringtable ] GC(6827) Cleaned string and symbol table, strings: 8172 processed, 0 removed, symbols: 68000 processed, 0 removed
[907.508s][info][gc,ergo        ] GC(6827) Collectable Garbage: 144M (100%), Immediate: 143M (99%), CSet: 1260K (0%)
[907.508s][info][gc,ergo        ] GC(6827) Pacer for Evacuation. Used CSet: 5120K, Free: 161M, Non-Taxable: 16522K, Alloc Tax Rate: 1.1x
[907.528s][info][gc,ergo        ] GC(6827) Pacer for Update Refs. Used: 85396K, Free: 161M, Non-Taxable: 16522K, Alloc Tax Rate: 1.1x
[907.546s][info][gc,ergo        ] GC(6827) Good progress for free space: 161M, need 2621K
[907.546s][info][gc,ergo        ] GC(6827) Good progress for used space: 143M, need 256K
[907.546s][info][gc             ] GC(6827) Pause Degenerated GC (Mark) 222M->78M(256M) 119.348ms
[907.546s][info][gc,ergo        ] Free: 161M, Max: 256K regular, 99584K humongous, Frag: 40% external, 2% internal; Reserve: 13312K, Max: 256K
[907.546s][info][gc,stats       ] 
[907.546s][info][gc,stats       ] All times are wall-clock times, except per-root-class counters, that are sum over
[907.546s][info][gc,stats       ] all workers. Dividing the <total> over the root stage time estimates parallelism.
[907.546s][info][gc,stats       ] 
[907.546s][info][gc,stats       ]   Finish Queues                   28669 us
[907.546s][info][gc,stats       ]   System Purge                      239 us
[907.546s][info][gc,stats       ]     Unload Classes                   98 us
[907.546s][info][gc,stats       ]     Cleanup                       51812 us, parallelism: 1.62x
[907.546s][info][gc,stats       ]       CU: <total>                 83941 us
[907.546s][info][gc,stats       ]       CU: Code Cache Roots        62840 us, workers (us): 10285, 10287, 10374, 11152, 10335, 10406, ---, ---, ---, ---, ---, ---, ---, ---, ---, ---, ---, ---, ---, ---, ---, ---, ---, ---, 
[907.546s][info][gc,stats       ]       CU: Code Cache Cleaning      6117 us, workers (us): 957, 954, 952, 784, 930, 1540, ---, ---, ---, ---, ---, ---, ---, ---, ---, ---, ---, ---, ---, ---, ---, ---, ---, ---, 
[907.546s][info][gc,stats       ]       CU: String Table Roots       3180 us, workers (us): 707, 705, 617,   1, 614, 536, ---, ---, ---, ---, ---, ---, ---, ---, ---, ---, ---, ---, ---, ---, ---, ---, ---, ---, 
[907.546s][info][gc,stats       ]       CU: Resolved Table Roots       24 us, workers (us):   0,   0,   0,   0,  23,   0, ---, ---, ---, ---, ---, ---, ---, ---, ---, ---, ---, ---, ---, ---, ---, ---, ---, ---, 
[907.546s][info][gc,stats       ]       CU: CLDG Roots              11781 us, workers (us): 2077, 2066, 2064, 2049, 2088, 1436, ---, ---, ---, ---, ---, ---, ---, ---, ---, ---, ---, ---, ---, ---, ---, ---, ---, ---, 
[907.546s][info][gc,stats       ]     Weak Roots                      238 us
[907.546s][info][gc,stats       ]     CLDG                              0 us
[907.546s][info][gc,stats       ]   Update Region States               25 us
[907.546s][info][gc,stats       ]   Retire TLABs                       42 us
[907.546s][info][gc,stats       ]   Choose Collection Set             410 us
[907.546s][info][gc,stats       ]   Rebuild Free Set                   16 us
[907.546s][info][gc,stats       ]   Initial Evacuation                  6 us
[907.546s][info][gc,stats       ]   Retire GCLABs                     161 us
[907.546s][info][gc,stats       ]   Finish Work                     15320 us
[907.546s][info][gc,stats       ]   Update Region States               28 us
[907.546s][info][gc,stats       ]   Trash Collection Set               10 us
[907.546s][info][gc,stats       ]   Rebuild Free Set                   42 us
[907.546s][info][gc,stats       ] Pause Degenerated GC (G)         119731 us
[907.546s][info][gc,stats       ] Pause Degenerated GC (N)         119300 us
[907.546s][info][gc,stats       ]   Degen Update Roots               1127 us, parallelism: 4.00x
[907.546s][info][gc,stats       ]     DU: <total>                    4507 us
[907.546s][info][gc,stats       ]     DU: Thread Roots                158 us, workers (us):   1,   1,   1,   1,  69,  85, ---, ---, ---, ---, ---, ---, ---, ---, ---, ---, ---, ---, ---, ---, ---, ---, ---, ---, 
[907.546s][info][gc,stats       ]     DU: Code Cache Roots           3718 us, workers (us): 491, 446, 791, 820, 622, 547, ---, ---, ---, ---, ---, ---, ---, ---, ---, ---, ---, ---, ---, ---, ---, ---, ---, ---, 
[907.546s][info][gc,stats       ]     DU: Universe Roots                4 us, workers (us):   4, ---, ---, ---, ---, ---, ---, ---, ---, ---, ---, ---, ---, ---, ---, ---, ---, ---, ---, ---, ---, ---, ---, ---, 
[907.547s][info][gc,stats       ]     DU: JNI Handles Roots             5 us, workers (us): ---,   5, ---, ---, ---, ---, ---, ---, ---, ---, ---, ---, ---, ---, ---, ---, ---, ---, ---, ---, ---, ---, ---, ---, 
[907.547s][info][gc,stats       ]     DU: Synchronizer Roots            0 us, workers (us): ---,   0, ---, ---, ---, ---, ---, ---, ---, ---, ---, ---, ---, ---, ---, ---, ---, ---, ---, ---, ---, ---, ---, ---, 
[907.547s][info][gc,stats       ]     DU: Management Roots              2 us, workers (us): ---,   2, ---, ---, ---, ---, ---, ---, ---, ---, ---, ---, ---, ---, ---, ---, ---, ---, ---, ---, ---, ---, ---, ---, 
[907.547s][info][gc,stats       ]     DU: System Dict Roots             7 us, workers (us):   7, ---, ---, ---, ---, ---, ---, ---, ---, ---, ---, ---, ---, ---, ---, ---, ---, ---, ---, ---, ---, ---, ---, ---, 
[907.547s][info][gc,stats       ]     DU: CLDG Roots                  612 us, workers (us): 226, 331, ---, ---, ---,  55, ---, ---, ---, ---, ---, ---, ---, ---, ---, ---, ---, ---, ---, ---, ---, ---, ---, ---, 
[907.547s][info][gc,stats       ]     DU: JVMTI Roots                   1 us, workers (us): ---,   1, ---, ---, ---, ---, ---, ---, ---, ---, ---, ---, ---, ---, ---, ---, ---, ---, ---, ---, ---, ---, ---, ---, 
[907.547s][info][gc,stats       ] 
[907.547s][info][gc,stats       ] Allocation pacing accrued:
[907.547s][info][gc,stats       ]       0 of   122 ms (  0.0%): <total>
[907.547s][info][gc,stats       ]       0 of   122 ms (  0.0%): <average total>
[907.547s][info][gc,stats       ] 
[907.547s][info][gc,metaspace   ] Metaspace: 24281K->24281K(1071104K)
[907.547s][info][gc,ergo        ] Pacer for Idle. Initial: 5242K, Alloc Tax Rate: 1.0x
[907.548s][info][gc             ] Trigger: Start next cycle immediately
[907.548s][info][gc,ergo        ] Free: 150M, Max: 256K regular, 87808K humongous, Frag: 43% external, 1% internal; Reserve: 13312K, Max: 256K
[907.548s][info][gc,start       ] GC(6828) Concurrent reset
[907.548s][info][gc,task        ] GC(6828) Using 6 of 24 workers for concurrent reset
[907.548s][info][gc,ergo        ] GC(6828) Pacer for Reset. Non-Taxable: 256M
[907.548s][info][gc             ] GC(6828) Concurrent reset 0.596ms
[907.550s][info][gc,start       ] GC(6828) Pause Init Mark
[907.551s][info][gc,task        ] GC(6828) Using 6 of 24 workers for init marking
[907.553s][info][gc,ergo        ] GC(6828) Pacer for Mark. Expected Live: 10458K, Free: 141M, Non-Taxable: 14525K, Alloc Tax Rate: 0.1x
[907.553s][info][gc             ] GC(6828) Pause Init Mark 2.841ms
[907.553s][info][gc,start       ] GC(6828) Concurrent marking
[907.553s][info][gc,task        ] GC(6828) Using 6 of 24 workers for concurrent marking
[907.620s][info][gc             ] GC(6828) Concurrent marking 67.081ms
[907.621s][info][gc,start       ] GC(6828) Pause Final Mark
[907.621s][info][gc,task        ] GC(6828) Using 6 of 24 workers for final marking
[907.622s][info][gc,ergo        ] GC(6828) Collectable Garbage: 83181K (100%), Immediate: 82176K (98%), CSet: 1004K (1%)
[907.625s][info][gc,ergo        ] GC(6828) Pacer for Evacuation. Used CSet: 4864K, Free: 126M, Non-Taxable: 12964K, Alloc Tax Rate: 1.1x
[907.625s][info][gc             ] GC(6828) Pause Final Mark 4.290ms
[907.625s][info][gc,start       ] GC(6828) Concurrent cleanup
[907.639s][info][gc             ] GC(6828) Concurrent cleanup 191M->125M(256M) 13.620ms
[907.639s][info][gc,ergo        ] GC(6828) Free: 111M, Max: 256K regular, 93952K humongous, Frag: 18% external, 2% internal; Reserve: 12544K, Max: 256K
[907.639s][info][gc,start       ] GC(6828) Concurrent evacuation
[907.639s][info][gc,task        ] GC(6828) Using 6 of 24 workers for concurrent evacuation
[907.643s][info][gc             ] GC(6828) Concurrent evacuation 4.732ms
[907.644s][info][gc,start       ] GC(6828) Pause Init Update Refs
[907.644s][info][gc,ergo        ] GC(6828) Pacer for Update Refs. Used: 134M, Free: 106M, Non-Taxable: 10890K, Alloc Tax Rate: 1.5x
[907.644s][info][gc             ] GC(6828) Pause Init Update Refs 0.246ms
[907.644s][info][gc,start       ] GC(6828) Concurrent update references
[907.644s][info][gc,task        ] GC(6828) Using 6 of 24 workers for concurrent reference update
[907.661s][info][gc             ] GC(6828) Concurrent update references 16.620ms
[907.661s][info][gc,start       ] GC(6828) Pause Final Update Refs
[907.661s][info][gc,task        ] GC(6828) Using 6 of 24 workers for final reference update
[907.661s][info][gc             ] GC(6828) Pause Final Update Refs 0.284ms
[907.662s][info][gc,start       ] GC(6828) Concurrent cleanup
[907.662s][info][gc             ] GC(6828) Concurrent cleanup 172M->176M(256M) 0.934ms
[907.663s][info][gc             ] GC(6828) Dat log --- cycle is complete
Current gc epoch: 5534
heap: ______
capacity: 268435456
used: 185489136
committed: 268435456
bytes_allocated_since_gc_start: 185598216
hot_size: 0
cold_size: 8685354
num_regions: 1024
hot_region_count: 18446744073709405357
cold_region_count: 146278
histogram: Placeholder

[907.663s][info][gc             ] GC(6828) Obj count ac histogram
[907.663s][info][gc             ] GC(6828) 	0: 425179
[907.663s][info][gc             ] GC(6828) 	1: 15
[907.663s][info][gc             ] GC(6828) 	2: 17
[907.663s][info][gc             ] GC(6828) 	3: 2
[907.663s][info][gc             ] GC(6828) 	4: 0
[907.663s][info][gc             ] GC(6828) 	5: 0
[907.663s][info][gc             ] GC(6828) 	6: 0
[907.663s][info][gc             ] GC(6828) 	7: 0
[907.663s][info][gc             ] GC(6828) 	8: 0
[907.663s][info][gc             ] GC(6828) 	9: 0
[907.663s][info][gc             ] GC(6828) 	10: 0
[907.663s][info][gc             ] GC(6828) 	11: 0
[907.663s][info][gc             ] GC(6828) 	12: 0
[907.663s][info][gc             ] GC(6828) 	13: 0
[907.663s][info][gc             ] GC(6828) 	14: 0
[907.663s][info][gc             ] GC(6828) 	15: 0
[907.663s][info][gc             ] GC(6828) 	16: 0
[907.663s][info][gc             ] GC(6828) 	17: 0
[907.663s][info][gc             ] GC(6828) 	18: 0
[907.663s][info][gc             ] GC(6828) 	19: 0
[907.663s][info][gc             ] GC(6828) Obj size ac histogram
[907.663s][info][gc             ] GC(6828) 	0: 6114391
[907.663s][info][gc             ] GC(6828) 	1: 720
[907.663s][info][gc             ] GC(6828) 	2: 734
[907.663s][info][gc             ] GC(6828) 	3: 14
[907.663s][info][gc             ] GC(6828) 	4: 0
[907.663s][info][gc             ] GC(6828) 	5: 0
[907.663s][info][gc             ] GC(6828) 	6: 0
[907.663s][info][gc             ] GC(6828) 	7: 0
[907.663s][info][gc             ] GC(6828) 	8: 0
[907.663s][info][gc             ] GC(6828) 	9: 0
[907.663s][info][gc             ] GC(6828) 	10: 0
[907.663s][info][gc             ] GC(6828) 	11: 0
[907.663s][info][gc             ] GC(6828) 	12: 0
[907.663s][info][gc             ] GC(6828) 	13: 0
[907.663s][info][gc             ] GC(6828) 	14: 0
[907.663s][info][gc             ] GC(6828) 	15: 0
[907.663s][info][gc             ] GC(6828) 	16: 0
[907.663s][info][gc             ] GC(6828) 	17: 0
[907.663s][info][gc             ] GC(6828) 	18: 0
[907.663s][info][gc             ] GC(6828) 	19: 0
[907.663s][info][gc,ergo        ] Free: 57963K, Max: 256K regular, 52736K humongous, Frag: 9% external, 6% internal; Reserve: 13312K, Max: 256K
[907.663s][info][gc,stats       ] 
[907.663s][info][gc,stats       ] All times are wall-clock times, except per-root-class counters, that are sum over
[907.663s][info][gc,stats       ] all workers. Dividing the <total> over the root stage time estimates parallelism.
[907.663s][info][gc,stats       ] 
[907.663s][info][gc,stats       ] Concurrent Reset                    576 us
[907.663s][info][gc,stats       ] Pause Init Mark (G)                4931 us
[907.663s][info][gc,stats       ] Pause Init Mark (N)                2800 us
[907.663s][info][gc,stats       ]   Accumulate Stats                    6 us
[907.663s][info][gc,stats       ]   Make Parsable                      54 us
[907.663s][info][gc,stats       ]   Update Region States               39 us
[907.663s][info][gc,stats       ]   Scan Roots                       1788 us, parallelism: 2.06x
[907.663s][info][gc,stats       ]     S: <total>                     3689 us
[907.663s][info][gc,stats       ]     S: Thread Roots                 410 us, workers (us): 112, 198,   2,   1,   1,  95, ---, ---, ---, ---, ---, ---, ---, ---, ---, ---, ---, ---, ---, ---, ---, ---, ---, ---, 
[907.663s][info][gc,stats       ]     S: Universe Roots                32 us, workers (us):  32, ---, ---, ---, ---, ---, ---, ---, ---, ---, ---, ---, ---, ---, ---, ---, ---, ---, ---, ---, ---, ---, ---, ---, 
[907.663s][info][gc,stats       ]     S: JNI Handles Roots             16 us, workers (us): ---,  16, ---, ---, ---, ---, ---, ---, ---, ---, ---, ---, ---, ---, ---, ---, ---, ---, ---, ---, ---, ---, ---, ---, 
[907.663s][info][gc,stats       ]     S: Synchronizer Roots             0 us, workers (us):   0, ---, ---, ---, ---, ---, ---, ---, ---, ---, ---, ---, ---, ---, ---, ---, ---, ---, ---, ---, ---, ---, ---, ---, 
[907.663s][info][gc,stats       ]     S: Management Roots               2 us, workers (us):   2, ---, ---, ---, ---, ---, ---, ---, ---, ---, ---, ---, ---, ---, ---, ---, ---, ---, ---, ---, ---, ---, ---, ---, 
[907.663s][info][gc,stats       ]     S: System Dict Roots             37 us, workers (us):  37, ---, ---, ---, ---, ---, ---, ---, ---, ---, ---, ---, ---, ---, ---, ---, ---, ---, ---, ---, ---, ---, ---, ---, 
[907.663s][info][gc,stats       ]     S: CLDG Roots                  3192 us, workers (us): ---, ---, 243, 1343, 1606, ---, ---, ---, ---, ---, ---, ---, ---, ---, ---, ---, ---, ---, ---, ---, ---, ---, ---, ---, 
[907.663s][info][gc,stats       ]     S: JVMTI Roots                    1 us, workers (us): ---,   1, ---, ---, ---, ---, ---, ---, ---, ---, ---, ---, ---, ---, ---, ---, ---, ---, ---, ---, ---, ---, ---, ---, 
[907.663s][info][gc,stats       ]   Resize TLABs                        6 us
[907.663s][info][gc,stats       ] Concurrent Marking                67028 us
[907.663s][info][gc,stats       ] Pause Final Mark (G)               4506 us
[907.663s][info][gc,stats       ] Pause Final Mark (N)               4239 us
[907.663s][info][gc,stats       ]   Finish Queues                     213 us
[907.663s][info][gc,stats       ]   System Purge                      178 us
[907.663s][info][gc,stats       ]     Weak Roots                      177 us
[907.663s][info][gc,stats       ]   Update Region States               43 us
[907.663s][info][gc,stats       ]   Retire TLABs                       54 us
[907.663s][info][gc,stats       ]   Choose Collection Set             412 us
[907.663s][info][gc,stats       ]   Rebuild Free Set                   39 us
[907.663s][info][gc,stats       ]   Initial Evacuation               3273 us, parallelism: 1.56x
[907.663s][info][gc,stats       ]     E: <total>                     5119 us
[907.663s][info][gc,stats       ]     E: Thread Roots                  85 us, workers (us):   1,   1,   1,   1,  80,   1, ---, ---, ---, ---, ---, ---, ---, ---, ---, ---, ---, ---, ---, ---, ---, ---, ---, ---, 
[907.663s][info][gc,stats       ]     E: Code Cache Roots            3536 us, workers (us): 821, 421,   1, 934, 590, 770, ---, ---, ---, ---, ---, ---, ---, ---, ---, ---, ---, ---, ---, ---, ---, ---, ---, ---, 
[907.663s][info][gc,stats       ]     E: Universe Roots                 5 us, workers (us):   5, ---, ---, ---, ---, ---, ---, ---, ---, ---, ---, ---, ---, ---, ---, ---, ---, ---, ---, ---, ---, ---, ---, ---, 
[907.663s][info][gc,stats       ]     E: JNI Handles Roots              2 us, workers (us):   2, ---, ---, ---, ---, ---, ---, ---, ---, ---, ---, ---, ---, ---, ---, ---, ---, ---, ---, ---, ---, ---, ---, ---, 
[907.664s][info][gc,stats       ]     E: Synchronizer Roots             0 us, workers (us):   0, ---, ---, ---, ---, ---, ---, ---, ---, ---, ---, ---, ---, ---, ---, ---, ---, ---, ---, ---, ---, ---, ---, ---, 
[907.664s][info][gc,stats       ]     E: Management Roots               2 us, workers (us):   2, ---, ---, ---, ---, ---, ---, ---, ---, ---, ---, ---, ---, ---, ---, ---, ---, ---, ---, ---, ---, ---, ---, ---, 
[907.664s][info][gc,stats       ]     E: System Dict Roots             12 us, workers (us): ---,  12, ---, ---, ---, ---, ---, ---, ---, ---, ---, ---, ---, ---, ---, ---, ---, ---, ---, ---, ---, ---, ---, ---, 
[907.664s][info][gc,stats       ]     E: CLDG Roots                  1476 us, workers (us): ---, 652, 759, ---,  64, ---, ---, ---, ---, ---, ---, ---, ---, ---, ---, ---, ---, ---, ---, ---, ---, ---, ---, ---, 
[907.664s][info][gc,stats       ]     E: JVMTI Roots                    1 us, workers (us): ---, ---,   1, ---, ---, ---, ---, ---, ---, ---, ---, ---, ---, ---, ---, ---, ---, ---, ---, ---, ---, ---, ---, ---, 
[907.664s][info][gc,stats       ] Concurrent Cleanup                13574 us
[907.664s][info][gc,stats       ] Concurrent Evacuation              4712 us
[907.664s][info][gc,stats       ] Pause Init  Update Refs (G)         537 us
[907.664s][info][gc,stats       ] Pause Init  Update Refs (N)         204 us
[907.664s][info][gc,stats       ]   Retire GCLABs                     177 us
[907.664s][info][gc,stats       ] Concurrent Update Refs            16602 us
[907.664s][info][gc,stats       ] Pause Final Update Refs (G)         811 us
[907.664s][info][gc,stats       ] Pause Final Update Refs (N)         236 us
[907.664s][info][gc,stats       ]   Update Roots                      140 us, parallelism: 1.29x
[907.664s][info][gc,stats       ]     UR: <total>                     181 us
[907.664s][info][gc,stats       ]     UR: Thread Roots                181 us, workers (us):  89,  50,  41,   0,   0,   0, ---, ---, ---, ---, ---, ---, ---, ---, ---, ---, ---, ---, ---, ---, ---, ---, ---, ---, 
[907.664s][info][gc,stats       ]   Update Region States               34 us
[907.664s][info][gc,stats       ]   Trash Collection Set               11 us
[907.664s][info][gc,stats       ]   Rebuild Free Set                   28 us
[907.664s][info][gc,stats       ] Concurrent Cleanup                  906 us
[907.664s][info][gc,stats       ] Pacing                            71651 us
[907.664s][info][gc,stats       ] 
[907.664s][info][gc,stats       ] Allocation pacing accrued:
[907.664s][info][gc,stats       ]      72 of   117 ms ( 61.2%): pl.nadoba.jvm.gc.benchmark.App.main()
[907.664s][info][gc,stats       ]      72 of   117 ms ( 61.2%): <total>
[907.664s][info][gc,stats       ]       7 of   117 ms (  6.1%): <average total>
[907.664s][info][gc,stats       ]      72 of   117 ms ( 61.2%): <average non-zero>
[907.664s][info][gc,stats       ] 
[907.664s][info][gc,metaspace   ] Metaspace: 24281K->24281K(1071104K)
[907.664s][info][gc,ergo        ] Pacer for Idle. Initial: 5242K, Alloc Tax Rate: 1.0x
[907.665s][info][gc             ] Trigger: Start next cycle immediately
[907.665s][info][gc,ergo        ] Free: 48491K, Max: 256K regular, 43264K humongous, Frag: 11% external, 7% internal; Reserve: 13312K, Max: 256K
[907.665s][info][gc,start       ] GC(6829) Concurrent reset
[907.665s][info][gc,task        ] GC(6829) Using 6 of 24 workers for concurrent reset
[907.665s][info][gc,ergo        ] GC(6829) Pacer for Reset. Non-Taxable: 256M
[907.666s][info][gc             ] GC(6829) Concurrent reset 0.963ms
[907.668s][info][gc,start       ] GC(6829) Pause Init Mark (process weakrefs)
[907.668s][info][gc,task        ] GC(6829) Using 6 of 24 workers for init marking
[907.671s][info][gc,ergo        ] GC(6829) Pacer for Mark. Expected Live: 12097K, Free: 40043K, Non-Taxable: 4004K, Alloc Tax Rate: 0.4x
[907.672s][info][gc             ] GC(6829) Pause Init Mark (process weakrefs) 4.006ms
[907.672s][info][gc,start       ] GC(6829) Concurrent marking (process weakrefs)
[907.672s][info][gc,task        ] GC(6829) Using 6 of 24 workers for concurrent marking
[907.711s][info][gc             ] Failed to allocate Shared, 7168K
[907.711s][info][gc             ] Cancelling GC: Allocation Failure
[907.713s][info][gc             ] GC(6829) Concurrent marking (process weakrefs) 41.148ms
[907.713s][info][gc,ergo        ] Free: 11883K, Max: 256K regular, 6912K humongous, Frag: 40% external, 19% internal; Reserve: 13312K, Max: 256K
[907.713s][info][gc,stats       ] 
[907.713s][info][gc,stats       ] All times are wall-clock times, except per-root-class counters, that are sum over
[907.713s][info][gc,stats       ] all workers. Dividing the <total> over the root stage time estimates parallelism.
[907.713s][info][gc,stats       ] 
[907.713s][info][gc,stats       ] Concurrent Reset                    946 us
[907.713s][info][gc,stats       ] Pause Init Mark (G)                5638 us
[907.713s][info][gc,stats       ] Pause Init Mark (N)                3960 us
[907.713s][info][gc,stats       ]   Accumulate Stats                    7 us
[907.713s][info][gc,stats       ]   Make Parsable                      55 us
[907.713s][info][gc,stats       ]   Update Region States               16 us
[907.713s][info][gc,stats       ]   Scan Roots                       2979 us, parallelism: 1.68x
[907.713s][info][gc,stats       ]     S: <total>                     5013 us
[907.713s][info][gc,stats       ]     S: Thread Roots                 435 us, workers (us): 246, 109,  63,  13,   2,   1, ---, ---, ---, ---, ---, ---, ---, ---, ---, ---, ---, ---, ---, ---, ---, ---, ---, ---, 
[907.713s][info][gc,stats       ]     S: Universe Roots                56 us, workers (us):  56, ---, ---, ---, ---, ---, ---, ---, ---, ---, ---, ---, ---, ---, ---, ---, ---, ---, ---, ---, ---, ---, ---, ---, 
[907.713s][info][gc,stats       ]     S: JNI Handles Roots             27 us, workers (us): ---, ---,  27, ---, ---, ---, ---, ---, ---, ---, ---, ---, ---, ---, ---, ---, ---, ---, ---, ---, ---, ---, ---, ---, 
[907.713s][info][gc,stats       ]     S: Synchronizer Roots             0 us, workers (us): ---,   0, ---, ---, ---, ---, ---, ---, ---, ---, ---, ---, ---, ---, ---, ---, ---, ---, ---, ---, ---, ---, ---, ---, 
[907.713s][info][gc,stats       ]     S: Management Roots               2 us, workers (us): ---,   2, ---, ---, ---, ---, ---, ---, ---, ---, ---, ---, ---, ---, ---, ---, ---, ---, ---, ---, ---, ---, ---, ---, 
[907.713s][info][gc,stats       ]     S: System Dict Roots             51 us, workers (us): ---,  51, ---, ---, ---, ---, ---, ---, ---, ---, ---, ---, ---, ---, ---, ---, ---, ---, ---, ---, ---, ---, ---, ---, 
[907.713s][info][gc,stats       ]     S: CLDG Roots                  4442 us, workers (us): ---, ---, ---, 218, 2768, 1456, ---, ---, ---, ---, ---, ---, ---, ---, ---, ---, ---, ---, ---, ---, ---, ---, ---, ---, 
[907.713s][info][gc,stats       ]     S: JVMTI Roots                    0 us, workers (us): ---, ---,   0, ---, ---, ---, ---, ---, ---, ---, ---, ---, ---, ---, ---, ---, ---, ---, ---, ---, ---, ---, ---, ---, 
[907.713s][info][gc,stats       ]   Resize TLABs                        7 us
[907.713s][info][gc,stats       ] Concurrent Marking                41096 us
[907.713s][info][gc,stats       ] Pacing                            34026 us
[907.713s][info][gc,stats       ] 
[907.713s][info][gc,stats       ] Allocation pacing accrued:
[907.713s][info][gc,stats       ]      34 of    50 ms ( 68.7%): pl.nadoba.jvm.gc.benchmark.App.main()
[907.713s][info][gc,stats       ]      34 of    50 ms ( 68.7%): <total>
[907.713s][info][gc,stats       ]       3 of    50 ms (  6.9%): <average total>
[907.713s][info][gc,stats       ]      34 of    50 ms ( 68.7%): <average non-zero>
[907.713s][info][gc,stats       ] 
[907.713s][info][gc,metaspace   ] Metaspace: 24281K->24281K(1071104K)
[907.713s][info][gc,ergo        ] Pacer for Idle. Initial: 5242K, Alloc Tax Rate: 1.0x
[907.714s][info][gc             ] Trigger: Handle Allocation Failure
[907.715s][info][gc,ergo        ] Free: 11883K, Max: 256K regular, 6912K humongous, Frag: 40% external, 19% internal; Reserve: 13312K, Max: 256K
[907.715s][info][gc,start       ] GC(6830) Pause Degenerated GC (Mark)
[907.715s][info][gc,task        ] GC(6830) Using 6 of 24 workers for stw degenerated gc
[907.745s][info][gc,ergo        ] GC(6830) Collectable Garbage: 177M (100%), Immediate: 176M (99%), CSet: 1260K (0%)
[907.745s][info][gc,ergo        ] GC(6830) Pacer for Evacuation. Used CSet: 5120K, Free: 197M, Non-Taxable: 20234K, Alloc Tax Rate: 1.1x
[907.773s][info][gc,ergo        ] GC(6830) Pacer for Update Refs. Used: 49556K, Free: 197M, Non-Taxable: 20234K, Alloc Tax Rate: 1.1x
[907.791s][info][gc,ergo        ] GC(6830) Good progress for free space: 198M, need 2621K
[907.791s][info][gc,ergo        ] GC(6830) Good progress for used space: 176M, need 256K
[907.791s][info][gc             ] GC(6830) Pause Degenerated GC (Mark) 220M->43M(256M) 75.821ms
[907.791s][info][gc,ergo        ] Free: 198M, Max: 256K regular, 186M humongous, Frag: 6% external, 1% internal; Reserve: 13312K, Max: 256K
[907.791s][info][gc,stats       ] 
[907.791s][info][gc,stats       ] All times are wall-clock times, except per-root-class counters, that are sum over
[907.791s][info][gc,stats       ] all workers. Dividing the <total> over the root stage time estimates parallelism.
[907.791s][info][gc,stats       ] 
[907.791s][info][gc,stats       ]   Finish Queues                   25282 us
[907.791s][info][gc,stats       ]   Weak References                  3585 us
[907.791s][info][gc,stats       ]     Process                        3571 us
[907.791s][info][gc,stats       ]   System Purge                      215 us
[907.791s][info][gc,stats       ]     Weak Roots                      214 us
[907.791s][info][gc,stats       ]   Update Region States               37 us
[907.791s][info][gc,stats       ]   Retire TLABs                       53 us
[907.791s][info][gc,stats       ]   Choose Collection Set             852 us
[907.791s][info][gc,stats       ]   Rebuild Free Set                   41 us
[907.791s][info][gc,stats       ]   Initial Evacuation                 18 us
[907.791s][info][gc,stats       ]   Retire GCLABs                     143 us
[907.791s][info][gc,stats       ]   Finish Work                     15107 us
[907.791s][info][gc,stats       ]   Update Region States               22 us
[907.791s][info][gc,stats       ]   Trash Collection Set                6 us
[907.791s][info][gc,stats       ]   Rebuild Free Set                   17 us
[907.791s][info][gc,stats       ] Pause Degenerated GC (G)          76154 us
[907.791s][info][gc,stats       ] Pause Degenerated GC (N)          75746 us
[907.791s][info][gc,stats       ]   Degen Update Roots               1475 us, parallelism: 4.17x
[907.791s][info][gc,stats       ]     DU: <total>                    6146 us
[907.791s][info][gc,stats       ]     DU: Thread Roots                135 us, workers (us):  51,   1,  78,   2,   2,   2, ---, ---, ---, ---, ---, ---, ---, ---, ---, ---, ---, ---, ---, ---, ---, ---, ---, ---, 
[907.791s][info][gc,stats       ]     DU: Code Cache Roots           5067 us, workers (us): 791, 1100, 438, 1070, 624, 1044, ---, ---, ---, ---, ---, ---, ---, ---, ---, ---, ---, ---, ---, ---, ---, ---, ---, ---, 
[907.791s][info][gc,stats       ]     DU: Universe Roots                3 us, workers (us):   3, ---, ---, ---, ---, ---, ---, ---, ---, ---, ---, ---, ---, ---, ---, ---, ---, ---, ---, ---, ---, ---, ---, ---, 
[907.791s][info][gc,stats       ]     DU: JNI Handles Roots             6 us, workers (us): ---,   6, ---, ---, ---, ---, ---, ---, ---, ---, ---, ---, ---, ---, ---, ---, ---, ---, ---, ---, ---, ---, ---, ---, 
[907.791s][info][gc,stats       ]     DU: Synchronizer Roots            0 us, workers (us):   0, ---, ---, ---, ---, ---, ---, ---, ---, ---, ---, ---, ---, ---, ---, ---, ---, ---, ---, ---, ---, ---, ---, ---, 
[907.791s][info][gc,stats       ]     DU: Management Roots              1 us, workers (us):   1, ---, ---, ---, ---, ---, ---, ---, ---, ---, ---, ---, ---, ---, ---, ---, ---, ---, ---, ---, ---, ---, ---, ---, 
[907.791s][info][gc,stats       ]     DU: System Dict Roots             6 us, workers (us):   6, ---, ---, ---, ---, ---, ---, ---, ---, ---, ---, ---, ---, ---, ---, ---, ---, ---, ---, ---, ---, ---, ---, ---, 
[907.791s][info][gc,stats       ]     DU: CLDG Roots                  927 us, workers (us):  51, ---, 390, ---, 486, ---, ---, ---, ---, ---, ---, ---, ---, ---, ---, ---, ---, ---, ---, ---, ---, ---, ---, ---, 
[907.791s][info][gc,stats       ]     DU: JVMTI Roots                   1 us, workers (us): ---,   1, ---, ---, ---, ---, ---, ---, ---, ---, ---, ---, ---, ---, ---, ---, ---, ---, ---, ---, ---, ---, ---, ---, 
[907.791s][info][gc,stats       ] 
[907.791s][info][gc,stats       ] Allocation pacing accrued:
[907.791s][info][gc,stats       ]       0 of    78 ms (  0.0%): <total>
[907.791s][info][gc,stats       ]       0 of    78 ms (  0.0%): <average total>
[907.791s][info][gc,stats       ] 
[907.791s][info][gc,metaspace   ] Metaspace: 24281K->24281K(1071104K)
[907.791s][info][gc,ergo        ] Pacer for Idle. Initial: 5242K, Alloc Tax Rate: 1.0x
[907.792s][info][gc             ] Trigger: Start next cycle immediately
[907.793s][info][gc,ergo        ] Free: 190M, Max: 256K regular, 179M humongous, Frag: 6% external, 1% internal; Reserve: 13312K, Max: 256K
[907.793s][info][gc,start       ] GC(6831) Concurrent reset
[907.793s][info][gc,task        ] GC(6831) Using 6 of 24 workers for concurrent reset
[907.793s][info][gc,ergo        ] GC(6831) Pacer for Reset. Non-Taxable: 256M
[907.793s][info][gc             ] GC(6831) Concurrent reset 0.500ms
[907.793s][info][gc,start       ] GC(6831) Pause Init Mark (unload classes)
[907.793s][info][gc,task        ] GC(6831) Using 6 of 24 workers for init marking
[907.795s][info][gc,ergo        ] GC(6831) Pacer for Mark. Expected Live: 13735K, Free: 187M, Non-Taxable: 19185K, Alloc Tax Rate: 0.1x
[907.795s][info][gc             ] GC(6831) Pause Init Mark (unload classes) 1.928ms
[907.795s][info][gc,start       ] GC(6831) Concurrent marking (unload classes)
[907.796s][info][gc,task        ] GC(6831) Using 6 of 24 workers for concurrent marking
[907.863s][info][gc             ] GC(6831) Concurrent marking (unload classes) 67.340ms
[907.863s][info][gc,start       ] GC(6831) Pause Final Mark (unload classes)
[907.863s][info][gc,task        ] GC(6831) Using 6 of 24 workers for final marking
[907.919s][info][gc,stringtable ] GC(6831) Cleaned string and symbol table, strings: 8172 processed, 0 removed, symbols: 68000 processed, 0 removed
[907.920s][info][gc,ergo        ] GC(6831) Collectable Garbage: 43244K (100%), Immediate: 42240K (97%), CSet: 1004K (2%)
[907.922s][info][gc,ergo        ] GC(6831) Pacer for Evacuation. Used CSet: 4864K, Free: 150M, Non-Taxable: 15447K, Alloc Tax Rate: 1.1x
[907.922s][info][gc             ] GC(6831) Pause Final Mark (unload classes) 59.417ms
[907.922s][info][gc,start       ] GC(6831) Concurrent cleanup
[907.928s][info][gc             ] GC(6831) Concurrent cleanup 130M->109M(256M) 5.495ms
[907.928s][info][gc,ergo        ] GC(6831) Free: 129M, Max: 256K regular, 121M humongous, Frag: 6% external, 2% internal; Reserve: 12511K, Max: 256K
[907.928s][info][gc,start       ] GC(6831) Concurrent evacuation
[907.928s][info][gc,task        ] GC(6831) Using 6 of 24 workers for concurrent evacuation
[907.931s][info][gc             ] GC(6831) Concurrent evacuation 3.184ms
[907.931s][info][gc,start       ] GC(6831) Pause Init Update Refs
[907.932s][info][gc,ergo        ] GC(6831) Pacer for Update Refs. Used: 113M, Free: 129M, Non-Taxable: 13297K, Alloc Tax Rate: 1.1x
[907.932s][info][gc             ] GC(6831) Pause Init Update Refs 0.159ms
[907.932s][info][gc,start       ] GC(6831) Concurrent update references
[907.932s][info][gc,task        ] GC(6831) Using 6 of 24 workers for concurrent reference update
[907.949s][info][gc             ] GC(6831) Concurrent update references 17.327ms
[907.950s][info][gc,start       ] GC(6831) Pause Final Update Refs
[907.950s][info][gc,task        ] GC(6831) Using 6 of 24 workers for final reference update
[907.950s][info][gc             ] GC(6831) Pause Final Update Refs 0.207ms
[907.951s][info][gc,start       ] GC(6831) Concurrent cleanup
[907.951s][info][gc             ] GC(6831) Concurrent cleanup 166M->161M(256M) 0.764ms
[907.951s][info][gc             ] GC(6831) Dat log --- cycle is complete
Current gc epoch: 5535
heap: ______
capacity: 268435456
used: 169760112
committed: 268435456
bytes_allocated_since_gc_start: 166986256
hot_size: 0
cold_size: 7112490
num_regions: 1024
hot_region_count: 18446744073709405320
cold_region_count: 146315
histogram: Placeholder

[907.951s][info][gc             ] GC(6831) Obj count ac histogram
[907.951s][info][gc             ] GC(6831) 	0: 412325
[907.951s][info][gc             ] GC(6831) 	1: 13
[907.951s][info][gc             ] GC(6831) 	2: 9072
[907.951s][info][gc             ] GC(6831) 	3: 8507
[907.951s][info][gc             ] GC(6831) 	4: 6273
[907.951s][info][gc             ] GC(6831) 	5: 41
[907.951s][info][gc             ] GC(6831) 	6: 0
[907.951s][info][gc             ] GC(6831) 	7: 0
[907.951s][info][gc             ] GC(6831) 	8: 0
[907.951s][info][gc             ] GC(6831) 	9: 0
[907.951s][info][gc             ] GC(6831) 	10: 0
[907.951s][info][gc             ] GC(6831) 	11: 0
[907.951s][info][gc             ] GC(6831) 	12: 0
[907.951s][info][gc             ] GC(6831) 	13: 0
[907.951s][info][gc             ] GC(6831) 	14: 0
[907.951s][info][gc             ] GC(6831) 	15: 0
[907.951s][info][gc             ] GC(6831) 	16: 0
[907.951s][info][gc             ] GC(6831) 	17: 0
[907.951s][info][gc             ] GC(6831) 	18: 0
[907.951s][info][gc             ] GC(6831) 	19: 0
[907.951s][info][gc             ] GC(6831) Obj size ac histogram
[907.951s][info][gc             ] GC(6831) 	0: 4414826
[907.951s][info][gc             ] GC(6831) 	1: 624
[907.951s][info][gc             ] GC(6831) 	2: 114526
[907.951s][info][gc             ] GC(6831) 	3: 104140
[907.951s][info][gc             ] GC(6831) 	4: 40201
[907.951s][info][gc             ] GC(6831) 	5: 402
[907.951s][info][gc             ] GC(6831) 	6: 0
[907.951s][info][gc             ] GC(6831) 	7: 0
[907.951s][info][gc             ] GC(6831) 	8: 0
[907.951s][info][gc             ] GC(6831) 	9: 0
[907.951s][info][gc             ] GC(6831) 	10: 0
[907.951s][info][gc             ] GC(6831) 	11: 0
[907.951s][info][gc             ] GC(6831) 	12: 0
[907.951s][info][gc             ] GC(6831) 	13: 0
[907.951s][info][gc             ] GC(6831) 	14: 0
[907.951s][info][gc             ] GC(6831) 	15: 0
[907.951s][info][gc             ] GC(6831) 	16: 0
[907.951s][info][gc             ] GC(6831) 	17: 0
[907.951s][info][gc             ] GC(6831) 	18: 0
[907.951s][info][gc             ] GC(6831) 	19: 0
[907.951s][info][gc,ergo        ] Free: 76395K, Max: 256K regular, 70144K humongous, Frag: 8% external, 4% internal; Reserve: 13312K, Max: 256K
[907.952s][info][gc,stats       ] 
[907.952s][info][gc,stats       ] All times are wall-clock times, except per-root-class counters, that are sum over
[907.952s][info][gc,stats       ] all workers. Dividing the <total> over the root stage time estimates parallelism.
[907.952s][info][gc,stats       ] 
[907.952s][info][gc,stats       ] Concurrent Reset                    482 us
[907.952s][info][gc,stats       ] Pause Init Mark (G)                2427 us
[907.952s][info][gc,stats       ] Pause Init Mark (N)                1904 us
[907.952s][info][gc,stats       ]   Accumulate Stats                   12 us
[907.952s][info][gc,stats       ]   Make Parsable                      38 us
[907.952s][info][gc,stats       ]   Update Region States                7 us
[907.952s][info][gc,stats       ]   Scan Roots                       1312 us, parallelism: 1.20x
[907.952s][info][gc,stats       ]     S: <total>                     1574 us
[907.952s][info][gc,stats       ]     S: Thread Roots                 329 us, workers (us):  34, 146,   3,  39,  15,  92, ---, ---, ---, ---, ---, ---, ---, ---, ---, ---, ---, ---, ---, ---, ---, ---, ---, ---, 
[907.952s][info][gc,stats       ]     S: Universe Roots                25 us, workers (us):  25, ---, ---, ---, ---, ---, ---, ---, ---, ---, ---, ---, ---, ---, ---, ---, ---, ---, ---, ---, ---, ---, ---, ---, 
[907.952s][info][gc,stats       ]     S: JNI Handles Roots             17 us, workers (us): ---,  17, ---, ---, ---, ---, ---, ---, ---, ---, ---, ---, ---, ---, ---, ---, ---, ---, ---, ---, ---, ---, ---, ---, 
[907.952s][info][gc,stats       ]     S: Synchronizer Roots             0 us, workers (us):   0, ---, ---, ---, ---, ---, ---, ---, ---, ---, ---, ---, ---, ---, ---, ---, ---, ---, ---, ---, ---, ---, ---, ---, 
[907.952s][info][gc,stats       ]     S: Management Roots               2 us, workers (us):   2, ---, ---, ---, ---, ---, ---, ---, ---, ---, ---, ---, ---, ---, ---, ---, ---, ---, ---, ---, ---, ---, ---, ---, 
[907.952s][info][gc,stats       ]     S: System Dict Roots             23 us, workers (us):  23, ---, ---, ---, ---, ---, ---, ---, ---, ---, ---, ---, ---, ---, ---, ---, ---, ---, ---, ---, ---, ---, ---, ---, 
[907.952s][info][gc,stats       ]     S: CLDG Roots                  1178 us, workers (us):   9, ---, 1163,   6, ---, ---, ---, ---, ---, ---, ---, ---, ---, ---, ---, ---, ---, ---, ---, ---, ---, ---, ---, ---, 
[907.952s][info][gc,stats       ]     S: JVMTI Roots                    0 us, workers (us): ---,   0, ---, ---, ---, ---, ---, ---, ---, ---, ---, ---, ---, ---, ---, ---, ---, ---, ---, ---, ---, ---, ---, ---, 
[907.952s][info][gc,stats       ]   Resize TLABs                        4 us
[907.952s][info][gc,stats       ] Concurrent Marking                67310 us
[907.952s][info][gc,stats       ] Pause Final Mark (G)              59582 us
[907.952s][info][gc,stats       ] Pause Final Mark (N)              59391 us
[907.952s][info][gc,stats       ]   Finish Queues                     182 us
[907.952s][info][gc,stats       ]   System Purge                      171 us
[907.952s][info][gc,stats       ]     Unload Classes                   76 us
[907.952s][info][gc,stats       ]     Cleanup                       55860 us, parallelism: 1.76x
[907.952s][info][gc,stats       ]       CU: <total>                 98215 us
[907.952s][info][gc,stats       ]       CU: Code Cache Roots        75354 us, workers (us): 12232, 12236, 12260, 12794, 12199, 13633, ---, ---, ---, ---, ---, ---, ---, ---, ---, ---, ---, ---, ---, ---, ---, ---, ---, ---, 
[907.952s][info][gc,stats       ]       CU: Code Cache Cleaning      7271 us, workers (us): 1262, 1265, 1262, 1515, 1244, 724, ---, ---, ---, ---, ---, ---, ---, ---, ---, ---, ---, ---, ---, ---, ---, ---, ---, ---, 
[907.952s][info][gc,stats       ]       CU: String Table Roots       3793 us, workers (us): 878, 872, 847, 301, 895,   1, ---, ---, ---, ---, ---, ---, ---, ---, ---, ---, ---, ---, ---, ---, ---, ---, ---, ---, 
[907.952s][info][gc,stats       ]       CU: Resolved Table Roots       20 us, workers (us):   0,   0,   0,   0,  20,   0, ---, ---, ---, ---, ---, ---, ---, ---, ---, ---, ---, ---, ---, ---, ---, ---, ---, ---, 
[907.952s][info][gc,stats       ]       CU: CLDG Roots              11776 us, workers (us): 2029, 1962, 2029, 1761, 2028, 1967, ---, ---, ---, ---, ---, ---, ---, ---, ---, ---, ---, ---, ---, ---, ---, ---, ---, ---, 
[907.952s][info][gc,stats       ]     Weak Roots                      170 us
[907.952s][info][gc,stats       ]     CLDG                              1 us
[907.952s][info][gc,stats       ]   Update Region States               22 us
[907.952s][info][gc,stats       ]   Retire TLABs                       47 us
[907.952s][info][gc,stats       ]   Choose Collection Set             132 us
[907.952s][info][gc,stats       ]   Rebuild Free Set                   11 us
[907.952s][info][gc,stats       ]   Initial Evacuation               2697 us, parallelism: 2.41x
[907.952s][info][gc,stats       ]     E: <total>                     6512 us
[907.952s][info][gc,stats       ]     E: Thread Roots                 183 us, workers (us):   1, 111,  67,   2,   1,   1, ---, ---, ---, ---, ---, ---, ---, ---, ---, ---, ---, ---, ---, ---, ---, ---, ---, ---, 
[907.952s][info][gc,stats       ]     E: Code Cache Roots            4880 us, workers (us): 546,   0, 895, 1335, 989, 1115, ---, ---, ---, ---, ---, ---, ---, ---, ---, ---, ---, ---, ---, ---, ---, ---, ---, ---, 
[907.952s][info][gc,stats       ]     E: Universe Roots                 6 us, workers (us):   6, ---, ---, ---, ---, ---, ---, ---, ---, ---, ---, ---, ---, ---, ---, ---, ---, ---, ---, ---, ---, ---, ---, ---, 
[907.952s][info][gc,stats       ]     E: JNI Handles Roots              3 us, workers (us): ---, ---,   3, ---, ---, ---, ---, ---, ---, ---, ---, ---, ---, ---, ---, ---, ---, ---, ---, ---, ---, ---, ---, ---, 
[907.952s][info][gc,stats       ]     E: Synchronizer Roots             0 us, workers (us):   0, ---, ---, ---, ---, ---, ---, ---, ---, ---, ---, ---, ---, ---, ---, ---, ---, ---, ---, ---, ---, ---, ---, ---, 
[907.952s][info][gc,stats       ]     E: Management Roots               2 us, workers (us):   2, ---, ---, ---, ---, ---, ---, ---, ---, ---, ---, ---, ---, ---, ---, ---, ---, ---, ---, ---, ---, ---, ---, ---, 
[907.952s][info][gc,stats       ]     E: System Dict Roots             10 us, workers (us):  10, ---, ---, ---, ---, ---, ---, ---, ---, ---, ---, ---, ---, ---, ---, ---, ---, ---, ---, ---, ---, ---, ---, ---, 
[907.952s][info][gc,stats       ]     E: CLDG Roots                  1426 us, workers (us): 488, 858, ---,  81, ---, ---, ---, ---, ---, ---, ---, ---, ---, ---, ---, ---, ---, ---, ---, ---, ---, ---, ---, ---, 
[907.952s][info][gc,stats       ]     E: JVMTI Roots                    1 us, workers (us): ---,   1, ---, ---, ---, ---, ---, ---, ---, ---, ---, ---, ---, ---, ---, ---, ---, ---, ---, ---, ---, ---, ---, ---, 
[907.952s][info][gc,stats       ] Concurrent Cleanup                 5454 us
[907.952s][info][gc,stats       ] Concurrent Evacuation              3173 us
[907.952s][info][gc,stats       ] Pause Init  Update Refs (G)         408 us
[907.952s][info][gc,stats       ] Pause Init  Update Refs (N)         140 us
[907.952s][info][gc,stats       ]   Retire GCLABs                     128 us
[907.952s][info][gc,stats       ] Concurrent Update Refs            17307 us
[907.952s][info][gc,stats       ] Pause Final Update Refs (G)        1540 us
[907.952s][info][gc,stats       ] Pause Final Update Refs (N)         190 us
[907.952s][info][gc,stats       ]   Update Roots                      148 us, parallelism: 1.31x
[907.952s][info][gc,stats       ]     UR: <total>                     193 us
[907.952s][info][gc,stats       ]     UR: Thread Roots                193 us, workers (us):  74,  37,  25,   8,  42,   7, ---, ---, ---, ---, ---, ---, ---, ---, ---, ---, ---, ---, ---, ---, ---, ---, ---, ---, 
[907.952s][info][gc,stats       ]   Update Region States               17 us
[907.952s][info][gc,stats       ]   Trash Collection Set                5 us
[907.952s][info][gc,stats       ]   Rebuild Free Set                   10 us
[907.952s][info][gc,stats       ] Concurrent Cleanup                  736 us
[907.952s][info][gc,stats       ] Pacing                           119531 us
[907.952s][info][gc,stats       ] 
[907.952s][info][gc,stats       ] Allocation pacing accrued:
[907.952s][info][gc,stats       ]     120 of   161 ms ( 74.4%): pl.nadoba.jvm.gc.benchmark.App.main()
[907.952s][info][gc,stats       ]     120 of   161 ms ( 74.4%): <total>
[907.952s][info][gc,stats       ]      12 of   161 ms (  7.4%): <average total>
[907.952s][info][gc,stats       ]     120 of   161 ms ( 74.4%): <average non-zero>
[907.952s][info][gc,stats       ] 
[907.952s][info][gc,metaspace   ] Metaspace: 24281K->24281K(1071104K)
[907.952s][info][gc,ergo        ] Pacer for Idle. Initial: 5242K, Alloc Tax Rate: 1.0x
[907.953s][info][gc             ] Trigger: Start next cycle immediately
[907.953s][info][gc,ergo        ] Free: 76395K, Max: 256K regular, 70144K humongous, Frag: 8% external, 4% internal; Reserve: 13312K, Max: 256K
[907.953s][info][gc,start       ] GC(6832) Concurrent reset
[907.953s][info][gc,task        ] GC(6832) Using 6 of 24 workers for concurrent reset
[907.953s][info][gc,ergo        ] GC(6832) Pacer for Reset. Non-Taxable: 256M
[907.954s][info][gc             ] GC(6832) Concurrent reset 0.736ms
[907.954s][info][gc,start       ] GC(6832) Pause Init Mark (process weakrefs) (unload classes)
[907.954s][info][gc,task        ] GC(6832) Using 6 of 24 workers for init marking
[907.956s][info][gc,ergo        ] GC(6832) Pacer for Mark. Expected Live: 14350K, Free: 76395K, Non-Taxable: 7639K, Alloc Tax Rate: 0.2x
[907.956s][info][gc             ] GC(6832) Pause Init Mark (process weakrefs) (unload classes) 2.050ms
[907.956s][info][gc,start       ] GC(6832) Concurrent marking (process weakrefs) (unload classes)
[907.956s][info][gc,task        ] GC(6832) Using 6 of 24 workers for concurrent marking
[908.014s][info][gc             ] GC(6832) Concurrent marking (process weakrefs) (unload classes) 57.712ms
[908.014s][info][gc,start       ] GC(6832) Concurrent precleaning
[908.014s][info][gc,task        ] GC(6832) Using 1 of 24 workers for concurrent preclean
[908.014s][info][gc,ergo        ] GC(6832) Pacer for Precleaning. Non-Taxable: 256M
[908.016s][info][gc             ] GC(6832) Concurrent precleaning 2.062ms
[908.016s][info][gc,start       ] GC(6832) Pause Final Mark (process weakrefs) (unload classes)
[908.016s][info][gc,task        ] GC(6832) Using 6 of 24 workers for final marking
[908.074s][info][gc,stringtable ] GC(6832) Cleaned string and symbol table, strings: 8172 processed, 0 removed, symbols: 68000 processed, 0 removed
[908.074s][info][gc,ergo        ] GC(6832) Collectable Garbage: 153M (100%), Immediate: 152M (99%), CSet: 1260K (0%)
[908.076s][info][gc,ergo        ] GC(6832) Pacer for Evacuation. Used CSet: 5120K, Free: 200M, Non-Taxable: 20567K, Alloc Tax Rate: 1.1x
[908.076s][info][gc             ] GC(6832) Pause Final Mark (process weakrefs) (unload classes) 59.932ms
[908.076s][info][gc,start       ] GC(6832) Concurrent cleanup
[908.098s][info][gc             ] GC(6832) Concurrent cleanup 193M->67M(256M) 21.940ms
[908.098s][info][gc,ergo        ] GC(6832) Free: 172M, Max: 256K regular, 131M humongous, Frag: 24% external, 1% internal; Reserve: 12670K, Max: 256K
[908.098s][info][gc,start       ] GC(6832) Concurrent evacuation
[908.098s][info][gc,task        ] GC(6832) Using 6 of 24 workers for concurrent evacuation
[908.101s][info][gc             ] GC(6832) Concurrent evacuation 3.091ms
[908.102s][info][gc,start       ] GC(6832) Pause Init Update Refs
[908.102s][info][gc,ergo        ] GC(6832) Pacer for Update Refs. Used: 73620K, Free: 172M, Non-Taxable: 17674K, Alloc Tax Rate: 1.1x
[908.102s][info][gc             ] GC(6832) Pause Init Update Refs 0.170ms
[908.102s][info][gc,start       ] GC(6832) Concurrent update references
[908.102s][info][gc,task        ] GC(6832) Using 6 of 24 workers for concurrent reference update
[908.118s][info][gc             ] GC(6832) Concurrent update references 16.426ms
[908.120s][info][gc,start       ] GC(6832) Pause Final Update Refs
[908.120s][info][gc,task        ] GC(6832) Using 6 of 24 workers for final reference update
[908.120s][info][gc             ] GC(6832) Pause Final Update Refs 0.256ms
[908.120s][info][gc,start       ] GC(6832) Concurrent cleanup
[908.121s][info][gc             ] GC(6832) Concurrent cleanup 123M->118M(256M) 0.784ms
[908.121s][info][gc             ] GC(6832) Dat log --- cycle is complete
Current gc epoch: 5536
heap: ______
capacity: 268435456
used: 124671280
committed: 268435456
bytes_allocated_since_gc_start: 121111056
hot_size: 0
cold_size: 3133325
num_regions: 1024
hot_region_count: 18446744073709405301
cold_region_count: 146334
histogram: Placeholder

[908.121s][info][gc             ] GC(6832) Obj count ac histogram
[908.121s][info][gc             ] GC(6832) 	0: 191312
[908.121s][info][gc             ] GC(6832) 	1: 16
[908.121s][info][gc             ] GC(6832) 	2: 4551
[908.121s][info][gc             ] GC(6832) 	3: 4495
[908.121s][info][gc             ] GC(6832) 	4: 891
[908.121s][info][gc             ] GC(6832) 	5: 15
[908.121s][info][gc             ] GC(6832) 	6: 0
[908.121s][info][gc             ] GC(6832) 	7: 0
[908.121s][info][gc             ] GC(6832) 	8: 0
[908.121s][info][gc             ] GC(6832) 	9: 0
[908.121s][info][gc             ] GC(6832) 	10: 0
[908.121s][info][gc             ] GC(6832) 	11: 0
[908.121s][info][gc             ] GC(6832) 	12: 0
[908.121s][info][gc             ] GC(6832) 	13: 0
[908.121s][info][gc             ] GC(6832) 	14: 0
[908.121s][info][gc             ] GC(6832) 	15: 0
[908.121s][info][gc             ] GC(6832) 	16: 0
[908.121s][info][gc             ] GC(6832) 	17: 0
[908.121s][info][gc             ] GC(6832) 	18: 0
[908.121s][info][gc             ] GC(6832) 	19: 0
[908.121s][info][gc             ] GC(6832) Obj size ac histogram
[908.121s][info][gc             ] GC(6832) 	0: 1213453
[908.121s][info][gc             ] GC(6832) 	1: 726
[908.121s][info][gc             ] GC(6832) 	2: 60276
[908.121s][info][gc             ] GC(6832) 	3: 41955
[908.121s][info][gc             ] GC(6832) 	4: 5521
[908.121s][info][gc             ] GC(6832) 	5: 150
[908.121s][info][gc             ] GC(6832) 	6: 0
[908.121s][info][gc             ] GC(6832) 	7: 0
[908.121s][info][gc             ] GC(6832) 	8: 0
[908.121s][info][gc             ] GC(6832) 	9: 0
[908.121s][info][gc             ] GC(6832) 	10: 0
[908.121s][info][gc             ] GC(6832) 	11: 0
[908.121s][info][gc             ] GC(6832) 	12: 0
[908.121s][info][gc             ] GC(6832) 	13: 0
[908.121s][info][gc             ] GC(6832) 	14: 0
[908.121s][info][gc             ] GC(6832) 	15: 0
[908.121s][info][gc             ] GC(6832) 	16: 0
[908.121s][info][gc             ] GC(6832) 	17: 0
[908.121s][info][gc             ] GC(6832) 	18: 0
[908.121s][info][gc             ] GC(6832) 	19: 0
[908.121s][info][gc,ergo        ] Free: 118M, Max: 256K regular, 78080K humongous, Frag: 36% external, 3% internal; Reserve: 13312K, Max: 256K
[908.121s][info][gc,stats       ] 
[908.121s][info][gc,stats       ] All times are wall-clock times, except per-root-class counters, that are sum over
[908.121s][info][gc,stats       ] all workers. Dividing the <total> over the root stage time estimates parallelism.
[908.121s][info][gc,stats       ] 
[908.121s][info][gc,stats       ] Concurrent Reset                    720 us
[908.121s][info][gc,stats       ] Pause Init Mark (G)                2321 us
[908.121s][info][gc,stats       ] Pause Init Mark (N)                2024 us
[908.121s][info][gc,stats       ]   Accumulate Stats                    4 us
[908.121s][info][gc,stats       ]   Make Parsable                      39 us
[908.121s][info][gc,stats       ]   Update Region States                8 us
[908.121s][info][gc,stats       ]   Scan Roots                       1538 us, parallelism: 1.17x
[908.121s][info][gc,stats       ]     S: <total>                     1804 us
[908.121s][info][gc,stats       ]     S: Thread Roots                 358 us, workers (us): 127,   9,   2,  48,  70, 103, ---, ---, ---, ---, ---, ---, ---, ---, ---, ---, ---, ---, ---, ---, ---, ---, ---, ---, 
[908.121s][info][gc,stats       ]     S: Universe Roots                27 us, workers (us):  27, ---, ---, ---, ---, ---, ---, ---, ---, ---, ---, ---, ---, ---, ---, ---, ---, ---, ---, ---, ---, ---, ---, ---, 
[908.121s][info][gc,stats       ]     S: JNI Handles Roots             12 us, workers (us):  12, ---, ---, ---, ---, ---, ---, ---, ---, ---, ---, ---, ---, ---, ---, ---, ---, ---, ---, ---, ---, ---, ---, ---, 
[908.121s][info][gc,stats       ]     S: Synchronizer Roots             1 us, workers (us): ---,   1, ---, ---, ---, ---, ---, ---, ---, ---, ---, ---, ---, ---, ---, ---, ---, ---, ---, ---, ---, ---, ---, ---, 
[908.121s][info][gc,stats       ]     S: Management Roots               2 us, workers (us): ---,   2, ---, ---, ---, ---, ---, ---, ---, ---, ---, ---, ---, ---, ---, ---, ---, ---, ---, ---, ---, ---, ---, ---, 
[908.121s][info][gc,stats       ]     S: System Dict Roots             44 us, workers (us): ---,  44, ---, ---, ---, ---, ---, ---, ---, ---, ---, ---, ---, ---, ---, ---, ---, ---, ---, ---, ---, ---, ---, ---, 
[908.121s][info][gc,stats       ]     S: CLDG Roots                  1360 us, workers (us): ---, ---, 1337,  11,  12, ---, ---, ---, ---, ---, ---, ---, ---, ---, ---, ---, ---, ---, ---, ---, ---, ---, ---, ---, 
[908.121s][info][gc,stats       ]     S: JVMTI Roots                    0 us, workers (us):   0, ---, ---, ---, ---, ---, ---, ---, ---, ---, ---, ---, ---, ---, ---, ---, ---, ---, ---, ---, ---, ---, ---, ---, 
[908.121s][info][gc,stats       ]   Resize TLABs                        4 us
[908.121s][info][gc,stats       ] Concurrent Marking                57671 us
[908.121s][info][gc,stats       ] Concurrent Precleaning             2042 us
[908.121s][info][gc,stats       ] Pause Final Mark (G)              60261 us
[908.121s][info][gc,stats       ] Pause Final Mark (N)              59893 us
[908.121s][info][gc,stats       ]   Finish Queues                     192 us
[908.121s][info][gc,stats       ]   Weak References                    26 us
[908.121s][info][gc,stats       ]     Process                          19 us
[908.121s][info][gc,stats       ]   System Purge                      217 us
[908.121s][info][gc,stats       ]     Unload Classes                   69 us
[908.121s][info][gc,stats       ]     Cleanup                       56735 us, parallelism: 1.74x
[908.121s][info][gc,stats       ]       CU: <total>                 98517 us
[908.121s][info][gc,stats       ]       CU: Code Cache Roots        76065 us, workers (us): 12435, 13779, 12339, 12891, 12314, 12307, ---, ---, ---, ---, ---, ---, ---, ---, ---, ---, ---, ---, ---, ---, ---, ---, ---, ---, 
[908.121s][info][gc,stats       ]       CU: Code Cache Cleaning      8539 us, workers (us): 1387, 1609, 1388, 1390, 1377, 1388, ---, ---, ---, ---, ---, ---, ---, ---, ---, ---, ---, ---, ---, ---, ---, ---, ---, ---, 
[908.121s][info][gc,stats       ]       CU: String Table Roots       3245 us, workers (us): 700,   1, 791, 236, 755, 762, ---, ---, ---, ---, ---, ---, ---, ---, ---, ---, ---, ---, ---, ---, ---, ---, ---, ---, 
[908.121s][info][gc,stats       ]       CU: Resolved Table Roots       18 us, workers (us):   0,   0,   0,   0,  18,   0, ---, ---, ---, ---, ---, ---, ---, ---, ---, ---, ---, ---, ---, ---, ---, ---, ---, ---, 
[908.121s][info][gc,stats       ]       CU: CLDG Roots              10651 us, workers (us): 1934, 1068, 1888, 1883, 1934, 1943, ---, ---, ---, ---, ---, ---, ---, ---, ---, ---, ---, ---, ---, ---, ---, ---, ---, ---, 
[908.121s][info][gc,stats       ]     Weak Roots                      216 us
[908.121s][info][gc,stats       ]     CLDG                              0 us
[908.121s][info][gc,stats       ]   Update Region States               23 us
[908.121s][info][gc,stats       ]   Retire TLABs                       38 us
[908.121s][info][gc,stats       ]   Choose Collection Set             420 us
[908.121s][info][gc,stats       ]   Rebuild Free Set                   14 us
[908.121s][info][gc,stats       ]   Initial Evacuation               1974 us, parallelism: 2.66x
[908.121s][info][gc,stats       ]     E: <total>                     5256 us
[908.121s][info][gc,stats       ]     E: Thread Roots                 150 us, workers (us):   1,   2,  29,   1, 115,   1, ---, ---, ---, ---, ---, ---, ---, ---, ---, ---, ---, ---, ---, ---, ---, ---, ---, ---, 
[908.121s][info][gc,stats       ]     E: Code Cache Roots            3796 us, workers (us): 798,   0, 450, 1031, 606, 910, ---, ---, ---, ---, ---, ---, ---, ---, ---, ---, ---, ---, ---, ---, ---, ---, ---, ---, 
[908.121s][info][gc,stats       ]     E: Universe Roots                 6 us, workers (us):   6, ---, ---, ---, ---, ---, ---, ---, ---, ---, ---, ---, ---, ---, ---, ---, ---, ---, ---, ---, ---, ---, ---, ---, 
[908.121s][info][gc,stats       ]     E: JNI Handles Roots              3 us, workers (us): ---,   3, ---, ---, ---, ---, ---, ---, ---, ---, ---, ---, ---, ---, ---, ---, ---, ---, ---, ---, ---, ---, ---, ---, 
[908.121s][info][gc,stats       ]     E: Synchronizer Roots             0 us, workers (us):   0, ---, ---, ---, ---, ---, ---, ---, ---, ---, ---, ---, ---, ---, ---, ---, ---, ---, ---, ---, ---, ---, ---, ---, 
[908.121s][info][gc,stats       ]     E: Management Roots               2 us, workers (us):   2, ---, ---, ---, ---, ---, ---, ---, ---, ---, ---, ---, ---, ---, ---, ---, ---, ---, ---, ---, ---, ---, ---, ---, 
[908.121s][info][gc,stats       ]     E: System Dict Roots             11 us, workers (us):  11, ---, ---, ---, ---, ---, ---, ---, ---, ---, ---, ---, ---, ---, ---, ---, ---, ---, ---, ---, ---, ---, ---, ---, 
[908.121s][info][gc,stats       ]     E: CLDG Roots                  1287 us, workers (us): ---, 926, 301, ---,  60, ---, ---, ---, ---, ---, ---, ---, ---, ---, ---, ---, ---, ---, ---, ---, ---, ---, ---, ---, 
[908.121s][info][gc,stats       ]     E: JVMTI Roots                    1 us, workers (us): ---,   1, ---, ---, ---, ---, ---, ---, ---, ---, ---, ---, ---, ---, ---, ---, ---, ---, ---, ---, ---, ---, ---, ---, 
[908.121s][info][gc,stats       ] Concurrent Cleanup                21902 us
[908.121s][info][gc,stats       ] Concurrent Evacuation              3084 us
[908.121s][info][gc,stats       ] Pause Init  Update Refs (G)         454 us
[908.121s][info][gc,stats       ] Pause Init  Update Refs (N)         153 us
[908.121s][info][gc,stats       ]   Retire GCLABs                     142 us
[908.121s][info][gc,stats       ] Concurrent Update Refs            16400 us
[908.121s][info][gc,stats       ] Pause Final Update Refs (G)        1502 us
[908.121s][info][gc,stats       ] Pause Final Update Refs (N)         212 us
[908.121s][info][gc,stats       ]   Update Roots                      119 us, parallelism: 1.16x
[908.121s][info][gc,stats       ]     UR: <total>                     138 us
[908.121s][info][gc,stats       ]     UR: Thread Roots                138 us, workers (us):  64,  42,   9,  21,   1,   0, ---, ---, ---, ---, ---, ---, ---, ---, ---, ---, ---, ---, ---, ---, ---, ---, ---, ---, 
[908.121s][info][gc,stats       ]   Update Region States               27 us
[908.121s][info][gc,stats       ]   Trash Collection Set               11 us
[908.121s][info][gc,stats       ]   Rebuild Free Set                   32 us
[908.121s][info][gc,stats       ] Concurrent Cleanup                  736 us
[908.121s][info][gc,stats       ] Pacing                           140240 us
[908.121s][info][gc,stats       ] 
[908.121s][info][gc,stats       ] Allocation pacing accrued:
[908.121s][info][gc,stats       ]     140 of   169 ms ( 82.9%): pl.nadoba.jvm.gc.benchmark.App.main()
[908.121s][info][gc,stats       ]     140 of   169 ms ( 82.9%): <total>
[908.121s][info][gc,stats       ]      14 of   169 ms (  8.3%): <average total>
[908.121s][info][gc,stats       ]     140 of   169 ms ( 82.9%): <average non-zero>
[908.121s][info][gc,stats       ] 
[908.121s][info][gc,metaspace   ] Metaspace: 24281K->24281K(1071104K)
[908.121s][info][gc,ergo        ] Pacer for Idle. Initial: 5242K, Alloc Tax Rate: 1.0x
[908.122s][info][gc             ] Trigger: Start next cycle immediately
[908.122s][info][gc,ergo        ] Free: 108M, Max: 256K regular, 68608K humongous, Frag: 39% external, 3% internal; Reserve: 13312K, Max: 256K
[908.122s][info][gc,start       ] GC(6833) Concurrent reset
[908.122s][info][gc,task        ] GC(6833) Using 6 of 24 workers for concurrent reset
[908.122s][info][gc,ergo        ] GC(6833) Pacer for Reset. Non-Taxable: 256M
[908.123s][info][gc             ] GC(6833) Concurrent reset 0.552ms
[908.124s][info][gc,start       ] GC(6833) Pause Init Mark
[908.124s][info][gc,task        ] GC(6833) Using 6 of 24 workers for init marking
[908.127s][info][gc,ergo        ] GC(6833) Pacer for Mark. Expected Live: 14350K, Free: 108M, Non-Taxable: 11146K, Alloc Tax Rate: 0.2x
[908.127s][info][gc             ] GC(6833) Pause Init Mark 3.219ms
[908.127s][info][gc,start       ] GC(6833) Concurrent marking
[908.127s][info][gc,task        ] GC(6833) Using 6 of 24 workers for concurrent marking
[908.185s][info][gc             ] GC(6833) Concurrent marking 58.113ms
[908.185s][info][gc,start       ] GC(6833) Pause Final Mark
[908.185s][info][gc,task        ] GC(6833) Using 6 of 24 workers for final marking
[908.186s][info][gc,ergo        ] GC(6833) Collectable Garbage: 110M (100%), Immediate: 109M (98%), CSet: 1260K (1%)
[908.190s][info][gc,ergo        ] GC(6833) Pacer for Evacuation. Used CSet: 5120K, Free: 148M, Non-Taxable: 15165K, Alloc Tax Rate: 1.1x
[908.190s][info][gc             ] GC(6833) Pause Final Mark 4.475ms
[908.190s][info][gc,start       ] GC(6833) Concurrent cleanup
[908.205s][info][gc             ] GC(6833) Concurrent cleanup 200M->107M(256M) 14.876ms
[908.205s][info][gc,ergo        ] GC(6833) Free: 131M, Max: 256K regular, 68864K humongous, Frag: 49% external, 2% internal; Reserve: 12637K, Max: 256K
[908.205s][info][gc,start       ] GC(6833) Concurrent evacuation
[908.205s][info][gc,task        ] GC(6833) Using 6 of 24 workers for concurrent evacuation
[908.209s][info][gc             ] GC(6833) Concurrent evacuation 4.583ms
[908.210s][info][gc,start       ] GC(6833) Pause Init Update Refs
[908.210s][info][gc,ergo        ] GC(6833) Pacer for Update Refs. Used: 113M, Free: 128M, Non-Taxable: 13194K, Alloc Tax Rate: 1.1x
[908.210s][info][gc             ] GC(6833) Pause Init Update Refs 0.187ms
[908.210s][info][gc,start       ] GC(6833) Concurrent update references
[908.210s][info][gc,task        ] GC(6833) Using 6 of 24 workers for concurrent reference update
[908.226s][info][gc             ] GC(6833) Concurrent update references 16.556ms
[908.228s][info][gc,start       ] GC(6833) Pause Final Update Refs
[908.228s][info][gc,task        ] GC(6833) Using 6 of 24 workers for final reference update
[908.228s][info][gc             ] GC(6833) Pause Final Update Refs 0.270ms
[908.228s][info][gc,start       ] GC(6833) Concurrent cleanup
[908.229s][info][gc             ] GC(6833) Concurrent cleanup 158M->153M(256M) 0.938ms
[908.229s][info][gc             ] GC(6833) Dat log --- cycle is complete
Current gc epoch: 5537
heap: ______
capacity: 268435456
used: 161109456
committed: 268435456
bytes_allocated_since_gc_start: 149422608
hot_size: 0
cold_size: 4503449
num_regions: 1024
hot_region_count: 18446744073709405282
cold_region_count: 146352
histogram: Placeholder

[908.229s][info][gc             ] GC(6833) Obj count ac histogram
[908.229s][info][gc             ] GC(6833) 	0: 200097
[908.229s][info][gc             ] GC(6833) 	1: 15
[908.229s][info][gc             ] GC(6833) 	2: 2
[908.229s][info][gc             ] GC(6833) 	3: 0
[908.229s][info][gc             ] GC(6833) 	4: 0
[908.229s][info][gc             ] GC(6833) 	5: 0
[908.229s][info][gc             ] GC(6833) 	6: 0
[908.229s][info][gc             ] GC(6833) 	7: 0
[908.229s][info][gc             ] GC(6833) 	8: 0
[908.229s][info][gc             ] GC(6833) 	9: 0
[908.229s][info][gc             ] GC(6833) 	10: 0
[908.229s][info][gc             ] GC(6833) 	11: 0
[908.229s][info][gc             ] GC(6833) 	12: 0
[908.229s][info][gc             ] GC(6833) 	13: 0
[908.229s][info][gc             ] GC(6833) 	14: 0
[908.229s][info][gc             ] GC(6833) 	15: 0
[908.229s][info][gc             ] GC(6833) 	16: 0
[908.229s][info][gc             ] GC(6833) 	17: 0
[908.229s][info][gc             ] GC(6833) 	18: 0
[908.229s][info][gc             ] GC(6833) 	19: 0
[908.229s][info][gc             ] GC(6833) Obj size ac histogram
[908.229s][info][gc             ] GC(6833) 	0: 3654686
[908.229s][info][gc             ] GC(6833) 	1: 720
[908.229s][info][gc             ] GC(6833) 	2: 14
[908.229s][info][gc             ] GC(6833) 	3: 0
[908.229s][info][gc             ] GC(6833) 	4: 0
[908.229s][info][gc             ] GC(6833) 	5: 0
[908.229s][info][gc             ] GC(6833) 	6: 0
[908.229s][info][gc             ] GC(6833) 	7: 0
[908.229s][info][gc             ] GC(6833) 	8: 0
[908.229s][info][gc             ] GC(6833) 	9: 0
[908.229s][info][gc             ] GC(6833) 	10: 0
[908.230s][info][gc             ] GC(6833) 	11: 0
[908.230s][info][gc             ] GC(6833) 	12: 0
[908.230s][info][gc             ] GC(6833) 	13: 0
[908.230s][info][gc             ] GC(6833) 	14: 0
[908.230s][info][gc             ] GC(6833) 	15: 0
[908.230s][info][gc             ] GC(6833) 	16: 0
[908.230s][info][gc             ] GC(6833) 	17: 0
[908.230s][info][gc             ] GC(6833) 	18: 0
[908.230s][info][gc             ] GC(6833) 	19: 0
[908.230s][info][gc,ergo        ] Free: 79723K, Max: 256K regular, 35584K humongous, Frag: 56% external, 4% internal; Reserve: 13312K, Max: 256K
[908.230s][info][gc,stats       ] 
[908.230s][info][gc,stats       ] All times are wall-clock times, except per-root-class counters, that are sum over
[908.230s][info][gc,stats       ] all workers. Dividing the <total> over the root stage time estimates parallelism.
[908.230s][info][gc,stats       ] 
[908.230s][info][gc,stats       ] Concurrent Reset                    544 us
[908.230s][info][gc,stats       ] Pause Init Mark (G)                3958 us
[908.230s][info][gc,stats       ] Pause Init Mark (N)                3176 us
[908.230s][info][gc,stats       ]   Accumulate Stats                    7 us
[908.230s][info][gc,stats       ]   Make Parsable                      54 us
[908.230s][info][gc,stats       ]   Update Region States               14 us
[908.230s][info][gc,stats       ]   Scan Roots                       2199 us, parallelism: 1.83x
[908.230s][info][gc,stats       ]     S: <total>                     4022 us
[908.230s][info][gc,stats       ]     S: Thread Roots                 463 us, workers (us):  66,   1,   1,   1, 255, 138, ---, ---, ---, ---, ---, ---, ---, ---, ---, ---, ---, ---, ---, ---, ---, ---, ---, ---, 
[908.230s][info][gc,stats       ]     S: Universe Roots                36 us, workers (us):  36, ---, ---, ---, ---, ---, ---, ---, ---, ---, ---, ---, ---, ---, ---, ---, ---, ---, ---, ---, ---, ---, ---, ---, 
[908.230s][info][gc,stats       ]     S: JNI Handles Roots             31 us, workers (us):  31, ---, ---, ---, ---, ---, ---, ---, ---, ---, ---, ---, ---, ---, ---, ---, ---, ---, ---, ---, ---, ---, ---, ---, 
[908.230s][info][gc,stats       ]     S: Synchronizer Roots             0 us, workers (us): ---,   0, ---, ---, ---, ---, ---, ---, ---, ---, ---, ---, ---, ---, ---, ---, ---, ---, ---, ---, ---, ---, ---, ---, 
[908.230s][info][gc,stats       ]     S: Management Roots               2 us, workers (us): ---,   2, ---, ---, ---, ---, ---, ---, ---, ---, ---, ---, ---, ---, ---, ---, ---, ---, ---, ---, ---, ---, ---, ---, 
[908.230s][info][gc,stats       ]     S: System Dict Roots             31 us, workers (us): ---,  31, ---, ---, ---, ---, ---, ---, ---, ---, ---, ---, ---, ---, ---, ---, ---, ---, ---, ---, ---, ---, ---, ---, 
[908.230s][info][gc,stats       ]     S: CLDG Roots                  3459 us, workers (us): ---, 2025, 217, 1217, ---, ---, ---, ---, ---, ---, ---, ---, ---, ---, ---, ---, ---, ---, ---, ---, ---, ---, ---, ---, 
[908.230s][info][gc,stats       ]     S: JVMTI Roots                    1 us, workers (us): ---, ---,   1, ---, ---, ---, ---, ---, ---, ---, ---, ---, ---, ---, ---, ---, ---, ---, ---, ---, ---, ---, ---, ---, 
[908.230s][info][gc,stats       ]   Resize TLABs                        7 us
[908.230s][info][gc,stats       ] Concurrent Marking                58063 us
[908.230s][info][gc,stats       ] Pause Final Mark (G)               4681 us
[908.230s][info][gc,stats       ] Pause Final Mark (N)               4428 us
[908.230s][info][gc,stats       ]   Finish Queues                     228 us
[908.230s][info][gc,stats       ]   System Purge                      177 us
[908.230s][info][gc,stats       ]     Weak Roots                      175 us
[908.230s][info][gc,stats       ]   Update Region States               50 us
[908.230s][info][gc,stats       ]   Retire TLABs                       53 us
[908.230s][info][gc,stats       ]   Choose Collection Set             544 us
[908.230s][info][gc,stats       ]   Rebuild Free Set                   38 us
[908.230s][info][gc,stats       ]   Initial Evacuation               3312 us, parallelism: 1.42x
[908.230s][info][gc,stats       ]     E: <total>                     4696 us
[908.230s][info][gc,stats       ]     E: Thread Roots                  90 us, workers (us):   1,   1,   1,   1,  85,   1, ---, ---, ---, ---, ---, ---, ---, ---, ---, ---, ---, ---, ---, ---, ---, ---, ---, ---, 
[908.230s][info][gc,stats       ]     E: Code Cache Roots            3885 us, workers (us): 662, 1041, 772, 346, 311, 753, ---, ---, ---, ---, ---, ---, ---, ---, ---, ---, ---, ---, ---, ---, ---, ---, ---, ---, 
[908.230s][info][gc,stats       ]     E: Universe Roots                 6 us, workers (us):   6, ---, ---, ---, ---, ---, ---, ---, ---, ---, ---, ---, ---, ---, ---, ---, ---, ---, ---, ---, ---, ---, ---, ---, 
[908.230s][info][gc,stats       ]     E: JNI Handles Roots              2 us, workers (us): ---, ---,   2, ---, ---, ---, ---, ---, ---, ---, ---, ---, ---, ---, ---, ---, ---, ---, ---, ---, ---, ---, ---, ---, 
[908.230s][info][gc,stats       ]     E: Synchronizer Roots             0 us, workers (us): ---,   0, ---, ---, ---, ---, ---, ---, ---, ---, ---, ---, ---, ---, ---, ---, ---, ---, ---, ---, ---, ---, ---, ---, 
[908.230s][info][gc,stats       ]     E: Management Roots               3 us, workers (us): ---, ---,   3, ---, ---, ---, ---, ---, ---, ---, ---, ---, ---, ---, ---, ---, ---, ---, ---, ---, ---, ---, ---, ---, 
[908.230s][info][gc,stats       ]     E: System Dict Roots             11 us, workers (us): ---,  11, ---, ---, ---, ---, ---, ---, ---, ---, ---, ---, ---, ---, ---, ---, ---, ---, ---, ---, ---, ---, ---, ---, 
[908.230s][info][gc,stats       ]     E: CLDG Roots                   698 us, workers (us): ---, ---,  60, 379, 259, ---, ---, ---, ---, ---, ---, ---, ---, ---, ---, ---, ---, ---, ---, ---, ---, ---, ---, ---, 
[908.230s][info][gc,stats       ]     E: JVMTI Roots                    1 us, workers (us): ---, ---,   1, ---, ---, ---, ---, ---, ---, ---, ---, ---, ---, ---, ---, ---, ---, ---, ---, ---, ---, ---, ---, ---, 
[908.230s][info][gc,stats       ] Concurrent Cleanup                14840 us
[908.230s][info][gc,stats       ] Concurrent Evacuation              4571 us
[908.230s][info][gc,stats       ] Pause Init  Update Refs (G)         436 us
[908.230s][info][gc,stats       ] Pause Init  Update Refs (N)         149 us
[908.230s][info][gc,stats       ]   Retire GCLABs                     125 us
[908.230s][info][gc,stats       ] Concurrent Update Refs            16539 us
[908.230s][info][gc,stats       ] Pause Final Update Refs (G)        1950 us
[908.230s][info][gc,stats       ] Pause Final Update Refs (N)         224 us
[908.230s][info][gc,stats       ]   Update Roots                      132 us, parallelism: 1.27x
[908.230s][info][gc,stats       ]     UR: <total>                     168 us
[908.230s][info][gc,stats       ]     UR: Thread Roots                168 us, workers (us):  83,  17,  37,  29,   0,   1, ---, ---, ---, ---, ---, ---, ---, ---, ---, ---, ---, ---, ---, ---, ---, ---, ---, ---, 
[908.230s][info][gc,stats       ]   Update Region States               25 us
[908.230s][info][gc,stats       ]   Trash Collection Set               13 us
[908.230s][info][gc,stats       ]   Rebuild Free Set                   30 us
[908.230s][info][gc,stats       ] Concurrent Cleanup                  900 us
[908.230s][info][gc,stats       ] Pacing                            71996 us
[908.230s][info][gc,stats       ] 
[908.230s][info][gc,stats       ] Allocation pacing accrued:
[908.230s][info][gc,stats       ]      72 of   109 ms ( 66.0%): pl.nadoba.jvm.gc.benchmark.App.main()
[908.230s][info][gc,stats       ]      72 of   109 ms ( 66.0%): <total>
[908.230s][info][gc,stats       ]       7 of   109 ms (  6.6%): <average total>
[908.230s][info][gc,stats       ]      72 of   109 ms ( 66.0%): <average non-zero>
[908.230s][info][gc,stats       ] 
[908.230s][info][gc,metaspace   ] Metaspace: 24281K->24281K(1071104K)
[908.230s][info][gc,ergo        ] Pacer for Idle. Initial: 5242K, Alloc Tax Rate: 1.0x
[908.232s][info][gc             ] Trigger: Start next cycle immediately
[908.232s][info][gc,ergo        ] Free: 71275K, Max: 256K regular, 35584K humongous, Frag: 50% external, 5% internal; Reserve: 13312K, Max: 256K
[908.232s][info][gc,start       ] GC(6834) Concurrent reset
[908.232s][info][gc,task        ] GC(6834) Using 6 of 24 workers for concurrent reset
[908.232s][info][gc,ergo        ] GC(6834) Pacer for Reset. Non-Taxable: 256M
[908.232s][info][gc             ] GC(6834) Concurrent reset 0.796ms
[908.234s][info][gc,start       ] GC(6834) Pause Init Mark (process weakrefs) (unload classes)
[908.235s][info][gc,task        ] GC(6834) Using 6 of 24 workers for init marking
[908.237s][info][gc,ergo        ] GC(6834) Pacer for Mark. Expected Live: 14350K, Free: 60523K, Non-Taxable: 6052K, Alloc Tax Rate: 0.3x
[908.237s][info][gc             ] GC(6834) Pause Init Mark (process weakrefs) (unload classes) 2.811ms
[908.237s][info][gc,start       ] GC(6834) Concurrent marking (process weakrefs) (unload classes)
[908.237s][info][gc,task        ] GC(6834) Using 6 of 24 workers for concurrent marking
[908.299s][info][gc             ] Failed to allocate Shared, 3072K
[908.299s][info][gc             ] Cancelling GC: Allocation Failure
[908.301s][info][gc             ] GC(6834) Concurrent marking (process weakrefs) (unload classes) 63.194ms
[908.301s][info][gc,ergo        ] Free: 8555K, Max: 256K regular, 2560K humongous, Frag: 69% external, 25% internal; Reserve: 13312K, Max: 256K
[908.301s][info][gc,stats       ] 
[908.301s][info][gc,stats       ] All times are wall-clock times, except per-root-class counters, that are sum over
[908.301s][info][gc,stats       ] all workers. Dividing the <total> over the root stage time estimates parallelism.
[908.301s][info][gc,stats       ] 
[908.301s][info][gc,stats       ] Concurrent Reset                    781 us
[908.301s][info][gc,stats       ] Pause Init Mark (G)                5049 us
[908.301s][info][gc,stats       ] Pause Init Mark (N)                2748 us
[908.301s][info][gc,stats       ]   Accumulate Stats                    7 us
[908.301s][info][gc,stats       ]   Make Parsable                      55 us
[908.301s][info][gc,stats       ]   Update Region States               46 us
[908.301s][info][gc,stats       ]   Scan Roots                       1726 us, parallelism: 1.15x
[908.301s][info][gc,stats       ]     S: <total>                     1991 us
[908.301s][info][gc,stats       ]     S: Thread Roots                 386 us, workers (us):  47,  12,   2,  90,  42, 192, ---, ---, ---, ---, ---, ---, ---, ---, ---, ---, ---, ---, ---, ---, ---, ---, ---, ---, 
[908.301s][info][gc,stats       ]     S: Universe Roots                18 us, workers (us):  18, ---, ---, ---, ---, ---, ---, ---, ---, ---, ---, ---, ---, ---, ---, ---, ---, ---, ---, ---, ---, ---, ---, ---, 
[908.301s][info][gc,stats       ]     S: JNI Handles Roots             11 us, workers (us):  11, ---, ---, ---, ---, ---, ---, ---, ---, ---, ---, ---, ---, ---, ---, ---, ---, ---, ---, ---, ---, ---, ---, ---, 
[908.301s][info][gc,stats       ]     S: Synchronizer Roots             0 us, workers (us): ---,   0, ---, ---, ---, ---, ---, ---, ---, ---, ---, ---, ---, ---, ---, ---, ---, ---, ---, ---, ---, ---, ---, ---, 
[908.301s][info][gc,stats       ]     S: Management Roots               2 us, workers (us): ---,   2, ---, ---, ---, ---, ---, ---, ---, ---, ---, ---, ---, ---, ---, ---, ---, ---, ---, ---, ---, ---, ---, ---, 
[908.301s][info][gc,stats       ]     S: System Dict Roots             39 us, workers (us): ---,  39, ---, ---, ---, ---, ---, ---, ---, ---, ---, ---, ---, ---, ---, ---, ---, ---, ---, ---, ---, ---, ---, ---, 
[908.301s][info][gc,stats       ]     S: CLDG Roots                  1535 us, workers (us): ---, ---, 1511,  12,  12, ---, ---, ---, ---, ---, ---, ---, ---, ---, ---, ---, ---, ---, ---, ---, ---, ---, ---, ---, 
[908.301s][info][gc,stats       ]     S: JVMTI Roots                    1 us, workers (us):   1, ---, ---, ---, ---, ---, ---, ---, ---, ---, ---, ---, ---, ---, ---, ---, ---, ---, ---, ---, ---, ---, ---, ---, 
[908.301s][info][gc,stats       ]   Resize TLABs                        7 us
[908.301s][info][gc,stats       ] Concurrent Marking                63142 us
[908.301s][info][gc,stats       ] Pacing                            50390 us
[908.301s][info][gc,stats       ] 
[908.301s][info][gc,stats       ] Allocation pacing accrued:
[908.301s][info][gc,stats       ]      50 of    71 ms ( 71.2%): pl.nadoba.jvm.gc.benchmark.App.main()
[908.301s][info][gc,stats       ]      50 of    71 ms ( 71.2%): <total>
[908.301s][info][gc,stats       ]       5 of    71 ms (  7.1%): <average total>
[908.301s][info][gc,stats       ]      50 of    71 ms ( 71.2%): <average non-zero>
[908.301s][info][gc,stats       ] 
[908.301s][info][gc,metaspace   ] Metaspace: 24281K->24281K(1071104K)
[908.301s][info][gc,ergo        ] Pacer for Idle. Initial: 5242K, Alloc Tax Rate: 1.0x
[908.302s][info][gc             ] Trigger: Handle Allocation Failure
[908.302s][info][gc,ergo        ] Free: 8555K, Max: 256K regular, 2560K humongous, Frag: 69% external, 25% internal; Reserve: 13312K, Max: 256K
[908.303s][info][gc,start       ] GC(6835) Pause Degenerated GC (Mark)
[908.303s][info][gc,task        ] GC(6835) Using 6 of 24 workers for stw degenerated gc
[908.370s][info][gc,stringtable ] GC(6835) Cleaned string and symbol table, strings: 8172 processed, 0 removed, symbols: 68000 processed, 0 removed
[908.371s][info][gc,ergo        ] GC(6835) Collectable Garbage: 158M (100%), Immediate: 157M (99%), CSet: 1004K (0%)
[908.371s][info][gc,ergo        ] GC(6835) Pacer for Evacuation. Used CSet: 4864K, Free: 173M, Non-Taxable: 17777K, Alloc Tax Rate: 1.1x
[908.394s][info][gc,ergo        ] GC(6835) Pacer for Update Refs. Used: 72852K, Free: 173M, Non-Taxable: 17777K, Alloc Tax Rate: 1.1x
[908.413s][info][gc,ergo        ] GC(6835) Good progress for free space: 173M, need 2621K
[908.413s][info][gc,ergo        ] GC(6835) Good progress for used space: 157M, need 256K
[908.414s][info][gc             ] GC(6835) Pause Degenerated GC (Mark) 223M->66M(256M) 110.840ms
[908.414s][info][gc,ergo        ] Free: 173M, Max: 256K regular, 81920K humongous, Frag: 54% external, 2% internal; Reserve: 13312K, Max: 256K
[908.414s][info][gc,stats       ] 
[908.414s][info][gc,stats       ] All times are wall-clock times, except per-root-class counters, that are sum over
[908.414s][info][gc,stats       ] all workers. Dividing the <total> over the root stage time estimates parallelism.
[908.414s][info][gc,stats       ] 
[908.414s][info][gc,stats       ]   Finish Queues                    6698 us
[908.414s][info][gc,stats       ]   Weak References                  3633 us
[908.414s][info][gc,stats       ]     Process                        3619 us
[908.414s][info][gc,stats       ]   System Purge                      325 us
[908.414s][info][gc,stats       ]     Unload Classes                   91 us
[908.414s][info][gc,stats       ]     Cleanup                       56584 us, parallelism: 1.72x
[908.414s][info][gc,stats       ]       CU: <total>                 97188 us
[908.414s][info][gc,stats       ]       CU: Code Cache Roots        75971 us, workers (us): 12528, 12871, 12516, 12455, 12591, 13010, ---, ---, ---, ---, ---, ---, ---, ---, ---, ---, ---, ---, ---, ---, ---, ---, ---, ---, 
[908.414s][info][gc,stats       ]       CU: Code Cache Cleaning      5141 us, workers (us): 823, 825, 827, 824, 1036, 804, ---, ---, ---, ---, ---, ---, ---, ---, ---, ---, ---, ---, ---, ---, ---, ---, ---, ---, 
[908.414s][info][gc,stats       ]       CU: String Table Roots       3482 us, workers (us): 749, 382, 729, 773, 636, 214, ---, ---, ---, ---, ---, ---, ---, ---, ---, ---, ---, ---, ---, ---, ---, ---, ---, ---, 
[908.414s][info][gc,stats       ]       CU: Resolved Table Roots       21 us, workers (us):   0,   0,   0,   0,   0,  20, ---, ---, ---, ---, ---, ---, ---, ---, ---, ---, ---, ---, ---, ---, ---, ---, ---, ---, 
[908.414s][info][gc,stats       ]       CU: CLDG Roots              12572 us, workers (us): 2160, 2145, 2124, 2151, 1883, 2109, ---, ---, ---, ---, ---, ---, ---, ---, ---, ---, ---, ---, ---, ---, ---, ---, ---, ---, 
[908.414s][info][gc,stats       ]     Weak Roots                      324 us
[908.414s][info][gc,stats       ]     CLDG                              1 us
[908.414s][info][gc,stats       ]   Update Region States               24 us
[908.414s][info][gc,stats       ]   Retire TLABs                       43 us
[908.414s][info][gc,stats       ]   Choose Collection Set             434 us
[908.414s][info][gc,stats       ]   Rebuild Free Set                   17 us
[908.414s][info][gc,stats       ]   Initial Evacuation                  7 us
[908.414s][info][gc,stats       ]   Retire GCLABs                     158 us
[908.414s][info][gc,stats       ]   Finish Work                     16752 us
[908.414s][info][gc,stats       ]   Update Region States               23 us
[908.414s][info][gc,stats       ]   Trash Collection Set               11 us
[908.414s][info][gc,stats       ]   Rebuild Free Set                   36 us
[908.414s][info][gc,stats       ] Pause Degenerated GC (G)         111189 us
[908.414s][info][gc,stats       ] Pause Degenerated GC (N)         110790 us
[908.414s][info][gc,stats       ]   Degen Update Roots               1642 us, parallelism: 3.26x
[908.414s][info][gc,stats       ]     DU: <total>                    5351 us
[908.414s][info][gc,stats       ]     DU: Thread Roots                154 us, workers (us):   1,   9,   1,  59,   2,  83, ---, ---, ---, ---, ---, ---, ---, ---, ---, ---, ---, ---, ---, ---, ---, ---, ---, ---, 
[908.414s][info][gc,stats       ]     DU: Code Cache Roots           4400 us, workers (us): 785, 566, 781, 737, 803, 729, ---, ---, ---, ---, ---, ---, ---, ---, ---, ---, ---, ---, ---, ---, ---, ---, ---, ---, 
[908.414s][info][gc,stats       ]     DU: Universe Roots                8 us, workers (us):   8, ---, ---, ---, ---, ---, ---, ---, ---, ---, ---, ---, ---, ---, ---, ---, ---, ---, ---, ---, ---, ---, ---, ---, 
[908.414s][info][gc,stats       ]     DU: JNI Handles Roots             5 us, workers (us):   5, ---, ---, ---, ---, ---, ---, ---, ---, ---, ---, ---, ---, ---, ---, ---, ---, ---, ---, ---, ---, ---, ---, ---, 
[908.414s][info][gc,stats       ]     DU: Synchronizer Roots            0 us, workers (us):   0, ---, ---, ---, ---, ---, ---, ---, ---, ---, ---, ---, ---, ---, ---, ---, ---, ---, ---, ---, ---, ---, ---, ---, 
[908.414s][info][gc,stats       ]     DU: Management Roots              2 us, workers (us):   2, ---, ---, ---, ---, ---, ---, ---, ---, ---, ---, ---, ---, ---, ---, ---, ---, ---, ---, ---, ---, ---, ---, ---, 
[908.414s][info][gc,stats       ]     DU: System Dict Roots            14 us, workers (us):  14, ---, ---, ---, ---, ---, ---, ---, ---, ---, ---, ---, ---, ---, ---, ---, ---, ---, ---, ---, ---, ---, ---, ---, 
[908.414s][info][gc,stats       ]     DU: CLDG Roots                  767 us, workers (us): ---, 217,  68, ---, 483, ---, ---, ---, ---, ---, ---, ---, ---, ---, ---, ---, ---, ---, ---, ---, ---, ---, ---, ---, 
[908.414s][info][gc,stats       ]     DU: JVMTI Roots                   1 us, workers (us):   1, ---, ---, ---, ---, ---, ---, ---, ---, ---, ---, ---, ---, ---, ---, ---, ---, ---, ---, ---, ---, ---, ---, ---, 
[908.414s][info][gc,stats       ] 
[908.414s][info][gc,stats       ] Allocation pacing accrued:
[908.414s][info][gc,stats       ]       0 of   113 ms (  0.0%): <total>
[908.414s][info][gc,stats       ]       0 of   113 ms (  0.0%): <average total>
[908.414s][info][gc,stats       ] 
[908.414s][info][gc,metaspace   ] Metaspace: 24281K->24281K(1071104K)
[908.414s][info][gc,ergo        ] Pacer for Idle. Initial: 5242K, Alloc Tax Rate: 1.0x
[908.415s][info][gc             ] Trigger: Start next cycle immediately
[908.416s][info][gc,ergo        ] Free: 170M, Max: 256K regular, 78592K humongous, Frag: 55% external, 1% internal; Reserve: 13312K, Max: 256K
[908.416s][info][gc,start       ] GC(6836) Concurrent reset
[908.416s][info][gc,task        ] GC(6836) Using 6 of 24 workers for concurrent reset
[908.416s][info][gc,ergo        ] GC(6836) Pacer for Reset. Non-Taxable: 256M
[908.416s][info][gc             ] GC(6836) Concurrent reset 0.567ms
[908.416s][info][gc,start       ] GC(6836) Pause Init Mark (process weakrefs) (unload classes)
[908.416s][info][gc,task        ] GC(6836) Using 6 of 24 workers for init marking
[908.418s][info][gc,ergo        ] GC(6836) Pacer for Mark. Expected Live: 14555K, Free: 170M, Non-Taxable: 17444K, Alloc Tax Rate: 0.1x
[908.418s][info][gc             ] GC(6836) Pause Init Mark (process weakrefs) (unload classes) 1.717ms
[908.418s][info][gc,start       ] GC(6836) Concurrent marking (process weakrefs) (unload classes)
[908.418s][info][gc,task        ] GC(6836) Using 6 of 24 workers for concurrent marking
[908.485s][info][gc             ] GC(6836) Concurrent marking (process weakrefs) (unload classes) 66.835ms
[908.485s][info][gc,start       ] GC(6836) Concurrent precleaning
[908.485s][info][gc,task        ] GC(6836) Using 1 of 24 workers for concurrent preclean
[908.485s][info][gc,ergo        ] GC(6836) Pacer for Precleaning. Non-Taxable: 256M
[908.489s][info][gc             ] GC(6836) Concurrent precleaning 4.347ms
[908.491s][info][gc,start       ] GC(6836) Pause Final Mark (process weakrefs) (unload classes)
[908.491s][info][gc,task        ] GC(6836) Using 6 of 24 workers for final marking
[908.546s][info][gc,stringtable ] GC(6836) Cleaned string and symbol table, strings: 8172 processed, 0 removed, symbols: 68000 processed, 0 removed
[908.547s][info][gc,ergo        ] GC(6836) Collectable Garbage: 62701K (100%), Immediate: 61696K (98%), CSet: 1004K (1%)
[908.550s][info][gc,ergo        ] GC(6836) Pacer for Evacuation. Used CSet: 4864K, Free: 169M, Non-Taxable: 17367K, Alloc Tax Rate: 1.1x
[908.550s][info][gc             ] GC(6836) Pause Final Mark (process weakrefs) (unload classes) 58.248ms
[908.550s][info][gc,start       ] GC(6836) Concurrent cleanup
[908.560s][info][gc             ] GC(6836) Concurrent cleanup 131M->82M(256M) 10.559ms
[908.560s][info][gc,ergo        ] GC(6836) Free: 157M, Max: 256K regular, 152M humongous, Frag: 4% external, 1% internal; Reserve: 12670K, Max: 256K
[908.560s][info][gc,start       ] GC(6836) Concurrent evacuation
[908.560s][info][gc,task        ] GC(6836) Using 6 of 24 workers for concurrent evacuation
[908.565s][info][gc             ] GC(6836) Concurrent evacuation 4.609ms
[908.566s][info][gc,start       ] GC(6836) Pause Init Update Refs
[908.566s][info][gc,ergo        ] GC(6836) Pacer for Update Refs. Used: 97940K, Free: 148M, Non-Taxable: 15191K, Alloc Tax Rate: 1.1x
[908.566s][info][gc             ] GC(6836) Pause Init Update Refs 0.176ms
[908.566s][info][gc,start       ] GC(6836) Concurrent update references
[908.566s][info][gc,task        ] GC(6836) Using 6 of 24 workers for concurrent reference update
[908.583s][info][gc             ] GC(6836) Concurrent update references 17.272ms
[908.584s][info][gc,start       ] GC(6836) Pause Final Update Refs
[908.584s][info][gc,task        ] GC(6836) Using 6 of 24 workers for final reference update
[908.584s][info][gc             ] GC(6836) Pause Final Update Refs 0.213ms
[908.584s][info][gc,start       ] GC(6836) Concurrent cleanup
[908.585s][info][gc             ] GC(6836) Concurrent cleanup 134M->135M(256M) 0.837ms
[908.585s][info][gc             ] GC(6836) Dat log --- cycle is complete
Current gc epoch: 5538
heap: ______
capacity: 268435456
used: 142496976
committed: 268435456
bytes_allocated_since_gc_start: 138674440
hot_size: 0
cold_size: 6528794
num_regions: 1024
hot_region_count: 18446744073709405246
cold_region_count: 146389
histogram: Placeholder

[908.585s][info][gc             ] GC(6836) Obj count ac histogram
[908.585s][info][gc             ] GC(6836) 	0: 421829
[908.585s][info][gc             ] GC(6836) 	1: 15
[908.585s][info][gc             ] GC(6836) 	2: 5848
[908.585s][info][gc             ] GC(6836) 	3: 6793
[908.585s][info][gc             ] GC(6836) 	4: 7724
[908.585s][info][gc             ] GC(6836) 	5: 3036
[908.585s][info][gc             ] GC(6836) 	6: 19
[908.585s][info][gc             ] GC(6836) 	7: 0
[908.585s][info][gc             ] GC(6836) 	8: 0
[908.585s][info][gc             ] GC(6836) 	9: 0
[908.585s][info][gc             ] GC(6836) 	10: 0
[908.585s][info][gc             ] GC(6836) 	11: 0
[908.585s][info][gc             ] GC(6836) 	12: 0
[908.585s][info][gc             ] GC(6836) 	13: 0
[908.585s][info][gc             ] GC(6836) 	14: 0
[908.585s][info][gc             ] GC(6836) 	15: 0
[908.585s][info][gc             ] GC(6836) 	16: 0
[908.585s][info][gc             ] GC(6836) 	17: 0
[908.585s][info][gc             ] GC(6836) 	18: 0
[908.585s][info][gc             ] GC(6836) 	19: 0
[908.585s][info][gc             ] GC(6836) Obj size ac histogram
[908.585s][info][gc             ] GC(6836) 	0: 4981464
[908.585s][info][gc             ] GC(6836) 	1: 720
[908.585s][info][gc             ] GC(6836) 	2: 72964
[908.585s][info][gc             ] GC(6836) 	3: 69241
[908.585s][info][gc             ] GC(6836) 	4: 82633
[908.585s][info][gc             ] GC(6836) 	5: 18069
[908.585s][info][gc             ] GC(6836) 	6: 190
[908.585s][info][gc             ] GC(6836) 	7: 0
[908.585s][info][gc             ] GC(6836) 	8: 0
[908.585s][info][gc             ] GC(6836) 	9: 0
[908.585s][info][gc             ] GC(6836) 	10: 0
[908.585s][info][gc             ] GC(6836) 	11: 0
[908.585s][info][gc             ] GC(6836) 	12: 0
[908.585s][info][gc             ] GC(6836) 	13: 0
[908.585s][info][gc             ] GC(6836) 	14: 0
[908.585s][info][gc             ] GC(6836) 	15: 0
[908.585s][info][gc             ] GC(6836) 	16: 0
[908.585s][info][gc             ] GC(6836) 	17: 0
[908.585s][info][gc             ] GC(6836) 	18: 0
[908.585s][info][gc             ] GC(6836) 	19: 0
[908.585s][info][gc,ergo        ] Free: 101M, Max: 256K regular, 98304K humongous, Frag: 5% external, 3% internal; Reserve: 13312K, Max: 256K
[908.586s][info][gc,stats       ] 
[908.586s][info][gc,stats       ] All times are wall-clock times, except per-root-class counters, that are sum over
[908.586s][info][gc,stats       ] all workers. Dividing the <total> over the root stage time estimates parallelism.
[908.586s][info][gc,stats       ] 
[908.586s][info][gc,stats       ] Concurrent Reset                    548 us
[908.586s][info][gc,stats       ] Pause Init Mark (G)                1976 us
[908.586s][info][gc,stats       ] Pause Init Mark (N)                1678 us
[908.586s][info][gc,stats       ]   Accumulate Stats                    4 us
[908.586s][info][gc,stats       ]   Make Parsable                      34 us
[908.586s][info][gc,stats       ]   Update Region States                8 us
[908.586s][info][gc,stats       ]   Scan Roots                        947 us, parallelism: 1.49x
[908.586s][info][gc,stats       ]     S: <total>                     1409 us
[908.586s][info][gc,stats       ]     S: Thread Roots                 480 us, workers (us): 261,  41,   1,  89,  38,  49, ---, ---, ---, ---, ---, ---, ---, ---, ---, ---, ---, ---, ---, ---, ---, ---, ---, ---, 
[908.586s][info][gc,stats       ]     S: Universe Roots                28 us, workers (us):  28, ---, ---, ---, ---, ---, ---, ---, ---, ---, ---, ---, ---, ---, ---, ---, ---, ---, ---, ---, ---, ---, ---, ---, 
[908.586s][info][gc,stats       ]     S: JNI Handles Roots             14 us, workers (us): ---,  14, ---, ---, ---, ---, ---, ---, ---, ---, ---, ---, ---, ---, ---, ---, ---, ---, ---, ---, ---, ---, ---, ---, 
[908.586s][info][gc,stats       ]     S: Synchronizer Roots             0 us, workers (us):   0, ---, ---, ---, ---, ---, ---, ---, ---, ---, ---, ---, ---, ---, ---, ---, ---, ---, ---, ---, ---, ---, ---, ---, 
[908.586s][info][gc,stats       ]     S: Management Roots               1 us, workers (us):   1, ---, ---, ---, ---, ---, ---, ---, ---, ---, ---, ---, ---, ---, ---, ---, ---, ---, ---, ---, ---, ---, ---, ---, 
[908.586s][info][gc,stats       ]     S: System Dict Roots             29 us, workers (us):  29, ---, ---, ---, ---, ---, ---, ---, ---, ---, ---, ---, ---, ---, ---, ---, ---, ---, ---, ---, ---, ---, ---, ---, 
[908.586s][info][gc,stats       ]     S: CLDG Roots                   856 us, workers (us): ---,   5, 839,  11, ---, ---, ---, ---, ---, ---, ---, ---, ---, ---, ---, ---, ---, ---, ---, ---, ---, ---, ---, ---, 
[908.586s][info][gc,stats       ]     S: JVMTI Roots                    1 us, workers (us): ---,   1, ---, ---, ---, ---, ---, ---, ---, ---, ---, ---, ---, ---, ---, ---, ---, ---, ---, ---, ---, ---, ---, ---, 
[908.586s][info][gc,stats       ]   Resize TLABs                        3 us
[908.586s][info][gc,stats       ] Concurrent Marking                66763 us
[908.586s][info][gc,stats       ] Concurrent Precleaning             4324 us
[908.586s][info][gc,stats       ] Pause Final Mark (G)              60221 us
[908.586s][info][gc,stats       ] Pause Final Mark (N)              58209 us
[908.586s][info][gc,stats       ]   Finish Queues                     199 us
[908.586s][info][gc,stats       ]   Weak References                    39 us
[908.586s][info][gc,stats       ]     Process                          29 us
[908.586s][info][gc,stats       ]   System Purge                      230 us
[908.586s][info][gc,stats       ]     Unload Classes                   90 us
[908.586s][info][gc,stats       ]     Cleanup                       54586 us, parallelism: 1.75x
[908.586s][info][gc,stats       ]       CU: <total>                 95426 us
[908.586s][info][gc,stats       ]       CU: Code Cache Roots        75914 us, workers (us): 12516, 12561, 13192, 12777, 12413, 12455, ---, ---, ---, ---, ---, ---, ---, ---, ---, ---, ---, ---, ---, ---, ---, ---, ---, ---, 
[908.586s][info][gc,stats       ]       CU: Code Cache Cleaning      4847 us, workers (us): 990, 775, 777, 754, 775, 776, ---, ---, ---, ---, ---, ---, ---, ---, ---, ---, ---, ---, ---, ---, ---, ---, ---, ---, 
[908.586s][info][gc,stats       ]       CU: String Table Roots       3379 us, workers (us): 728, 684,  49, 425, 770, 724, ---, ---, ---, ---, ---, ---, ---, ---, ---, ---, ---, ---, ---, ---, ---, ---, ---, ---, 
[908.586s][info][gc,stats       ]       CU: Resolved Table Roots       22 us, workers (us):   0,   0,   0,  21,   0,   0, ---, ---, ---, ---, ---, ---, ---, ---, ---, ---, ---, ---, ---, ---, ---, ---, ---, ---, 
[908.586s][info][gc,stats       ]       CU: CLDG Roots              11263 us, workers (us): 1719, 1889, 1887, 1948, 1935, 1886, ---, ---, ---, ---, ---, ---, ---, ---, ---, ---, ---, ---, ---, ---, ---, ---, ---, ---, 
[908.586s][info][gc,stats       ]     Weak Roots                      229 us
[908.586s][info][gc,stats       ]     CLDG                              0 us
[908.586s][info][gc,stats       ]   Update Region States               22 us
[908.586s][info][gc,stats       ]   Retire TLABs                       41 us
[908.586s][info][gc,stats       ]   Choose Collection Set             184 us
[908.586s][info][gc,stats       ]   Rebuild Free Set                   15 us
[908.586s][info][gc,stats       ]   Initial Evacuation               2608 us, parallelism: 2.15x
[908.586s][info][gc,stats       ]     E: <total>                     5616 us
[908.586s][info][gc,stats       ]     E: Thread Roots                 187 us, workers (us):  88,   2,  49,  16,  30,   2, ---, ---, ---, ---, ---, ---, ---, ---, ---, ---, ---, ---, ---, ---, ---, ---, ---, ---, 
[908.586s][info][gc,stats       ]     E: Code Cache Roots            4531 us, workers (us): 324, 1296, 378, 811, 722, 1001, ---, ---, ---, ---, ---, ---, ---, ---, ---, ---, ---, ---, ---, ---, ---, ---, ---, ---, 
[908.586s][info][gc,stats       ]     E: Universe Roots                 2 us, workers (us):   2, ---, ---, ---, ---, ---, ---, ---, ---, ---, ---, ---, ---, ---, ---, ---, ---, ---, ---, ---, ---, ---, ---, ---, 
[908.586s][info][gc,stats       ]     E: JNI Handles Roots              1 us, workers (us):   1, ---, ---, ---, ---, ---, ---, ---, ---, ---, ---, ---, ---, ---, ---, ---, ---, ---, ---, ---, ---, ---, ---, ---, 
[908.586s][info][gc,stats       ]     E: Synchronizer Roots             0 us, workers (us):   0, ---, ---, ---, ---, ---, ---, ---, ---, ---, ---, ---, ---, ---, ---, ---, ---, ---, ---, ---, ---, ---, ---, ---, 
[908.586s][info][gc,stats       ]     E: Management Roots               1 us, workers (us):   1, ---, ---, ---, ---, ---, ---, ---, ---, ---, ---, ---, ---, ---, ---, ---, ---, ---, ---, ---, ---, ---, ---, ---, 
[908.586s][info][gc,stats       ]     E: System Dict Roots              6 us, workers (us):   6, ---, ---, ---, ---, ---, ---, ---, ---, ---, ---, ---, ---, ---, ---, ---, ---, ---, ---, ---, ---, ---, ---, ---, 
[908.586s][info][gc,stats       ]     E: CLDG Roots                   885 us, workers (us): 410, ---, 413, ---,  61, ---, ---, ---, ---, ---, ---, ---, ---, ---, ---, ---, ---, ---, ---, ---, ---, ---, ---, ---, 
[908.586s][info][gc,stats       ]     E: JVMTI Roots                    1 us, workers (us): ---,   1, ---, ---, ---, ---, ---, ---, ---, ---, ---, ---, ---, ---, ---, ---, ---, ---, ---, ---, ---, ---, ---, ---, 
[908.586s][info][gc,stats       ] Concurrent Cleanup                10520 us
[908.586s][info][gc,stats       ] Concurrent Evacuation              4590 us
[908.586s][info][gc,stats       ] Pause Init  Update Refs (G)        1015 us
[908.586s][info][gc,stats       ] Pause Init  Update Refs (N)         159 us
[908.586s][info][gc,stats       ]   Retire GCLABs                     146 us
[908.586s][info][gc,stats       ] Concurrent Update Refs            17256 us
[908.586s][info][gc,stats       ] Pause Final Update Refs (G)        1066 us
[908.586s][info][gc,stats       ] Pause Final Update Refs (N)         192 us
[908.586s][info][gc,stats       ]   Update Roots                      147 us, parallelism: 1.44x
[908.586s][info][gc,stats       ]     UR: <total>                     212 us
[908.586s][info][gc,stats       ]     UR: Thread Roots                212 us, workers (us):  90,  45,  27,   5,  43,   2, ---, ---, ---, ---, ---, ---, ---, ---, ---, ---, ---, ---, ---, ---, ---, ---, ---, ---, 
[908.586s][info][gc,stats       ]   Update Region States               19 us
[908.586s][info][gc,stats       ]   Trash Collection Set                6 us
[908.586s][info][gc,stats       ]   Rebuild Free Set                   10 us
[908.586s][info][gc,stats       ] Concurrent Cleanup                  816 us
[908.586s][info][gc,stats       ] Pacing                            81161 us
[908.586s][info][gc,stats       ] 
[908.586s][info][gc,stats       ] Allocation pacing accrued:
[908.586s][info][gc,stats       ]      81 of   172 ms ( 47.2%): pl.nadoba.jvm.gc.benchmark.App.main()
[908.586s][info][gc,stats       ]      81 of   172 ms ( 47.2%): <total>
[908.586s][info][gc,stats       ]       8 of   172 ms (  4.7%): <average total>
[908.586s][info][gc,stats       ]      81 of   172 ms ( 47.2%): <average non-zero>
[908.586s][info][gc,stats       ] 
[908.586s][info][gc,metaspace   ] Metaspace: 24281K->24281K(1071104K)
[908.586s][info][gc,ergo        ] Pacer for Idle. Initial: 5242K, Alloc Tax Rate: 1.0x
[908.587s][info][gc             ] Trigger: Start next cycle immediately
[908.587s][info][gc,ergo        ] Free: 94059K, Max: 256K regular, 88576K humongous, Frag: 6% external, 4% internal; Reserve: 13312K, Max: 256K
[908.587s][info][gc,start       ] GC(6837) Concurrent reset
[908.587s][info][gc,task        ] GC(6837) Using 6 of 24 workers for concurrent reset
[908.587s][info][gc,ergo        ] GC(6837) Pacer for Reset. Non-Taxable: 256M
[908.588s][info][gc             ] GC(6837) Concurrent reset 0.695ms
[908.589s][info][gc,start       ] GC(6837) Pause Init Mark
[908.589s][info][gc,task        ] GC(6837) Using 6 of 24 workers for init marking
[908.593s][info][gc,ergo        ] GC(6837) Pacer for Mark. Expected Live: 12916K, Free: 86379K, Non-Taxable: 8637K, Alloc Tax Rate: 0.2x
[908.593s][info][gc             ] GC(6837) Pause Init Mark 3.961ms
[908.593s][info][gc,start       ] GC(6837) Concurrent marking
[908.593s][info][gc,task        ] GC(6837) Using 6 of 24 workers for concurrent marking
[908.659s][info][gc             ] GC(6837) Concurrent marking 65.465ms
[908.659s][info][gc,start       ] GC(6837) Pause Final Mark
[908.660s][info][gc,task        ] GC(6837) Using 6 of 24 workers for final marking
[908.661s][info][gc,ergo        ] GC(6837) Collectable Garbage: 138M (100%), Immediate: 137M (99%), CSet: 1260K (0%)
[908.664s][info][gc,ergo        ] GC(6837) Pacer for Evacuation. Used CSet: 5119K, Free: 170M, Non-Taxable: 17469K, Alloc Tax Rate: 1.1x
[908.664s][info][gc             ] GC(6837) Pause Final Mark 4.139ms
[908.664s][info][gc,start       ] GC(6837) Concurrent cleanup
[908.683s][info][gc             ] GC(6837) Concurrent cleanup 206M->90M(256M) 19.099ms
[908.683s][info][gc,ergo        ] GC(6837) Free: 148M, Max: 256K regular, 122M humongous, Frag: 18% external, 1% internal; Reserve: 12670K, Max: 256K
[908.683s][info][gc,start       ] GC(6837) Concurrent evacuation
[908.683s][info][gc,task        ] GC(6837) Using 6 of 24 workers for concurrent evacuation
[908.687s][info][gc             ] GC(6837) Concurrent evacuation 3.723ms
[908.687s][info][gc,start       ] GC(6837) Pause Init Update Refs
[908.687s][info][gc,ergo        ] GC(6837) Pacer for Update Refs. Used: 96915K, Free: 148M, Non-Taxable: 15217K, Alloc Tax Rate: 1.1x
[908.687s][info][gc             ] GC(6837) Pause Init Update Refs 0.204ms
[908.687s][info][gc,start       ] GC(6837) Concurrent update references
[908.687s][info][gc,task        ] GC(6837) Using 6 of 24 workers for concurrent reference update
[908.704s][info][gc             ] GC(6837) Concurrent update references 17.056ms
[908.705s][info][gc,start       ] GC(6837) Pause Final Update Refs
[908.705s][info][gc,task        ] GC(6837) Using 6 of 24 workers for final reference update
[908.705s][info][gc             ] GC(6837) Pause Final Update Refs 0.288ms
[908.705s][info][gc,start       ] GC(6837) Concurrent cleanup
[908.706s][info][gc             ] GC(6837) Concurrent cleanup 148M->143M(256M) 0.789ms
[908.706s][info][gc             ] GC(6837) Dat log --- cycle is complete
Current gc epoch: 5539
heap: ______
capacity: 268435456
used: 150622448
committed: 268435456
bytes_allocated_since_gc_start: 150471184
hot_size: 0
cold_size: 3454873
num_regions: 1024
hot_region_count: 18446744073709405227
cold_region_count: 146407
histogram: Placeholder

[908.706s][info][gc             ] GC(6837) Obj count ac histogram
[908.706s][info][gc             ] GC(6837) 	0: 212266
[908.706s][info][gc             ] GC(6837) 	1: 15
[908.706s][info][gc             ] GC(6837) 	2: 2
[908.706s][info][gc             ] GC(6837) 	3: 0
[908.706s][info][gc             ] GC(6837) 	4: 0
[908.706s][info][gc             ] GC(6837) 	5: 0
[908.706s][info][gc             ] GC(6837) 	6: 0
[908.706s][info][gc             ] GC(6837) 	7: 0
[908.706s][info][gc             ] GC(6837) 	8: 0
[908.706s][info][gc             ] GC(6837) 	9: 0
[908.706s][info][gc             ] GC(6837) 	10: 0
[908.706s][info][gc             ] GC(6837) 	11: 0
[908.706s][info][gc             ] GC(6837) 	12: 0
[908.706s][info][gc             ] GC(6837) 	13: 0
[908.706s][info][gc             ] GC(6837) 	14: 0
[908.706s][info][gc             ] GC(6837) 	15: 0
[908.706s][info][gc             ] GC(6837) 	16: 0
[908.706s][info][gc             ] GC(6837) 	17: 0
[908.706s][info][gc             ] GC(6837) 	18: 0
[908.706s][info][gc             ] GC(6837) 	19: 0
[908.706s][info][gc             ] GC(6837) Obj size ac histogram
[908.706s][info][gc             ] GC(6837) 	0: 2701744
[908.706s][info][gc             ] GC(6837) 	1: 720
[908.706s][info][gc             ] GC(6837) 	2: 14
[908.706s][info][gc             ] GC(6837) 	3: 0
[908.706s][info][gc             ] GC(6837) 	4: 0
[908.706s][info][gc             ] GC(6837) 	5: 0
[908.706s][info][gc             ] GC(6837) 	6: 0
[908.706s][info][gc             ] GC(6837) 	7: 0
[908.706s][info][gc             ] GC(6837) 	8: 0
[908.706s][info][gc             ] GC(6837) 	9: 0
[908.706s][info][gc             ] GC(6837) 	10: 0
[908.706s][info][gc             ] GC(6837) 	11: 0
[908.706s][info][gc             ] GC(6837) 	12: 0
[908.706s][info][gc             ] GC(6837) 	13: 0
[908.706s][info][gc             ] GC(6837) 	14: 0
[908.706s][info][gc             ] GC(6837) 	15: 0
[908.706s][info][gc             ] GC(6837) 	16: 0
[908.706s][info][gc             ] GC(6837) 	17: 0
[908.706s][info][gc             ] GC(6837) 	18: 0
[908.706s][info][gc             ] GC(6837) 	19: 0
[908.706s][info][gc,ergo        ] Free: 94828K, Max: 256K regular, 67840K humongous, Frag: 29% external, 4% internal; Reserve: 13312K, Max: 256K
[908.706s][info][gc,stats       ] 
[908.706s][info][gc,stats       ] All times are wall-clock times, except per-root-class counters, that are sum over
[908.706s][info][gc,stats       ] all workers. Dividing the <total> over the root stage time estimates parallelism.
[908.706s][info][gc,stats       ] 
[908.706s][info][gc,stats       ] Concurrent Reset                    682 us
[908.706s][info][gc,stats       ] Pause Init Mark (G)                5069 us
[908.706s][info][gc,stats       ] Pause Init Mark (N)                3916 us
[908.706s][info][gc,stats       ]   Accumulate Stats                    5 us
[908.706s][info][gc,stats       ]   Make Parsable                      41 us
[908.706s][info][gc,stats       ]   Update Region States                9 us
[908.706s][info][gc,stats       ]   Scan Roots                       3109 us, parallelism: 1.89x
[908.706s][info][gc,stats       ]     S: <total>                     5863 us
[908.706s][info][gc,stats       ]     S: Thread Roots                 394 us, workers (us):  62,  64,   2,   2,   2, 261, ---, ---, ---, ---, ---, ---, ---, ---, ---, ---, ---, ---, ---, ---, ---, ---, ---, ---, 
[908.706s][info][gc,stats       ]     S: Universe Roots                34 us, workers (us):  34, ---, ---, ---, ---, ---, ---, ---, ---, ---, ---, ---, ---, ---, ---, ---, ---, ---, ---, ---, ---, ---, ---, ---, 
[908.706s][info][gc,stats       ]     S: JNI Handles Roots             14 us, workers (us):  14, ---, ---, ---, ---, ---, ---, ---, ---, ---, ---, ---, ---, ---, ---, ---, ---, ---, ---, ---, ---, ---, ---, ---, 
[908.706s][info][gc,stats       ]     S: Synchronizer Roots             0 us, workers (us): ---,   0, ---, ---, ---, ---, ---, ---, ---, ---, ---, ---, ---, ---, ---, ---, ---, ---, ---, ---, ---, ---, ---, ---, 
[908.706s][info][gc,stats       ]     S: Management Roots               1 us, workers (us): ---,   1, ---, ---, ---, ---, ---, ---, ---, ---, ---, ---, ---, ---, ---, ---, ---, ---, ---, ---, ---, ---, ---, ---, 
[908.706s][info][gc,stats       ]     S: System Dict Roots             27 us, workers (us): ---,  27, ---, ---, ---, ---, ---, ---, ---, ---, ---, ---, ---, ---, ---, ---, ---, ---, ---, ---, ---, ---, ---, ---, 
[908.706s][info][gc,stats       ]     S: CLDG Roots                  5394 us, workers (us): ---, ---, 259, 2227, 2907, ---, ---, ---, ---, ---, ---, ---, ---, ---, ---, ---, ---, ---, ---, ---, ---, ---, ---, ---, 
[908.706s][info][gc,stats       ]     S: JVMTI Roots                    0 us, workers (us):   0, ---, ---, ---, ---, ---, ---, ---, ---, ---, ---, ---, ---, ---, ---, ---, ---, ---, ---, ---, ---, ---, ---, ---, 
[908.706s][info][gc,stats       ]   Resize TLABs                        7 us
[908.706s][info][gc,stats       ] Concurrent Marking                65426 us
[908.706s][info][gc,stats       ] Pause Final Mark (G)               5010 us
[908.706s][info][gc,stats       ] Pause Final Mark (N)               4096 us
[908.706s][info][gc,stats       ]   Finish Queues                     224 us
[908.706s][info][gc,stats       ]   System Purge                      216 us
[908.706s][info][gc,stats       ]     Weak Roots                      215 us
[908.706s][info][gc,stats       ]   Update Region States               36 us
[908.707s][info][gc,stats       ]   Retire TLABs                       48 us
[908.707s][info][gc,stats       ]   Choose Collection Set             591 us
[908.707s][info][gc,stats       ]   Rebuild Free Set                   34 us
[908.707s][info][gc,stats       ]   Initial Evacuation               2923 us, parallelism: 1.60x
[908.707s][info][gc,stats       ]     E: <total>                     4691 us
[908.707s][info][gc,stats       ]     E: Thread Roots                  86 us, workers (us):  13,   1,   1,   1,   1,  69, ---, ---, ---, ---, ---, ---, ---, ---, ---, ---, ---, ---, ---, ---, ---, ---, ---, ---, 
[908.707s][info][gc,stats       ]     E: Code Cache Roots            3867 us, workers (us): 239, 718, 913, 1004, 701, 292, ---, ---, ---, ---, ---, ---, ---, ---, ---, ---, ---, ---, ---, ---, ---, ---, ---, ---, 
[908.707s][info][gc,stats       ]     E: Universe Roots                 5 us, workers (us):   5, ---, ---, ---, ---, ---, ---, ---, ---, ---, ---, ---, ---, ---, ---, ---, ---, ---, ---, ---, ---, ---, ---, ---, 
[908.707s][info][gc,stats       ]     E: JNI Handles Roots              4 us, workers (us): ---, ---, ---,   4, ---, ---, ---, ---, ---, ---, ---, ---, ---, ---, ---, ---, ---, ---, ---, ---, ---, ---, ---, ---, 
[908.707s][info][gc,stats       ]     E: Synchronizer Roots             0 us, workers (us):   0, ---, ---, ---, ---, ---, ---, ---, ---, ---, ---, ---, ---, ---, ---, ---, ---, ---, ---, ---, ---, ---, ---, ---, 
[908.707s][info][gc,stats       ]     E: Management Roots               3 us, workers (us): ---,   3, ---, ---, ---, ---, ---, ---, ---, ---, ---, ---, ---, ---, ---, ---, ---, ---, ---, ---, ---, ---, ---, ---, 
[908.707s][info][gc,stats       ]     E: System Dict Roots             10 us, workers (us):  10, ---, ---, ---, ---, ---, ---, ---, ---, ---, ---, ---, ---, ---, ---, ---, ---, ---, ---, ---, ---, ---, ---, ---, 
[908.707s][info][gc,stats       ]     E: CLDG Roots                   715 us, workers (us): 389, ---, ---, ---,  47, 279, ---, ---, ---, ---, ---, ---, ---, ---, ---, ---, ---, ---, ---, ---, ---, ---, ---, ---, 
[908.707s][info][gc,stats       ]     E: JVMTI Roots                    1 us, workers (us): ---, ---,   1, ---, ---, ---, ---, ---, ---, ---, ---, ---, ---, ---, ---, ---, ---, ---, ---, ---, ---, ---, ---, ---, 
[908.707s][info][gc,stats       ] Concurrent Cleanup                19059 us
[908.707s][info][gc,stats       ] Concurrent Evacuation              3711 us
[908.707s][info][gc,stats       ] Pause Init  Update Refs (G)         429 us
[908.707s][info][gc,stats       ] Pause Init  Update Refs (N)         166 us
[908.707s][info][gc,stats       ]   Retire GCLABs                     143 us
[908.707s][info][gc,stats       ] Concurrent Update Refs            17042 us
[908.707s][info][gc,stats       ] Pause Final Update Refs (G)        1094 us
[908.707s][info][gc,stats       ] Pause Final Update Refs (N)         241 us
[908.707s][info][gc,stats       ]   Update Roots                      148 us, parallelism: 1.10x
[908.707s][info][gc,stats       ]     UR: <total>                     163 us
[908.707s][info][gc,stats       ]     UR: Thread Roots                163 us, workers (us):  61,  32,  25,   5,   3,  37, ---, ---, ---, ---, ---, ---, ---, ---, ---, ---, ---, ---, ---, ---, ---, ---, ---, ---, 
[908.707s][info][gc,stats       ]   Update Region States               28 us
[908.707s][info][gc,stats       ]   Trash Collection Set               11 us
[908.707s][info][gc,stats       ]   Rebuild Free Set                   30 us
[908.707s][info][gc,stats       ] Concurrent Cleanup                  774 us
[908.707s][info][gc,stats       ] Pacing                            78803 us
[908.707s][info][gc,stats       ] 
[908.707s][info][gc,stats       ] Allocation pacing accrued:
[908.707s][info][gc,stats       ]      79 of   121 ms ( 65.4%): pl.nadoba.jvm.gc.benchmark.App.main()
[908.707s][info][gc,stats       ]      79 of   121 ms ( 65.4%): <total>
[908.707s][info][gc,stats       ]       8 of   121 ms (  6.5%): <average total>
[908.707s][info][gc,stats       ]      79 of   121 ms ( 65.4%): <average non-zero>
[908.707s][info][gc,stats       ] 
[908.707s][info][gc,metaspace   ] Metaspace: 24281K->24281K(1071104K)
[908.707s][info][gc,ergo        ] Pacer for Idle. Initial: 5242K, Alloc Tax Rate: 1.0x
[908.708s][info][gc             ] Trigger: Start next cycle immediately
[908.708s][info][gc,ergo        ] Free: 90476K, Max: 256K regular, 63488K humongous, Frag: 30% external, 4% internal; Reserve: 13312K, Max: 256K
[908.708s][info][gc,start       ] GC(6838) Concurrent reset
[908.708s][info][gc,task        ] GC(6838) Using 6 of 24 workers for concurrent reset
[908.708s][info][gc,ergo        ] GC(6838) Pacer for Reset. Non-Taxable: 256M
[908.709s][info][gc             ] GC(6838) Concurrent reset 0.644ms
[908.709s][info][gc,start       ] GC(6838) Pause Init Mark
[908.709s][info][gc,task        ] GC(6838) Using 6 of 24 workers for init marking
[908.712s][info][gc,ergo        ] GC(6838) Pacer for Mark. Expected Live: 13326K, Free: 84076K, Non-Taxable: 8407K, Alloc Tax Rate: 0.2x
[908.712s][info][gc             ] GC(6838) Pause Init Mark 3.093ms
[908.713s][info][gc,start       ] GC(6838) Concurrent marking
[908.713s][info][gc,task        ] GC(6838) Using 6 of 24 workers for concurrent marking
[908.780s][info][gc             ] GC(6838) Concurrent marking 67.128ms
[908.780s][info][gc,start       ] GC(6838) Pause Final Mark
[908.780s][info][gc,task        ] GC(6838) Using 6 of 24 workers for final marking
[908.781s][info][gc,ergo        ] GC(6838) Collectable Garbage: 139M (100%), Immediate: 138M (99%), CSet: 1003K (0%)
[908.784s][info][gc,ergo        ] GC(6838) Pacer for Evacuation. Used CSet: 4862K, Free: 167M, Non-Taxable: 17162K, Alloc Tax Rate: 1.1x
[908.784s][info][gc             ] GC(6838) Pause Final Mark 4.251ms
[908.784s][info][gc,start       ] GC(6838) Concurrent cleanup
[908.803s][info][gc             ] GC(6838) Concurrent cleanup 211M->92M(256M) 18.899ms
[908.803s][info][gc,ergo        ] GC(6838) Free: 147M, Max: 256K regular, 67584K humongous, Frag: 56% external, 1% internal; Reserve: 12670K, Max: 256K
[908.803s][info][gc,start       ] GC(6838) Concurrent evacuation
[908.803s][info][gc,task        ] GC(6838) Using 6 of 24 workers for concurrent evacuation
[908.807s][info][gc             ] GC(6838) Concurrent evacuation 4.180ms
[908.808s][info][gc,start       ] GC(6838) Pause Init Update Refs
[908.808s][info][gc,ergo        ] GC(6838) Pacer for Update Refs. Used: 98963K, Free: 147M, Non-Taxable: 15089K, Alloc Tax Rate: 1.1x
[908.808s][info][gc             ] GC(6838) Pause Init Update Refs 0.270ms
[908.808s][info][gc,start       ] GC(6838) Concurrent update references
[908.808s][info][gc,task        ] GC(6838) Using 6 of 24 workers for concurrent reference update
[908.825s][info][gc             ] GC(6838) Concurrent update references 17.077ms
[908.826s][info][gc,start       ] GC(6838) Pause Final Update Refs
[908.826s][info][gc,task        ] GC(6838) Using 6 of 24 workers for final reference update
[908.827s][info][gc             ] GC(6838) Pause Final Update Refs 0.348ms
[908.827s][info][gc,start       ] GC(6838) Concurrent cleanup
[908.828s][info][gc             ] GC(6838) Concurrent cleanup 139M->134M(256M) 0.718ms
[908.828s][info][gc             ] GC(6838) Dat log --- cycle is complete
Current gc epoch: 5540
heap: ______
capacity: 268435456
used: 141448400
committed: 268435456
bytes_allocated_since_gc_start: 137101840
hot_size: 0
cold_size: 3717017
num_regions: 1024
hot_region_count: 18446744073709405209
cold_region_count: 146426
histogram: Placeholder

[908.828s][info][gc             ] GC(6838) Obj count ac histogram
[908.828s][info][gc             ] GC(6838) 	0: 219599
[908.828s][info][gc             ] GC(6838) 	1: 15
[908.828s][info][gc             ] GC(6838) 	2: 2
[908.828s][info][gc             ] GC(6838) 	3: 0
[908.828s][info][gc             ] GC(6838) 	4: 0
[908.828s][info][gc             ] GC(6838) 	5: 0
[908.828s][info][gc             ] GC(6838) 	6: 0
[908.828s][info][gc             ] GC(6838) 	7: 0
[908.828s][info][gc             ] GC(6838) 	8: 0
[908.828s][info][gc             ] GC(6838) 	9: 0
[908.828s][info][gc             ] GC(6838) 	10: 0
[908.828s][info][gc             ] GC(6838) 	11: 0
[908.828s][info][gc             ] GC(6838) 	12: 0
[908.828s][info][gc             ] GC(6838) 	13: 0
[908.828s][info][gc             ] GC(6838) 	14: 0
[908.828s][info][gc             ] GC(6838) 	15: 0
[908.828s][info][gc             ] GC(6838) 	16: 0
[908.828s][info][gc             ] GC(6838) 	17: 0
[908.828s][info][gc             ] GC(6838) 	18: 0
[908.828s][info][gc             ] GC(6838) 	19: 0
[908.828s][info][gc             ] GC(6838) Obj size ac histogram
[908.828s][info][gc             ] GC(6838) 	0: 2202406
[908.828s][info][gc             ] GC(6838) 	1: 720
[908.828s][info][gc             ] GC(6838) 	2: 14
[908.828s][info][gc             ] GC(6838) 	3: 0
[908.828s][info][gc             ] GC(6838) 	4: 0
[908.828s][info][gc             ] GC(6838) 	5: 0
[908.828s][info][gc             ] GC(6838) 	6: 0
[908.828s][info][gc             ] GC(6838) 	7: 0
[908.828s][info][gc             ] GC(6838) 	8: 0
[908.828s][info][gc             ] GC(6838) 	9: 0
[908.828s][info][gc             ] GC(6838) 	10: 0
[908.828s][info][gc             ] GC(6838) 	11: 0
[908.828s][info][gc             ] GC(6838) 	12: 0
[908.828s][info][gc             ] GC(6838) 	13: 0
[908.828s][info][gc             ] GC(6838) 	14: 0
[908.828s][info][gc             ] GC(6838) 	15: 0
[908.828s][info][gc             ] GC(6838) 	16: 0
[908.828s][info][gc             ] GC(6838) 	17: 0
[908.828s][info][gc             ] GC(6838) 	18: 0
[908.828s][info][gc             ] GC(6838) 	19: 0
[908.828s][info][gc,ergo        ] Free: 102M, Max: 256K regular, 67584K humongous, Frag: 36% external, 3% internal; Reserve: 13312K, Max: 256K
[908.828s][info][gc,stats       ] 
[908.828s][info][gc,stats       ] All times are wall-clock times, except per-root-class counters, that are sum over
[908.828s][info][gc,stats       ] all workers. Dividing the <total> over the root stage time estimates parallelism.
[908.828s][info][gc,stats       ] 
[908.828s][info][gc,stats       ] Concurrent Reset                    635 us
[908.828s][info][gc,stats       ] Pause Init Mark (G)                4064 us
[908.828s][info][gc,stats       ] Pause Init Mark (N)                3047 us
[908.828s][info][gc,stats       ]   Accumulate Stats                    7 us
[908.828s][info][gc,stats       ]   Make Parsable                      55 us
[908.828s][info][gc,stats       ]   Update Region States               15 us
[908.828s][info][gc,stats       ]   Scan Roots                       2060 us, parallelism: 1.77x
[908.828s][info][gc,stats       ]     S: <total>                     3641 us
[908.828s][info][gc,stats       ]     S: Thread Roots                 441 us, workers (us):   1,  66, 121,   1,   1, 250, ---, ---, ---, ---, ---, ---, ---, ---, ---, ---, ---, ---, ---, ---, ---, ---, ---, ---, 
[908.828s][info][gc,stats       ]     S: Universe Roots                34 us, workers (us):  34, ---, ---, ---, ---, ---, ---, ---, ---, ---, ---, ---, ---, ---, ---, ---, ---, ---, ---, ---, ---, ---, ---, ---, 
[908.828s][info][gc,stats       ]     S: JNI Handles Roots             33 us, workers (us): ---, ---,  33, ---, ---, ---, ---, ---, ---, ---, ---, ---, ---, ---, ---, ---, ---, ---, ---, ---, ---, ---, ---, ---, 
[908.828s][info][gc,stats       ]     S: Synchronizer Roots             0 us, workers (us): ---,   0, ---, ---, ---, ---, ---, ---, ---, ---, ---, ---, ---, ---, ---, ---, ---, ---, ---, ---, ---, ---, ---, ---, 
[908.828s][info][gc,stats       ]     S: Management Roots               2 us, workers (us): ---,   2, ---, ---, ---, ---, ---, ---, ---, ---, ---, ---, ---, ---, ---, ---, ---, ---, ---, ---, ---, ---, ---, ---, 
[908.828s][info][gc,stats       ]     S: System Dict Roots             34 us, workers (us): ---,  34, ---, ---, ---, ---, ---, ---, ---, ---, ---, ---, ---, ---, ---, ---, ---, ---, ---, ---, ---, ---, ---, ---, 
[908.828s][info][gc,stats       ]     S: CLDG Roots                  3096 us, workers (us): 1866, ---, ---, 260, 970, ---, ---, ---, ---, ---, ---, ---, ---, ---, ---, ---, ---, ---, ---, ---, ---, ---, ---, ---, 
[908.828s][info][gc,stats       ]     S: JVMTI Roots                    1 us, workers (us):   1, ---, ---, ---, ---, ---, ---, ---, ---, ---, ---, ---, ---, ---, ---, ---, ---, ---, ---, ---, ---, ---, ---, ---, 
[908.828s][info][gc,stats       ]   Resize TLABs                        7 us
[908.828s][info][gc,stats       ] Concurrent Marking                67085 us
[908.828s][info][gc,stats       ] Pause Final Mark (G)               4443 us
[908.828s][info][gc,stats       ] Pause Final Mark (N)               4204 us
[908.828s][info][gc,stats       ]   Finish Queues                     205 us
[908.828s][info][gc,stats       ]   System Purge                      170 us
[908.828s][info][gc,stats       ]     Weak Roots                      168 us
[908.828s][info][gc,stats       ]   Update Region States               41 us
[908.828s][info][gc,stats       ]   Retire TLABs                       53 us
[908.828s][info][gc,stats       ]   Choose Collection Set             695 us
[908.828s][info][gc,stats       ]   Rebuild Free Set                   43 us
[908.828s][info][gc,stats       ]   Initial Evacuation               2970 us, parallelism: 1.42x
[908.828s][info][gc,stats       ]     E: <total>                     4210 us
[908.828s][info][gc,stats       ]     E: Thread Roots                 110 us, workers (us):  48,  57,   1,   1,   1,   1, ---, ---, ---, ---, ---, ---, ---, ---, ---, ---, ---, ---, ---, ---, ---, ---, ---, ---, 
[908.828s][info][gc,stats       ]     E: Code Cache Roots            3063 us, workers (us): 604,   0, 727, 788, 354, 589, ---, ---, ---, ---, ---, ---, ---, ---, ---, ---, ---, ---, ---, ---, ---, ---, ---, ---, 
[908.828s][info][gc,stats       ]     E: Universe Roots                 5 us, workers (us):   5, ---, ---, ---, ---, ---, ---, ---, ---, ---, ---, ---, ---, ---, ---, ---, ---, ---, ---, ---, ---, ---, ---, ---, 
[908.828s][info][gc,stats       ]     E: JNI Handles Roots              3 us, workers (us): ---,   3, ---, ---, ---, ---, ---, ---, ---, ---, ---, ---, ---, ---, ---, ---, ---, ---, ---, ---, ---, ---, ---, ---, 
[908.828s][info][gc,stats       ]     E: Synchronizer Roots             0 us, workers (us):   0, ---, ---, ---, ---, ---, ---, ---, ---, ---, ---, ---, ---, ---, ---, ---, ---, ---, ---, ---, ---, ---, ---, ---, 
[908.828s][info][gc,stats       ]     E: Management Roots               2 us, workers (us):   2, ---, ---, ---, ---, ---, ---, ---, ---, ---, ---, ---, ---, ---, ---, ---, ---, ---, ---, ---, ---, ---, ---, ---, 
[908.828s][info][gc,stats       ]     E: System Dict Roots             11 us, workers (us):  11, ---, ---, ---, ---, ---, ---, ---, ---, ---, ---, ---, ---, ---, ---, ---, ---, ---, ---, ---, ---, ---, ---, ---, 
[908.828s][info][gc,stats       ]     E: CLDG Roots                  1015 us, workers (us): ---, 617, ---, ---, 313,  85, ---, ---, ---, ---, ---, ---, ---, ---, ---, ---, ---, ---, ---, ---, ---, ---, ---, ---, 
[908.828s][info][gc,stats       ]     E: JVMTI Roots                    1 us, workers (us): ---,   1, ---, ---, ---, ---, ---, ---, ---, ---, ---, ---, ---, ---, ---, ---, ---, ---, ---, ---, ---, ---, ---, ---, 
[908.828s][info][gc,stats       ] Concurrent Cleanup                18865 us
[908.828s][info][gc,stats       ] Concurrent Evacuation              4168 us
[908.828s][info][gc,stats       ] Pause Init  Update Refs (G)         606 us
[908.828s][info][gc,stats       ] Pause Init  Update Refs (N)         229 us
[908.828s][info][gc,stats       ]   Retire GCLABs                     202 us
[908.828s][info][gc,stats       ] Concurrent Update Refs            17061 us
[908.828s][info][gc,stats       ] Pause Final Update Refs (G)        1746 us
[908.828s][info][gc,stats       ] Pause Final Update Refs (N)         305 us
[908.828s][info][gc,stats       ]   Update Roots                      217 us, parallelism: 0.89x
[908.828s][info][gc,stats       ]     UR: <total>                     194 us
[908.828s][info][gc,stats       ]     UR: Thread Roots                194 us, workers (us): 115,  20,  18,  38,   1,   2, ---, ---, ---, ---, ---, ---, ---, ---, ---, ---, ---, ---, ---, ---, ---, ---, ---, ---, 
[908.828s][info][gc,stats       ]   Update Region States               23 us
[908.828s][info][gc,stats       ]   Trash Collection Set               11 us
[908.828s][info][gc,stats       ]   Rebuild Free Set                   31 us
[908.828s][info][gc,stats       ] Concurrent Cleanup                  685 us
[908.828s][info][gc,stats       ] Pacing                            85485 us
[908.828s][info][gc,stats       ] 
[908.828s][info][gc,stats       ] Allocation pacing accrued:
[908.828s][info][gc,stats       ]      85 of   121 ms ( 70.5%): pl.nadoba.jvm.gc.benchmark.App.main()
[908.828s][info][gc,stats       ]      85 of   121 ms ( 70.5%): <total>
[908.828s][info][gc,stats       ]       9 of   121 ms (  7.0%): <average total>
[908.828s][info][gc,stats       ]      85 of   121 ms ( 70.5%): <average non-zero>
[908.828s][info][gc,stats       ] 
[908.828s][info][gc,metaspace   ] Metaspace: 24281K->24281K(1071104K)
[908.828s][info][gc,ergo        ] Pacer for Idle. Initial: 5242K, Alloc Tax Rate: 1.0x
[908.829s][info][gc             ] Trigger: Start next cycle immediately
[908.829s][info][gc,ergo        ] Free: 97899K, Max: 256K regular, 67584K humongous, Frag: 31% external, 3% internal; Reserve: 13312K, Max: 256K
[908.829s][info][gc,start       ] GC(6839) Concurrent reset
[908.829s][info][gc,task        ] GC(6839) Using 6 of 24 workers for concurrent reset
[908.829s][info][gc,ergo        ] GC(6839) Pacer for Reset. Non-Taxable: 256M
[908.830s][info][gc             ] GC(6839) Concurrent reset 0.628ms
[908.831s][info][gc,start       ] GC(6839) Pause Init Mark (process weakrefs)
[908.831s][info][gc,task        ] GC(6839) Using 6 of 24 workers for init marking
[908.835s][info][gc,ergo        ] GC(6839) Pacer for Mark. Expected Live: 14555K, Free: 90475K, Non-Taxable: 9047K, Alloc Tax Rate: 0.2x
[908.835s][info][gc             ] GC(6839) Pause Init Mark (process weakrefs) 3.735ms
[908.835s][info][gc,start       ] GC(6839) Concurrent marking (process weakrefs)
[908.835s][info][gc,task        ] GC(6839) Using 6 of 24 workers for concurrent marking
[908.893s][info][gc             ] GC(6839) Concurrent marking (process weakrefs) 57.702ms
[908.893s][info][gc,start       ] GC(6839) Concurrent precleaning
[908.893s][info][gc,task        ] GC(6839) Using 1 of 24 workers for concurrent preclean
[908.893s][info][gc,ergo        ] GC(6839) Pacer for Precleaning. Non-Taxable: 256M
[908.897s][info][gc             ] GC(6839) Concurrent precleaning 3.767ms
[908.897s][info][gc,start       ] GC(6839) Pause Final Mark (process weakrefs)
[908.897s][info][gc,task        ] GC(6839) Using 6 of 24 workers for final marking
[908.898s][info][gc,ergo        ] GC(6839) Collectable Garbage: 133M (100%), Immediate: 132M (99%), CSet: 1260K (0%)
[908.902s][info][gc,ergo        ] GC(6839) Pacer for Evacuation. Used CSet: 5120K, Free: 146M, Non-Taxable: 14986K, Alloc Tax Rate: 1.1x
[908.902s][info][gc             ] GC(6839) Pause Final Mark (process weakrefs) 4.794ms
[908.902s][info][gc,start       ] GC(6839) Concurrent cleanup
[908.923s][info][gc             ] GC(6839) Concurrent cleanup 225M->109M(256M) 20.913ms
[908.923s][info][gc,ergo        ] GC(6839) Free: 129M, Max: 256K regular, 60928K humongous, Frag: 54% external, 2% internal; Reserve: 12544K, Max: 256K
[908.923s][info][gc,start       ] GC(6839) Concurrent evacuation
[908.923s][info][gc,task        ] GC(6839) Using 6 of 24 workers for concurrent evacuation
[908.926s][info][gc             ] GC(6839) Concurrent evacuation 3.642ms
[908.927s][info][gc,start       ] GC(6839) Pause Init Update Refs
[908.927s][info][gc,ergo        ] GC(6839) Pacer for Update Refs. Used: 113M, Free: 129M, Non-Taxable: 13245K, Alloc Tax Rate: 1.1x
[908.927s][info][gc             ] GC(6839) Pause Init Update Refs 0.199ms
[908.927s][info][gc,start       ] GC(6839) Concurrent update references
[908.927s][info][gc,task        ] GC(6839) Using 6 of 24 workers for concurrent reference update
[908.943s][info][gc             ] GC(6839) Concurrent update references 16.312ms
[908.944s][info][gc,start       ] GC(6839) Pause Final Update Refs
[908.944s][info][gc,task        ] GC(6839) Using 6 of 24 workers for final reference update
[908.944s][info][gc             ] GC(6839) Pause Final Update Refs 0.240ms
[908.944s][info][gc,start       ] GC(6839) Concurrent cleanup
[908.945s][info][gc             ] GC(6839) Concurrent cleanup 135M->135M(256M) 0.814ms
[908.945s][info][gc             ] GC(6839) Dat log --- cycle is complete
Current gc epoch: 5541
heap: ______
capacity: 268435456
used: 142234928
committed: 268435456
bytes_allocated_since_gc_start: 138936848
hot_size: 0
cold_size: 3979161
num_regions: 1024
hot_region_count: 18446744073709405190
cold_region_count: 146444
histogram: Placeholder

[908.945s][info][gc             ] GC(6839) Obj count ac histogram
[908.945s][info][gc             ] GC(6839) 	0: 195366
[908.945s][info][gc             ] GC(6839) 	1: 15
[908.945s][info][gc             ] GC(6839) 	2: 4526
[908.945s][info][gc             ] GC(6839) 	3: 4292
[908.945s][info][gc             ] GC(6839) 	4: 898
[908.945s][info][gc             ] GC(6839) 	5: 15
[908.945s][info][gc             ] GC(6839) 	6: 0
[908.945s][info][gc             ] GC(6839) 	7: 0
[908.945s][info][gc             ] GC(6839) 	8: 0
[908.945s][info][gc             ] GC(6839) 	9: 0
[908.945s][info][gc             ] GC(6839) 	10: 0
[908.945s][info][gc             ] GC(6839) 	11: 0
[908.945s][info][gc             ] GC(6839) 	12: 0
[908.945s][info][gc             ] GC(6839) 	13: 0
[908.945s][info][gc             ] GC(6839) 	14: 0
[908.945s][info][gc             ] GC(6839) 	15: 0
[908.945s][info][gc             ] GC(6839) 	16: 0
[908.945s][info][gc             ] GC(6839) 	17: 0
[908.945s][info][gc             ] GC(6839) 	18: 0
[908.945s][info][gc             ] GC(6839) 	19: 0
[908.945s][info][gc             ] GC(6839) Obj size ac histogram
[908.945s][info][gc             ] GC(6839) 	0: 2232355
[908.945s][info][gc             ] GC(6839) 	1: 720
[908.945s][info][gc             ] GC(6839) 	2: 66051
[908.945s][info][gc             ] GC(6839) 	3: 40931
[908.945s][info][gc             ] GC(6839) 	4: 5577
[908.945s][info][gc             ] GC(6839) 	5: 150
[908.945s][info][gc             ] GC(6839) 	6: 0
[908.945s][info][gc             ] GC(6839) 	7: 0
[908.945s][info][gc             ] GC(6839) 	8: 0
[908.945s][info][gc             ] GC(6839) 	9: 0
[908.945s][info][gc             ] GC(6839) 	10: 0
[908.945s][info][gc             ] GC(6839) 	11: 0
[908.945s][info][gc             ] GC(6839) 	12: 0
[908.945s][info][gc             ] GC(6839) 	13: 0
[908.945s][info][gc             ] GC(6839) 	14: 0
[908.945s][info][gc             ] GC(6839) 	15: 0
[908.945s][info][gc             ] GC(6839) 	16: 0
[908.945s][info][gc             ] GC(6839) 	17: 0
[908.945s][info][gc             ] GC(6839) 	18: 0
[908.945s][info][gc             ] GC(6839) 	19: 0
[908.945s][info][gc,ergo        ] Free: 101M, Max: 256K regular, 60928K humongous, Frag: 42% external, 3% internal; Reserve: 13312K, Max: 256K
[908.945s][info][gc,stats       ] 
[908.945s][info][gc,stats       ] All times are wall-clock times, except per-root-class counters, that are sum over
[908.945s][info][gc,stats       ] all workers. Dividing the <total> over the root stage time estimates parallelism.
[908.945s][info][gc,stats       ] 
[908.945s][info][gc,stats       ] Concurrent Reset                    618 us
[908.945s][info][gc,stats       ] Pause Init Mark (G)                5418 us
[908.945s][info][gc,stats       ] Pause Init Mark (N)                3690 us
[908.945s][info][gc,stats       ]   Accumulate Stats                    7 us
[908.945s][info][gc,stats       ]   Make Parsable                      55 us
[908.945s][info][gc,stats       ]   Update Region States               16 us
[908.945s][info][gc,stats       ]   Scan Roots                       2698 us, parallelism: 1.86x
[908.945s][info][gc,stats       ]     S: <total>                     5030 us
[908.945s][info][gc,stats       ]     S: Thread Roots                 425 us, workers (us):  77,   1,  90,   2,   1, 254, ---, ---, ---, ---, ---, ---, ---, ---, ---, ---, ---, ---, ---, ---, ---, ---, ---, ---, 
[908.945s][info][gc,stats       ]     S: Universe Roots                32 us, workers (us):  32, ---, ---, ---, ---, ---, ---, ---, ---, ---, ---, ---, ---, ---, ---, ---, ---, ---, ---, ---, ---, ---, ---, ---, 
[908.945s][info][gc,stats       ]     S: JNI Handles Roots             21 us, workers (us):  21, ---, ---, ---, ---, ---, ---, ---, ---, ---, ---, ---, ---, ---, ---, ---, ---, ---, ---, ---, ---, ---, ---, ---, 
[908.945s][info][gc,stats       ]     S: Synchronizer Roots             0 us, workers (us): ---,   0, ---, ---, ---, ---, ---, ---, ---, ---, ---, ---, ---, ---, ---, ---, ---, ---, ---, ---, ---, ---, ---, ---, 
[908.945s][info][gc,stats       ]     S: Management Roots               1 us, workers (us):   1, ---, ---, ---, ---, ---, ---, ---, ---, ---, ---, ---, ---, ---, ---, ---, ---, ---, ---, ---, ---, ---, ---, ---, 
[908.945s][info][gc,stats       ]     S: System Dict Roots             33 us, workers (us): ---, ---,  33, ---, ---, ---, ---, ---, ---, ---, ---, ---, ---, ---, ---, ---, ---, ---, ---, ---, ---, ---, ---, ---, 
[908.945s][info][gc,stats       ]     S: CLDG Roots                  4516 us, workers (us): ---, 1794, ---, 2487, 235, ---, ---, ---, ---, ---, ---, ---, ---, ---, ---, ---, ---, ---, ---, ---, ---, ---, ---, ---, 
[908.945s][info][gc,stats       ]     S: JVMTI Roots                    1 us, workers (us): ---,   1, ---, ---, ---, ---, ---, ---, ---, ---, ---, ---, ---, ---, ---, ---, ---, ---, ---, ---, ---, ---, ---, ---, 
[908.945s][info][gc,stats       ]   Resize TLABs                        6 us
[908.945s][info][gc,stats       ] Concurrent Marking                57669 us
[908.945s][info][gc,stats       ] Concurrent Precleaning             3748 us
[908.945s][info][gc,stats       ] Pause Final Mark (G)               5113 us
[908.945s][info][gc,stats       ] Pause Final Mark (N)               4749 us
[908.945s][info][gc,stats       ]   Finish Queues                     176 us
[908.945s][info][gc,stats       ]   Weak References                    56 us
[908.945s][info][gc,stats       ]     Process                          46 us
[908.945s][info][gc,stats       ]   System Purge                      207 us
[908.945s][info][gc,stats       ]     Weak Roots                      206 us
[908.945s][info][gc,stats       ]   Update Region States               43 us
[908.945s][info][gc,stats       ]   Retire TLABs                       55 us
[908.945s][info][gc,stats       ]   Choose Collection Set             631 us
[908.945s][info][gc,stats       ]   Rebuild Free Set                   38 us
[908.945s][info][gc,stats       ]   Initial Evacuation               3518 us, parallelism: 1.47x
[908.945s][info][gc,stats       ]     E: <total>                     5163 us
[908.945s][info][gc,stats       ]     E: Thread Roots                  94 us, workers (us):   1,  51,   1,   1,  38,   1, ---, ---, ---, ---, ---, ---, ---, ---, ---, ---, ---, ---, ---, ---, ---, ---, ---, ---, 
[908.945s][info][gc,stats       ]     E: Code Cache Roots            4300 us, workers (us): 737, 355, 779, 1296, 300, 833, ---, ---, ---, ---, ---, ---, ---, ---, ---, ---, ---, ---, ---, ---, ---, ---, ---, ---, 
[908.945s][info][gc,stats       ]     E: Universe Roots                 5 us, workers (us):   5, ---, ---, ---, ---, ---, ---, ---, ---, ---, ---, ---, ---, ---, ---, ---, ---, ---, ---, ---, ---, ---, ---, ---, 
[908.945s][info][gc,stats       ]     E: JNI Handles Roots              2 us, workers (us):   2, ---, ---, ---, ---, ---, ---, ---, ---, ---, ---, ---, ---, ---, ---, ---, ---, ---, ---, ---, ---, ---, ---, ---, 
[908.945s][info][gc,stats       ]     E: Synchronizer Roots             0 us, workers (us):   0, ---, ---, ---, ---, ---, ---, ---, ---, ---, ---, ---, ---, ---, ---, ---, ---, ---, ---, ---, ---, ---, ---, ---, 
[908.945s][info][gc,stats       ]     E: Management Roots               3 us, workers (us):   3, ---, ---, ---, ---, ---, ---, ---, ---, ---, ---, ---, ---, ---, ---, ---, ---, ---, ---, ---, ---, ---, ---, ---, 
[908.945s][info][gc,stats       ]     E: System Dict Roots              8 us, workers (us):   8, ---, ---, ---, ---, ---, ---, ---, ---, ---, ---, ---, ---, ---, ---, ---, ---, ---, ---, ---, ---, ---, ---, ---, 
[908.945s][info][gc,stats       ]     E: CLDG Roots                   750 us, workers (us): ---, 307,  63, ---, 380, ---, ---, ---, ---, ---, ---, ---, ---, ---, ---, ---, ---, ---, ---, ---, ---, ---, ---, ---, 
[908.945s][info][gc,stats       ]     E: JVMTI Roots                    1 us, workers (us):   1, ---, ---, ---, ---, ---, ---, ---, ---, ---, ---, ---, ---, ---, ---, ---, ---, ---, ---, ---, ---, ---, ---, ---, 
[908.945s][info][gc,stats       ] Concurrent Cleanup                20877 us
[908.945s][info][gc,stats       ] Concurrent Evacuation              3632 us
[908.945s][info][gc,stats       ] Pause Init  Update Refs (G)         513 us
[908.945s][info][gc,stats       ] Pause Init  Update Refs (N)         157 us
[908.945s][info][gc,stats       ]   Retire GCLABs                     131 us
[908.945s][info][gc,stats       ] Concurrent Update Refs            16298 us
[908.945s][info][gc,stats       ] Pause Final Update Refs (G)         583 us
[908.945s][info][gc,stats       ] Pause Final Update Refs (N)         202 us
[908.945s][info][gc,stats       ]   Update Roots                       99 us, parallelism: 1.44x
[908.945s][info][gc,stats       ]     UR: <total>                     142 us
[908.946s][info][gc,stats       ]     UR: Thread Roots                142 us, workers (us):  59,  36,  43,   2,   2,   0, ---, ---, ---, ---, ---, ---, ---, ---, ---, ---, ---, ---, ---, ---, ---, ---, ---, ---, 
[908.946s][info][gc,stats       ]   Update Region States               29 us
[908.946s][info][gc,stats       ]   Trash Collection Set               24 us
[908.946s][info][gc,stats       ]   Rebuild Free Set                   31 us
[908.946s][info][gc,stats       ] Concurrent Cleanup                  798 us
[908.946s][info][gc,stats       ] Pacing                            75577 us
[908.946s][info][gc,stats       ] 
[908.946s][info][gc,stats       ] Allocation pacing accrued:
[908.946s][info][gc,stats       ]      76 of   118 ms ( 64.3%): pl.nadoba.jvm.gc.benchmark.App.main()
[908.946s][info][gc,stats       ]      76 of   118 ms ( 64.3%): <total>
[908.946s][info][gc,stats       ]       8 of   118 ms (  6.4%): <average total>
[908.946s][info][gc,stats       ]      76 of   118 ms ( 64.3%): <average non-zero>
[908.946s][info][gc,stats       ] 
[908.946s][info][gc,metaspace   ] Metaspace: 24281K->24281K(1071104K)
[908.946s][info][gc,ergo        ] Pacer for Idle. Initial: 5242K, Alloc Tax Rate: 1.0x
[908.947s][info][gc             ] Trigger: Start next cycle immediately
[908.947s][info][gc,ergo        ] Free: 96107K, Max: 256K regular, 60928K humongous, Frag: 37% external, 3% internal; Reserve: 13312K, Max: 256K
[908.947s][info][gc,start       ] GC(6840) Concurrent reset
[908.947s][info][gc,task        ] GC(6840) Using 6 of 24 workers for concurrent reset
[908.947s][info][gc,ergo        ] GC(6840) Pacer for Reset. Non-Taxable: 256M
[908.947s][info][gc             ] GC(6840) Concurrent reset 0.660ms
[908.948s][info][gc,start       ] GC(6840) Pause Init Mark
[908.948s][info][gc,task        ] GC(6840) Using 6 of 24 workers for init marking
[908.950s][info][gc,ergo        ] GC(6840) Pacer for Mark. Expected Live: 14145K, Free: 91755K, Non-Taxable: 9175K, Alloc Tax Rate: 0.2x
[908.950s][info][gc             ] GC(6840) Pause Init Mark 2.407ms
[908.950s][info][gc,start       ] GC(6840) Concurrent marking
[908.950s][info][gc,task        ] GC(6840) Using 6 of 24 workers for concurrent marking
[909.016s][info][gc             ] GC(6840) Concurrent marking 65.309ms
[909.016s][info][gc,start       ] GC(6840) Pause Final Mark
[909.016s][info][gc,task        ] GC(6840) Using 6 of 24 workers for final marking
[909.017s][info][gc,ergo        ] GC(6840) Collectable Garbage: 134M (100%), Immediate: 133M (99%), CSet: 1004K (0%)
[909.020s][info][gc,ergo        ] GC(6840) Pacer for Evacuation. Used CSet: 4864K, Free: 180M, Non-Taxable: 18442K, Alloc Tax Rate: 1.1x
[909.020s][info][gc             ] GC(6840) Pause Final Mark 4.332ms
[909.020s][info][gc,start       ] GC(6840) Concurrent cleanup
[909.038s][info][gc             ] GC(6840) Concurrent cleanup 194M->84M(256M) 18.220ms
[909.039s][info][gc,ergo        ] GC(6840) Free: 155M, Max: 256K regular, 112M humongous, Frag: 28% external, 1% internal; Reserve: 12544K, Max: 256K
[909.039s][info][gc,start       ] GC(6840) Concurrent evacuation
[909.039s][info][gc,task        ] GC(6840) Using 6 of 24 workers for concurrent evacuation
[909.043s][info][gc             ] GC(6840) Concurrent evacuation 4.500ms
[909.043s][info][gc,start       ] GC(6840) Pause Init Update Refs
[909.043s][info][gc,ergo        ] GC(6840) Pacer for Update Refs. Used: 90516K, Free: 155M, Non-Taxable: 15933K, Alloc Tax Rate: 1.1x
[909.044s][info][gc             ] GC(6840) Pause Init Update Refs 0.225ms
[909.044s][info][gc,start       ] GC(6840) Concurrent update references
[909.044s][info][gc,task        ] GC(6840) Using 6 of 24 workers for concurrent reference update
[909.059s][info][gc             ] GC(6840) Concurrent update references 15.321ms
[909.060s][info][gc,start       ] GC(6840) Pause Final Update Refs
[909.060s][info][gc,task        ] GC(6840) Using 6 of 24 workers for final reference update
[909.060s][info][gc             ] GC(6840) Pause Final Update Refs 0.298ms
[909.060s][info][gc,start       ] GC(6840) Concurrent cleanup
[909.061s][info][gc             ] GC(6840) Concurrent cleanup 149M->144M(256M) 0.964ms
[909.061s][info][gc             ] GC(6840) Dat log --- cycle is complete
Current gc epoch: 5542
heap: ______
capacity: 268435456
used: 151672176
committed: 268435456
bytes_allocated_since_gc_start: 148898320
hot_size: 0
cold_size: 3192729
num_regions: 1024
hot_region_count: 18446744073709405172
cold_region_count: 146462
histogram: Placeholder

[909.061s][info][gc             ] GC(6840) Obj count ac histogram
[909.061s][info][gc             ] GC(6840) 	0: 215825
[909.061s][info][gc             ] GC(6840) 	1: 15
[909.061s][info][gc             ] GC(6840) 	2: 2
[909.061s][info][gc             ] GC(6840) 	3: 0
[909.061s][info][gc             ] GC(6840) 	4: 0
[909.061s][info][gc             ] GC(6840) 	5: 0
[909.061s][info][gc             ] GC(6840) 	6: 0
[909.061s][info][gc             ] GC(6840) 	7: 0
[909.061s][info][gc             ] GC(6840) 	8: 0
[909.061s][info][gc             ] GC(6840) 	9: 0
[909.061s][info][gc             ] GC(6840) 	10: 0
[909.061s][info][gc             ] GC(6840) 	11: 0
[909.061s][info][gc             ] GC(6840) 	12: 0
[909.061s][info][gc             ] GC(6840) 	13: 0
[909.061s][info][gc             ] GC(6840) 	14: 0
[909.061s][info][gc             ] GC(6840) 	15: 0
[909.061s][info][gc             ] GC(6840) 	16: 0
[909.061s][info][gc             ] GC(6840) 	17: 0
[909.061s][info][gc             ] GC(6840) 	18: 0
[909.061s][info][gc             ] GC(6840) 	19: 0
[909.061s][info][gc             ] GC(6840) Obj size ac histogram
[909.061s][info][gc             ] GC(6840) 	0: 1415332
[909.061s][info][gc             ] GC(6840) 	1: 720
[909.061s][info][gc             ] GC(6840) 	2: 14
[909.061s][info][gc             ] GC(6840) 	3: 0
[909.061s][info][gc             ] GC(6840) 	4: 0
[909.061s][info][gc             ] GC(6840) 	5: 0
[909.061s][info][gc             ] GC(6840) 	6: 0
[909.061s][info][gc             ] GC(6840) 	7: 0
[909.061s][info][gc             ] GC(6840) 	8: 0
[909.061s][info][gc             ] GC(6840) 	9: 0
[909.061s][info][gc             ] GC(6840) 	10: 0
[909.061s][info][gc             ] GC(6840) 	11: 0
[909.061s][info][gc             ] GC(6840) 	12: 0
[909.061s][info][gc             ] GC(6840) 	13: 0
[909.062s][info][gc             ] GC(6840) 	14: 0
[909.062s][info][gc             ] GC(6840) 	15: 0
[909.062s][info][gc             ] GC(6840) 	16: 0
[909.062s][info][gc             ] GC(6840) 	17: 0
[909.062s][info][gc             ] GC(6840) 	18: 0
[909.062s][info][gc             ] GC(6840) 	19: 0
[909.062s][info][gc,ergo        ] Free: 94059K, Max: 256K regular, 86016K humongous, Frag: 9% external, 4% internal; Reserve: 13312K, Max: 256K
[909.062s][info][gc,stats       ] 
[909.062s][info][gc,stats       ] All times are wall-clock times, except per-root-class counters, that are sum over
[909.062s][info][gc,stats       ] all workers. Dividing the <total> over the root stage time estimates parallelism.
[909.062s][info][gc,stats       ] 
[909.062s][info][gc,stats       ] Concurrent Reset                    649 us
[909.062s][info][gc,stats       ] Pause Init Mark (G)                2988 us
[909.062s][info][gc,stats       ] Pause Init Mark (N)                2370 us
[909.062s][info][gc,stats       ]   Accumulate Stats                   24 us
[909.062s][info][gc,stats       ]   Make Parsable                      64 us
[909.062s][info][gc,stats       ]   Update Region States               17 us
[909.062s][info][gc,stats       ]   Scan Roots                       1359 us, parallelism: 2.08x
[909.062s][info][gc,stats       ]     S: <total>                     2829 us
[909.062s][info][gc,stats       ]     S: Thread Roots                 421 us, workers (us):   1,  92, 203,   1,   1, 122, ---, ---, ---, ---, ---, ---, ---, ---, ---, ---, ---, ---, ---, ---, ---, ---, ---, ---, 
[909.062s][info][gc,stats       ]     S: Universe Roots                30 us, workers (us):  30, ---, ---, ---, ---, ---, ---, ---, ---, ---, ---, ---, ---, ---, ---, ---, ---, ---, ---, ---, ---, ---, ---, ---, 
[909.062s][info][gc,stats       ]     S: JNI Handles Roots             27 us, workers (us): ---, ---,  27, ---, ---, ---, ---, ---, ---, ---, ---, ---, ---, ---, ---, ---, ---, ---, ---, ---, ---, ---, ---, ---, 
[909.062s][info][gc,stats       ]     S: Synchronizer Roots             0 us, workers (us): ---,   0, ---, ---, ---, ---, ---, ---, ---, ---, ---, ---, ---, ---, ---, ---, ---, ---, ---, ---, ---, ---, ---, ---, 
[909.062s][info][gc,stats       ]     S: Management Roots               3 us, workers (us): ---,   3, ---, ---, ---, ---, ---, ---, ---, ---, ---, ---, ---, ---, ---, ---, ---, ---, ---, ---, ---, ---, ---, ---, 
[909.062s][info][gc,stats       ]     S: System Dict Roots             49 us, workers (us): ---,  49, ---, ---, ---, ---, ---, ---, ---, ---, ---, ---, ---, ---, ---, ---, ---, ---, ---, ---, ---, ---, ---, ---, 
[909.062s][info][gc,stats       ]     S: CLDG Roots                  2299 us, workers (us): 1185, ---, ---, 936, 177, ---, ---, ---, ---, ---, ---, ---, ---, ---, ---, ---, ---, ---, ---, ---, ---, ---, ---, ---, 
[909.062s][info][gc,stats       ]     S: JVMTI Roots                    1 us, workers (us): ---, ---,   1, ---, ---, ---, ---, ---, ---, ---, ---, ---, ---, ---, ---, ---, ---, ---, ---, ---, ---, ---, ---, ---, 
[909.062s][info][gc,stats       ]   Resize TLABs                       12 us
[909.062s][info][gc,stats       ] Concurrent Marking                65276 us
[909.062s][info][gc,stats       ] Pause Final Mark (G)               4534 us
[909.062s][info][gc,stats       ] Pause Final Mark (N)               4287 us
[909.062s][info][gc,stats       ]   Finish Queues                     180 us
[909.062s][info][gc,stats       ]   System Purge                      175 us
[909.062s][info][gc,stats       ]     Weak Roots                      174 us
[909.062s][info][gc,stats       ]   Update Region States               43 us
[909.062s][info][gc,stats       ]   Retire TLABs                       54 us
[909.062s][info][gc,stats       ]   Choose Collection Set             666 us
[909.062s][info][gc,stats       ]   Rebuild Free Set                   42 us
[909.062s][info][gc,stats       ]   Initial Evacuation               3099 us, parallelism: 1.47x
[909.062s][info][gc,stats       ]     E: <total>                     4547 us
[909.062s][info][gc,stats       ]     E: Thread Roots                  88 us, workers (us):  31,   1,   1,   1,   1,  52, ---, ---, ---, ---, ---, ---, ---, ---, ---, ---, ---, ---, ---, ---, ---, ---, ---, ---, 
[909.062s][info][gc,stats       ]     E: Code Cache Roots            3474 us, workers (us): 545, 199, 847, 364, 947, 572, ---, ---, ---, ---, ---, ---, ---, ---, ---, ---, ---, ---, ---, ---, ---, ---, ---, ---, 
[909.062s][info][gc,stats       ]     E: Universe Roots                 5 us, workers (us):   5, ---, ---, ---, ---, ---, ---, ---, ---, ---, ---, ---, ---, ---, ---, ---, ---, ---, ---, ---, ---, ---, ---, ---, 
[909.062s][info][gc,stats       ]     E: JNI Handles Roots              3 us, workers (us): ---, ---, ---,   3, ---, ---, ---, ---, ---, ---, ---, ---, ---, ---, ---, ---, ---, ---, ---, ---, ---, ---, ---, ---, 
[909.062s][info][gc,stats       ]     E: Synchronizer Roots             0 us, workers (us): ---, ---,   0, ---, ---, ---, ---, ---, ---, ---, ---, ---, ---, ---, ---, ---, ---, ---, ---, ---, ---, ---, ---, ---, 
[909.062s][info][gc,stats       ]     E: Management Roots               3 us, workers (us): ---,   3, ---, ---, ---, ---, ---, ---, ---, ---, ---, ---, ---, ---, ---, ---, ---, ---, ---, ---, ---, ---, ---, ---, 
[909.062s][info][gc,stats       ]     E: System Dict Roots              9 us, workers (us): ---, ---,   9, ---, ---, ---, ---, ---, ---, ---, ---, ---, ---, ---, ---, ---, ---, ---, ---, ---, ---, ---, ---, ---, 
[909.062s][info][gc,stats       ]     E: CLDG Roots                   964 us, workers (us):  58, 488, ---, 418, ---, ---, ---, ---, ---, ---, ---, ---, ---, ---, ---, ---, ---, ---, ---, ---, ---, ---, ---, ---, 
[909.062s][info][gc,stats       ]     E: JVMTI Roots                    1 us, workers (us):   1, ---, ---, ---, ---, ---, ---, ---, ---, ---, ---, ---, ---, ---, ---, ---, ---, ---, ---, ---, ---, ---, ---, ---, 
[909.062s][info][gc,stats       ] Concurrent Cleanup                18184 us
[909.062s][info][gc,stats       ] Concurrent Evacuation              4488 us
[909.062s][info][gc,stats       ] Pause Init  Update Refs (G)         475 us
[909.062s][info][gc,stats       ] Pause Init  Update Refs (N)         182 us
[909.062s][info][gc,stats       ]   Retire GCLABs                     156 us
[909.062s][info][gc,stats       ] Concurrent Update Refs            15289 us
[909.062s][info][gc,stats       ] Pause Final Update Refs (G)        1284 us
[909.062s][info][gc,stats       ] Pause Final Update Refs (N)         249 us
[909.062s][info][gc,stats       ]   Update Roots                      154 us, parallelism: 1.44x
[909.062s][info][gc,stats       ]     UR: <total>                     221 us
[909.062s][info][gc,stats       ]     UR: Thread Roots                221 us, workers (us): 111,  39,  30,   8,  32,   2, ---, ---, ---, ---, ---, ---, ---, ---, ---, ---, ---, ---, ---, ---, ---, ---, ---, ---, 
[909.062s][info][gc,stats       ]   Update Region States               29 us
[909.062s][info][gc,stats       ]   Trash Collection Set               11 us
[909.062s][info][gc,stats       ]   Rebuild Free Set                   31 us
[909.062s][info][gc,stats       ] Concurrent Cleanup                  936 us
[909.062s][info][gc,stats       ] Pacing                            79477 us
[909.062s][info][gc,stats       ] 
[909.062s][info][gc,stats       ] Allocation pacing accrued:
[909.063s][info][gc,stats       ]      79 of   117 ms ( 68.0%): pl.nadoba.jvm.gc.benchmark.App.main()
[909.063s][info][gc,stats       ]      79 of   117 ms ( 68.0%): <total>
[909.063s][info][gc,stats       ]       8 of   117 ms (  6.8%): <average total>
[909.063s][info][gc,stats       ]      79 of   117 ms ( 68.0%): <average non-zero>
[909.063s][info][gc,stats       ] 
[909.063s][info][gc,metaspace   ] Metaspace: 24281K->24281K(1071104K)
[909.063s][info][gc,ergo        ] Pacer for Idle. Initial: 5242K, Alloc Tax Rate: 1.0x
[909.064s][info][gc             ] Trigger: Start next cycle immediately
[909.064s][info][gc,ergo        ] Free: 84587K, Max: 256K regular, 76544K humongous, Frag: 10% external, 4% internal; Reserve: 13312K, Max: 256K
[909.064s][info][gc,start       ] GC(6841) Concurrent reset
[909.064s][info][gc,task        ] GC(6841) Using 6 of 24 workers for concurrent reset
[909.064s][info][gc,ergo        ] GC(6841) Pacer for Reset. Non-Taxable: 256M
[909.065s][info][gc             ] GC(6841) Concurrent reset 0.864ms
[909.065s][info][gc,start       ] GC(6841) Pause Init Mark
[909.065s][info][gc,task        ] GC(6841) Using 6 of 24 workers for init marking
[909.068s][info][gc,ergo        ] GC(6841) Pacer for Mark. Expected Live: 13121K, Free: 76907K, Non-Taxable: 7690K, Alloc Tax Rate: 0.2x
[909.068s][info][gc             ] GC(6841) Pause Init Mark 2.981ms
[909.068s][info][gc,start       ] GC(6841) Concurrent marking
[909.069s][info][gc,task        ] GC(6841) Using 6 of 24 workers for concurrent marking
[909.137s][info][gc             ] GC(6841) Concurrent marking 68.501ms
[909.137s][info][gc,start       ] GC(6841) Pause Final Mark
[909.137s][info][gc,task        ] GC(6841) Using 6 of 24 workers for final marking
[909.138s][info][gc,ergo        ] GC(6841) Collectable Garbage: 149M (100%), Immediate: 148M (99%), CSet: 1004K (0%)
[909.142s][info][gc,ergo        ] GC(6841) Pacer for Evacuation. Used CSet: 4864K, Free: 207M, Non-Taxable: 21284K, Alloc Tax Rate: 1.1x
[909.142s][info][gc             ] GC(6841) Pause Final Mark 4.521ms
[909.142s][info][gc,start       ] GC(6841) Concurrent cleanup
[909.163s][info][gc             ] GC(6841) Concurrent cleanup 182M->57M(256M) 21.383ms
[909.163s][info][gc,ergo        ] GC(6841) Free: 183M, Max: 256K regular, 134M humongous, Frag: 27% external, 1% internal; Reserve: 12541K, Max: 256K
[909.163s][info][gc,start       ] GC(6841) Concurrent evacuation
[909.163s][info][gc,task        ] GC(6841) Using 6 of 24 workers for concurrent evacuation
[909.167s][info][gc             ] GC(6841) Concurrent evacuation 4.268ms
[909.168s][info][gc,start       ] GC(6841) Pause Init Update Refs
[909.168s][info][gc,ergo        ] GC(6841) Pacer for Update Refs. Used: 63124K, Free: 183M, Non-Taxable: 18749K, Alloc Tax Rate: 1.1x
[909.168s][info][gc             ] GC(6841) Pause Init Update Refs 0.259ms
[909.168s][info][gc,start       ] GC(6841) Concurrent update references
[909.168s][info][gc,task        ] GC(6841) Using 6 of 24 workers for concurrent reference update
[909.185s][info][gc             ] GC(6841) Concurrent update references 16.976ms
[909.185s][info][gc,start       ] GC(6841) Pause Final Update Refs
[909.185s][info][gc,task        ] GC(6841) Using 6 of 24 workers for final reference update
[909.186s][info][gc             ] GC(6841) Pause Final Update Refs 0.270ms
[909.186s][info][gc,start       ] GC(6841) Concurrent cleanup
[909.186s][info][gc             ] GC(6841) Concurrent cleanup 82M->83M(256M) 0.771ms
[909.186s][info][gc             ] GC(6841) Dat log --- cycle is complete
Current gc epoch: 5543
heap: ______
capacity: 268435456
used: 87970896
committed: 268435456
bytes_allocated_since_gc_start: 87032336
hot_size: 0
cold_size: 2930585
num_regions: 1024
hot_region_count: 18446744073709405154
cold_region_count: 146481
histogram: Placeholder

[909.186s][info][gc             ] GC(6841) Obj count ac histogram
[909.186s][info][gc             ] GC(6841) 	0: 224126
[909.186s][info][gc             ] GC(6841) 	1: 15
[909.186s][info][gc             ] GC(6841) 	2: 2
[909.186s][info][gc             ] GC(6841) 	3: 0
[909.186s][info][gc             ] GC(6841) 	4: 0
[909.186s][info][gc             ] GC(6841) 	5: 0
[909.186s][info][gc             ] GC(6841) 	6: 0
[909.186s][info][gc             ] GC(6841) 	7: 0
[909.186s][info][gc             ] GC(6841) 	8: 0
[909.186s][info][gc             ] GC(6841) 	9: 0
[909.186s][info][gc             ] GC(6841) 	10: 0
[909.186s][info][gc             ] GC(6841) 	11: 0
[909.187s][info][gc             ] GC(6841) 	12: 0
[909.187s][info][gc             ] GC(6841) 	13: 0
[909.187s][info][gc             ] GC(6841) 	14: 0
[909.187s][info][gc             ] GC(6841) 	15: 0
[909.187s][info][gc             ] GC(6841) 	16: 0
[909.187s][info][gc             ] GC(6841) 	17: 0
[909.187s][info][gc             ] GC(6841) 	18: 0
[909.187s][info][gc             ] GC(6841) 	19: 0
[909.187s][info][gc             ] GC(6841) Obj size ac histogram
[909.187s][info][gc             ] GC(6841) 	0: 1804324
[909.187s][info][gc             ] GC(6841) 	1: 720
[909.187s][info][gc             ] GC(6841) 	2: 14
[909.187s][info][gc             ] GC(6841) 	3: 0
[909.187s][info][gc             ] GC(6841) 	4: 0
[909.187s][info][gc             ] GC(6841) 	5: 0
[909.187s][info][gc             ] GC(6841) 	6: 0
[909.187s][info][gc             ] GC(6841) 	7: 0
[909.187s][info][gc             ] GC(6841) 	8: 0
[909.187s][info][gc             ] GC(6841) 	9: 0
[909.187s][info][gc             ] GC(6841) 	10: 0
[909.187s][info][gc             ] GC(6841) 	11: 0
[909.187s][info][gc             ] GC(6841) 	12: 0
[909.187s][info][gc             ] GC(6841) 	13: 0
[909.187s][info][gc             ] GC(6841) 	14: 0
[909.187s][info][gc             ] GC(6841) 	15: 0
[909.187s][info][gc             ] GC(6841) 	16: 0
[909.187s][info][gc             ] GC(6841) 	17: 0
[909.187s][info][gc             ] GC(6841) 	18: 0
[909.187s][info][gc             ] GC(6841) 	19: 0
[909.187s][info][gc,ergo        ] Free: 154M, Max: 256K regular, 105M humongous, Frag: 32% external, 2% internal; Reserve: 13312K, Max: 256K
[909.187s][info][gc,stats       ] 
[909.187s][info][gc,stats       ] All times are wall-clock times, except per-root-class counters, that are sum over
[909.187s][info][gc,stats       ] all workers. Dividing the <total> over the root stage time estimates parallelism.
[909.187s][info][gc,stats       ] 
[909.187s][info][gc,stats       ] Concurrent Reset                    846 us
[909.187s][info][gc,stats       ] Pause Init Mark (G)                3848 us
[909.187s][info][gc,stats       ] Pause Init Mark (N)                2935 us
[909.187s][info][gc,stats       ]   Accumulate Stats                    6 us
[909.187s][info][gc,stats       ]   Make Parsable                      55 us
[909.187s][info][gc,stats       ]   Update Region States               25 us
[909.187s][info][gc,stats       ]   Scan Roots                       1943 us, parallelism: 1.75x
[909.187s][info][gc,stats       ]     S: <total>                     3406 us
[909.187s][info][gc,stats       ]     S: Thread Roots                 405 us, workers (us):  75,  57,   2,   1,   2, 268, ---, ---, ---, ---, ---, ---, ---, ---, ---, ---, ---, ---, ---, ---, ---, ---, ---, ---, 
[909.187s][info][gc,stats       ]     S: Universe Roots                32 us, workers (us):  32, ---, ---, ---, ---, ---, ---, ---, ---, ---, ---, ---, ---, ---, ---, ---, ---, ---, ---, ---, ---, ---, ---, ---, 
[909.187s][info][gc,stats       ]     S: JNI Handles Roots             34 us, workers (us): ---,  34, ---, ---, ---, ---, ---, ---, ---, ---, ---, ---, ---, ---, ---, ---, ---, ---, ---, ---, ---, ---, ---, ---, 
[909.187s][info][gc,stats       ]     S: Synchronizer Roots             0 us, workers (us):   0, ---, ---, ---, ---, ---, ---, ---, ---, ---, ---, ---, ---, ---, ---, ---, ---, ---, ---, ---, ---, ---, ---, ---, 
[909.187s][info][gc,stats       ]     S: Management Roots               2 us, workers (us):   2, ---, ---, ---, ---, ---, ---, ---, ---, ---, ---, ---, ---, ---, ---, ---, ---, ---, ---, ---, ---, ---, ---, ---, 
[909.187s][info][gc,stats       ]     S: System Dict Roots             40 us, workers (us):  40, ---, ---, ---, ---, ---, ---, ---, ---, ---, ---, ---, ---, ---, ---, ---, ---, ---, ---, ---, ---, ---, ---, ---, 
[909.187s][info][gc,stats       ]     S: CLDG Roots                  2892 us, workers (us): ---, ---, 226, 936, 1730, ---, ---, ---, ---, ---, ---, ---, ---, ---, ---, ---, ---, ---, ---, ---, ---, ---, ---, ---, 
[909.187s][info][gc,stats       ]     S: JVMTI Roots                    1 us, workers (us): ---,   1, ---, ---, ---, ---, ---, ---, ---, ---, ---, ---, ---, ---, ---, ---, ---, ---, ---, ---, ---, ---, ---, ---, 
[909.187s][info][gc,stats       ]   Resize TLABs                        7 us
[909.187s][info][gc,stats       ] Concurrent Marking                68457 us
[909.187s][info][gc,stats       ] Pause Final Mark (G)               4731 us
[909.187s][info][gc,stats       ] Pause Final Mark (N)               4478 us
[909.187s][info][gc,stats       ]   Finish Queues                     168 us
[909.187s][info][gc,stats       ]   System Purge                      198 us
[909.187s][info][gc,stats       ]     Weak Roots                      197 us
[909.187s][info][gc,stats       ]   Update Region States               38 us
[909.187s][info][gc,stats       ]   Retire TLABs                       54 us
[909.187s][info][gc,stats       ]   Choose Collection Set             671 us
[909.187s][info][gc,stats       ]   Rebuild Free Set                   42 us
[909.187s][info][gc,stats       ]   Initial Evacuation               3279 us, parallelism: 1.60x
[909.187s][info][gc,stats       ]     E: <total>                     5240 us
[909.187s][info][gc,stats       ]     E: Thread Roots                 135 us, workers (us):   1, 106,   2,  23,   2,   1, ---, ---, ---, ---, ---, ---, ---, ---, ---, ---, ---, ---, ---, ---, ---, ---, ---, ---, 
[909.187s][info][gc,stats       ]     E: Code Cache Roots            3686 us, workers (us):   0, 346, 748, 736, 1097, 759, ---, ---, ---, ---, ---, ---, ---, ---, ---, ---, ---, ---, ---, ---, ---, ---, ---, ---, 
[909.187s][info][gc,stats       ]     E: Universe Roots                 6 us, workers (us):   6, ---, ---, ---, ---, ---, ---, ---, ---, ---, ---, ---, ---, ---, ---, ---, ---, ---, ---, ---, ---, ---, ---, ---, 
[909.187s][info][gc,stats       ]     E: JNI Handles Roots              2 us, workers (us):   2, ---, ---, ---, ---, ---, ---, ---, ---, ---, ---, ---, ---, ---, ---, ---, ---, ---, ---, ---, ---, ---, ---, ---, 
[909.187s][info][gc,stats       ]     E: Synchronizer Roots             0 us, workers (us):   0, ---, ---, ---, ---, ---, ---, ---, ---, ---, ---, ---, ---, ---, ---, ---, ---, ---, ---, ---, ---, ---, ---, ---, 
[909.187s][info][gc,stats       ]     E: Management Roots               2 us, workers (us):   2, ---, ---, ---, ---, ---, ---, ---, ---, ---, ---, ---, ---, ---, ---, ---, ---, ---, ---, ---, ---, ---, ---, ---, 
[909.187s][info][gc,stats       ]     E: System Dict Roots             10 us, workers (us):  10, ---, ---, ---, ---, ---, ---, ---, ---, ---, ---, ---, ---, ---, ---, ---, ---, ---, ---, ---, ---, ---, ---, ---, 
[909.187s][info][gc,stats       ]     E: CLDG Roots                  1398 us, workers (us): 1013, 310, ---, ---, ---,  75, ---, ---, ---, ---, ---, ---, ---, ---, ---, ---, ---, ---, ---, ---, ---, ---, ---, ---, 
[909.187s][info][gc,stats       ]     E: JVMTI Roots                    1 us, workers (us):   1, ---, ---, ---, ---, ---, ---, ---, ---, ---, ---, ---, ---, ---, ---, ---, ---, ---, ---, ---, ---, ---, ---, ---, 
[909.187s][info][gc,stats       ] Concurrent Cleanup                21322 us
[909.187s][info][gc,stats       ] Concurrent Evacuation              4257 us
[909.187s][info][gc,stats       ] Pause Init  Update Refs (G)         553 us
[909.187s][info][gc,stats       ] Pause Init  Update Refs (N)         218 us
[909.187s][info][gc,stats       ]   Retire GCLABs                     192 us
[909.187s][info][gc,stats       ] Concurrent Update Refs            16964 us
[909.187s][info][gc,stats       ] Pause Final Update Refs (G)         593 us
[909.187s][info][gc,stats       ] Pause Final Update Refs (N)         226 us
[909.187s][info][gc,stats       ]   Update Roots                      135 us, parallelism: 1.44x
[909.187s][info][gc,stats       ]     UR: <total>                     195 us
[909.187s][info][gc,stats       ]     UR: Thread Roots                195 us, workers (us):  87,  64,  42,   1,   0,   0, ---, ---, ---, ---, ---, ---, ---, ---, ---, ---, ---, ---, ---, ---, ---, ---, ---, ---, 
[909.187s][info][gc,stats       ]   Update Region States               21 us
[909.187s][info][gc,stats       ]   Trash Collection Set               11 us
[909.187s][info][gc,stats       ]   Rebuild Free Set                   36 us
[909.187s][info][gc,stats       ] Concurrent Cleanup                  752 us
[909.187s][info][gc,stats       ] Pacing                            99855 us
[909.187s][info][gc,stats       ] 
[909.187s][info][gc,stats       ] Allocation pacing accrued:
[909.187s][info][gc,stats       ]     100 of   125 ms ( 80.0%): pl.nadoba.jvm.gc.benchmark.App.main()
[909.187s][info][gc,stats       ]     100 of   125 ms ( 80.0%): <total>
[909.187s][info][gc,stats       ]      10 of   125 ms (  8.0%): <average total>
[909.187s][info][gc,stats       ]     100 of   125 ms ( 80.0%): <average non-zero>
[909.187s][info][gc,stats       ] 
[909.187s][info][gc,metaspace   ] Metaspace: 24281K->24281K(1071104K)
[909.187s][info][gc,ergo        ] Pacer for Idle. Initial: 5242K, Alloc Tax Rate: 1.0x
[909.188s][info][gc             ] Trigger: Start next cycle immediately
[909.188s][info][gc,ergo        ] Free: 149M, Max: 256K regular, 100M humongous, Frag: 33% external, 2% internal; Reserve: 13312K, Max: 256K
[909.189s][info][gc,start       ] GC(6842) Concurrent reset
[909.189s][info][gc,task        ] GC(6842) Using 6 of 24 workers for concurrent reset
[909.189s][info][gc,ergo        ] GC(6842) Pacer for Reset. Non-Taxable: 256M
[909.189s][info][gc             ] GC(6842) Concurrent reset 0.595ms
[909.189s][info][gc,start       ] GC(6842) Pause Init Mark (unload classes)
[909.189s][info][gc,task        ] GC(6842) Using 6 of 24 workers for init marking
[909.191s][info][gc,ergo        ] GC(6842) Pacer for Mark. Expected Live: 13735K, Free: 149M, Non-Taxable: 15293K, Alloc Tax Rate: 0.1x
[909.191s][info][gc             ] GC(6842) Pause Init Mark (unload classes) 1.901ms
[909.191s][info][gc,start       ] GC(6842) Concurrent marking (unload classes)
[909.191s][info][gc,task        ] GC(6842) Using 6 of 24 workers for concurrent marking
[909.258s][info][gc             ] GC(6842) Concurrent marking (unload classes) 66.785ms
[909.258s][info][gc,start       ] GC(6842) Pause Final Mark (unload classes)
[909.258s][info][gc,task        ] GC(6842) Using 6 of 24 workers for final marking
[909.311s][info][gc,stringtable ] GC(6842) Cleaned string and symbol table, strings: 8172 processed, 0 removed, symbols: 68000 processed, 0 removed
[909.312s][info][gc,ergo        ] GC(6842) Collectable Garbage: 82413K (100%), Immediate: 81152K (98%), CSet: 1260K (1%)
[909.314s][info][gc,ergo        ] GC(6842) Pacer for Evacuation. Used CSet: 5120K, Free: 199M, Non-Taxable: 20413K, Alloc Tax Rate: 1.1x
[909.314s][info][gc             ] GC(6842) Pause Final Mark (unload classes) 55.911ms
[909.314s][info][gc,start       ] GC(6842) Concurrent cleanup
[909.327s][info][gc             ] GC(6842) Concurrent cleanup 122M->66M(256M) 13.181ms
[909.327s][info][gc,ergo        ] GC(6842) Free: 174M, Max: 256K regular, 136M humongous, Frag: 22% external, 1% internal; Reserve: 12288K, Max: 256K
[909.327s][info][gc,start       ] GC(6842) Concurrent evacuation
[909.327s][info][gc,task        ] GC(6842) Using 6 of 24 workers for concurrent evacuation
[909.332s][info][gc             ] GC(6842) Concurrent evacuation 4.521ms
[909.333s][info][gc,start       ] GC(6842) Pause Init Update Refs
[909.333s][info][gc,ergo        ] GC(6842) Pacer for Update Refs. Used: 77204K, Free: 169M, Non-Taxable: 17367K, Alloc Tax Rate: 1.1x
[909.333s][info][gc             ] GC(6842) Pause Init Update Refs 0.256ms
[909.333s][info][gc,start       ] GC(6842) Concurrent update references
[909.333s][info][gc,task        ] GC(6842) Using 6 of 24 workers for concurrent reference update
[909.350s][info][gc             ] GC(6842) Concurrent update references 17.089ms
[909.351s][info][gc,start       ] GC(6842) Pause Final Update Refs
[909.351s][info][gc,task        ] GC(6842) Using 6 of 24 workers for final reference update
[909.351s][info][gc             ] GC(6842) Pause Final Update Refs 0.209ms
[909.351s][info][gc,start       ] GC(6842) Concurrent cleanup
[909.352s][info][gc             ] GC(6842) Concurrent cleanup 112M->113M(256M) 0.707ms
[909.352s][info][gc             ] GC(6842) Dat log --- cycle is complete
Current gc epoch: 5544
heap: ______
capacity: 268435456
used: 118903984
committed: 268435456
bytes_allocated_since_gc_start: 113771024
hot_size: 0
cold_size: 2609037
num_regions: 1024
hot_region_count: 18446744073709405135
cold_region_count: 146502
histogram: Placeholder

[909.352s][info][gc             ] GC(6842) Obj count ac histogram
[909.352s][info][gc             ] GC(6842) 	0: 217449
[909.352s][info][gc             ] GC(6842) 	1: 15
[909.352s][info][gc             ] GC(6842) 	2: 2
[909.352s][info][gc             ] GC(6842) 	3: 0
[909.352s][info][gc             ] GC(6842) 	4: 0
[909.352s][info][gc             ] GC(6842) 	5: 0
[909.352s][info][gc             ] GC(6842) 	6: 0
[909.352s][info][gc             ] GC(6842) 	7: 0
[909.352s][info][gc             ] GC(6842) 	8: 0
[909.352s][info][gc             ] GC(6842) 	9: 0
[909.352s][info][gc             ] GC(6842) 	10: 0
[909.352s][info][gc             ] GC(6842) 	11: 0
[909.352s][info][gc             ] GC(6842) 	12: 0
[909.352s][info][gc             ] GC(6842) 	13: 0
[909.352s][info][gc             ] GC(6842) 	14: 0
[909.352s][info][gc             ] GC(6842) 	15: 0
[909.352s][info][gc             ] GC(6842) 	16: 0
[909.352s][info][gc             ] GC(6842) 	17: 0
[909.352s][info][gc             ] GC(6842) 	18: 0
[909.352s][info][gc             ] GC(6842) 	19: 0
[909.352s][info][gc             ] GC(6842) Obj size ac histogram
[909.352s][info][gc             ] GC(6842) 	0: 1900737
[909.352s][info][gc             ] GC(6842) 	1: 720
[909.352s][info][gc             ] GC(6842) 	2: 14
[909.352s][info][gc             ] GC(6842) 	3: 0
[909.352s][info][gc             ] GC(6842) 	4: 0
[909.352s][info][gc             ] GC(6842) 	5: 0
[909.352s][info][gc             ] GC(6842) 	6: 0
[909.352s][info][gc             ] GC(6842) 	7: 0
[909.352s][info][gc             ] GC(6842) 	8: 0
[909.352s][info][gc             ] GC(6842) 	9: 0
[909.352s][info][gc             ] GC(6842) 	10: 0
[909.352s][info][gc             ] GC(6842) 	11: 0
[909.352s][info][gc             ] GC(6842) 	12: 0
[909.352s][info][gc             ] GC(6842) 	13: 0
[909.352s][info][gc             ] GC(6842) 	14: 0
[909.352s][info][gc             ] GC(6842) 	15: 0
[909.352s][info][gc             ] GC(6842) 	16: 0
[909.352s][info][gc             ] GC(6842) 	17: 0
[909.352s][info][gc             ] GC(6842) 	18: 0
[909.352s][info][gc             ] GC(6842) 	19: 0
[909.352s][info][gc,ergo        ] Free: 124M, Max: 256K regular, 117M humongous, Frag: 6% external, 3% internal; Reserve: 13312K, Max: 256K
[909.352s][info][gc,stats       ] 
[909.352s][info][gc,stats       ] All times are wall-clock times, except per-root-class counters, that are sum over
[909.352s][info][gc,stats       ] all workers. Dividing the <total> over the root stage time estimates parallelism.
[909.352s][info][gc,stats       ] 
[909.352s][info][gc,stats       ] Concurrent Reset                    579 us
[909.352s][info][gc,stats       ] Pause Init Mark (G)                2185 us
[909.352s][info][gc,stats       ] Pause Init Mark (N)                1865 us
[909.352s][info][gc,stats       ]   Accumulate Stats                    7 us
[909.352s][info][gc,stats       ]   Make Parsable                      53 us
[909.352s][info][gc,stats       ]   Update Region States               14 us
[909.352s][info][gc,stats       ]   Scan Roots                        891 us, parallelism: 1.41x
[909.352s][info][gc,stats       ]     S: <total>                     1254 us
[909.352s][info][gc,stats       ]     S: Thread Roots                 383 us, workers (us): 160,  83,  36,  57,   1,  47, ---, ---, ---, ---, ---, ---, ---, ---, ---, ---, ---, ---, ---, ---, ---, ---, ---, ---, 
[909.352s][info][gc,stats       ]     S: Universe Roots                26 us, workers (us):  26, ---, ---, ---, ---, ---, ---, ---, ---, ---, ---, ---, ---, ---, ---, ---, ---, ---, ---, ---, ---, ---, ---, ---, 
[909.352s][info][gc,stats       ]     S: JNI Handles Roots             35 us, workers (us): ---, ---, ---,  35, ---, ---, ---, ---, ---, ---, ---, ---, ---, ---, ---, ---, ---, ---, ---, ---, ---, ---, ---, ---, 
[909.352s][info][gc,stats       ]     S: Synchronizer Roots             0 us, workers (us): ---,   0, ---, ---, ---, ---, ---, ---, ---, ---, ---, ---, ---, ---, ---, ---, ---, ---, ---, ---, ---, ---, ---, ---, 
[909.352s][info][gc,stats       ]     S: Management Roots               2 us, workers (us): ---,   2, ---, ---, ---, ---, ---, ---, ---, ---, ---, ---, ---, ---, ---, ---, ---, ---, ---, ---, ---, ---, ---, ---, 
[909.352s][info][gc,stats       ]     S: System Dict Roots             39 us, workers (us): ---,  39, ---, ---, ---, ---, ---, ---, ---, ---, ---, ---, ---, ---, ---, ---, ---, ---, ---, ---, ---, ---, ---, ---, 
[909.352s][info][gc,stats       ]     S: CLDG Roots                   768 us, workers (us): ---, ---,  11, ---, 745,  11, ---, ---, ---, ---, ---, ---, ---, ---, ---, ---, ---, ---, ---, ---, ---, ---, ---, ---, 
[909.352s][info][gc,stats       ]     S: JVMTI Roots                    1 us, workers (us): ---, ---,   1, ---, ---, ---, ---, ---, ---, ---, ---, ---, ---, ---, ---, ---, ---, ---, ---, ---, ---, ---, ---, ---, 
[909.352s][info][gc,stats       ]   Resize TLABs                        4 us
[909.352s][info][gc,stats       ] Concurrent Marking                66736 us
[909.352s][info][gc,stats       ] Pause Final Mark (G)              56022 us
[909.352s][info][gc,stats       ] Pause Final Mark (N)              55868 us
[909.352s][info][gc,stats       ]   Finish Queues                     208 us
[909.352s][info][gc,stats       ]   System Purge                      163 us
[909.352s][info][gc,stats       ]     Unload Classes                   96 us
[909.352s][info][gc,stats       ]     Cleanup                       52544 us, parallelism: 1.66x
[909.352s][info][gc,stats       ]       CU: <total>                 87222 us
[909.352s][info][gc,stats       ]       CU: Code Cache Roots        69714 us, workers (us): 11793, 11546, 11738, 11620, 11525, 11492, ---, ---, ---, ---, ---, ---, ---, ---, ---, ---, ---, ---, ---, ---, ---, ---, ---, ---, 
[909.352s][info][gc,stats       ]       CU: Code Cache Cleaning      4154 us, workers (us): 652, 652, 906, 653, 636, 655, ---, ---, ---, ---, ---, ---, ---, ---, ---, ---, ---, ---, ---, ---, ---, ---, ---, ---, 
[909.352s][info][gc,stats       ]       CU: String Table Roots       3100 us, workers (us): 358, 593, 399, 515, 609, 626, ---, ---, ---, ---, ---, ---, ---, ---, ---, ---, ---, ---, ---, ---, ---, ---, ---, ---, 
[909.352s][info][gc,stats       ]       CU: Resolved Table Roots       18 us, workers (us):   0,   0,   0,   0,  18,   0, ---, ---, ---, ---, ---, ---, ---, ---, ---, ---, ---, ---, ---, ---, ---, ---, ---, ---, 
[909.352s][info][gc,stats       ]       CU: CLDG Roots              10237 us, workers (us): 1758, 1772, 1475, 1764, 1741, 1726, ---, ---, ---, ---, ---, ---, ---, ---, ---, ---, ---, ---, ---, ---, ---, ---, ---, ---, 
[909.352s][info][gc,stats       ]     Weak Roots                      161 us
[909.352s][info][gc,stats       ]     CLDG                              1 us
[909.352s][info][gc,stats       ]   Update Region States               22 us
[909.352s][info][gc,stats       ]   Retire TLABs                       43 us
[909.352s][info][gc,stats       ]   Choose Collection Set             228 us
[909.352s][info][gc,stats       ]   Rebuild Free Set                   13 us
[909.352s][info][gc,stats       ]   Initial Evacuation               2345 us, parallelism: 2.74x
[909.352s][info][gc,stats       ]     E: <total>                     6431 us
[909.352s][info][gc,stats       ]     E: Thread Roots                 208 us, workers (us):   1, 182,   2,  20,   1,   2, ---, ---, ---, ---, ---, ---, ---, ---, ---, ---, ---, ---, ---, ---, ---, ---, ---, ---, 
[909.352s][info][gc,stats       ]     E: Code Cache Roots            5453 us, workers (us): 627, 353, 1120, 904, 1343, 1106, ---, ---, ---, ---, ---, ---, ---, ---, ---, ---, ---, ---, ---, ---, ---, ---, ---, ---, 
[909.352s][info][gc,stats       ]     E: Universe Roots                 3 us, workers (us):   3, ---, ---, ---, ---, ---, ---, ---, ---, ---, ---, ---, ---, ---, ---, ---, ---, ---, ---, ---, ---, ---, ---, ---, 
[909.352s][info][gc,stats       ]     E: JNI Handles Roots              1 us, workers (us):   1, ---, ---, ---, ---, ---, ---, ---, ---, ---, ---, ---, ---, ---, ---, ---, ---, ---, ---, ---, ---, ---, ---, ---, 
[909.352s][info][gc,stats       ]     E: Synchronizer Roots             0 us, workers (us):   0, ---, ---, ---, ---, ---, ---, ---, ---, ---, ---, ---, ---, ---, ---, ---, ---, ---, ---, ---, ---, ---, ---, ---, 
[909.352s][info][gc,stats       ]     E: Management Roots               2 us, workers (us):   2, ---, ---, ---, ---, ---, ---, ---, ---, ---, ---, ---, ---, ---, ---, ---, ---, ---, ---, ---, ---, ---, ---, ---, 
[909.352s][info][gc,stats       ]     E: System Dict Roots              6 us, workers (us):   6, ---, ---, ---, ---, ---, ---, ---, ---, ---, ---, ---, ---, ---, ---, ---, ---, ---, ---, ---, ---, ---, ---, ---, 
[909.352s][info][gc,stats       ]     E: CLDG Roots                   747 us, workers (us): 305, 391, ---, ---, ---,  52, ---, ---, ---, ---, ---, ---, ---, ---, ---, ---, ---, ---, ---, ---, ---, ---, ---, ---, 
[909.352s][info][gc,stats       ]     E: JVMTI Roots                   12 us, workers (us): ---,  12, ---, ---, ---, ---, ---, ---, ---, ---, ---, ---, ---, ---, ---, ---, ---, ---, ---, ---, ---, ---, ---, ---, 
[909.352s][info][gc,stats       ] Concurrent Cleanup                13128 us
[909.352s][info][gc,stats       ] Concurrent Evacuation              4514 us
[909.352s][info][gc,stats       ] Pause Init  Update Refs (G)        1299 us
[909.352s][info][gc,stats       ] Pause Init  Update Refs (N)         239 us
[909.352s][info][gc,stats       ]   Retire GCLABs                     226 us
[909.352s][info][gc,stats       ] Concurrent Update Refs            17053 us
[909.352s][info][gc,stats       ] Pause Final Update Refs (G)         889 us
[909.352s][info][gc,stats       ] Pause Final Update Refs (N)         190 us
[909.352s][info][gc,stats       ]   Update Roots                      147 us, parallelism: 1.72x
[909.352s][info][gc,stats       ]     UR: <total>                     253 us
[909.352s][info][gc,stats       ]     UR: Thread Roots                253 us, workers (us): 115,  32,  28,  19,  38,  21, ---, ---, ---, ---, ---, ---, ---, ---, ---, ---, ---, ---, ---, ---, ---, ---, ---, ---, 
[909.352s][info][gc,stats       ]   Update Region States               16 us
[909.352s][info][gc,stats       ]   Trash Collection Set                5 us
[909.352s][info][gc,stats       ]   Rebuild Free Set                   11 us
[909.352s][info][gc,stats       ] Concurrent Cleanup                  695 us
[909.352s][info][gc,stats       ] Pacing                           137323 us
[909.352s][info][gc,stats       ] 
[909.352s][info][gc,stats       ] Allocation pacing accrued:
[909.352s][info][gc,stats       ]     137 of   165 ms ( 83.1%): pl.nadoba.jvm.gc.benchmark.App.main()
[909.352s][info][gc,stats       ]     137 of   165 ms ( 83.1%): <total>
[909.352s][info][gc,stats       ]      14 of   165 ms (  8.3%): <average total>
[909.352s][info][gc,stats       ]     137 of   165 ms ( 83.1%): <average non-zero>
[909.352s][info][gc,stats       ] 
[909.352s][info][gc,metaspace   ] Metaspace: 24281K->24281K(1071104K)
[909.352s][info][gc,ergo        ] Pacer for Idle. Initial: 5242K, Alloc Tax Rate: 1.0x
[909.354s][info][gc             ] Trigger: Start next cycle immediately
[909.354s][info][gc,ergo        ] Free: 121M, Max: 256K regular, 114M humongous, Frag: 6% external, 3% internal; Reserve: 13312K, Max: 256K
[909.354s][info][gc,start       ] GC(6843) Concurrent reset
[909.354s][info][gc,task        ] GC(6843) Using 6 of 24 workers for concurrent reset
[909.354s][info][gc,ergo        ] GC(6843) Pacer for Reset. Non-Taxable: 256M
[909.354s][info][gc             ] GC(6843) Concurrent reset 0.522ms
[909.354s][info][gc,start       ] GC(6843) Pause Init Mark (process weakrefs)
[909.354s][info][gc,task        ] GC(6843) Using 6 of 24 workers for init marking
[909.356s][info][gc,ergo        ] GC(6843) Pacer for Mark. Expected Live: 12711K, Free: 121M, Non-Taxable: 12426K, Alloc Tax Rate: 0.1x
[909.356s][info][gc             ] GC(6843) Pause Init Mark (process weakrefs) 2.133ms
[909.357s][info][gc,start       ] GC(6843) Concurrent marking (process weakrefs)
[909.357s][info][gc,task        ] GC(6843) Using 6 of 24 workers for concurrent marking
[909.424s][info][gc             ] GC(6843) Concurrent marking (process weakrefs) 67.550ms
[909.424s][info][gc,start       ] GC(6843) Concurrent precleaning
[909.424s][info][gc,task        ] GC(6843) Using 1 of 24 workers for concurrent preclean
[909.424s][info][gc,ergo        ] GC(6843) Pacer for Precleaning. Non-Taxable: 256M
[909.427s][info][gc             ] GC(6843) Concurrent precleaning 3.191ms
[909.429s][info][gc,start       ] GC(6843) Pause Final Mark (process weakrefs)
[909.429s][info][gc,task        ] GC(6843) Using 6 of 24 workers for final marking
[909.430s][info][gc,ergo        ] GC(6843) Collectable Garbage: 107M (100%), Immediate: 106M (98%), CSet: 1772K (1%)
[909.433s][info][gc,ergo        ] GC(6843) Pacer for Evacuation. Used CSet: 5632K, Free: 179M, Non-Taxable: 18417K, Alloc Tax Rate: 1.1x
[909.433s][info][gc             ] GC(6843) Pause Final Mark (process weakrefs) 3.766ms
[909.433s][info][gc,start       ] GC(6843) Concurrent cleanup
[909.450s][info][gc             ] GC(6843) Concurrent cleanup 167M->82M(256M) 16.767ms
[909.450s][info][gc,ergo        ] GC(6843) Free: 157M, Max: 256K regular, 65792K humongous, Frag: 60% external, 1% internal; Reserve: 12414K, Max: 256K
[909.450s][info][gc,start       ] GC(6843) Concurrent evacuation
[909.450s][info][gc,task        ] GC(6843) Using 6 of 24 workers for concurrent evacuation
[909.454s][info][gc             ] GC(6843) Concurrent evacuation 4.280ms
[909.454s][info][gc,start       ] GC(6843) Pause Init Update Refs
[909.454s][info][gc,ergo        ] GC(6843) Pacer for Update Refs. Used: 88724K, Free: 157M, Non-Taxable: 16138K, Alloc Tax Rate: 1.1x
[909.454s][info][gc             ] GC(6843) Pause Init Update Refs 0.270ms
[909.454s][info][gc,start       ] GC(6843) Concurrent update references
[909.455s][info][gc,task        ] GC(6843) Using 6 of 24 workers for concurrent reference update
[909.471s][info][gc             ] GC(6843) Concurrent update references 16.232ms
[909.473s][info][gc,start       ] GC(6843) Pause Final Update Refs
[909.473s][info][gc,task        ] GC(6843) Using 6 of 24 workers for final reference update
[909.473s][info][gc             ] GC(6843) Pause Final Update Refs 0.290ms
[909.473s][info][gc,start       ] GC(6843) Concurrent cleanup
[909.474s][info][gc             ] GC(6843) Concurrent cleanup 142M->137M(256M) 0.860ms
[909.474s][info][gc             ] GC(6843) Dat log --- cycle is complete
Current gc epoch: 5545
heap: ______
capacity: 268435456
used: 143807192
committed: 268435456
bytes_allocated_since_gc_start: 140247568
hot_size: 0
cold_size: 3323797
num_regions: 1024
hot_region_count: 18446744073709405114
cold_region_count: 146522
histogram: Placeholder

[909.474s][info][gc             ] GC(6843) Obj count ac histogram
[909.474s][info][gc             ] GC(6843) 	0: 216196
[909.474s][info][gc             ] GC(6843) 	1: 15
[909.474s][info][gc             ] GC(6843) 	2: 4739
[909.474s][info][gc             ] GC(6843) 	3: 4310
[909.474s][info][gc             ] GC(6843) 	4: 879
[909.474s][info][gc             ] GC(6843) 	5: 15
[909.474s][info][gc             ] GC(6843) 	6: 0
[909.474s][info][gc             ] GC(6843) 	7: 0
[909.474s][info][gc             ] GC(6843) 	8: 0
[909.474s][info][gc             ] GC(6843) 	9: 0
[909.474s][info][gc             ] GC(6843) 	10: 0
[909.474s][info][gc             ] GC(6843) 	11: 0
[909.474s][info][gc             ] GC(6843) 	12: 0
[909.474s][info][gc             ] GC(6843) 	13: 0
[909.474s][info][gc             ] GC(6843) 	14: 0
[909.474s][info][gc             ] GC(6843) 	15: 0
[909.474s][info][gc             ] GC(6843) 	16: 0
[909.474s][info][gc             ] GC(6843) 	17: 0
[909.474s][info][gc             ] GC(6843) 	18: 0
[909.474s][info][gc             ] GC(6843) 	19: 0
[909.474s][info][gc             ] GC(6843) Obj size ac histogram
[909.474s][info][gc             ] GC(6843) 	0: 2510566
[909.474s][info][gc             ] GC(6843) 	1: 720
[909.474s][info][gc             ] GC(6843) 	2: 69157
[909.474s][info][gc             ] GC(6843) 	3: 40965
[909.474s][info][gc             ] GC(6843) 	4: 5438
[909.474s][info][gc             ] GC(6843) 	5: 150
[909.474s][info][gc             ] GC(6843) 	6: 0
[909.474s][info][gc             ] GC(6843) 	7: 0
[909.474s][info][gc             ] GC(6843) 	8: 0
[909.474s][info][gc             ] GC(6843) 	9: 0
[909.474s][info][gc             ] GC(6843) 	10: 0
[909.474s][info][gc             ] GC(6843) 	11: 0
[909.474s][info][gc             ] GC(6843) 	12: 0
[909.474s][info][gc             ] GC(6843) 	13: 0
[909.474s][info][gc             ] GC(6843) 	14: 0
[909.474s][info][gc             ] GC(6843) 	15: 0
[909.474s][info][gc             ] GC(6843) 	16: 0
[909.474s][info][gc             ] GC(6843) 	17: 0
[909.474s][info][gc             ] GC(6843) 	18: 0
[909.474s][info][gc             ] GC(6843) 	19: 0
[909.474s][info][gc,ergo        ] Free: 96620K, Max: 256K regular, 66048K humongous, Frag: 32% external, 4% internal; Reserve: 13312K, Max: 256K
[909.474s][info][gc,stats       ] 
[909.474s][info][gc,stats       ] All times are wall-clock times, except per-root-class counters, that are sum over
[909.474s][info][gc,stats       ] all workers. Dividing the <total> over the root stage time estimates parallelism.
[909.474s][info][gc,stats       ] 
[909.474s][info][gc,stats       ] Concurrent Reset                    513 us
[909.474s][info][gc,stats       ] Pause Init Mark (G)                2388 us
[909.474s][info][gc,stats       ] Pause Init Mark (N)                2114 us
[909.474s][info][gc,stats       ]   Accumulate Stats                    4 us
[909.474s][info][gc,stats       ]   Make Parsable                      38 us
[909.474s][info][gc,stats       ]   Update Region States                7 us
[909.474s][info][gc,stats       ]   Scan Roots                       1625 us, parallelism: 2.08x
[909.474s][info][gc,stats       ]     S: <total>                     3379 us
[909.474s][info][gc,stats       ]     S: Thread Roots                 412 us, workers (us):  74,   2, 251,  82,   1,   2, ---, ---, ---, ---, ---, ---, ---, ---, ---, ---, ---, ---, ---, ---, ---, ---, ---, ---, 
[909.474s][info][gc,stats       ]     S: Universe Roots                15 us, workers (us):  15, ---, ---, ---, ---, ---, ---, ---, ---, ---, ---, ---, ---, ---, ---, ---, ---, ---, ---, ---, ---, ---, ---, ---, 
[909.474s][info][gc,stats       ]     S: JNI Handles Roots             10 us, workers (us):  10, ---, ---, ---, ---, ---, ---, ---, ---, ---, ---, ---, ---, ---, ---, ---, ---, ---, ---, ---, ---, ---, ---, ---, 
[909.474s][info][gc,stats       ]     S: Synchronizer Roots             1 us, workers (us): ---,   1, ---, ---, ---, ---, ---, ---, ---, ---, ---, ---, ---, ---, ---, ---, ---, ---, ---, ---, ---, ---, ---, ---, 
[909.474s][info][gc,stats       ]     S: Management Roots               3 us, workers (us): ---, ---,   3, ---, ---, ---, ---, ---, ---, ---, ---, ---, ---, ---, ---, ---, ---, ---, ---, ---, ---, ---, ---, ---, 
[909.474s][info][gc,stats       ]     S: System Dict Roots             55 us, workers (us): ---, ---, ---,  55, ---, ---, ---, ---, ---, ---, ---, ---, ---, ---, ---, ---, ---, ---, ---, ---, ---, ---, ---, ---, 
[909.474s][info][gc,stats       ]     S: CLDG Roots                  2882 us, workers (us): ---, 239, ---, ---, 1201, 1443, ---, ---, ---, ---, ---, ---, ---, ---, ---, ---, ---, ---, ---, ---, ---, ---, ---, ---, 
[909.474s][info][gc,stats       ]     S: JVMTI Roots                    1 us, workers (us): ---, ---, ---, ---,   1, ---, ---, ---, ---, ---, ---, ---, ---, ---, ---, ---, ---, ---, ---, ---, ---, ---, ---, ---, 
[909.474s][info][gc,stats       ]   Resize TLABs                        6 us
[909.474s][info][gc,stats       ] Concurrent Marking                67519 us
[909.474s][info][gc,stats       ] Concurrent Precleaning             3172 us
[909.474s][info][gc,stats       ] Pause Final Mark (G)               5505 us
[909.474s][info][gc,stats       ] Pause Final Mark (N)               3740 us
[909.474s][info][gc,stats       ]   Finish Queues                     174 us
[909.474s][info][gc,stats       ]   Weak References                    25 us
[909.474s][info][gc,stats       ]     Process                          19 us
[909.474s][info][gc,stats       ]   System Purge                      204 us
[909.475s][info][gc,stats       ]     Weak Roots                      203 us
[909.475s][info][gc,stats       ]   Update Region States               25 us
[909.475s][info][gc,stats       ]   Retire TLABs                       45 us
[909.475s][info][gc,stats       ]   Choose Collection Set             325 us
[909.475s][info][gc,stats       ]   Rebuild Free Set                   22 us
[909.475s][info][gc,stats       ]   Initial Evacuation               2905 us, parallelism: 1.91x
[909.475s][info][gc,stats       ]     E: <total>                     5552 us
[909.475s][info][gc,stats       ]     E: Thread Roots                 146 us, workers (us):  29,   1,   1,  77,  36,   1, ---, ---, ---, ---, ---, ---, ---, ---, ---, ---, ---, ---, ---, ---, ---, ---, ---, ---, 
[909.475s][info][gc,stats       ]     E: Code Cache Roots            4177 us, workers (us): 766, 457, 1039, 668, 305, 941, ---, ---, ---, ---, ---, ---, ---, ---, ---, ---, ---, ---, ---, ---, ---, ---, ---, ---, 
[909.475s][info][gc,stats       ]     E: Universe Roots                 2 us, workers (us):   2, ---, ---, ---, ---, ---, ---, ---, ---, ---, ---, ---, ---, ---, ---, ---, ---, ---, ---, ---, ---, ---, ---, ---, 
[909.475s][info][gc,stats       ]     E: JNI Handles Roots              1 us, workers (us):   1, ---, ---, ---, ---, ---, ---, ---, ---, ---, ---, ---, ---, ---, ---, ---, ---, ---, ---, ---, ---, ---, ---, ---, 
[909.475s][info][gc,stats       ]     E: Synchronizer Roots             0 us, workers (us):   0, ---, ---, ---, ---, ---, ---, ---, ---, ---, ---, ---, ---, ---, ---, ---, ---, ---, ---, ---, ---, ---, ---, ---, 
[909.475s][info][gc,stats       ]     E: Management Roots               2 us, workers (us):   2, ---, ---, ---, ---, ---, ---, ---, ---, ---, ---, ---, ---, ---, ---, ---, ---, ---, ---, ---, ---, ---, ---, ---, 
[909.475s][info][gc,stats       ]     E: System Dict Roots             11 us, workers (us): ---,  11, ---, ---, ---, ---, ---, ---, ---, ---, ---, ---, ---, ---, ---, ---, ---, ---, ---, ---, ---, ---, ---, ---, 
[909.475s][info][gc,stats       ]     E: CLDG Roots                  1212 us, workers (us): ---, 709, ---,  59, 445, ---, ---, ---, ---, ---, ---, ---, ---, ---, ---, ---, ---, ---, ---, ---, ---, ---, ---, ---, 
[909.475s][info][gc,stats       ]     E: JVMTI Roots                    0 us, workers (us):   0, ---, ---, ---, ---, ---, ---, ---, ---, ---, ---, ---, ---, ---, ---, ---, ---, ---, ---, ---, ---, ---, ---, ---, 
[909.475s][info][gc,stats       ] Concurrent Cleanup                16725 us
[909.475s][info][gc,stats       ] Concurrent Evacuation              4269 us
[909.475s][info][gc,stats       ] Pause Init  Update Refs (G)         515 us
[909.475s][info][gc,stats       ] Pause Init  Update Refs (N)         227 us
[909.475s][info][gc,stats       ]   Retire GCLABs                     206 us
[909.475s][info][gc,stats       ] Concurrent Update Refs            16214 us
[909.475s][info][gc,stats       ] Pause Final Update Refs (G)        2364 us
[909.475s][info][gc,stats       ] Pause Final Update Refs (N)         224 us
[909.475s][info][gc,stats       ]   Update Roots                      142 us, parallelism: 1.25x
[909.475s][info][gc,stats       ]     UR: <total>                     177 us
[909.475s][info][gc,stats       ]     UR: Thread Roots                177 us, workers (us):  63,  25,  21,  35,  25,   8, ---, ---, ---, ---, ---, ---, ---, ---, ---, ---, ---, ---, ---, ---, ---, ---, ---, ---, 
[909.475s][info][gc,stats       ]   Update Region States               26 us
[909.475s][info][gc,stats       ]   Trash Collection Set               10 us
[909.475s][info][gc,stats       ]   Rebuild Free Set                   26 us
[909.475s][info][gc,stats       ] Concurrent Cleanup                  829 us
[909.475s][info][gc,stats       ] Pacing                            86183 us
[909.475s][info][gc,stats       ] 
[909.475s][info][gc,stats       ] Allocation pacing accrued:
[909.475s][info][gc,stats       ]      86 of   122 ms ( 70.5%): pl.nadoba.jvm.gc.benchmark.App.main()
[909.475s][info][gc,stats       ]      86 of   122 ms ( 70.5%): <total>
[909.475s][info][gc,stats       ]       9 of   122 ms (  7.0%): <average total>
[909.475s][info][gc,stats       ]      86 of   122 ms ( 70.5%): <average non-zero>
[909.475s][info][gc,stats       ] 
[909.475s][info][gc,metaspace   ] Metaspace: 24281K->24281K(1071104K)
[909.475s][info][gc,ergo        ] Pacer for Idle. Initial: 5242K, Alloc Tax Rate: 1.0x
[909.476s][info][gc             ] Trigger: Start next cycle immediately
[909.476s][info][gc,ergo        ] Free: 92012K, Max: 256K regular, 66048K humongous, Frag: 28% external, 4% internal; Reserve: 13312K, Max: 256K
[909.476s][info][gc,start       ] GC(6844) Concurrent reset
[909.476s][info][gc,task        ] GC(6844) Using 6 of 24 workers for concurrent reset
[909.476s][info][gc,ergo        ] GC(6844) Pacer for Reset. Non-Taxable: 256M
[909.476s][info][gc             ] GC(6844) Concurrent reset 0.590ms
[909.477s][info][gc,start       ] GC(6844) Pause Init Mark (process weakrefs)
[909.477s][info][gc,task        ] GC(6844) Using 6 of 24 workers for init marking
[909.481s][info][gc,ergo        ] GC(6844) Pacer for Mark. Expected Live: 11483K, Free: 87404K, Non-Taxable: 8740K, Alloc Tax Rate: 0.2x
[909.481s][info][gc             ] GC(6844) Pause Init Mark (process weakrefs) 4.064ms
[909.481s][info][gc,start       ] GC(6844) Concurrent marking (process weakrefs)
[909.481s][info][gc,task        ] GC(6844) Using 6 of 24 workers for concurrent marking
[909.540s][info][gc             ] GC(6844) Concurrent marking (process weakrefs) 58.523ms
[909.540s][info][gc,start       ] GC(6844) Concurrent precleaning
[909.540s][info][gc,task        ] GC(6844) Using 1 of 24 workers for concurrent preclean
[909.540s][info][gc,ergo        ] GC(6844) Pacer for Precleaning. Non-Taxable: 256M
[909.542s][info][gc             ] GC(6844) Concurrent precleaning 2.132ms
[909.542s][info][gc,start       ] GC(6844) Pause Final Mark (process weakrefs)
[909.542s][info][gc,task        ] GC(6844) Using 6 of 24 workers for final marking
[909.543s][info][gc,ergo        ] GC(6844) Collectable Garbage: 139M (100%), Immediate: 138M (98%), CSet: 1772K (1%)
[909.547s][info][gc,ergo        ] GC(6844) Pacer for Evacuation. Used CSet: 5631K, Free: 188M, Non-Taxable: 19313K, Alloc Tax Rate: 1.1x
[909.547s][info][gc             ] GC(6844) Pause Final Mark (process weakrefs) 4.847ms
[909.547s][info][gc,start       ] GC(6844) Concurrent cleanup
[909.568s][info][gc             ] GC(6844) Concurrent cleanup 191M->82M(256M) 20.826ms
[909.568s][info][gc,ergo        ] GC(6844) Free: 158M, Max: 256K regular, 66304K humongous, Frag: 59% external, 1% internal; Reserve: 12670K, Max: 256K
[909.568s][info][gc,start       ] GC(6844) Concurrent evacuation
[909.568s][info][gc,task        ] GC(6844) Using 6 of 24 workers for concurrent evacuation
[909.572s][info][gc             ] GC(6844) Concurrent evacuation 3.637ms
[909.572s][info][gc,start       ] GC(6844) Pause Init Update Refs
[909.572s][info][gc,ergo        ] GC(6844) Pacer for Update Refs. Used: 88468K, Free: 158M, Non-Taxable: 16189K, Alloc Tax Rate: 1.1x
[909.572s][info][gc             ] GC(6844) Pause Init Update Refs 0.289ms
[909.572s][info][gc,start       ] GC(6844) Concurrent update references
[909.572s][info][gc,task        ] GC(6844) Using 6 of 24 workers for concurrent reference update
[909.589s][info][gc             ] GC(6844) Concurrent update references 16.829ms
[909.590s][info][gc,start       ] GC(6844) Pause Final Update Refs
[909.590s][info][gc,task        ] GC(6844) Using 6 of 24 workers for final reference update
[909.591s][info][gc             ] GC(6844) Pause Final Update Refs 0.302ms
[909.591s][info][gc,start       ] GC(6844) Concurrent cleanup
[909.592s][info][gc             ] GC(6844) Concurrent cleanup 149M->143M(256M) 0.788ms
[909.592s][info][gc             ] GC(6844) Dat log --- cycle is complete
Current gc epoch: 5546
heap: ______
capacity: 268435456
used: 150885712
committed: 268435456
bytes_allocated_since_gc_start: 149946896
hot_size: 0
cold_size: 2668446
num_regions: 1024
hot_region_count: 18446744073709405094
cold_region_count: 146541
histogram: Placeholder

[909.592s][info][gc             ] GC(6844) Obj count ac histogram
[909.592s][info][gc             ] GC(6844) 	0: 197787
[909.592s][info][gc             ] GC(6844) 	1: 15
[909.592s][info][gc             ] GC(6844) 	2: 3947
[909.592s][info][gc             ] GC(6844) 	3: 4290
[909.592s][info][gc             ] GC(6844) 	4: 889
[909.592s][info][gc             ] GC(6844) 	5: 15
[909.592s][info][gc             ] GC(6844) 	6: 0
[909.592s][info][gc             ] GC(6844) 	7: 0
[909.592s][info][gc             ] GC(6844) 	8: 0
[909.592s][info][gc             ] GC(6844) 	9: 0
[909.592s][info][gc             ] GC(6844) 	10: 0
[909.592s][info][gc             ] GC(6844) 	11: 0
[909.592s][info][gc             ] GC(6844) 	12: 0
[909.592s][info][gc             ] GC(6844) 	13: 0
[909.592s][info][gc             ] GC(6844) 	14: 0
[909.592s][info][gc             ] GC(6844) 	15: 0
[909.592s][info][gc             ] GC(6844) 	16: 0
[909.592s][info][gc             ] GC(6844) 	17: 0
[909.592s][info][gc             ] GC(6844) 	18: 0
[909.592s][info][gc             ] GC(6844) 	19: 0
[909.592s][info][gc             ] GC(6844) Obj size ac histogram
[909.592s][info][gc             ] GC(6844) 	0: 1550833
[909.592s][info][gc             ] GC(6844) 	1: 720
[909.592s][info][gc             ] GC(6844) 	2: 54271
[909.592s][info][gc             ] GC(6844) 	3: 40580
[909.592s][info][gc             ] GC(6844) 	4: 5508
[909.592s][info][gc             ] GC(6844) 	5: 150
[909.592s][info][gc             ] GC(6844) 	6: 0
[909.592s][info][gc             ] GC(6844) 	7: 0
[909.592s][info][gc             ] GC(6844) 	8: 0
[909.592s][info][gc             ] GC(6844) 	9: 0
[909.592s][info][gc             ] GC(6844) 	10: 0
[909.592s][info][gc             ] GC(6844) 	11: 0
[909.592s][info][gc             ] GC(6844) 	12: 0
[909.592s][info][gc             ] GC(6844) 	13: 0
[909.592s][info][gc             ] GC(6844) 	14: 0
[909.592s][info][gc             ] GC(6844) 	15: 0
[909.592s][info][gc             ] GC(6844) 	16: 0
[909.592s][info][gc             ] GC(6844) 	17: 0
[909.592s][info][gc             ] GC(6844) 	18: 0
[909.592s][info][gc             ] GC(6844) 	19: 0
[909.592s][info][gc,ergo        ] Free: 95083K, Max: 256K regular, 44800K humongous, Frag: 53% external, 4% internal; Reserve: 13312K, Max: 256K
[909.592s][info][gc,stats       ] 
[909.592s][info][gc,stats       ] All times are wall-clock times, except per-root-class counters, that are sum over
[909.592s][info][gc,stats       ] all workers. Dividing the <total> over the root stage time estimates parallelism.
[909.592s][info][gc,stats       ] 
[909.592s][info][gc,stats       ] Concurrent Reset                    580 us
[909.592s][info][gc,stats       ] Pause Init Mark (G)                4638 us
[909.592s][info][gc,stats       ] Pause Init Mark (N)                4018 us
[909.592s][info][gc,stats       ]   Accumulate Stats                    8 us
[909.592s][info][gc,stats       ]   Make Parsable                      54 us
[909.592s][info][gc,stats       ]   Update Region States               21 us
[909.592s][info][gc,stats       ]   Scan Roots                       3033 us, parallelism: 1.74x
[909.592s][info][gc,stats       ]     S: <total>                     5265 us
[909.592s][info][gc,stats       ]     S: Thread Roots                 462 us, workers (us):  60, 115,   2,   2,   2, 281, ---, ---, ---, ---, ---, ---, ---, ---, ---, ---, ---, ---, ---, ---, ---, ---, ---, ---, 
[909.592s][info][gc,stats       ]     S: Universe Roots                27 us, workers (us):  27, ---, ---, ---, ---, ---, ---, ---, ---, ---, ---, ---, ---, ---, ---, ---, ---, ---, ---, ---, ---, ---, ---, ---, 
[909.592s][info][gc,stats       ]     S: JNI Handles Roots             30 us, workers (us):  30, ---, ---, ---, ---, ---, ---, ---, ---, ---, ---, ---, ---, ---, ---, ---, ---, ---, ---, ---, ---, ---, ---, ---, 
[909.592s][info][gc,stats       ]     S: Synchronizer Roots             1 us, workers (us): ---,   1, ---, ---, ---, ---, ---, ---, ---, ---, ---, ---, ---, ---, ---, ---, ---, ---, ---, ---, ---, ---, ---, ---, 
[909.592s][info][gc,stats       ]     S: Management Roots               2 us, workers (us): ---,   2, ---, ---, ---, ---, ---, ---, ---, ---, ---, ---, ---, ---, ---, ---, ---, ---, ---, ---, ---, ---, ---, ---, 
[909.592s][info][gc,stats       ]     S: System Dict Roots             57 us, workers (us): ---,  57, ---, ---, ---, ---, ---, ---, ---, ---, ---, ---, ---, ---, ---, ---, ---, ---, ---, ---, ---, ---, ---, ---, 
[909.592s][info][gc,stats       ]     S: CLDG Roots                  4686 us, workers (us): ---, ---, 1637, 2823, 226, ---, ---, ---, ---, ---, ---, ---, ---, ---, ---, ---, ---, ---, ---, ---, ---, ---, ---, ---, 
[909.592s][info][gc,stats       ]     S: JVMTI Roots                    1 us, workers (us):   1, ---, ---, ---, ---, ---, ---, ---, ---, ---, ---, ---, ---, ---, ---, ---, ---, ---, ---, ---, ---, ---, ---, ---, 
[909.592s][info][gc,stats       ]   Resize TLABs                        7 us
[909.592s][info][gc,stats       ] Concurrent Marking                58492 us
[909.592s][info][gc,stats       ] Concurrent Precleaning             2116 us
[909.592s][info][gc,stats       ] Pause Final Mark (G)               5138 us
[909.592s][info][gc,stats       ] Pause Final Mark (N)               4799 us
[909.592s][info][gc,stats       ]   Finish Queues                     206 us
[909.592s][info][gc,stats       ]   Weak References                    45 us
[909.592s][info][gc,stats       ]     Process                          34 us
[909.592s][info][gc,stats       ]   System Purge                      230 us
[909.592s][info][gc,stats       ]     Weak Roots                      228 us
[909.592s][info][gc,stats       ]   Update Region States               39 us
[909.592s][info][gc,stats       ]   Retire TLABs                       55 us
[909.592s][info][gc,stats       ]   Choose Collection Set             654 us
[909.592s][info][gc,stats       ]   Rebuild Free Set                   43 us
[909.592s][info][gc,stats       ]   Initial Evacuation               3501 us, parallelism: 1.49x
[909.592s][info][gc,stats       ]     E: <total>                     5229 us
[909.592s][info][gc,stats       ]     E: Thread Roots                 155 us, workers (us):  24,   1, 100,   1,  27,   1, ---, ---, ---, ---, ---, ---, ---, ---, ---, ---, ---, ---, ---, ---, ---, ---, ---, ---, 
[909.592s][info][gc,stats       ]     E: Code Cache Roots            4298 us, workers (us): 643, 537, 685, 1284, 302, 847, ---, ---, ---, ---, ---, ---, ---, ---, ---, ---, ---, ---, ---, ---, ---, ---, ---, ---, 
[909.592s][info][gc,stats       ]     E: Universe Roots                 6 us, workers (us):   6, ---, ---, ---, ---, ---, ---, ---, ---, ---, ---, ---, ---, ---, ---, ---, ---, ---, ---, ---, ---, ---, ---, ---, 
[909.592s][info][gc,stats       ]     E: JNI Handles Roots              2 us, workers (us):   2, ---, ---, ---, ---, ---, ---, ---, ---, ---, ---, ---, ---, ---, ---, ---, ---, ---, ---, ---, ---, ---, ---, ---, 
[909.592s][info][gc,stats       ]     E: Synchronizer Roots             0 us, workers (us):   0, ---, ---, ---, ---, ---, ---, ---, ---, ---, ---, ---, ---, ---, ---, ---, ---, ---, ---, ---, ---, ---, ---, ---, 
[909.592s][info][gc,stats       ]     E: Management Roots               2 us, workers (us):   2, ---, ---, ---, ---, ---, ---, ---, ---, ---, ---, ---, ---, ---, ---, ---, ---, ---, ---, ---, ---, ---, ---, ---, 
[909.592s][info][gc,stats       ]     E: System Dict Roots             10 us, workers (us):  10, ---, ---, ---, ---, ---, ---, ---, ---, ---, ---, ---, ---, ---, ---, ---, ---, ---, ---, ---, ---, ---, ---, ---, 
[909.592s][info][gc,stats       ]     E: CLDG Roots                   755 us, workers (us):  60, 284, ---, ---, 411, ---, ---, ---, ---, ---, ---, ---, ---, ---, ---, ---, ---, ---, ---, ---, ---, ---, ---, ---, 
[909.592s][info][gc,stats       ]     E: JVMTI Roots                    1 us, workers (us):   1, ---, ---, ---, ---, ---, ---, ---, ---, ---, ---, ---, ---, ---, ---, ---, ---, ---, ---, ---, ---, ---, ---, ---, 
[909.592s][info][gc,stats       ] Concurrent Cleanup                20788 us
[909.592s][info][gc,stats       ] Concurrent Evacuation              3626 us
[909.592s][info][gc,stats       ] Pause Init  Update Refs (G)         548 us
[909.592s][info][gc,stats       ] Pause Init  Update Refs (N)         247 us
[909.592s][info][gc,stats       ]   Retire GCLABs                     220 us
[909.592s][info][gc,stats       ] Concurrent Update Refs            16814 us
[909.592s][info][gc,stats       ] Pause Final Update Refs (G)        1894 us
[909.592s][info][gc,stats       ] Pause Final Update Refs (N)         255 us
[909.592s][info][gc,stats       ]   Update Roots                      163 us, parallelism: 1.44x
[909.592s][info][gc,stats       ]     UR: <total>                     234 us
[909.592s][info][gc,stats       ]     UR: Thread Roots                234 us, workers (us):  84,  35,  34,  29,   9,  42, ---, ---, ---, ---, ---, ---, ---, ---, ---, ---, ---, ---, ---, ---, ---, ---, ---, ---, 
[909.592s][info][gc,stats       ]   Update Region States               25 us
[909.592s][info][gc,stats       ]   Trash Collection Set               12 us
[909.592s][info][gc,stats       ]   Rebuild Free Set                   32 us
[909.592s][info][gc,stats       ] Concurrent Cleanup                  764 us
[909.592s][info][gc,stats       ] Pacing                            78002 us
[909.592s][info][gc,stats       ] 
[909.592s][info][gc,stats       ] Allocation pacing accrued:
[909.592s][info][gc,stats       ]      78 of   117 ms ( 66.5%): pl.nadoba.jvm.gc.benchmark.App.main()
[909.592s][info][gc,stats       ]      78 of   117 ms ( 66.5%): <total>
[909.592s][info][gc,stats       ]       8 of   117 ms (  6.6%): <average total>
[909.592s][info][gc,stats       ]      78 of   117 ms ( 66.5%): <average non-zero>
[909.592s][info][gc,stats       ] 
[909.592s][info][gc,metaspace   ] Metaspace: 24281K->24281K(1071104K)
[909.592s][info][gc,ergo        ] Pacer for Idle. Initial: 5242K, Alloc Tax Rate: 1.0x
[909.593s][info][gc             ] Trigger: Start next cycle immediately
[909.593s][info][gc,ergo        ] Free: 95083K, Max: 256K regular, 44800K humongous, Frag: 53% external, 4% internal; Reserve: 13312K, Max: 256K
[909.593s][info][gc,start       ] GC(6845) Concurrent reset
[909.593s][info][gc,task        ] GC(6845) Using 6 of 24 workers for concurrent reset
[909.593s][info][gc,ergo        ] GC(6845) Pacer for Reset. Non-Taxable: 256M
[909.594s][info][gc             ] GC(6845) Concurrent reset 0.647ms
[909.594s][info][gc,start       ] GC(6845) Pause Init Mark (unload classes)
[909.594s][info][gc,task        ] GC(6845) Using 6 of 24 workers for init marking
[909.597s][info][gc,ergo        ] GC(6845) Pacer for Mark. Expected Live: 10459K, Free: 95083K, Non-Taxable: 9508K, Alloc Tax Rate: 0.1x
[909.597s][info][gc             ] GC(6845) Pause Init Mark (unload classes) 2.755ms
[909.597s][info][gc,start       ] GC(6845) Concurrent marking (unload classes)
[909.597s][info][gc,task        ] GC(6845) Using 6 of 24 workers for concurrent marking
[909.639s][info][gc             ] GC(6845) Concurrent marking (unload classes) 41.610ms
[909.640s][info][gc,start       ] GC(6845) Pause Final Mark (unload classes)
[909.640s][info][gc,task        ] GC(6845) Using 6 of 24 workers for final marking
[909.695s][info][gc,stringtable ] GC(6845) Cleaned string and symbol table, strings: 8172 processed, 0 removed, symbols: 68000 processed, 0 removed
[909.696s][info][gc,ergo        ] GC(6845) Collectable Garbage: 135M (100%), Immediate: 134M (99%), CSet: 1260K (0%)
[909.698s][info][gc,ergo        ] GC(6845) Pacer for Evacuation. Used CSet: 5120K, Free: 197M, Non-Taxable: 20234K, Alloc Tax Rate: 1.1x
[909.698s][info][gc             ] GC(6845) Pause Final Mark (unload classes) 58.230ms
[909.698s][info][gc,start       ] GC(6845) Concurrent cleanup
[909.719s][info][gc             ] GC(6845) Concurrent cleanup 178M->68M(256M) 21.074ms
[909.719s][info][gc,ergo        ] GC(6845) Free: 172M, Max: 256K regular, 81152K humongous, Frag: 54% external, 1% internal; Reserve: 12670K, Max: 256K
[909.719s][info][gc,start       ] GC(6845) Concurrent evacuation
[909.719s][info][gc,task        ] GC(6845) Using 6 of 24 workers for concurrent evacuation
[909.723s][info][gc             ] GC(6845) Concurrent evacuation 3.688ms
[909.723s][info][gc,start       ] GC(6845) Pause Init Update Refs
[909.723s][info][gc,ergo        ] GC(6845) Pacer for Update Refs. Used: 74900K, Free: 172M, Non-Taxable: 17623K, Alloc Tax Rate: 1.1x
[909.723s][info][gc             ] GC(6845) Pause Init Update Refs 0.195ms
[909.723s][info][gc,start       ] GC(6845) Concurrent update references
[909.723s][info][gc,task        ] GC(6845) Using 6 of 24 workers for concurrent reference update
[909.741s][info][gc             ] GC(6845) Concurrent update references 17.741ms
[909.742s][info][gc,start       ] GC(6845) Pause Final Update Refs
[909.742s][info][gc,task        ] GC(6845) Using 6 of 24 workers for final reference update
[909.742s][info][gc             ] GC(6845) Pause Final Update Refs 0.231ms
[909.742s][info][gc,start       ] GC(6845) Concurrent cleanup
[909.743s][info][gc             ] GC(6845) Concurrent cleanup 105M->109M(256M) 0.715ms
[909.743s][info][gc             ] GC(6845) Dat log --- cycle is complete
Current gc epoch: 5547
heap: ______
capacity: 268435456
used: 114447440
committed: 268435456
bytes_allocated_since_gc_start: 108790288
hot_size: 0
cold_size: 3133330
num_regions: 1024
hot_region_count: 18446744073709405075
cold_region_count: 146561
histogram: Placeholder

[909.743s][info][gc             ] GC(6845) Obj count ac histogram
[909.743s][info][gc             ] GC(6845) 	0: 173215
[909.743s][info][gc             ] GC(6845) 	1: 15
[909.743s][info][gc             ] GC(6845) 	2: 2
[909.743s][info][gc             ] GC(6845) 	3: 0
[909.743s][info][gc             ] GC(6845) 	4: 0
[909.743s][info][gc             ] GC(6845) 	5: 0
[909.743s][info][gc             ] GC(6845) 	6: 0
[909.743s][info][gc             ] GC(6845) 	7: 0
[909.743s][info][gc             ] GC(6845) 	8: 0
[909.743s][info][gc             ] GC(6845) 	9: 0
[909.743s][info][gc             ] GC(6845) 	10: 0
[909.743s][info][gc             ] GC(6845) 	11: 0
[909.743s][info][gc             ] GC(6845) 	12: 0
[909.743s][info][gc             ] GC(6845) 	13: 0
[909.743s][info][gc             ] GC(6845) 	14: 0
[909.743s][info][gc             ] GC(6845) 	15: 0
[909.743s][info][gc             ] GC(6845) 	16: 0
[909.743s][info][gc             ] GC(6845) 	17: 0
[909.743s][info][gc             ] GC(6845) 	18: 0
[909.743s][info][gc             ] GC(6845) 	19: 0
[909.743s][info][gc             ] GC(6845) Obj size ac histogram
[909.743s][info][gc             ] GC(6845) 	0: 1157994
[909.743s][info][gc             ] GC(6845) 	1: 720
[909.743s][info][gc             ] GC(6845) 	2: 14
[909.743s][info][gc             ] GC(6845) 	3: 0
[909.743s][info][gc             ] GC(6845) 	4: 0
[909.743s][info][gc             ] GC(6845) 	5: 0
[909.743s][info][gc             ] GC(6845) 	6: 0
[909.743s][info][gc             ] GC(6845) 	7: 0
[909.743s][info][gc             ] GC(6845) 	8: 0
[909.743s][info][gc             ] GC(6845) 	9: 0
[909.743s][info][gc             ] GC(6845) 	10: 0
[909.743s][info][gc             ] GC(6845) 	11: 0
[909.743s][info][gc             ] GC(6845) 	12: 0
[909.743s][info][gc             ] GC(6845) 	13: 0
[909.743s][info][gc             ] GC(6845) 	14: 0
[909.743s][info][gc             ] GC(6845) 	15: 0
[909.743s][info][gc             ] GC(6845) 	16: 0
[909.743s][info][gc             ] GC(6845) 	17: 0
[909.743s][info][gc             ] GC(6845) 	18: 0
[909.743s][info][gc             ] GC(6845) 	19: 0
[909.743s][info][gc,ergo        ] Free: 129M, Max: 256K regular, 80896K humongous, Frag: 39% external, 2% internal; Reserve: 13312K, Max: 256K
[909.743s][info][gc,stats       ] 
[909.743s][info][gc,stats       ] All times are wall-clock times, except per-root-class counters, that are sum over
[909.743s][info][gc,stats       ] all workers. Dividing the <total> over the root stage time estimates parallelism.
[909.743s][info][gc,stats       ] 
[909.743s][info][gc,stats       ] Concurrent Reset                    632 us
[909.743s][info][gc,stats       ] Pause Init Mark (G)                3092 us
[909.743s][info][gc,stats       ] Pause Init Mark (N)                2715 us
[909.743s][info][gc,stats       ]   Accumulate Stats                    6 us
[909.743s][info][gc,stats       ]   Make Parsable                      53 us
[909.743s][info][gc,stats       ]   Update Region States               14 us
[909.743s][info][gc,stats       ]   Scan Roots                       1730 us, parallelism: 1.14x
[909.743s][info][gc,stats       ]     S: <total>                     1975 us
[909.743s][info][gc,stats       ]     S: Thread Roots                 328 us, workers (us):   2, 133,  73,  51,  30,  39, ---, ---, ---, ---, ---, ---, ---, ---, ---, ---, ---, ---, ---, ---, ---, ---, ---, ---, 
[909.743s][info][gc,stats       ]     S: Universe Roots                42 us, workers (us):  42, ---, ---, ---, ---, ---, ---, ---, ---, ---, ---, ---, ---, ---, ---, ---, ---, ---, ---, ---, ---, ---, ---, ---, 
[909.743s][info][gc,stats       ]     S: JNI Handles Roots             16 us, workers (us): ---, ---,  16, ---, ---, ---, ---, ---, ---, ---, ---, ---, ---, ---, ---, ---, ---, ---, ---, ---, ---, ---, ---, ---, 
[909.743s][info][gc,stats       ]     S: Synchronizer Roots             0 us, workers (us): ---,   0, ---, ---, ---, ---, ---, ---, ---, ---, ---, ---, ---, ---, ---, ---, ---, ---, ---, ---, ---, ---, ---, ---, 
[909.743s][info][gc,stats       ]     S: Management Roots               1 us, workers (us): ---,   1, ---, ---, ---, ---, ---, ---, ---, ---, ---, ---, ---, ---, ---, ---, ---, ---, ---, ---, ---, ---, ---, ---, 
[909.743s][info][gc,stats       ]     S: System Dict Roots             27 us, workers (us): ---,  27, ---, ---, ---, ---, ---, ---, ---, ---, ---, ---, ---, ---, ---, ---, ---, ---, ---, ---, ---, ---, ---, ---, 
[909.743s][info][gc,stats       ]     S: CLDG Roots                  1560 us, workers (us): 1534, ---,   7,  18, ---, ---, ---, ---, ---, ---, ---, ---, ---, ---, ---, ---, ---, ---, ---, ---, ---, ---, ---, ---, 
[909.743s][info][gc,stats       ]     S: JVMTI Roots                    1 us, workers (us): ---, ---,   1, ---, ---, ---, ---, ---, ---, ---, ---, ---, ---, ---, ---, ---, ---, ---, ---, ---, ---, ---, ---, ---, 
[909.743s][info][gc,stats       ]   Resize TLABs                        7 us
[909.743s][info][gc,stats       ] Concurrent Marking                41561 us
[909.743s][info][gc,stats       ] Pause Final Mark (G)              59304 us
[909.743s][info][gc,stats       ] Pause Final Mark (N)              58188 us
[909.743s][info][gc,stats       ]   Finish Queues                     225 us
[909.743s][info][gc,stats       ]   System Purge                      193 us
[909.743s][info][gc,stats       ]     Unload Classes                   99 us
[909.743s][info][gc,stats       ]     Cleanup                       54721 us, parallelism: 1.66x
[909.743s][info][gc,stats       ]       CU: <total>                 90710 us
[909.743s][info][gc,stats       ]       CU: Code Cache Roots        70454 us, workers (us): 11985, 11873, 11827, 11525, 11719, 11525, ---, ---, ---, ---, ---, ---, ---, ---, ---, ---, ---, ---, ---, ---, ---, ---, ---, ---, 
[909.743s][info][gc,stats       ]       CU: Code Cache Cleaning      4981 us, workers (us): 830, 829, 835, 834, 818, 834, ---, ---, ---, ---, ---, ---, ---, ---, ---, ---, ---, ---, ---, ---, ---, ---, ---, ---, 
[909.743s][info][gc,stats       ]       CU: String Table Roots       3591 us, workers (us): 387, 498, 541, 799, 586, 781, ---, ---, ---, ---, ---, ---, ---, ---, ---, ---, ---, ---, ---, ---, ---, ---, ---, ---, 
[909.743s][info][gc,stats       ]       CU: Resolved Table Roots       19 us, workers (us):   0,   0,   0,   0,  18,   0, ---, ---, ---, ---, ---, ---, ---, ---, ---, ---, ---, ---, ---, ---, ---, ---, ---, ---, 
[909.743s][info][gc,stats       ]       CU: CLDG Roots              11665 us, workers (us): 1907, 1975, 1954, 1910, 1951, 1968, ---, ---, ---, ---, ---, ---, ---, ---, ---, ---, ---, ---, ---, ---, ---, ---, ---, ---, 
[909.743s][info][gc,stats       ]     Weak Roots                      192 us
[909.743s][info][gc,stats       ]     CLDG                              0 us
[909.743s][info][gc,stats       ]   Update Region States               22 us
[909.743s][info][gc,stats       ]   Retire TLABs                       41 us
[909.743s][info][gc,stats       ]   Choose Collection Set             367 us
[909.743s][info][gc,stats       ]   Rebuild Free Set                   17 us
[909.743s][info][gc,stats       ]   Initial Evacuation               2318 us, parallelism: 2.97x
[909.743s][info][gc,stats       ]     E: <total>                     6888 us
[909.743s][info][gc,stats       ]     E: Thread Roots                 257 us, workers (us):   1,   2,  67, 185,   1,   1, ---, ---, ---, ---, ---, ---, ---, ---, ---, ---, ---, ---, ---, ---, ---, ---, ---, ---, 
[909.743s][info][gc,stats       ]     E: Code Cache Roots            5405 us, workers (us): 1181, 530, 1019, 901, 621, 1153, ---, ---, ---, ---, ---, ---, ---, ---, ---, ---, ---, ---, ---, ---, ---, ---, ---, ---, 
[909.743s][info][gc,stats       ]     E: Universe Roots                 6 us, workers (us):   6, ---, ---, ---, ---, ---, ---, ---, ---, ---, ---, ---, ---, ---, ---, ---, ---, ---, ---, ---, ---, ---, ---, ---, 
[909.743s][info][gc,stats       ]     E: JNI Handles Roots              2 us, workers (us):   2, ---, ---, ---, ---, ---, ---, ---, ---, ---, ---, ---, ---, ---, ---, ---, ---, ---, ---, ---, ---, ---, ---, ---, 
[909.743s][info][gc,stats       ]     E: Synchronizer Roots             0 us, workers (us):   0, ---, ---, ---, ---, ---, ---, ---, ---, ---, ---, ---, ---, ---, ---, ---, ---, ---, ---, ---, ---, ---, ---, ---, 
[909.743s][info][gc,stats       ]     E: Management Roots               2 us, workers (us):   2, ---, ---, ---, ---, ---, ---, ---, ---, ---, ---, ---, ---, ---, ---, ---, ---, ---, ---, ---, ---, ---, ---, ---, 
[909.743s][info][gc,stats       ]     E: System Dict Roots             14 us, workers (us):  14, ---, ---, ---, ---, ---, ---, ---, ---, ---, ---, ---, ---, ---, ---, ---, ---, ---, ---, ---, ---, ---, ---, ---, 
[909.743s][info][gc,stats       ]     E: CLDG Roots                  1201 us, workers (us):  73, 569, ---, ---, 559, ---, ---, ---, ---, ---, ---, ---, ---, ---, ---, ---, ---, ---, ---, ---, ---, ---, ---, ---, 
[909.743s][info][gc,stats       ]     E: JVMTI Roots                    1 us, workers (us):   1, ---, ---, ---, ---, ---, ---, ---, ---, ---, ---, ---, ---, ---, ---, ---, ---, ---, ---, ---, ---, ---, ---, ---, 
[909.743s][info][gc,stats       ] Concurrent Cleanup                21036 us
[909.743s][info][gc,stats       ] Concurrent Evacuation              3678 us
[909.743s][info][gc,stats       ] Pause Init  Update Refs (G)         388 us
[909.743s][info][gc,stats       ] Pause Init  Update Refs (N)         177 us
[909.743s][info][gc,stats       ]   Retire GCLABs                     165 us
[909.743s][info][gc,stats       ] Concurrent Update Refs            17700 us
[909.743s][info][gc,stats       ] Pause Final Update Refs (G)         912 us
[909.743s][info][gc,stats       ] Pause Final Update Refs (N)         208 us
[909.743s][info][gc,stats       ]   Update Roots                      160 us, parallelism: 1.05x
[909.743s][info][gc,stats       ]     UR: <total>                     169 us
[909.743s][info][gc,stats       ]     UR: Thread Roots                169 us, workers (us):  86,  31,  22,  27,   0,   2, ---, ---, ---, ---, ---, ---, ---, ---, ---, ---, ---, ---, ---, ---, ---, ---, ---, ---, 
[909.743s][info][gc,stats       ]   Update Region States               15 us
[909.743s][info][gc,stats       ]   Trash Collection Set                6 us
[909.743s][info][gc,stats       ]   Rebuild Free Set                   15 us
[909.743s][info][gc,stats       ] Concurrent Cleanup                  704 us
[909.743s][info][gc,stats       ] Pacing                            67519 us
[909.743s][info][gc,stats       ] 
[909.743s][info][gc,stats       ] Allocation pacing accrued:
[909.743s][info][gc,stats       ]      68 of   151 ms ( 44.7%): pl.nadoba.jvm.gc.benchmark.App.main()
[909.743s][info][gc,stats       ]      68 of   151 ms ( 44.7%): <total>
[909.743s][info][gc,stats       ]       7 of   151 ms (  4.5%): <average total>
[909.743s][info][gc,stats       ]      68 of   151 ms ( 44.7%): <average non-zero>
[909.743s][info][gc,stats       ] 
[909.743s][info][gc,metaspace   ] Metaspace: 24281K->24281K(1071104K)
[909.743s][info][gc,ergo        ] Pacer for Idle. Initial: 5242K, Alloc Tax Rate: 1.0x
[909.744s][info][gc             ] Trigger: Start next cycle immediately
[909.744s][info][gc,ergo        ] Free: 127M, Max: 256K regular, 80896K humongous, Frag: 38% external, 2% internal; Reserve: 13312K, Max: 256K
[909.744s][info][gc,start       ] GC(6846) Concurrent reset
[909.744s][info][gc,task        ] GC(6846) Using 6 of 24 workers for concurrent reset
[909.744s][info][gc,ergo        ] GC(6846) Pacer for Reset. Non-Taxable: 256M
[909.745s][info][gc             ] GC(6846) Concurrent reset 0.588ms
[909.745s][info][gc,start       ] GC(6846) Pause Init Mark (unload classes)
[909.745s][info][gc,task        ] GC(6846) Using 6 of 24 workers for init marking
[909.747s][info][gc,ergo        ] GC(6846) Pacer for Mark. Expected Live: 9639K, Free: 122M, Non-Taxable: 12503K, Alloc Tax Rate: 0.1x
[909.747s][info][gc             ] GC(6846) Pause Init Mark (unload classes) 1.439ms
[909.747s][info][gc,start       ] GC(6846) Concurrent marking (unload classes)
[909.747s][info][gc,task        ] GC(6846) Using 6 of 24 workers for concurrent marking
[909.804s][info][gc             ] GC(6846) Concurrent marking (unload classes) 57.518ms
[909.805s][info][gc,start       ] GC(6846) Pause Final Mark (unload classes)
[909.805s][info][gc,task        ] GC(6846) Using 6 of 24 workers for final marking
[909.859s][info][gc,stringtable ] GC(6846) Cleaned string and symbol table, strings: 8172 processed, 0 removed, symbols: 68000 processed, 0 removed
[909.859s][info][gc,ergo        ] GC(6846) Collectable Garbage: 102M (100%), Immediate: 101M (98%), CSet: 1516K (1%)
[909.862s][info][gc,ergo        ] GC(6846) Pacer for Evacuation. Used CSet: 5376K, Free: 147M, Non-Taxable: 15114K, Alloc Tax Rate: 1.1x
[909.862s][info][gc             ] GC(6846) Pause Final Mark (unload classes) 57.035ms
[909.862s][info][gc,start       ] GC(6846) Concurrent cleanup
[909.876s][info][gc             ] GC(6846) Concurrent cleanup 194M->113M(256M) 13.980ms
[909.876s][info][gc,ergo        ] GC(6846) Free: 126M, Max: 256K regular, 50432K humongous, Frag: 61% external, 2% internal; Reserve: 12670K, Max: 256K
[909.876s][info][gc,start       ] GC(6846) Concurrent evacuation
[909.876s][info][gc,task        ] GC(6846) Using 6 of 24 workers for concurrent evacuation
[909.879s][info][gc             ] GC(6846) Concurrent evacuation 3.657ms
[909.880s][info][gc,start       ] GC(6846) Pause Init Update Refs
[909.880s][info][gc,ergo        ] GC(6846) Pacer for Update Refs. Used: 120M, Free: 123M, Non-Taxable: 12631K, Alloc Tax Rate: 1.2x
[909.880s][info][gc             ] GC(6846) Pause Init Update Refs 0.178ms
[909.880s][info][gc,start       ] GC(6846) Concurrent update references
[909.880s][info][gc,task        ] GC(6846) Using 6 of 24 workers for concurrent reference update
[909.898s][info][gc             ] GC(6846) Concurrent update references 17.942ms
[909.899s][info][gc,start       ] GC(6846) Pause Final Update Refs
[909.899s][info][gc,task        ] GC(6846) Using 6 of 24 workers for final reference update
[909.899s][info][gc             ] GC(6846) Pause Final Update Refs 0.196ms
[909.899s][info][gc,start       ] GC(6846) Concurrent cleanup
[909.900s][info][gc             ] GC(6846) Concurrent cleanup 159M->159M(256M) 0.750ms
[909.900s][info][gc             ] GC(6846) Dat log --- cycle is complete
Current gc epoch: 5548
heap: ______
capacity: 268435456
used: 167663056
committed: 268435456
bytes_allocated_since_gc_start: 165413392
hot_size: 0
cold_size: 3395478
num_regions: 1024
hot_region_count: 18446744073709405055
cold_region_count: 146580
histogram: Placeholder

[909.900s][info][gc             ] GC(6846) Obj count ac histogram
[909.900s][info][gc             ] GC(6846) 	0: 197253
[909.900s][info][gc             ] GC(6846) 	1: 15
[909.900s][info][gc             ] GC(6846) 	2: 2
[909.900s][info][gc             ] GC(6846) 	3: 0
[909.900s][info][gc             ] GC(6846) 	4: 0
[909.900s][info][gc             ] GC(6846) 	5: 0
[909.900s][info][gc             ] GC(6846) 	6: 0
[909.900s][info][gc             ] GC(6846) 	7: 0
[909.900s][info][gc             ] GC(6846) 	8: 0
[909.900s][info][gc             ] GC(6846) 	9: 0
[909.900s][info][gc             ] GC(6846) 	10: 0
[909.900s][info][gc             ] GC(6846) 	11: 0
[909.900s][info][gc             ] GC(6846) 	12: 0
[909.900s][info][gc             ] GC(6846) 	13: 0
[909.900s][info][gc             ] GC(6846) 	14: 0
[909.900s][info][gc             ] GC(6846) 	15: 0
[909.900s][info][gc             ] GC(6846) 	16: 0
[909.900s][info][gc             ] GC(6846) 	17: 0
[909.900s][info][gc             ] GC(6846) 	18: 0
[909.900s][info][gc             ] GC(6846) 	19: 0
[909.900s][info][gc             ] GC(6846) Obj size ac histogram
[909.900s][info][gc             ] GC(6846) 	0: 2566443
[909.900s][info][gc             ] GC(6846) 	1: 720
[909.900s][info][gc             ] GC(6846) 	2: 14
[909.900s][info][gc             ] GC(6846) 	3: 0
[909.900s][info][gc             ] GC(6846) 	4: 0
[909.900s][info][gc             ] GC(6846) 	5: 0
[909.900s][info][gc             ] GC(6846) 	6: 0
[909.900s][info][gc             ] GC(6846) 	7: 0
[909.900s][info][gc             ] GC(6846) 	8: 0
[909.900s][info][gc             ] GC(6846) 	9: 0
[909.900s][info][gc             ] GC(6846) 	10: 0
[909.900s][info][gc             ] GC(6846) 	11: 0
[909.900s][info][gc             ] GC(6846) 	12: 0
[909.900s][info][gc             ] GC(6846) 	13: 0
[909.900s][info][gc             ] GC(6846) 	14: 0
[909.900s][info][gc             ] GC(6846) 	15: 0
[909.900s][info][gc             ] GC(6846) 	16: 0
[909.900s][info][gc             ] GC(6846) 	17: 0
[909.900s][info][gc             ] GC(6846) 	18: 0
[909.900s][info][gc             ] GC(6846) 	19: 0
[909.900s][info][gc,ergo        ] Free: 77675K, Max: 256K regular, 35328K humongous, Frag: 55% external, 4% internal; Reserve: 13312K, Max: 256K
[909.900s][info][gc,stats       ] 
[909.900s][info][gc,stats       ] All times are wall-clock times, except per-root-class counters, that are sum over
[909.900s][info][gc,stats       ] all workers. Dividing the <total> over the root stage time estimates parallelism.
[909.900s][info][gc,stats       ] 
[909.900s][info][gc,stats       ] Concurrent Reset                    580 us
[909.900s][info][gc,stats       ] Pause Init Mark (G)                2137 us
[909.900s][info][gc,stats       ] Pause Init Mark (N)                1412 us
[909.900s][info][gc,stats       ]   Accumulate Stats                    5 us
[909.900s][info][gc,stats       ]   Make Parsable                      45 us
[909.900s][info][gc,stats       ]   Update Region States               11 us
[909.900s][info][gc,stats       ]   Scan Roots                        753 us, parallelism: 1.48x
[909.900s][info][gc,stats       ]     S: <total>                     1117 us
[909.900s][info][gc,stats       ]     S: Thread Roots                 377 us, workers (us): 213,  67,  31,   1,  45,  21, ---, ---, ---, ---, ---, ---, ---, ---, ---, ---, ---, ---, ---, ---, ---, ---, ---, ---, 
[909.900s][info][gc,stats       ]     S: Universe Roots                50 us, workers (us):  50, ---, ---, ---, ---, ---, ---, ---, ---, ---, ---, ---, ---, ---, ---, ---, ---, ---, ---, ---, ---, ---, ---, ---, 
[909.900s][info][gc,stats       ]     S: JNI Handles Roots             21 us, workers (us): ---, ---, ---, ---,  21, ---, ---, ---, ---, ---, ---, ---, ---, ---, ---, ---, ---, ---, ---, ---, ---, ---, ---, ---, 
[909.900s][info][gc,stats       ]     S: Synchronizer Roots             0 us, workers (us): ---,   0, ---, ---, ---, ---, ---, ---, ---, ---, ---, ---, ---, ---, ---, ---, ---, ---, ---, ---, ---, ---, ---, ---, 
[909.900s][info][gc,stats       ]     S: Management Roots               1 us, workers (us): ---,   1, ---, ---, ---, ---, ---, ---, ---, ---, ---, ---, ---, ---, ---, ---, ---, ---, ---, ---, ---, ---, ---, ---, 
[909.900s][info][gc,stats       ]     S: System Dict Roots             25 us, workers (us): ---,  25, ---, ---, ---, ---, ---, ---, ---, ---, ---, ---, ---, ---, ---, ---, ---, ---, ---, ---, ---, ---, ---, ---, 
[909.900s][info][gc,stats       ]     S: CLDG Roots                   640 us, workers (us): ---, ---,  12, 616, ---,  12, ---, ---, ---, ---, ---, ---, ---, ---, ---, ---, ---, ---, ---, ---, ---, ---, ---, ---, 
[909.900s][info][gc,stats       ]     S: JVMTI Roots                    1 us, workers (us): ---, ---, ---, ---,   1, ---, ---, ---, ---, ---, ---, ---, ---, ---, ---, ---, ---, ---, ---, ---, ---, ---, ---, ---, 
[909.900s][info][gc,stats       ]   Resize TLABs                       12 us
[909.900s][info][gc,stats       ] Concurrent Marking                57488 us
[909.900s][info][gc,stats       ] Pause Final Mark (G)              57184 us
[909.900s][info][gc,stats       ] Pause Final Mark (N)              57001 us
[909.900s][info][gc,stats       ]   Finish Queues                     212 us
[909.900s][info][gc,stats       ]   System Purge                      194 us
[909.900s][info][gc,stats       ]     Unload Classes                   83 us
[909.900s][info][gc,stats       ]     Cleanup                       53563 us, parallelism: 1.68x
[909.900s][info][gc,stats       ]       CU: <total>                 89968 us
[909.900s][info][gc,stats       ]       CU: Code Cache Roots        69317 us, workers (us): 11305, 11122, 11155, 11600, 11822, 12313, ---, ---, ---, ---, ---, ---, ---, ---, ---, ---, ---, ---, ---, ---, ---, ---, ---, ---, 
[909.900s][info][gc,stats       ]       CU: Code Cache Cleaning      6455 us, workers (us): 1093, 1109, 1113, 1110, 1231, 799, ---, ---, ---, ---, ---, ---, ---, ---, ---, ---, ---, ---, ---, ---, ---, ---, ---, ---, 
[909.900s][info][gc,stats       ]       CU: String Table Roots       3057 us, workers (us): 714, 896, 859, 405, 182,   1, ---, ---, ---, ---, ---, ---, ---, ---, ---, ---, ---, ---, ---, ---, ---, ---, ---, ---, 
[909.900s][info][gc,stats       ]       CU: Resolved Table Roots       19 us, workers (us):  18,   0,   0,   0,   0,   0, ---, ---, ---, ---, ---, ---, ---, ---, ---, ---, ---, ---, ---, ---, ---, ---, ---, ---, 
[909.900s][info][gc,stats       ]       CU: CLDG Roots              11121 us, workers (us): 1851, 1847, 1852, 1887, 1778, 1904, ---, ---, ---, ---, ---, ---, ---, ---, ---, ---, ---, ---, ---, ---, ---, ---, ---, ---, 
[909.900s][info][gc,stats       ]     Weak Roots                      193 us
[909.900s][info][gc,stats       ]     CLDG                              1 us
[909.900s][info][gc,stats       ]   Update Region States               22 us
[909.900s][info][gc,stats       ]   Retire TLABs                       40 us
[909.900s][info][gc,stats       ]   Choose Collection Set             287 us
[909.900s][info][gc,stats       ]   Rebuild Free Set                   11 us
[909.900s][info][gc,stats       ]   Initial Evacuation               2408 us, parallelism: 2.28x
[909.900s][info][gc,stats       ]     E: <total>                     5492 us
[909.900s][info][gc,stats       ]     E: Thread Roots                 205 us, workers (us):   1,  33,   2, 166,   1,   2, ---, ---, ---, ---, ---, ---, ---, ---, ---, ---, ---, ---, ---, ---, ---, ---, ---, ---, 
[909.900s][info][gc,stats       ]     E: Code Cache Roots            4113 us, workers (us): 282, 808, 1069, 613, 881, 459, ---, ---, ---, ---, ---, ---, ---, ---, ---, ---, ---, ---, ---, ---, ---, ---, ---, ---, 
[909.900s][info][gc,stats       ]     E: Universe Roots                 4 us, workers (us):   4, ---, ---, ---, ---, ---, ---, ---, ---, ---, ---, ---, ---, ---, ---, ---, ---, ---, ---, ---, ---, ---, ---, ---, 
[909.900s][info][gc,stats       ]     E: JNI Handles Roots              2 us, workers (us):   2, ---, ---, ---, ---, ---, ---, ---, ---, ---, ---, ---, ---, ---, ---, ---, ---, ---, ---, ---, ---, ---, ---, ---, 
[909.900s][info][gc,stats       ]     E: Synchronizer Roots             0 us, workers (us):   0, ---, ---, ---, ---, ---, ---, ---, ---, ---, ---, ---, ---, ---, ---, ---, ---, ---, ---, ---, ---, ---, ---, ---, 
[909.900s][info][gc,stats       ]     E: Management Roots               2 us, workers (us):   2, ---, ---, ---, ---, ---, ---, ---, ---, ---, ---, ---, ---, ---, ---, ---, ---, ---, ---, ---, ---, ---, ---, ---, 
[909.900s][info][gc,stats       ]     E: System Dict Roots             18 us, workers (us): ---,  18, ---, ---, ---, ---, ---, ---, ---, ---, ---, ---, ---, ---, ---, ---, ---, ---, ---, ---, ---, ---, ---, ---, 
[909.900s][info][gc,stats       ]     E: CLDG Roots                  1148 us, workers (us): 654, ---, ---,  74, ---, 420, ---, ---, ---, ---, ---, ---, ---, ---, ---, ---, ---, ---, ---, ---, ---, ---, ---, ---, 
[909.900s][info][gc,stats       ]     E: JVMTI Roots                    1 us, workers (us):   1, ---, ---, ---, ---, ---, ---, ---, ---, ---, ---, ---, ---, ---, ---, ---, ---, ---, ---, ---, ---, ---, ---, ---, 
[909.900s][info][gc,stats       ] Concurrent Cleanup                13956 us
[909.900s][info][gc,stats       ] Concurrent Evacuation              3647 us
[909.900s][info][gc,stats       ] Pause Init  Update Refs (G)         795 us
[909.900s][info][gc,stats       ] Pause Init  Update Refs (N)         160 us
[909.900s][info][gc,stats       ]   Retire GCLABs                     148 us
[909.900s][info][gc,stats       ] Concurrent Update Refs            17928 us
[909.900s][info][gc,stats       ] Pause Final Update Refs (G)         983 us
[909.900s][info][gc,stats       ] Pause Final Update Refs (N)         170 us
[909.900s][info][gc,stats       ]   Update Roots                      112 us, parallelism: 1.31x
[909.900s][info][gc,stats       ]     UR: <total>                     147 us
[909.900s][info][gc,stats       ]     UR: Thread Roots                147 us, workers (us):  47,  42,  17,  40,   1,   0, ---, ---, ---, ---, ---, ---, ---, ---, ---, ---, ---, ---, ---, ---, ---, ---, ---, ---, 
[909.900s][info][gc,stats       ]   Update Region States               21 us
[909.900s][info][gc,stats       ]   Trash Collection Set                7 us
[909.900s][info][gc,stats       ]   Rebuild Free Set                   15 us
[909.900s][info][gc,stats       ] Concurrent Cleanup                  739 us
[909.900s][info][gc,stats       ] Pacing                           117527 us
[909.900s][info][gc,stats       ] 
[909.900s][info][gc,stats       ] Allocation pacing accrued:
[909.900s][info][gc,stats       ]     118 of   157 ms ( 74.7%): pl.nadoba.jvm.gc.benchmark.App.main()
[909.900s][info][gc,stats       ]     118 of   157 ms ( 74.7%): <total>
[909.900s][info][gc,stats       ]      12 of   157 ms (  7.5%): <average total>
[909.900s][info][gc,stats       ]     118 of   157 ms ( 74.7%): <average non-zero>
[909.900s][info][gc,stats       ] 
[909.900s][info][gc,metaspace   ] Metaspace: 24281K->24281K(1071104K)
[909.900s][info][gc,ergo        ] Pacer for Idle. Initial: 5242K, Alloc Tax Rate: 1.0x
[909.902s][info][gc             ] Trigger: Start next cycle immediately
[909.902s][info][gc,ergo        ] Free: 76395K, Max: 256K regular, 35328K humongous, Frag: 54% external, 4% internal; Reserve: 13312K, Max: 256K
[909.902s][info][gc,start       ] GC(6847) Concurrent reset
[909.902s][info][gc,task        ] GC(6847) Using 6 of 24 workers for concurrent reset
[909.902s][info][gc,ergo        ] GC(6847) Pacer for Reset. Non-Taxable: 256M
[909.902s][info][gc             ] GC(6847) Concurrent reset 0.640ms
[909.902s][info][gc,start       ] GC(6847) Pause Init Mark (process weakrefs) (unload classes)
[909.902s][info][gc,task        ] GC(6847) Using 6 of 24 workers for init marking
[909.904s][info][gc,ergo        ] GC(6847) Pacer for Mark. Expected Live: 10049K, Free: 76395K, Non-Taxable: 7639K, Alloc Tax Rate: 0.2x
[909.904s][info][gc             ] GC(6847) Pause Init Mark (process weakrefs) (unload classes) 1.461ms
[909.904s][info][gc,start       ] GC(6847) Concurrent marking (process weakrefs) (unload classes)
[909.904s][info][gc,task        ] GC(6847) Using 6 of 24 workers for concurrent marking
[909.968s][info][gc             ] GC(6847) Concurrent marking (process weakrefs) (unload classes) 64.461ms
[909.969s][info][gc,start       ] GC(6847) Concurrent precleaning
[909.969s][info][gc,task        ] GC(6847) Using 1 of 24 workers for concurrent preclean
[909.969s][info][gc,ergo        ] GC(6847) Pacer for Precleaning. Non-Taxable: 256M
[909.973s][info][gc             ] GC(6847) Concurrent precleaning 4.101ms
[909.974s][info][gc,start       ] GC(6847) Pause Final Mark (process weakrefs) (unload classes)
[909.974s][info][gc,task        ] GC(6847) Using 6 of 24 workers for final marking
[910.027s][info][gc,stringtable ] GC(6847) Cleaned string and symbol table, strings: 8172 processed, 0 removed, symbols: 68000 processed, 0 removed
[910.028s][info][gc,ergo        ] GC(6847) Collectable Garbage: 152M (100%), Immediate: 151M (99%), CSet: 1260K (0%)
[910.030s][info][gc,ergo        ] GC(6847) Pacer for Evacuation. Used CSet: 5120K, Free: 174M, Non-Taxable: 17905K, Alloc Tax Rate: 1.1x
[910.030s][info][gc             ] GC(6847) Pause Final Mark (process weakrefs) (unload classes) 56.209ms
[910.030s][info][gc,start       ] GC(6847) Concurrent cleanup
[910.053s][info][gc             ] GC(6847) Concurrent cleanup 217M->84M(256M) 22.586ms
[910.053s][info][gc,ergo        ] GC(6847) Free: 155M, Max: 256K regular, 100M humongous, Frag: 36% external, 1% internal; Reserve: 12667K, Max: 256K
[910.053s][info][gc,start       ] GC(6847) Concurrent evacuation
[910.053s][info][gc,task        ] GC(6847) Using 6 of 24 workers for concurrent evacuation
[910.057s][info][gc             ] GC(6847) Concurrent evacuation 4.140ms
[910.057s][info][gc,start       ] GC(6847) Pause Init Update Refs
[910.057s][info][gc,ergo        ] GC(6847) Pacer for Update Refs. Used: 90772K, Free: 155M, Non-Taxable: 15933K, Alloc Tax Rate: 1.1x
[910.057s][info][gc             ] GC(6847) Pause Init Update Refs 0.202ms
[910.057s][info][gc,start       ] GC(6847) Concurrent update references
[910.057s][info][gc,task        ] GC(6847) Using 6 of 24 workers for concurrent reference update
[910.073s][info][gc             ] GC(6847) Concurrent update references 15.868ms
[910.074s][info][gc,start       ] GC(6847) Pause Final Update Refs
[910.074s][info][gc,task        ] GC(6847) Using 6 of 24 workers for final reference update
[910.074s][info][gc             ] GC(6847) Pause Final Update Refs 0.255ms
[910.074s][info][gc,start       ] GC(6847) Concurrent cleanup
[910.075s][info][gc             ] GC(6847) Concurrent cleanup 109M->111M(256M) 0.764ms
[910.075s][info][gc             ] GC(6847) Dat log --- cycle is complete
Current gc epoch: 5549
heap: ______
capacity: 268435456
used: 117068912
committed: 268435456
bytes_allocated_since_gc_start: 112198160
hot_size: 0
cold_size: 2871186
num_regions: 1024
hot_region_count: 18446744073709405036
cold_region_count: 146598
histogram: Placeholder

[910.075s][info][gc             ] GC(6847) Obj count ac histogram
[910.075s][info][gc             ] GC(6847) 	0: 206528
[910.075s][info][gc             ] GC(6847) 	1: 15
[910.075s][info][gc             ] GC(6847) 	2: 4368
[910.075s][info][gc             ] GC(6847) 	3: 4493
[910.075s][info][gc             ] GC(6847) 	4: 864
[910.075s][info][gc             ] GC(6847) 	5: 15
[910.075s][info][gc             ] GC(6847) 	6: 0
[910.075s][info][gc             ] GC(6847) 	7: 0
[910.075s][info][gc             ] GC(6847) 	8: 0
[910.075s][info][gc             ] GC(6847) 	9: 0
[910.075s][info][gc             ] GC(6847) 	10: 0
[910.075s][info][gc             ] GC(6847) 	11: 0
[910.075s][info][gc             ] GC(6847) 	12: 0
[910.075s][info][gc             ] GC(6847) 	13: 0
[910.075s][info][gc             ] GC(6847) 	14: 0
[910.075s][info][gc             ] GC(6847) 	15: 0
[910.075s][info][gc             ] GC(6847) 	16: 0
[910.075s][info][gc             ] GC(6847) 	17: 0
[910.075s][info][gc             ] GC(6847) 	18: 0
[910.075s][info][gc             ] GC(6847) 	19: 0
[910.075s][info][gc             ] GC(6847) Obj size ac histogram
[910.075s][info][gc             ] GC(6847) 	0: 1279967
[910.075s][info][gc             ] GC(6847) 	1: 720
[910.075s][info][gc             ] GC(6847) 	2: 57381
[910.075s][info][gc             ] GC(6847) 	3: 42019
[910.075s][info][gc             ] GC(6847) 	4: 5331
[910.075s][info][gc             ] GC(6847) 	5: 150
[910.075s][info][gc             ] GC(6847) 	6: 0
[910.075s][info][gc             ] GC(6847) 	7: 0
[910.075s][info][gc             ] GC(6847) 	8: 0
[910.075s][info][gc             ] GC(6847) 	9: 0
[910.075s][info][gc             ] GC(6847) 	10: 0
[910.075s][info][gc             ] GC(6847) 	11: 0
[910.075s][info][gc             ] GC(6847) 	12: 0
[910.075s][info][gc             ] GC(6847) 	13: 0
[910.075s][info][gc             ] GC(6847) 	14: 0
[910.075s][info][gc             ] GC(6847) 	15: 0
[910.075s][info][gc             ] GC(6847) 	16: 0
[910.075s][info][gc             ] GC(6847) 	17: 0
[910.075s][info][gc             ] GC(6847) 	18: 0
[910.075s][info][gc             ] GC(6847) 	19: 0
[910.075s][info][gc,ergo        ] Free: 126M, Max: 256K regular, 72448K humongous, Frag: 45% external, 2% internal; Reserve: 13312K, Max: 256K
[910.075s][info][gc,stats       ] 
[910.075s][info][gc,stats       ] All times are wall-clock times, except per-root-class counters, that are sum over
[910.075s][info][gc,stats       ] all workers. Dividing the <total> over the root stage time estimates parallelism.
[910.075s][info][gc,stats       ] 
[910.075s][info][gc,stats       ] Concurrent Reset                    624 us
[910.075s][info][gc,stats       ] Pause Init Mark (G)                1780 us
[910.075s][info][gc,stats       ] Pause Init Mark (N)                1437 us
[910.075s][info][gc,stats       ]   Accumulate Stats                    5 us
[910.075s][info][gc,stats       ]   Make Parsable                      42 us
[910.075s][info][gc,stats       ]   Update Region States                9 us
[910.075s][info][gc,stats       ]   Scan Roots                        877 us, parallelism: 1.49x
[910.075s][info][gc,stats       ]     S: <total>                     1306 us
[910.075s][info][gc,stats       ]     S: Thread Roots                 410 us, workers (us):  36,  15,   2,  42, 212, 103, ---, ---, ---, ---, ---, ---, ---, ---, ---, ---, ---, ---, ---, ---, ---, ---, ---, ---, 
[910.075s][info][gc,stats       ]     S: Universe Roots                33 us, workers (us):  33, ---, ---, ---, ---, ---, ---, ---, ---, ---, ---, ---, ---, ---, ---, ---, ---, ---, ---, ---, ---, ---, ---, ---, 
[910.075s][info][gc,stats       ]     S: JNI Handles Roots             36 us, workers (us):  36, ---, ---, ---, ---, ---, ---, ---, ---, ---, ---, ---, ---, ---, ---, ---, ---, ---, ---, ---, ---, ---, ---, ---, 
[910.075s][info][gc,stats       ]     S: Synchronizer Roots             0 us, workers (us):   0, ---, ---, ---, ---, ---, ---, ---, ---, ---, ---, ---, ---, ---, ---, ---, ---, ---, ---, ---, ---, ---, ---, ---, 
[910.075s][info][gc,stats       ]     S: Management Roots               3 us, workers (us):   3, ---, ---, ---, ---, ---, ---, ---, ---, ---, ---, ---, ---, ---, ---, ---, ---, ---, ---, ---, ---, ---, ---, ---, 
[910.075s][info][gc,stats       ]     S: System Dict Roots             45 us, workers (us): ---,  45, ---, ---, ---, ---, ---, ---, ---, ---, ---, ---, ---, ---, ---, ---, ---, ---, ---, ---, ---, ---, ---, ---, 
[910.075s][info][gc,stats       ]     S: CLDG Roots                   777 us, workers (us): ---, ---, 759,   6, ---,  11, ---, ---, ---, ---, ---, ---, ---, ---, ---, ---, ---, ---, ---, ---, ---, ---, ---, ---, 
[910.075s][info][gc,stats       ]     S: JVMTI Roots                    1 us, workers (us):   1, ---, ---, ---, ---, ---, ---, ---, ---, ---, ---, ---, ---, ---, ---, ---, ---, ---, ---, ---, ---, ---, ---, ---, 
[910.075s][info][gc,stats       ]   Resize TLABs                        2 us
[910.075s][info][gc,stats       ] Concurrent Marking                64432 us
[910.075s][info][gc,stats       ] Concurrent Precleaning             4089 us
[910.075s][info][gc,stats       ] Pause Final Mark (G)              57516 us
[910.075s][info][gc,stats       ] Pause Final Mark (N)              56184 us
[910.075s][info][gc,stats       ]   Finish Queues                     208 us
[910.075s][info][gc,stats       ]   Weak References                    25 us
[910.075s][info][gc,stats       ]     Process                          18 us
[910.075s][info][gc,stats       ]   System Purge                      217 us
[910.075s][info][gc,stats       ]     Unload Classes                   66 us
[910.075s][info][gc,stats       ]     Cleanup                       52650 us, parallelism: 1.74x
[910.075s][info][gc,stats       ]       CU: <total>                 91658 us
[910.075s][info][gc,stats       ]       CU: Code Cache Roots        71201 us, workers (us): 11791, 12004, 12071, 11919, 11739, 11678, ---, ---, ---, ---, ---, ---, ---, ---, ---, ---, ---, ---, ---, ---, ---, ---, ---, ---, 
[910.075s][info][gc,stats       ]       CU: Code Cache Cleaning      4818 us, workers (us): 813, 789, 805, 804, 800, 808, ---, ---, ---, ---, ---, ---, ---, ---, ---, ---, ---, ---, ---, ---, ---, ---, ---, ---, 
[910.075s][info][gc,stats       ]       CU: String Table Roots       3387 us, workers (us): 666, 450, 383, 507, 686, 696, ---, ---, ---, ---, ---, ---, ---, ---, ---, ---, ---, ---, ---, ---, ---, ---, ---, ---, 
[910.075s][info][gc,stats       ]       CU: Resolved Table Roots       17 us, workers (us):   0,  17,   0,   0,   0,   0, ---, ---, ---, ---, ---, ---, ---, ---, ---, ---, ---, ---, ---, ---, ---, ---, ---, ---, 
[910.075s][info][gc,stats       ]       CU: CLDG Roots              12234 us, workers (us): 2035, 2018, 2072, 2034, 2060, 2015, ---, ---, ---, ---, ---, ---, ---, ---, ---, ---, ---, ---, ---, ---, ---, ---, ---, ---, 
[910.075s][info][gc,stats       ]     Weak Roots                      217 us
[910.075s][info][gc,stats       ]     CLDG                              1 us
[910.075s][info][gc,stats       ]   Update Region States               25 us
[910.075s][info][gc,stats       ]   Retire TLABs                       44 us
[910.075s][info][gc,stats       ]   Choose Collection Set             421 us
[910.075s][info][gc,stats       ]   Rebuild Free Set                   15 us
[910.075s][info][gc,stats       ]   Initial Evacuation               2317 us, parallelism: 2.51x
[910.075s][info][gc,stats       ]     E: <total>                     5813 us
[910.075s][info][gc,stats       ]     E: Thread Roots                 236 us, workers (us):   2,  50,   1,  26,  30, 128, ---, ---, ---, ---, ---, ---, ---, ---, ---, ---, ---, ---, ---, ---, ---, ---, ---, ---, 
[910.075s][info][gc,stats       ]     E: Code Cache Roots            4681 us, workers (us): 1282, 818, 544, 838, 458, 742, ---, ---, ---, ---, ---, ---, ---, ---, ---, ---, ---, ---, ---, ---, ---, ---, ---, ---, 
[910.075s][info][gc,stats       ]     E: Universe Roots                 5 us, workers (us):   5, ---, ---, ---, ---, ---, ---, ---, ---, ---, ---, ---, ---, ---, ---, ---, ---, ---, ---, ---, ---, ---, ---, ---, 
[910.075s][info][gc,stats       ]     E: JNI Handles Roots              2 us, workers (us):   2, ---, ---, ---, ---, ---, ---, ---, ---, ---, ---, ---, ---, ---, ---, ---, ---, ---, ---, ---, ---, ---, ---, ---, 
[910.075s][info][gc,stats       ]     E: Synchronizer Roots             1 us, workers (us):   1, ---, ---, ---, ---, ---, ---, ---, ---, ---, ---, ---, ---, ---, ---, ---, ---, ---, ---, ---, ---, ---, ---, ---, 
[910.075s][info][gc,stats       ]     E: Management Roots               3 us, workers (us):   3, ---, ---, ---, ---, ---, ---, ---, ---, ---, ---, ---, ---, ---, ---, ---, ---, ---, ---, ---, ---, ---, ---, ---, 
[910.075s][info][gc,stats       ]     E: System Dict Roots             15 us, workers (us): ---,  15, ---, ---, ---, ---, ---, ---, ---, ---, ---, ---, ---, ---, ---, ---, ---, ---, ---, ---, ---, ---, ---, ---, 
[910.075s][info][gc,stats       ]     E: CLDG Roots                   869 us, workers (us): ---, ---, 405, ---, 399,  64, ---, ---, ---, ---, ---, ---, ---, ---, ---, ---, ---, ---, ---, ---, ---, ---, ---, ---, 
[910.075s][info][gc,stats       ]     E: JVMTI Roots                    1 us, workers (us):   1, ---, ---, ---, ---, ---, ---, ---, ---, ---, ---, ---, ---, ---, ---, ---, ---, ---, ---, ---, ---, ---, ---, ---, 
[910.075s][info][gc,stats       ] Concurrent Cleanup                22540 us
[910.075s][info][gc,stats       ] Concurrent Evacuation              4132 us
[910.075s][info][gc,stats       ] Pause Init  Update Refs (G)         455 us
[910.075s][info][gc,stats       ] Pause Init  Update Refs (N)         162 us
[910.075s][info][gc,stats       ]   Retire GCLABs                     138 us
[910.075s][info][gc,stats       ] Concurrent Update Refs            15854 us
[910.075s][info][gc,stats       ] Pause Final Update Refs (G)         687 us
[910.075s][info][gc,stats       ] Pause Final Update Refs (N)         221 us
[910.075s][info][gc,stats       ]   Update Roots                      160 us, parallelism: 1.22x
[910.075s][info][gc,stats       ]     UR: <total>                     194 us
[910.075s][info][gc,stats       ]     UR: Thread Roots                194 us, workers (us):  75,  41,  31,  41,   4,   2, ---, ---, ---, ---, ---, ---, ---, ---, ---, ---, ---, ---, ---, ---, ---, ---, ---, ---, 
[910.075s][info][gc,stats       ]   Update Region States               24 us
[910.075s][info][gc,stats       ]   Trash Collection Set                7 us
[910.075s][info][gc,stats       ]   Rebuild Free Set                   17 us
[910.075s][info][gc,stats       ] Concurrent Cleanup                  750 us
[910.075s][info][gc,stats       ] Pacing                            91736 us
[910.075s][info][gc,stats       ] 
[910.075s][info][gc,stats       ] Allocation pacing accrued:
[910.075s][info][gc,stats       ]      92 of   175 ms ( 52.4%): pl.nadoba.jvm.gc.benchmark.App.main()
[910.075s][info][gc,stats       ]      92 of   175 ms ( 52.4%): <total>
[910.076s][info][gc,stats       ]       9 of   175 ms (  5.2%): <average total>
[910.076s][info][gc,stats       ]      92 of   175 ms ( 52.4%): <average non-zero>
[910.076s][info][gc,stats       ] 
[910.076s][info][gc,metaspace   ] Metaspace: 24281K->24281K(1071104K)
[910.076s][info][gc,ergo        ] Pacer for Idle. Initial: 5242K, Alloc Tax Rate: 1.0x
[910.077s][info][gc             ] Trigger: Start next cycle immediately
[910.077s][info][gc,ergo        ] Free: 122M, Max: 256K regular, 68096K humongous, Frag: 46% external, 3% internal; Reserve: 13312K, Max: 256K
[910.077s][info][gc,start       ] GC(6848) Concurrent reset
[910.077s][info][gc,task        ] GC(6848) Using 6 of 24 workers for concurrent reset
[910.077s][info][gc,ergo        ] GC(6848) Pacer for Reset. Non-Taxable: 256M
[910.077s][info][gc             ] GC(6848) Concurrent reset 0.572ms
[910.078s][info][gc,start       ] GC(6848) Pause Init Mark (process weakrefs) (unload classes)
[910.078s][info][gc,task        ] GC(6848) Using 6 of 24 workers for init marking
[910.080s][info][gc,ergo        ] GC(6848) Pacer for Mark. Expected Live: 10049K, Free: 118M, Non-Taxable: 12119K, Alloc Tax Rate: 0.1x
[910.080s][info][gc             ] GC(6848) Pause Init Mark (process weakrefs) (unload classes) 2.138ms
[910.080s][info][gc,start       ] GC(6848) Concurrent marking (process weakrefs) (unload classes)
[910.080s][info][gc,task        ] GC(6848) Using 6 of 24 workers for concurrent marking
[910.144s][info][gc             ] GC(6848) Concurrent marking (process weakrefs) (unload classes) 64.188ms
[910.144s][info][gc,start       ] GC(6848) Concurrent precleaning
[910.144s][info][gc,task        ] GC(6848) Using 1 of 24 workers for concurrent preclean
[910.144s][info][gc,ergo        ] GC(6848) Pacer for Precleaning. Non-Taxable: 256M
[910.149s][info][gc             ] GC(6848) Concurrent precleaning 4.222ms
[910.150s][info][gc,start       ] GC(6848) Pause Final Mark (process weakrefs) (unload classes)
[910.150s][info][gc,task        ] GC(6848) Using 6 of 24 workers for final marking
[910.207s][info][gc,stringtable ] GC(6848) Cleaned string and symbol table, strings: 8172 processed, 0 removed, symbols: 68000 processed, 0 removed
[910.207s][info][gc,ergo        ] GC(6848) Collectable Garbage: 107M (100%), Immediate: 106M (99%), CSet: 1004K (0%)
[910.210s][info][gc,ergo        ] GC(6848) Pacer for Evacuation. Used CSet: 4864K, Free: 140M, Non-Taxable: 14397K, Alloc Tax Rate: 1.1x
[910.210s][info][gc             ] GC(6848) Pause Final Mark (process weakrefs) (unload classes) 59.847ms
[910.210s][info][gc,start       ] GC(6848) Concurrent cleanup
[910.226s][info][gc             ] GC(6848) Concurrent cleanup 204M->117M(256M) 16.389ms
[910.226s][info][gc,ergo        ] GC(6848) Free: 120M, Max: 256K regular, 54016K humongous, Frag: 57% external, 2% internal; Reserve: 12544K, Max: 256K
[910.226s][info][gc,start       ] GC(6848) Concurrent evacuation
[910.226s][info][gc,task        ] GC(6848) Using 6 of 24 workers for concurrent evacuation
[910.230s][info][gc             ] GC(6848) Concurrent evacuation 3.720ms
[910.230s][info][gc,start       ] GC(6848) Pause Init Update Refs
[910.230s][info][gc,ergo        ] GC(6848) Pacer for Update Refs. Used: 121M, Free: 120M, Non-Taxable: 12349K, Alloc Tax Rate: 1.2x
[910.230s][info][gc             ] GC(6848) Pause Init Update Refs 0.266ms
[910.230s][info][gc,start       ] GC(6848) Concurrent update references
[910.230s][info][gc,task        ] GC(6848) Using 6 of 24 workers for concurrent reference update
[910.247s][info][gc             ] GC(6848) Concurrent update references 16.578ms
[910.249s][info][gc,start       ] GC(6848) Pause Final Update Refs
[910.249s][info][gc,task        ] GC(6848) Using 6 of 24 workers for final reference update
[910.249s][info][gc             ] GC(6848) Pause Final Update Refs 0.255ms
[910.249s][info][gc,start       ] GC(6848) Concurrent cleanup
[910.250s][info][gc             ] GC(6848) Concurrent cleanup 176M->172M(256M) 0.776ms
[910.250s][info][gc             ] GC(6848) Dat log --- cycle is complete
Current gc epoch: 5550
heap: ______
capacity: 268435456
used: 180508240
committed: 268435456
bytes_allocated_since_gc_start: 179044880
hot_size: 0
cold_size: 3133334
num_regions: 1024
hot_region_count: 18446744073709405018
cold_region_count: 146618
histogram: Placeholder

[910.250s][info][gc             ] GC(6848) Obj count ac histogram
[910.250s][info][gc             ] GC(6848) 	0: 207001
[910.250s][info][gc             ] GC(6848) 	1: 15
[910.250s][info][gc             ] GC(6848) 	2: 4354
[910.250s][info][gc             ] GC(6848) 	3: 4449
[910.250s][info][gc             ] GC(6848) 	4: 897
[910.250s][info][gc             ] GC(6848) 	5: 15
[910.250s][info][gc             ] GC(6848) 	6: 0
[910.250s][info][gc             ] GC(6848) 	7: 0
[910.250s][info][gc             ] GC(6848) 	8: 0
[910.250s][info][gc             ] GC(6848) 	9: 0
[910.250s][info][gc             ] GC(6848) 	10: 0
[910.250s][info][gc             ] GC(6848) 	11: 0
[910.250s][info][gc             ] GC(6848) 	12: 0
[910.250s][info][gc             ] GC(6848) 	13: 0
[910.250s][info][gc             ] GC(6848) 	14: 0
[910.250s][info][gc             ] GC(6848) 	15: 0
[910.250s][info][gc             ] GC(6848) 	16: 0
[910.250s][info][gc             ] GC(6848) 	17: 0
[910.250s][info][gc             ] GC(6848) 	18: 0
[910.250s][info][gc             ] GC(6848) 	19: 0
[910.250s][info][gc             ] GC(6848) Obj size ac histogram
[910.250s][info][gc             ] GC(6848) 	0: 2344246
[910.250s][info][gc             ] GC(6848) 	1: 720
[910.250s][info][gc             ] GC(6848) 	2: 56791
[910.250s][info][gc             ] GC(6848) 	3: 41433
[910.250s][info][gc             ] GC(6848) 	4: 5560
[910.250s][info][gc             ] GC(6848) 	5: 150
[910.250s][info][gc             ] GC(6848) 	6: 0
[910.250s][info][gc             ] GC(6848) 	7: 0
[910.250s][info][gc             ] GC(6848) 	8: 0
[910.250s][info][gc             ] GC(6848) 	9: 0
[910.250s][info][gc             ] GC(6848) 	10: 0
[910.250s][info][gc             ] GC(6848) 	11: 0
[910.250s][info][gc             ] GC(6848) 	12: 0
[910.250s][info][gc             ] GC(6848) 	13: 0
[910.250s][info][gc             ] GC(6848) 	14: 0
[910.250s][info][gc             ] GC(6848) 	15: 0
[910.250s][info][gc             ] GC(6848) 	16: 0
[910.250s][info][gc             ] GC(6848) 	17: 0
[910.250s][info][gc             ] GC(6848) 	18: 0
[910.250s][info][gc             ] GC(6848) 	19: 0
[910.250s][info][gc,ergo        ] Free: 64107K, Max: 256K regular, 53504K humongous, Frag: 17% external, 5% internal; Reserve: 13312K, Max: 256K
[910.250s][info][gc,stats       ] 
[910.250s][info][gc,stats       ] All times are wall-clock times, except per-root-class counters, that are sum over
[910.250s][info][gc,stats       ] all workers. Dividing the <total> over the root stage time estimates parallelism.
[910.250s][info][gc,stats       ] 
[910.250s][info][gc,stats       ] Concurrent Reset                    564 us
[910.250s][info][gc,stats       ] Pause Init Mark (G)                2928 us
[910.250s][info][gc,stats       ] Pause Init Mark (N)                2103 us
[910.250s][info][gc,stats       ]   Accumulate Stats                    6 us
[910.250s][info][gc,stats       ]   Make Parsable                      48 us
[910.250s][info][gc,stats       ]   Update Region States               11 us
[910.250s][info][gc,stats       ]   Scan Roots                       1320 us, parallelism: 1.23x
[910.250s][info][gc,stats       ]     S: <total>                     1618 us
[910.250s][info][gc,stats       ]     S: Thread Roots                 397 us, workers (us):  46,  75, 212,  15,   1,  48, ---, ---, ---, ---, ---, ---, ---, ---, ---, ---, ---, ---, ---, ---, ---, ---, ---, ---, 
[910.250s][info][gc,stats       ]     S: Universe Roots                18 us, workers (us):  18, ---, ---, ---, ---, ---, ---, ---, ---, ---, ---, ---, ---, ---, ---, ---, ---, ---, ---, ---, ---, ---, ---, ---, 
[910.250s][info][gc,stats       ]     S: JNI Handles Roots             25 us, workers (us): ---, ---, ---,  25, ---, ---, ---, ---, ---, ---, ---, ---, ---, ---, ---, ---, ---, ---, ---, ---, ---, ---, ---, ---, 
[910.250s][info][gc,stats       ]     S: Synchronizer Roots             0 us, workers (us): ---,   0, ---, ---, ---, ---, ---, ---, ---, ---, ---, ---, ---, ---, ---, ---, ---, ---, ---, ---, ---, ---, ---, ---, 
[910.250s][info][gc,stats       ]     S: Management Roots               2 us, workers (us): ---,   2, ---, ---, ---, ---, ---, ---, ---, ---, ---, ---, ---, ---, ---, ---, ---, ---, ---, ---, ---, ---, ---, ---, 
[910.250s][info][gc,stats       ]     S: System Dict Roots             44 us, workers (us): ---,  44, ---, ---, ---, ---, ---, ---, ---, ---, ---, ---, ---, ---, ---, ---, ---, ---, ---, ---, ---, ---, ---, ---, 
[910.250s][info][gc,stats       ]     S: CLDG Roots                  1130 us, workers (us):  14, ---, ---, ---, 1104,  12, ---, ---, ---, ---, ---, ---, ---, ---, ---, ---, ---, ---, ---, ---, ---, ---, ---, ---, 
[910.250s][info][gc,stats       ]     S: JVMTI Roots                    1 us, workers (us): ---, ---,   1, ---, ---, ---, ---, ---, ---, ---, ---, ---, ---, ---, ---, ---, ---, ---, ---, ---, ---, ---, ---, ---, 
[910.250s][info][gc,stats       ]   Resize TLABs                        6 us
[910.250s][info][gc,stats       ] Concurrent Marking                64141 us
[910.250s][info][gc,stats       ] Concurrent Precleaning             4204 us
[910.250s][info][gc,stats       ] Pause Final Mark (G)              61039 us
[910.250s][info][gc,stats       ] Pause Final Mark (N)              59809 us
[910.250s][info][gc,stats       ]   Finish Queues                     212 us
[910.250s][info][gc,stats       ]   Weak References                    41 us
[910.250s][info][gc,stats       ]     Process                          31 us
[910.250s][info][gc,stats       ]   System Purge                      225 us
[910.250s][info][gc,stats       ]     Unload Classes                   95 us
[910.250s][info][gc,stats       ]     Cleanup                       56197 us, parallelism: 1.75x
[910.250s][info][gc,stats       ]       CU: <total>                 98448 us
[910.250s][info][gc,stats       ]       CU: Code Cache Roots        78490 us, workers (us): 13076, 12993, 12968, 13249, 13018, 13185, ---, ---, ---, ---, ---, ---, ---, ---, ---, ---, ---, ---, ---, ---, ---, ---, ---, ---, 
[910.250s][info][gc,stats       ]       CU: Code Cache Cleaning      5131 us, workers (us): 835, 820, 969, 834, 836, 836, ---, ---, ---, ---, ---, ---, ---, ---, ---, ---, ---, ---, ---, ---, ---, ---, ---, ---, 
[910.250s][info][gc,stats       ]       CU: String Table Roots       3338 us, workers (us): 591, 671, 692, 374, 600, 410, ---, ---, ---, ---, ---, ---, ---, ---, ---, ---, ---, ---, ---, ---, ---, ---, ---, ---, 
[910.250s][info][gc,stats       ]       CU: Resolved Table Roots       17 us, workers (us):   0,  17,   0,   0,   0,   0, ---, ---, ---, ---, ---, ---, ---, ---, ---, ---, ---, ---, ---, ---, ---, ---, ---, ---, 
[910.250s][info][gc,stats       ]       CU: CLDG Roots              11473 us, workers (us): 1932, 1907, 1816, 1951, 1906, 1959, ---, ---, ---, ---, ---, ---, ---, ---, ---, ---, ---, ---, ---, ---, ---, ---, ---, ---, 
[910.250s][info][gc,stats       ]     Weak Roots                      224 us
[910.250s][info][gc,stats       ]     CLDG                              1 us
[910.250s][info][gc,stats       ]   Update Region States               23 us
[910.250s][info][gc,stats       ]   Retire TLABs                       44 us
[910.250s][info][gc,stats       ]   Choose Collection Set             294 us
[910.250s][info][gc,stats       ]   Rebuild Free Set                   14 us
[910.250s][info][gc,stats       ]   Initial Evacuation               2482 us, parallelism: 2.57x
[910.250s][info][gc,stats       ]     E: <total>                     6386 us
[910.250s][info][gc,stats       ]     E: Thread Roots                 206 us, workers (us): 169,  31,   2,   1,   1,   2, ---, ---, ---, ---, ---, ---, ---, ---, ---, ---, ---, ---, ---, ---, ---, ---, ---, ---, 
[910.250s][info][gc,stats       ]     E: Code Cache Roots            5162 us, workers (us): 754, 626, 1078, 289, 1313, 1102, ---, ---, ---, ---, ---, ---, ---, ---, ---, ---, ---, ---, ---, ---, ---, ---, ---, ---, 
[910.251s][info][gc,stats       ]     E: Universe Roots                 6 us, workers (us):   6, ---, ---, ---, ---, ---, ---, ---, ---, ---, ---, ---, ---, ---, ---, ---, ---, ---, ---, ---, ---, ---, ---, ---, 
[910.251s][info][gc,stats       ]     E: JNI Handles Roots              2 us, workers (us):   2, ---, ---, ---, ---, ---, ---, ---, ---, ---, ---, ---, ---, ---, ---, ---, ---, ---, ---, ---, ---, ---, ---, ---, 
[910.251s][info][gc,stats       ]     E: Synchronizer Roots             0 us, workers (us):   0, ---, ---, ---, ---, ---, ---, ---, ---, ---, ---, ---, ---, ---, ---, ---, ---, ---, ---, ---, ---, ---, ---, ---, 
[910.251s][info][gc,stats       ]     E: Management Roots               2 us, workers (us):   2, ---, ---, ---, ---, ---, ---, ---, ---, ---, ---, ---, ---, ---, ---, ---, ---, ---, ---, ---, ---, ---, ---, ---, 
[910.251s][info][gc,stats       ]     E: System Dict Roots             13 us, workers (us):  13, ---, ---, ---, ---, ---, ---, ---, ---, ---, ---, ---, ---, ---, ---, ---, ---, ---, ---, ---, ---, ---, ---, ---, 
[910.251s][info][gc,stats       ]     E: CLDG Roots                   994 us, workers (us): ---, 282, ---, 648, ---,  64, ---, ---, ---, ---, ---, ---, ---, ---, ---, ---, ---, ---, ---, ---, ---, ---, ---, ---, 
[910.251s][info][gc,stats       ]     E: JVMTI Roots                    1 us, workers (us): ---,   1, ---, ---, ---, ---, ---, ---, ---, ---, ---, ---, ---, ---, ---, ---, ---, ---, ---, ---, ---, ---, ---, ---, 
[910.251s][info][gc,stats       ] Concurrent Cleanup                16354 us
[910.251s][info][gc,stats       ] Concurrent Evacuation              3708 us
[910.251s][info][gc,stats       ] Pause Init  Update Refs (G)         555 us
[910.251s][info][gc,stats       ] Pause Init  Update Refs (N)         224 us
[910.251s][info][gc,stats       ]   Retire GCLABs                     211 us
[910.251s][info][gc,stats       ] Concurrent Update Refs            16563 us
[910.251s][info][gc,stats       ] Pause Final Update Refs (G)        2061 us
[910.251s][info][gc,stats       ] Pause Final Update Refs (N)         216 us
[910.251s][info][gc,stats       ]   Update Roots                      136 us, parallelism: 1.39x
[910.251s][info][gc,stats       ]     UR: <total>                     189 us
[910.251s][info][gc,stats       ]     UR: Thread Roots                189 us, workers (us):  85,  25,  29,  18,  28,   4, ---, ---, ---, ---, ---, ---, ---, ---, ---, ---, ---, ---, ---, ---, ---, ---, ---, ---, 
[910.251s][info][gc,stats       ]   Update Region States               38 us
[910.251s][info][gc,stats       ]   Trash Collection Set                8 us
[910.251s][info][gc,stats       ]   Rebuild Free Set                   19 us
[910.251s][info][gc,stats       ] Concurrent Cleanup                  746 us
[910.251s][info][gc,stats       ] Pacing                            71595 us
[910.251s][info][gc,stats       ] 
[910.251s][info][gc,stats       ] Allocation pacing accrued:
[910.251s][info][gc,stats       ]      72 of   175 ms ( 40.9%): pl.nadoba.jvm.gc.benchmark.App.main()
[910.251s][info][gc,stats       ]      72 of   175 ms ( 40.9%): <total>
[910.251s][info][gc,stats       ]       7 of   175 ms (  4.1%): <average total>
[910.251s][info][gc,stats       ]      72 of   175 ms ( 40.9%): <average non-zero>
[910.251s][info][gc,stats       ] 
[910.251s][info][gc,metaspace   ] Metaspace: 24281K->24281K(1071104K)
[910.251s][info][gc,ergo        ] Pacer for Idle. Initial: 5242K, Alloc Tax Rate: 1.0x
[910.252s][info][gc             ] Trigger: Start next cycle immediately
[910.252s][info][gc,ergo        ] Free: 58475K, Max: 256K regular, 49152K humongous, Frag: 16% external, 6% internal; Reserve: 13312K, Max: 256K
[910.252s][info][gc,start       ] GC(6849) Concurrent reset
[910.252s][info][gc,task        ] GC(6849) Using 6 of 24 workers for concurrent reset
[910.252s][info][gc,ergo        ] GC(6849) Pacer for Reset. Non-Taxable: 256M
[910.253s][info][gc             ] GC(6849) Concurrent reset 0.699ms
[910.253s][info][gc,start       ] GC(6849) Pause Init Mark (process weakrefs) (unload classes)
[910.253s][info][gc,task        ] GC(6849) Using 6 of 24 workers for init marking
[910.254s][info][gc,ergo        ] GC(6849) Pacer for Mark. Expected Live: 10868K, Free: 58475K, Non-Taxable: 5847K, Alloc Tax Rate: 0.2x
[910.254s][info][gc             ] GC(6849) Pause Init Mark (process weakrefs) (unload classes) 1.496ms
[910.254s][info][gc,start       ] GC(6849) Concurrent marking (process weakrefs) (unload classes)
[910.254s][info][gc,task        ] GC(6849) Using 6 of 24 workers for concurrent marking
[910.323s][info][gc             ] GC(6849) Concurrent marking (process weakrefs) (unload classes) 68.850ms
[910.323s][info][gc,start       ] GC(6849) Concurrent precleaning
[910.323s][info][gc,task        ] GC(6849) Using 1 of 24 workers for concurrent preclean
[910.323s][info][gc,ergo        ] GC(6849) Pacer for Precleaning. Non-Taxable: 256M
[910.324s][info][gc             ] Failed to allocate Shared, 4096K
[910.324s][info][gc             ] Cancelling GC: Allocation Failure
[910.326s][info][gc             ] GC(6849) Concurrent precleaning 2.361ms
[910.326s][info][gc,start       ] GC(6849) Pause Final Mark (process weakrefs) (unload classes)
[910.326s][info][gc,task        ] GC(6849) Using 6 of 24 workers for final marking
[910.326s][info][gc             ] GC(6849) Pause Final Mark (process weakrefs) (unload classes) 0.358ms
[910.326s][info][gc,start       ] GC(6849) Concurrent cleanup
[910.326s][info][gc             ] GC(6849) Concurrent cleanup 223M->223M(256M) 0.095ms
[910.326s][info][gc,ergo        ] GC(6849) Free: 8555K, Max: 256K regular, 3072K humongous, Frag: 63% external, 25% internal; Reserve: 13312K, Max: 256K
[910.326s][info][gc             ] GC(6849) Dat log --- cycle is complete
Current gc epoch: 5551
heap: ______
capacity: 268435456
used: 234248144
committed: 268435456
bytes_allocated_since_gc_start: 51118344
hot_size: 0
cold_size: 2079412
num_regions: 1024
hot_region_count: 18446744073709405018
cold_region_count: 146618
histogram: Placeholder

[910.326s][info][gc             ] GC(6849) Obj count ac histogram
[910.326s][info][gc             ] GC(6849) 	0: 211879
[910.326s][info][gc             ] GC(6849) 	1: 15
[910.326s][info][gc             ] GC(6849) 	2: 4216
[910.326s][info][gc             ] GC(6849) 	3: 3621
[910.326s][info][gc             ] GC(6849) 	4: 769
[910.326s][info][gc             ] GC(6849) 	5: 15
[910.326s][info][gc             ] GC(6849) 	6: 0
[910.326s][info][gc             ] GC(6849) 	7: 0
[910.326s][info][gc             ] GC(6849) 	8: 0
[910.326s][info][gc             ] GC(6849) 	9: 0
[910.326s][info][gc             ] GC(6849) 	10: 0
[910.326s][info][gc             ] GC(6849) 	11: 0
[910.326s][info][gc             ] GC(6849) 	12: 0
[910.326s][info][gc             ] GC(6849) 	13: 0
[910.326s][info][gc             ] GC(6849) 	14: 0
[910.326s][info][gc             ] GC(6849) 	15: 0
[910.326s][info][gc             ] GC(6849) 	16: 0
[910.326s][info][gc             ] GC(6849) 	17: 0
[910.327s][info][gc             ] GC(6849) 	18: 0
[910.327s][info][gc             ] GC(6849) 	19: 0
[910.327s][info][gc             ] GC(6849) Obj size ac histogram
[910.327s][info][gc             ] GC(6849) 	0: 1320857
[910.327s][info][gc             ] GC(6849) 	1: 720
[910.327s][info][gc             ] GC(6849) 	2: 55072
[910.327s][info][gc             ] GC(6849) 	3: 34402
[910.327s][info][gc             ] GC(6849) 	4: 4679
[910.327s][info][gc             ] GC(6849) 	5: 150
[910.327s][info][gc             ] GC(6849) 	6: 0
[910.327s][info][gc             ] GC(6849) 	7: 0
[910.327s][info][gc             ] GC(6849) 	8: 0
[910.327s][info][gc             ] GC(6849) 	9: 0
[910.327s][info][gc             ] GC(6849) 	10: 0
[910.327s][info][gc             ] GC(6849) 	11: 0
[910.327s][info][gc             ] GC(6849) 	12: 0
[910.327s][info][gc             ] GC(6849) 	13: 0
[910.327s][info][gc             ] GC(6849) 	14: 0
[910.327s][info][gc             ] GC(6849) 	15: 0
[910.327s][info][gc             ] GC(6849) 	16: 0
[910.327s][info][gc             ] GC(6849) 	17: 0
[910.327s][info][gc             ] GC(6849) 	18: 0
[910.327s][info][gc             ] GC(6849) 	19: 0
[910.327s][info][gc,ergo        ] Free: 8555K, Max: 256K regular, 3072K humongous, Frag: 63% external, 25% internal; Reserve: 13312K, Max: 256K
[910.327s][info][gc,stats       ] 
[910.327s][info][gc,stats       ] All times are wall-clock times, except per-root-class counters, that are sum over
[910.327s][info][gc,stats       ] all workers. Dividing the <total> over the root stage time estimates parallelism.
[910.327s][info][gc,stats       ] 
[910.327s][info][gc,stats       ] Concurrent Reset                    684 us
[910.327s][info][gc,stats       ] Pause Init Mark (G)                1755 us
[910.327s][info][gc,stats       ] Pause Init Mark (N)                1444 us
[910.327s][info][gc,stats       ]   Accumulate Stats                    5 us
[910.327s][info][gc,stats       ]   Make Parsable                      44 us
[910.327s][info][gc,stats       ]   Update Region States               10 us
[910.327s][info][gc,stats       ]   Scan Roots                        768 us, parallelism: 1.30x
[910.327s][info][gc,stats       ]     S: <total>                     1001 us
[910.327s][info][gc,stats       ]     S: Thread Roots                 294 us, workers (us):   1, 111,  45,  39,  17,  81, ---, ---, ---, ---, ---, ---, ---, ---, ---, ---, ---, ---, ---, ---, ---, ---, ---, ---, 
[910.327s][info][gc,stats       ]     S: Universe Roots                16 us, workers (us):  16, ---, ---, ---, ---, ---, ---, ---, ---, ---, ---, ---, ---, ---, ---, ---, ---, ---, ---, ---, ---, ---, ---, ---, 
[910.327s][info][gc,stats       ]     S: JNI Handles Roots              8 us, workers (us):   8, ---, ---, ---, ---, ---, ---, ---, ---, ---, ---, ---, ---, ---, ---, ---, ---, ---, ---, ---, ---, ---, ---, ---, 
[910.327s][info][gc,stats       ]     S: Synchronizer Roots             0 us, workers (us):   0, ---, ---, ---, ---, ---, ---, ---, ---, ---, ---, ---, ---, ---, ---, ---, ---, ---, ---, ---, ---, ---, ---, ---, 
[910.327s][info][gc,stats       ]     S: Management Roots               1 us, workers (us):   1, ---, ---, ---, ---, ---, ---, ---, ---, ---, ---, ---, ---, ---, ---, ---, ---, ---, ---, ---, ---, ---, ---, ---, 
[910.327s][info][gc,stats       ]     S: System Dict Roots             14 us, workers (us):  14, ---, ---, ---, ---, ---, ---, ---, ---, ---, ---, ---, ---, ---, ---, ---, ---, ---, ---, ---, ---, ---, ---, ---, 
[910.327s][info][gc,stats       ]     S: CLDG Roots                   667 us, workers (us): 661,   6, ---, ---, ---, ---, ---, ---, ---, ---, ---, ---, ---, ---, ---, ---, ---, ---, ---, ---, ---, ---, ---, ---, 
[910.327s][info][gc,stats       ]     S: JVMTI Roots                    1 us, workers (us):   1, ---, ---, ---, ---, ---, ---, ---, ---, ---, ---, ---, ---, ---, ---, ---, ---, ---, ---, ---, ---, ---, ---, ---, 
[910.327s][info][gc,stats       ]   Resize TLABs                        5 us
[910.327s][info][gc,stats       ] Concurrent Marking                68799 us
[910.327s][info][gc,stats       ] Concurrent Precleaning             2338 us
[910.327s][info][gc,stats       ] Pause Final Mark (G)                590 us
[910.327s][info][gc,stats       ] Pause Final Mark (N)                328 us
[910.327s][info][gc,stats       ] Concurrent Cleanup                   76 us
[910.327s][info][gc,stats       ] Pacing                            61565 us
[910.327s][info][gc,stats       ] 
[910.327s][info][gc,stats       ] Allocation pacing accrued:
[910.327s][info][gc,stats       ]      62 of    76 ms ( 80.6%): pl.nadoba.jvm.gc.benchmark.App.main()
[910.327s][info][gc,stats       ]      62 of    76 ms ( 80.6%): <total>
[910.327s][info][gc,stats       ]       6 of    76 ms (  8.1%): <average total>
[910.327s][info][gc,stats       ]      62 of    76 ms ( 80.6%): <average non-zero>
[910.327s][info][gc,stats       ] 
[910.327s][info][gc,metaspace   ] Metaspace: 24281K->24281K(1071104K)
[910.327s][info][gc,ergo        ] Pacer for Idle. Initial: 5242K, Alloc Tax Rate: 1.0x
[910.328s][info][gc             ] Trigger: Handle Allocation Failure
[910.328s][info][gc,ergo        ] Free: 8555K, Max: 256K regular, 3072K humongous, Frag: 63% external, 25% internal; Reserve: 13312K, Max: 256K
[910.328s][info][gc,start       ] GC(6850) Pause Degenerated GC (Outside of Cycle)
[910.329s][info][gc,task        ] GC(6850) Using 6 of 24 workers for stw degenerated gc
[910.329s][info][gc,ergo        ] GC(6850) Pacer for Reset. Non-Taxable: 256M
[910.331s][info][gc,ergo        ] GC(6850) Pacer for Mark. Expected Live: 10459K, Free: 8555K, Non-Taxable: 855K, Alloc Tax Rate: 1.5x
[910.448s][info][gc,stringtable ] GC(6850) Cleaned string and symbol table, strings: 8172 processed, 0 removed, symbols: 68000 processed, 0 removed
[910.448s][info][gc,ergo        ] GC(6850) Collectable Garbage: 214M (100%), Immediate: 213M (99%), CSet: 1516K (0%)
[910.448s][info][gc,ergo        ] GC(6850) Pacer for Evacuation. Used CSet: 5376K, Free: 233M, Non-Taxable: 23869K, Alloc Tax Rate: 1.1x
[910.479s][info][gc,ergo        ] GC(6850) Pacer for Update Refs. Used: 14484K, Free: 233M, Non-Taxable: 23869K, Alloc Tax Rate: 1.1x
[910.495s][info][gc,ergo        ] GC(6850) Good progress for free space: 234M, need 2621K
[910.495s][info][gc,ergo        ] GC(6850) Good progress for used space: 214M, need 256K
[910.495s][info][gc             ] GC(6850) Pause Degenerated GC (Outside of Cycle) 223M->8M(256M) 166.828ms
[910.495s][info][gc,ergo        ] Free: 234M, Max: 256K regular, 229M humongous, Frag: 2% external, 1% internal; Reserve: 13312K, Max: 256K
[910.496s][info][gc,stats       ] 
[910.496s][info][gc,stats       ] All times are wall-clock times, except per-root-class counters, that are sum over
[910.496s][info][gc,stats       ] all workers. Dividing the <total> over the root stage time estimates parallelism.
[910.496s][info][gc,stats       ] 
[910.496s][info][gc,stats       ]   Accumulate Stats                    6 us
[910.496s][info][gc,stats       ]   Make Parsable                      48 us
[910.496s][info][gc,stats       ]   Update Region States               14 us
[910.496s][info][gc,stats       ]   Scan Roots                       1079 us, parallelism: 1.35x
[910.496s][info][gc,stats       ]     S: <total>                     1458 us
[910.496s][info][gc,stats       ]     S: Thread Roots                 377 us, workers (us): 186,  23,   1,  29,  85,  53, ---, ---, ---, ---, ---, ---, ---, ---, ---, ---, ---, ---, ---, ---, ---, ---, ---, ---, 
[910.496s][info][gc,stats       ]     S: Universe Roots                32 us, workers (us):  32, ---, ---, ---, ---, ---, ---, ---, ---, ---, ---, ---, ---, ---, ---, ---, ---, ---, ---, ---, ---, ---, ---, ---, 
[910.496s][info][gc,stats       ]     S: JNI Handles Roots             14 us, workers (us): ---,  14, ---, ---, ---, ---, ---, ---, ---, ---, ---, ---, ---, ---, ---, ---, ---, ---, ---, ---, ---, ---, ---, ---, 
[910.496s][info][gc,stats       ]     S: Synchronizer Roots             0 us, workers (us):   0, ---, ---, ---, ---, ---, ---, ---, ---, ---, ---, ---, ---, ---, ---, ---, ---, ---, ---, ---, ---, ---, ---, ---, 
[910.496s][info][gc,stats       ]     S: Management Roots               2 us, workers (us):   2, ---, ---, ---, ---, ---, ---, ---, ---, ---, ---, ---, ---, ---, ---, ---, ---, ---, ---, ---, ---, ---, ---, ---, 
[910.496s][info][gc,stats       ]     S: System Dict Roots             43 us, workers (us):  43, ---, ---, ---, ---, ---, ---, ---, ---, ---, ---, ---, ---, ---, ---, ---, ---, ---, ---, ---, ---, ---, ---, ---, 
[910.496s][info][gc,stats       ]     S: CLDG Roots                   989 us, workers (us): ---,  12, 952,  25, ---, ---, ---, ---, ---, ---, ---, ---, ---, ---, ---, ---, ---, ---, ---, ---, ---, ---, ---, ---, 
[910.496s][info][gc,stats       ]     S: JVMTI Roots                    1 us, workers (us): ---,   1, ---, ---, ---, ---, ---, ---, ---, ---, ---, ---, ---, ---, ---, ---, ---, ---, ---, ---, ---, ---, ---, ---, 
[910.496s][info][gc,stats       ]   Resize TLABs                        5 us
[910.496s][info][gc,stats       ]   Finish Queues                   56304 us
[910.496s][info][gc,stats       ]   Weak References                  3362 us
[910.496s][info][gc,stats       ]     Process                        3348 us
[910.496s][info][gc,stats       ]   System Purge                      180 us
[910.496s][info][gc,stats       ]     Unload Classes                   88 us
[910.496s][info][gc,stats       ]     Cleanup                       56467 us, parallelism: 1.79x
[910.496s][info][gc,stats       ]       CU: <total>                101276 us
[910.496s][info][gc,stats       ]       CU: Code Cache Roots        82190 us, workers (us): 13577, 13687, 13525, 14162, 13496, 13743, ---, ---, ---, ---, ---, ---, ---, ---, ---, ---, ---, ---, ---, ---, ---, ---, ---, ---, 
[910.496s][info][gc,stats       ]       CU: Code Cache Cleaning      4566 us, workers (us): 753, 755, 738, 753, 813, 754, ---, ---, ---, ---, ---, ---, ---, ---, ---, ---, ---, ---, ---, ---, ---, ---, ---, ---, 
[910.496s][info][gc,stats       ]       CU: String Table Roots       3025 us, workers (us): 641, 518, 675,  39, 699, 453, ---, ---, ---, ---, ---, ---, ---, ---, ---, ---, ---, ---, ---, ---, ---, ---, ---, ---, 
[910.496s][info][gc,stats       ]       CU: Resolved Table Roots       18 us, workers (us):   0,   0,  17,   0,   0,   0, ---, ---, ---, ---, ---, ---, ---, ---, ---, ---, ---, ---, ---, ---, ---, ---, ---, ---, 
[910.496s][info][gc,stats       ]       CU: CLDG Roots              11476 us, workers (us): 1948, 1893, 1908, 1936, 1885, 1905, ---, ---, ---, ---, ---, ---, ---, ---, ---, ---, ---, ---, ---, ---, ---, ---, ---, ---, 
[910.496s][info][gc,stats       ]     Weak Roots                      179 us
[910.496s][info][gc,stats       ]     CLDG                              1 us
[910.496s][info][gc,stats       ]   Update Region States               21 us
[910.496s][info][gc,stats       ]   Retire TLABs                        7 us
[910.496s][info][gc,stats       ]   Choose Collection Set             611 us
[910.496s][info][gc,stats       ]   Rebuild Free Set                   18 us
[910.496s][info][gc,stats       ]   Initial Evacuation                  7 us
[910.496s][info][gc,stats       ]   Retire GCLABs                     131 us
[910.496s][info][gc,stats       ]   Finish Work                     14037 us
[910.496s][info][gc,stats       ]   Update Region States               22 us
[910.496s][info][gc,stats       ]   Trash Collection Set                5 us
[910.496s][info][gc,stats       ]   Rebuild Free Set                   21 us
[910.496s][info][gc,stats       ] Pause Degenerated GC (G)         167164 us
[910.496s][info][gc,stats       ] Pause Degenerated GC (N)         166786 us
[910.496s][info][gc,stats       ]   Degen Update Roots               1260 us, parallelism: 3.20x
[910.496s][info][gc,stats       ]     DU: <total>                    4037 us
[910.496s][info][gc,stats       ]     DU: Thread Roots                121 us, workers (us):   1,  74,   1,  43,   1,   0, ---, ---, ---, ---, ---, ---, ---, ---, ---, ---, ---, ---, ---, ---, ---, ---, ---, ---, 
[910.496s][info][gc,stats       ]     DU: Code Cache Roots           3432 us, workers (us): 956, 670, 772, 486, 547,   0, ---, ---, ---, ---, ---, ---, ---, ---, ---, ---, ---, ---, ---, ---, ---, ---, ---, ---, 
[910.496s][info][gc,stats       ]     DU: Universe Roots                7 us, workers (us):   7, ---, ---, ---, ---, ---, ---, ---, ---, ---, ---, ---, ---, ---, ---, ---, ---, ---, ---, ---, ---, ---, ---, ---, 
[910.496s][info][gc,stats       ]     DU: JNI Handles Roots             3 us, workers (us):   3, ---, ---, ---, ---, ---, ---, ---, ---, ---, ---, ---, ---, ---, ---, ---, ---, ---, ---, ---, ---, ---, ---, ---, 
[910.496s][info][gc,stats       ]     DU: Synchronizer Roots            0 us, workers (us):   0, ---, ---, ---, ---, ---, ---, ---, ---, ---, ---, ---, ---, ---, ---, ---, ---, ---, ---, ---, ---, ---, ---, ---, 
[910.496s][info][gc,stats       ]     DU: Management Roots              2 us, workers (us):   2, ---, ---, ---, ---, ---, ---, ---, ---, ---, ---, ---, ---, ---, ---, ---, ---, ---, ---, ---, ---, ---, ---, ---, 
[910.496s][info][gc,stats       ]     DU: System Dict Roots            16 us, workers (us):  16, ---, ---, ---, ---, ---, ---, ---, ---, ---, ---, ---, ---, ---, ---, ---, ---, ---, ---, ---, ---, ---, ---, ---, 
[910.496s][info][gc,stats       ]     DU: CLDG Roots                  455 us, workers (us): ---, ---,  52, 209, 195, ---, ---, ---, ---, ---, ---, ---, ---, ---, ---, ---, ---, ---, ---, ---, ---, ---, ---, ---, 
[910.496s][info][gc,stats       ]     DU: JVMTI Roots                   0 us, workers (us): ---,   0, ---, ---, ---, ---, ---, ---, ---, ---, ---, ---, ---, ---, ---, ---, ---, ---, ---, ---, ---, ---, ---, ---, 
[910.496s][info][gc,stats       ] 
[910.496s][info][gc,stats       ] Allocation pacing accrued:
[910.496s][info][gc,stats       ]       0 of   169 ms (  0.0%): <total>
[910.496s][info][gc,stats       ]       0 of   169 ms (  0.0%): <average total>
[910.496s][info][gc,stats       ] 
[910.496s][info][gc,metaspace   ] Metaspace: 24281K->24281K(1071104K)
[910.496s][info][gc,ergo        ] Pacer for Idle. Initial: 5242K, Alloc Tax Rate: 1.0x
[910.497s][info][gc             ] Trigger: Start next cycle immediately
[910.497s][info][gc,ergo        ] Free: 229M, Max: 256K regular, 225M humongous, Frag: 2% external, 1% internal; Reserve: 13312K, Max: 256K
[910.497s][info][gc,start       ] GC(6851) Concurrent reset
[910.497s][info][gc,task        ] GC(6851) Using 6 of 24 workers for concurrent reset
[910.497s][info][gc,ergo        ] GC(6851) Pacer for Reset. Non-Taxable: 256M
[910.498s][info][gc             ] GC(6851) Concurrent reset 0.398ms
[910.498s][info][gc,start       ] GC(6851) Pause Init Mark (process weakrefs) (unload classes)
[910.498s][info][gc,task        ] GC(6851) Using 6 of 24 workers for init marking
[910.499s][info][gc,ergo        ] GC(6851) Pacer for Mark. Expected Live: 10459K, Free: 229M, Non-Taxable: 23511K, Alloc Tax Rate: 0.1x
[910.499s][info][gc             ] GC(6851) Pause Init Mark (process weakrefs) (unload classes) 1.422ms
[910.499s][info][gc,start       ] GC(6851) Concurrent marking (process weakrefs) (unload classes)
[910.500s][info][gc,task        ] GC(6851) Using 6 of 24 workers for concurrent marking
[910.561s][info][gc             ] GC(6851) Concurrent marking (process weakrefs) (unload classes) 61.338ms
[910.561s][info][gc,start       ] GC(6851) Concurrent precleaning
[910.561s][info][gc,task        ] GC(6851) Using 1 of 24 workers for concurrent preclean
[910.561s][info][gc,ergo        ] GC(6851) Pacer for Precleaning. Non-Taxable: 256M
[910.565s][info][gc             ] GC(6851) Concurrent precleaning 3.899ms
[910.566s][info][gc,start       ] GC(6851) Pause Final Mark (process weakrefs) (unload classes)
[910.566s][info][gc,task        ] GC(6851) Using 6 of 24 workers for final marking
[910.619s][info][gc,stringtable ] GC(6851) Cleaned string and symbol table, strings: 8172 processed, 0 removed, symbols: 68000 processed, 0 removed
[910.619s][info][gc,ergo        ] GC(6851) Collectable Garbage: 4844K (100%), Immediate: 4096K (84%), CSet: 748K (15%)
[910.621s][info][gc,ergo        ] GC(6851) Pacer for Evacuation. Used CSet: 4608K, Free: 169M, Non-Taxable: 17367K, Alloc Tax Rate: 1.1x
[910.621s][info][gc             ] GC(6851) Pause Final Mark (process weakrefs) (unload classes) 55.551ms
[910.622s][info][gc,start       ] GC(6851) Concurrent cleanup
[910.622s][info][gc             ] GC(6851) Concurrent cleanup 75M->74M(256M) 0.700ms
[910.622s][info][gc,ergo        ] GC(6851) Free: 166M, Max: 256K regular, 161M humongous, Frag: 3% external, 1% internal; Reserve: 12670K, Max: 256K
[910.622s][info][gc,start       ] GC(6851) Concurrent evacuation
[910.622s][info][gc,task        ] GC(6851) Using 6 of 24 workers for concurrent evacuation
[910.626s][info][gc             ] GC(6851) Concurrent evacuation 4.031ms
[910.627s][info][gc,start       ] GC(6851) Pause Init Update Refs
[910.627s][info][gc,ergo        ] GC(6851) Pacer for Update Refs. Used: 95636K, Free: 150M, Non-Taxable: 15421K, Alloc Tax Rate: 1.1x
[910.627s][info][gc             ] GC(6851) Pause Init Update Refs 0.219ms
[910.627s][info][gc,start       ] GC(6851) Concurrent update references
[910.627s][info][gc,task        ] GC(6851) Using 6 of 24 workers for concurrent reference update
[910.642s][info][gc             ] GC(6851) Concurrent update references 15.373ms
[910.643s][info][gc,start       ] GC(6851) Pause Final Update Refs
[910.643s][info][gc,task        ] GC(6851) Using 6 of 24 workers for final reference update
[910.643s][info][gc             ] GC(6851) Pause Final Update Refs 0.230ms
[910.643s][info][gc,start       ] GC(6851) Concurrent cleanup
[910.644s][info][gc             ] GC(6851) Concurrent cleanup 151M->146M(256M) 0.912ms
[910.644s][info][gc             ] GC(6851) Dat log --- cycle is complete
Current gc epoch: 5552
heap: ______
capacity: 268435456
used: 154031504
committed: 268435456
bytes_allocated_since_gc_start: 151781640
hot_size: 0
cold_size: 5087008
num_regions: 1024
hot_region_count: 18446744073709404981
cold_region_count: 146654
histogram: Placeholder

[910.644s][info][gc             ] GC(6851) Obj count ac histogram
[910.644s][info][gc             ] GC(6851) 	0: 390375
[910.644s][info][gc             ] GC(6851) 	1: 30
[910.644s][info][gc             ] GC(6851) 	2: 6270
[910.644s][info][gc             ] GC(6851) 	3: 6770
[910.644s][info][gc             ] GC(6851) 	4: 7531
[910.644s][info][gc             ] GC(6851) 	5: 3069
[910.644s][info][gc             ] GC(6851) 	6: 19
[910.644s][info][gc             ] GC(6851) 	7: 0
[910.644s][info][gc             ] GC(6851) 	8: 0
[910.644s][info][gc             ] GC(6851) 	9: 0
[910.644s][info][gc             ] GC(6851) 	10: 0
[910.644s][info][gc             ] GC(6851) 	11: 0
[910.644s][info][gc             ] GC(6851) 	12: 0
[910.644s][info][gc             ] GC(6851) 	13: 0
[910.644s][info][gc             ] GC(6851) 	14: 0
[910.644s][info][gc             ] GC(6851) 	15: 0
[910.644s][info][gc             ] GC(6851) 	16: 0
[910.644s][info][gc             ] GC(6851) 	17: 0
[910.644s][info][gc             ] GC(6851) 	18: 0
[910.644s][info][gc             ] GC(6851) 	19: 0
[910.644s][info][gc             ] GC(6851) Obj size ac histogram
[910.644s][info][gc             ] GC(6851) 	0: 2457235
[910.644s][info][gc             ] GC(6851) 	1: 1440
[910.644s][info][gc             ] GC(6851) 	2: 79693
[910.644s][info][gc             ] GC(6851) 	3: 69147
[910.644s][info][gc             ] GC(6851) 	4: 80641
[910.644s][info][gc             ] GC(6851) 	5: 18648
[910.644s][info][gc             ] GC(6851) 	6: 190
[910.644s][info][gc             ] GC(6851) 	7: 0
[910.644s][info][gc             ] GC(6851) 	8: 0
[910.644s][info][gc             ] GC(6851) 	9: 0
[910.644s][info][gc             ] GC(6851) 	10: 0
[910.644s][info][gc             ] GC(6851) 	11: 0
[910.644s][info][gc             ] GC(6851) 	12: 0
[910.644s][info][gc             ] GC(6851) 	13: 0
[910.644s][info][gc             ] GC(6851) 	14: 0
[910.644s][info][gc             ] GC(6851) 	15: 0
[910.644s][info][gc             ] GC(6851) 	16: 0
[910.644s][info][gc             ] GC(6851) 	17: 0
[910.644s][info][gc             ] GC(6851) 	18: 0
[910.644s][info][gc             ] GC(6851) 	19: 0
[910.644s][info][gc,ergo        ] Free: 90987K, Max: 256K regular, 85504K humongous, Frag: 6% external, 4% internal; Reserve: 13312K, Max: 256K
[910.644s][info][gc,stats       ] 
[910.644s][info][gc,stats       ] All times are wall-clock times, except per-root-class counters, that are sum over
[910.644s][info][gc,stats       ] all workers. Dividing the <total> over the root stage time estimates parallelism.
[910.644s][info][gc,stats       ] 
[910.644s][info][gc,stats       ] Concurrent Reset                    380 us
[910.644s][info][gc,stats       ] Pause Init Mark (G)                1678 us
[910.645s][info][gc,stats       ] Pause Init Mark (N)                1387 us
[910.645s][info][gc,stats       ]   Accumulate Stats                    5 us
[910.645s][info][gc,stats       ]   Make Parsable                      34 us
[910.645s][info][gc,stats       ]   Update Region States                8 us
[910.645s][info][gc,stats       ]   Scan Roots                        663 us, parallelism: 1.66x
[910.645s][info][gc,stats       ]     S: <total>                     1104 us
[910.645s][info][gc,stats       ]     S: Thread Roots                 451 us, workers (us):  68,   1,  53, 101,  49, 179, ---, ---, ---, ---, ---, ---, ---, ---, ---, ---, ---, ---, ---, ---, ---, ---, ---, ---, 
[910.645s][info][gc,stats       ]     S: Universe Roots                31 us, workers (us):  31, ---, ---, ---, ---, ---, ---, ---, ---, ---, ---, ---, ---, ---, ---, ---, ---, ---, ---, ---, ---, ---, ---, ---, 
[910.645s][info][gc,stats       ]     S: JNI Handles Roots             12 us, workers (us): ---,  12, ---, ---, ---, ---, ---, ---, ---, ---, ---, ---, ---, ---, ---, ---, ---, ---, ---, ---, ---, ---, ---, ---, 
[910.645s][info][gc,stats       ]     S: Synchronizer Roots             0 us, workers (us):   0, ---, ---, ---, ---, ---, ---, ---, ---, ---, ---, ---, ---, ---, ---, ---, ---, ---, ---, ---, ---, ---, ---, ---, 
[910.645s][info][gc,stats       ]     S: Management Roots               2 us, workers (us):   2, ---, ---, ---, ---, ---, ---, ---, ---, ---, ---, ---, ---, ---, ---, ---, ---, ---, ---, ---, ---, ---, ---, ---, 
[910.645s][info][gc,stats       ]     S: System Dict Roots             32 us, workers (us):  32, ---, ---, ---, ---, ---, ---, ---, ---, ---, ---, ---, ---, ---, ---, ---, ---, ---, ---, ---, ---, ---, ---, ---, 
[910.645s][info][gc,stats       ]     S: CLDG Roots                   576 us, workers (us): ---, 552,  12,  11, ---, ---, ---, ---, ---, ---, ---, ---, ---, ---, ---, ---, ---, ---, ---, ---, ---, ---, ---, ---, 
[910.645s][info][gc,stats       ]     S: JVMTI Roots                    0 us, workers (us): ---,   0, ---, ---, ---, ---, ---, ---, ---, ---, ---, ---, ---, ---, ---, ---, ---, ---, ---, ---, ---, ---, ---, ---, 
[910.645s][info][gc,stats       ]   Resize TLABs                        3 us
[910.645s][info][gc,stats       ] Concurrent Marking                61289 us
[910.645s][info][gc,stats       ] Concurrent Precleaning             3866 us
[910.645s][info][gc,stats       ] Pause Final Mark (G)              56722 us
[910.645s][info][gc,stats       ] Pause Final Mark (N)              55514 us
[910.645s][info][gc,stats       ]   Finish Queues                     219 us
[910.645s][info][gc,stats       ]   Weak References                    33 us
[910.645s][info][gc,stats       ]     Process                          25 us
[910.645s][info][gc,stats       ]   System Purge                      200 us
[910.645s][info][gc,stats       ]     Unload Classes                   77 us
[910.645s][info][gc,stats       ]     Cleanup                       52582 us, parallelism: 1.83x
[910.645s][info][gc,stats       ]       CU: <total>                 96018 us
[910.645s][info][gc,stats       ]       CU: Code Cache Roots        78061 us, workers (us): 13129, 12896, 12874, 13073, 12910, 13179, ---, ---, ---, ---, ---, ---, ---, ---, ---, ---, ---, ---, ---, ---, ---, ---, ---, ---, 
[910.645s][info][gc,stats       ]       CU: Code Cache Cleaning      4436 us, workers (us): 705, 934, 703, 704, 702, 689, ---, ---, ---, ---, ---, ---, ---, ---, ---, ---, ---, ---, ---, ---, ---, ---, ---, ---, 
[910.645s][info][gc,stats       ]       CU: String Table Roots       3089 us, workers (us): 422, 641, 664, 464, 586, 311, ---, ---, ---, ---, ---, ---, ---, ---, ---, ---, ---, ---, ---, ---, ---, ---, ---, ---, 
[910.645s][info][gc,stats       ]       CU: Resolved Table Roots       18 us, workers (us):   0,   0,   0,   0,   0,  17, ---, ---, ---, ---, ---, ---, ---, ---, ---, ---, ---, ---, ---, ---, ---, ---, ---, ---, 
[910.645s][info][gc,stats       ]       CU: CLDG Roots              10414 us, workers (us): 1764, 1565, 1796, 1784, 1750, 1756, ---, ---, ---, ---, ---, ---, ---, ---, ---, ---, ---, ---, ---, ---, ---, ---, ---, ---, 
[910.645s][info][gc,stats       ]     Weak Roots                      199 us
[910.645s][info][gc,stats       ]     CLDG                              1 us
[910.645s][info][gc,stats       ]   Update Region States               24 us
[910.645s][info][gc,stats       ]   Retire TLABs                       44 us
[910.645s][info][gc,stats       ]   Choose Collection Set              36 us
[910.645s][info][gc,stats       ]   Rebuild Free Set                   10 us
[910.645s][info][gc,stats       ]   Initial Evacuation               2105 us, parallelism: 2.63x
[910.645s][info][gc,stats       ]     E: <total>                     5535 us
[910.645s][info][gc,stats       ]     E: Thread Roots                 182 us, workers (us):   1,   1,  60,   2,   1, 116, ---, ---, ---, ---, ---, ---, ---, ---, ---, ---, ---, ---, ---, ---, ---, ---, ---, ---, 
[910.645s][info][gc,stats       ]     E: Code Cache Roots            4180 us, workers (us): 544, 872, 812, 885, 1065,   0, ---, ---, ---, ---, ---, ---, ---, ---, ---, ---, ---, ---, ---, ---, ---, ---, ---, ---, 
[910.645s][info][gc,stats       ]     E: Universe Roots                 4 us, workers (us):   4, ---, ---, ---, ---, ---, ---, ---, ---, ---, ---, ---, ---, ---, ---, ---, ---, ---, ---, ---, ---, ---, ---, ---, 
[910.645s][info][gc,stats       ]     E: JNI Handles Roots              3 us, workers (us): ---, ---, ---, ---,   3, ---, ---, ---, ---, ---, ---, ---, ---, ---, ---, ---, ---, ---, ---, ---, ---, ---, ---, ---, 
[910.645s][info][gc,stats       ]     E: Synchronizer Roots             0 us, workers (us): ---,   0, ---, ---, ---, ---, ---, ---, ---, ---, ---, ---, ---, ---, ---, ---, ---, ---, ---, ---, ---, ---, ---, ---, 
[910.645s][info][gc,stats       ]     E: Management Roots               2 us, workers (us):   2, ---, ---, ---, ---, ---, ---, ---, ---, ---, ---, ---, ---, ---, ---, ---, ---, ---, ---, ---, ---, ---, ---, ---, 
[910.645s][info][gc,stats       ]     E: System Dict Roots             14 us, workers (us): ---, ---,  14, ---, ---, ---, ---, ---, ---, ---, ---, ---, ---, ---, ---, ---, ---, ---, ---, ---, ---, ---, ---, ---, 
[910.645s][info][gc,stats       ]     E: CLDG Roots                  1149 us, workers (us): 336,  62, ---, ---, ---, 751, ---, ---, ---, ---, ---, ---, ---, ---, ---, ---, ---, ---, ---, ---, ---, ---, ---, ---, 
[910.645s][info][gc,stats       ]     E: JVMTI Roots                    1 us, workers (us): ---, ---, ---,   1, ---, ---, ---, ---, ---, ---, ---, ---, ---, ---, ---, ---, ---, ---, ---, ---, ---, ---, ---, ---, 
[910.645s][info][gc,stats       ] Concurrent Cleanup                  623 us
[910.645s][info][gc,stats       ] Concurrent Evacuation              4011 us
[910.645s][info][gc,stats       ] Pause Init  Update Refs (G)         484 us
[910.645s][info][gc,stats       ] Pause Init  Update Refs (N)         177 us
[910.645s][info][gc,stats       ]   Retire GCLABs                     163 us
[910.645s][info][gc,stats       ] Concurrent Update Refs            15342 us
[910.645s][info][gc,stats       ] Pause Final Update Refs (G)         689 us
[910.645s][info][gc,stats       ] Pause Final Update Refs (N)         202 us
[910.645s][info][gc,stats       ]   Update Roots                      151 us, parallelism: 1.40x
[910.645s][info][gc,stats       ]     UR: <total>                     212 us
[910.645s][info][gc,stats       ]     UR: Thread Roots                212 us, workers (us):  88,  39,  25,  55,   4,   0, ---, ---, ---, ---, ---, ---, ---, ---, ---, ---, ---, ---, ---, ---, ---, ---, ---, ---, 
[910.645s][info][gc,stats       ]   Update Region States               19 us
[910.645s][info][gc,stats       ]   Trash Collection Set                6 us
[910.645s][info][gc,stats       ]   Rebuild Free Set                   13 us
[910.645s][info][gc,stats       ] Concurrent Cleanup                  885 us
[910.645s][info][gc,stats       ] Pacing                            60013 us
[910.645s][info][gc,stats       ] 
[910.645s][info][gc,stats       ] Allocation pacing accrued:
[910.645s][info][gc,stats       ]      60 of   149 ms ( 40.2%): pl.nadoba.jvm.gc.benchmark.App.main()
[910.645s][info][gc,stats       ]      60 of   149 ms ( 40.2%): <total>
[910.645s][info][gc,stats       ]       6 of   149 ms (  4.0%): <average total>
[910.645s][info][gc,stats       ]      60 of   149 ms ( 40.2%): <average non-zero>
[910.645s][info][gc,stats       ] 
[910.646s][info][gc,metaspace   ] Metaspace: 24281K->24281K(1071104K)
[910.646s][info][gc,ergo        ] Pacer for Idle. Initial: 5242K, Alloc Tax Rate: 1.0x
[910.647s][info][gc             ] Trigger: Start next cycle immediately
[910.647s][info][gc,ergo        ] Free: 81515K, Max: 256K regular, 76032K humongous, Frag: 7% external, 4% internal; Reserve: 13312K, Max: 256K
[910.647s][info][gc,start       ] GC(6852) Concurrent reset
[910.647s][info][gc,task        ] GC(6852) Using 6 of 24 workers for concurrent reset
[910.647s][info][gc,ergo        ] GC(6852) Pacer for Reset. Non-Taxable: 256M
[910.648s][info][gc             ] GC(6852) Concurrent reset 0.963ms
[910.649s][info][gc,start       ] GC(6852) Pause Init Mark (process weakrefs)
[910.649s][info][gc,task        ] GC(6852) Using 6 of 24 workers for init marking
[910.652s][info][gc,ergo        ] GC(6852) Pacer for Mark. Expected Live: 9435K, Free: 72043K, Non-Taxable: 7204K, Alloc Tax Rate: 0.2x
[910.652s][info][gc             ] GC(6852) Pause Init Mark (process weakrefs) 3.325ms
[910.652s][info][gc,start       ] GC(6852) Concurrent marking (process weakrefs)
[910.652s][info][gc,task        ] GC(6852) Using 6 of 24 workers for concurrent marking
[910.675s][info][gc             ] Failed to allocate Shared, 7168K
[910.675s][info][gc             ] Cancelling GC: Allocation Failure
[910.679s][info][gc             ] GC(6852) Concurrent marking (process weakrefs) 26.401ms
[910.679s][info][gc,ergo        ] Free: 12395K, Max: 256K regular, 7168K humongous, Frag: 41% external, 20% internal; Reserve: 13312K, Max: 256K
[910.679s][info][gc,stats       ] 
[910.679s][info][gc,stats       ] All times are wall-clock times, except per-root-class counters, that are sum over
[910.679s][info][gc,stats       ] all workers. Dividing the <total> over the root stage time estimates parallelism.
[910.679s][info][gc,stats       ] 
[910.679s][info][gc,stats       ] Concurrent Reset                    944 us
[910.679s][info][gc,stats       ] Pause Init Mark (G)                4579 us
[910.679s][info][gc,stats       ] Pause Init Mark (N)                3293 us
[910.679s][info][gc,stats       ]   Accumulate Stats                    5 us
[910.679s][info][gc,stats       ]   Make Parsable                      44 us
[910.679s][info][gc,stats       ]   Update Region States               12 us
[910.679s][info][gc,stats       ]   Scan Roots                       2586 us, parallelism: 1.59x
[910.679s][info][gc,stats       ]     S: <total>                     4123 us
[910.679s][info][gc,stats       ]     S: Thread Roots                 409 us, workers (us): 211,  73, 109,   2,   1,  15, ---, ---, ---, ---, ---, ---, ---, ---, ---, ---, ---, ---, ---, ---, ---, ---, ---, ---, 
[910.679s][info][gc,stats       ]     S: Universe Roots                27 us, workers (us):  27, ---, ---, ---, ---, ---, ---, ---, ---, ---, ---, ---, ---, ---, ---, ---, ---, ---, ---, ---, ---, ---, ---, ---, 
[910.679s][info][gc,stats       ]     S: JNI Handles Roots             23 us, workers (us): ---, ---,  23, ---, ---, ---, ---, ---, ---, ---, ---, ---, ---, ---, ---, ---, ---, ---, ---, ---, ---, ---, ---, ---, 
[910.679s][info][gc,stats       ]     S: Synchronizer Roots             0 us, workers (us): ---,   0, ---, ---, ---, ---, ---, ---, ---, ---, ---, ---, ---, ---, ---, ---, ---, ---, ---, ---, ---, ---, ---, ---, 
[910.679s][info][gc,stats       ]     S: Management Roots               3 us, workers (us): ---,   3, ---, ---, ---, ---, ---, ---, ---, ---, ---, ---, ---, ---, ---, ---, ---, ---, ---, ---, ---, ---, ---, ---, 
[910.679s][info][gc,stats       ]     S: System Dict Roots             55 us, workers (us): ---,  55, ---, ---, ---, ---, ---, ---, ---, ---, ---, ---, ---, ---, ---, ---, ---, ---, ---, ---, ---, ---, ---, ---, 
[910.679s][info][gc,stats       ]     S: CLDG Roots                  3606 us, workers (us): ---, ---, ---, 2384, 968, 254, ---, ---, ---, ---, ---, ---, ---, ---, ---, ---, ---, ---, ---, ---, ---, ---, ---, ---, 
[910.679s][info][gc,stats       ]     S: JVMTI Roots                    1 us, workers (us): ---, ---,   1, ---, ---, ---, ---, ---, ---, ---, ---, ---, ---, ---, ---, ---, ---, ---, ---, ---, ---, ---, ---, ---, 
[910.679s][info][gc,stats       ]   Resize TLABs                        5 us
[910.679s][info][gc,stats       ] Concurrent Marking                26350 us
[910.679s][info][gc,stats       ] Pacing                            11177 us
[910.679s][info][gc,stats       ] 
[910.679s][info][gc,stats       ] Allocation pacing accrued:
[910.679s][info][gc,stats       ]      11 of    34 ms ( 33.1%): pl.nadoba.jvm.gc.benchmark.App.main()
[910.679s][info][gc,stats       ]      11 of    34 ms ( 33.1%): <total>
[910.679s][info][gc,stats       ]       1 of    34 ms (  3.3%): <average total>
[910.679s][info][gc,stats       ]      11 of    34 ms ( 33.1%): <average non-zero>
[910.679s][info][gc,stats       ] 
[910.679s][info][gc,metaspace   ] Metaspace: 24281K->24281K(1071104K)
[910.679s][info][gc,ergo        ] Pacer for Idle. Initial: 5242K, Alloc Tax Rate: 1.0x
[910.680s][info][gc             ] Trigger: Handle Allocation Failure
[910.680s][info][gc,ergo        ] Free: 12395K, Max: 256K regular, 7168K humongous, Frag: 41% external, 20% internal; Reserve: 13312K, Max: 256K
[910.681s][info][gc,start       ] GC(6853) Pause Degenerated GC (Mark)
[910.681s][info][gc,task        ] GC(6853) Using 6 of 24 workers for stw degenerated gc
[910.729s][info][gc,ergo        ] GC(6853) Collectable Garbage: 147M (100%), Immediate: 146M (99%), CSet: 1260K (0%)
[910.729s][info][gc,ergo        ] GC(6853) Pacer for Evacuation. Used CSet: 5119K, Free: 165M, Non-Taxable: 16983K, Alloc Tax Rate: 1.1x
[910.753s][info][gc,ergo        ] GC(6853) Pacer for Update Refs. Used: 80020K, Free: 165M, Non-Taxable: 16983K, Alloc Tax Rate: 1.1x
[910.771s][info][gc,ergo        ] GC(6853) Good progress for free space: 166M, need 2621K
[910.771s][info][gc,ergo        ] GC(6853) Good progress for used space: 147M, need 256K
[910.771s][info][gc             ] GC(6853) Pause Degenerated GC (Mark) 220M->73M(256M) 90.591ms
[910.771s][info][gc,ergo        ] Free: 166M, Max: 256K regular, 154M humongous, Frag: 8% external, 2% internal; Reserve: 13312K, Max: 256K
[910.772s][info][gc,stats       ] 
[910.772s][info][gc,stats       ] All times are wall-clock times, except per-root-class counters, that are sum over
[910.772s][info][gc,stats       ] all workers. Dividing the <total> over the root stage time estimates parallelism.
[910.772s][info][gc,stats       ] 
[910.772s][info][gc,stats       ]   Finish Queues                   43461 us
[910.772s][info][gc,stats       ]   Weak References                  3692 us
[910.772s][info][gc,stats       ]     Process                        3682 us
[910.772s][info][gc,stats       ]   System Purge                      284 us
[910.772s][info][gc,stats       ]     Weak Roots                      283 us
[910.772s][info][gc,stats       ]   Update Region States               33 us
[910.772s][info][gc,stats       ]   Retire TLABs                       47 us
[910.772s][info][gc,stats       ]   Choose Collection Set             683 us
[910.772s][info][gc,stats       ]   Rebuild Free Set                   34 us
[910.772s][info][gc,stats       ]   Initial Evacuation                 15 us
[910.772s][info][gc,stats       ]   Retire GCLABs                      64 us
[910.772s][info][gc,stats       ]   Finish Work                     15736 us
[910.772s][info][gc,stats       ]   Update Region States               17 us
[910.772s][info][gc,stats       ]   Trash Collection Set               11 us
[910.772s][info][gc,stats       ]   Rebuild Free Set                   35 us
[910.772s][info][gc,stats       ] Pause Degenerated GC (G)          90934 us
[910.772s][info][gc,stats       ] Pause Degenerated GC (N)          90553 us
[910.772s][info][gc,stats       ]   Degen Update Roots               1540 us, parallelism: 3.63x
[910.772s][info][gc,stats       ]     DU: <total>                    5586 us
[910.772s][info][gc,stats       ]     DU: Thread Roots                143 us, workers (us):  95,  41,   2,   2,   2,   2, ---, ---, ---, ---, ---, ---, ---, ---, ---, ---, ---, ---, ---, ---, ---, ---, ---, ---, 
[910.772s][info][gc,stats       ]     DU: Code Cache Roots           4709 us, workers (us): 616, 524, 810, 1222, 811, 726, ---, ---, ---, ---, ---, ---, ---, ---, ---, ---, ---, ---, ---, ---, ---, ---, ---, ---, 
[910.772s][info][gc,stats       ]     DU: Universe Roots                4 us, workers (us):   4, ---, ---, ---, ---, ---, ---, ---, ---, ---, ---, ---, ---, ---, ---, ---, ---, ---, ---, ---, ---, ---, ---, ---, 
[910.772s][info][gc,stats       ]     DU: JNI Handles Roots             2 us, workers (us): ---,   2, ---, ---, ---, ---, ---, ---, ---, ---, ---, ---, ---, ---, ---, ---, ---, ---, ---, ---, ---, ---, ---, ---, 
[910.772s][info][gc,stats       ]     DU: Synchronizer Roots            0 us, workers (us): ---,   0, ---, ---, ---, ---, ---, ---, ---, ---, ---, ---, ---, ---, ---, ---, ---, ---, ---, ---, ---, ---, ---, ---, 
[910.772s][info][gc,stats       ]     DU: Management Roots              2 us, workers (us): ---,   2, ---, ---, ---, ---, ---, ---, ---, ---, ---, ---, ---, ---, ---, ---, ---, ---, ---, ---, ---, ---, ---, ---, 
[910.772s][info][gc,stats       ]     DU: System Dict Roots             6 us, workers (us): ---,   6, ---, ---, ---, ---, ---, ---, ---, ---, ---, ---, ---, ---, ---, ---, ---, ---, ---, ---, ---, ---, ---, ---, 
[910.772s][info][gc,stats       ]     DU: CLDG Roots                  719 us, workers (us):  59, 218, ---, ---, ---, 442, ---, ---, ---, ---, ---, ---, ---, ---, ---, ---, ---, ---, ---, ---, ---, ---, ---, ---, 
[910.772s][info][gc,stats       ]     DU: JVMTI Roots                   1 us, workers (us):   1, ---, ---, ---, ---, ---, ---, ---, ---, ---, ---, ---, ---, ---, ---, ---, ---, ---, ---, ---, ---, ---, ---, ---, 
[910.772s][info][gc,stats       ] 
[910.772s][info][gc,stats       ] Allocation pacing accrued:
[910.772s][info][gc,stats       ]       0 of    93 ms (  0.0%): <total>
[910.772s][info][gc,stats       ]       0 of    93 ms (  0.0%): <average total>
[910.772s][info][gc,stats       ] 
[910.772s][info][gc,metaspace   ] Metaspace: 24281K->24281K(1071104K)
[910.772s][info][gc,ergo        ] Pacer for Idle. Initial: 5242K, Alloc Tax Rate: 1.0x
[910.773s][info][gc             ] Trigger: Start next cycle immediately
[910.773s][info][gc,ergo        ] Free: 159M, Max: 256K regular, 147M humongous, Frag: 8% external, 1% internal; Reserve: 13312K, Max: 256K
[910.773s][info][gc,start       ] GC(6854) Concurrent reset
[910.773s][info][gc,task        ] GC(6854) Using 6 of 24 workers for concurrent reset
[910.773s][info][gc,ergo        ] GC(6854) Pacer for Reset. Non-Taxable: 256M
[910.774s][info][gc             ] GC(6854) Concurrent reset 0.582ms
[910.775s][info][gc,start       ] GC(6854) Pause Init Mark (unload classes)
[910.775s][info][gc,task        ] GC(6854) Using 6 of 24 workers for init marking
[910.777s][info][gc,ergo        ] GC(6854) Pacer for Mark. Expected Live: 11278K, Free: 153M, Non-Taxable: 15754K, Alloc Tax Rate: 0.1x
[910.777s][info][gc             ] GC(6854) Pause Init Mark (unload classes) 2.341ms
[910.777s][info][gc,start       ] GC(6854) Concurrent marking (unload classes)
[910.777s][info][gc,task        ] GC(6854) Using 6 of 24 workers for concurrent marking
[910.844s][info][gc             ] GC(6854) Concurrent marking (unload classes) 66.738ms
[910.844s][info][gc,start       ] GC(6854) Pause Final Mark (unload classes)
[910.844s][info][gc,task        ] GC(6854) Using 6 of 24 workers for final marking
[910.898s][info][gc,stringtable ] GC(6854) Cleaned string and symbol table, strings: 8172 processed, 0 removed, symbols: 68000 processed, 0 removed
[910.899s][info][gc,ergo        ] GC(6854) Collectable Garbage: 73709K (100%), Immediate: 72960K (98%), CSet: 748K (1%)
[910.901s][info][gc,ergo        ] GC(6854) Pacer for Evacuation. Used CSet: 4608K, Free: 133M, Non-Taxable: 13681K, Alloc Tax Rate: 1.1x
[910.901s][info][gc             ] GC(6854) Pause Final Mark (unload classes) 56.877ms
[910.901s][info][gc,start       ] GC(6854) Concurrent cleanup
[910.914s][info][gc             ] GC(6854) Concurrent cleanup 177M->123M(256M) 12.467ms
[910.914s][info][gc,ergo        ] GC(6854) Free: 115M, Max: 256K regular, 110M humongous, Frag: 5% external, 2% internal; Reserve: 12670K, Max: 256K
[910.914s][info][gc,start       ] GC(6854) Concurrent evacuation
[910.914s][info][gc,task        ] GC(6854) Using 6 of 24 workers for concurrent evacuation
[910.917s][info][gc             ] GC(6854) Concurrent evacuation 3.768ms
[910.918s][info][gc,start       ] GC(6854) Pause Init Update Refs
[910.918s][info][gc,ergo        ] GC(6854) Pacer for Update Refs. Used: 127M, Free: 115M, Non-Taxable: 11837K, Alloc Tax Rate: 1.3x
[910.918s][info][gc             ] GC(6854) Pause Init Update Refs 0.153ms
[910.918s][info][gc,start       ] GC(6854) Concurrent update references
[910.918s][info][gc,task        ] GC(6854) Using 6 of 24 workers for concurrent reference update
[910.934s][info][gc             ] GC(6854) Concurrent update references 15.636ms
[910.934s][info][gc,start       ] GC(6854) Pause Final Update Refs
[910.934s][info][gc,task        ] GC(6854) Using 6 of 24 workers for final reference update
[910.934s][info][gc             ] GC(6854) Pause Final Update Refs 0.211ms
[910.934s][info][gc,start       ] GC(6854) Concurrent cleanup
[910.935s][info][gc             ] GC(6854) Concurrent cleanup 148M->151M(256M) 0.849ms
[910.935s][info][gc             ] GC(6854) Dat log --- cycle is complete
Current gc epoch: 5553
heap: ______
capacity: 268435456
used: 159012208
committed: 268435456
bytes_allocated_since_gc_start: 156238088
hot_size: 0
cold_size: 7898932
num_regions: 1024
hot_region_count: 18446744073709404945
cold_region_count: 146689
histogram: Placeholder

[910.935s][info][gc             ] GC(6854) Obj count ac histogram
[910.935s][info][gc             ] GC(6854) 	0: 425515
[910.935s][info][gc             ] GC(6854) 	1: 13
[910.935s][info][gc             ] GC(6854) 	2: 9045
[910.935s][info][gc             ] GC(6854) 	3: 8593
[910.935s][info][gc             ] GC(6854) 	4: 6258
[910.935s][info][gc             ] GC(6854) 	5: 41
[910.935s][info][gc             ] GC(6854) 	6: 0
[910.935s][info][gc             ] GC(6854) 	7: 0
[910.935s][info][gc             ] GC(6854) 	8: 0
[910.935s][info][gc             ] GC(6854) 	9: 0
[910.935s][info][gc             ] GC(6854) 	10: 0
[910.935s][info][gc             ] GC(6854) 	11: 0
[910.935s][info][gc             ] GC(6854) 	12: 0
[910.935s][info][gc             ] GC(6854) 	13: 0
[910.935s][info][gc             ] GC(6854) 	14: 0
[910.935s][info][gc             ] GC(6854) 	15: 0
[910.935s][info][gc             ] GC(6854) 	16: 0
[910.935s][info][gc             ] GC(6854) 	17: 0
[910.935s][info][gc             ] GC(6854) 	18: 0
[910.935s][info][gc             ] GC(6854) 	19: 0
[910.935s][info][gc             ] GC(6854) Obj size ac histogram
[910.935s][info][gc             ] GC(6854) 	0: 5668622
[910.935s][info][gc             ] GC(6854) 	1: 624
[910.935s][info][gc             ] GC(6854) 	2: 114381
[910.935s][info][gc             ] GC(6854) 	3: 104742
[910.935s][info][gc             ] GC(6854) 	4: 40111
[910.935s][info][gc             ] GC(6854) 	5: 401
[910.935s][info][gc             ] GC(6854) 	6: 0
[910.935s][info][gc             ] GC(6854) 	7: 0
[910.935s][info][gc             ] GC(6854) 	8: 0
[910.935s][info][gc             ] GC(6854) 	9: 0
[910.935s][info][gc             ] GC(6854) 	10: 0
[910.935s][info][gc             ] GC(6854) 	11: 0
[910.935s][info][gc             ] GC(6854) 	12: 0
[910.935s][info][gc             ] GC(6854) 	13: 0
[910.935s][info][gc             ] GC(6854) 	14: 0
[910.936s][info][gc             ] GC(6854) 	15: 0
[910.936s][info][gc             ] GC(6854) 	16: 0
[910.936s][info][gc             ] GC(6854) 	17: 0
[910.936s][info][gc             ] GC(6854) 	18: 0
[910.936s][info][gc             ] GC(6854) 	19: 0
[910.936s][info][gc,ergo        ] Free: 86891K, Max: 256K regular, 81408K humongous, Frag: 6% external, 4% internal; Reserve: 13312K, Max: 256K
[910.936s][info][gc,stats       ] 
[910.936s][info][gc,stats       ] All times are wall-clock times, except per-root-class counters, that are sum over
[910.936s][info][gc,stats       ] all workers. Dividing the <total> over the root stage time estimates parallelism.
[910.936s][info][gc,stats       ] 
[910.936s][info][gc,stats       ] Concurrent Reset                    564 us
