[1363.985s][info][gc,stats       ]     S: System Dict Roots             40 us, workers (us): ---,  40, ---, ---, ---, ---, ---, ---, ---, ---, ---, ---, ---, ---, ---, ---, ---, ---, ---, ---, ---, ---, ---, ---, 
[1363.979s][info][gc             ] Failed to allocate Shared, 4096K
[1363.985s][info][gc,stats       ]     S: CLDG Roots                  3280 us, workers (us): ---, ---, 2163, 1117, ---, ---, ---, ---, ---, ---, ---, ---, ---, ---, ---, ---, ---, ---, ---, ---, ---, ---, ---, ---, 
[1363.985s][info][gc             ] Cancelling GC: Allocation Failure
[1363.985s][info][gc,stats       ]     S: JVMTI Roots                    1 us, workers (us): ---, ---,   1, ---, ---, ---, ---, ---, ---, ---, ---, ---, ---, ---, ---, ---, ---, ---, ---, ---, ---, ---, ---, ---, 
[1363.985s][info][gc,stats       ]   Resize TLABs                        7 us
[1363.985s][info][gc,stats       ] Concurrent Marking                66937 us
[1363.985s][info][gc,stats       ] Pause Final Mark (G)               1504 us
[1363.985s][info][gc,stats       ] Pause Final Mark (N)               1262 us
[1363.985s][info][gc,stats       ]   Finish Queues                     115 us
[1363.985s][info][gc,stats       ]   System Purge                      339 us
[1363.985s][info][gc,stats       ]     Weak Roots                      338 us
[1363.985s][info][gc,stats       ]   Update Region States               19 us
[1363.985s][info][gc,stats       ]   Retire TLABs                       55 us
[1363.985s][info][gc,stats       ]   Choose Collection Set             124 us
[1363.985s][info][gc,stats       ]   Rebuild Free Set                   12 us
[1363.985s][info][gc,stats       ]   Initial Evacuation                578 us, parallelism: 2.38x
[1363.985s][info][gc,stats       ]     E: <total>                     1372 us
[1363.985s][info][gc,stats       ]     E: Thread Roots                  77 us, workers (us):   1,  46,  27,   2, ---, ---, ---, ---, ---, ---, ---, ---, ---, ---, ---, ---, ---, ---, ---, ---, ---, ---, ---, ---, 
[1363.985s][info][gc,stats       ]     E: Code Cache Roots            1009 us, workers (us): 243, 264, 125, 377, ---, ---, ---, ---, ---, ---, ---, ---, ---, ---, ---, ---, ---, ---, ---, ---, ---, ---, ---, ---, 
[1363.985s][info][gc,stats       ]     E: Universe Roots                 3 us, workers (us):   3, ---, ---, ---, ---, ---, ---, ---, ---, ---, ---, ---, ---, ---, ---, ---, ---, ---, ---, ---, ---, ---, ---, ---, 
[1363.985s][info][gc,stats       ]     E: JNI Handles Roots              1 us, workers (us):   1, ---, ---, ---, ---, ---, ---, ---, ---, ---, ---, ---, ---, ---, ---, ---, ---, ---, ---, ---, ---, ---, ---, ---, 
[1363.985s][info][gc,stats       ]     E: Synchronizer Roots             0 us, workers (us):   0, ---, ---, ---, ---, ---, ---, ---, ---, ---, ---, ---, ---, ---, ---, ---, ---, ---, ---, ---, ---, ---, ---, ---, 
[1363.985s][info][gc,stats       ]     E: Management Roots               2 us, workers (us):   2, ---, ---, ---, ---, ---, ---, ---, ---, ---, ---, ---, ---, ---, ---, ---, ---, ---, ---, ---, ---, ---, ---, ---, 
[1363.985s][info][gc,stats       ]     E: System Dict Roots              7 us, workers (us):   7, ---, ---, ---, ---, ---, ---, ---, ---, ---, ---, ---, ---, ---, ---, ---, ---, ---, ---, ---, ---, ---, ---, ---, 
[1363.985s][info][gc,stats       ]     E: CLDG Roots                   272 us, workers (us): 116, ---, 156, ---, ---, ---, ---, ---, ---, ---, ---, ---, ---, ---, ---, ---, ---, ---, ---, ---, ---, ---, ---, ---, 
[1363.985s][info][gc,stats       ]     E: JVMTI Roots                    1 us, workers (us):   1, ---, ---, ---, ---, ---, ---, ---, ---, ---, ---, ---, ---, ---, ---, ---, ---, ---, ---, ---, ---, ---, ---, ---, 
[1363.985s][info][gc,stats       ] Concurrent Cleanup                 4668 us
[1363.985s][info][gc,stats       ] Concurrent Evacuation               616 us
[1363.985s][info][gc,stats       ] Pause Init  Update Refs (G)         275 us
[1363.985s][info][gc,stats       ] Pause Init  Update Refs (N)          27 us
[1363.985s][info][gc,stats       ]   Retire GCLABs                      10 us
[1363.985s][info][gc,stats       ] Concurrent Update Refs            15461 us
[1363.985s][info][gc,stats       ] Pause Final Update Refs (G)         666 us
[1363.985s][info][gc,stats       ] Pause Final Update Refs (N)         190 us
[1363.985s][info][gc,stats       ]   Update Roots                      141 us, parallelism: 1.35x
[1363.985s][info][gc,stats       ]     UR: <total>                     190 us
[1363.985s][info][gc,stats       ]     UR: Thread Roots                190 us, workers (us):  96,  28,  33,  33, ---, ---, ---, ---, ---, ---, ---, ---, ---, ---, ---, ---, ---, ---, ---, ---, ---, ---, ---, ---, 
[1363.985s][info][gc,stats       ]   Update Region States               10 us
[1363.985s][info][gc,stats       ]   Trash Collection Set                6 us
[1363.985s][info][gc,stats       ]   Rebuild Free Set                   13 us
[1363.985s][info][gc,stats       ] Concurrent Cleanup                  137 us
[1363.985s][info][gc,stats       ] Pacing                            68237 us
[1363.985s][info][gc,stats       ] 
[1363.985s][info][gc,stats       ] Allocation pacing accrued:
[1363.985s][info][gc,stats       ]      68 of   106 ms ( 64.6%): pl.nadoba.jvm.gc.benchmark.App.main()
[1363.985s][info][gc,stats       ]      68 of   106 ms ( 64.6%): <total>
[1363.985s][info][gc,stats       ]       7 of   106 ms (  6.5%): <average total>
[1363.985s][info][gc,stats       ]      68 of   106 ms ( 64.6%): <average non-zero>
[1363.985s][info][gc,stats       ] 
[1363.985s][info][gc,metaspace   ] Metaspace: 24233K->24233K(1071104K)
[1363.985s][info][gc,ergo        ] Pacer for Idle. Initial: 2621K, Alloc Tax Rate: 1.0x
[1363.986s][info][gc             ] Trigger: Handle Allocation Failure
[1363.987s][info][gc,ergo        ] Free: 4608K, Max: 256K regular, 3328K humongous, Frag: 28% external, 58% internal; Reserve: 6656K, Max: 256K
[1363.987s][info][gc,start       ] GC(17438) Pause Degenerated GC (Outside of Cycle)
[1363.987s][info][gc,task        ] GC(17438) Using 4 of 24 workers for stw degenerated gc
[1363.987s][info][gc,ergo        ] GC(17438) Pacer for Reset. Non-Taxable: 128M
[1363.989s][info][gc,ergo        ] GC(17438) Pacer for Mark. Expected Live: 14970K, Free: 4608K, Non-Taxable: 460K, Alloc Tax Rate: 4.0x
[1364.111s][info][gc,stringtable ] GC(17438) Cleaned string and symbol table, strings: 8172 processed, 0 removed, symbols: 67999 processed, 0 removed
[1364.112s][info][gc,ergo        ] GC(17438) CSet Selection. Actual Free: 114M, Max CSet: 87744K
[1364.112s][info][gc,ergo        ] GC(17438) Collectable Garbage: 103M (99%), Immediate: 103M (99%), CSet: 322K (0%)
[1364.112s][info][gc,ergo        ] GC(17438) Pacer for Evacuation. Used CSet: 512K, Free: 112M, Non-Taxable: 11545K, Alloc Tax Rate: 1.1x
[1364.125s][info][gc,ergo        ] GC(17438) Pacer for Update Refs. Used: 9215K, Free: 112M, Non-Taxable: 11545K, Alloc Tax Rate: 1.1x
[1364.142s][info][gc,ergo        ] GC(17438) Good progress for free space: 113M, need 1310K
[1364.142s][info][gc,ergo        ] GC(17438) Good progress for used space: 103M, need 256K
[1364.142s][info][gc             ] GC(17438) Pause Degenerated GC (Outside of Cycle) 112M->8M(128M) 155.202ms
[1364.142s][info][gc,ergo        ] Free: 113M, Max: 256K regular, 113M humongous, Frag: 0% external, 5% internal; Reserve: 6656K, Max: 256K
[1364.142s][info][gc,stats       ] 
[1364.142s][info][gc,stats       ] All times are wall-clock times, except per-root-class counters, that are sum over
[1364.142s][info][gc,stats       ] all workers. Dividing the <total> over the root stage time estimates parallelism.
[1364.142s][info][gc,stats       ] 
[1364.142s][info][gc,stats       ]   Accumulate Stats                    7 us
[1364.142s][info][gc,stats       ]   Make Parsable                      49 us
[1364.142s][info][gc,stats       ]   Update Region States                6 us
[1364.142s][info][gc,stats       ]   Scan Roots                        840 us, parallelism: 1.30x
[1364.142s][info][gc,stats       ]     S: <total>                     1092 us
[1364.142s][info][gc,stats       ]     S: Thread Roots                 295 us, workers (us): 189,  66,   1,  40, ---, ---, ---, ---, ---, ---, ---, ---, ---, ---, ---, ---, ---, ---, ---, ---, ---, ---, ---, ---, 
[1364.142s][info][gc,stats       ]     S: Universe Roots                38 us, workers (us):  38, ---, ---, ---, ---, ---, ---, ---, ---, ---, ---, ---, ---, ---, ---, ---, ---, ---, ---, ---, ---, ---, ---, ---, 
[1364.142s][info][gc,stats       ]     S: JNI Handles Roots             14 us, workers (us): ---, ---,  14, ---, ---, ---, ---, ---, ---, ---, ---, ---, ---, ---, ---, ---, ---, ---, ---, ---, ---, ---, ---, ---, 
[1364.142s][info][gc,stats       ]     S: Synchronizer Roots             0 us, workers (us): ---,   0, ---, ---, ---, ---, ---, ---, ---, ---, ---, ---, ---, ---, ---, ---, ---, ---, ---, ---, ---, ---, ---, ---, 
[1364.142s][info][gc,stats       ]     S: Management Roots               2 us, workers (us): ---, ---,   2, ---, ---, ---, ---, ---, ---, ---, ---, ---, ---, ---, ---, ---, ---, ---, ---, ---, ---, ---, ---, ---, 
[1364.142s][info][gc,stats       ]     S: System Dict Roots             30 us, workers (us): ---,  30, ---, ---, ---, ---, ---, ---, ---, ---, ---, ---, ---, ---, ---, ---, ---, ---, ---, ---, ---, ---, ---, ---, 
[1364.142s][info][gc,stats       ]     S: CLDG Roots                   713 us, workers (us): ---, ---, 701,  12, ---, ---, ---, ---, ---, ---, ---, ---, ---, ---, ---, ---, ---, ---, ---, ---, ---, ---, ---, ---, 
[1364.142s][info][gc,stats       ]     S: JVMTI Roots                    0 us, workers (us): ---, ---,   0, ---, ---, ---, ---, ---, ---, ---, ---, ---, ---, ---, ---, ---, ---, ---, ---, ---, ---, ---, ---, ---, 
[1364.142s][info][gc,stats       ]   Resize TLABs                        4 us
[1364.142s][info][gc,stats       ]   Finish Queues                   63533 us
[1364.142s][info][gc,stats       ]   Weak References                  3798 us
[1364.143s][info][gc,stats       ]     Process                        3785 us
[1364.143s][info][gc,stats       ]   System Purge                      319 us
[1364.143s][info][gc,stats       ]     Unload Classes                   92 us
[1364.143s][info][gc,stats       ]     Cleanup                       54756 us, parallelism: 1.24x
[1364.143s][info][gc,stats       ]       CU: <total>                 67854 us
[1364.143s][info][gc,stats       ]       CU: Code Cache Roots        51735 us, workers (us): 13127, 12941, 12771, 12895, ---, ---, ---, ---, ---, ---, ---, ---, ---, ---, ---, ---, ---, ---, ---, ---, ---, ---, ---, ---, 
[1364.143s][info][gc,stats       ]       CU: Code Cache Cleaning      4332 us, workers (us): 1077, 1112, 1062, 1080, ---, ---, ---, ---, ---, ---, ---, ---, ---, ---, ---, ---, ---, ---, ---, ---, ---, ---, ---, ---, 
[1364.143s][info][gc,stats       ]       CU: String Table Roots       3839 us, workers (us): 775, 952, 1118, 994, ---, ---, ---, ---, ---, ---, ---, ---, ---, ---, ---, ---, ---, ---, ---, ---, ---, ---, ---, ---, 
[1364.143s][info][gc,stats       ]       CU: Resolved Table Roots       19 us, workers (us):   0,   0,  19,   0, ---, ---, ---, ---, ---, ---, ---, ---, ---, ---, ---, ---, ---, ---, ---, ---, ---, ---, ---, ---, 
[1364.143s][info][gc,stats       ]       CU: CLDG Roots               7929 us, workers (us): 2008, 1949, 2008, 1964, ---, ---, ---, ---, ---, ---, ---, ---, ---, ---, ---, ---, ---, ---, ---, ---, ---, ---, ---, ---, 
[1364.143s][info][gc,stats       ]     Weak Roots                      318 us
[1364.143s][info][gc,stats       ]     CLDG                              1 us
[1364.143s][info][gc,stats       ]   Update Region States               12 us
[1364.143s][info][gc,stats       ]   Retire TLABs                        8 us
[1364.143s][info][gc,stats       ]   Choose Collection Set             259 us
[1364.143s][info][gc,stats       ]   Rebuild Free Set                    9 us
[1364.143s][info][gc,stats       ]   Initial Evacuation                  6 us
[1364.143s][info][gc,stats       ]   Retire GCLABs                      20 us
[1364.143s][info][gc,stats       ]   Finish Work                     15589 us
[1364.143s][info][gc,stats       ]   Update Region States               10 us
[1364.143s][info][gc,stats       ]   Trash Collection Set                3 us
[1364.143s][info][gc,stats       ]   Rebuild Free Set                    7 us
[1364.143s][info][gc,stats       ] Pause Degenerated GC (G)         155492 us
[1364.143s][info][gc,stats       ] Pause Degenerated GC (N)         155147 us
[1364.143s][info][gc,stats       ]   Degen Update Roots                711 us, parallelism: 2.34x
[1364.143s][info][gc,stats       ]     DU: <total>                    1666 us
[1364.143s][info][gc,stats       ]     DU: Thread Roots                180 us, workers (us):  33,  49,  32,  66, ---, ---, ---, ---, ---, ---, ---, ---, ---, ---, ---, ---, ---, ---, ---, ---, ---, ---, ---, ---, 
[1364.143s][info][gc,stats       ]     DU: Code Cache Roots            858 us, workers (us):  50, 365, 102, 341, ---, ---, ---, ---, ---, ---, ---, ---, ---, ---, ---, ---, ---, ---, ---, ---, ---, ---, ---, ---, 
[1364.143s][info][gc,stats       ]     DU: Universe Roots                7 us, workers (us):   7, ---, ---, ---, ---, ---, ---, ---, ---, ---, ---, ---, ---, ---, ---, ---, ---, ---, ---, ---, ---, ---, ---, ---, 
[1364.143s][info][gc,stats       ]     DU: JNI Handles Roots             3 us, workers (us): ---,   3, ---, ---, ---, ---, ---, ---, ---, ---, ---, ---, ---, ---, ---, ---, ---, ---, ---, ---, ---, ---, ---, ---, 
[1364.143s][info][gc,stats       ]     DU: Synchronizer Roots            0 us, workers (us):   0, ---, ---, ---, ---, ---, ---, ---, ---, ---, ---, ---, ---, ---, ---, ---, ---, ---, ---, ---, ---, ---, ---, ---, 
[1364.143s][info][gc,stats       ]     DU: Management Roots              2 us, workers (us):   2, ---, ---, ---, ---, ---, ---, ---, ---, ---, ---, ---, ---, ---, ---, ---, ---, ---, ---, ---, ---, ---, ---, ---, 
[1364.143s][info][gc,stats       ]     DU: System Dict Roots            12 us, workers (us):  12, ---, ---, ---, ---, ---, ---, ---, ---, ---, ---, ---, ---, ---, ---, ---, ---, ---, ---, ---, ---, ---, ---, ---, 
[1364.143s][info][gc,stats       ]     DU: CLDG Roots                  602 us, workers (us): 325, ---, 278, ---, ---, ---, ---, ---, ---, ---, ---, ---, ---, ---, ---, ---, ---, ---, ---, ---, ---, ---, ---, ---, 
[1364.143s][info][gc,stats       ]     DU: JVMTI Roots                   1 us, workers (us):   1, ---, ---, ---, ---, ---, ---, ---, ---, ---, ---, ---, ---, ---, ---, ---, ---, ---, ---, ---, ---, ---, ---, ---, 
[1364.143s][info][gc,stats       ] 
[1364.143s][info][gc,stats       ] Allocation pacing accrued:
[1364.143s][info][gc,stats       ]       0 of   158 ms (  0.0%): <total>
[1364.143s][info][gc,stats       ]       0 of   158 ms (  0.0%): <average total>
[1364.143s][info][gc,stats       ] 
[1364.143s][info][gc,metaspace   ] Metaspace: 24233K->24233K(1071104K)
[1364.143s][info][gc,ergo        ] Pacer for Idle. Initial: 2621K, Alloc Tax Rate: 1.0x
[1364.156s][info][gc             ] Trigger: Allocated since last cycle (14029K) is larger than allocation threshold (13107K)
[1364.156s][info][gc,ergo        ] Free: 101683K, Max: 256K regular, 101632K humongous, Frag: 0% external, 0% internal; Reserve: 6656K, Max: 256K
[1364.156s][info][gc,start       ] GC(17439) Concurrent reset
[1364.156s][info][gc,task        ] GC(17439) Using 4 of 24 workers for concurrent reset
[1364.156s][info][gc,ergo        ] GC(17439) Pacer for Reset. Non-Taxable: 128M
[1364.156s][info][gc             ] GC(17439) Concurrent reset 0.372ms
[1364.157s][info][gc,start       ] GC(17439) Pause Init Mark
[1364.157s][info][gc,task        ] GC(17439) Using 4 of 24 workers for init marking
[1364.159s][info][gc,ergo        ] GC(17439) Pacer for Mark. Expected Live: 13741K, Free: 101683K, Non-Taxable: 10168K, Alloc Tax Rate: 0.2x
[1364.159s][info][gc             ] GC(17439) Pause Init Mark 2.231ms
[1364.159s][info][gc,start       ] GC(17439) Concurrent marking
[1364.159s][info][gc,task        ] GC(17439) Using 4 of 24 workers for concurrent marking
[1364.199s][info][gc             ] GC(17439) Concurrent marking 39.671ms
[1364.199s][info][gc,start       ] GC(17439) Pause Final Mark
[1364.199s][info][gc,task        ] GC(17439) Using 4 of 24 workers for final marking
[1364.200s][info][gc,ergo        ] GC(17439) CSet Selection. Actual Free: 37888K, Max CSet: 28416K
[1364.200s][info][gc,ergo        ] GC(17439) Collectable Garbage: 4367K (99%), Immediate: 4096K (93%), CSet: 271K (6%)
[1364.200s][info][gc,ergo        ] GC(17439) Pacer for Evacuation. Used CSet: 512K, Free: 31488K, Non-Taxable: 3148K, Alloc Tax Rate: 1.1x
[1364.200s][info][gc             ] GC(17439) Pause Final Mark 1.366ms
[1364.200s][info][gc,start       ] GC(17439) Concurrent cleanup
[1364.201s][info][gc             ] GC(17439) Concurrent cleanup 90M->86M(128M) 0.796ms
[1364.201s][info][gc,ergo        ] GC(17439) Free: 31488K, Max: 256K regular, 27136K humongous, Frag: 14% external, 16% internal; Reserve: 6651K, Max: 256K
[1364.201s][info][gc,start       ] GC(17439) Concurrent evacuation
[1364.201s][info][gc,task        ] GC(17439) Using 4 of 24 workers for concurrent evacuation
[1364.202s][info][gc             ] GC(17439) Concurrent evacuation 0.773ms
[1364.202s][info][gc,start       ] GC(17439) Pause Init Update Refs
[1364.202s][info][gc,ergo        ] GC(17439) Pacer for Update Refs. Used: 89343K, Free: 31488K, Non-Taxable: 3148K, Alloc Tax Rate: 3.5x
[1364.202s][info][gc             ] GC(17439) Pause Init Update Refs 0.106ms
[1364.202s][info][gc,start       ] GC(17439) Concurrent update references
[1364.202s][info][gc,task        ] GC(17439) Using 4 of 24 workers for concurrent reference update
[1364.217s][info][gc             ] GC(17439) Concurrent update references 14.225ms
[1364.217s][info][gc,start       ] GC(17439) Pause Final Update Refs
[1364.217s][info][gc,task        ] GC(17439) Using 4 of 24 workers for final reference update
[1364.218s][info][gc             ] GC(17439) Pause Final Update Refs 0.255ms
[1364.218s][info][gc,start       ] GC(17439) Concurrent cleanup
[1364.218s][info][gc             ] GC(17439) Concurrent cleanup 94M->98M(128M) 0.148ms
[1364.218s][info][gc             ] GC(17439) Dat log --- cycle is complete
Current gc epoch: 9274
heap: ______
capacity: 134217728
used: 102760488
committed: 134217728
bytes_allocated_since_gc_start: 89181952
hot_size: 0
cold_size: 6589907
num_regions: 512
hot_region_count: 18446744073709538258
cold_region_count: 13360
histogram: Placeholder

[1364.218s][info][gc             ] GC(17439) Obj count ac histogram
[1364.218s][info][gc             ] GC(17439) 	0: 470449
[1364.218s][info][gc             ] GC(17439) 	1: 30
[1364.218s][info][gc             ] GC(17439) 	2: 7235
[1364.218s][info][gc             ] GC(17439) 	3: 11201
[1364.218s][info][gc             ] GC(17439) 	4: 6700
[1364.218s][info][gc             ] GC(17439) 	5: 40
[1364.218s][info][gc             ] GC(17439) 	6: 0
[1364.218s][info][gc             ] GC(17439) 	7: 0
[1364.218s][info][gc             ] GC(17439) 	8: 0
[1364.218s][info][gc             ] GC(17439) 	9: 0
[1364.218s][info][gc             ] GC(17439) 	10: 0
[1364.218s][info][gc             ] GC(17439) 	11: 0
[1364.218s][info][gc             ] GC(17439) 	12: 0
[1364.218s][info][gc             ] GC(17439) 	13: 0
[1364.218s][info][gc             ] GC(17439) 	14: 0
[1364.218s][info][gc             ] GC(17439) 	15: 0
[1364.218s][info][gc             ] GC(17439) 	16: 0
[1364.218s][info][gc             ] GC(17439) 	17: 0
[1364.218s][info][gc             ] GC(17439) 	18: 0
[1364.218s][info][gc             ] GC(17439) 	19: 0
[1364.218s][info][gc             ] GC(17439) Obj size ac histogram
[1364.218s][info][gc             ] GC(17439) 	0: 5245042
[1364.218s][info][gc             ] GC(17439) 	1: 1440
[1364.218s][info][gc             ] GC(17439) 	2: 91198
[1364.218s][info][gc             ] GC(17439) 	3: 139088
[1364.218s][info][gc             ] GC(17439) 	4: 43148
[1364.218s][info][gc             ] GC(17439) 	5: 395
[1364.218s][info][gc             ] GC(17439) 	6: 0
[1364.218s][info][gc             ] GC(17439) 	7: 0
[1364.218s][info][gc             ] GC(17439) 	8: 0
[1364.218s][info][gc             ] GC(17439) 	9: 0
[1364.218s][info][gc             ] GC(17439) 	10: 0
[1364.218s][info][gc             ] GC(17439) 	11: 0
[1364.218s][info][gc             ] GC(17439) 	12: 0
[1364.218s][info][gc             ] GC(17439) 	13: 0
[1364.218s][info][gc             ] GC(17439) 	14: 0
[1364.218s][info][gc             ] GC(17439) 	15: 0
[1364.218s][info][gc             ] GC(17439) 	16: 0
[1364.218s][info][gc             ] GC(17439) 	17: 0
[1364.218s][info][gc             ] GC(17439) 	18: 0
[1364.218s][info][gc             ] GC(17439) 	19: 0
[1364.218s][info][gc,ergo        ] Free: 18944K, Max: 256K regular, 18176K humongous, Frag: 5% external, 25% internal; Reserve: 6656K, Max: 256K
[1364.218s][info][gc,stats       ] 
[1364.218s][info][gc,stats       ] All times are wall-clock times, except per-root-class counters, that are sum over
[1364.218s][info][gc,stats       ] all workers. Dividing the <total> over the root stage time estimates parallelism.
[1364.218s][info][gc,stats       ] 
[1364.218s][info][gc,stats       ] Concurrent Reset                    351 us
[1364.218s][info][gc,stats       ] Pause Init Mark (G)                2763 us
[1364.218s][info][gc,stats       ] Pause Init Mark (N)                2186 us
[1364.218s][info][gc,stats       ]   Accumulate Stats                    6 us
[1364.218s][info][gc,stats       ]   Make Parsable                      39 us
[1364.218s][info][gc,stats       ]   Update Region States                5 us
[1364.218s][info][gc,stats       ]   Scan Roots                       1683 us, parallelism: 1.93x
[1364.218s][info][gc,stats       ]     S: <total>                     3244 us
[1364.218s][info][gc,stats       ]     S: Thread Roots                 382 us, workers (us): 215, 165,   1,   1, ---, ---, ---, ---, ---, ---, ---, ---, ---, ---, ---, ---, ---, ---, ---, ---, ---, ---, ---, ---, 
[1364.218s][info][gc,stats       ]     S: Universe Roots                32 us, workers (us):  32, ---, ---, ---, ---, ---, ---, ---, ---, ---, ---, ---, ---, ---, ---, ---, ---, ---, ---, ---, ---, ---, ---, ---, 
[1364.219s][info][gc,stats       ]     S: JNI Handles Roots             22 us, workers (us): ---,  22, ---, ---, ---, ---, ---, ---, ---, ---, ---, ---, ---, ---, ---, ---, ---, ---, ---, ---, ---, ---, ---, ---, 
[1364.219s][info][gc,stats       ]     S: Synchronizer Roots             0 us, workers (us):   0, ---, ---, ---, ---, ---, ---, ---, ---, ---, ---, ---, ---, ---, ---, ---, ---, ---, ---, ---, ---, ---, ---, ---, 
[1364.219s][info][gc,stats       ]     S: Management Roots               2 us, workers (us):   2, ---, ---, ---, ---, ---, ---, ---, ---, ---, ---, ---, ---, ---, ---, ---, ---, ---, ---, ---, ---, ---, ---, ---, 
[1364.219s][info][gc,stats       ]     S: System Dict Roots             34 us, workers (us):  34, ---, ---, ---, ---, ---, ---, ---, ---, ---, ---, ---, ---, ---, ---, ---, ---, ---, ---, ---, ---, ---, ---, ---, 
[1364.219s][info][gc,stats       ]     S: CLDG Roots                  2770 us, workers (us): ---, ---, 1497, 1273, ---, ---, ---, ---, ---, ---, ---, ---, ---, ---, ---, ---, ---, ---, ---, ---, ---, ---, ---, ---, 
[1364.219s][info][gc,stats       ]     S: JVMTI Roots                    1 us, workers (us): ---,   1, ---, ---, ---, ---, ---, ---, ---, ---, ---, ---, ---, ---, ---, ---, ---, ---, ---, ---, ---, ---, ---, ---, 
[1364.219s][info][gc,stats       ]   Resize TLABs                        7 us
[1364.219s][info][gc,stats       ] Concurrent Marking                39617 us
[1364.219s][info][gc,stats       ] Pause Final Mark (G)               1555 us
[1364.219s][info][gc,stats       ] Pause Final Mark (N)               1324 us
[1364.219s][info][gc,stats       ]   Finish Queues                     129 us
[1364.219s][info][gc,stats       ]   System Purge                      447 us
[1364.219s][info][gc,stats       ]     Weak Roots                      445 us
[1364.219s][info][gc,stats       ]   Update Region States               20 us
[1364.219s][info][gc,stats       ]   Retire TLABs                       19 us
[1364.219s][info][gc,stats       ]   Choose Collection Set              63 us
[1364.219s][info][gc,stats       ]   Rebuild Free Set                   14 us
[1364.219s][info][gc,stats       ]   Initial Evacuation                609 us, parallelism: 2.16x
[1364.219s][info][gc,stats       ]     E: <total>                     1318 us
[1364.219s][info][gc,stats       ]     E: Thread Roots                 125 us, workers (us):  72,  28,  23,   2, ---, ---, ---, ---, ---, ---, ---, ---, ---, ---, ---, ---, ---, ---, ---, ---, ---, ---, ---, ---, 
[1364.219s][info][gc,stats       ]     E: Code Cache Roots             852 us, workers (us): 251, 260, 174, 167, ---, ---, ---, ---, ---, ---, ---, ---, ---, ---, ---, ---, ---, ---, ---, ---, ---, ---, ---, ---, 
[1364.219s][info][gc,stats       ]     E: Universe Roots                 6 us, workers (us):   6, ---, ---, ---, ---, ---, ---, ---, ---, ---, ---, ---, ---, ---, ---, ---, ---, ---, ---, ---, ---, ---, ---, ---, 
[1364.219s][info][gc,stats       ]     E: JNI Handles Roots              3 us, workers (us):   3, ---, ---, ---, ---, ---, ---, ---, ---, ---, ---, ---, ---, ---, ---, ---, ---, ---, ---, ---, ---, ---, ---, ---, 
[1364.219s][info][gc,stats       ]     E: Synchronizer Roots             0 us, workers (us): ---,   0, ---, ---, ---, ---, ---, ---, ---, ---, ---, ---, ---, ---, ---, ---, ---, ---, ---, ---, ---, ---, ---, ---, 
[1364.219s][info][gc,stats       ]     E: Management Roots               1 us, workers (us): ---,   1, ---, ---, ---, ---, ---, ---, ---, ---, ---, ---, ---, ---, ---, ---, ---, ---, ---, ---, ---, ---, ---, ---, 
[1364.219s][info][gc,stats       ]     E: System Dict Roots             22 us, workers (us): ---,  22, ---, ---, ---, ---, ---, ---, ---, ---, ---, ---, ---, ---, ---, ---, ---, ---, ---, ---, ---, ---, ---, ---, 
[1364.219s][info][gc,stats       ]     E: CLDG Roots                   309 us, workers (us): ---, ---, 117, 191, ---, ---, ---, ---, ---, ---, ---, ---, ---, ---, ---, ---, ---, ---, ---, ---, ---, ---, ---, ---, 
[1364.219s][info][gc,stats       ]     E: JVMTI Roots                    1 us, workers (us):   1, ---, ---, ---, ---, ---, ---, ---, ---, ---, ---, ---, ---, ---, ---, ---, ---, ---, ---, ---, ---, ---, ---, ---, 
[1364.219s][info][gc,stats       ] Concurrent Cleanup                  747 us
[1364.219s][info][gc,stats       ] Concurrent Evacuation               757 us
[1364.219s][info][gc,stats       ] Pause Init  Update Refs (G)         363 us
[1364.219s][info][gc,stats       ] Pause Init  Update Refs (N)          63 us
[1364.219s][info][gc,stats       ]   Retire GCLABs                      41 us
[1364.219s][info][gc,stats       ] Concurrent Update Refs            14197 us
[1364.219s][info][gc,stats       ] Pause Final Update Refs (G)        1031 us
[1364.219s][info][gc,stats       ] Pause Final Update Refs (N)         212 us
[1364.219s][info][gc,stats       ]   Update Roots                      153 us, parallelism: 1.03x
[1364.219s][info][gc,stats       ]     UR: <total>                     157 us
[1364.219s][info][gc,stats       ]     UR: Thread Roots                157 us, workers (us):  79,  59,  17,   3, ---, ---, ---, ---, ---, ---, ---, ---, ---, ---, ---, ---, ---, ---, ---, ---, ---, ---, ---, ---, 
[1364.219s][info][gc,stats       ]   Update Region States               11 us
[1364.219s][info][gc,stats       ]   Trash Collection Set                6 us
[1364.219s][info][gc,stats       ]   Rebuild Free Set                   21 us
[1364.219s][info][gc,stats       ] Concurrent Cleanup                  120 us
[1364.219s][info][gc,stats       ] Pacing                            52101 us
[1364.219s][info][gc,stats       ] 
[1364.219s][info][gc,stats       ] Allocation pacing accrued:
[1364.219s][info][gc,stats       ]      52 of    76 ms ( 68.5%): pl.nadoba.jvm.gc.benchmark.App.main()
[1364.219s][info][gc,stats       ]      52 of    76 ms ( 68.5%): <total>
[1364.219s][info][gc,stats       ]       5 of    76 ms (  6.8%): <average total>
[1364.219s][info][gc,stats       ]      52 of    76 ms ( 68.5%): <average non-zero>
[1364.219s][info][gc,stats       ] 
[1364.219s][info][gc,metaspace   ] Metaspace: 24233K->24233K(1071104K)
[1364.219s][info][gc,ergo        ] Pacer for Idle. Initial: 2621K, Alloc Tax Rate: 1.0x
[1364.220s][info][gc             ] Trigger: Free (12288K) is below minimum threshold (13107K)
[1364.220s][info][gc,ergo        ] Free: 12288K, Max: 256K regular, 11520K humongous, Frag: 7% external, 34% internal; Reserve: 6656K, Max: 256K
[1364.220s][info][gc,start       ] GC(17440) Concurrent reset
[1364.220s][info][gc,task        ] GC(17440) Using 4 of 24 workers for concurrent reset
[1364.220s][info][gc,ergo        ] GC(17440) Pacer for Reset. Non-Taxable: 128M
[1364.221s][info][gc             ] GC(17440) Concurrent reset 0.588ms
[1364.221s][info][gc,start       ] GC(17440) Pause Init Mark (process weakrefs)
[1364.221s][info][gc,task        ] GC(17440) Using 4 of 24 workers for init marking
[1364.223s][info][gc,ergo        ] GC(17440) Pacer for Mark. Expected Live: 15585K, Free: 12288K, Non-Taxable: 1228K, Alloc Tax Rate: 1.6x
[1364.223s][info][gc             ] GC(17440) Pause Init Mark (process weakrefs) 1.999ms
[1364.223s][info][gc,start       ] GC(17440) Concurrent marking (process weakrefs)
[1364.223s][info][gc,task        ] GC(17440) Using 4 of 24 workers for concurrent marking
[1364.251s][info][gc             ] Failed to allocate Shared, 6144K
[1364.251s][info][gc             ] Cancelling GC: Allocation Failure
[1364.252s][info][gc             ] GC(17440) Concurrent marking (process weakrefs) 28.774ms
[1364.252s][info][gc,ergo        ] Free: 1280K, Max: 256K regular, 768K humongous, Frag: 40% external, 0% internal; Reserve: 6656K, Max: 256K
[1364.252s][info][gc,stats       ] 
[1364.252s][info][gc,stats       ] All times are wall-clock times, except per-root-class counters, that are sum over
[1364.252s][info][gc,stats       ] all workers. Dividing the <total> over the root stage time estimates parallelism.
[1364.252s][info][gc,stats       ] 
[1364.252s][info][gc,stats       ] Concurrent Reset                    571 us
[1364.252s][info][gc,stats       ] Pause Init Mark (G)                2297 us
[1364.252s][info][gc,stats       ] Pause Init Mark (N)                1957 us
[1364.252s][info][gc,stats       ]   Accumulate Stats                    7 us
[1364.252s][info][gc,stats       ]   Make Parsable                      51 us
[1364.252s][info][gc,stats       ]   Update Region States                7 us
[1364.252s][info][gc,stats       ]   Scan Roots                       1363 us, parallelism: 2.00x
[1364.252s][info][gc,stats       ]     S: <total>                     2721 us
[1364.252s][info][gc,stats       ]     S: Thread Roots                 386 us, workers (us): 203,   1, 181,   1, ---, ---, ---, ---, ---, ---, ---, ---, ---, ---, ---, ---, ---, ---, ---, ---, ---, ---, ---, ---, 
[1364.252s][info][gc,stats       ]     S: Universe Roots                62 us, workers (us):  62, ---, ---, ---, ---, ---, ---, ---, ---, ---, ---, ---, ---, ---, ---, ---, ---, ---, ---, ---, ---, ---, ---, ---, 
[1364.252s][info][gc,stats       ]     S: JNI Handles Roots             20 us, workers (us): ---,  20, ---, ---, ---, ---, ---, ---, ---, ---, ---, ---, ---, ---, ---, ---, ---, ---, ---, ---, ---, ---, ---, ---, 
[1364.252s][info][gc,stats       ]     S: Synchronizer Roots             0 us, workers (us): ---,   0, ---, ---, ---, ---, ---, ---, ---, ---, ---, ---, ---, ---, ---, ---, ---, ---, ---, ---, ---, ---, ---, ---, 
[1364.252s][info][gc,stats       ]     S: Management Roots               1 us, workers (us): ---,   1, ---, ---, ---, ---, ---, ---, ---, ---, ---, ---, ---, ---, ---, ---, ---, ---, ---, ---, ---, ---, ---, ---, 
[1364.252s][info][gc,stats       ]     S: System Dict Roots             45 us, workers (us): ---, ---,  45, ---, ---, ---, ---, ---, ---, ---, ---, ---, ---, ---, ---, ---, ---, ---, ---, ---, ---, ---, ---, ---, 
[1364.252s][info][gc,stats       ]     S: CLDG Roots                  2207 us, workers (us): ---, 1145, ---, 1062, ---, ---, ---, ---, ---, ---, ---, ---, ---, ---, ---, ---, ---, ---, ---, ---, ---, ---, ---, ---, 
[1364.252s][info][gc,stats       ]     S: JVMTI Roots                    0 us, workers (us): ---,   0, ---, ---, ---, ---, ---, ---, ---, ---, ---, ---, ---, ---, ---, ---, ---, ---, ---, ---, ---, ---, ---, ---, 
[1364.253s][info][gc,stats       ]   Resize TLABs                        7 us
[1364.253s][info][gc,stats       ] Concurrent Marking                28723 us
[1364.253s][info][gc,stats       ] Pacing                            28625 us
[1364.253s][info][gc,stats       ] 
[1364.253s][info][gc,stats       ] Allocation pacing accrued:
[1364.253s][info][gc,stats       ]      29 of    33 ms ( 85.6%): pl.nadoba.jvm.gc.benchmark.App.main()
[1364.253s][info][gc,stats       ]      29 of    33 ms ( 85.6%): <total>
[1364.253s][info][gc,stats       ]       3 of    33 ms (  8.6%): <average total>
[1364.253s][info][gc,stats       ]      29 of    33 ms ( 85.6%): <average non-zero>
[1364.253s][info][gc,stats       ] 
[1364.253s][info][gc,metaspace   ] Metaspace: 24233K->24233K(1071104K)
[1364.253s][info][gc,ergo        ] Pacer for Idle. Initial: 2621K, Alloc Tax Rate: 1.0x
[1364.254s][info][gc             ] Trigger: Handle Allocation Failure
[1364.254s][info][gc,ergo        ] Free: 1280K, Max: 256K regular, 768K humongous, Frag: 40% external, 0% internal; Reserve: 6656K, Max: 256K
[1364.254s][info][gc,start       ] GC(17441) Pause Degenerated GC (Mark)
[1364.254s][info][gc,task        ] GC(17441) Using 4 of 24 workers for stw degenerated gc
[1364.294s][info][gc,ergo        ] GC(17441) CSet Selection. Actual Free: 102M, Max CSet: 78912K
[1364.294s][info][gc,ergo        ] GC(17441) Collectable Garbage: 97858K (99%), Immediate: 97280K (99%), CSet: 578K (0%)
[1364.294s][info][gc,ergo        ] GC(17441) Pacer for Evacuation. Used CSet: 768K, Free: 101M, Non-Taxable: 10419K, Alloc Tax Rate: 1.1x
[1364.309s][info][gc,ergo        ] GC(17441) Pacer for Update Refs. Used: 19967K, Free: 101M, Non-Taxable: 10419K, Alloc Tax Rate: 1.1x
[1364.326s][info][gc,ergo        ] GC(17441) Good progress for free space: 102M, need 1310K
[1364.326s][info][gc,ergo        ] GC(17441) Good progress for used space: 97792K, need 256K
[1364.326s][info][gc             ] GC(17441) Pause Degenerated GC (Mark) 114M->18M(128M) 71.830ms
[1364.326s][info][gc,ergo        ] Free: 102M, Max: 256K regular, 99840K humongous, Frag: 5% external, 5% internal; Reserve: 6656K, Max: 256K
[1364.326s][info][gc,stats       ] 
[1364.326s][info][gc,stats       ] All times are wall-clock times, except per-root-class counters, that are sum over
[1364.326s][info][gc,stats       ] all workers. Dividing the <total> over the root stage time estimates parallelism.
[1364.326s][info][gc,stats       ] 
[1364.326s][info][gc,stats       ]   Finish Queues                   36680 us
[1364.326s][info][gc,stats       ]   Weak References                  2872 us
[1364.326s][info][gc,stats       ]     Process                        2856 us
[1364.326s][info][gc,stats       ]   System Purge                      304 us
[1364.326s][info][gc,stats       ]     Weak Roots                      303 us
[1364.326s][info][gc,stats       ]   Update Region States               19 us
[1364.326s][info][gc,stats       ]   Retire TLABs                       51 us
[1364.326s][info][gc,stats       ]   Choose Collection Set             433 us
[1364.326s][info][gc,stats       ]   Rebuild Free Set                   22 us
[1364.326s][info][gc,stats       ]   Initial Evacuation                 16 us
[1364.326s][info][gc,stats       ]   Retire GCLABs                      12 us
[1364.326s][info][gc,stats       ]   Finish Work                     15921 us
[1364.326s][info][gc,stats       ]   Update Region States               17 us
[1364.326s][info][gc,stats       ]   Trash Collection Set                4 us
[1364.326s][info][gc,stats       ]   Rebuild Free Set                    9 us
[1364.326s][info][gc,stats       ] Pause Degenerated GC (G)          72126 us
[1364.326s][info][gc,stats       ] Pause Degenerated GC (N)          71786 us
[1364.326s][info][gc,stats       ]   Degen Update Roots                767 us, parallelism: 2.19x
[1364.326s][info][gc,stats       ]     DU: <total>                    1682 us
[1364.326s][info][gc,stats       ]     DU: Thread Roots                106 us, workers (us):  66,   2,   2,  37, ---, ---, ---, ---, ---, ---, ---, ---, ---, ---, ---, ---, ---, ---, ---, ---, ---, ---, ---, ---, 
[1364.326s][info][gc,stats       ]     DU: Code Cache Roots           1058 us, workers (us): 118, 434, 148, 358, ---, ---, ---, ---, ---, ---, ---, ---, ---, ---, ---, ---, ---, ---, ---, ---, ---, ---, ---, ---, 
[1364.326s][info][gc,stats       ]     DU: Universe Roots                5 us, workers (us):   5, ---, ---, ---, ---, ---, ---, ---, ---, ---, ---, ---, ---, ---, ---, ---, ---, ---, ---, ---, ---, ---, ---, ---, 
[1364.326s][info][gc,stats       ]     DU: JNI Handles Roots             4 us, workers (us): ---,   4, ---, ---, ---, ---, ---, ---, ---, ---, ---, ---, ---, ---, ---, ---, ---, ---, ---, ---, ---, ---, ---, ---, 
[1364.326s][info][gc,stats       ]     DU: Synchronizer Roots            0 us, workers (us): ---,   0, ---, ---, ---, ---, ---, ---, ---, ---, ---, ---, ---, ---, ---, ---, ---, ---, ---, ---, ---, ---, ---, ---, 
[1364.326s][info][gc,stats       ]     DU: Management Roots              1 us, workers (us): ---,   1, ---, ---, ---, ---, ---, ---, ---, ---, ---, ---, ---, ---, ---, ---, ---, ---, ---, ---, ---, ---, ---, ---, 
[1364.326s][info][gc,stats       ]     DU: System Dict Roots             7 us, workers (us):   7, ---, ---, ---, ---, ---, ---, ---, ---, ---, ---, ---, ---, ---, ---, ---, ---, ---, ---, ---, ---, ---, ---, ---, 
[1364.327s][info][gc,stats       ]     DU: CLDG Roots                  501 us, workers (us): 209, ---, 292, ---, ---, ---, ---, ---, ---, ---, ---, ---, ---, ---, ---, ---, ---, ---, ---, ---, ---, ---, ---, ---, 
[1364.327s][info][gc,stats       ]     DU: JVMTI Roots                   0 us, workers (us): ---,   0, ---, ---, ---, ---, ---, ---, ---, ---, ---, ---, ---, ---, ---, ---, ---, ---, ---, ---, ---, ---, ---, ---, 
[1364.327s][info][gc,stats       ] 
[1364.327s][info][gc,stats       ] Allocation pacing accrued:
[1364.327s][info][gc,stats       ]       0 of    74 ms (  0.0%): <total>
[1364.327s][info][gc,stats       ]       0 of    74 ms (  0.0%): <average total>
[1364.327s][info][gc,stats       ] 
[1364.327s][info][gc,metaspace   ] Metaspace: 24233K->24233K(1071104K)
[1364.327s][info][gc,ergo        ] Pacer for Idle. Initial: 2621K, Alloc Tax Rate: 1.0x
[1364.339s][info][gc             ] Trigger: Allocated since last cycle (16128K) is larger than allocation threshold (13107K)
[1364.339s][info][gc,ergo        ] Free: 88576K, Max: 256K regular, 83968K humongous, Frag: 6% external, 0% internal; Reserve: 6656K, Max: 256K
[1364.339s][info][gc,start       ] GC(17442) Concurrent reset
[1364.339s][info][gc,task        ] GC(17442) Using 4 of 24 workers for concurrent reset
[1364.339s][info][gc,ergo        ] GC(17442) Pacer for Reset. Non-Taxable: 128M
[1364.340s][info][gc             ] GC(17442) Concurrent reset 0.377ms
[1364.341s][info][gc,start       ] GC(17442) Pause Init Mark
[1364.342s][info][gc,task        ] GC(17442) Using 4 of 24 workers for init marking
[1364.343s][info][gc,ergo        ] GC(17442) Pacer for Mark. Expected Live: 13741K, Free: 88576K, Non-Taxable: 8857K, Alloc Tax Rate: 0.2x
[1364.343s][info][gc             ] GC(17442) Pause Init Mark 1.661ms
[1364.343s][info][gc,start       ] GC(17442) Concurrent marking
[1364.343s][info][gc,task        ] GC(17442) Using 4 of 24 workers for concurrent marking
[1364.408s][info][gc             ] GC(17442) Concurrent marking 64.932ms
[1364.408s][info][gc,start       ] GC(17442) Pause Final Mark
[1364.408s][info][gc,task        ] GC(17442) Using 4 of 24 workers for final marking
[1364.409s][info][gc,ergo        ] GC(17442) CSet Selection. Actual Free: 35584K, Max CSet: 26688K
[1364.409s][info][gc,ergo        ] GC(17442) Collectable Garbage: 16962K (99%), Immediate: 16640K (98%), CSet: 322K (1%)
[1364.409s][info][gc,ergo        ] GC(17442) Pacer for Evacuation. Used CSet: 512K, Free: 29696K, Non-Taxable: 2969K, Alloc Tax Rate: 1.1x
[1364.410s][info][gc             ] GC(17442) Pause Final Mark 1.200ms
[1364.410s][info][gc,start       ] GC(17442) Concurrent cleanup
[1364.412s][info][gc             ] GC(17442) Concurrent cleanup 103M->89M(128M) 2.829ms
[1364.413s][info][gc,ergo        ] GC(17442) Free: 28160K, Max: 256K regular, 22272K humongous, Frag: 21% external, 0% internal; Reserve: 6653K, Max: 256K
[1364.413s][info][gc,start       ] GC(17442) Concurrent evacuation
[1364.413s][info][gc,task        ] GC(17442) Using 4 of 24 workers for concurrent evacuation
[1364.413s][info][gc             ] GC(17442) Concurrent evacuation 0.476ms
[1364.413s][info][gc,start       ] GC(17442) Pause Init Update Refs
[1364.413s][info][gc,ergo        ] GC(17442) Pacer for Update Refs. Used: 91648K, Free: 28160K, Non-Taxable: 2816K, Alloc Tax Rate: 4.0x
[1364.413s][info][gc             ] GC(17442) Pause Init Update Refs 0.081ms
[1364.413s][info][gc,start       ] GC(17442) Concurrent update references
[1364.413s][info][gc,task        ] GC(17442) Using 4 of 24 workers for concurrent reference update
[1364.427s][info][gc             ] GC(17442) Concurrent update references 13.539ms
[1364.427s][info][gc,start       ] GC(17442) Pause Final Update Refs
[1364.427s][info][gc,task        ] GC(17442) Using 4 of 24 workers for final reference update
[1364.427s][info][gc             ] GC(17442) Pause Final Update Refs 0.289ms
[1364.427s][info][gc,start       ] GC(17442) Concurrent cleanup
[1364.428s][info][gc             ] GC(17442) Concurrent cleanup 95M->95M(128M) 0.155ms
[1364.428s][info][gc             ] GC(17442) Dat log --- cycle is complete
Current gc epoch: 9275
heap: ______
capacity: 134217728
used: 99614792
committed: 134217728
bytes_allocated_since_gc_start: 86508120
hot_size: 0
cold_size: 7827614
num_regions: 512
hot_region_count: 18446744073709538255
cold_region_count: 13362
histogram: Placeholder

[1364.428s][info][gc             ] GC(17442) Obj count ac histogram
[1364.428s][info][gc             ] GC(17442) 	0: 485439
[1364.428s][info][gc             ] GC(17442) 	1: 13
[1364.428s][info][gc             ] GC(17442) 	2: 9075
[1364.428s][info][gc             ] GC(17442) 	3: 9705
[1364.428s][info][gc             ] GC(17442) 	4: 6470
[1364.428s][info][gc             ] GC(17442) 	5: 40
[1364.428s][info][gc             ] GC(17442) 	6: 0
[1364.428s][info][gc             ] GC(17442) 	7: 0
[1364.428s][info][gc             ] GC(17442) 	8: 0
[1364.428s][info][gc             ] GC(17442) 	9: 0
[1364.428s][info][gc             ] GC(17442) 	10: 0
[1364.428s][info][gc             ] GC(17442) 	11: 0
[1364.428s][info][gc             ] GC(17442) 	12: 0
[1364.428s][info][gc             ] GC(17442) 	13: 0
[1364.428s][info][gc             ] GC(17442) 	14: 0
[1364.428s][info][gc             ] GC(17442) 	15: 0
[1364.428s][info][gc             ] GC(17442) 	16: 0
[1364.428s][info][gc             ] GC(17442) 	17: 0
[1364.428s][info][gc             ] GC(17442) 	18: 0
[1364.428s][info][gc             ] GC(17442) 	19: 0
[1364.428s][info][gc             ] GC(17442) Obj size ac histogram
[1364.428s][info][gc             ] GC(17442) 	0: 6681583
[1364.428s][info][gc             ] GC(17442) 	1: 624
[1364.428s][info][gc             ] GC(17442) 	2: 115739
[1364.428s][info][gc             ] GC(17442) 	3: 127405
[1364.428s][info][gc             ] GC(17442) 	4: 41648
[1364.428s][info][gc             ] GC(17442) 	5: 395
[1364.428s][info][gc             ] GC(17442) 	6: 0
[1364.428s][info][gc             ] GC(17442) 	7: 0
[1364.428s][info][gc             ] GC(17442) 	8: 0
[1364.428s][info][gc             ] GC(17442) 	9: 0
[1364.428s][info][gc             ] GC(17442) 	10: 0
[1364.428s][info][gc             ] GC(17442) 	11: 0
[1364.428s][info][gc             ] GC(17442) 	12: 0
[1364.428s][info][gc             ] GC(17442) 	13: 0
[1364.428s][info][gc             ] GC(17442) 	14: 0
[1364.428s][info][gc             ] GC(17442) 	15: 0
[1364.428s][info][gc             ] GC(17442) 	16: 0
[1364.428s][info][gc             ] GC(17442) 	17: 0
[1364.428s][info][gc             ] GC(17442) 	18: 0
[1364.428s][info][gc             ] GC(17442) 	19: 0
[1364.428s][info][gc,ergo        ] Free: 21760K, Max: 256K regular, 18944K humongous, Frag: 13% external, 22% internal; Reserve: 6656K, Max: 256K
[1364.428s][info][gc,stats       ] 
[1364.428s][info][gc,stats       ] All times are wall-clock times, except per-root-class counters, that are sum over
[1364.428s][info][gc,stats       ] all workers. Dividing the <total> over the root stage time estimates parallelism.
[1364.428s][info][gc,stats       ] 
[1364.428s][info][gc,stats       ] Concurrent Reset                    359 us
[1364.428s][info][gc,stats       ] Pause Init Mark (G)                3434 us
[1364.428s][info][gc,stats       ] Pause Init Mark (N)                1615 us
[1364.428s][info][gc,stats       ]   Accumulate Stats                    4 us
[1364.428s][info][gc,stats       ]   Make Parsable                      46 us
[1364.428s][info][gc,stats       ]   Update Region States                5 us
[1364.428s][info][gc,stats       ]   Scan Roots                       1152 us, parallelism: 1.97x
[1364.428s][info][gc,stats       ]     S: <total>                     2270 us
[1364.428s][info][gc,stats       ]     S: Thread Roots                 259 us, workers (us):   1, 137,   1, 120, ---, ---, ---, ---, ---, ---, ---, ---, ---, ---, ---, ---, ---, ---, ---, ---, ---, ---, ---, ---, 
[1364.428s][info][gc,stats       ]     S: Universe Roots                26 us, workers (us):  26, ---, ---, ---, ---, ---, ---, ---, ---, ---, ---, ---, ---, ---, ---, ---, ---, ---, ---, ---, ---, ---, ---, ---, 
[1364.428s][info][gc,stats       ]     S: JNI Handles Roots             33 us, workers (us): ---, ---, ---,  33, ---, ---, ---, ---, ---, ---, ---, ---, ---, ---, ---, ---, ---, ---, ---, ---, ---, ---, ---, ---, 
[1364.428s][info][gc,stats       ]     S: Synchronizer Roots             0 us, workers (us): ---,   0, ---, ---, ---, ---, ---, ---, ---, ---, ---, ---, ---, ---, ---, ---, ---, ---, ---, ---, ---, ---, ---, ---, 
[1364.428s][info][gc,stats       ]     S: Management Roots              12 us, workers (us): ---,  12, ---, ---, ---, ---, ---, ---, ---, ---, ---, ---, ---, ---, ---, ---, ---, ---, ---, ---, ---, ---, ---, ---, 
[1364.428s][info][gc,stats       ]     S: System Dict Roots             16 us, workers (us): ---,  16, ---, ---, ---, ---, ---, ---, ---, ---, ---, ---, ---, ---, ---, ---, ---, ---, ---, ---, ---, ---, ---, ---, 
[1364.428s][info][gc,stats       ]     S: CLDG Roots                  1922 us, workers (us): 886, ---, 1036, ---, ---, ---, ---, ---, ---, ---, ---, ---, ---, ---, ---, ---, ---, ---, ---, ---, ---, ---, ---, ---, 
[1364.428s][info][gc,stats       ]     S: JVMTI Roots                    1 us, workers (us): ---, ---,   1, ---, ---, ---, ---, ---, ---, ---, ---, ---, ---, ---, ---, ---, ---, ---, ---, ---, ---, ---, ---, ---, 
[1364.428s][info][gc,stats       ]   Resize TLABs                        3 us
[1364.428s][info][gc,stats       ] Concurrent Marking                64869 us
[1364.428s][info][gc,stats       ] Pause Final Mark (G)               1409 us
[1364.428s][info][gc,stats       ] Pause Final Mark (N)               1158 us
[1364.428s][info][gc,stats       ]   Finish Queues                     154 us
[1364.428s][info][gc,stats       ]   System Purge                      327 us
[1364.428s][info][gc,stats       ]     Weak Roots                      325 us
[1364.429s][info][gc,stats       ]   Update Region States               22 us
[1364.429s][info][gc,stats       ]   Retire TLABs                       48 us
[1364.429s][info][gc,stats       ]   Choose Collection Set             106 us
[1364.429s][info][gc,stats       ]   Rebuild Free Set                   14 us
[1364.429s][info][gc,stats       ]   Initial Evacuation                457 us, parallelism: 1.94x
[1364.429s][info][gc,stats       ]     E: <total>                      888 us
[1364.429s][info][gc,stats       ]     E: Thread Roots                  76 us, workers (us):  32,  26,  17,   1, ---, ---, ---, ---, ---, ---, ---, ---, ---, ---, ---, ---, ---, ---, ---, ---, ---, ---, ---, ---, 
[1364.429s][info][gc,stats       ]     E: Code Cache Roots             618 us, workers (us):  75, 189, 124, 230, ---, ---, ---, ---, ---, ---, ---, ---, ---, ---, ---, ---, ---, ---, ---, ---, ---, ---, ---, ---, 
[1364.429s][info][gc,stats       ]     E: Universe Roots                 3 us, workers (us):   3, ---, ---, ---, ---, ---, ---, ---, ---, ---, ---, ---, ---, ---, ---, ---, ---, ---, ---, ---, ---, ---, ---, ---, 
[1364.429s][info][gc,stats       ]     E: JNI Handles Roots              1 us, workers (us):   1, ---, ---, ---, ---, ---, ---, ---, ---, ---, ---, ---, ---, ---, ---, ---, ---, ---, ---, ---, ---, ---, ---, ---, 
[1364.429s][info][gc,stats       ]     E: Synchronizer Roots             0 us, workers (us):   0, ---, ---, ---, ---, ---, ---, ---, ---, ---, ---, ---, ---, ---, ---, ---, ---, ---, ---, ---, ---, ---, ---, ---, 
[1364.429s][info][gc,stats       ]     E: Management Roots               1 us, workers (us):   1, ---, ---, ---, ---, ---, ---, ---, ---, ---, ---, ---, ---, ---, ---, ---, ---, ---, ---, ---, ---, ---, ---, ---, 
[1364.429s][info][gc,stats       ]     E: System Dict Roots              5 us, workers (us):   5, ---, ---, ---, ---, ---, ---, ---, ---, ---, ---, ---, ---, ---, ---, ---, ---, ---, ---, ---, ---, ---, ---, ---, 
[1364.429s][info][gc,stats       ]     E: CLDG Roots                   184 us, workers (us): 111, ---,  73, ---, ---, ---, ---, ---, ---, ---, ---, ---, ---, ---, ---, ---, ---, ---, ---, ---, ---, ---, ---, ---, 
[1364.429s][info][gc,stats       ]     E: JVMTI Roots                    0 us, workers (us):   0, ---, ---, ---, ---, ---, ---, ---, ---, ---, ---, ---, ---, ---, ---, ---, ---, ---, ---, ---, ---, ---, ---, ---, 
[1364.429s][info][gc,stats       ] Concurrent Cleanup                 2777 us
[1364.429s][info][gc,stats       ] Concurrent Evacuation               461 us
[1364.429s][info][gc,stats       ] Pause Init  Update Refs (G)         322 us
[1364.429s][info][gc,stats       ] Pause Init  Update Refs (N)          40 us
[1364.429s][info][gc,stats       ]   Retire GCLABs                      18 us
[1364.429s][info][gc,stats       ] Concurrent Update Refs            13511 us
[1364.429s][info][gc,stats       ] Pause Final Update Refs (G)         546 us
[1364.429s][info][gc,stats       ] Pause Final Update Refs (N)         245 us
[1364.429s][info][gc,stats       ]   Update Roots                      190 us, parallelism: 1.11x
[1364.429s][info][gc,stats       ]     UR: <total>                     212 us
[1364.429s][info][gc,stats       ]     UR: Thread Roots                212 us, workers (us): 104,  48,  28,  32, ---, ---, ---, ---, ---, ---, ---, ---, ---, ---, ---, ---, ---, ---, ---, ---, ---, ---, ---, ---, 
[1364.429s][info][gc,stats       ]   Update Region States               11 us
[1364.429s][info][gc,stats       ]   Trash Collection Set                6 us
[1364.429s][info][gc,stats       ]   Rebuild Free Set                   15 us
[1364.429s][info][gc,stats       ] Concurrent Cleanup                  126 us
[1364.429s][info][gc,stats       ] Pacing                            71310 us
[1364.429s][info][gc,stats       ] 
[1364.429s][info][gc,stats       ] Allocation pacing accrued:
[1364.429s][info][gc,stats       ]      71 of   102 ms ( 69.7%): pl.nadoba.jvm.gc.benchmark.App.main()
[1364.429s][info][gc,stats       ]      71 of   102 ms ( 69.7%): <total>
[1364.429s][info][gc,stats       ]       7 of   102 ms (  7.0%): <average total>
[1364.429s][info][gc,stats       ]      71 of   102 ms ( 69.7%): <average non-zero>
[1364.429s][info][gc,stats       ] 
[1364.429s][info][gc,metaspace   ] Metaspace: 24233K->24233K(1071104K)
[1364.429s][info][gc,ergo        ] Pacer for Idle. Initial: 2621K, Alloc Tax Rate: 1.0x
[1364.430s][info][gc             ] Trigger: Allocated since last cycle (89856K) is larger than allocation threshold (13107K)
[1364.430s][info][gc,ergo        ] Free: 16384K, Max: 256K regular, 13568K humongous, Frag: 18% external, 28% internal; Reserve: 6656K, Max: 256K
[1364.430s][info][gc,start       ] GC(17443) Concurrent reset
[1364.430s][info][gc,task        ] GC(17443) Using 4 of 24 workers for concurrent reset
[1364.430s][info][gc,ergo        ] GC(17443) Pacer for Reset. Non-Taxable: 128M
[1364.431s][info][gc             ] GC(17443) Concurrent reset 0.559ms
[1364.432s][info][gc,start       ] GC(17443) Pause Init Mark
[1364.432s][info][gc,task        ] GC(17443) Using 4 of 24 workers for init marking
[1364.435s][info][gc,ergo        ] GC(17443) Pacer for Mark. Expected Live: 14151K, Free: 12032K, Non-Taxable: 1203K, Alloc Tax Rate: 1.4x
[1364.435s][info][gc             ] GC(17443) Pause Init Mark 2.919ms
[1364.435s][info][gc,start       ] GC(17443) Concurrent marking
[1364.435s][info][gc,task        ] GC(17443) Using 4 of 24 workers for concurrent marking
[1364.463s][info][gc             ] Failed to allocate Shared, 6144K
[1364.464s][info][gc             ] Cancelling GC: Allocation Failure
[1364.464s][info][gc             ] GC(17443) Concurrent marking 29.102ms
[1364.464s][info][gc,ergo        ] Free: 6144K, Max: 256K regular, 5888K humongous, Frag: 5% external, 0% internal; Reserve: 6656K, Max: 256K
[1364.464s][info][gc,stats       ] 
[1364.464s][info][gc,stats       ] All times are wall-clock times, except per-root-class counters, that are sum over
[1364.464s][info][gc,stats       ] all workers. Dividing the <total> over the root stage time estimates parallelism.
[1364.464s][info][gc,stats       ] 
[1364.464s][info][gc,stats       ] Concurrent Reset                    542 us
[1364.464s][info][gc,stats       ] Pause Init Mark (G)                4169 us
[1364.464s][info][gc,stats       ] Pause Init Mark (N)                2875 us
[1364.464s][info][gc,stats       ]   Accumulate Stats                    6 us
[1364.464s][info][gc,stats       ]   Make Parsable                      49 us
[1364.464s][info][gc,stats       ]   Update Region States               20 us
[1364.464s][info][gc,stats       ]   Scan Roots                       2314 us, parallelism: 1.77x
[1364.464s][info][gc,stats       ]     S: <total>                     4087 us
[1364.464s][info][gc,stats       ]     S: Thread Roots                 228 us, workers (us): 136,  88,   2,   2, ---, ---, ---, ---, ---, ---, ---, ---, ---, ---, ---, ---, ---, ---, ---, ---, ---, ---, ---, ---, 
[1364.464s][info][gc,stats       ]     S: Universe Roots                16 us, workers (us):  16, ---, ---, ---, ---, ---, ---, ---, ---, ---, ---, ---, ---, ---, ---, ---, ---, ---, ---, ---, ---, ---, ---, ---, 
[1364.464s][info][gc,stats       ]     S: JNI Handles Roots             10 us, workers (us):  10, ---, ---, ---, ---, ---, ---, ---, ---, ---, ---, ---, ---, ---, ---, ---, ---, ---, ---, ---, ---, ---, ---, ---, 
[1364.464s][info][gc,stats       ]     S: Synchronizer Roots             0 us, workers (us): ---,   0, ---, ---, ---, ---, ---, ---, ---, ---, ---, ---, ---, ---, ---, ---, ---, ---, ---, ---, ---, ---, ---, ---, 
[1364.464s][info][gc,stats       ]     S: Management Roots               1 us, workers (us): ---,   1, ---, ---, ---, ---, ---, ---, ---, ---, ---, ---, ---, ---, ---, ---, ---, ---, ---, ---, ---, ---, ---, ---, 
[1364.464s][info][gc,stats       ]     S: System Dict Roots             32 us, workers (us): ---,  32, ---, ---, ---, ---, ---, ---, ---, ---, ---, ---, ---, ---, ---, ---, ---, ---, ---, ---, ---, ---, ---, ---, 
[1364.464s][info][gc,stats       ]     S: CLDG Roots                  3798 us, workers (us): ---, ---, 1683, 2115, ---, ---, ---, ---, ---, ---, ---, ---, ---, ---, ---, ---, ---, ---, ---, ---, ---, ---, ---, ---, 
[1364.464s][info][gc,stats       ]     S: JVMTI Roots                    0 us, workers (us):   0, ---, ---, ---, ---, ---, ---, ---, ---, ---, ---, ---, ---, ---, ---, ---, ---, ---, ---, ---, ---, ---, ---, ---, 
[1364.464s][info][gc,stats       ]   Resize TLABs                        7 us
[1364.464s][info][gc,stats       ] Concurrent Marking                29050 us
[1364.465s][info][gc,stats       ] Pacing                            35895 us
[1364.465s][info][gc,stats       ] 
[1364.465s][info][gc,stats       ] Allocation pacing accrued:
[1364.465s][info][gc,stats       ]      36 of    36 ms (100.8%): pl.nadoba.jvm.gc.benchmark.App.main()
[1364.465s][info][gc,stats       ]      36 of    36 ms (100.8%): <total>
[1364.465s][info][gc,stats       ]       4 of    36 ms ( 10.1%): <average total>
[1364.465s][info][gc,stats       ]      36 of    36 ms (100.8%): <average non-zero>
[1364.465s][info][gc,stats       ] 
[1364.465s][info][gc,metaspace   ] Metaspace: 24233K->24233K(1071104K)
[1364.465s][info][gc,ergo        ] Pacer for Idle. Initial: 2621K, Alloc Tax Rate: 1.0x
[1364.466s][info][gc             ] Trigger: Handle Allocation Failure
[1364.466s][info][gc,ergo        ] Free: 6144K, Max: 256K regular, 5888K humongous, Frag: 5% external, 0% internal; Reserve: 6656K, Max: 256K
[1364.466s][info][gc,start       ] GC(17444) Pause Degenerated GC (Mark)
[1364.466s][info][gc,task        ] GC(17444) Using 4 of 24 workers for stw degenerated gc
[1364.508s][info][gc,ergo        ] GC(17444) CSet Selection. Actual Free: 103M, Max CSet: 79680K
[1364.508s][info][gc,ergo        ] GC(17444) Collectable Garbage: 93762K (99%), Immediate: 93440K (99%), CSet: 322K (0%)
[1364.508s][info][gc,ergo        ] GC(17444) Pacer for Evacuation. Used CSet: 512K, Free: 102M, Non-Taxable: 10521K, Alloc Tax Rate: 1.1x
[1364.525s][info][gc,ergo        ] GC(17444) Pacer for Update Refs. Used: 18687K, Free: 102M, Non-Taxable: 10521K, Alloc Tax Rate: 1.1x
[1364.536s][info][gc,ergo        ] GC(17444) Good progress for free space: 103M, need 1310K
[1364.536s][info][gc,ergo        ] GC(17444) Good progress for used space: 93696K, need 256K
[1364.536s][info][gc             ] GC(17444) Pause Degenerated GC (Mark) 109M->17M(128M) 70.169ms
[1364.536s][info][gc,ergo        ] Free: 103M, Max: 256K regular, 91904K humongous, Frag: 13% external, 5% internal; Reserve: 6656K, Max: 256K
[1364.537s][info][gc,stats       ] 
[1364.537s][info][gc,stats       ] All times are wall-clock times, except per-root-class counters, that are sum over
[1364.537s][info][gc,stats       ] all workers. Dividing the <total> over the root stage time estimates parallelism.
[1364.537s][info][gc,stats       ] 
[1364.537s][info][gc,stats       ]   Finish Queues                   41536 us
[1364.537s][info][gc,stats       ]   System Purge                      365 us
[1364.537s][info][gc,stats       ]     Weak Roots                      363 us
[1364.537s][info][gc,stats       ]   Update Region States               17 us
[1364.537s][info][gc,stats       ]   Retire TLABs                       53 us
[1364.537s][info][gc,stats       ]   Choose Collection Set             415 us
[1364.537s][info][gc,stats       ]   Rebuild Free Set                   22 us
[1364.537s][info][gc,stats       ]   Initial Evacuation                 17 us
[1364.537s][info][gc,stats       ]   Retire GCLABs                      21 us
[1364.537s][info][gc,stats       ]   Finish Work                     10814 us
[1364.537s][info][gc,stats       ]   Update Region States               17 us
[1364.537s][info][gc,stats       ]   Trash Collection Set                4 us
[1364.537s][info][gc,stats       ]   Rebuild Free Set                   11 us
[1364.537s][info][gc,stats       ] Pause Degenerated GC (G)          70477 us
[1364.537s][info][gc,stats       ] Pause Degenerated GC (N)          70129 us
[1364.537s][info][gc,stats       ]   Degen Update Roots                644 us, parallelism: 2.11x
[1364.537s][info][gc,stats       ]     DU: <total>                    1361 us
[1364.537s][info][gc,stats       ]     DU: Thread Roots                 75 us, workers (us):   2,   2,  17,  54, ---, ---, ---, ---, ---, ---, ---, ---, ---, ---, ---, ---, ---, ---, ---, ---, ---, ---, ---, ---, 
[1364.537s][info][gc,stats       ]     DU: Code Cache Roots            925 us, workers (us): 159, 361, 301, 104, ---, ---, ---, ---, ---, ---, ---, ---, ---, ---, ---, ---, ---, ---, ---, ---, ---, ---, ---, ---, 
[1364.537s][info][gc,stats       ]     DU: Universe Roots               15 us, workers (us):  15, ---, ---, ---, ---, ---, ---, ---, ---, ---, ---, ---, ---, ---, ---, ---, ---, ---, ---, ---, ---, ---, ---, ---, 
[1364.537s][info][gc,stats       ]     DU: JNI Handles Roots             3 us, workers (us): ---,   3, ---, ---, ---, ---, ---, ---, ---, ---, ---, ---, ---, ---, ---, ---, ---, ---, ---, ---, ---, ---, ---, ---, 
[1364.537s][info][gc,stats       ]     DU: Synchronizer Roots            1 us, workers (us): ---,   1, ---, ---, ---, ---, ---, ---, ---, ---, ---, ---, ---, ---, ---, ---, ---, ---, ---, ---, ---, ---, ---, ---, 
[1364.537s][info][gc,stats       ]     DU: Management Roots              1 us, workers (us): ---,   1, ---, ---, ---, ---, ---, ---, ---, ---, ---, ---, ---, ---, ---, ---, ---, ---, ---, ---, ---, ---, ---, ---, 
[1364.537s][info][gc,stats       ]     DU: System Dict Roots            10 us, workers (us): ---, ---,  10, ---, ---, ---, ---, ---, ---, ---, ---, ---, ---, ---, ---, ---, ---, ---, ---, ---, ---, ---, ---, ---, 
[1364.537s][info][gc,stats       ]     DU: CLDG Roots                  330 us, workers (us): 160, ---, ---, 171, ---, ---, ---, ---, ---, ---, ---, ---, ---, ---, ---, ---, ---, ---, ---, ---, ---, ---, ---, ---, 
[1364.537s][info][gc,stats       ]     DU: JVMTI Roots                   0 us, workers (us): ---,   0, ---, ---, ---, ---, ---, ---, ---, ---, ---, ---, ---, ---, ---, ---, ---, ---, ---, ---, ---, ---, ---, ---, 
[1364.537s][info][gc,stats       ] 
[1364.537s][info][gc,stats       ] Allocation pacing accrued:
[1364.537s][info][gc,stats       ]       0 of    72 ms (  0.0%): <total>
[1364.537s][info][gc,stats       ]       0 of    72 ms (  0.0%): <average total>
[1364.537s][info][gc,stats       ] 
[1364.537s][info][gc,metaspace   ] Metaspace: 24233K->24233K(1071104K)
[1364.537s][info][gc,ergo        ] Pacer for Idle. Initial: 2621K, Alloc Tax Rate: 1.0x
[1364.542s][info][gc             ] Trigger: Allocated since last cycle (16384K) is larger than allocation threshold (13107K)
[1364.542s][info][gc,ergo        ] Free: 89088K, Max: 256K regular, 82176K humongous, Frag: 8% external, 0% internal; Reserve: 6656K, Max: 256K
[1364.542s][info][gc,start       ] GC(17445) Concurrent reset
[1364.542s][info][gc,task        ] GC(17445) Using 4 of 24 workers for concurrent reset
[1364.542s][info][gc,ergo        ] GC(17445) Pacer for Reset. Non-Taxable: 128M
[1364.543s][info][gc             ] GC(17445) Concurrent reset 0.381ms
[1364.545s][info][gc,start       ] GC(17445) Pause Init Mark (process weakrefs)
[1364.545s][info][gc,task        ] GC(17445) Using 4 of 24 workers for init marking
[1364.548s][info][gc,ergo        ] GC(17445) Pacer for Mark. Expected Live: 13127K, Free: 80640K, Non-Taxable: 8064K, Alloc Tax Rate: 0.2x
[1364.548s][info][gc             ] GC(17445) Pause Init Mark (process weakrefs) 3.202ms
[1364.548s][info][gc,start       ] GC(17445) Concurrent marking (process weakrefs)
[1364.548s][info][gc,task        ] GC(17445) Using 4 of 24 workers for concurrent marking
[1364.614s][info][gc             ] GC(17445) Concurrent marking (process weakrefs) 66.268ms
[1364.615s][info][gc,start       ] GC(17445) Concurrent precleaning
[1364.615s][info][gc,task        ] GC(17445) Using 1 of 24 workers for concurrent preclean
[1364.615s][info][gc,ergo        ] GC(17445) Pacer for Precleaning. Non-Taxable: 128M
[1364.617s][info][gc             ] GC(17445) Concurrent precleaning 2.810ms
[1364.618s][info][gc,start       ] GC(17445) Pause Final Mark (process weakrefs)
[1364.618s][info][gc,task        ] GC(17445) Using 4 of 24 workers for final marking
[1364.619s][info][gc,ergo        ] GC(17445) CSet Selection. Actual Free: 39936K, Max CSet: 29952K
[1364.619s][info][gc,ergo        ] GC(17445) Collectable Garbage: 25154K (99%), Immediate: 24832K (98%), CSet: 322K (1%)
[1364.619s][info][gc,ergo        ] GC(17445) Pacer for Evacuation. Used CSet: 512K, Free: 34816K, Non-Taxable: 3481K, Alloc Tax Rate: 1.1x
[1364.619s][info][gc             ] GC(17445) Pause Final Mark (process weakrefs) 1.351ms
[1364.619s][info][gc,start       ] GC(17445) Concurrent cleanup
[1364.624s][info][gc             ] GC(17445) Concurrent cleanup 108M->84M(128M) 4.316ms
[1364.624s][info][gc,ergo        ] GC(17445) Free: 34560K, Max: 256K regular, 15360K humongous, Frag: 56% external, 0% internal; Reserve: 6653K, Max: 256K
[1364.624s][info][gc,start       ] GC(17445) Concurrent evacuation
[1364.624s][info][gc,task        ] GC(17445) Using 4 of 24 workers for concurrent evacuation
[1364.625s][info][gc             ] GC(17445) Concurrent evacuation 1.085ms
[1364.625s][info][gc,start       ] GC(17445) Pause Init Update Refs
[1364.625s][info][gc,ergo        ] GC(17445) Pacer for Update Refs. Used: 86527K, Free: 34560K, Non-Taxable: 3456K, Alloc Tax Rate: 3.1x
[1364.625s][info][gc             ] GC(17445) Pause Init Update Refs 0.083ms
[1364.625s][info][gc,start       ] GC(17445) Concurrent update references
[1364.625s][info][gc,task        ] GC(17445) Using 4 of 24 workers for concurrent reference update
[1364.641s][info][gc             ] GC(17445) Concurrent update references 15.564ms
[1364.641s][info][gc,start       ] GC(17445) Pause Final Update Refs
[1364.641s][info][gc,task        ] GC(17445) Using 4 of 24 workers for final reference update
[1364.641s][info][gc             ] GC(17445) Pause Final Update Refs 0.254ms
[1364.641s][info][gc,start       ] GC(17445) Concurrent cleanup
[1364.641s][info][gc             ] GC(17445) Concurrent cleanup 96M->95M(128M) 0.157ms
[1364.641s][info][gc             ] GC(17445) Dat log --- cycle is complete
Current gc epoch: 9276
heap: ______
capacity: 134217728
used: 100663208
committed: 134217728
bytes_allocated_since_gc_start: 95945304
hot_size: 0
cold_size: 7434402
num_regions: 512
hot_region_count: 18446744073709538253
cold_region_count: 13364
histogram: Placeholder

[1364.641s][info][gc             ] GC(17445) Obj count ac histogram
[1364.641s][info][gc             ] GC(17445) 	0: 503502
[1364.641s][info][gc             ] GC(17445) 	1: 14
[1364.641s][info][gc             ] GC(17445) 	2: 4775
[1364.641s][info][gc             ] GC(17445) 	3: 4352
[1364.641s][info][gc             ] GC(17445) 	4: 756
[1364.641s][info][gc             ] GC(17445) 	5: 15
[1364.641s][info][gc             ] GC(17445) 	6: 0
[1364.641s][info][gc             ] GC(17445) 	7: 0
[1364.641s][info][gc             ] GC(17445) 	8: 0
[1364.641s][info][gc             ] GC(17445) 	9: 0
[1364.641s][info][gc             ] GC(17445) 	10: 0
[1364.642s][info][gc             ] GC(17445) 	11: 0
[1364.642s][info][gc             ] GC(17445) 	12: 0
[1364.642s][info][gc             ] GC(17445) 	13: 0
[1364.642s][info][gc             ] GC(17445) 	14: 0
[1364.642s][info][gc             ] GC(17445) 	15: 0
[1364.642s][info][gc             ] GC(17445) 	16: 0
[1364.642s][info][gc             ] GC(17445) 	17: 0
[1364.642s][info][gc             ] GC(17445) 	18: 0
[1364.642s][info][gc             ] GC(17445) 	19: 0
[1364.642s][info][gc             ] GC(17445) Obj size ac histogram
[1364.642s][info][gc             ] GC(17445) 	0: 4911978
[1364.642s][info][gc             ] GC(17445) 	1: 631
[1364.642s][info][gc             ] GC(17445) 	2: 70135
[1364.642s][info][gc             ] GC(17445) 	3: 41568
[1364.642s][info][gc             ] GC(17445) 	4: 4603
[1364.642s][info][gc             ] GC(17445) 	5: 150
[1364.642s][info][gc             ] GC(17445) 	6: 0
[1364.642s][info][gc             ] GC(17445) 	7: 0
[1364.642s][info][gc             ] GC(17445) 	8: 0
[1364.642s][info][gc             ] GC(17445) 	9: 0
[1364.642s][info][gc             ] GC(17445) 	10: 0
[1364.642s][info][gc             ] GC(17445) 	11: 0
[1364.642s][info][gc             ] GC(17445) 	12: 0
[1364.642s][info][gc             ] GC(17445) 	13: 0
[1364.642s][info][gc             ] GC(17445) 	14: 0
[1364.642s][info][gc             ] GC(17445) 	15: 0
[1364.642s][info][gc             ] GC(17445) 	16: 0
[1364.642s][info][gc             ] GC(17445) 	17: 0
[1364.642s][info][gc             ] GC(17445) 	18: 0
[1364.642s][info][gc             ] GC(17445) 	19: 0
[1364.642s][info][gc,ergo        ] Free: 22016K, Max: 256K regular, 15360K humongous, Frag: 31% external, 22% internal; Reserve: 6656K, Max: 256K
[1364.642s][info][gc,stats       ] 
[1364.642s][info][gc,stats       ] All times are wall-clock times, except per-root-class counters, that are sum over
[1364.642s][info][gc,stats       ] all workers. Dividing the <total> over the root stage time estimates parallelism.
[1364.642s][info][gc,stats       ] 
[1364.642s][info][gc,stats       ] Concurrent Reset                    362 us
[1364.642s][info][gc,stats       ] Pause Init Mark (G)                5336 us
[1364.642s][info][gc,stats       ] Pause Init Mark (N)                3154 us
[1364.642s][info][gc,stats       ]   Accumulate Stats                    3 us
[1364.642s][info][gc,stats       ]   Make Parsable                      40 us
[1364.642s][info][gc,stats       ]   Update Region States               17 us
[1364.642s][info][gc,stats       ]   Scan Roots                       2706 us, parallelism: 1.83x
[1364.642s][info][gc,stats       ]     S: <total>                     4963 us
[1364.642s][info][gc,stats       ]     S: Thread Roots                 400 us, workers (us): 107,   1,   3, 290, ---, ---, ---, ---, ---, ---, ---, ---, ---, ---, ---, ---, ---, ---, ---, ---, ---, ---, ---, ---, 
[1364.642s][info][gc,stats       ]     S: Universe Roots                17 us, workers (us):  17, ---, ---, ---, ---, ---, ---, ---, ---, ---, ---, ---, ---, ---, ---, ---, ---, ---, ---, ---, ---, ---, ---, ---, 
[1364.642s][info][gc,stats       ]     S: JNI Handles Roots              8 us, workers (us):   8, ---, ---, ---, ---, ---, ---, ---, ---, ---, ---, ---, ---, ---, ---, ---, ---, ---, ---, ---, ---, ---, ---, ---, 
[1364.642s][info][gc,stats       ]     S: Synchronizer Roots             0 us, workers (us): ---,   0, ---, ---, ---, ---, ---, ---, ---, ---, ---, ---, ---, ---, ---, ---, ---, ---, ---, ---, ---, ---, ---, ---, 
[1364.642s][info][gc,stats       ]     S: Management Roots               1 us, workers (us): ---,   1, ---, ---, ---, ---, ---, ---, ---, ---, ---, ---, ---, ---, ---, ---, ---, ---, ---, ---, ---, ---, ---, ---, 
[1364.642s][info][gc,stats       ]     S: System Dict Roots             17 us, workers (us): ---,  17, ---, ---, ---, ---, ---, ---, ---, ---, ---, ---, ---, ---, ---, ---, ---, ---, ---, ---, ---, ---, ---, ---, 
[1364.642s][info][gc,stats       ]     S: CLDG Roots                  4519 us, workers (us): ---, 1997, 2522, ---, ---, ---, ---, ---, ---, ---, ---, ---, ---, ---, ---, ---, ---, ---, ---, ---, ---, ---, ---, ---, 
[1364.642s][info][gc,stats       ]     S: JVMTI Roots                    0 us, workers (us):   0, ---, ---, ---, ---, ---, ---, ---, ---, ---, ---, ---, ---, ---, ---, ---, ---, ---, ---, ---, ---, ---, ---, ---, 
[1364.642s][info][gc,stats       ]   Resize TLABs                        6 us
[1364.642s][info][gc,stats       ] Concurrent Marking                66212 us
[1364.642s][info][gc,stats       ] Concurrent Precleaning             2785 us
[1364.642s][info][gc,stats       ] Pause Final Mark (G)               1893 us
[1364.642s][info][gc,stats       ] Pause Final Mark (N)               1306 us
[1364.642s][info][gc,stats       ]   Finish Queues                     176 us
[1364.642s][info][gc,stats       ]   Weak References                    43 us
[1364.642s][info][gc,stats       ]     Process                          35 us
[1364.642s][info][gc,stats       ]   System Purge                      335 us
[1364.642s][info][gc,stats       ]     Weak Roots                      334 us
[1364.642s][info][gc,stats       ]   Update Region States               23 us
[1364.642s][info][gc,stats       ]   Retire TLABs                       50 us
[1364.642s][info][gc,stats       ]   Choose Collection Set             145 us
[1364.642s][info][gc,stats       ]   Rebuild Free Set                   16 us
[1364.642s][info][gc,stats       ]   Initial Evacuation                491 us, parallelism: 2.12x
[1364.642s][info][gc,stats       ]     E: <total>                     1042 us
[1364.642s][info][gc,stats       ]     E: Thread Roots                  77 us, workers (us):  46,   1,  27,   2, ---, ---, ---, ---, ---, ---, ---, ---, ---, ---, ---, ---, ---, ---, ---, ---, ---, ---, ---, ---, 
[1364.642s][info][gc,stats       ]     E: Code Cache Roots             597 us, workers (us): 216, 159, 221,   1, ---, ---, ---, ---, ---, ---, ---, ---, ---, ---, ---, ---, ---, ---, ---, ---, ---, ---, ---, ---, 
[1364.642s][info][gc,stats       ]     E: Universe Roots                 6 us, workers (us):   6, ---, ---, ---, ---, ---, ---, ---, ---, ---, ---, ---, ---, ---, ---, ---, ---, ---, ---, ---, ---, ---, ---, ---, 
[1364.642s][info][gc,stats       ]     E: JNI Handles Roots              1 us, workers (us): ---,   1, ---, ---, ---, ---, ---, ---, ---, ---, ---, ---, ---, ---, ---, ---, ---, ---, ---, ---, ---, ---, ---, ---, 
[1364.642s][info][gc,stats       ]     E: Synchronizer Roots             1 us, workers (us):   1, ---, ---, ---, ---, ---, ---, ---, ---, ---, ---, ---, ---, ---, ---, ---, ---, ---, ---, ---, ---, ---, ---, ---, 
[1364.642s][info][gc,stats       ]     E: Management Roots               2 us, workers (us):   2, ---, ---, ---, ---, ---, ---, ---, ---, ---, ---, ---, ---, ---, ---, ---, ---, ---, ---, ---, ---, ---, ---, ---, 
[1364.642s][info][gc,stats       ]     E: System Dict Roots             12 us, workers (us):  12, ---, ---, ---, ---, ---, ---, ---, ---, ---, ---, ---, ---, ---, ---, ---, ---, ---, ---, ---, ---, ---, ---, ---, 
[1364.643s][info][gc,stats       ]     E: CLDG Roots                   346 us, workers (us): ---,  90, ---, 255, ---, ---, ---, ---, ---, ---, ---, ---, ---, ---, ---, ---, ---, ---, ---, ---, ---, ---, ---, ---, 
[1364.643s][info][gc,stats       ]     E: JVMTI Roots                    0 us, workers (us): ---,   0, ---, ---, ---, ---, ---, ---, ---, ---, ---, ---, ---, ---, ---, ---, ---, ---, ---, ---, ---, ---, ---, ---, 
[1364.643s][info][gc,stats       ] Concurrent Cleanup                 4268 us
[1364.643s][info][gc,stats       ] Concurrent Evacuation              1069 us
[1364.643s][info][gc,stats       ] Pause Init  Update Refs (G)         324 us
[1364.643s][info][gc,stats       ] Pause Init  Update Refs (N)          40 us
[1364.643s][info][gc,stats       ]   Retire GCLABs                      19 us
[1364.643s][info][gc,stats       ] Concurrent Update Refs            15536 us
[1364.643s][info][gc,stats       ] Pause Final Update Refs (G)         509 us
[1364.643s][info][gc,stats       ] Pause Final Update Refs (N)         211 us
[1364.643s][info][gc,stats       ]   Update Roots                      158 us, parallelism: 1.01x
[1364.643s][info][gc,stats       ]     UR: <total>                     160 us
[1364.643s][info][gc,stats       ]     UR: Thread Roots                160 us, workers (us):  74,  32,  26,  27, ---, ---, ---, ---, ---, ---, ---, ---, ---, ---, ---, ---, ---, ---, ---, ---, ---, ---, ---, ---, 
[1364.643s][info][gc,stats       ]   Update Region States               11 us
[1364.643s][info][gc,stats       ]   Trash Collection Set                6 us
[1364.643s][info][gc,stats       ]   Rebuild Free Set                   15 us
[1364.643s][info][gc,stats       ] Concurrent Cleanup                  129 us
[1364.643s][info][gc,stats       ] Pacing                            69899 us
[1364.643s][info][gc,stats       ] 
[1364.643s][info][gc,stats       ] Allocation pacing accrued:
[1364.643s][info][gc,stats       ]      70 of   106 ms ( 66.1%): pl.nadoba.jvm.gc.benchmark.App.main()
[1364.643s][info][gc,stats       ]      70 of   106 ms ( 66.1%): <total>
[1364.643s][info][gc,stats       ]       7 of   106 ms (  6.6%): <average total>
[1364.643s][info][gc,stats       ]      70 of   106 ms ( 66.1%): <average non-zero>
[1364.643s][info][gc,stats       ] 
[1364.643s][info][gc,metaspace   ] Metaspace: 24233K->24233K(1071104K)
[1364.643s][info][gc,ergo        ] Pacer for Idle. Initial: 2621K, Alloc Tax Rate: 1.0x
[1364.644s][info][gc             ] Trigger: Allocated since last cycle (97024K) is larger than allocation threshold (13107K)
[1364.644s][info][gc,ergo        ] Free: 18688K, Max: 256K regular, 15360K humongous, Frag: 18% external, 25% internal; Reserve: 6656K, Max: 256K
[1364.644s][info][gc,start       ] GC(17446) Concurrent reset
[1364.644s][info][gc,task        ] GC(17446) Using 4 of 24 workers for concurrent reset
[1364.644s][info][gc,ergo        ] GC(17446) Pacer for Reset. Non-Taxable: 128M
[1364.645s][info][gc             ] GC(17446) Concurrent reset 0.536ms
[1364.645s][info][gc,start       ] GC(17446) Pause Init Mark
[1364.645s][info][gc,task        ] GC(17446) Using 4 of 24 workers for init marking
[1364.648s][info][gc,ergo        ] GC(17446) Pacer for Mark. Expected Live: 14765K, Free: 18688K, Non-Taxable: 1868K, Alloc Tax Rate: 1.0x
[1364.648s][info][gc             ] GC(17446) Pause Init Mark 3.553ms
[1364.648s][info][gc,start       ] GC(17446) Concurrent marking
[1364.648s][info][gc,task        ] GC(17446) Using 4 of 24 workers for concurrent marking
[1364.666s][info][gc             ] Failed to allocate Shared, 7168K
[1364.666s][info][gc             ] Cancelling GC: Allocation Failure
[1364.670s][info][gc             ] GC(17446) Concurrent marking 21.425ms
[1364.670s][info][gc,ergo        ] Free: 8960K, Max: 256K regular, 5888K humongous, Frag: 35% external, 0% internal; Reserve: 6656K, Max: 256K
[1364.670s][info][gc,stats       ] 
[1364.670s][info][gc,stats       ] All times are wall-clock times, except per-root-class counters, that are sum over
[1364.670s][info][gc,stats       ] all workers. Dividing the <total> over the root stage time estimates parallelism.
[1364.670s][info][gc,stats       ] 
[1364.670s][info][gc,stats       ] Concurrent Reset                    519 us
[1364.670s][info][gc,stats       ] Pause Init Mark (G)                3849 us
[1364.670s][info][gc,stats       ] Pause Init Mark (N)                3511 us
[1364.670s][info][gc,stats       ]   Accumulate Stats                    5 us
[1364.670s][info][gc,stats       ]   Make Parsable                      50 us
[1364.670s][info][gc,stats       ]   Update Region States                8 us
[1364.670s][info][gc,stats       ]   Scan Roots                       2950 us, parallelism: 1.49x
[1364.670s][info][gc,stats       ]     S: <total>                     4410 us
[1364.670s][info][gc,stats       ]     S: Thread Roots                 328 us, workers (us):   1, 186, 139,   3, ---, ---, ---, ---, ---, ---, ---, ---, ---, ---, ---, ---, ---, ---, ---, ---, ---, ---, ---, ---, 
[1364.670s][info][gc,stats       ]     S: Universe Roots                29 us, workers (us):  29, ---, ---, ---, ---, ---, ---, ---, ---, ---, ---, ---, ---, ---, ---, ---, ---, ---, ---, ---, ---, ---, ---, ---, 
[1364.670s][info][gc,stats       ]     S: JNI Handles Roots             26 us, workers (us): ---, ---,  26, ---, ---, ---, ---, ---, ---, ---, ---, ---, ---, ---, ---, ---, ---, ---, ---, ---, ---, ---, ---, ---, 
[1364.670s][info][gc,stats       ]     S: Synchronizer Roots             1 us, workers (us): ---,   1, ---, ---, ---, ---, ---, ---, ---, ---, ---, ---, ---, ---, ---, ---, ---, ---, ---, ---, ---, ---, ---, ---, 
[1364.670s][info][gc,stats       ]     S: Management Roots               2 us, workers (us): ---, ---,   2, ---, ---, ---, ---, ---, ---, ---, ---, ---, ---, ---, ---, ---, ---, ---, ---, ---, ---, ---, ---, ---, 
[1364.670s][info][gc,stats       ]     S: System Dict Roots             56 us, workers (us): ---,  56, ---, ---, ---, ---, ---, ---, ---, ---, ---, ---, ---, ---, ---, ---, ---, ---, ---, ---, ---, ---, ---, ---, 
[1364.670s][info][gc,stats       ]     S: CLDG Roots                  3967 us, workers (us): 1205, ---, ---, 2761, ---, ---, ---, ---, ---, ---, ---, ---, ---, ---, ---, ---, ---, ---, ---, ---, ---, ---, ---, ---, 
[1364.670s][info][gc,stats       ]     S: JVMTI Roots                    1 us, workers (us): ---, ---, ---,   1, ---, ---, ---, ---, ---, ---, ---, ---, ---, ---, ---, ---, ---, ---, ---, ---, ---, ---, ---, ---, 
[1364.670s][info][gc,stats       ]   Resize TLABs                        7 us
[1364.670s][info][gc,stats       ] Concurrent Marking                21374 us
[1364.670s][info][gc,stats       ] Pacing                            30088 us
[1364.670s][info][gc,stats       ] 
[1364.670s][info][gc,stats       ] Allocation pacing accrued:
[1364.670s][info][gc,stats       ]      30 of    28 ms (109.1%): pl.nadoba.jvm.gc.benchmark.App.main()
[1364.670s][info][gc,stats       ]      30 of    28 ms (109.1%): <total>
[1364.670s][info][gc,stats       ]       3 of    28 ms ( 10.9%): <average total>
[1364.670s][info][gc,stats       ]      30 of    28 ms (109.1%): <average non-zero>
[1364.670s][info][gc,stats       ] 
[1364.670s][info][gc,metaspace   ] Metaspace: 24233K->24233K(1071104K)
[1364.670s][info][gc,ergo        ] Pacer for Idle. Initial: 2621K, Alloc Tax Rate: 1.0x
[1364.671s][info][gc             ] Trigger: Handle Allocation Failure
[1364.672s][info][gc,ergo        ] Free: 8960K, Max: 256K regular, 5888K humongous, Frag: 35% external, 0% internal; Reserve: 6656K, Max: 256K
[1364.672s][info][gc,start       ] GC(17447) Pause Degenerated GC (Mark)
[1364.672s][info][gc,task        ] GC(17447) Using 4 of 24 workers for stw degenerated gc
[1364.716s][info][gc,ergo        ] GC(17447) CSet Selection. Actual Free: 105M, Max CSet: 81024K
[1364.716s][info][gc,ergo        ] GC(17447) Collectable Garbage: 92738K (99%), Immediate: 92416K (99%), CSet: 322K (0%)
[1364.716s][info][gc,ergo        ] GC(17447) Pacer for Evacuation. Used CSet: 512K, Free: 103M, Non-Taxable: 10572K, Alloc Tax Rate: 1.1x
[1364.731s][info][gc,ergo        ] GC(17447) Pacer for Update Refs. Used: 18687K, Free: 103M, Non-Taxable: 10572K, Alloc Tax Rate: 1.1x
[1364.744s][info][gc,ergo        ] GC(17447) Good progress for free space: 103M, need 1310K
[1364.744s][info][gc,ergo        ] GC(17447) Good progress for used space: 92672K, need 256K
[1364.744s][info][gc             ] GC(17447) Pause Degenerated GC (Mark) 108M->17M(128M) 72.082ms
[1364.744s][info][gc,ergo        ] Free: 103M, Max: 256K regular, 95488K humongous, Frag: 10% external, 5% internal; Reserve: 6656K, Max: 256K
[1364.744s][info][gc,stats       ] 
[1364.744s][info][gc,stats       ] All times are wall-clock times, except per-root-class counters, that are sum over
[1364.744s][info][gc,stats       ] all workers. Dividing the <total> over the root stage time estimates parallelism.
[1364.744s][info][gc,stats       ] 
[1364.744s][info][gc,stats       ]   Finish Queues                   43577 us
[1364.744s][info][gc,stats       ]   System Purge                      364 us
[1364.744s][info][gc,stats       ]     Weak Roots                      362 us
[1364.744s][info][gc,stats       ]   Update Region States               22 us
[1364.744s][info][gc,stats       ]   Retire TLABs                       57 us
[1364.744s][info][gc,stats       ]   Choose Collection Set             414 us
[1364.744s][info][gc,stats       ]   Rebuild Free Set                   22 us
[1364.744s][info][gc,stats       ]   Initial Evacuation                 17 us
[1364.744s][info][gc,stats       ]   Retire GCLABs                      24 us
[1364.744s][info][gc,stats       ]   Finish Work                     11579 us
[1364.744s][info][gc,stats       ]   Update Region States               12 us
[1364.744s][info][gc,stats       ]   Trash Collection Set                3 us
[1364.744s][info][gc,stats       ]   Rebuild Free Set                    7 us
[1364.744s][info][gc,stats       ] Pause Degenerated GC (G)          72369 us
[1364.744s][info][gc,stats       ] Pause Degenerated GC (N)          72040 us
[1364.744s][info][gc,stats       ]   Degen Update Roots                858 us, parallelism: 2.29x
[1364.744s][info][gc,stats       ]     DU: <total>                    1963 us
[1364.744s][info][gc,stats       ]     DU: Thread Roots                136 us, workers (us):  60,  37,  37,   2, ---, ---, ---, ---, ---, ---, ---, ---, ---, ---, ---, ---, ---, ---, ---, ---, ---, ---, ---, ---, 
[1364.744s][info][gc,stats       ]     DU: Code Cache Roots           1000 us, workers (us): 423,   0, 444, 132, ---, ---, ---, ---, ---, ---, ---, ---, ---, ---, ---, ---, ---, ---, ---, ---, ---, ---, ---, ---, 
[1364.744s][info][gc,stats       ]     DU: Universe Roots                3 us, workers (us):   3, ---, ---, ---, ---, ---, ---, ---, ---, ---, ---, ---, ---, ---, ---, ---, ---, ---, ---, ---, ---, ---, ---, ---, 
[1364.744s][info][gc,stats       ]     DU: JNI Handles Roots             5 us, workers (us): ---,   5, ---, ---, ---, ---, ---, ---, ---, ---, ---, ---, ---, ---, ---, ---, ---, ---, ---, ---, ---, ---, ---, ---, 
[1364.744s][info][gc,stats       ]     DU: Synchronizer Roots            0 us, workers (us):   0, ---, ---, ---, ---, ---, ---, ---, ---, ---, ---, ---, ---, ---, ---, ---, ---, ---, ---, ---, ---, ---, ---, ---, 
[1364.744s][info][gc,stats       ]     DU: Management Roots              1 us, workers (us):   1, ---, ---, ---, ---, ---, ---, ---, ---, ---, ---, ---, ---, ---, ---, ---, ---, ---, ---, ---, ---, ---, ---, ---, 
[1364.744s][info][gc,stats       ]     DU: System Dict Roots             7 us, workers (us):   7, ---, ---, ---, ---, ---, ---, ---, ---, ---, ---, ---, ---, ---, ---, ---, ---, ---, ---, ---, ---, ---, ---, ---, 
[1364.744s][info][gc,stats       ]     DU: CLDG Roots                  809 us, workers (us): ---, 432, ---, 378, ---, ---, ---, ---, ---, ---, ---, ---, ---, ---, ---, ---, ---, ---, ---, ---, ---, ---, ---, ---, 
[1364.744s][info][gc,stats       ]     DU: JVMTI Roots                   1 us, workers (us): ---,   1, ---, ---, ---, ---, ---, ---, ---, ---, ---, ---, ---, ---, ---, ---, ---, ---, ---, ---, ---, ---, ---, ---, 
[1364.744s][info][gc,stats       ] 
[1364.744s][info][gc,stats       ] Allocation pacing accrued:
[1364.744s][info][gc,stats       ]       0 of    74 ms (  0.0%): <total>
[1364.744s][info][gc,stats       ]       0 of    74 ms (  0.0%): <average total>
[1364.745s][info][gc,stats       ] 
[1364.745s][info][gc,metaspace   ] Metaspace: 24233K->24233K(1071104K)
[1364.745s][info][gc,ergo        ] Pacer for Idle. Initial: 2621K, Alloc Tax Rate: 1.0x
[1364.756s][info][gc             ] Trigger: Allocated since last cycle (15360K) is larger than allocation threshold (13107K)
[1364.756s][info][gc,ergo        ] Free: 90624K, Max: 256K regular, 82688K humongous, Frag: 9% external, 0% internal; Reserve: 6656K, Max: 256K
[1364.756s][info][gc,start       ] GC(17448) Concurrent reset
[1364.756s][info][gc,task        ] GC(17448) Using 4 of 24 workers for concurrent reset
[1364.756s][info][gc,ergo        ] GC(17448) Pacer for Reset. Non-Taxable: 128M
[1364.757s][info][gc             ] GC(17448) Concurrent reset 0.382ms
[1364.758s][info][gc,start       ] GC(17448) Pause Init Mark
[1364.758s][info][gc,task        ] GC(17448) Using 4 of 24 workers for init marking
[1364.761s][info][gc,ergo        ] GC(17448) Pacer for Mark. Expected Live: 12922K, Free: 84224K, Non-Taxable: 8422K, Alloc Tax Rate: 0.2x
[1364.761s][info][gc             ] GC(17448) Pause Init Mark 2.902ms
[1364.761s][info][gc,start       ] GC(17448) Concurrent marking
[1364.761s][info][gc,task        ] GC(17448) Using 4 of 24 workers for concurrent marking
[1364.827s][info][gc             ] GC(17448) Concurrent marking 65.830ms
[1364.827s][info][gc,start       ] GC(17448) Pause Final Mark
[1364.827s][info][gc,task        ] GC(17448) Using 4 of 24 workers for final marking
[1364.828s][info][gc,ergo        ] GC(17448) CSet Selection. Actual Free: 58368K, Max CSet: 43776K
[1364.828s][info][gc,ergo        ] GC(17448) Collectable Garbage: 24130K (99%), Immediate: 23808K (98%), CSet: 322K (1%)
[1364.828s][info][gc,ergo        ] GC(17448) Pacer for Evacuation. Used CSet: 512K, Free: 52736K, Non-Taxable: 5273K, Alloc Tax Rate: 1.1x
[1364.828s][info][gc             ] GC(17448) Pause Final Mark 1.360ms
[1364.828s][info][gc,start       ] GC(17448) Concurrent cleanup
[1364.832s][info][gc             ] GC(17448) Concurrent cleanup 90M->78M(128M) 3.963ms
[1364.832s][info][gc,ergo        ] GC(17448) Free: 40704K, Max: 256K regular, 36864K humongous, Frag: 10% external, 0% internal; Reserve: 6651K, Max: 256K
[1364.832s][info][gc,start       ] GC(17448) Concurrent evacuation
[1364.832s][info][gc,task        ] GC(17448) Using 4 of 24 workers for concurrent evacuation
[1364.833s][info][gc             ] GC(17448) Concurrent evacuation 0.798ms
[1364.833s][info][gc,start       ] GC(17448) Pause Init Update Refs
[1364.833s][info][gc,ergo        ] GC(17448) Pacer for Update Refs. Used: 80383K, Free: 40704K, Non-Taxable: 4070K, Alloc Tax Rate: 2.4x
[1364.833s][info][gc             ] GC(17448) Pause Init Update Refs 0.079ms
[1364.833s][info][gc,start       ] GC(17448) Concurrent update references
[1364.833s][info][gc,task        ] GC(17448) Using 4 of 24 workers for concurrent reference update
[1364.849s][info][gc             ] GC(17448) Concurrent update references 15.912ms
[1364.850s][info][gc,start       ] GC(17448) Pause Final Update Refs
[1364.850s][info][gc,task        ] GC(17448) Using 4 of 24 workers for final reference update
[1364.850s][info][gc             ] GC(17448) Pause Final Update Refs 0.246ms
[1364.850s][info][gc,start       ] GC(17448) Concurrent cleanup
[1364.850s][info][gc             ] GC(17448) Concurrent cleanup 91M->90M(128M) 0.153ms
[1364.850s][info][gc             ] GC(17448) Dat log --- cycle is complete
Current gc epoch: 9277
heap: ______
capacity: 134217728
used: 95420392
committed: 134217728
bytes_allocated_since_gc_start: 91226712
hot_size: 0
cold_size: 7041182
num_regions: 512
hot_region_count: 18446744073709538251
cold_region_count: 13366
histogram: Placeholder

[1364.850s][info][gc             ] GC(17448) Obj count ac histogram
[1364.850s][info][gc             ] GC(17448) 	0: 505492
[1364.850s][info][gc             ] GC(17448) 	1: 13
[1364.850s][info][gc             ] GC(17448) 	2: 17
[1364.850s][info][gc             ] GC(17448) 	3: 4
[1364.850s][info][gc             ] GC(17448) 	4: 0
[1364.850s][info][gc             ] GC(17448) 	5: 0
[1364.850s][info][gc             ] GC(17448) 	6: 0
[1364.850s][info][gc             ] GC(17448) 	7: 0
[1364.850s][info][gc             ] GC(17448) 	8: 0
[1364.850s][info][gc             ] GC(17448) 	9: 0
[1364.850s][info][gc             ] GC(17448) 	10: 0
[1364.850s][info][gc             ] GC(17448) 	11: 0
[1364.850s][info][gc             ] GC(17448) 	12: 0
[1364.850s][info][gc             ] GC(17448) 	13: 0
[1364.850s][info][gc             ] GC(17448) 	14: 0
[1364.850s][info][gc             ] GC(17448) 	15: 0
[1364.850s][info][gc             ] GC(17448) 	16: 0
[1364.850s][info][gc             ] GC(17448) 	17: 0
[1364.850s][info][gc             ] GC(17448) 	18: 0
[1364.850s][info][gc             ] GC(17448) 	19: 0
[1364.850s][info][gc             ] GC(17448) Obj size ac histogram
[1364.850s][info][gc             ] GC(17448) 	0: 6115593
[1364.850s][info][gc             ] GC(17448) 	1: 624
[1364.850s][info][gc             ] GC(17448) 	2: 816
[1364.850s][info][gc             ] GC(17448) 	3: 28
[1364.850s][info][gc             ] GC(17448) 	4: 0
[1364.850s][info][gc             ] GC(17448) 	5: 0
[1364.850s][info][gc             ] GC(17448) 	6: 0
[1364.850s][info][gc             ] GC(17448) 	7: 0
[1364.850s][info][gc             ] GC(17448) 	8: 0
[1364.850s][info][gc             ] GC(17448) 	9: 0
[1364.850s][info][gc             ] GC(17448) 	10: 0
[1364.850s][info][gc             ] GC(17448) 	11: 0
[1364.850s][info][gc             ] GC(17448) 	12: 0
[1364.850s][info][gc             ] GC(17448) 	13: 0
[1364.850s][info][gc             ] GC(17448) 	14: 0
[1364.850s][info][gc             ] GC(17448) 	15: 0
[1364.850s][info][gc             ] GC(17448) 	16: 0
[1364.850s][info][gc             ] GC(17448) 	17: 0
[1364.850s][info][gc             ] GC(17448) 	18: 0
[1364.850s][info][gc             ] GC(17448) 	19: 0
[1364.850s][info][gc,ergo        ] Free: 26624K, Max: 256K regular, 25088K humongous, Frag: 6% external, 19% internal; Reserve: 6656K, Max: 256K
[1364.851s][info][gc,stats       ] 
[1364.851s][info][gc,stats       ] All times are wall-clock times, except per-root-class counters, that are sum over
[1364.851s][info][gc,stats       ] all workers. Dividing the <total> over the root stage time estimates parallelism.
[1364.851s][info][gc,stats       ] 
[1364.851s][info][gc,stats       ] Concurrent Reset                    363 us
[1364.851s][info][gc,stats       ] Pause Init Mark (G)                4135 us
[1364.851s][info][gc,stats       ] Pause Init Mark (N)                2875 us
[1364.851s][info][gc,stats       ]   Accumulate Stats                    4 us
[1364.851s][info][gc,stats       ]   Make Parsable                      38 us
[1364.851s][info][gc,stats       ]   Update Region States                4 us
[1364.851s][info][gc,stats       ]   Scan Roots                       2550 us, parallelism: 1.64x
[1364.851s][info][gc,stats       ]     S: <total>                     4183 us
[1364.851s][info][gc,stats       ]     S: Thread Roots                 324 us, workers (us):   2, 138, 181,   2, ---, ---, ---, ---, ---, ---, ---, ---, ---, ---, ---, ---, ---, ---, ---, ---, ---, ---, ---, ---, 
[1364.851s][info][gc,stats       ]     S: Universe Roots                34 us, workers (us):  34, ---, ---, ---, ---, ---, ---, ---, ---, ---, ---, ---, ---, ---, ---, ---, ---, ---, ---, ---, ---, ---, ---, ---, 
[1364.851s][info][gc,stats       ]     S: JNI Handles Roots             19 us, workers (us): ---, ---,  19, ---, ---, ---, ---, ---, ---, ---, ---, ---, ---, ---, ---, ---, ---, ---, ---, ---, ---, ---, ---, ---, 
[1364.851s][info][gc,stats       ]     S: Synchronizer Roots             0 us, workers (us): ---,   0, ---, ---, ---, ---, ---, ---, ---, ---, ---, ---, ---, ---, ---, ---, ---, ---, ---, ---, ---, ---, ---, ---, 
[1364.851s][info][gc,stats       ]     S: Management Roots               2 us, workers (us): ---,   2, ---, ---, ---, ---, ---, ---, ---, ---, ---, ---, ---, ---, ---, ---, ---, ---, ---, ---, ---, ---, ---, ---, 
[1364.851s][info][gc,stats       ]     S: System Dict Roots             33 us, workers (us): ---,  33, ---, ---, ---, ---, ---, ---, ---, ---, ---, ---, ---, ---, ---, ---, ---, ---, ---, ---, ---, ---, ---, ---, 
[1364.851s][info][gc,stats       ]     S: CLDG Roots                  3771 us, workers (us): 1385, ---, ---, 2385, ---, ---, ---, ---, ---, ---, ---, ---, ---, ---, ---, ---, ---, ---, ---, ---, ---, ---, ---, ---, 
[1364.851s][info][gc,stats       ]     S: JVMTI Roots                    0 us, workers (us): ---, ---,   0, ---, ---, ---, ---, ---, ---, ---, ---, ---, ---, ---, ---, ---, ---, ---, ---, ---, ---, ---, ---, ---, 
[1364.851s][info][gc,stats       ]   Resize TLABs                        7 us
[1364.851s][info][gc,stats       ] Concurrent Marking                65775 us
[1364.851s][info][gc,stats       ] Pause Final Mark (G)               1535 us
[1364.851s][info][gc,stats       ] Pause Final Mark (N)               1325 us
[1364.851s][info][gc,stats       ]   Finish Queues                     134 us
[1364.851s][info][gc,stats       ]   System Purge                      367 us
[1364.851s][info][gc,stats       ]     Weak Roots                      366 us
[1364.851s][info][gc,stats       ]   Update Region States               17 us
[1364.851s][info][gc,stats       ]   Retire TLABs                       43 us
[1364.851s][info][gc,stats       ]   Choose Collection Set             110 us
[1364.851s][info][gc,stats       ]   Rebuild Free Set                   12 us
[1364.851s][info][gc,stats       ]   Initial Evacuation                621 us, parallelism: 2.41x
[1364.851s][info][gc,stats       ]     E: <total>                     1500 us
[1364.851s][info][gc,stats       ]     E: Thread Roots                 104 us, workers (us):   2,  43,  21,  37, ---, ---, ---, ---, ---, ---, ---, ---, ---, ---, ---, ---, ---, ---, ---, ---, ---, ---, ---, ---, 
[1364.851s][info][gc,stats       ]     E: Code Cache Roots            1045 us, workers (us): 191, 317, 320, 217, ---, ---, ---, ---, ---, ---, ---, ---, ---, ---, ---, ---, ---, ---, ---, ---, ---, ---, ---, ---, 
[1364.851s][info][gc,stats       ]     E: Universe Roots                 6 us, workers (us):   6, ---, ---, ---, ---, ---, ---, ---, ---, ---, ---, ---, ---, ---, ---, ---, ---, ---, ---, ---, ---, ---, ---, ---, 
[1364.851s][info][gc,stats       ]     E: JNI Handles Roots              3 us, workers (us):   3, ---, ---, ---, ---, ---, ---, ---, ---, ---, ---, ---, ---, ---, ---, ---, ---, ---, ---, ---, ---, ---, ---, ---, 
[1364.851s][info][gc,stats       ]     E: Synchronizer Roots             1 us, workers (us):   1, ---, ---, ---, ---, ---, ---, ---, ---, ---, ---, ---, ---, ---, ---, ---, ---, ---, ---, ---, ---, ---, ---, ---, 
[1364.851s][info][gc,stats       ]     E: Management Roots               2 us, workers (us):   2, ---, ---, ---, ---, ---, ---, ---, ---, ---, ---, ---, ---, ---, ---, ---, ---, ---, ---, ---, ---, ---, ---, ---, 
[1364.851s][info][gc,stats       ]     E: System Dict Roots             13 us, workers (us):  13, ---, ---, ---, ---, ---, ---, ---, ---, ---, ---, ---, ---, ---, ---, ---, ---, ---, ---, ---, ---, ---, ---, ---, 
[1364.851s][info][gc,stats       ]     E: CLDG Roots                   326 us, workers (us): 214, ---, ---, 111, ---, ---, ---, ---, ---, ---, ---, ---, ---, ---, ---, ---, ---, ---, ---, ---, ---, ---, ---, ---, 
[1364.851s][info][gc,stats       ]     E: JVMTI Roots                    1 us, workers (us):   1, ---, ---, ---, ---, ---, ---, ---, ---, ---, ---, ---, ---, ---, ---, ---, ---, ---, ---, ---, ---, ---, ---, ---, 
[1364.851s][info][gc,stats       ] Concurrent Cleanup                 3913 us
[1364.851s][info][gc,stats       ] Concurrent Evacuation               783 us
[1364.851s][info][gc,stats       ] Pause Init  Update Refs (G)         294 us
[1364.851s][info][gc,stats       ] Pause Init  Update Refs (N)          47 us
[1364.851s][info][gc,stats       ]   Retire GCLABs                      19 us
[1364.851s][info][gc,stats       ] Concurrent Update Refs            15884 us
[1364.851s][info][gc,stats       ] Pause Final Update Refs (G)         496 us
[1364.851s][info][gc,stats       ] Pause Final Update Refs (N)         203 us
[1364.851s][info][gc,stats       ]   Update Roots                      153 us, parallelism: 1.16x
[1364.851s][info][gc,stats       ]     UR: <total>                     178 us
[1364.851s][info][gc,stats       ]     UR: Thread Roots                178 us, workers (us):  78,  27,  25,  48, ---, ---, ---, ---, ---, ---, ---, ---, ---, ---, ---, ---, ---, ---, ---, ---, ---, ---, ---, ---, 
[1364.851s][info][gc,stats       ]   Update Region States               11 us
[1364.851s][info][gc,stats       ]   Trash Collection Set                6 us
[1364.851s][info][gc,stats       ]   Rebuild Free Set                   13 us
[1364.851s][info][gc,stats       ] Concurrent Cleanup                  123 us
[1364.851s][info][gc,stats       ] Pacing                            75205 us
[1364.851s][info][gc,stats       ] 
[1364.851s][info][gc,stats       ] Allocation pacing accrued:
[1364.851s][info][gc,stats       ]      75 of   107 ms ( 70.4%): pl.nadoba.jvm.gc.benchmark.App.main()
[1364.851s][info][gc,stats       ]      75 of   107 ms ( 70.4%): <total>
[1364.851s][info][gc,stats       ]       8 of   107 ms (  7.0%): <average total>
[1364.851s][info][gc,stats       ]      75 of   107 ms ( 70.4%): <average non-zero>
[1364.851s][info][gc,stats       ] 
[1364.851s][info][gc,metaspace   ] Metaspace: 24233K->24233K(1071104K)
[1364.851s][info][gc,ergo        ] Pacer for Idle. Initial: 2621K, Alloc Tax Rate: 1.0x
[1364.853s][info][gc             ] Trigger: Allocated since last cycle (89088K) is larger than allocation threshold (13107K)
[1364.853s][info][gc,ergo        ] Free: 26624K, Max: 256K regular, 25088K humongous, Frag: 6% external, 19% internal; Reserve: 6656K, Max: 256K
[1364.853s][info][gc,start       ] GC(17449) Concurrent reset
[1364.853s][info][gc,task        ] GC(17449) Using 4 of 24 workers for concurrent reset
[1364.853s][info][gc,ergo        ] GC(17449) Pacer for Reset. Non-Taxable: 128M
[1364.853s][info][gc             ] GC(17449) Concurrent reset 0.532ms
[1364.853s][info][gc,start       ] GC(17449) Pause Init Mark
[1364.853s][info][gc,task        ] GC(17449) Using 4 of 24 workers for init marking
[1364.856s][info][gc,ergo        ] GC(17449) Pacer for Mark. Expected Live: 14151K, Free: 26624K, Non-Taxable: 2662K, Alloc Tax Rate: 0.6x
[1364.856s][info][gc             ] GC(17449) Pause Init Mark 2.337ms
[1364.856s][info][gc,start       ] GC(17449) Concurrent marking
[1364.856s][info][gc,task        ] GC(17449) Using 4 of 24 workers for concurrent marking
[1364.895s][info][gc             ] Failed to allocate Shared, 4096K
[1364.895s][info][gc             ] Cancelling GC: Allocation Failure
[1364.896s][info][gc             ] GC(17449) Concurrent marking 40.619ms
[1364.896s][info][gc,ergo        ] Free: 4096K, Max: 256K regular, 2816K humongous, Frag: 32% external, 0% internal; Reserve: 6656K, Max: 256K
[1364.897s][info][gc,stats       ] 
[1364.897s][info][gc,stats       ] All times are wall-clock times, except per-root-class counters, that are sum over
[1364.897s][info][gc,stats       ] all workers. Dividing the <total> over the root stage time estimates parallelism.
[1364.897s][info][gc,stats       ] 
[1364.897s][info][gc,stats       ] Concurrent Reset                    515 us
[1364.897s][info][gc,stats       ] Pause Init Mark (G)                2616 us
[1364.897s][info][gc,stats       ] Pause Init Mark (N)                2298 us
[1364.897s][info][gc,stats       ]   Accumulate Stats                    7 us
[1364.897s][info][gc,stats       ]   Make Parsable                      52 us
[1364.897s][info][gc,stats       ]   Update Region States                8 us
[1364.897s][info][gc,stats       ]   Scan Roots                       1780 us, parallelism: 1.76x
[1364.897s][info][gc,stats       ]     S: <total>                     3129 us
[1364.897s][info][gc,stats       ]     S: Thread Roots                 405 us, workers (us):   2, 157,   2, 245, ---, ---, ---, ---, ---, ---, ---, ---, ---, ---, ---, ---, ---, ---, ---, ---, ---, ---, ---, ---, 
[1364.897s][info][gc,stats       ]     S: Universe Roots                22 us, workers (us):  22, ---, ---, ---, ---, ---, ---, ---, ---, ---, ---, ---, ---, ---, ---, ---, ---, ---, ---, ---, ---, ---, ---, ---, 
[1364.897s][info][gc,stats       ]     S: JNI Handles Roots             38 us, workers (us): ---,  38, ---, ---, ---, ---, ---, ---, ---, ---, ---, ---, ---, ---, ---, ---, ---, ---, ---, ---, ---, ---, ---, ---, 
[1364.897s][info][gc,stats       ]     S: Synchronizer Roots             0 us, workers (us):   0, ---, ---, ---, ---, ---, ---, ---, ---, ---, ---, ---, ---, ---, ---, ---, ---, ---, ---, ---, ---, ---, ---, ---, 
[1364.897s][info][gc,stats       ]     S: Management Roots               2 us, workers (us):   2, ---, ---, ---, ---, ---, ---, ---, ---, ---, ---, ---, ---, ---, ---, ---, ---, ---, ---, ---, ---, ---, ---, ---, 
[1364.897s][info][gc,stats       ]     S: System Dict Roots             27 us, workers (us):  27, ---, ---, ---, ---, ---, ---, ---, ---, ---, ---, ---, ---, ---, ---, ---, ---, ---, ---, ---, ---, ---, ---, ---, 
[1364.897s][info][gc,stats       ]     S: CLDG Roots                  2634 us, workers (us): 1593, ---, 1042, ---, ---, ---, ---, ---, ---, ---, ---, ---, ---, ---, ---, ---, ---, ---, ---, ---, ---, ---, ---, ---, 
[1364.897s][info][gc,stats       ]     S: JVMTI Roots                    1 us, workers (us): ---,   1, ---, ---, ---, ---, ---, ---, ---, ---, ---, ---, ---, ---, ---, ---, ---, ---, ---, ---, ---, ---, ---, ---, 
[1364.897s][info][gc,stats       ]   Resize TLABs                        6 us
[1364.897s][info][gc,stats       ] Concurrent Marking                40567 us
[1364.897s][info][gc,stats       ] Pacing                            42932 us
[1364.897s][info][gc,stats       ] 
[1364.897s][info][gc,stats       ] Allocation pacing accrued:
[1364.897s][info][gc,stats       ]      43 of    46 ms ( 94.3%): pl.nadoba.jvm.gc.benchmark.App.main()
[1364.897s][info][gc,stats       ]      43 of    46 ms ( 94.3%): <total>
[1364.897s][info][gc,stats       ]       4 of    46 ms (  9.4%): <average total>
[1364.897s][info][gc,stats       ]      43 of    46 ms ( 94.3%): <average non-zero>
[1364.897s][info][gc,stats       ] 
[1364.897s][info][gc,metaspace   ] Metaspace: 24233K->24233K(1071104K)
[1364.897s][info][gc,ergo        ] Pacer for Idle. Initial: 2621K, Alloc Tax Rate: 1.0x
[1364.898s][info][gc             ] Trigger: Handle Allocation Failure
[1364.898s][info][gc,ergo        ] Free: 4096K, Max: 256K regular, 2816K humongous, Frag: 32% external, 0% internal; Reserve: 6656K, Max: 256K
[1364.898s][info][gc,start       ] GC(17450) Pause Degenerated GC (Mark)
[1364.898s][info][gc,task        ] GC(17450) Using 4 of 24 workers for stw degenerated gc
[1364.925s][info][gc,ergo        ] GC(17450) CSet Selection. Actual Free: 94976K, Max CSet: 71232K
[1364.925s][info][gc,ergo        ] GC(17450) Collectable Garbage: 84546K (99%), Immediate: 84224K (99%), CSet: 322K (0%)
[1364.925s][info][gc,ergo        ] GC(17450) Pacer for Evacuation. Used CSet: 512K, Free: 92928K, Non-Taxable: 9292K, Alloc Tax Rate: 1.1x
[1364.939s][info][gc,ergo        ] GC(17450) Pacer for Update Refs. Used: 30975K, Free: 92928K, Non-Taxable: 9292K, Alloc Tax Rate: 1.1x
[1364.952s][info][gc,ergo        ] GC(17450) Good progress for free space: 93184K, need 1310K
[1364.952s][info][gc,ergo        ] GC(17450) Good progress for used space: 84480K, need 256K
[1364.952s][info][gc             ] GC(17450) Pause Degenerated GC (Mark) 112M->29M(128M) 53.625ms
[1364.952s][info][gc,ergo        ] Free: 93184K, Max: 256K regular, 90368K humongous, Frag: 4% external, 6% internal; Reserve: 6656K, Max: 256K
[1364.952s][info][gc,stats       ] 
[1364.952s][info][gc,stats       ] All times are wall-clock times, except per-root-class counters, that are sum over
[1364.952s][info][gc,stats       ] all workers. Dividing the <total> over the root stage time estimates parallelism.
[1364.952s][info][gc,stats       ] 
[1364.952s][info][gc,stats       ]   Finish Queues                   25524 us
[1364.952s][info][gc,stats       ]   System Purge                      372 us
[1364.952s][info][gc,stats       ]     Weak Roots                      370 us
[1364.952s][info][gc,stats       ]   Update Region States               24 us
[1364.952s][info][gc,stats       ]   Retire TLABs                       57 us
[1364.952s][info][gc,stats       ]   Choose Collection Set             459 us
[1364.952s][info][gc,stats       ]   Rebuild Free Set                   22 us
[1364.952s][info][gc,stats       ]   Initial Evacuation                 17 us
[1364.952s][info][gc,stats       ]   Retire GCLABs                      11 us
[1364.952s][info][gc,stats       ]   Finish Work                     11488 us
[1364.952s][info][gc,stats       ]   Update Region States               11 us
[1364.952s][info][gc,stats       ]   Trash Collection Set                3 us
[1364.952s][info][gc,stats       ]   Rebuild Free Set                    6 us
[1364.952s][info][gc,stats       ] Pause Degenerated GC (G)          53952 us
[1364.952s][info][gc,stats       ] Pause Degenerated GC (N)          53550 us
[1364.952s][info][gc,stats       ]   Degen Update Roots                838 us, parallelism: 2.21x
[1364.952s][info][gc,stats       ]     DU: <total>                    1852 us
[1364.952s][info][gc,stats       ]     DU: Thread Roots                141 us, workers (us):  41,  35,  64,   2, ---, ---, ---, ---, ---, ---, ---, ---, ---, ---, ---, ---, ---, ---, ---, ---, ---, ---, ---, ---, 
[1364.952s][info][gc,stats       ]     DU: Code Cache Roots           1184 us, workers (us): 415, 145, 145, 479, ---, ---, ---, ---, ---, ---, ---, ---, ---, ---, ---, ---, ---, ---, ---, ---, ---, ---, ---, ---, 
[1364.952s][info][gc,stats       ]     DU: Universe Roots                9 us, workers (us):   9, ---, ---, ---, ---, ---, ---, ---, ---, ---, ---, ---, ---, ---, ---, ---, ---, ---, ---, ---, ---, ---, ---, ---, 
[1364.952s][info][gc,stats       ]     DU: JNI Handles Roots             7 us, workers (us): ---,   7, ---, ---, ---, ---, ---, ---, ---, ---, ---, ---, ---, ---, ---, ---, ---, ---, ---, ---, ---, ---, ---, ---, 
[1364.952s][info][gc,stats       ]     DU: Synchronizer Roots            1 us, workers (us): ---,   1, ---, ---, ---, ---, ---, ---, ---, ---, ---, ---, ---, ---, ---, ---, ---, ---, ---, ---, ---, ---, ---, ---, 
[1364.953s][info][gc,stats       ]     DU: Management Roots              2 us, workers (us): ---, ---, ---,   2, ---, ---, ---, ---, ---, ---, ---, ---, ---, ---, ---, ---, ---, ---, ---, ---, ---, ---, ---, ---, 
[1364.953s][info][gc,stats       ]     DU: System Dict Roots            17 us, workers (us): ---, ---,  17, ---, ---, ---, ---, ---, ---, ---, ---, ---, ---, ---, ---, ---, ---, ---, ---, ---, ---, ---, ---, ---, 
[1364.953s][info][gc,stats       ]     DU: CLDG Roots                  491 us, workers (us): ---, 252, 239, ---, ---, ---, ---, ---, ---, ---, ---, ---, ---, ---, ---, ---, ---, ---, ---, ---, ---, ---, ---, ---, 
[1364.953s][info][gc,stats       ]     DU: JVMTI Roots                   1 us, workers (us):   1, ---, ---, ---, ---, ---, ---, ---, ---, ---, ---, ---, ---, ---, ---, ---, ---, ---, ---, ---, ---, ---, ---, ---, 
[1364.953s][info][gc,stats       ] 
[1364.953s][info][gc,stats       ] Allocation pacing accrued:
[1364.953s][info][gc,stats       ]       0 of    56 ms (  0.0%): <total>
[1364.953s][info][gc,stats       ]       0 of    56 ms (  0.0%): <average total>
[1364.953s][info][gc,stats       ] 
[1364.953s][info][gc,metaspace   ] Metaspace: 24233K->24233K(1071104K)
[1364.953s][info][gc,ergo        ] Pacer for Idle. Initial: 2621K, Alloc Tax Rate: 1.0x
[1364.971s][info][gc             ] Trigger: Allocated since last cycle (18432K) is larger than allocation threshold (13107K)
[1364.971s][info][gc,ergo        ] Free: 74752K, Max: 256K regular, 71936K humongous, Frag: 4% external, 0% internal; Reserve: 6656K, Max: 256K
[1364.971s][info][gc,start       ] GC(17451) Concurrent reset
[1364.971s][info][gc,task        ] GC(17451) Using 4 of 24 workers for concurrent reset
[1364.971s][info][gc,ergo        ] GC(17451) Pacer for Reset. Non-Taxable: 128M
[1364.971s][info][gc             ] GC(17451) Concurrent reset 0.457ms
[1364.972s][info][gc,start       ] GC(17451) Pause Init Mark
[1364.972s][info][gc,task        ] GC(17451) Using 4 of 24 workers for init marking
[1364.975s][info][gc,ergo        ] GC(17451) Pacer for Mark. Expected Live: 12308K, Free: 74752K, Non-Taxable: 7475K, Alloc Tax Rate: 0.2x
[1364.975s][info][gc             ] GC(17451) Pause Init Mark 2.374ms
[1364.975s][info][gc,start       ] GC(17451) Concurrent marking
[1364.975s][info][gc,task        ] GC(17451) Using 4 of 24 workers for concurrent marking
[1365.036s][info][gc             ] GC(17451) Concurrent marking 60.914ms
[1365.036s][info][gc,start       ] GC(17451) Pause Final Mark
[1365.036s][info][gc,task        ] GC(17451) Using 4 of 24 workers for final marking
[1365.037s][info][gc,ergo        ] GC(17451) CSet Selection. Actual Free: 54272K, Max CSet: 40704K
[1365.037s][info][gc,ergo        ] GC(17451) Collectable Garbage: 30274K (99%), Immediate: 29952K (98%), CSet: 322K (1%)
[1365.037s][info][gc,ergo        ] GC(17451) Pacer for Evacuation. Used CSet: 512K, Free: 48896K, Non-Taxable: 4889K, Alloc Tax Rate: 1.1x
[1365.037s][info][gc             ] GC(17451) Pause Final Mark 1.515ms
[1365.038s][info][gc,start       ] GC(17451) Concurrent cleanup
[1365.043s][info][gc             ] GC(17451) Concurrent cleanup 99M->76M(128M) 5.122ms
[1365.043s][info][gc,ergo        ] GC(17451) Free: 41728K, Max: 256K regular, 39936K humongous, Frag: 5% external, 0% internal; Reserve: 6651K, Max: 256K
[1365.043s][info][gc,start       ] GC(17451) Concurrent evacuation
[1365.043s][info][gc,task        ] GC(17451) Using 4 of 24 workers for concurrent evacuation
[1365.043s][info][gc             ] GC(17451) Concurrent evacuation 0.455ms
[1365.043s][info][gc,start       ] GC(17451) Pause Init Update Refs
[1365.043s][info][gc,ergo        ] GC(17451) Pacer for Update Refs. Used: 78335K, Free: 41728K, Non-Taxable: 4172K, Alloc Tax Rate: 2.3x
[1365.043s][info][gc             ] GC(17451) Pause Init Update Refs 0.078ms
[1365.044s][info][gc,start       ] GC(17451) Concurrent update references
[1365.044s][info][gc,task        ] GC(17451) Using 4 of 24 workers for concurrent reference update
[1365.059s][info][gc             ] GC(17451) Concurrent update references 15.943ms
[1365.062s][info][gc,start       ] GC(17451) Pause Final Update Refs
[1365.062s][info][gc,task        ] GC(17451) Using 4 of 24 workers for final reference update
[1365.062s][info][gc             ] GC(17451) Pause Final Update Refs 0.251ms
[1365.062s][info][gc,start       ] GC(17451) Concurrent cleanup
[1365.062s][info][gc             ] GC(17451) Concurrent cleanup 87M->93M(128M) 0.167ms
[1365.062s][info][gc             ] GC(17451) Dat log --- cycle is complete
Current gc epoch: 9278
heap: ______
capacity: 134217728
used: 97517640
committed: 134217728
bytes_allocated_since_gc_start: 84410968
hot_size: 0
cold_size: 7172254
num_regions: 512
hot_region_count: 18446744073709538249
cold_region_count: 13368
histogram: Placeholder

[1365.062s][info][gc             ] GC(17451) Obj count ac histogram
[1365.062s][info][gc             ] GC(17451) 	0: 497830
[1365.062s][info][gc             ] GC(17451) 	1: 15
[1365.062s][info][gc             ] GC(17451) 	2: 17
[1365.062s][info][gc             ] GC(17451) 	3: 2
[1365.062s][info][gc             ] GC(17451) 	4: 0
[1365.062s][info][gc             ] GC(17451) 	5: 0
[1365.062s][info][gc             ] GC(17451) 	6: 0
[1365.062s][info][gc             ] GC(17451) 	7: 0
[1365.062s][info][gc             ] GC(17451) 	8: 0
[1365.062s][info][gc             ] GC(17451) 	9: 0
[1365.062s][info][gc             ] GC(17451) 	10: 0
[1365.062s][info][gc             ] GC(17451) 	11: 0
[1365.062s][info][gc             ] GC(17451) 	12: 0
[1365.062s][info][gc             ] GC(17451) 	13: 0
[1365.062s][info][gc             ] GC(17451) 	14: 0
[1365.062s][info][gc             ] GC(17451) 	15: 0
[1365.062s][info][gc             ] GC(17451) 	16: 0
[1365.062s][info][gc             ] GC(17451) 	17: 0
[1365.062s][info][gc             ] GC(17451) 	18: 0
[1365.062s][info][gc             ] GC(17451) 	19: 0
[1365.063s][info][gc             ] GC(17451) Obj size ac histogram
[1365.063s][info][gc             ] GC(17451) 	0: 6221211
[1365.063s][info][gc             ] GC(17451) 	1: 720
[1365.063s][info][gc             ] GC(17451) 	2: 734
[1365.063s][info][gc             ] GC(17451) 	3: 14
[1365.063s][info][gc             ] GC(17451) 	4: 0
[1365.063s][info][gc             ] GC(17451) 	5: 0
[1365.063s][info][gc             ] GC(17451) 	6: 0
[1365.063s][info][gc             ] GC(17451) 	7: 0
[1365.063s][info][gc             ] GC(17451) 	8: 0
[1365.063s][info][gc             ] GC(17451) 	9: 0
[1365.063s][info][gc             ] GC(17451) 	10: 0
[1365.063s][info][gc             ] GC(17451) 	11: 0
[1365.063s][info][gc             ] GC(17451) 	12: 0
[1365.063s][info][gc             ] GC(17451) 	13: 0
[1365.063s][info][gc             ] GC(17451) 	14: 0
[1365.063s][info][gc             ] GC(17451) 	15: 0
[1365.063s][info][gc             ] GC(17451) 	16: 0
[1365.063s][info][gc             ] GC(17451) 	17: 0
[1365.063s][info][gc             ] GC(17451) 	18: 0
[1365.063s][info][gc             ] GC(17451) 	19: 0
[1365.063s][info][gc,ergo        ] Free: 23808K, Max: 256K regular, 21760K humongous, Frag: 9% external, 21% internal; Reserve: 6656K, Max: 256K
[1365.063s][info][gc,stats       ] 
[1365.063s][info][gc,stats       ] All times are wall-clock times, except per-root-class counters, that are sum over
[1365.063s][info][gc,stats       ] all workers. Dividing the <total> over the root stage time estimates parallelism.
[1365.063s][info][gc,stats       ] 
[1365.063s][info][gc,stats       ] Concurrent Reset                    437 us
[1365.063s][info][gc,stats       ] Pause Init Mark (G)                3574 us
[1365.063s][info][gc,stats       ] Pause Init Mark (N)                2330 us
[1365.063s][info][gc,stats       ]   Accumulate Stats                    7 us
[1365.063s][info][gc,stats       ]   Make Parsable                      43 us
[1365.063s][info][gc,stats       ]   Update Region States                6 us
[1365.063s][info][gc,stats       ]   Scan Roots                       1823 us, parallelism: 1.73x
[1365.063s][info][gc,stats       ]     S: <total>                     3159 us
[1365.063s][info][gc,stats       ]     S: Thread Roots                 347 us, workers (us): 192, 152,   2,   2, ---, ---, ---, ---, ---, ---, ---, ---, ---, ---, ---, ---, ---, ---, ---, ---, ---, ---, ---, ---, 
[1365.063s][info][gc,stats       ]     S: Universe Roots                32 us, workers (us):  32, ---, ---, ---, ---, ---, ---, ---, ---, ---, ---, ---, ---, ---, ---, ---, ---, ---, ---, ---, ---, ---, ---, ---, 
[1365.063s][info][gc,stats       ]     S: JNI Handles Roots             36 us, workers (us):  36, ---, ---, ---, ---, ---, ---, ---, ---, ---, ---, ---, ---, ---, ---, ---, ---, ---, ---, ---, ---, ---, ---, ---, 
[1365.063s][info][gc,stats       ]     S: Synchronizer Roots             0 us, workers (us): ---,   0, ---, ---, ---, ---, ---, ---, ---, ---, ---, ---, ---, ---, ---, ---, ---, ---, ---, ---, ---, ---, ---, ---, 
[1365.063s][info][gc,stats       ]     S: Management Roots               2 us, workers (us): ---,   2, ---, ---, ---, ---, ---, ---, ---, ---, ---, ---, ---, ---, ---, ---, ---, ---, ---, ---, ---, ---, ---, ---, 
[1365.063s][info][gc,stats       ]     S: System Dict Roots             22 us, workers (us): ---,  22, ---, ---, ---, ---, ---, ---, ---, ---, ---, ---, ---, ---, ---, ---, ---, ---, ---, ---, ---, ---, ---, ---, 
[1365.063s][info][gc,stats       ]     S: CLDG Roots                  2720 us, workers (us): ---, ---, 1057, 1663, ---, ---, ---, ---, ---, ---, ---, ---, ---, ---, ---, ---, ---, ---, ---, ---, ---, ---, ---, ---, 
[1365.063s][info][gc,stats       ]     S: JVMTI Roots                    1 us, workers (us):   1, ---, ---, ---, ---, ---, ---, ---, ---, ---, ---, ---, ---, ---, ---, ---, ---, ---, ---, ---, ---, ---, ---, ---, 
[1365.063s][info][gc,stats       ]   Resize TLABs                        5 us
[1365.063s][info][gc,stats       ] Concurrent Marking                60857 us
[1365.063s][info][gc,stats       ] Pause Final Mark (G)               1747 us
[1365.063s][info][gc,stats       ] Pause Final Mark (N)               1475 us
[1365.063s][info][gc,stats       ]   Finish Queues                     181 us
[1365.063s][info][gc,stats       ]   System Purge                      333 us
[1365.063s][info][gc,stats       ]     Weak Roots                      332 us
[1365.063s][info][gc,stats       ]   Update Region States               21 us
[1365.063s][info][gc,stats       ]   Retire TLABs                       48 us
[1365.063s][info][gc,stats       ]   Choose Collection Set             155 us
[1365.063s][info][gc,stats       ]   Rebuild Free Set                   16 us
[1365.063s][info][gc,stats       ]   Initial Evacuation                699 us, parallelism: 2.29x
[1365.063s][info][gc,stats       ]     E: <total>                     1597 us
[1365.063s][info][gc,stats       ]     E: Thread Roots                 109 us, workers (us):   3,   2,  56,  49, ---, ---, ---, ---, ---, ---, ---, ---, ---, ---, ---, ---, ---, ---, ---, ---, ---, ---, ---, ---, 
[1365.063s][info][gc,stats       ]     E: Code Cache Roots            1066 us, workers (us): 196, 403, 128, 339, ---, ---, ---, ---, ---, ---, ---, ---, ---, ---, ---, ---, ---, ---, ---, ---, ---, ---, ---, ---, 
[1365.063s][info][gc,stats       ]     E: Universe Roots                 4 us, workers (us):   4, ---, ---, ---, ---, ---, ---, ---, ---, ---, ---, ---, ---, ---, ---, ---, ---, ---, ---, ---, ---, ---, ---, ---, 
[1365.063s][info][gc,stats       ]     E: JNI Handles Roots              2 us, workers (us):   2, ---, ---, ---, ---, ---, ---, ---, ---, ---, ---, ---, ---, ---, ---, ---, ---, ---, ---, ---, ---, ---, ---, ---, 
[1365.063s][info][gc,stats       ]     E: Synchronizer Roots             0 us, workers (us):   0, ---, ---, ---, ---, ---, ---, ---, ---, ---, ---, ---, ---, ---, ---, ---, ---, ---, ---, ---, ---, ---, ---, ---, 
[1365.063s][info][gc,stats       ]     E: Management Roots               2 us, workers (us):   2, ---, ---, ---, ---, ---, ---, ---, ---, ---, ---, ---, ---, ---, ---, ---, ---, ---, ---, ---, ---, ---, ---, ---, 
[1365.063s][info][gc,stats       ]     E: System Dict Roots              8 us, workers (us):   8, ---, ---, ---, ---, ---, ---, ---, ---, ---, ---, ---, ---, ---, ---, ---, ---, ---, ---, ---, ---, ---, ---, ---, 
[1365.063s][info][gc,stats       ]     E: CLDG Roots                   406 us, workers (us): 190, ---, 216, ---, ---, ---, ---, ---, ---, ---, ---, ---, ---, ---, ---, ---, ---, ---, ---, ---, ---, ---, ---, ---, 
[1365.063s][info][gc,stats       ]     E: JVMTI Roots                    0 us, workers (us):   0, ---, ---, ---, ---, ---, ---, ---, ---, ---, ---, ---, ---, ---, ---, ---, ---, ---, ---, ---, ---, ---, ---, ---, 
[1365.063s][info][gc,stats       ] Concurrent Cleanup                 5072 us
[1365.063s][info][gc,stats       ] Concurrent Evacuation               439 us
[1365.063s][info][gc,stats       ] Pause Init  Update Refs (G)         317 us
[1365.063s][info][gc,stats       ] Pause Init  Update Refs (N)          38 us
[1365.063s][info][gc,stats       ]   Retire GCLABs                      17 us
[1365.063s][info][gc,stats       ] Concurrent Update Refs            15915 us
[1365.063s][info][gc,stats       ] Pause Final Update Refs (G)        2595 us
[1365.063s][info][gc,stats       ] Pause Final Update Refs (N)         202 us
[1365.063s][info][gc,stats       ]   Update Roots                      142 us, parallelism: 1.30x
[1365.063s][info][gc,stats       ]     UR: <total>                     184 us
[1365.063s][info][gc,stats       ]     UR: Thread Roots                184 us, workers (us):  95,  33,  23,  34, ---, ---, ---, ---, ---, ---, ---, ---, ---, ---, ---, ---, ---, ---, ---, ---, ---, ---, ---, ---, 
[1365.064s][info][gc,stats       ]   Update Region States               15 us
[1365.064s][info][gc,stats       ]   Trash Collection Set                6 us
[1365.064s][info][gc,stats       ]   Rebuild Free Set                   16 us
[1365.064s][info][gc,stats       ] Concurrent Cleanup                  122 us
[1365.064s][info][gc,stats       ] Pacing                            85800 us
[1365.064s][info][gc,stats       ] 
[1365.064s][info][gc,stats       ] Allocation pacing accrued:
[1365.064s][info][gc,stats       ]      86 of   111 ms ( 77.3%): pl.nadoba.jvm.gc.benchmark.App.main()
[1365.064s][info][gc,stats       ]      86 of   111 ms ( 77.3%): <total>
[1365.064s][info][gc,stats       ]       9 of   111 ms (  7.7%): <average total>
[1365.064s][info][gc,stats       ]      86 of   111 ms ( 77.3%): <average non-zero>
[1365.064s][info][gc,stats       ] 
[1365.064s][info][gc,metaspace   ] Metaspace: 24233K->24233K(1071104K)
[1365.064s][info][gc,ergo        ] Pacer for Idle. Initial: 2621K, Alloc Tax Rate: 1.0x
[1365.065s][info][gc             ] Trigger: Allocated since last cycle (86784K) is larger than allocation threshold (13107K)
[1365.065s][info][gc,ergo        ] Free: 19456K, Max: 256K regular, 17408K humongous, Frag: 11% external, 24% internal; Reserve: 6656K, Max: 256K
[1365.065s][info][gc,start       ] GC(17452) Concurrent reset
[1365.065s][info][gc,task        ] GC(17452) Using 4 of 24 workers for concurrent reset
[1365.065s][info][gc,ergo        ] GC(17452) Pacer for Reset. Non-Taxable: 128M
[1365.065s][info][gc             ] GC(17452) Concurrent reset 0.598ms
[1365.066s][info][gc,start       ] GC(17452) Pause Init Mark
[1365.066s][info][gc,task        ] GC(17452) Using 4 of 24 workers for init marking
[1365.069s][info][gc,ergo        ] GC(17452) Pacer for Mark. Expected Live: 13332K, Free: 19456K, Non-Taxable: 1945K, Alloc Tax Rate: 0.8x
[1365.069s][info][gc             ] GC(17452) Pause Init Mark 2.882ms
[1365.069s][info][gc,start       ] GC(17452) Concurrent marking
[1365.069s][info][gc,task        ] GC(17452) Using 4 of 24 workers for concurrent marking
[1365.130s][info][gc             ] Failed to allocate Shared, 3072K
[1365.130s][info][gc             ] Cancelling GC: Allocation Failure
[1365.131s][info][gc             ] GC(17452) Concurrent marking 61.881ms
[1365.131s][info][gc,ergo        ] Free: 1536K, Max: 256K regular, 1024K humongous, Frag: 34% external, 0% internal; Reserve: 6656K, Max: 256K
[1365.131s][info][gc,stats       ] 
[1365.131s][info][gc,stats       ] All times are wall-clock times, except per-root-class counters, that are sum over
[1365.131s][info][gc,stats       ] all workers. Dividing the <total> over the root stage time estimates parallelism.
[1365.131s][info][gc,stats       ] 
[1365.131s][info][gc,stats       ] Concurrent Reset                    581 us
[1365.131s][info][gc,stats       ] Pause Init Mark (G)                3199 us
[1365.131s][info][gc,stats       ] Pause Init Mark (N)                2835 us
[1365.131s][info][gc,stats       ]   Accumulate Stats                    7 us
[1365.131s][info][gc,stats       ]   Make Parsable                      50 us
[1365.131s][info][gc,stats       ]   Update Region States                8 us
[1365.131s][info][gc,stats       ]   Scan Roots                       2279 us, parallelism: 1.81x
[1365.131s][info][gc,stats       ]     S: <total>                     4129 us
[1365.131s][info][gc,stats       ]     S: Thread Roots                 361 us, workers (us): 252,   1, 105,   2, ---, ---, ---, ---, ---, ---, ---, ---, ---, ---, ---, ---, ---, ---, ---, ---, ---, ---, ---, ---, 
[1365.131s][info][gc,stats       ]     S: Universe Roots                41 us, workers (us):  41, ---, ---, ---, ---, ---, ---, ---, ---, ---, ---, ---, ---, ---, ---, ---, ---, ---, ---, ---, ---, ---, ---, ---, 
[1365.131s][info][gc,stats       ]     S: JNI Handles Roots             22 us, workers (us): ---,  22, ---, ---, ---, ---, ---, ---, ---, ---, ---, ---, ---, ---, ---, ---, ---, ---, ---, ---, ---, ---, ---, ---, 
[1365.131s][info][gc,stats       ]     S: Synchronizer Roots             0 us, workers (us): ---,   0, ---, ---, ---, ---, ---, ---, ---, ---, ---, ---, ---, ---, ---, ---, ---, ---, ---, ---, ---, ---, ---, ---, 
[1365.131s][info][gc,stats       ]     S: Management Roots               1 us, workers (us): ---,   1, ---, ---, ---, ---, ---, ---, ---, ---, ---, ---, ---, ---, ---, ---, ---, ---, ---, ---, ---, ---, ---, ---, 
[1365.131s][info][gc,stats       ]     S: System Dict Roots             36 us, workers (us): ---, ---,  36, ---, ---, ---, ---, ---, ---, ---, ---, ---, ---, ---, ---, ---, ---, ---, ---, ---, ---, ---, ---, ---, 
[1365.131s][info][gc,stats       ]     S: CLDG Roots                  3667 us, workers (us): ---, 1569, ---, 2098, ---, ---, ---, ---, ---, ---, ---, ---, ---, ---, ---, ---, ---, ---, ---, ---, ---, ---, ---, ---, 
[1365.131s][info][gc,stats       ]     S: JVMTI Roots                    0 us, workers (us): ---,   0, ---, ---, ---, ---, ---, ---, ---, ---, ---, ---, ---, ---, ---, ---, ---, ---, ---, ---, ---, ---, ---, ---, 
[1365.131s][info][gc,stats       ]   Resize TLABs                        6 us
[1365.131s][info][gc,stats       ] Concurrent Marking                61829 us
[1365.131s][info][gc,stats       ] Pacing                            61044 us
[1365.131s][info][gc,stats       ] 
[1365.131s][info][gc,stats       ] Allocation pacing accrued:
[1365.131s][info][gc,stats       ]      61 of    67 ms ( 90.5%): pl.nadoba.jvm.gc.benchmark.App.main()
[1365.131s][info][gc,stats       ]      61 of    67 ms ( 90.5%): <total>
[1365.131s][info][gc,stats       ]       6 of    67 ms (  9.0%): <average total>
[1365.131s][info][gc,stats       ]      61 of    67 ms ( 90.5%): <average non-zero>
[1365.131s][info][gc,stats       ] 
[1365.131s][info][gc,metaspace   ] Metaspace: 24233K->24233K(1071104K)
[1365.131s][info][gc,ergo        ] Pacer for Idle. Initial: 2621K, Alloc Tax Rate: 1.0x
[1365.132s][info][gc             ] Trigger: Handle Allocation Failure
[1365.132s][info][gc,ergo        ] Free: 1536K, Max: 256K regular, 1024K humongous, Frag: 34% external, 0% internal; Reserve: 6656K, Max: 256K
[1365.132s][info][gc,start       ] GC(17453) Pause Degenerated GC (Mark)
[1365.133s][info][gc,task        ] GC(17453) Using 4 of 24 workers for stw degenerated gc
[1365.142s][info][gc,ergo        ] GC(17453) CSet Selection. Actual Free: 98560K, Max CSet: 73920K
[1365.142s][info][gc,ergo        ] GC(17453) Collectable Garbage: 90690K (99%), Immediate: 90368K (99%), CSet: 322K (0%)
[1365.142s][info][gc,ergo        ] GC(17453) Pacer for Evacuation. Used CSet: 512K, Free: 97536K, Non-Taxable: 9753K, Alloc Tax Rate: 1.1x
[1365.158s][info][gc,ergo        ] GC(17453) Pacer for Update Refs. Used: 25855K, Free: 97536K, Non-Taxable: 9753K, Alloc Tax Rate: 1.1x
[1365.172s][info][gc,ergo        ] GC(17453) Good progress for free space: 97792K, need 1310K
[1365.172s][info][gc,ergo        ] GC(17453) Good progress for used space: 90624K, need 256K
[1365.172s][info][gc             ] GC(17453) Pause Degenerated GC (Mark) 113M->24M(128M) 39.162ms
[1365.172s][info][gc,ergo        ] Free: 97792K, Max: 256K regular, 89600K humongous, Frag: 9% external, 6% internal; Reserve: 6656K, Max: 256K
[1365.172s][info][gc,stats       ] 
[1365.172s][info][gc,stats       ] All times are wall-clock times, except per-root-class counters, that are sum over
[1365.172s][info][gc,stats       ] all workers. Dividing the <total> over the root stage time estimates parallelism.
[1365.172s][info][gc,stats       ] 
[1365.172s][info][gc,stats       ]   Finish Queues                    8909 us
[1365.172s][info][gc,stats       ]   System Purge                      451 us
[1365.172s][info][gc,stats       ]     Weak Roots                      449 us
[1365.172s][info][gc,stats       ]   Update Region States               19 us
[1365.172s][info][gc,stats       ]   Retire TLABs                       55 us
[1365.172s][info][gc,stats       ]   Choose Collection Set             411 us
[1365.172s][info][gc,stats       ]   Rebuild Free Set                   22 us
[1365.172s][info][gc,stats       ]   Initial Evacuation                 17 us
[1365.172s][info][gc,stats       ]   Retire GCLABs                       9 us
[1365.172s][info][gc,stats       ]   Finish Work                     12723 us
[1365.172s][info][gc,stats       ]   Update Region States               10 us
[1365.172s][info][gc,stats       ]   Trash Collection Set                2 us
[1365.172s][info][gc,stats       ]   Rebuild Free Set                    7 us
[1365.172s][info][gc,stats       ] Pause Degenerated GC (G)          39459 us
[1365.172s][info][gc,stats       ] Pause Degenerated GC (N)          39122 us
[1365.172s][info][gc,stats       ]   Degen Update Roots                936 us, parallelism: 2.16x
[1365.172s][info][gc,stats       ]     DU: <total>                    2022 us
[1365.172s][info][gc,stats       ]     DU: Thread Roots                150 us, workers (us):  40,  84,  24,   3, ---, ---, ---, ---, ---, ---, ---, ---, ---, ---, ---, ---, ---, ---, ---, ---, ---, ---, ---, ---, 
[1365.172s][info][gc,stats       ]     DU: Code Cache Roots           1146 us, workers (us): 241, 444, 460,   1, ---, ---, ---, ---, ---, ---, ---, ---, ---, ---, ---, ---, ---, ---, ---, ---, ---, ---, ---, ---, 
[1365.172s][info][gc,stats       ]     DU: Universe Roots                6 us, workers (us):   6, ---, ---, ---, ---, ---, ---, ---, ---, ---, ---, ---, ---, ---, ---, ---, ---, ---, ---, ---, ---, ---, ---, ---, 
[1365.172s][info][gc,stats       ]     DU: JNI Handles Roots             5 us, workers (us): ---,   5, ---, ---, ---, ---, ---, ---, ---, ---, ---, ---, ---, ---, ---, ---, ---, ---, ---, ---, ---, ---, ---, ---, 
[1365.172s][info][gc,stats       ]     DU: Synchronizer Roots            1 us, workers (us): ---,   1, ---, ---, ---, ---, ---, ---, ---, ---, ---, ---, ---, ---, ---, ---, ---, ---, ---, ---, ---, ---, ---, ---, 
[1365.172s][info][gc,stats       ]     DU: Management Roots              2 us, workers (us): ---, ---,   2, ---, ---, ---, ---, ---, ---, ---, ---, ---, ---, ---, ---, ---, ---, ---, ---, ---, ---, ---, ---, ---, 
[1365.172s][info][gc,stats       ]     DU: System Dict Roots            10 us, workers (us):  10, ---, ---, ---, ---, ---, ---, ---, ---, ---, ---, ---, ---, ---, ---, ---, ---, ---, ---, ---, ---, ---, ---, ---, 
[1365.172s][info][gc,stats       ]     DU: CLDG Roots                  701 us, workers (us): 218, ---, ---, 483, ---, ---, ---, ---, ---, ---, ---, ---, ---, ---, ---, ---, ---, ---, ---, ---, ---, ---, ---, ---, 
[1365.172s][info][gc,stats       ]     DU: JVMTI Roots                   1 us, workers (us): ---, ---, ---,   1, ---, ---, ---, ---, ---, ---, ---, ---, ---, ---, ---, ---, ---, ---, ---, ---, ---, ---, ---, ---, 
[1365.172s][info][gc,stats       ] 
[1365.172s][info][gc,stats       ] Allocation pacing accrued:
[1365.172s][info][gc,stats       ]       0 of    41 ms (  0.0%): <total>
[1365.172s][info][gc,stats       ]       0 of    41 ms (  0.0%): <average total>
[1365.172s][info][gc,stats       ] 
[1365.172s][info][gc,metaspace   ] Metaspace: 24233K->24233K(1071104K)
[1365.172s][info][gc,ergo        ] Pacer for Idle. Initial: 2621K, Alloc Tax Rate: 1.0x
[1365.194s][info][gc             ] Trigger: Allocated since last cycle (15360K) is larger than allocation threshold (13107K)
[1365.194s][info][gc,ergo        ] Free: 82432K, Max: 256K regular, 77824K humongous, Frag: 6% external, 0% internal; Reserve: 6656K, Max: 256K
[1365.194s][info][gc,start       ] GC(17454) Concurrent reset
[1365.194s][info][gc,task        ] GC(17454) Using 4 of 24 workers for concurrent reset
[1365.194s][info][gc,ergo        ] GC(17454) Pacer for Reset. Non-Taxable: 128M
[1365.194s][info][gc             ] GC(17454) Concurrent reset 0.386ms
[1365.195s][info][gc,start       ] GC(17454) Pause Init Mark
[1365.195s][info][gc,task        ] GC(17454) Using 4 of 24 workers for init marking
[1365.198s][info][gc,ergo        ] GC(17454) Pacer for Mark. Expected Live: 11693K, Free: 82432K, Non-Taxable: 8243K, Alloc Tax Rate: 0.2x
[1365.198s][info][gc             ] GC(17454) Pause Init Mark 2.993ms
[1365.198s][info][gc,start       ] GC(17454) Concurrent marking
[1365.199s][info][gc,task        ] GC(17454) Using 4 of 24 workers for concurrent marking
[1365.264s][info][gc             ] GC(17454) Concurrent marking 65.787ms
[1365.265s][info][gc,start       ] GC(17454) Pause Final Mark
[1365.265s][info][gc,task        ] GC(17454) Using 4 of 24 workers for final marking
[1365.266s][info][gc,ergo        ] GC(17454) CSet Selection. Actual Free: 46336K, Max CSet: 34752K
[1365.266s][info][gc,ergo        ] GC(17454) Collectable Garbage: 24130K (99%), Immediate: 23808K (98%), CSet: 322K (1%)
[1365.267s][info][gc,ergo        ] GC(17454) Pacer for Evacuation. Used CSet: 512K, Free: 41472K, Non-Taxable: 4147K, Alloc Tax Rate: 1.1x
[1365.267s][info][gc             ] GC(17454) Pause Final Mark 1.476ms
[1365.267s][info][gc,start       ] GC(17454) Concurrent cleanup
[1365.271s][info][gc             ] GC(17454) Concurrent cleanup 101M->80M(128M) 4.167ms
[1365.271s][info][gc,ergo        ] GC(17454) Free: 38912K, Max: 256K regular, 30208K humongous, Frag: 23% external, 0% internal; Reserve: 6651K, Max: 256K
[1365.271s][info][gc,start       ] GC(17454) Concurrent evacuation
[1365.271s][info][gc,task        ] GC(17454) Using 4 of 24 workers for concurrent evacuation
[1365.272s][info][gc             ] GC(17454) Concurrent evacuation 1.113ms
[1365.272s][info][gc,start       ] GC(17454) Pause Init Update Refs
[1365.272s][info][gc,ergo        ] GC(17454) Pacer for Update Refs. Used: 82431K, Free: 38912K, Non-Taxable: 3891K, Alloc Tax Rate: 2.6x
[1365.273s][info][gc             ] GC(17454) Pause Init Update Refs 0.094ms
[1365.273s][info][gc,start       ] GC(17454) Concurrent update references
[1365.273s][info][gc,task        ] GC(17454) Using 4 of 24 workers for concurrent reference update
[1365.289s][info][gc             ] GC(17454) Concurrent update references 16.742ms
[1365.290s][info][gc,start       ] GC(17454) Pause Final Update Refs
[1365.290s][info][gc,task        ] GC(17454) Using 4 of 24 workers for final reference update
[1365.290s][info][gc             ] GC(17454) Pause Final Update Refs 0.236ms
[1365.290s][info][gc,start       ] GC(17454) Concurrent cleanup
[1365.290s][info][gc             ] GC(17454) Concurrent cleanup 92M->91M(128M) 0.156ms
[1365.290s][info][gc             ] GC(17454) Dat log --- cycle is complete
Current gc epoch: 9279
heap: ______
capacity: 134217728
used: 96468904
committed: 134217728
bytes_allocated_since_gc_start: 84148824
hot_size: 0
cold_size: 6647966
num_regions: 512
hot_region_count: 18446744073709538247
cold_region_count: 13370
histogram: Placeholder

[1365.290s][info][gc             ] GC(17454) Obj count ac histogram
[1365.290s][info][gc             ] GC(17454) 	0: 502266
[1365.290s][info][gc             ] GC(17454) 	1: 15
[1365.290s][info][gc             ] GC(17454) 	2: 17
[1365.290s][info][gc             ] GC(17454) 	3: 2
[1365.290s][info][gc             ] GC(17454) 	4: 0
[1365.290s][info][gc             ] GC(17454) 	5: 0
[1365.290s][info][gc             ] GC(17454) 	6: 0
[1365.290s][info][gc             ] GC(17454) 	7: 0
[1365.290s][info][gc             ] GC(17454) 	8: 0
[1365.290s][info][gc             ] GC(17454) 	9: 0
[1365.290s][info][gc             ] GC(17454) 	10: 0
[1365.290s][info][gc             ] GC(17454) 	11: 0
[1365.290s][info][gc             ] GC(17454) 	12: 0
[1365.290s][info][gc             ] GC(17454) 	13: 0
[1365.290s][info][gc             ] GC(17454) 	14: 0
[1365.290s][info][gc             ] GC(17454) 	15: 0
[1365.290s][info][gc             ] GC(17454) 	16: 0
[1365.290s][info][gc             ] GC(17454) 	17: 0
[1365.290s][info][gc             ] GC(17454) 	18: 0
[1365.290s][info][gc             ] GC(17454) 	19: 0
[1365.290s][info][gc             ] GC(17454) Obj size ac histogram
[1365.290s][info][gc             ] GC(17454) 	0: 5154398
[1365.290s][info][gc             ] GC(17454) 	1: 720
[1365.290s][info][gc             ] GC(17454) 	2: 734
[1365.290s][info][gc             ] GC(17454) 	3: 14
[1365.290s][info][gc             ] GC(17454) 	4: 0
[1365.290s][info][gc             ] GC(17454) 	5: 0
[1365.290s][info][gc             ] GC(17454) 	6: 0
[1365.290s][info][gc             ] GC(17454) 	7: 0
[1365.290s][info][gc             ] GC(17454) 	8: 0
[1365.290s][info][gc             ] GC(17454) 	9: 0
[1365.290s][info][gc             ] GC(17454) 	10: 0
[1365.290s][info][gc             ] GC(17454) 	11: 0
[1365.290s][info][gc             ] GC(17454) 	12: 0
[1365.290s][info][gc             ] GC(17454) 	13: 0
[1365.290s][info][gc             ] GC(17454) 	14: 0
[1365.290s][info][gc             ] GC(17454) 	15: 0
[1365.290s][info][gc             ] GC(17454) 	16: 0
[1365.290s][info][gc             ] GC(17454) 	17: 0
[1365.290s][info][gc             ] GC(17454) 	18: 0
[1365.290s][info][gc             ] GC(17454) 	19: 0
[1365.290s][info][gc,ergo        ] Free: 26112K, Max: 256K regular, 22784K humongous, Frag: 13% external, 19% internal; Reserve: 6656K, Max: 256K
[1365.291s][info][gc,stats       ] 
[1365.291s][info][gc,stats       ] All times are wall-clock times, except per-root-class counters, that are sum over
[1365.291s][info][gc,stats       ] all workers. Dividing the <total> over the root stage time estimates parallelism.
[1365.291s][info][gc,stats       ] 
[1365.291s][info][gc,stats       ] Concurrent Reset                    366 us
[1365.291s][info][gc,stats       ] Pause Init Mark (G)                4450 us
[1365.291s][info][gc,stats       ] Pause Init Mark (N)                2949 us
[1365.291s][info][gc,stats       ]   Accumulate Stats                    3 us
[1365.291s][info][gc,stats       ]   Make Parsable                      40 us
[1365.291s][info][gc,stats       ]   Update Region States                4 us
[1365.291s][info][gc,stats       ]   Scan Roots                       2596 us, parallelism: 1.63x
[1365.291s][info][gc,stats       ]     S: <total>                     4232 us
[1365.291s][info][gc,stats       ]     S: Thread Roots                 383 us, workers (us): 191, 188,   2,   2, ---, ---, ---, ---, ---, ---, ---, ---, ---, ---, ---, ---, ---, ---, ---, ---, ---, ---, ---, ---, 
[1365.291s][info][gc,stats       ]     S: Universe Roots                33 us, workers (us):  33, ---, ---, ---, ---, ---, ---, ---, ---, ---, ---, ---, ---, ---, ---, ---, ---, ---, ---, ---, ---, ---, ---, ---, 
[1365.291s][info][gc,stats       ]     S: JNI Handles Roots             22 us, workers (us):  22, ---, ---, ---, ---, ---, ---, ---, ---, ---, ---, ---, ---, ---, ---, ---, ---, ---, ---, ---, ---, ---, ---, ---, 
[1365.291s][info][gc,stats       ]     S: Synchronizer Roots             0 us, workers (us): ---,   0, ---, ---, ---, ---, ---, ---, ---, ---, ---, ---, ---, ---, ---, ---, ---, ---, ---, ---, ---, ---, ---, ---, 
[1365.291s][info][gc,stats       ]     S: Management Roots               1 us, workers (us): ---,   1, ---, ---, ---, ---, ---, ---, ---, ---, ---, ---, ---, ---, ---, ---, ---, ---, ---, ---, ---, ---, ---, ---, 
[1365.291s][info][gc,stats       ]     S: System Dict Roots             27 us, workers (us): ---,  27, ---, ---, ---, ---, ---, ---, ---, ---, ---, ---, ---, ---, ---, ---, ---, ---, ---, ---, ---, ---, ---, ---, 
[1365.291s][info][gc,stats       ]     S: CLDG Roots                  3765 us, workers (us): ---, ---, 2413, 1352, ---, ---, ---, ---, ---, ---, ---, ---, ---, ---, ---, ---, ---, ---, ---, ---, ---, ---, ---, ---, 
[1365.291s][info][gc,stats       ]     S: JVMTI Roots                    1 us, workers (us):   1, ---, ---, ---, ---, ---, ---, ---, ---, ---, ---, ---, ---, ---, ---, ---, ---, ---, ---, ---, ---, ---, ---, ---, 
[1365.291s][info][gc,stats       ]   Resize TLABs                        4 us
[1365.291s][info][gc,stats       ] Concurrent Marking                65733 us
[1365.291s][info][gc,stats       ] Pause Final Mark (G)               2547 us
[1365.291s][info][gc,stats       ] Pause Final Mark (N)               1432 us
[1365.291s][info][gc,stats       ]   Finish Queues                     158 us
[1365.291s][info][gc,stats       ]   System Purge                      406 us
[1365.291s][info][gc,stats       ]     Weak Roots                      405 us
[1365.291s][info][gc,stats       ]   Update Region States               18 us
[1365.291s][info][gc,stats       ]   Retire TLABs                       44 us
[1365.291s][info][gc,stats       ]   Choose Collection Set             120 us
[1365.291s][info][gc,stats       ]   Rebuild Free Set                   13 us
[1365.291s][info][gc,stats       ]   Initial Evacuation                649 us, parallelism: 2.03x
[1365.291s][info][gc,stats       ]     E: <total>                     1319 us
[1365.291s][info][gc,stats       ]     E: Thread Roots                 118 us, workers (us):  33,   2,  49,  34, ---, ---, ---, ---, ---, ---, ---, ---, ---, ---, ---, ---, ---, ---, ---, ---, ---, ---, ---, ---, 
[1365.291s][info][gc,stats       ]     E: Code Cache Roots             801 us, workers (us): 265, 147, 255, 134, ---, ---, ---, ---, ---, ---, ---, ---, ---, ---, ---, ---, ---, ---, ---, ---, ---, ---, ---, ---, 
[1365.291s][info][gc,stats       ]     E: Universe Roots                 4 us, workers (us):   4, ---, ---, ---, ---, ---, ---, ---, ---, ---, ---, ---, ---, ---, ---, ---, ---, ---, ---, ---, ---, ---, ---, ---, 
[1365.291s][info][gc,stats       ]     E: JNI Handles Roots              1 us, workers (us):   1, ---, ---, ---, ---, ---, ---, ---, ---, ---, ---, ---, ---, ---, ---, ---, ---, ---, ---, ---, ---, ---, ---, ---, 
[1365.291s][info][gc,stats       ]     E: Synchronizer Roots             0 us, workers (us):   0, ---, ---, ---, ---, ---, ---, ---, ---, ---, ---, ---, ---, ---, ---, ---, ---, ---, ---, ---, ---, ---, ---, ---, 
[1365.291s][info][gc,stats       ]     E: Management Roots               1 us, workers (us):   1, ---, ---, ---, ---, ---, ---, ---, ---, ---, ---, ---, ---, ---, ---, ---, ---, ---, ---, ---, ---, ---, ---, ---, 
[1365.291s][info][gc,stats       ]     E: System Dict Roots              6 us, workers (us):   6, ---, ---, ---, ---, ---, ---, ---, ---, ---, ---, ---, ---, ---, ---, ---, ---, ---, ---, ---, ---, ---, ---, ---, 
[1365.291s][info][gc,stats       ]     E: CLDG Roots                   388 us, workers (us): ---, 225, ---, 163, ---, ---, ---, ---, ---, ---, ---, ---, ---, ---, ---, ---, ---, ---, ---, ---, ---, ---, ---, ---, 
[1365.291s][info][gc,stats       ]     E: JVMTI Roots                    0 us, workers (us):   0, ---, ---, ---, ---, ---, ---, ---, ---, ---, ---, ---, ---, ---, ---, ---, ---, ---, ---, ---, ---, ---, ---, ---, 
[1365.291s][info][gc,stats       ] Concurrent Cleanup                 4109 us
[1365.291s][info][gc,stats       ] Concurrent Evacuation              1097 us
[1365.291s][info][gc,stats       ] Pause Init  Update Refs (G)         325 us
[1365.291s][info][gc,stats       ] Pause Init  Update Refs (N)          51 us
[1365.291s][info][gc,stats       ]   Retire GCLABs                      20 us
[1365.291s][info][gc,stats       ] Concurrent Update Refs            16713 us
[1365.291s][info][gc,stats       ] Pause Final Update Refs (G)         517 us
[1365.291s][info][gc,stats       ] Pause Final Update Refs (N)         192 us
[1365.291s][info][gc,stats       ]   Update Roots                      134 us, parallelism: 1.00x
[1365.291s][info][gc,stats       ]     UR: <total>                     134 us
[1365.291s][info][gc,stats       ]     UR: Thread Roots                134 us, workers (us):  72,  21,  10,  30, ---, ---, ---, ---, ---, ---, ---, ---, ---, ---, ---, ---, ---, ---, ---, ---, ---, ---, ---, ---, 
[1365.291s][info][gc,stats       ]   Update Region States               14 us
[1365.291s][info][gc,stats       ]   Trash Collection Set                6 us
[1365.291s][info][gc,stats       ]   Rebuild Free Set                   16 us
[1365.291s][info][gc,stats       ] Concurrent Cleanup                  125 us
[1365.291s][info][gc,stats       ] Pacing                            84092 us
[1365.291s][info][gc,stats       ] 
[1365.291s][info][gc,stats       ] Allocation pacing accrued:
[1365.291s][info][gc,stats       ]      84 of   119 ms ( 70.6%): pl.nadoba.jvm.gc.benchmark.App.main()
[1365.291s][info][gc,stats       ]      84 of   119 ms ( 70.6%): <total>
[1365.291s][info][gc,stats       ]       8 of   119 ms (  7.1%): <average total>
[1365.291s][info][gc,stats       ]      84 of   119 ms ( 70.6%): <average non-zero>
[1365.291s][info][gc,stats       ] 
[1365.291s][info][gc,metaspace   ] Metaspace: 24233K->24233K(1071104K)
[1365.291s][info][gc,ergo        ] Pacer for Idle. Initial: 2621K, Alloc Tax Rate: 1.0x
[1365.293s][info][gc             ] Trigger: Allocated since last cycle (82176K) is larger than allocation threshold (13107K)
[1365.293s][info][gc,ergo        ] Free: 26112K, Max: 256K regular, 22784K humongous, Frag: 13% external, 19% internal; Reserve: 6656K, Max: 256K
[1365.293s][info][gc,start       ] GC(17455) Concurrent reset
[1365.293s][info][gc,task        ] GC(17455) Using 4 of 24 workers for concurrent reset
[1365.293s][info][gc,ergo        ] GC(17455) Pacer for Reset. Non-Taxable: 128M
[1365.293s][info][gc             ] GC(17455) Concurrent reset 0.584ms
[1365.294s][info][gc,start       ] GC(17455) Pause Init Mark (process weakrefs)
[1365.294s][info][gc,task        ] GC(17455) Using 4 of 24 workers for init marking
[1365.297s][info][gc,ergo        ] GC(17455) Pacer for Mark. Expected Live: 13127K, Free: 20736K, Non-Taxable: 2073K, Alloc Tax Rate: 0.8x
[1365.297s][info][gc             ] GC(17455) Pause Init Mark (process weakrefs) 3.031ms
[1365.297s][info][gc,start       ] GC(17455) Concurrent marking (process weakrefs)
[1365.297s][info][gc,task        ] GC(17455) Using 4 of 24 workers for concurrent marking
[1365.329s][info][gc             ] Failed to allocate Shared, 6144K
[1365.329s][info][gc             ] Cancelling GC: Allocation Failure
[1365.330s][info][gc             ] GC(17455) Concurrent marking (process weakrefs) 33.042ms
[1365.330s][info][gc,ergo        ] Free: 6656K, Max: 256K regular, 3584K humongous, Frag: 47% external, 0% internal; Reserve: 6656K, Max: 256K
[1365.331s][info][gc,stats       ] 
[1365.331s][info][gc,stats       ] All times are wall-clock times, except per-root-class counters, that are sum over
[1365.331s][info][gc,stats       ] all workers. Dividing the <total> over the root stage time estimates parallelism.
[1365.331s][info][gc,stats       ] 
[1365.331s][info][gc,stats       ] Concurrent Reset                    568 us
[1365.331s][info][gc,stats       ] Pause Init Mark (G)                4180 us
[1365.331s][info][gc,stats       ] Pause Init Mark (N)                2987 us
[1365.331s][info][gc,stats       ]   Accumulate Stats                    5 us
[1365.331s][info][gc,stats       ]   Make Parsable                      48 us
[1365.331s][info][gc,stats       ]   Update Region States                8 us
[1365.331s][info][gc,stats       ]   Scan Roots                       2439 us, parallelism: 1.84x
[1365.331s][info][gc,stats       ]     S: <total>                     4490 us
[1365.331s][info][gc,stats       ]     S: Thread Roots                 284 us, workers (us):   2, 138, 142,   3, ---, ---, ---, ---, ---, ---, ---, ---, ---, ---, ---, ---, ---, ---, ---, ---, ---, ---, ---, ---, 
[1365.331s][info][gc,stats       ]     S: Universe Roots                50 us, workers (us):  50, ---, ---, ---, ---, ---, ---, ---, ---, ---, ---, ---, ---, ---, ---, ---, ---, ---, ---, ---, ---, ---, ---, ---, 
[1365.331s][info][gc,stats       ]     S: JNI Handles Roots             25 us, workers (us): ---, ---,  25, ---, ---, ---, ---, ---, ---, ---, ---, ---, ---, ---, ---, ---, ---, ---, ---, ---, ---, ---, ---, ---, 
[1365.331s][info][gc,stats       ]     S: Synchronizer Roots             0 us, workers (us): ---,   0, ---, ---, ---, ---, ---, ---, ---, ---, ---, ---, ---, ---, ---, ---, ---, ---, ---, ---, ---, ---, ---, ---, 
[1365.331s][info][gc,stats       ]     S: Management Roots               2 us, workers (us): ---,   2, ---, ---, ---, ---, ---, ---, ---, ---, ---, ---, ---, ---, ---, ---, ---, ---, ---, ---, ---, ---, ---, ---, 
[1365.331s][info][gc,stats       ]     S: System Dict Roots             42 us, workers (us): ---,  42, ---, ---, ---, ---, ---, ---, ---, ---, ---, ---, ---, ---, ---, ---, ---, ---, ---, ---, ---, ---, ---, ---, 
[1365.331s][info][gc,stats       ]     S: CLDG Roots                  4085 us, workers (us): 1834, ---, ---, 2251, ---, ---, ---, ---, ---, ---, ---, ---, ---, ---, ---, ---, ---, ---, ---, ---, ---, ---, ---, ---, 
[1365.331s][info][gc,stats       ]     S: JVMTI Roots                    0 us, workers (us): ---, ---,   0, ---, ---, ---, ---, ---, ---, ---, ---, ---, ---, ---, ---, ---, ---, ---, ---, ---, ---, ---, ---, ---, 
[1365.331s][info][gc,stats       ]   Resize TLABs                        6 us
[1365.331s][info][gc,stats       ] Concurrent Marking                32991 us
[1365.331s][info][gc,stats       ] Pacing                            37944 us
[1365.331s][info][gc,stats       ] 
[1365.331s][info][gc,stats       ] Allocation pacing accrued:
[1365.331s][info][gc,stats       ]      38 of    40 ms ( 95.8%): pl.nadoba.jvm.gc.benchmark.App.main()
[1365.331s][info][gc,stats       ]      38 of    40 ms ( 95.8%): <total>
[1365.331s][info][gc,stats       ]       4 of    40 ms (  9.6%): <average total>
[1365.331s][info][gc,stats       ]      38 of    40 ms ( 95.8%): <average non-zero>
[1365.331s][info][gc,stats       ] 
[1365.331s][info][gc,metaspace   ] Metaspace: 24233K->24233K(1071104K)
[1365.331s][info][gc,ergo        ] Pacer for Idle. Initial: 2621K, Alloc Tax Rate: 1.0x
[1365.332s][info][gc             ] Trigger: Handle Allocation Failure
[1365.332s][info][gc,ergo        ] Free: 6656K, Max: 256K regular, 3584K humongous, Frag: 47% external, 0% internal; Reserve: 6656K, Max: 256K
[1365.332s][info][gc,start       ] GC(17456) Pause Degenerated GC (Mark)
[1365.332s][info][gc,task        ] GC(17456) Using 4 of 24 workers for stw degenerated gc
[1365.376s][info][gc,ergo        ] GC(17456) CSet Selection. Actual Free: 98560K, Max CSet: 73920K
[1365.376s][info][gc,ergo        ] GC(17456) Collectable Garbage: 85570K (99%), Immediate: 85248K (99%), CSet: 322K (0%)
[1365.376s][info][gc,ergo        ] GC(17456) Pacer for Evacuation. Used CSet: 512K, Free: 96000K, Non-Taxable: 9600K, Alloc Tax Rate: 1.1x
[1365.388s][info][gc,ergo        ] GC(17456) Pacer for Update Refs. Used: 27903K, Free: 96000K, Non-Taxable: 9600K, Alloc Tax Rate: 1.1x
[1365.404s][info][gc,ergo        ] GC(17456) Good progress for free space: 96256K, need 1310K
[1365.404s][info][gc,ergo        ] GC(17456) Good progress for used space: 85504K, need 256K
[1365.404s][info][gc             ] GC(17456) Pause Degenerated GC (Mark) 110M->26M(128M) 71.624ms
[1365.404s][info][gc,ergo        ] Free: 96256K, Max: 256K regular, 90112K humongous, Frag: 7% external, 6% internal; Reserve: 6656K, Max: 256K
[1365.404s][info][gc,stats       ] 
[1365.404s][info][gc,stats       ] All times are wall-clock times, except per-root-class counters, that are sum over
[1365.404s][info][gc,stats       ] all workers. Dividing the <total> over the root stage time estimates parallelism.
[1365.404s][info][gc,stats       ] 
[1365.404s][info][gc,stats       ]   Finish Queues                   38851 us
[1365.404s][info][gc,stats       ]   Weak References                  3587 us
[1365.404s][info][gc,stats       ]     Process                        3574 us
[1365.404s][info][gc,stats       ]   System Purge                      284 us
[1365.404s][info][gc,stats       ]     Weak Roots                      283 us
[1365.404s][info][gc,stats       ]   Update Region States               19 us
[1365.404s][info][gc,stats       ]   Retire TLABs                       50 us
[1365.404s][info][gc,stats       ]   Choose Collection Set             375 us
[1365.404s][info][gc,stats       ]   Rebuild Free Set                   31 us
[1365.404s][info][gc,stats       ]   Initial Evacuation                 16 us
[1365.404s][info][gc,stats       ]   Retire GCLABs                       8 us
[1365.404s][info][gc,stats       ]   Finish Work                     15207 us
[1365.404s][info][gc,stats       ]   Update Region States                6 us
[1365.404s][info][gc,stats       ]   Trash Collection Set                2 us
[1365.404s][info][gc,stats       ]   Rebuild Free Set                    7 us
[1365.404s][info][gc,stats       ] Pause Degenerated GC (G)          71923 us
[1365.404s][info][gc,stats       ] Pause Degenerated GC (N)          71581 us
[1365.404s][info][gc,stats       ]   Degen Update Roots                639 us, parallelism: 2.14x
[1365.405s][info][gc,stats       ]     DU: <total>                    1367 us
[1365.405s][info][gc,stats       ]     DU: Thread Roots                 73 us, workers (us):   2,   2,  36,  32, ---, ---, ---, ---, ---, ---, ---, ---, ---, ---, ---, ---, ---, ---, ---, ---, ---, ---, ---, ---, 
[1365.405s][info][gc,stats       ]     DU: Code Cache Roots            958 us, workers (us): 339, 338, 157, 124, ---, ---, ---, ---, ---, ---, ---, ---, ---, ---, ---, ---, ---, ---, ---, ---, ---, ---, ---, ---, 
[1365.405s][info][gc,stats       ]     DU: Universe Roots                8 us, workers (us):   8, ---, ---, ---, ---, ---, ---, ---, ---, ---, ---, ---, ---, ---, ---, ---, ---, ---, ---, ---, ---, ---, ---, ---, 
[1365.405s][info][gc,stats       ]     DU: JNI Handles Roots             3 us, workers (us):   3, ---, ---, ---, ---, ---, ---, ---, ---, ---, ---, ---, ---, ---, ---, ---, ---, ---, ---, ---, ---, ---, ---, ---, 
[1365.405s][info][gc,stats       ]     DU: Synchronizer Roots            1 us, workers (us): ---,   1, ---, ---, ---, ---, ---, ---, ---, ---, ---, ---, ---, ---, ---, ---, ---, ---, ---, ---, ---, ---, ---, ---, 
[1365.405s][info][gc,stats       ]     DU: Management Roots              2 us, workers (us): ---,   2, ---, ---, ---, ---, ---, ---, ---, ---, ---, ---, ---, ---, ---, ---, ---, ---, ---, ---, ---, ---, ---, ---, 
[1365.405s][info][gc,stats       ]     DU: System Dict Roots            15 us, workers (us): ---,  15, ---, ---, ---, ---, ---, ---, ---, ---, ---, ---, ---, ---, ---, ---, ---, ---, ---, ---, ---, ---, ---, ---, 
[1365.405s][info][gc,stats       ]     DU: CLDG Roots                  306 us, workers (us): ---, ---, 137, 170, ---, ---, ---, ---, ---, ---, ---, ---, ---, ---, ---, ---, ---, ---, ---, ---, ---, ---, ---, ---, 
[1365.405s][info][gc,stats       ]     DU: JVMTI Roots                   0 us, workers (us): ---, ---,   0, ---, ---, ---, ---, ---, ---, ---, ---, ---, ---, ---, ---, ---, ---, ---, ---, ---, ---, ---, ---, ---, 
[1365.405s][info][gc,stats       ] 
[1365.405s][info][gc,stats       ] Allocation pacing accrued:
[1365.405s][info][gc,stats       ]       0 of    74 ms (  0.0%): <total>
[1365.405s][info][gc,stats       ]       0 of    74 ms (  0.0%): <average total>
[1365.405s][info][gc,stats       ] 
[1365.405s][info][gc,metaspace   ] Metaspace: 24233K->24233K(1071104K)
[1365.405s][info][gc,ergo        ] Pacer for Idle. Initial: 2621K, Alloc Tax Rate: 1.0x
[1365.415s][info][gc             ] Trigger: Allocated since last cycle (14080K) is larger than allocation threshold (13107K)
[1365.415s][info][gc,ergo        ] Free: 82176K, Max: 256K regular, 76288K humongous, Frag: 8% external, 0% internal; Reserve: 6656K, Max: 256K
[1365.415s][info][gc,start       ] GC(17457) Concurrent reset
[1365.415s][info][gc,task        ] GC(17457) Using 4 of 24 workers for concurrent reset
[1365.415s][info][gc,ergo        ] GC(17457) Pacer for Reset. Non-Taxable: 128M
[1365.416s][info][gc             ] GC(17457) Concurrent reset 0.342ms
[1365.417s][info][gc,start       ] GC(17457) Pause Init Mark
[1365.417s][info][gc,task        ] GC(17457) Using 4 of 24 workers for init marking
[1365.420s][info][gc,ergo        ] GC(17457) Pacer for Mark. Expected Live: 12922K, Free: 82176K, Non-Taxable: 8217K, Alloc Tax Rate: 0.2x
[1365.420s][info][gc             ] GC(17457) Pause Init Mark 3.036ms
[1365.420s][info][gc,start       ] GC(17457) Concurrent marking
[1365.420s][info][gc,task        ] GC(17457) Using 4 of 24 workers for concurrent marking
[1365.460s][info][gc             ] GC(17457) Concurrent marking 40.137ms
[1365.461s][info][gc,start       ] GC(17457) Pause Final Mark
[1365.461s][info][gc,task        ] GC(17457) Using 4 of 24 workers for final marking
[1365.461s][info][gc,ergo        ] GC(17457) CSet Selection. Actual Free: 54016K, Max CSet: 40512K
[1365.462s][info][gc,ergo        ] GC(17457) Collectable Garbage: 25154K (99%), Immediate: 24832K (98%), CSet: 322K (1%)
[1365.462s][info][gc,ergo        ] GC(17457) Pacer for Evacuation. Used CSet: 512K, Free: 48384K, Non-Taxable: 4838K, Alloc Tax Rate: 1.1x
[1365.462s][info][gc             ] GC(17457) Pause Final Mark 1.331ms
[1365.462s][info][gc,start       ] GC(17457) Concurrent cleanup
[1365.467s][info][gc             ] GC(17457) Concurrent cleanup 95M->72M(128M) 4.280ms
[1365.467s][info][gc,ergo        ] GC(17457) Free: 46848K, Max: 256K regular, 40960K humongous, Frag: 13% external, 0% internal; Reserve: 6653K, Max: 256K
[1365.467s][info][gc,start       ] GC(17457) Concurrent evacuation
[1365.467s][info][gc,task        ] GC(17457) Using 4 of 24 workers for concurrent evacuation
[1365.468s][info][gc             ] GC(17457) Concurrent evacuation 0.991ms
[1365.468s][info][gc,start       ] GC(17457) Pause Init Update Refs
[1365.468s][info][gc,ergo        ] GC(17457) Pacer for Update Refs. Used: 74239K, Free: 46848K, Non-Taxable: 4684K, Alloc Tax Rate: 1.9x
[1365.468s][info][gc             ] GC(17457) Pause Init Update Refs 0.064ms
[1365.468s][info][gc,start       ] GC(17457) Concurrent update references
[1365.468s][info][gc,task        ] GC(17457) Using 4 of 24 workers for concurrent reference update
[1365.484s][info][gc             ] GC(17457) Concurrent update references 15.839ms
[1365.484s][info][gc,start       ] GC(17457) Pause Final Update Refs
[1365.484s][info][gc,task        ] GC(17457) Using 4 of 24 workers for final reference update
[1365.484s][info][gc             ] GC(17457) Pause Final Update Refs 0.251ms
[1365.484s][info][gc,start       ] GC(17457) Concurrent cleanup
[1365.484s][info][gc             ] GC(17457) Concurrent cleanup 82M->81M(128M) 0.152ms
[1365.485s][info][gc             ] GC(17457) Dat log --- cycle is complete
Current gc epoch: 9280
heap: ______
capacity: 134217728
used: 85983144
committed: 134217728
bytes_allocated_since_gc_start: 73663064
hot_size: 0
cold_size: 7434402
num_regions: 512
hot_region_count: 18446744073709538245
cold_region_count: 13372
histogram: Placeholder

[1365.485s][info][gc             ] GC(17457) Obj count ac histogram
[1365.485s][info][gc             ] GC(17457) 	0: 478357
[1365.485s][info][gc             ] GC(17457) 	1: 13
[1365.485s][info][gc             ] GC(17457) 	2: 8038
[1365.485s][info][gc             ] GC(17457) 	3: 9667
[1365.485s][info][gc             ] GC(17457) 	4: 6439
[1365.485s][info][gc             ] GC(17457) 	5: 40
[1365.485s][info][gc             ] GC(17457) 	6: 0
[1365.485s][info][gc             ] GC(17457) 	7: 0
[1365.485s][info][gc             ] GC(17457) 	8: 0
[1365.485s][info][gc             ] GC(17457) 	9: 0
[1365.485s][info][gc             ] GC(17457) 	10: 0
[1365.485s][info][gc             ] GC(17457) 	11: 0
[1365.485s][info][gc             ] GC(17457) 	12: 0
[1365.485s][info][gc             ] GC(17457) 	13: 0
[1365.485s][info][gc             ] GC(17457) 	14: 0
[1365.485s][info][gc             ] GC(17457) 	15: 0
[1365.485s][info][gc             ] GC(17457) 	16: 0
[1365.485s][info][gc             ] GC(17457) 	17: 0
[1365.485s][info][gc             ] GC(17457) 	18: 0
[1365.485s][info][gc             ] GC(17457) 	19: 0
[1365.485s][info][gc             ] GC(17457) Obj size ac histogram
[1365.485s][info][gc             ] GC(17457) 	0: 5556626
[1365.485s][info][gc             ] GC(17457) 	1: 624
[1365.485s][info][gc             ] GC(17457) 	2: 95864
[1365.485s][info][gc             ] GC(17457) 	3: 127585
[1365.485s][info][gc             ] GC(17457) 	4: 41340
[1365.485s][info][gc             ] GC(17457) 	5: 394
[1365.485s][info][gc             ] GC(17457) 	6: 0
[1365.485s][info][gc             ] GC(17457) 	7: 0
[1365.485s][info][gc             ] GC(17457) 	8: 0
[1365.485s][info][gc             ] GC(17457) 	9: 0
[1365.485s][info][gc             ] GC(17457) 	10: 0
[1365.485s][info][gc             ] GC(17457) 	11: 0
[1365.485s][info][gc             ] GC(17457) 	12: 0
[1365.485s][info][gc             ] GC(17457) 	13: 0
[1365.485s][info][gc             ] GC(17457) 	14: 0
[1365.485s][info][gc             ] GC(17457) 	15: 0
[1365.485s][info][gc             ] GC(17457) 	16: 0
[1365.485s][info][gc             ] GC(17457) 	17: 0
[1365.485s][info][gc             ] GC(17457) 	18: 0
[1365.485s][info][gc             ] GC(17457) 	19: 0
[1365.485s][info][gc,ergo        ] Free: 36352K, Max: 256K regular, 32512K humongous, Frag: 11% external, 14% internal; Reserve: 6656K, Max: 256K
[1365.485s][info][gc,stats       ] 
[1365.485s][info][gc,stats       ] All times are wall-clock times, except per-root-class counters, that are sum over
[1365.485s][info][gc,stats       ] all workers. Dividing the <total> over the root stage time estimates parallelism.
[1365.485s][info][gc,stats       ] 
[1365.485s][info][gc,stats       ] Concurrent Reset                    325 us
[1365.485s][info][gc,stats       ] Pause Init Mark (G)                4079 us
[1365.485s][info][gc,stats       ] Pause Init Mark (N)                2998 us
[1365.485s][info][gc,stats       ]   Accumulate Stats                    4 us
[1365.485s][info][gc,stats       ]   Make Parsable                      42 us
[1365.485s][info][gc,stats       ]   Update Region States                5 us
[1365.485s][info][gc,stats       ]   Scan Roots                       2642 us, parallelism: 1.65x
[1365.485s][info][gc,stats       ]     S: <total>                     4357 us
[1365.485s][info][gc,stats       ]     S: Thread Roots                 332 us, workers (us): 192,   2, 136,   2, ---, ---, ---, ---, ---, ---, ---, ---, ---, ---, ---, ---, ---, ---, ---, ---, ---, ---, ---, ---, 
[1365.485s][info][gc,stats       ]     S: Universe Roots                20 us, workers (us):  20, ---, ---, ---, ---, ---, ---, ---, ---, ---, ---, ---, ---, ---, ---, ---, ---, ---, ---, ---, ---, ---, ---, ---, 
[1365.485s][info][gc,stats       ]     S: JNI Handles Roots             25 us, workers (us): ---, ---,  25, ---, ---, ---, ---, ---, ---, ---, ---, ---, ---, ---, ---, ---, ---, ---, ---, ---, ---, ---, ---, ---, 
[1365.485s][info][gc,stats       ]     S: Synchronizer Roots             0 us, workers (us):   0, ---, ---, ---, ---, ---, ---, ---, ---, ---, ---, ---, ---, ---, ---, ---, ---, ---, ---, ---, ---, ---, ---, ---, 
[1365.485s][info][gc,stats       ]     S: Management Roots               1 us, workers (us):   1, ---, ---, ---, ---, ---, ---, ---, ---, ---, ---, ---, ---, ---, ---, ---, ---, ---, ---, ---, ---, ---, ---, ---, 
[1365.485s][info][gc,stats       ]     S: System Dict Roots             23 us, workers (us):  23, ---, ---, ---, ---, ---, ---, ---, ---, ---, ---, ---, ---, ---, ---, ---, ---, ---, ---, ---, ---, ---, ---, ---, 
[1365.485s][info][gc,stats       ]     S: CLDG Roots                  3955 us, workers (us): ---, 2467, ---, 1488, ---, ---, ---, ---, ---, ---, ---, ---, ---, ---, ---, ---, ---, ---, ---, ---, ---, ---, ---, ---, 
[1365.485s][info][gc,stats       ]     S: JVMTI Roots                    1 us, workers (us): ---,   1, ---, ---, ---, ---, ---, ---, ---, ---, ---, ---, ---, ---, ---, ---, ---, ---, ---, ---, ---, ---, ---, ---, 
[1365.485s][info][gc,stats       ]   Resize TLABs                        7 us
[1365.485s][info][gc,stats       ] Concurrent Marking                40083 us
[1365.485s][info][gc,stats       ] Pause Final Mark (G)               2168 us
[1365.485s][info][gc,stats       ] Pause Final Mark (N)               1286 us
[1365.485s][info][gc,stats       ]   Finish Queues                     132 us
[1365.485s][info][gc,stats       ]   System Purge                      294 us
[1365.485s][info][gc,stats       ]     Weak Roots                      293 us
[1365.485s][info][gc,stats       ]   Update Region States               19 us
[1365.485s][info][gc,stats       ]   Retire TLABs                       45 us
[1365.485s][info][gc,stats       ]   Choose Collection Set             122 us
[1365.485s][info][gc,stats       ]   Rebuild Free Set                   27 us
[1365.485s][info][gc,stats       ]   Initial Evacuation                612 us, parallelism: 2.10x
[1365.485s][info][gc,stats       ]     E: <total>                     1282 us
[1365.485s][info][gc,stats       ]     E: Thread Roots                 124 us, workers (us):  28,  10,   2,  84, ---, ---, ---, ---, ---, ---, ---, ---, ---, ---, ---, ---, ---, ---, ---, ---, ---, ---, ---, ---, 
[1365.485s][info][gc,stats       ]     E: Code Cache Roots             819 us, workers (us): 263, 184, 131, 241, ---, ---, ---, ---, ---, ---, ---, ---, ---, ---, ---, ---, ---, ---, ---, ---, ---, ---, ---, ---, 
[1365.485s][info][gc,stats       ]     E: Universe Roots                 4 us, workers (us):   4, ---, ---, ---, ---, ---, ---, ---, ---, ---, ---, ---, ---, ---, ---, ---, ---, ---, ---, ---, ---, ---, ---, ---, 
[1365.486s][info][gc,stats       ]     E: JNI Handles Roots              4 us, workers (us): ---, ---,   4, ---, ---, ---, ---, ---, ---, ---, ---, ---, ---, ---, ---, ---, ---, ---, ---, ---, ---, ---, ---, ---, 
[1365.486s][info][gc,stats       ]     E: Synchronizer Roots             0 us, workers (us):   0, ---, ---, ---, ---, ---, ---, ---, ---, ---, ---, ---, ---, ---, ---, ---, ---, ---, ---, ---, ---, ---, ---, ---, 
[1365.486s][info][gc,stats       ]     E: Management Roots               2 us, workers (us):   2, ---, ---, ---, ---, ---, ---, ---, ---, ---, ---, ---, ---, ---, ---, ---, ---, ---, ---, ---, ---, ---, ---, ---, 
[1365.486s][info][gc,stats       ]     E: System Dict Roots             12 us, workers (us): ---,  12, ---, ---, ---, ---, ---, ---, ---, ---, ---, ---, ---, ---, ---, ---, ---, ---, ---, ---, ---, ---, ---, ---, 
[1365.486s][info][gc,stats       ]     E: CLDG Roots                   316 us, workers (us): ---,  91, 225, ---, ---, ---, ---, ---, ---, ---, ---, ---, ---, ---, ---, ---, ---, ---, ---, ---, ---, ---, ---, ---, 
[1365.486s][info][gc,stats       ]     E: JVMTI Roots                    0 us, workers (us):   0, ---, ---, ---, ---, ---, ---, ---, ---, ---, ---, ---, ---, ---, ---, ---, ---, ---, ---, ---, ---, ---, ---, ---, 
[1365.486s][info][gc,stats       ] Concurrent Cleanup                 4231 us
[1365.486s][info][gc,stats       ] Concurrent Evacuation               975 us
[1365.486s][info][gc,stats       ] Pause Init  Update Refs (G)         309 us
[1365.486s][info][gc,stats       ] Pause Init  Update Refs (N)          32 us
[1365.486s][info][gc,stats       ]   Retire GCLABs                      15 us
[1365.486s][info][gc,stats       ] Concurrent Update Refs            15811 us
[1365.486s][info][gc,stats       ] Pause Final Update Refs (G)         506 us
[1365.486s][info][gc,stats       ] Pause Final Update Refs (N)         207 us
[1365.486s][info][gc,stats       ]   Update Roots                      152 us, parallelism: 1.07x
[1365.486s][info][gc,stats       ]     UR: <total>                     162 us
[1365.486s][info][gc,stats       ]     UR: Thread Roots                162 us, workers (us):  59,  42,  19,  42, ---, ---, ---, ---, ---, ---, ---, ---, ---, ---, ---, ---, ---, ---, ---, ---, ---, ---, ---, ---, 
[1365.486s][info][gc,stats       ]   Update Region States               11 us
[1365.486s][info][gc,stats       ]   Trash Collection Set                6 us
[1365.486s][info][gc,stats       ]   Rebuild Free Set                   16 us
[1365.486s][info][gc,stats       ] Concurrent Cleanup                  123 us
[1365.486s][info][gc,stats       ] Pacing                            47105 us
[1365.486s][info][gc,stats       ] 
[1365.486s][info][gc,stats       ] Allocation pacing accrued:
[1365.486s][info][gc,stats       ]      47 of    81 ms ( 58.1%): pl.nadoba.jvm.gc.benchmark.App.main()
[1365.486s][info][gc,stats       ]      47 of    81 ms ( 58.1%): <total>
[1365.486s][info][gc,stats       ]       5 of    81 ms (  5.8%): <average total>
[1365.486s][info][gc,stats       ]      47 of    81 ms ( 58.1%): <average non-zero>
[1365.486s][info][gc,stats       ] 
[1365.486s][info][gc,metaspace   ] Metaspace: 24233K->24233K(1071104K)
[1365.486s][info][gc,ergo        ] Pacer for Idle. Initial: 2621K, Alloc Tax Rate: 1.0x
[1365.487s][info][gc             ] Trigger: Allocated since last cycle (80384K) is larger than allocation threshold (13107K)
[1365.487s][info][gc,ergo        ] Free: 27904K, Max: 256K regular, 24064K humongous, Frag: 14% external, 18% internal; Reserve: 6656K, Max: 256K
[1365.487s][info][gc,start       ] GC(17458) Concurrent reset
[1365.487s][info][gc,task        ] GC(17458) Using 4 of 24 workers for concurrent reset
[1365.487s][info][gc,ergo        ] GC(17458) Pacer for Reset. Non-Taxable: 128M
[1365.488s][info][gc             ] GC(17458) Concurrent reset 0.562ms
[1365.488s][info][gc,start       ] GC(17458) Pause Init Mark
[1365.488s][info][gc,task        ] GC(17458) Using 4 of 24 workers for init marking
[1365.491s][info][gc,ergo        ] GC(17458) Pacer for Mark. Expected Live: 14356K, Free: 27904K, Non-Taxable: 2790K, Alloc Tax Rate: 0.6x
[1365.491s][info][gc             ] GC(17458) Pause Init Mark 3.293ms
[1365.491s][info][gc,start       ] GC(17458) Concurrent marking
[1365.492s][info][gc,task        ] GC(17458) Using 4 of 24 workers for concurrent marking
[1365.522s][info][gc             ] Failed to allocate Shared, 9216K
[1365.523s][info][gc             ] Cancelling GC: Allocation Failure
[1365.523s][info][gc             ] GC(17458) Concurrent marking 31.602ms
[1365.523s][info][gc,ergo        ] Free: 10496K, Max: 256K regular, 9216K humongous, Frag: 13% external, 0% internal; Reserve: 6656K, Max: 256K
[1365.523s][info][gc,stats       ] 
[1365.523s][info][gc,stats       ] All times are wall-clock times, except per-root-class counters, that are sum over
[1365.523s][info][gc,stats       ] all workers. Dividing the <total> over the root stage time estimates parallelism.
[1365.523s][info][gc,stats       ] 
[1365.523s][info][gc,stats       ] Concurrent Reset                    544 us
[1365.523s][info][gc,stats       ] Pause Init Mark (G)                3839 us
[1365.523s][info][gc,stats       ] Pause Init Mark (N)                3249 us
[1365.523s][info][gc,stats       ]   Accumulate Stats                    5 us
[1365.523s][info][gc,stats       ]   Make Parsable                      49 us
[1365.523s][info][gc,stats       ]   Update Region States                7 us
[1365.523s][info][gc,stats       ]   Scan Roots                       2682 us, parallelism: 1.50x
[1365.523s][info][gc,stats       ]     S: <total>                     4015 us
[1365.523s][info][gc,stats       ]     S: Thread Roots                 217 us, workers (us):   3, 127,  86,   1, ---, ---, ---, ---, ---, ---, ---, ---, ---, ---, ---, ---, ---, ---, ---, ---, ---, ---, ---, ---, 
[1365.523s][info][gc,stats       ]     S: Universe Roots                61 us, workers (us):  61, ---, ---, ---, ---, ---, ---, ---, ---, ---, ---, ---, ---, ---, ---, ---, ---, ---, ---, ---, ---, ---, ---, ---, 
[1365.523s][info][gc,stats       ]     S: JNI Handles Roots             37 us, workers (us): ---, ---,  37, ---, ---, ---, ---, ---, ---, ---, ---, ---, ---, ---, ---, ---, ---, ---, ---, ---, ---, ---, ---, ---, 
[1365.523s][info][gc,stats       ]     S: Synchronizer Roots             0 us, workers (us): ---,   0, ---, ---, ---, ---, ---, ---, ---, ---, ---, ---, ---, ---, ---, ---, ---, ---, ---, ---, ---, ---, ---, ---, 
[1365.523s][info][gc,stats       ]     S: Management Roots               1 us, workers (us): ---,   1, ---, ---, ---, ---, ---, ---, ---, ---, ---, ---, ---, ---, ---, ---, ---, ---, ---, ---, ---, ---, ---, ---, 
[1365.524s][info][gc,stats       ]     S: System Dict Roots             31 us, workers (us): ---,  31, ---, ---, ---, ---, ---, ---, ---, ---, ---, ---, ---, ---, ---, ---, ---, ---, ---, ---, ---, ---, ---, ---, 
[1365.524s][info][gc,stats       ]     S: CLDG Roots                  3668 us, workers (us): 2485, ---, ---, 1183, ---, ---, ---, ---, ---, ---, ---, ---, ---, ---, ---, ---, ---, ---, ---, ---, ---, ---, ---, ---, 
[1365.524s][info][gc,stats       ]     S: JVMTI Roots                    0 us, workers (us): ---, ---,   0, ---, ---, ---, ---, ---, ---, ---, ---, ---, ---, ---, ---, ---, ---, ---, ---, ---, ---, ---, ---, ---, 
[1365.524s][info][gc,stats       ]   Resize TLABs                        7 us
[1365.524s][info][gc,stats       ] Concurrent Marking                31550 us
[1365.524s][info][gc,stats       ] Pacing                            37673 us
[1365.524s][info][gc,stats       ] 
[1365.524s][info][gc,stats       ] Allocation pacing accrued:
[1365.524s][info][gc,stats       ]      38 of    38 ms ( 99.7%): pl.nadoba.jvm.gc.benchmark.App.main()
[1365.524s][info][gc,stats       ]      38 of    38 ms ( 99.7%): <total>
[1365.524s][info][gc,stats       ]       4 of    38 ms ( 10.0%): <average total>
[1365.524s][info][gc,stats       ]      38 of    38 ms ( 99.7%): <average non-zero>
[1365.524s][info][gc,stats       ] 
[1365.524s][info][gc,metaspace   ] Metaspace: 24233K->24233K(1071104K)
[1365.524s][info][gc,ergo        ] Pacer for Idle. Initial: 2621K, Alloc Tax Rate: 1.0x
[1365.525s][info][gc             ] Trigger: Handle Allocation Failure
[1365.525s][info][gc,ergo        ] Free: 10496K, Max: 256K regular, 9216K humongous, Frag: 13% external, 0% internal; Reserve: 6656K, Max: 256K
[1365.525s][info][gc,start       ] GC(17459) Pause Degenerated GC (Mark)
[1365.525s][info][gc,task        ] GC(17459) Using 4 of 24 workers for stw degenerated gc
[1365.562s][info][gc,ergo        ] GC(17459) CSet Selection. Actual Free: 92160K, Max CSet: 69120K
[1365.562s][info][gc,ergo        ] GC(17459) Collectable Garbage: 75330K (99%), Immediate: 75008K (99%), CSet: 322K (0%)
[1365.562s][info][gc,ergo        ] GC(17459) Pacer for Evacuation. Used CSet: 512K, Free: 89600K, Non-Taxable: 8960K, Alloc Tax Rate: 1.1x
[1365.575s][info][gc,ergo        ] GC(17459) Pacer for Update Refs. Used: 34047K, Free: 89600K, Non-Taxable: 8960K, Alloc Tax Rate: 1.1x
[1365.586s][info][gc,ergo        ] GC(17459) Good progress for free space: 89856K, need 1310K
[1365.586s][info][gc,ergo        ] GC(17459) Good progress for used space: 75264K, need 256K
[1365.586s][info][gc             ] GC(17459) Pause Degenerated GC (Mark) 106M->32M(128M) 60.728ms
[1365.586s][info][gc,ergo        ] Free: 89856K, Max: 256K regular, 75264K humongous, Frag: 17% external, 6% internal; Reserve: 6656K, Max: 256K
[1365.586s][info][gc,stats       ] 
[1365.586s][info][gc,stats       ] All times are wall-clock times, except per-root-class counters, that are sum over
[1365.586s][info][gc,stats       ] all workers. Dividing the <total> over the root stage time estimates parallelism.
[1365.586s][info][gc,stats       ] 
[1365.586s][info][gc,stats       ]   Finish Queues                   35714 us
[1365.586s][info][gc,stats       ]   System Purge                      339 us
[1365.586s][info][gc,stats       ]     Weak Roots                      337 us
[1365.586s][info][gc,stats       ]   Update Region States               21 us
[1365.586s][info][gc,stats       ]   Retire TLABs                       55 us
[1365.586s][info][gc,stats       ]   Choose Collection Set             379 us
[1365.586s][info][gc,stats       ]   Rebuild Free Set                   21 us
[1365.586s][info][gc,stats       ]   Initial Evacuation                 17 us
[1365.586s][info][gc,stats       ]   Retire GCLABs                       9 us
[1365.586s][info][gc,stats       ]   Finish Work                     10150 us
[1365.586s][info][gc,stats       ]   Update Region States                9 us
[1365.586s][info][gc,stats       ]   Trash Collection Set                5 us
[1365.586s][info][gc,stats       ]   Rebuild Free Set                   20 us
[1365.586s][info][gc,stats       ] Pause Degenerated GC (G)          61045 us
[1365.586s][info][gc,stats       ] Pause Degenerated GC (N)          60686 us
[1365.586s][info][gc,stats       ]   Degen Update Roots                729 us, parallelism: 2.20x
[1365.586s][info][gc,stats       ]     DU: <total>                    1600 us
[1365.586s][info][gc,stats       ]     DU: Thread Roots                112 us, workers (us):  36,  73,   2,   2, ---, ---, ---, ---, ---, ---, ---, ---, ---, ---, ---, ---, ---, ---, ---, ---, ---, ---, ---, ---, 
[1365.586s][info][gc,stats       ]     DU: Code Cache Roots            834 us, workers (us): 353,   1, 105, 376, ---, ---, ---, ---, ---, ---, ---, ---, ---, ---, ---, ---, ---, ---, ---, ---, ---, ---, ---, ---, 
[1365.586s][info][gc,stats       ]     DU: Universe Roots                6 us, workers (us):   6, ---, ---, ---, ---, ---, ---, ---, ---, ---, ---, ---, ---, ---, ---, ---, ---, ---, ---, ---, ---, ---, ---, ---, 
[1365.586s][info][gc,stats       ]     DU: JNI Handles Roots             3 us, workers (us):   3, ---, ---, ---, ---, ---, ---, ---, ---, ---, ---, ---, ---, ---, ---, ---, ---, ---, ---, ---, ---, ---, ---, ---, 
[1365.586s][info][gc,stats       ]     DU: Synchronizer Roots            0 us, workers (us):   0, ---, ---, ---, ---, ---, ---, ---, ---, ---, ---, ---, ---, ---, ---, ---, ---, ---, ---, ---, ---, ---, ---, ---, 
[1365.586s][info][gc,stats       ]     DU: Management Roots              1 us, workers (us):   1, ---, ---, ---, ---, ---, ---, ---, ---, ---, ---, ---, ---, ---, ---, ---, ---, ---, ---, ---, ---, ---, ---, ---, 
[1365.586s][info][gc,stats       ]     DU: System Dict Roots            17 us, workers (us): ---,  17, ---, ---, ---, ---, ---, ---, ---, ---, ---, ---, ---, ---, ---, ---, ---, ---, ---, ---, ---, ---, ---, ---, 
[1365.586s][info][gc,stats       ]     DU: CLDG Roots                  625 us, workers (us): ---, 351, 275, ---, ---, ---, ---, ---, ---, ---, ---, ---, ---, ---, ---, ---, ---, ---, ---, ---, ---, ---, ---, ---, 
[1365.586s][info][gc,stats       ]     DU: JVMTI Roots                   0 us, workers (us):   0, ---, ---, ---, ---, ---, ---, ---, ---, ---, ---, ---, ---, ---, ---, ---, ---, ---, ---, ---, ---, ---, ---, ---, 
[1365.586s][info][gc,stats       ] 
[1365.586s][info][gc,stats       ] Allocation pacing accrued:
[1365.586s][info][gc,stats       ]       0 of    63 ms (  0.0%): <total>
[1365.586s][info][gc,stats       ]       0 of    63 ms (  0.0%): <average total>
[1365.586s][info][gc,stats       ] 
[1365.587s][info][gc,metaspace   ] Metaspace: 24233K->24233K(1071104K)
[1365.587s][info][gc,ergo        ] Pacer for Idle. Initial: 2621K, Alloc Tax Rate: 1.0x
[1365.589s][info][gc             ] Trigger: Allocated since last cycle (18176K) is larger than allocation threshold (13107K)
[1365.589s][info][gc,ergo        ] Free: 71680K, Max: 256K regular, 57344K humongous, Frag: 20% external, 0% internal; Reserve: 6656K, Max: 256K
[1365.589s][info][gc,start       ] GC(17460) Concurrent reset
[1365.589s][info][gc,task        ] GC(17460) Using 4 of 24 workers for concurrent reset
[1365.589s][info][gc,ergo        ] GC(17460) Pacer for Reset. Non-Taxable: 128M
[1365.589s][info][gc             ] GC(17460) Concurrent reset 0.454ms
[1365.590s][info][gc,start       ] GC(17460) Pause Init Mark (process weakrefs)
[1365.590s][info][gc,task        ] GC(17460) Using 4 of 24 workers for init marking
[1365.593s][info][gc,ergo        ] GC(17460) Pacer for Mark. Expected Live: 14151K, Free: 71680K, Non-Taxable: 7168K, Alloc Tax Rate: 0.2x
[1365.593s][info][gc             ] GC(17460) Pause Init Mark (process weakrefs) 2.281ms
[1365.593s][info][gc,start       ] GC(17460) Concurrent marking (process weakrefs)
[1365.593s][info][gc,task        ] GC(17460) Using 4 of 24 workers for concurrent marking
[1365.632s][info][gc             ] GC(17460) Concurrent marking (process weakrefs) 39.276ms
[1365.632s][info][gc,start       ] GC(17460) Concurrent precleaning
[1365.632s][info][gc,task        ] GC(17460) Using 1 of 24 workers for concurrent preclean
[1365.632s][info][gc,ergo        ] GC(17460) Pacer for Precleaning. Non-Taxable: 128M
[1365.635s][info][gc             ] GC(17460) Concurrent precleaning 2.939ms
[1365.635s][info][gc,start       ] GC(17460) Pause Final Mark (process weakrefs)
[1365.635s][info][gc,task        ] GC(17460) Using 4 of 24 workers for final marking
[1365.636s][info][gc,ergo        ] GC(17460) CSet Selection. Actual Free: 59136K, Max CSet: 44352K
[1365.636s][info][gc,ergo        ] GC(17460) Collectable Garbage: 34370K (99%), Immediate: 34048K (99%), CSet: 322K (0%)
[1365.637s][info][gc,ergo        ] GC(17460) Pacer for Evacuation. Used CSet: 512K, Free: 53760K, Non-Taxable: 5376K, Alloc Tax Rate: 1.1x
[1365.637s][info][gc             ] GC(17460) Pause Final Mark (process weakrefs) 1.366ms
[1365.637s][info][gc,start       ] GC(17460) Concurrent cleanup
[1365.643s][info][gc             ] GC(17460) Concurrent cleanup 99M->71M(128M) 5.820ms
[1365.643s][info][gc,ergo        ] GC(17460) Free: 48128K, Max: 256K regular, 41472K humongous, Frag: 14% external, 0% internal; Reserve: 6653K, Max: 256K
[1365.643s][info][gc,start       ] GC(17460) Concurrent evacuation
[1365.643s][info][gc,task        ] GC(17460) Using 4 of 24 workers for concurrent evacuation
[1365.644s][info][gc             ] GC(17460) Concurrent evacuation 1.073ms
[1365.644s][info][gc,start       ] GC(17460) Pause Init Update Refs
[1365.644s][info][gc,ergo        ] GC(17460) Pacer for Update Refs. Used: 73215K, Free: 48128K, Non-Taxable: 4812K, Alloc Tax Rate: 1.9x
[1365.644s][info][gc             ] GC(17460) Pause Init Update Refs 0.080ms
[1365.644s][info][gc,start       ] GC(17460) Concurrent update references
[1365.644s][info][gc,task        ] GC(17460) Using 4 of 24 workers for concurrent reference update
[1365.661s][info][gc             ] GC(17460) Concurrent update references 16.693ms
[1365.661s][info][gc,start       ] GC(17460) Pause Final Update Refs
[1365.661s][info][gc,task        ] GC(17460) Using 4 of 24 workers for final reference update
[1365.661s][info][gc             ] GC(17460) Pause Final Update Refs 0.282ms
[1365.661s][info][gc,start       ] GC(17460) Concurrent cleanup
[1365.661s][info][gc             ] GC(17460) Concurrent cleanup 83M->82M(128M) 0.156ms
[1365.661s][info][gc             ] GC(17460) Dat log --- cycle is complete
Current gc epoch: 9281
heap: ______
capacity: 134217728
used: 87031752
committed: 134217728
bytes_allocated_since_gc_start: 73925208
hot_size: 0
cold_size: 8482978
num_regions: 512
hot_region_count: 18446744073709538243
cold_region_count: 13374
histogram: Placeholder

[1365.662s][info][gc             ] GC(17460) Obj count ac histogram
[1365.662s][info][gc             ] GC(17460) 	0: 483553
[1365.662s][info][gc             ] GC(17460) 	1: 13
[1365.662s][info][gc             ] GC(17460) 	2: 5212
[1365.662s][info][gc             ] GC(17460) 	3: 4368
[1365.662s][info][gc             ] GC(17460) 	4: 838
[1365.662s][info][gc             ] GC(17460) 	5: 15
[1365.662s][info][gc             ] GC(17460) 	6: 0
[1365.662s][info][gc             ] GC(17460) 	7: 0
[1365.662s][info][gc             ] GC(17460) 	8: 0
[1365.662s][info][gc             ] GC(17460) 	9: 0
[1365.662s][info][gc             ] GC(17460) 	10: 0
[1365.662s][info][gc             ] GC(17460) 	11: 0
[1365.662s][info][gc             ] GC(17460) 	12: 0
[1365.662s][info][gc             ] GC(17460) 	13: 0
[1365.662s][info][gc             ] GC(17460) 	14: 0
[1365.662s][info][gc             ] GC(17460) 	15: 0
[1365.662s][info][gc             ] GC(17460) 	16: 0
[1365.662s][info][gc             ] GC(17460) 	17: 0
[1365.662s][info][gc             ] GC(17460) 	18: 0
[1365.662s][info][gc             ] GC(17460) 	19: 0
[1365.662s][info][gc             ] GC(17460) Obj size ac histogram
[1365.662s][info][gc             ] GC(17460) 	0: 6273092
[1365.662s][info][gc             ] GC(17460) 	1: 624
[1365.662s][info][gc             ] GC(17460) 	2: 74992
[1365.662s][info][gc             ] GC(17460) 	3: 40120
[1365.662s][info][gc             ] GC(17460) 	4: 5155
[1365.662s][info][gc             ] GC(17460) 	5: 150
[1365.662s][info][gc             ] GC(17460) 	6: 0
[1365.662s][info][gc             ] GC(17460) 	7: 0
[1365.662s][info][gc             ] GC(17460) 	8: 0
[1365.662s][info][gc             ] GC(17460) 	9: 0
[1365.662s][info][gc             ] GC(17460) 	10: 0
[1365.662s][info][gc             ] GC(17460) 	11: 0
[1365.662s][info][gc             ] GC(17460) 	12: 0
[1365.662s][info][gc             ] GC(17460) 	13: 0
[1365.662s][info][gc             ] GC(17460) 	14: 0
[1365.662s][info][gc             ] GC(17460) 	15: 0
[1365.662s][info][gc             ] GC(17460) 	16: 0
[1365.662s][info][gc             ] GC(17460) 	17: 0
[1365.662s][info][gc             ] GC(17460) 	18: 0
[1365.662s][info][gc             ] GC(17460) 	19: 0
[1365.662s][info][gc,ergo        ] Free: 35072K, Max: 256K regular, 34560K humongous, Frag: 2% external, 15% internal; Reserve: 6656K, Max: 256K
[1365.662s][info][gc,stats       ] 
[1365.662s][info][gc,stats       ] All times are wall-clock times, except per-root-class counters, that are sum over
[1365.662s][info][gc,stats       ] all workers. Dividing the <total> over the root stage time estimates parallelism.
[1365.662s][info][gc,stats       ] 
[1365.662s][info][gc,stats       ] Concurrent Reset                    436 us
[1365.662s][info][gc,stats       ] Pause Init Mark (G)                3583 us
[1365.662s][info][gc,stats       ] Pause Init Mark (N)                2234 us
[1365.662s][info][gc,stats       ]   Accumulate Stats                    4 us
[1365.662s][info][gc,stats       ]   Make Parsable                      41 us
[1365.662s][info][gc,stats       ]   Update Region States                6 us
[1365.662s][info][gc,stats       ]   Scan Roots                       1823 us, parallelism: 1.77x
[1365.662s][info][gc,stats       ]     S: <total>                     3227 us
[1365.662s][info][gc,stats       ]     S: Thread Roots                 323 us, workers (us):   2, 162, 157,   2, ---, ---, ---, ---, ---, ---, ---, ---, ---, ---, ---, ---, ---, ---, ---, ---, ---, ---, ---, ---, 
[1365.662s][info][gc,stats       ]     S: Universe Roots                11 us, workers (us):  11, ---, ---, ---, ---, ---, ---, ---, ---, ---, ---, ---, ---, ---, ---, ---, ---, ---, ---, ---, ---, ---, ---, ---, 
[1365.662s][info][gc,stats       ]     S: JNI Handles Roots             22 us, workers (us): ---, ---,  22, ---, ---, ---, ---, ---, ---, ---, ---, ---, ---, ---, ---, ---, ---, ---, ---, ---, ---, ---, ---, ---, 
[1365.662s][info][gc,stats       ]     S: Synchronizer Roots             0 us, workers (us): ---,   0, ---, ---, ---, ---, ---, ---, ---, ---, ---, ---, ---, ---, ---, ---, ---, ---, ---, ---, ---, ---, ---, ---, 
[1365.662s][info][gc,stats       ]     S: Management Roots               1 us, workers (us): ---,   1, ---, ---, ---, ---, ---, ---, ---, ---, ---, ---, ---, ---, ---, ---, ---, ---, ---, ---, ---, ---, ---, ---, 
[1365.662s][info][gc,stats       ]     S: System Dict Roots             55 us, workers (us): ---,  55, ---, ---, ---, ---, ---, ---, ---, ---, ---, ---, ---, ---, ---, ---, ---, ---, ---, ---, ---, ---, ---, ---, 
[1365.662s][info][gc,stats       ]     S: CLDG Roots                  2814 us, workers (us): 1177, ---, ---, 1637, ---, ---, ---, ---, ---, ---, ---, ---, ---, ---, ---, ---, ---, ---, ---, ---, ---, ---, ---, ---, 
[1365.662s][info][gc,stats       ]     S: JVMTI Roots                    0 us, workers (us): ---, ---,   0, ---, ---, ---, ---, ---, ---, ---, ---, ---, ---, ---, ---, ---, ---, ---, ---, ---, ---, ---, ---, ---, 
[1365.662s][info][gc,stats       ]   Resize TLABs                        7 us
[1365.662s][info][gc,stats       ] Concurrent Marking                39206 us
[1365.662s][info][gc,stats       ] Concurrent Precleaning             2916 us
[1365.662s][info][gc,stats       ] Pause Final Mark (G)               1664 us
[1365.662s][info][gc,stats       ] Pause Final Mark (N)               1324 us
[1365.662s][info][gc,stats       ]   Finish Queues                     184 us
[1365.662s][info][gc,stats       ]   Weak References                    42 us
[1365.662s][info][gc,stats       ]     Process                          33 us
[1365.662s][info][gc,stats       ]   System Purge                      335 us
[1365.662s][info][gc,stats       ]     Weak Roots                      334 us
[1365.662s][info][gc,stats       ]   Update Region States               20 us
[1365.662s][info][gc,stats       ]   Retire TLABs                       48 us
[1365.662s][info][gc,stats       ]   Choose Collection Set             179 us
[1365.662s][info][gc,stats       ]   Rebuild Free Set                   16 us
[1365.662s][info][gc,stats       ]   Initial Evacuation                475 us, parallelism: 2.18x
[1365.662s][info][gc,stats       ]     E: <total>                     1036 us
[1365.662s][info][gc,stats       ]     E: Thread Roots                  97 us, workers (us):  35,  24,  14,  23, ---, ---, ---, ---, ---, ---, ---, ---, ---, ---, ---, ---, ---, ---, ---, ---, ---, ---, ---, ---, 
[1365.662s][info][gc,stats       ]     E: Code Cache Roots             743 us, workers (us): 116, 235, 158, 233, ---, ---, ---, ---, ---, ---, ---, ---, ---, ---, ---, ---, ---, ---, ---, ---, ---, ---, ---, ---, 
[1365.662s][info][gc,stats       ]     E: Universe Roots                 2 us, workers (us):   2, ---, ---, ---, ---, ---, ---, ---, ---, ---, ---, ---, ---, ---, ---, ---, ---, ---, ---, ---, ---, ---, ---, ---, 
[1365.662s][info][gc,stats       ]     E: JNI Handles Roots              1 us, workers (us): ---, ---,   1, ---, ---, ---, ---, ---, ---, ---, ---, ---, ---, ---, ---, ---, ---, ---, ---, ---, ---, ---, ---, ---, 
[1365.662s][info][gc,stats       ]     E: Synchronizer Roots             0 us, workers (us):   0, ---, ---, ---, ---, ---, ---, ---, ---, ---, ---, ---, ---, ---, ---, ---, ---, ---, ---, ---, ---, ---, ---, ---, 
[1365.662s][info][gc,stats       ]     E: Management Roots               1 us, workers (us):   1, ---, ---, ---, ---, ---, ---, ---, ---, ---, ---, ---, ---, ---, ---, ---, ---, ---, ---, ---, ---, ---, ---, ---, 
[1365.662s][info][gc,stats       ]     E: System Dict Roots              5 us, workers (us):   5, ---, ---, ---, ---, ---, ---, ---, ---, ---, ---, ---, ---, ---, ---, ---, ---, ---, ---, ---, ---, ---, ---, ---, 
[1365.662s][info][gc,stats       ]     E: CLDG Roots                   186 us, workers (us): 100, ---,  86, ---, ---, ---, ---, ---, ---, ---, ---, ---, ---, ---, ---, ---, ---, ---, ---, ---, ---, ---, ---, ---, 
[1365.662s][info][gc,stats       ]     E: JVMTI Roots                    1 us, workers (us): ---,   1, ---, ---, ---, ---, ---, ---, ---, ---, ---, ---, ---, ---, ---, ---, ---, ---, ---, ---, ---, ---, ---, ---, 
[1365.662s][info][gc,stats       ] Concurrent Cleanup                 5773 us
[1365.662s][info][gc,stats       ] Concurrent Evacuation              1059 us
[1365.662s][info][gc,stats       ] Pause Init  Update Refs (G)         286 us
[1365.662s][info][gc,stats       ] Pause Init  Update Refs (N)          40 us
[1365.662s][info][gc,stats       ]   Retire GCLABs                      18 us
[1365.662s][info][gc,stats       ] Concurrent Update Refs            16674 us
[1365.662s][info][gc,stats       ] Pause Final Update Refs (G)         547 us
[1365.662s][info][gc,stats       ] Pause Final Update Refs (N)         241 us
[1365.662s][info][gc,stats       ]   Update Roots                      172 us, parallelism: 1.13x
[1365.662s][info][gc,stats       ]     UR: <total>                     195 us
[1365.662s][info][gc,stats       ]     UR: Thread Roots                195 us, workers (us):  79,  58,  26,  32, ---, ---, ---, ---, ---, ---, ---, ---, ---, ---, ---, ---, ---, ---, ---, ---, ---, ---, ---, ---, 
[1365.662s][info][gc,stats       ]   Update Region States               25 us
[1365.662s][info][gc,stats       ]   Trash Collection Set                7 us
[1365.662s][info][gc,stats       ]   Rebuild Free Set                   15 us
[1365.662s][info][gc,stats       ] Concurrent Cleanup                  127 us
[1365.662s][info][gc,stats       ] Pacing                            49648 us
[1365.662s][info][gc,stats       ] 
[1365.662s][info][gc,stats       ] Allocation pacing accrued:
[1365.662s][info][gc,stats       ]      50 of    76 ms ( 65.3%): pl.nadoba.jvm.gc.benchmark.App.main()
[1365.663s][info][gc,stats       ]      50 of    76 ms ( 65.3%): <total>
[1365.663s][info][gc,stats       ]       5 of    76 ms (  6.5%): <average total>
[1365.663s][info][gc,stats       ]      50 of    76 ms ( 65.3%): <average non-zero>
[1365.663s][info][gc,stats       ] 
[1365.663s][info][gc,metaspace   ] Metaspace: 24233K->24233K(1071104K)
[1365.663s][info][gc,ergo        ] Pacer for Idle. Initial: 2621K, Alloc Tax Rate: 1.0x
[1365.664s][info][gc             ] Trigger: Allocated since last cycle (72192K) is larger than allocation threshold (13107K)
[1365.664s][info][gc,ergo        ] Free: 35072K, Max: 256K regular, 34560K humongous, Frag: 2% external, 15% internal; Reserve: 6656K, Max: 256K
[1365.664s][info][gc,start       ] GC(17461) Concurrent reset
[1365.664s][info][gc,task        ] GC(17461) Using 4 of 24 workers for concurrent reset
[1365.664s][info][gc,ergo        ] GC(17461) Pacer for Reset. Non-Taxable: 128M
[1365.664s][info][gc             ] GC(17461) Concurrent reset 0.500ms
[1365.664s][info][gc,start       ] GC(17461) Pause Init Mark
[1365.664s][info][gc,task        ] GC(17461) Using 4 of 24 workers for init marking
[1365.666s][info][gc,ergo        ] GC(17461) Pacer for Mark. Expected Live: 15789K, Free: 35072K, Non-Taxable: 3507K, Alloc Tax Rate: 0.6x
[1365.666s][info][gc             ] GC(17461) Pause Init Mark 1.925ms
[1365.666s][info][gc,start       ] GC(17461) Concurrent marking
[1365.666s][info][gc,task        ] GC(17461) Using 4 of 24 workers for concurrent marking
[1365.705s][info][gc             ] GC(17461) Concurrent marking 38.294ms
[1365.705s][info][gc,start       ] GC(17461) Pause Final Mark
[1365.705s][info][gc,task        ] GC(17461) Using 4 of 24 workers for final marking
[1365.706s][info][gc,ergo        ] GC(17461) CSet Selection. Actual Free: 99072K, Max CSet: 74304K
[1365.706s][info][gc,ergo        ] GC(17461) Collectable Garbage: 76354K (99%), Immediate: 76032K (99%), CSet: 322K (0%)
[1365.706s][info][gc,ergo        ] GC(17461) Pacer for Evacuation. Used CSet: 512K, Free: 96768K, Non-Taxable: 9676K, Alloc Tax Rate: 1.1x
[1365.706s][info][gc             ] GC(17461) Pause Final Mark 1.657ms
[1365.707s][info][gc,start       ] GC(17461) Concurrent cleanup
[1365.719s][info][gc             ] GC(17461) Concurrent cleanup 99M->38M(128M) 12.228ms
[1365.719s][info][gc,ergo        ] GC(17461) Free: 83712K, Max: 256K regular, 67584K humongous, Frag: 20% external, 0% internal; Reserve: 6651K, Max: 256K
[1365.719s][info][gc,start       ] GC(17461) Concurrent evacuation
[1365.719s][info][gc,task        ] GC(17461) Using 4 of 24 workers for concurrent evacuation
[1365.720s][info][gc             ] GC(17461) Concurrent evacuation 0.812ms
[1365.720s][info][gc,start       ] GC(17461) Pause Init Update Refs
[1365.720s][info][gc,ergo        ] GC(17461) Pacer for Update Refs. Used: 39423K, Free: 83712K, Non-Taxable: 8371K, Alloc Tax Rate: 1.1x
[1365.720s][info][gc             ] GC(17461) Pause Init Update Refs 0.086ms
[1365.720s][info][gc,start       ] GC(17461) Concurrent update references
[1365.720s][info][gc,task        ] GC(17461) Using 4 of 24 workers for concurrent reference update
[1365.737s][info][gc             ] GC(17461) Concurrent update references 16.919ms
[1365.737s][info][gc,start       ] GC(17461) Pause Final Update Refs
[1365.737s][info][gc,task        ] GC(17461) Using 4 of 24 workers for final reference update
[1365.737s][info][gc             ] GC(17461) Pause Final Update Refs 0.281ms
[1365.737s][info][gc,start       ] GC(17461) Concurrent cleanup
[1365.738s][info][gc             ] GC(17461) Concurrent cleanup 52M->51M(128M) 0.137ms
[1365.738s][info][gc             ] GC(17461) Dat log --- cycle is complete
Current gc epoch: 9282
heap: ______
capacity: 134217728
used: 54525640
committed: 134217728
bytes_allocated_since_gc_start: 47973552
hot_size: 0
cold_size: 3061837
num_regions: 512
hot_region_count: 18446744073709538242
cold_region_count: 13375
histogram: Placeholder

[1365.738s][info][gc             ] GC(17461) Obj count ac histogram
[1365.738s][info][gc             ] GC(17461) 	0: 243816
[1365.738s][info][gc             ] GC(17461) 	1: 15
[1365.738s][info][gc             ] GC(17461) 	2: 2
[1365.738s][info][gc             ] GC(17461) 	3: 0
[1365.738s][info][gc             ] GC(17461) 	4: 0
[1365.738s][info][gc             ] GC(17461) 	5: 0
[1365.738s][info][gc             ] GC(17461) 	6: 0
[1365.738s][info][gc             ] GC(17461) 	7: 0
[1365.738s][info][gc             ] GC(17461) 	8: 0
[1365.738s][info][gc             ] GC(17461) 	9: 0
[1365.738s][info][gc             ] GC(17461) 	10: 0
[1365.738s][info][gc             ] GC(17461) 	11: 0
[1365.738s][info][gc             ] GC(17461) 	12: 0
[1365.738s][info][gc             ] GC(17461) 	13: 0
[1365.738s][info][gc             ] GC(17461) 	14: 0
[1365.738s][info][gc             ] GC(17461) 	15: 0
[1365.738s][info][gc             ] GC(17461) 	16: 0
[1365.738s][info][gc             ] GC(17461) 	17: 0
[1365.738s][info][gc             ] GC(17461) 	18: 0
[1365.738s][info][gc             ] GC(17461) 	19: 0
[1365.738s][info][gc             ] GC(17461) Obj size ac histogram
[1365.738s][info][gc             ] GC(17461) 	0: 2468774
[1365.738s][info][gc             ] GC(17461) 	1: 720
[1365.738s][info][gc             ] GC(17461) 	2: 14
[1365.738s][info][gc             ] GC(17461) 	3: 0
[1365.738s][info][gc             ] GC(17461) 	4: 0
[1365.738s][info][gc             ] GC(17461) 	5: 0
[1365.738s][info][gc             ] GC(17461) 	6: 0
[1365.738s][info][gc             ] GC(17461) 	7: 0
[1365.738s][info][gc             ] GC(17461) 	8: 0
[1365.738s][info][gc             ] GC(17461) 	9: 0
[1365.738s][info][gc             ] GC(17461) 	10: 0
[1365.738s][info][gc             ] GC(17461) 	11: 0
[1365.738s][info][gc             ] GC(17461) 	12: 0
[1365.738s][info][gc             ] GC(17461) 	13: 0
[1365.738s][info][gc             ] GC(17461) 	14: 0
[1365.738s][info][gc             ] GC(17461) 	15: 0
[1365.738s][info][gc             ] GC(17461) 	16: 0
[1365.738s][info][gc             ] GC(17461) 	17: 0
[1365.738s][info][gc             ] GC(17461) 	18: 0
[1365.738s][info][gc             ] GC(17461) 	19: 0
[1365.738s][info][gc,ergo        ] Free: 68864K, Max: 256K regular, 52480K humongous, Frag: 24% external, 8% internal; Reserve: 6656K, Max: 256K
[1365.738s][info][gc,stats       ] 
[1365.738s][info][gc,stats       ] All times are wall-clock times, except per-root-class counters, that are sum over
[1365.738s][info][gc,stats       ] all workers. Dividing the <total> over the root stage time estimates parallelism.
[1365.738s][info][gc,stats       ] 
[1365.738s][info][gc,stats       ] Concurrent Reset                    486 us
[1365.738s][info][gc,stats       ] Pause Init Mark (G)                2193 us
[1365.738s][info][gc,stats       ] Pause Init Mark (N)                1885 us
[1365.738s][info][gc,stats       ]   Accumulate Stats                    5 us
[1365.738s][info][gc,stats       ]   Make Parsable                      49 us
[1365.738s][info][gc,stats       ]   Update Region States                7 us
[1365.738s][info][gc,stats       ]   Scan Roots                       1349 us, parallelism: 2.02x
[1365.738s][info][gc,stats       ]     S: <total>                     2719 us
[1365.738s][info][gc,stats       ]     S: Thread Roots                 370 us, workers (us): 191, 176,   1,   1, ---, ---, ---, ---, ---, ---, ---, ---, ---, ---, ---, ---, ---, ---, ---, ---, ---, ---, ---, ---, 
[1365.738s][info][gc,stats       ]     S: Universe Roots                23 us, workers (us):  23, ---, ---, ---, ---, ---, ---, ---, ---, ---, ---, ---, ---, ---, ---, ---, ---, ---, ---, ---, ---, ---, ---, ---, 
[1365.738s][info][gc,stats       ]     S: JNI Handles Roots             30 us, workers (us): ---,  30, ---, ---, ---, ---, ---, ---, ---, ---, ---, ---, ---, ---, ---, ---, ---, ---, ---, ---, ---, ---, ---, ---, 
[1365.738s][info][gc,stats       ]     S: Synchronizer Roots             1 us, workers (us): ---,   1, ---, ---, ---, ---, ---, ---, ---, ---, ---, ---, ---, ---, ---, ---, ---, ---, ---, ---, ---, ---, ---, ---, 
[1365.738s][info][gc,stats       ]     S: Management Roots               2 us, workers (us): ---,   2, ---, ---, ---, ---, ---, ---, ---, ---, ---, ---, ---, ---, ---, ---, ---, ---, ---, ---, ---, ---, ---, ---, 
[1365.738s][info][gc,stats       ]     S: System Dict Roots             26 us, workers (us):  26, ---, ---, ---, ---, ---, ---, ---, ---, ---, ---, ---, ---, ---, ---, ---, ---, ---, ---, ---, ---, ---, ---, ---, 
[1365.738s][info][gc,stats       ]     S: CLDG Roots                  2266 us, workers (us): ---, ---, 1212, 1054, ---, ---, ---, ---, ---, ---, ---, ---, ---, ---, ---, ---, ---, ---, ---, ---, ---, ---, ---, ---, 
[1365.738s][info][gc,stats       ]     S: JVMTI Roots                    1 us, workers (us): ---,   1, ---, ---, ---, ---, ---, ---, ---, ---, ---, ---, ---, ---, ---, ---, ---, ---, ---, ---, ---, ---, ---, ---, 
[1365.738s][info][gc,stats       ]   Resize TLABs                        5 us
[1365.738s][info][gc,stats       ] Concurrent Marking                38255 us
[1365.738s][info][gc,stats       ] Pause Final Mark (G)               1855 us
[1365.738s][info][gc,stats       ] Pause Final Mark (N)               1612 us
[1365.738s][info][gc,stats       ]   Finish Queues                     157 us
[1365.738s][info][gc,stats       ]   System Purge                      438 us
[1365.738s][info][gc,stats       ]     Weak Roots                      436 us
[1365.738s][info][gc,stats       ]   Update Region States               20 us
[1365.738s][info][gc,stats       ]   Retire TLABs                       69 us
[1365.738s][info][gc,stats       ]   Choose Collection Set             347 us
[1365.738s][info][gc,stats       ]   Rebuild Free Set                   22 us
[1365.738s][info][gc,stats       ]   Initial Evacuation                534 us, parallelism: 2.30x
[1365.738s][info][gc,stats       ]     E: <total>                     1226 us
[1365.738s][info][gc,stats       ]     E: Thread Roots                  81 us, workers (us):   1,  31,  17,  32, ---, ---, ---, ---, ---, ---, ---, ---, ---, ---, ---, ---, ---, ---, ---, ---, ---, ---, ---, ---, 
[1365.738s][info][gc,stats       ]     E: Code Cache Roots             813 us, workers (us): 110, 263, 277, 163, ---, ---, ---, ---, ---, ---, ---, ---, ---, ---, ---, ---, ---, ---, ---, ---, ---, ---, ---, ---, 
[1365.738s][info][gc,stats       ]     E: Universe Roots                 6 us, workers (us):   6, ---, ---, ---, ---, ---, ---, ---, ---, ---, ---, ---, ---, ---, ---, ---, ---, ---, ---, ---, ---, ---, ---, ---, 
[1365.738s][info][gc,stats       ]     E: JNI Handles Roots              2 us, workers (us):   2, ---, ---, ---, ---, ---, ---, ---, ---, ---, ---, ---, ---, ---, ---, ---, ---, ---, ---, ---, ---, ---, ---, ---, 
[1365.738s][info][gc,stats       ]     E: Synchronizer Roots             0 us, workers (us):   0, ---, ---, ---, ---, ---, ---, ---, ---, ---, ---, ---, ---, ---, ---, ---, ---, ---, ---, ---, ---, ---, ---, ---, 
[1365.738s][info][gc,stats       ]     E: Management Roots               2 us, workers (us):   2, ---, ---, ---, ---, ---, ---, ---, ---, ---, ---, ---, ---, ---, ---, ---, ---, ---, ---, ---, ---, ---, ---, ---, 
[1365.738s][info][gc,stats       ]     E: System Dict Roots             12 us, workers (us):  12, ---, ---, ---, ---, ---, ---, ---, ---, ---, ---, ---, ---, ---, ---, ---, ---, ---, ---, ---, ---, ---, ---, ---, 
[1365.738s][info][gc,stats       ]     E: CLDG Roots                   309 us, workers (us): 198, ---, ---, 111, ---, ---, ---, ---, ---, ---, ---, ---, ---, ---, ---, ---, ---, ---, ---, ---, ---, ---, ---, ---, 
[1365.738s][info][gc,stats       ]     E: JVMTI Roots                    1 us, workers (us):   1, ---, ---, ---, ---, ---, ---, ---, ---, ---, ---, ---, ---, ---, ---, ---, ---, ---, ---, ---, ---, ---, ---, ---, 
[1365.738s][info][gc,stats       ] Concurrent Cleanup                12181 us
[1365.738s][info][gc,stats       ] Concurrent Evacuation               804 us
[1365.738s][info][gc,stats       ] Pause Init  Update Refs (G)         323 us
[1365.738s][info][gc,stats       ] Pause Init  Update Refs (N)          43 us
[1365.738s][info][gc,stats       ]   Retire GCLABs                      21 us
[1365.738s][info][gc,stats       ] Concurrent Update Refs            16905 us
[1365.738s][info][gc,stats       ] Pause Final Update Refs (G)         500 us
[1365.738s][info][gc,stats       ] Pause Final Update Refs (N)         238 us
[1365.738s][info][gc,stats       ]   Update Roots                      177 us, parallelism: 1.06x
[1365.738s][info][gc,stats       ]     UR: <total>                     187 us
[1365.738s][info][gc,stats       ]     UR: Thread Roots                187 us, workers (us):  81,  37,  37,  31, ---, ---, ---, ---, ---, ---, ---, ---, ---, ---, ---, ---, ---, ---, ---, ---, ---, ---, ---, ---, 
[1365.738s][info][gc,stats       ]   Update Region States               16 us
[1365.738s][info][gc,stats       ]   Trash Collection Set                6 us
[1365.738s][info][gc,stats       ]   Rebuild Free Set                   18 us
[1365.738s][info][gc,stats       ] Concurrent Cleanup                  103 us
[1365.738s][info][gc,stats       ] Pacing                            60687 us
[1365.738s][info][gc,stats       ] 
[1365.738s][info][gc,stats       ] Allocation pacing accrued:
[1365.738s][info][gc,stats       ]      61 of    76 ms ( 80.2%): pl.nadoba.jvm.gc.benchmark.App.main()
[1365.738s][info][gc,stats       ]      61 of    76 ms ( 80.2%): <total>
[1365.738s][info][gc,stats       ]       6 of    76 ms (  8.0%): <average total>
[1365.738s][info][gc,stats       ]      61 of    76 ms ( 80.2%): <average non-zero>
[1365.738s][info][gc,stats       ] 
[1365.738s][info][gc,metaspace   ] Metaspace: 24233K->24233K(1071104K)
[1365.738s][info][gc,ergo        ] Pacer for Idle. Initial: 2621K, Alloc Tax Rate: 1.0x
[1365.739s][info][gc             ] Trigger: Allocated since last cycle (46849K) is larger than allocation threshold (13107K)
[1365.739s][info][gc,ergo        ] Free: 68864K, Max: 256K regular, 52480K humongous, Frag: 24% external, 8% internal; Reserve: 6656K, Max: 256K
[1365.739s][info][gc,start       ] GC(17462) Concurrent reset
[1365.739s][info][gc,task        ] GC(17462) Using 4 of 24 workers for concurrent reset
[1365.739s][info][gc,ergo        ] GC(17462) Pacer for Reset. Non-Taxable: 128M
[1365.740s][info][gc             ] GC(17462) Concurrent reset 0.378ms
[1365.740s][info][gc,start       ] GC(17462) Pause Init Mark
[1365.740s][info][gc,task        ] GC(17462) Using 4 of 24 workers for init marking
[1365.743s][info][gc,ergo        ] GC(17462) Pacer for Mark. Expected Live: 14356K, Free: 68864K, Non-Taxable: 6886K, Alloc Tax Rate: 0.3x
[1365.743s][info][gc             ] GC(17462) Pause Init Mark 3.104ms
[1365.743s][info][gc,start       ] GC(17462) Concurrent marking
[1365.743s][info][gc,task        ] GC(17462) Using 4 of 24 workers for concurrent marking
[1365.810s][info][gc             ] GC(17462) Concurrent marking 66.920ms
[1365.810s][info][gc,start       ] GC(17462) Pause Final Mark
[1365.810s][info][gc,task        ] GC(17462) Using 4 of 24 workers for final marking
[1365.811s][info][gc,ergo        ] GC(17462) CSet Selection. Actual Free: 79104K, Max CSet: 59328K
[1365.811s][info][gc,ergo        ] GC(17462) Collectable Garbage: 44610K (99%), Immediate: 44288K (99%), CSet: 322K (0%)
[1365.812s][info][gc,ergo        ] GC(17462) Pacer for Evacuation. Used CSet: 512K, Free: 74752K, Non-Taxable: 7475K, Alloc Tax Rate: 1.1x
[1365.812s][info][gc             ] GC(17462) Pause Final Mark 1.432ms
[1365.812s][info][gc,start       ] GC(17462) Concurrent cleanup
[1365.818s][info][gc             ] GC(17462) Concurrent cleanup 90M->47M(128M) 6.199ms
[1365.818s][info][gc,ergo        ] GC(17462) Free: 74752K, Max: 256K regular, 46592K humongous, Frag: 38% external, 7% internal; Reserve: 6651K, Max: 256K
[1365.818s][info][gc,start       ] GC(17462) Concurrent evacuation
[1365.818s][info][gc,task        ] GC(17462) Using 4 of 24 workers for concurrent evacuation
[1365.819s][info][gc             ] GC(17462) Concurrent evacuation 0.557ms
[1365.819s][info][gc,start       ] GC(17462) Pause Init Update Refs
[1365.819s][info][gc,ergo        ] GC(17462) Pacer for Update Refs. Used: 48383K, Free: 74752K, Non-Taxable: 7475K, Alloc Tax Rate: 1.1x
[1365.819s][info][gc             ] GC(17462) Pause Init Update Refs 0.085ms
[1365.819s][info][gc,start       ] GC(17462) Concurrent update references
[1365.819s][info][gc,task        ] GC(17462) Using 4 of 24 workers for concurrent reference update
[1365.836s][info][gc             ] GC(17462) Concurrent update references 17.031ms
[1365.836s][info][gc,start       ] GC(17462) Pause Final Update Refs
[1365.836s][info][gc,task        ] GC(17462) Using 4 of 24 workers for final reference update
[1365.836s][info][gc             ] GC(17462) Pause Final Update Refs 0.274ms
[1365.836s][info][gc,start       ] GC(17462) Concurrent cleanup
[1365.837s][info][gc             ] GC(17462) Concurrent cleanup 62M->61M(128M) 0.136ms
[1365.837s][info][gc             ] GC(17462) Dat log --- cycle is complete
Current gc epoch: 9283
heap: ______
capacity: 134217728
used: 65011368
committed: 134217728
bytes_allocated_since_gc_start: 58197168
hot_size: 0
cold_size: 2537549
num_regions: 512
hot_region_count: 18446744073709538241
cold_region_count: 13376
histogram: Placeholder

[1365.837s][info][gc             ] GC(17462) Obj count ac histogram
[1365.837s][info][gc             ] GC(17462) 	0: 255892
[1365.837s][info][gc             ] GC(17462) 	1: 15
[1365.837s][info][gc             ] GC(17462) 	2: 2
[1365.837s][info][gc             ] GC(17462) 	3: 0
[1365.837s][info][gc             ] GC(17462) 	4: 0
[1365.837s][info][gc             ] GC(17462) 	5: 0
[1365.837s][info][gc             ] GC(17462) 	6: 0
[1365.837s][info][gc             ] GC(17462) 	7: 0
[1365.837s][info][gc             ] GC(17462) 	8: 0
[1365.837s][info][gc             ] GC(17462) 	9: 0
[1365.837s][info][gc             ] GC(17462) 	10: 0
[1365.837s][info][gc             ] GC(17462) 	11: 0
[1365.837s][info][gc             ] GC(17462) 	12: 0
[1365.837s][info][gc             ] GC(17462) 	13: 0
[1365.837s][info][gc             ] GC(17462) 	14: 0
[1365.837s][info][gc             ] GC(17462) 	15: 0
[1365.837s][info][gc             ] GC(17462) 	16: 0
[1365.837s][info][gc             ] GC(17462) 	17: 0
[1365.837s][info][gc             ] GC(17462) 	18: 0
[1365.837s][info][gc             ] GC(17462) 	19: 0
[1365.837s][info][gc             ] GC(17462) Obj size ac histogram
[1365.837s][info][gc             ] GC(17462) 	0: 2105247
[1365.837s][info][gc             ] GC(17462) 	1: 720
[1365.837s][info][gc             ] GC(17462) 	2: 14
[1365.837s][info][gc             ] GC(17462) 	3: 0
[1365.837s][info][gc             ] GC(17462) 	4: 0
[1365.837s][info][gc             ] GC(17462) 	5: 0
[1365.837s][info][gc             ] GC(17462) 	6: 0
[1365.837s][info][gc             ] GC(17462) 	7: 0
[1365.837s][info][gc             ] GC(17462) 	8: 0
[1365.837s][info][gc             ] GC(17462) 	9: 0
[1365.837s][info][gc             ] GC(17462) 	10: 0
[1365.837s][info][gc             ] GC(17462) 	11: 0
[1365.837s][info][gc             ] GC(17462) 	12: 0
[1365.837s][info][gc             ] GC(17462) 	13: 0
[1365.837s][info][gc             ] GC(17462) 	14: 0
[1365.837s][info][gc             ] GC(17462) 	15: 0
[1365.837s][info][gc             ] GC(17462) 	16: 0
[1365.837s][info][gc             ] GC(17462) 	17: 0
[1365.837s][info][gc             ] GC(17462) 	18: 0
[1365.837s][info][gc             ] GC(17462) 	19: 0
[1365.837s][info][gc,ergo        ] Free: 58880K, Max: 256K regular, 46592K humongous, Frag: 21% external, 9% internal; Reserve: 6656K, Max: 256K
[1365.837s][info][gc,stats       ] 
[1365.837s][info][gc,stats       ] All times are wall-clock times, except per-root-class counters, that are sum over
[1365.837s][info][gc,stats       ] all workers. Dividing the <total> over the root stage time estimates parallelism.
[1365.837s][info][gc,stats       ] 
[1365.837s][info][gc,stats       ] Concurrent Reset                    364 us
[1365.837s][info][gc,stats       ] Pause Init Mark (G)                3398 us
[1365.837s][info][gc,stats       ] Pause Init Mark (N)                3062 us
[1365.837s][info][gc,stats       ]   Accumulate Stats                    6 us
[1365.837s][info][gc,stats       ]   Make Parsable                      48 us
[1365.837s][info][gc,stats       ]   Update Region States                7 us
[1365.837s][info][gc,stats       ]   Scan Roots                       2512 us, parallelism: 1.79x
[1365.837s][info][gc,stats       ]     S: <total>                     4509 us
[1365.837s][info][gc,stats       ]     S: Thread Roots                 282 us, workers (us): 124,   2, 154,   2, ---, ---, ---, ---, ---, ---, ---, ---, ---, ---, ---, ---, ---, ---, ---, ---, ---, ---, ---, ---, 
[1365.837s][info][gc,stats       ]     S: Universe Roots                32 us, workers (us):  32, ---, ---, ---, ---, ---, ---, ---, ---, ---, ---, ---, ---, ---, ---, ---, ---, ---, ---, ---, ---, ---, ---, ---, 
[1365.837s][info][gc,stats       ]     S: JNI Handles Roots             22 us, workers (us): ---,  22, ---, ---, ---, ---, ---, ---, ---, ---, ---, ---, ---, ---, ---, ---, ---, ---, ---, ---, ---, ---, ---, ---, 
[1365.837s][info][gc,stats       ]     S: Synchronizer Roots             0 us, workers (us): ---,   0, ---, ---, ---, ---, ---, ---, ---, ---, ---, ---, ---, ---, ---, ---, ---, ---, ---, ---, ---, ---, ---, ---, 
[1365.837s][info][gc,stats       ]     S: Management Roots               2 us, workers (us): ---,   2, ---, ---, ---, ---, ---, ---, ---, ---, ---, ---, ---, ---, ---, ---, ---, ---, ---, ---, ---, ---, ---, ---, 
[1365.837s][info][gc,stats       ]     S: System Dict Roots             51 us, workers (us): ---, ---,  51, ---, ---, ---, ---, ---, ---, ---, ---, ---, ---, ---, ---, ---, ---, ---, ---, ---, ---, ---, ---, ---, 
[1365.837s][info][gc,stats       ]     S: CLDG Roots                  4121 us, workers (us): ---, 2313, ---, 1808, ---, ---, ---, ---, ---, ---, ---, ---, ---, ---, ---, ---, ---, ---, ---, ---, ---, ---, ---, ---, 
[1365.837s][info][gc,stats       ]     S: JVMTI Roots                    1 us, workers (us): ---,   1, ---, ---, ---, ---, ---, ---, ---, ---, ---, ---, ---, ---, ---, ---, ---, ---, ---, ---, ---, ---, ---, ---, 
[1365.837s][info][gc,stats       ]   Resize TLABs                        6 us
[1365.837s][info][gc,stats       ] Concurrent Marking                66888 us
[1365.837s][info][gc,stats       ] Pause Final Mark (G)               1592 us
[1365.837s][info][gc,stats       ] Pause Final Mark (N)               1390 us
[1365.837s][info][gc,stats       ]   Finish Queues                     156 us
[1365.837s][info][gc,stats       ]   System Purge                      354 us
[1365.837s][info][gc,stats       ]     Weak Roots                      353 us
[1365.837s][info][gc,stats       ]   Update Region States               20 us
[1365.837s][info][gc,stats       ]   Retire TLABs                       50 us
[1365.837s][info][gc,stats       ]   Choose Collection Set             219 us
[1365.837s][info][gc,stats       ]   Rebuild Free Set                   19 us
[1365.837s][info][gc,stats       ]   Initial Evacuation                546 us, parallelism: 2.13x
[1365.837s][info][gc,stats       ]     E: <total>                     1163 us
[1365.837s][info][gc,stats       ]     E: Thread Roots                  79 us, workers (us):   2,  34,   2,  41, ---, ---, ---, ---, ---, ---, ---, ---, ---, ---, ---, ---, ---, ---, ---, ---, ---, ---, ---, ---, 
[1365.837s][info][gc,stats       ]     E: Code Cache Roots             758 us, workers (us): 282, 237, 132, 107, ---, ---, ---, ---, ---, ---, ---, ---, ---, ---, ---, ---, ---, ---, ---, ---, ---, ---, ---, ---, 
[1365.837s][info][gc,stats       ]     E: Universe Roots                 4 us, workers (us):   4, ---, ---, ---, ---, ---, ---, ---, ---, ---, ---, ---, ---, ---, ---, ---, ---, ---, ---, ---, ---, ---, ---, ---, 
[1365.837s][info][gc,stats       ]     E: JNI Handles Roots             13 us, workers (us): ---,  13, ---, ---, ---, ---, ---, ---, ---, ---, ---, ---, ---, ---, ---, ---, ---, ---, ---, ---, ---, ---, ---, ---, 
[1365.837s][info][gc,stats       ]     E: Synchronizer Roots             0 us, workers (us):   0, ---, ---, ---, ---, ---, ---, ---, ---, ---, ---, ---, ---, ---, ---, ---, ---, ---, ---, ---, ---, ---, ---, ---, 
[1365.837s][info][gc,stats       ]     E: Management Roots               1 us, workers (us):   1, ---, ---, ---, ---, ---, ---, ---, ---, ---, ---, ---, ---, ---, ---, ---, ---, ---, ---, ---, ---, ---, ---, ---, 
[1365.837s][info][gc,stats       ]     E: System Dict Roots              7 us, workers (us):   7, ---, ---, ---, ---, ---, ---, ---, ---, ---, ---, ---, ---, ---, ---, ---, ---, ---, ---, ---, ---, ---, ---, ---, 
[1365.837s][info][gc,stats       ]     E: CLDG Roots                   300 us, workers (us): ---, ---, 161, 140, ---, ---, ---, ---, ---, ---, ---, ---, ---, ---, ---, ---, ---, ---, ---, ---, ---, ---, ---, ---, 
[1365.837s][info][gc,stats       ]     E: JVMTI Roots                    0 us, workers (us): ---,   0, ---, ---, ---, ---, ---, ---, ---, ---, ---, ---, ---, ---, ---, ---, ---, ---, ---, ---, ---, ---, ---, ---, 
[1365.837s][info][gc,stats       ] Concurrent Cleanup                 6171 us
[1365.837s][info][gc,stats       ] Concurrent Evacuation               548 us
[1365.837s][info][gc,stats       ] Pause Init  Update Refs (G)         306 us
[1365.837s][info][gc,stats       ] Pause Init  Update Refs (N)          45 us
[1365.837s][info][gc,stats       ]   Retire GCLABs                      17 us
[1365.837s][info][gc,stats       ] Concurrent Update Refs            17004 us
[1365.837s][info][gc,stats       ] Pause Final Update Refs (G)         526 us
[1365.837s][info][gc,stats       ] Pause Final Update Refs (N)         230 us
[1365.837s][info][gc,stats       ]   Update Roots                      174 us, parallelism: 1.04x
[1365.837s][info][gc,stats       ]     UR: <total>                     181 us
[1365.838s][info][gc,stats       ]     UR: Thread Roots                181 us, workers (us):  74,  53,  30,  25, ---, ---, ---, ---, ---, ---, ---, ---, ---, ---, ---, ---, ---, ---, ---, ---, ---, ---, ---, ---, 
[1365.838s][info][gc,stats       ]   Update Region States               10 us
[1365.838s][info][gc,stats       ]   Trash Collection Set                6 us
[1365.838s][info][gc,stats       ]   Rebuild Free Set                   18 us
[1365.838s][info][gc,stats       ] Concurrent Cleanup                  112 us
[1365.838s][info][gc,stats       ] Pacing                            89576 us
[1365.838s][info][gc,stats       ] 
[1365.838s][info][gc,stats       ] Allocation pacing accrued:
[1365.838s][info][gc,stats       ]      90 of    99 ms ( 90.1%): pl.nadoba.jvm.gc.benchmark.App.main()
[1365.838s][info][gc,stats       ]      90 of    99 ms ( 90.1%): <total>
[1365.838s][info][gc,stats       ]       9 of    99 ms (  9.0%): <average total>
[1365.838s][info][gc,stats       ]      90 of    99 ms ( 90.1%): <average non-zero>
[1365.838s][info][gc,stats       ] 
[1365.838s][info][gc,metaspace   ] Metaspace: 24233K->24233K(1071104K)
[1365.838s][info][gc,ergo        ] Pacer for Idle. Initial: 2621K, Alloc Tax Rate: 1.0x
[1365.839s][info][gc             ] Trigger: Allocated since last cycle (56833K) is larger than allocation threshold (13107K)
[1365.839s][info][gc,ergo        ] Free: 58880K, Max: 256K regular, 46592K humongous, Frag: 21% external, 9% internal; Reserve: 6656K, Max: 256K
[1365.839s][info][gc,start       ] GC(17463) Concurrent reset
[1365.839s][info][gc,task        ] GC(17463) Using 4 of 24 workers for concurrent reset
[1365.839s][info][gc,ergo        ] GC(17463) Pacer for Reset. Non-Taxable: 128M
[1365.839s][info][gc             ] GC(17463) Concurrent reset 0.476ms
[1365.839s][info][gc,start       ] GC(17463) Pause Init Mark
[1365.840s][info][gc,task        ] GC(17463) Using 4 of 24 workers for init marking
[1365.842s][info][gc,ergo        ] GC(17463) Pacer for Mark. Expected Live: 13332K, Free: 58880K, Non-Taxable: 5888K, Alloc Tax Rate: 0.3x
[1365.842s][info][gc             ] GC(17463) Pause Init Mark 2.604ms
[1365.842s][info][gc,start       ] GC(17463) Concurrent marking
[1365.842s][info][gc,task        ] GC(17463) Using 4 of 24 workers for concurrent marking
[1365.905s][info][gc             ] GC(17463) Concurrent marking 63.245ms
[1365.906s][info][gc,start       ] GC(17463) Pause Final Mark
[1365.906s][info][gc,task        ] GC(17463) Using 4 of 24 workers for final marking
[1365.907s][info][gc,ergo        ] GC(17463) CSet Selection. Actual Free: 79360K, Max CSet: 59520K
[1365.907s][info][gc,ergo        ] GC(17463) Collectable Garbage: 54850K (99%), Immediate: 54528K (99%), CSet: 322K (0%)
[1365.907s][info][gc,ergo        ] GC(17463) Pacer for Evacuation. Used CSet: 512K, Free: 74752K, Non-Taxable: 7475K, Alloc Tax Rate: 1.1x
[1365.907s][info][gc             ] GC(17463) Pause Final Mark 1.593ms
[1365.907s][info][gc,start       ] GC(17463) Concurrent cleanup
[1365.916s][info][gc             ] GC(17463) Concurrent cleanup 101M->54M(128M) 8.800ms
[1365.916s][info][gc,ergo        ] GC(17463) Free: 66560K, Max: 256K regular, 42752K humongous, Frag: 36% external, 0% internal; Reserve: 6651K, Max: 256K
[1365.916s][info][gc,start       ] GC(17463) Concurrent evacuation
[1365.916s][info][gc,task        ] GC(17463) Using 4 of 24 workers for concurrent evacuation
[1365.917s][info][gc             ] GC(17463) Concurrent evacuation 0.438ms
[1365.917s][info][gc,start       ] GC(17463) Pause Init Update Refs
[1365.917s][info][gc,ergo        ] GC(17463) Pacer for Update Refs. Used: 55807K, Free: 66560K, Non-Taxable: 6656K, Alloc Tax Rate: 1.1x
[1365.917s][info][gc             ] GC(17463) Pause Init Update Refs 0.081ms
[1365.917s][info][gc,start       ] GC(17463) Concurrent update references
[1365.917s][info][gc,task        ] GC(17463) Using 4 of 24 workers for concurrent reference update
[1365.933s][info][gc             ] GC(17463) Concurrent update references 15.575ms
[1365.933s][info][gc,start       ] GC(17463) Pause Final Update Refs
[1365.933s][info][gc,task        ] GC(17463) Using 4 of 24 workers for final reference update
[1365.933s][info][gc             ] GC(17463) Pause Final Update Refs 0.287ms
[1365.933s][info][gc,start       ] GC(17463) Concurrent cleanup
[1365.933s][info][gc             ] GC(17463) Concurrent cleanup 63M->70M(128M) 0.152ms
[1365.933s][info][gc             ] GC(17463) Dat log --- cycle is complete
Current gc epoch: 9284
heap: ______
capacity: 134217728
used: 74448712
committed: 134217728
bytes_allocated_since_gc_start: 68945072
hot_size: 0
cold_size: 2799693
num_regions: 512
hot_region_count: 18446744073709538240
cold_region_count: 13377
histogram: Placeholder

[1365.933s][info][gc             ] GC(17463) Obj count ac histogram
[1365.933s][info][gc             ] GC(17463) 	0: 249927
[1365.933s][info][gc             ] GC(17463) 	1: 15
[1365.933s][info][gc             ] GC(17463) 	2: 2
[1365.933s][info][gc             ] GC(17463) 	3: 0
[1365.933s][info][gc             ] GC(17463) 	4: 0
[1365.933s][info][gc             ] GC(17463) 	5: 0
[1365.933s][info][gc             ] GC(17463) 	6: 0
[1365.933s][info][gc             ] GC(17463) 	7: 0
[1365.933s][info][gc             ] GC(17463) 	8: 0
[1365.933s][info][gc             ] GC(17463) 	9: 0
[1365.933s][info][gc             ] GC(17463) 	10: 0
[1365.933s][info][gc             ] GC(17463) 	11: 0
[1365.933s][info][gc             ] GC(17463) 	12: 0
[1365.933s][info][gc             ] GC(17463) 	13: 0
[1365.933s][info][gc             ] GC(17463) 	14: 0
[1365.933s][info][gc             ] GC(17463) 	15: 0
[1365.933s][info][gc             ] GC(17463) 	16: 0
[1365.933s][info][gc             ] GC(17463) 	17: 0
[1365.933s][info][gc             ] GC(17463) 	18: 0
[1365.933s][info][gc             ] GC(17463) 	19: 0
[1365.933s][info][gc             ] GC(17463) Obj size ac histogram
[1365.933s][info][gc             ] GC(17463) 	0: 2273442
[1365.933s][info][gc             ] GC(17463) 	1: 720
[1365.933s][info][gc             ] GC(17463) 	2: 14
[1365.933s][info][gc             ] GC(17463) 	3: 0
[1365.933s][info][gc             ] GC(17463) 	4: 0
[1365.933s][info][gc             ] GC(17463) 	5: 0
[1365.933s][info][gc             ] GC(17463) 	6: 0
[1365.933s][info][gc             ] GC(17463) 	7: 0
[1365.933s][info][gc             ] GC(17463) 	8: 0
[1365.933s][info][gc             ] GC(17463) 	9: 0
[1365.933s][info][gc             ] GC(17463) 	10: 0
[1365.933s][info][gc             ] GC(17463) 	11: 0
[1365.933s][info][gc             ] GC(17463) 	12: 0
[1365.933s][info][gc             ] GC(17463) 	13: 0
[1365.933s][info][gc             ] GC(17463) 	14: 0
[1365.933s][info][gc             ] GC(17463) 	15: 0
[1365.933s][info][gc             ] GC(17463) 	16: 0
[1365.933s][info][gc             ] GC(17463) 	17: 0
[1365.933s][info][gc             ] GC(17463) 	18: 0
[1365.933s][info][gc             ] GC(17463) 	19: 0
[1365.933s][info][gc,ergo        ] Free: 48384K, Max: 256K regular, 32000K humongous, Frag: 34% external, 11% internal; Reserve: 6656K, Max: 256K
[1365.934s][info][gc,stats       ] 
[1365.934s][info][gc,stats       ] All times are wall-clock times, except per-root-class counters, that are sum over
[1365.934s][info][gc,stats       ] all workers. Dividing the <total> over the root stage time estimates parallelism.
[1365.934s][info][gc,stats       ] 
[1365.934s][info][gc,stats       ] Concurrent Reset                    460 us
[1365.934s][info][gc,stats       ] Pause Init Mark (G)                2888 us
[1365.934s][info][gc,stats       ] Pause Init Mark (N)                2560 us
[1365.934s][info][gc,stats       ]   Accumulate Stats                    5 us
[1365.934s][info][gc,stats       ]   Make Parsable                      51 us
[1365.934s][info][gc,stats       ]   Update Region States                8 us
[1365.934s][info][gc,stats       ]   Scan Roots                       1984 us, parallelism: 2.03x
[1365.934s][info][gc,stats       ]     S: <total>                     4026 us
[1365.934s][info][gc,stats       ]     S: Thread Roots                 428 us, workers (us): 227,   1,   1, 198, ---, ---, ---, ---, ---, ---, ---, ---, ---, ---, ---, ---, ---, ---, ---, ---, ---, ---, ---, ---, 
[1365.934s][info][gc,stats       ]     S: Universe Roots                46 us, workers (us):  46, ---, ---, ---, ---, ---, ---, ---, ---, ---, ---, ---, ---, ---, ---, ---, ---, ---, ---, ---, ---, ---, ---, ---, 
[1365.934s][info][gc,stats       ]     S: JNI Handles Roots             38 us, workers (us): ---, ---, ---,  38, ---, ---, ---, ---, ---, ---, ---, ---, ---, ---, ---, ---, ---, ---, ---, ---, ---, ---, ---, ---, 
[1365.934s][info][gc,stats       ]     S: Synchronizer Roots             0 us, workers (us): ---,   0, ---, ---, ---, ---, ---, ---, ---, ---, ---, ---, ---, ---, ---, ---, ---, ---, ---, ---, ---, ---, ---, ---, 
[1365.934s][info][gc,stats       ]     S: Management Roots              13 us, workers (us): ---,  13, ---, ---, ---, ---, ---, ---, ---, ---, ---, ---, ---, ---, ---, ---, ---, ---, ---, ---, ---, ---, ---, ---, 
[1365.934s][info][gc,stats       ]     S: System Dict Roots             18 us, workers (us): ---,  18, ---, ---, ---, ---, ---, ---, ---, ---, ---, ---, ---, ---, ---, ---, ---, ---, ---, ---, ---, ---, ---, ---, 
[1365.934s][info][gc,stats       ]     S: CLDG Roots                  3483 us, workers (us): ---, 1693, 1790, ---, ---, ---, ---, ---, ---, ---, ---, ---, ---, ---, ---, ---, ---, ---, ---, ---, ---, ---, ---, ---, 
[1365.934s][info][gc,stats       ]     S: JVMTI Roots                    1 us, workers (us): ---, ---,   1, ---, ---, ---, ---, ---, ---, ---, ---, ---, ---, ---, ---, ---, ---, ---, ---, ---, ---, ---, ---, ---, 
[1365.934s][info][gc,stats       ]   Resize TLABs                        7 us
[1365.934s][info][gc,stats       ] Concurrent Marking                63201 us
[1365.934s][info][gc,stats       ] Pause Final Mark (G)               1808 us
[1365.934s][info][gc,stats       ] Pause Final Mark (N)               1539 us
[1365.934s][info][gc,stats       ]   Finish Queues                     161 us
[1365.934s][info][gc,stats       ]   System Purge                      413 us
[1365.934s][info][gc,stats       ]     Weak Roots                      411 us
[1365.934s][info][gc,stats       ]   Update Region States               22 us
[1365.934s][info][gc,stats       ]   Retire TLABs                       50 us
[1365.934s][info][gc,stats       ]   Choose Collection Set             249 us
[1365.934s][info][gc,stats       ]   Rebuild Free Set                   19 us
[1365.934s][info][gc,stats       ]   Initial Evacuation                599 us, parallelism: 2.07x
[1365.934s][info][gc,stats       ]     E: <total>                     1238 us
[1365.934s][info][gc,stats       ]     E: Thread Roots                  68 us, workers (us):  25,  38,   2,   2, ---, ---, ---, ---, ---, ---, ---, ---, ---, ---, ---, ---, ---, ---, ---, ---, ---, ---, ---, ---, 
[1365.934s][info][gc,stats       ]     E: Code Cache Roots             851 us, workers (us): 170, 241, 295, 145, ---, ---, ---, ---, ---, ---, ---, ---, ---, ---, ---, ---, ---, ---, ---, ---, ---, ---, ---, ---, 
[1365.934s][info][gc,stats       ]     E: Universe Roots                 2 us, workers (us):   2, ---, ---, ---, ---, ---, ---, ---, ---, ---, ---, ---, ---, ---, ---, ---, ---, ---, ---, ---, ---, ---, ---, ---, 
[1365.934s][info][gc,stats       ]     E: JNI Handles Roots              1 us, workers (us):   1, ---, ---, ---, ---, ---, ---, ---, ---, ---, ---, ---, ---, ---, ---, ---, ---, ---, ---, ---, ---, ---, ---, ---, 
[1365.934s][info][gc,stats       ]     E: Synchronizer Roots             0 us, workers (us):   0, ---, ---, ---, ---, ---, ---, ---, ---, ---, ---, ---, ---, ---, ---, ---, ---, ---, ---, ---, ---, ---, ---, ---, 
[1365.934s][info][gc,stats       ]     E: Management Roots               1 us, workers (us):   1, ---, ---, ---, ---, ---, ---, ---, ---, ---, ---, ---, ---, ---, ---, ---, ---, ---, ---, ---, ---, ---, ---, ---, 
[1365.934s][info][gc,stats       ]     E: System Dict Roots              3 us, workers (us):   3, ---, ---, ---, ---, ---, ---, ---, ---, ---, ---, ---, ---, ---, ---, ---, ---, ---, ---, ---, ---, ---, ---, ---, 
[1365.934s][info][gc,stats       ]     E: CLDG Roots                   312 us, workers (us): 100, ---, ---, 213, ---, ---, ---, ---, ---, ---, ---, ---, ---, ---, ---, ---, ---, ---, ---, ---, ---, ---, ---, ---, 
[1365.934s][info][gc,stats       ]     E: JVMTI Roots                    0 us, workers (us):   0, ---, ---, ---, ---, ---, ---, ---, ---, ---, ---, ---, ---, ---, ---, ---, ---, ---, ---, ---, ---, ---, ---, ---, 
[1365.934s][info][gc,stats       ] Concurrent Cleanup                 8758 us
[1365.934s][info][gc,stats       ] Concurrent Evacuation               424 us
[1365.934s][info][gc,stats       ] Pause Init  Update Refs (G)         336 us
[1365.934s][info][gc,stats       ] Pause Init  Update Refs (N)          41 us
[1365.934s][info][gc,stats       ]   Retire GCLABs                      20 us
[1365.934s][info][gc,stats       ] Concurrent Update Refs            15550 us
[1365.934s][info][gc,stats       ] Pause Final Update Refs (G)         524 us
[1365.934s][info][gc,stats       ] Pause Final Update Refs (N)         231 us
[1365.934s][info][gc,stats       ]   Update Roots                      167 us, parallelism: 1.10x
[1365.934s][info][gc,stats       ]     UR: <total>                     182 us
[1365.934s][info][gc,stats       ]     UR: Thread Roots                182 us, workers (us):  76,  43,  33,  31, ---, ---, ---, ---, ---, ---, ---, ---, ---, ---, ---, ---, ---, ---, ---, ---, ---, ---, ---, ---, 
[1365.934s][info][gc,stats       ]   Update Region States               18 us
[1365.934s][info][gc,stats       ]   Trash Collection Set                6 us
[1365.934s][info][gc,stats       ]   Rebuild Free Set                   18 us
[1365.934s][info][gc,stats       ] Concurrent Cleanup                  123 us
[1365.934s][info][gc,stats       ] Pacing                            85815 us
[1365.934s][info][gc,stats       ] 
[1365.934s][info][gc,stats       ] Allocation pacing accrued:
[1365.934s][info][gc,stats       ]      86 of    96 ms ( 89.2%): pl.nadoba.jvm.gc.benchmark.App.main()
[1365.934s][info][gc,stats       ]      86 of    96 ms ( 89.2%): <total>
[1365.934s][info][gc,stats       ]       9 of    96 ms (  8.9%): <average total>
[1365.934s][info][gc,stats       ]      86 of    96 ms ( 89.2%): <average non-zero>
[1365.934s][info][gc,stats       ] 
[1365.934s][info][gc,metaspace   ] Metaspace: 24233K->24233K(1071104K)
[1365.934s][info][gc,ergo        ] Pacer for Idle. Initial: 2621K, Alloc Tax Rate: 1.0x
[1365.935s][info][gc             ] Trigger: Allocated since last cycle (67329K) is larger than allocation threshold (13107K)
[1365.935s][info][gc,ergo        ] Free: 48384K, Max: 256K regular, 32000K humongous, Frag: 34% external, 11% internal; Reserve: 6656K, Max: 256K
[1365.935s][info][gc,start       ] GC(17464) Concurrent reset
[1365.935s][info][gc,task        ] GC(17464) Using 4 of 24 workers for concurrent reset
[1365.935s][info][gc,ergo        ] GC(17464) Pacer for Reset. Non-Taxable: 128M
[1365.935s][info][gc             ] GC(17464) Concurrent reset 0.416ms
[1365.937s][info][gc,start       ] GC(17464) Pause Init Mark
[1365.937s][info][gc,task        ] GC(17464) Using 4 of 24 workers for init marking
[1365.939s][info][gc,ergo        ] GC(17464) Pacer for Mark. Expected Live: 11898K, Free: 41984K, Non-Taxable: 4198K, Alloc Tax Rate: 0.3x
[1365.939s][info][gc             ] GC(17464) Pause Init Mark 1.907ms
[1365.939s][info][gc,start       ] GC(17464) Concurrent marking
[1365.939s][info][gc,task        ] GC(17464) Using 4 of 24 workers for concurrent marking
[1366.006s][info][gc             ] GC(17464) Concurrent marking 67.532ms
[1366.006s][info][gc,start       ] GC(17464) Pause Final Mark
[1366.006s][info][gc,task        ] GC(17464) Using 4 of 24 workers for final marking
[1366.007s][info][gc,ergo        ] GC(17464) CSet Selection. Actual Free: 80896K, Max CSet: 60672K
[1366.007s][info][gc,ergo        ] GC(17464) Collectable Garbage: 64066K (99%), Immediate: 63744K (99%), CSet: 322K (0%)
[1366.008s][info][gc,ergo        ] GC(17464) Pacer for Evacuation. Used CSet: 512K, Free: 77568K, Non-Taxable: 7756K, Alloc Tax Rate: 1.1x
[1366.008s][info][gc             ] GC(17464) Pause Final Mark 1.827ms
[1366.008s][info][gc,start       ] GC(17464) Concurrent cleanup
[1366.018s][info][gc             ] GC(17464) Concurrent cleanup 106M->50M(128M) 9.375ms
[1366.018s][info][gc,ergo        ] GC(17464) Free: 70912K, Max: 256K regular, 34560K humongous, Frag: 52% external, 0% internal; Reserve: 6651K, Max: 256K
[1366.018s][info][gc,start       ] GC(17464) Concurrent evacuation
[1366.018s][info][gc,task        ] GC(17464) Using 4 of 24 workers for concurrent evacuation
[1366.019s][info][gc             ] GC(17464) Concurrent evacuation 1.073ms
[1366.019s][info][gc,start       ] GC(17464) Pause Init Update Refs
[1366.019s][info][gc,ergo        ] GC(17464) Pacer for Update Refs. Used: 51711K, Free: 70912K, Non-Taxable: 7091K, Alloc Tax Rate: 1.1x
[1366.019s][info][gc             ] GC(17464) Pause Init Update Refs 0.088ms
[1366.019s][info][gc,start       ] GC(17464) Concurrent update references
[1366.019s][info][gc,task        ] GC(17464) Using 4 of 24 workers for concurrent reference update
[1366.036s][info][gc             ] GC(17464) Concurrent update references 16.941ms
[1366.038s][info][gc,start       ] GC(17464) Pause Final Update Refs
[1366.038s][info][gc,task        ] GC(17464) Using 4 of 24 workers for final reference update
[1366.038s][info][gc             ] GC(17464) Pause Final Update Refs 0.271ms
[1366.038s][info][gc,start       ] GC(17464) Concurrent cleanup
[1366.038s][info][gc             ] GC(17464) Concurrent cleanup 83M->82M(128M) 0.170ms
[1366.038s][info][gc             ] GC(17464) Dat log --- cycle is complete
Current gc epoch: 9285
heap: ______
capacity: 134217728
used: 87031624
committed: 134217728
bytes_allocated_since_gc_start: 81527984
hot_size: 0
cold_size: 3717201
num_regions: 512
hot_region_count: 18446744073709538239
cold_region_count: 13378
histogram: Placeholder

[1366.038s][info][gc             ] GC(17464) Obj count ac histogram
[1366.038s][info][gc             ] GC(17464) 	0: 255946
[1366.038s][info][gc             ] GC(17464) 	1: 15
[1366.038s][info][gc             ] GC(17464) 	2: 2
[1366.038s][info][gc             ] GC(17464) 	3: 0
[1366.038s][info][gc             ] GC(17464) 	4: 0
[1366.038s][info][gc             ] GC(17464) 	5: 0
[1366.038s][info][gc             ] GC(17464) 	6: 0
[1366.038s][info][gc             ] GC(17464) 	7: 0
[1366.038s][info][gc             ] GC(17464) 	8: 0
[1366.038s][info][gc             ] GC(17464) 	9: 0
[1366.038s][info][gc             ] GC(17464) 	10: 0
[1366.038s][info][gc             ] GC(17464) 	11: 0
[1366.038s][info][gc             ] GC(17464) 	12: 0
[1366.038s][info][gc             ] GC(17464) 	13: 0
[1366.038s][info][gc             ] GC(17464) 	14: 0
[1366.038s][info][gc             ] GC(17464) 	15: 0
[1366.038s][info][gc             ] GC(17464) 	16: 0
[1366.038s][info][gc             ] GC(17464) 	17: 0
[1366.039s][info][gc             ] GC(17464) 	18: 0
[1366.039s][info][gc             ] GC(17464) 	19: 0
[1366.039s][info][gc             ] GC(17464) Obj size ac histogram
[1366.039s][info][gc             ] GC(17464) 	0: 2500593
[1366.039s][info][gc             ] GC(17464) 	1: 720
[1366.039s][info][gc             ] GC(17464) 	2: 14
[1366.039s][info][gc             ] GC(17464) 	3: 0
[1366.039s][info][gc             ] GC(17464) 	4: 0
[1366.039s][info][gc             ] GC(17464) 	5: 0
[1366.039s][info][gc             ] GC(17464) 	6: 0
[1366.039s][info][gc             ] GC(17464) 	7: 0
[1366.039s][info][gc             ] GC(17464) 	8: 0
[1366.039s][info][gc             ] GC(17464) 	9: 0
[1366.039s][info][gc             ] GC(17464) 	10: 0
[1366.039s][info][gc             ] GC(17464) 	11: 0
[1366.039s][info][gc             ] GC(17464) 	12: 0
[1366.039s][info][gc             ] GC(17464) 	13: 0
[1366.039s][info][gc             ] GC(17464) 	14: 0
[1366.039s][info][gc             ] GC(17464) 	15: 0
[1366.039s][info][gc             ] GC(17464) 	16: 0
[1366.039s][info][gc             ] GC(17464) 	17: 0
[1366.039s][info][gc             ] GC(17464) 	18: 0
[1366.039s][info][gc             ] GC(17464) 	19: 0
[1366.039s][info][gc,ergo        ] Free: 36096K, Max: 256K regular, 25088K humongous, Frag: 31% external, 15% internal; Reserve: 6656K, Max: 256K
[1366.039s][info][gc,stats       ] 
[1366.039s][info][gc,stats       ] All times are wall-clock times, except per-root-class counters, that are sum over
[1366.039s][info][gc,stats       ] all workers. Dividing the <total> over the root stage time estimates parallelism.
[1366.039s][info][gc,stats       ] 
[1366.039s][info][gc,stats       ] Concurrent Reset                    403 us
[1366.039s][info][gc,stats       ] Pause Init Mark (G)                3366 us
[1366.039s][info][gc,stats       ] Pause Init Mark (N)                1866 us
[1366.039s][info][gc,stats       ]   Accumulate Stats                    7 us
[1366.039s][info][gc,stats       ]   Make Parsable                      52 us
[1366.039s][info][gc,stats       ]   Update Region States                8 us
[1366.039s][info][gc,stats       ]   Scan Roots                       1310 us, parallelism: 2.09x
[1366.039s][info][gc,stats       ]     S: <total>                     2742 us
[1366.039s][info][gc,stats       ]     S: Thread Roots                 393 us, workers (us): 228, 163,   1,   1, ---, ---, ---, ---, ---, ---, ---, ---, ---, ---, ---, ---, ---, ---, ---, ---, ---, ---, ---, ---, 
[1366.039s][info][gc,stats       ]     S: Universe Roots                50 us, workers (us):  50, ---, ---, ---, ---, ---, ---, ---, ---, ---, ---, ---, ---, ---, ---, ---, ---, ---, ---, ---, ---, ---, ---, ---, 
[1366.039s][info][gc,stats       ]     S: JNI Handles Roots             37 us, workers (us):  37, ---, ---, ---, ---, ---, ---, ---, ---, ---, ---, ---, ---, ---, ---, ---, ---, ---, ---, ---, ---, ---, ---, ---, 
[1366.039s][info][gc,stats       ]     S: Synchronizer Roots             0 us, workers (us): ---,   0, ---, ---, ---, ---, ---, ---, ---, ---, ---, ---, ---, ---, ---, ---, ---, ---, ---, ---, ---, ---, ---, ---, 
[1366.039s][info][gc,stats       ]     S: Management Roots               1 us, workers (us): ---,   1, ---, ---, ---, ---, ---, ---, ---, ---, ---, ---, ---, ---, ---, ---, ---, ---, ---, ---, ---, ---, ---, ---, 
[1366.039s][info][gc,stats       ]     S: System Dict Roots             38 us, workers (us): ---,  38, ---, ---, ---, ---, ---, ---, ---, ---, ---, ---, ---, ---, ---, ---, ---, ---, ---, ---, ---, ---, ---, ---, 
[1366.039s][info][gc,stats       ]     S: CLDG Roots                  2222 us, workers (us): ---, ---, 1038, 1184, ---, ---, ---, ---, ---, ---, ---, ---, ---, ---, ---, ---, ---, ---, ---, ---, ---, ---, ---, ---, 
[1366.039s][info][gc,stats       ]     S: JVMTI Roots                    1 us, workers (us):   1, ---, ---, ---, ---, ---, ---, ---, ---, ---, ---, ---, ---, ---, ---, ---, ---, ---, ---, ---, ---, ---, ---, ---, 
[1366.039s][info][gc,stats       ]   Resize TLABs                        4 us
[1366.039s][info][gc,stats       ] Concurrent Marking                67480 us
[1366.039s][info][gc,stats       ] Pause Final Mark (G)               1999 us
[1366.039s][info][gc,stats       ] Pause Final Mark (N)               1776 us
[1366.039s][info][gc,stats       ]   Finish Queues                     162 us
[1366.039s][info][gc,stats       ]   System Purge                      446 us
[1366.039s][info][gc,stats       ]     Weak Roots                      444 us
[1366.039s][info][gc,stats       ]   Update Region States               25 us
[1366.039s][info][gc,stats       ]   Retire TLABs                       55 us
[1366.039s][info][gc,stats       ]   Choose Collection Set             340 us
[1366.039s][info][gc,stats       ]   Rebuild Free Set                   24 us
[1366.039s][info][gc,stats       ]   Initial Evacuation                696 us, parallelism: 2.35x
[1366.039s][info][gc,stats       ]     E: <total>                     1638 us
[1366.039s][info][gc,stats       ]     E: Thread Roots                 118 us, workers (us):  36,  30,  50,   1, ---, ---, ---, ---, ---, ---, ---, ---, ---, ---, ---, ---, ---, ---, ---, ---, ---, ---, ---, ---, 
[1366.039s][info][gc,stats       ]     E: Code Cache Roots            1152 us, workers (us): 353, 393, 134, 272, ---, ---, ---, ---, ---, ---, ---, ---, ---, ---, ---, ---, ---, ---, ---, ---, ---, ---, ---, ---, 
[1366.039s][info][gc,stats       ]     E: Universe Roots                 3 us, workers (us):   3, ---, ---, ---, ---, ---, ---, ---, ---, ---, ---, ---, ---, ---, ---, ---, ---, ---, ---, ---, ---, ---, ---, ---, 
[1366.039s][info][gc,stats       ]     E: JNI Handles Roots              2 us, workers (us): ---, ---, ---,   2, ---, ---, ---, ---, ---, ---, ---, ---, ---, ---, ---, ---, ---, ---, ---, ---, ---, ---, ---, ---, 
[1366.039s][info][gc,stats       ]     E: Synchronizer Roots             1 us, workers (us): ---,   1, ---, ---, ---, ---, ---, ---, ---, ---, ---, ---, ---, ---, ---, ---, ---, ---, ---, ---, ---, ---, ---, ---, 
[1366.039s][info][gc,stats       ]     E: Management Roots               2 us, workers (us):   2, ---, ---, ---, ---, ---, ---, ---, ---, ---, ---, ---, ---, ---, ---, ---, ---, ---, ---, ---, ---, ---, ---, ---, 
[1366.039s][info][gc,stats       ]     E: System Dict Roots             15 us, workers (us): ---, ---,  15, ---, ---, ---, ---, ---, ---, ---, ---, ---, ---, ---, ---, ---, ---, ---, ---, ---, ---, ---, ---, ---, 
[1366.039s][info][gc,stats       ]     E: CLDG Roots                   344 us, workers (us): ---, ---, 215, 130, ---, ---, ---, ---, ---, ---, ---, ---, ---, ---, ---, ---, ---, ---, ---, ---, ---, ---, ---, ---, 
[1366.039s][info][gc,stats       ]     E: JVMTI Roots                    1 us, workers (us): ---,   1, ---, ---, ---, ---, ---, ---, ---, ---, ---, ---, ---, ---, ---, ---, ---, ---, ---, ---, ---, ---, ---, ---, 
[1366.039s][info][gc,stats       ] Concurrent Cleanup                 9339 us
[1366.039s][info][gc,stats       ] Concurrent Evacuation              1060 us
[1366.039s][info][gc,stats       ] Pause Init  Update Refs (G)         344 us
[1366.039s][info][gc,stats       ] Pause Init  Update Refs (N)          40 us
[1366.039s][info][gc,stats       ]   Retire GCLABs                      18 us
[1366.039s][info][gc,stats       ] Concurrent Update Refs            16906 us
[1366.039s][info][gc,stats       ] Pause Final Update Refs (G)        1989 us
[1366.039s][info][gc,stats       ] Pause Final Update Refs (N)         222 us
[1366.039s][info][gc,stats       ]   Update Roots                      165 us, parallelism: 1.47x
[1366.039s][info][gc,stats       ]     UR: <total>                     242 us
[1366.039s][info][gc,stats       ]     UR: Thread Roots                242 us, workers (us): 119,  32,  29,  62, ---, ---, ---, ---, ---, ---, ---, ---, ---, ---, ---, ---, ---, ---, ---, ---, ---, ---, ---, ---, 
[1366.039s][info][gc,stats       ]   Update Region States               11 us
[1366.039s][info][gc,stats       ]   Trash Collection Set                6 us
[1366.039s][info][gc,stats       ]   Rebuild Free Set                   17 us
[1366.039s][info][gc,stats       ] Concurrent Cleanup                  125 us
[1366.039s][info][gc,stats       ] Pacing                            83952 us
[1366.039s][info][gc,stats       ] 
[1366.039s][info][gc,stats       ] Allocation pacing accrued:
[1366.039s][info][gc,stats       ]      84 of   106 ms ( 79.5%): pl.nadoba.jvm.gc.benchmark.App.main()
[1366.039s][info][gc,stats       ]      84 of   106 ms ( 79.5%): <total>
[1366.039s][info][gc,stats       ]       8 of   106 ms (  8.0%): <average total>
[1366.039s][info][gc,stats       ]      84 of   106 ms ( 79.5%): <average non-zero>
[1366.039s][info][gc,stats       ] 
[1366.039s][info][gc,metaspace   ] Metaspace: 24233K->24233K(1071104K)
[1366.039s][info][gc,ergo        ] Pacer for Idle. Initial: 2621K, Alloc Tax Rate: 1.0x
[1366.041s][info][gc             ] Trigger: Allocated since last cycle (79617K) is larger than allocation threshold (13107K)
[1366.041s][info][gc,ergo        ] Free: 36096K, Max: 256K regular, 25088K humongous, Frag: 31% external, 15% internal; Reserve: 6656K, Max: 256K
[1366.041s][info][gc,start       ] GC(17465) Concurrent reset
[1366.041s][info][gc,task        ] GC(17465) Using 4 of 24 workers for concurrent reset
[1366.041s][info][gc,ergo        ] GC(17465) Pacer for Reset. Non-Taxable: 128M
[1366.041s][info][gc             ] GC(17465) Concurrent reset 0.475ms
[1366.041s][info][gc,start       ] GC(17465) Pause Init Mark (process weakrefs)
[1366.041s][info][gc,task        ] GC(17465) Using 4 of 24 workers for init marking
[1366.043s][info][gc,ergo        ] GC(17465) Pacer for Mark. Expected Live: 11489K, Free: 36096K, Non-Taxable: 3609K, Alloc Tax Rate: 0.4x
[1366.043s][info][gc             ] GC(17465) Pause Init Mark (process weakrefs) 2.137ms
[1366.044s][info][gc,start       ] GC(17465) Concurrent marking (process weakrefs)
[1366.044s][info][gc,task        ] GC(17465) Using 4 of 24 workers for concurrent marking
[1366.107s][info][gc             ] GC(17465) Concurrent marking (process weakrefs) 63.647ms
[1366.107s][info][gc,start       ] GC(17465) Concurrent precleaning
[1366.107s][info][gc,task        ] GC(17465) Using 1 of 24 workers for concurrent preclean
[1366.107s][info][gc,ergo        ] GC(17465) Pacer for Precleaning. Non-Taxable: 128M
[1366.109s][info][gc             ] Failed to allocate Shared, 5120K
[1366.109s][info][gc             ] Cancelling GC: Allocation Failure
[1366.109s][info][gc             ] GC(17465) Concurrent precleaning 1.794ms
[1366.109s][info][gc,start       ] GC(17465) Pause Final Mark (process weakrefs)
[1366.109s][info][gc,task        ] GC(17465) Using 4 of 24 workers for final marking
[1366.109s][info][gc             ] GC(17465) Pause Final Mark (process weakrefs) 0.173ms
[1366.109s][info][gc,start       ] GC(17465) Concurrent cleanup
[1366.110s][info][gc             ] GC(17465) Concurrent cleanup 116M->116M(128M) 0.076ms
[1366.110s][info][gc,ergo        ] GC(17465) Free: 0B, Max: 0B regular, 0B humongous, Frag: 0% external, 0% internal; Reserve: 6656K, Max: 256K
[1366.110s][info][gc             ] GC(17465) Dat log --- cycle is complete
Current gc epoch: 9286
heap: ______
capacity: 134217728
used: 121897032
committed: 134217728
bytes_allocated_since_gc_start: 36962904
hot_size: 0
cold_size: 2666085
num_regions: 512
hot_region_count: 18446744073709538239
cold_region_count: 13378
histogram: Placeholder

[1366.110s][info][gc             ] GC(17465) Obj count ac histogram
[1366.110s][info][gc             ] GC(17465) 	0: 242119
[1366.110s][info][gc             ] GC(17465) 	1: 15
[1366.110s][info][gc             ] GC(17465) 	2: 4612
[1366.110s][info][gc             ] GC(17465) 	3: 4050
[1366.110s][info][gc             ] GC(17465) 	4: 756
[1366.110s][info][gc             ] GC(17465) 	5: 15
[1366.110s][info][gc             ] GC(17465) 	6: 0
[1366.110s][info][gc             ] GC(17465) 	7: 0
[1366.110s][info][gc             ] GC(17465) 	8: 0
[1366.110s][info][gc             ] GC(17465) 	9: 0
[1366.110s][info][gc             ] GC(17465) 	10: 0
[1366.110s][info][gc             ] GC(17465) 	11: 0
[1366.110s][info][gc             ] GC(17465) 	12: 0
[1366.110s][info][gc             ] GC(17465) 	13: 0
[1366.110s][info][gc             ] GC(17465) 	14: 0
[1366.110s][info][gc             ] GC(17465) 	15: 0
[1366.110s][info][gc             ] GC(17465) 	16: 0
[1366.110s][info][gc             ] GC(17465) 	17: 0
[1366.110s][info][gc             ] GC(17465) 	18: 0
[1366.110s][info][gc             ] GC(17465) 	19: 0
[1366.110s][info][gc             ] GC(17465) Obj size ac histogram
[1366.110s][info][gc             ] GC(17465) 	0: 2071289
[1366.110s][info][gc             ] GC(17465) 	1: 720
[1366.110s][info][gc             ] GC(17465) 	2: 66502
[1366.110s][info][gc             ] GC(17465) 	3: 38896
[1366.110s][info][gc             ] GC(17465) 	4: 4603
[1366.110s][info][gc             ] GC(17465) 	5: 150
[1366.110s][info][gc             ] GC(17465) 	6: 0
[1366.110s][info][gc             ] GC(17465) 	7: 0
[1366.110s][info][gc             ] GC(17465) 	8: 0
[1366.110s][info][gc             ] GC(17465) 	9: 0
[1366.110s][info][gc             ] GC(17465) 	10: 0
[1366.110s][info][gc             ] GC(17465) 	11: 0
[1366.110s][info][gc             ] GC(17465) 	12: 0
[1366.110s][info][gc             ] GC(17465) 	13: 0
[1366.110s][info][gc             ] GC(17465) 	14: 0
[1366.110s][info][gc             ] GC(17465) 	15: 0
[1366.110s][info][gc             ] GC(17465) 	16: 0
[1366.110s][info][gc             ] GC(17465) 	17: 0
[1366.110s][info][gc             ] GC(17465) 	18: 0
[1366.110s][info][gc             ] GC(17465) 	19: 0
[1366.110s][info][gc,ergo        ] Free: 0B, Max: 0B regular, 0B humongous, Frag: 0% external, 0% internal; Reserve: 6656K, Max: 256K
[1366.110s][info][gc,stats       ] 
[1366.110s][info][gc,stats       ] All times are wall-clock times, except per-root-class counters, that are sum over
[1366.110s][info][gc,stats       ] all workers. Dividing the <total> over the root stage time estimates parallelism.
[1366.110s][info][gc,stats       ] 
[1366.110s][info][gc,stats       ] Concurrent Reset                    459 us
[1366.110s][info][gc,stats       ] Pause Init Mark (G)                2449 us
[1366.110s][info][gc,stats       ] Pause Init Mark (N)                2092 us
[1366.110s][info][gc,stats       ]   Accumulate Stats                    7 us
[1366.110s][info][gc,stats       ]   Make Parsable                      50 us
[1366.110s][info][gc,stats       ]   Update Region States                9 us
[1366.110s][info][gc,stats       ]   Scan Roots                       1501 us, parallelism: 2.00x
[1366.110s][info][gc,stats       ]     S: <total>                     3000 us
[1366.110s][info][gc,stats       ]     S: Thread Roots                 362 us, workers (us): 175, 184,   2,   2, ---, ---, ---, ---, ---, ---, ---, ---, ---, ---, ---, ---, ---, ---, ---, ---, ---, ---, ---, ---, 
[1366.110s][info][gc,stats       ]     S: Universe Roots                35 us, workers (us):  35, ---, ---, ---, ---, ---, ---, ---, ---, ---, ---, ---, ---, ---, ---, ---, ---, ---, ---, ---, ---, ---, ---, ---, 
[1366.110s][info][gc,stats       ]     S: JNI Handles Roots             20 us, workers (us): ---,  20, ---, ---, ---, ---, ---, ---, ---, ---, ---, ---, ---, ---, ---, ---, ---, ---, ---, ---, ---, ---, ---, ---, 
[1366.110s][info][gc,stats       ]     S: Synchronizer Roots             1 us, workers (us): ---,   1, ---, ---, ---, ---, ---, ---, ---, ---, ---, ---, ---, ---, ---, ---, ---, ---, ---, ---, ---, ---, ---, ---, 
[1366.110s][info][gc,stats       ]     S: Management Roots               2 us, workers (us): ---,   2, ---, ---, ---, ---, ---, ---, ---, ---, ---, ---, ---, ---, ---, ---, ---, ---, ---, ---, ---, ---, ---, ---, 
[1366.110s][info][gc,stats       ]     S: System Dict Roots             40 us, workers (us):  40, ---, ---, ---, ---, ---, ---, ---, ---, ---, ---, ---, ---, ---, ---, ---, ---, ---, ---, ---, ---, ---, ---, ---, 
[1366.110s][info][gc,stats       ]     S: CLDG Roots                  2539 us, workers (us): ---, ---, 1305, 1235, ---, ---, ---, ---, ---, ---, ---, ---, ---, ---, ---, ---, ---, ---, ---, ---, ---, ---, ---, ---, 
[1366.110s][info][gc,stats       ]     S: JVMTI Roots                    1 us, workers (us): ---,   1, ---, ---, ---, ---, ---, ---, ---, ---, ---, ---, ---, ---, ---, ---, ---, ---, ---, ---, ---, ---, ---, ---, 
[1366.110s][info][gc,stats       ]   Resize TLABs                        7 us
[1366.110s][info][gc,stats       ] Concurrent Marking                63596 us
[1366.110s][info][gc,stats       ] Concurrent Precleaning             1773 us
[1366.110s][info][gc,stats       ] Pause Final Mark (G)                411 us
[1366.110s][info][gc,stats       ] Pause Final Mark (N)                131 us
[1366.110s][info][gc,stats       ] Concurrent Cleanup                   49 us
[1366.110s][info][gc,stats       ] Pacing                            60631 us
[1366.110s][info][gc,stats       ] 
[1366.110s][info][gc,stats       ] Allocation pacing accrued:
[1366.110s][info][gc,stats       ]      61 of    71 ms ( 85.4%): pl.nadoba.jvm.gc.benchmark.App.main()
[1366.110s][info][gc,stats       ]      61 of    71 ms ( 85.4%): <total>
[1366.110s][info][gc,stats       ]       6 of    71 ms (  8.5%): <average total>
[1366.110s][info][gc,stats       ]      61 of    71 ms ( 85.4%): <average non-zero>
[1366.110s][info][gc,stats       ] 
[1366.110s][info][gc,metaspace   ] Metaspace: 24233K->24233K(1071104K)
[1366.110s][info][gc,ergo        ] Pacer for Idle. Initial: 2621K, Alloc Tax Rate: 1.0x
[1366.112s][info][gc             ] Trigger: Handle Allocation Failure
[1366.112s][info][gc,ergo        ] Free: 0B, Max: 0B regular, 0B humongous, Frag: 0% external, 0% internal; Reserve: 6656K, Max: 256K
[1366.112s][info][gc,start       ] GC(17466) Pause Degenerated GC (Outside of Cycle)
[1366.112s][info][gc,task        ] GC(17466) Using 4 of 24 workers for stw degenerated gc
[1366.112s][info][gc,ergo        ] GC(17466) Pacer for Reset. Non-Taxable: 128M
[1366.114s][info][gc,ergo        ] GC(17466) Pacer for Mark. Expected Live: 9850K, Free: 0B, Non-Taxable: 0B, Alloc Tax Rate: infx
[1366.238s][info][gc,stringtable ] GC(17466) Cleaned string and symbol table, strings: 8172 processed, 0 removed, symbols: 67999 processed, 0 removed
[1366.238s][info][gc,ergo        ] GC(17466) CSet Selection. Actual Free: 114M, Max CSet: 87552K
[1366.238s][info][gc,ergo        ] GC(17466) Collectable Garbage: 107M (99%), Immediate: 107M (99%), CSet: 322K (0%)
[1366.238s][info][gc,ergo        ] GC(17466) Pacer for Evacuation. Used CSet: 512K, Free: 112M, Non-Taxable: 11545K, Alloc Tax Rate: 1.1x
[1366.252s][info][gc,ergo        ] GC(17466) Pacer for Update Refs. Used: 9215K, Free: 112M, Non-Taxable: 11545K, Alloc Tax Rate: 1.1x
[1366.269s][info][gc,ergo        ] GC(17466) Good progress for free space: 113M, need 1310K
[1366.269s][info][gc,ergo        ] GC(17466) Good progress for used space: 107M, need 256K
[1366.269s][info][gc             ] GC(17466) Pause Degenerated GC (Outside of Cycle) 116M->8M(128M) 157.588ms
[1366.270s][info][gc,ergo        ] Free: 113M, Max: 256K regular, 113M humongous, Frag: 0% external, 5% internal; Reserve: 6656K, Max: 256K
[1366.270s][info][gc,stats       ] 
[1366.270s][info][gc,stats       ] All times are wall-clock times, except per-root-class counters, that are sum over
[1366.270s][info][gc,stats       ] all workers. Dividing the <total> over the root stage time estimates parallelism.
[1366.270s][info][gc,stats       ] 
[1366.270s][info][gc,stats       ]   Accumulate Stats                    7 us
[1366.270s][info][gc,stats       ]   Make Parsable                      51 us
[1366.270s][info][gc,stats       ]   Update Region States                6 us
[1366.270s][info][gc,stats       ]   Scan Roots                        834 us, parallelism: 1.54x
[1366.270s][info][gc,stats       ]     S: <total>                     1281 us
[1366.270s][info][gc,stats       ]     S: Thread Roots                 485 us, workers (us):   1,  74, 129, 281, ---, ---, ---, ---, ---, ---, ---, ---, ---, ---, ---, ---, ---, ---, ---, ---, ---, ---, ---, ---, 
[1366.270s][info][gc,stats       ]     S: Universe Roots                24 us, workers (us):  24, ---, ---, ---, ---, ---, ---, ---, ---, ---, ---, ---, ---, ---, ---, ---, ---, ---, ---, ---, ---, ---, ---, ---, 
[1366.270s][info][gc,stats       ]     S: JNI Handles Roots             33 us, workers (us): ---, ---,  33, ---, ---, ---, ---, ---, ---, ---, ---, ---, ---, ---, ---, ---, ---, ---, ---, ---, ---, ---, ---, ---, 
[1366.270s][info][gc,stats       ]     S: Synchronizer Roots             0 us, workers (us): ---,   0, ---, ---, ---, ---, ---, ---, ---, ---, ---, ---, ---, ---, ---, ---, ---, ---, ---, ---, ---, ---, ---, ---, 
[1366.270s][info][gc,stats       ]     S: Management Roots               3 us, workers (us): ---, ---,   3, ---, ---, ---, ---, ---, ---, ---, ---, ---, ---, ---, ---, ---, ---, ---, ---, ---, ---, ---, ---, ---, 
[1366.270s][info][gc,stats       ]     S: System Dict Roots             43 us, workers (us): ---,  43, ---, ---, ---, ---, ---, ---, ---, ---, ---, ---, ---, ---, ---, ---, ---, ---, ---, ---, ---, ---, ---, ---, 
[1366.270s][info][gc,stats       ]     S: CLDG Roots                   690 us, workers (us): 666, ---, ---,  25, ---, ---, ---, ---, ---, ---, ---, ---, ---, ---, ---, ---, ---, ---, ---, ---, ---, ---, ---, ---, 
[1366.270s][info][gc,stats       ]     S: JVMTI Roots                    1 us, workers (us): ---, ---,   1, ---, ---, ---, ---, ---, ---, ---, ---, ---, ---, ---, ---, ---, ---, ---, ---, ---, ---, ---, ---, ---, 
[1366.270s][info][gc,stats       ]   Resize TLABs                        5 us
[1366.270s][info][gc,stats       ]   Finish Queues                   64764 us
[1366.270s][info][gc,stats       ]   Weak References                  3873 us
[1366.270s][info][gc,stats       ]     Process                        3859 us
[1366.270s][info][gc,stats       ]   System Purge                      449 us
[1366.270s][info][gc,stats       ]     Unload Classes                   95 us
[1366.270s][info][gc,stats       ]     Cleanup                       54957 us, parallelism: 1.26x
[1366.270s][info][gc,stats       ]       CU: <total>                 69258 us
[1366.270s][info][gc,stats       ]       CU: Code Cache Roots        52291 us, workers (us): 13296, 13082, 13057, 12855, ---, ---, ---, ---, ---, ---, ---, ---, ---, ---, ---, ---, ---, ---, ---, ---, ---, ---, ---, ---, 
[1366.270s][info][gc,stats       ]       CU: Code Cache Cleaning      4514 us, workers (us): 1133, 1114, 1134, 1135, ---, ---, ---, ---, ---, ---, ---, ---, ---, ---, ---, ---, ---, ---, ---, ---, ---, ---, ---, ---, 
[1366.270s][info][gc,stats       ]       CU: String Table Roots       3798 us, workers (us): 773, 940, 949, 1137, ---, ---, ---, ---, ---, ---, ---, ---, ---, ---, ---, ---, ---, ---, ---, ---, ---, ---, ---, ---, 
[1366.270s][info][gc,stats       ]       CU: Resolved Table Roots       22 us, workers (us):   0,  22,   0,   0, ---, ---, ---, ---, ---, ---, ---, ---, ---, ---, ---, ---, ---, ---, ---, ---, ---, ---, ---, ---, 
[1366.270s][info][gc,stats       ]       CU: CLDG Roots               8632 us, workers (us): 2172, 2152, 2128, 2181, ---, ---, ---, ---, ---, ---, ---, ---, ---, ---, ---, ---, ---, ---, ---, ---, ---, ---, ---, ---, 
[1366.270s][info][gc,stats       ]     Weak Roots                      448 us
[1366.270s][info][gc,stats       ]     CLDG                              1 us
[1366.270s][info][gc,stats       ]   Update Region States               12 us
[1366.270s][info][gc,stats       ]   Retire TLABs                        9 us
[1366.270s][info][gc,stats       ]   Choose Collection Set             280 us
[1366.270s][info][gc,stats       ]   Rebuild Free Set                    8 us
[1366.270s][info][gc,stats       ]   Initial Evacuation                  7 us
[1366.270s][info][gc,stats       ]   Retire GCLABs                      12 us
[1366.270s][info][gc,stats       ]   Finish Work                     16454 us
[1366.270s][info][gc,stats       ]   Update Region States                7 us
[1366.270s][info][gc,stats       ]   Trash Collection Set                3 us
[1366.270s][info][gc,stats       ]   Rebuild Free Set                   10 us
[1366.270s][info][gc,stats       ] Pause Degenerated GC (G)         157877 us
[1366.270s][info][gc,stats       ] Pause Degenerated GC (N)         157542 us
[1366.270s][info][gc,stats       ]   Degen Update Roots                894 us, parallelism: 2.37x
[1366.270s][info][gc,stats       ]     DU: <total>                    2120 us
[1366.270s][info][gc,stats       ]     DU: Thread Roots                196 us, workers (us):  47,  25,  78,  46, ---, ---, ---, ---, ---, ---, ---, ---, ---, ---, ---, ---, ---, ---, ---, ---, ---, ---, ---, ---, 
[1366.270s][info][gc,stats       ]     DU: Code Cache Roots            984 us, workers (us):   0, 486, 440,  57, ---, ---, ---, ---, ---, ---, ---, ---, ---, ---, ---, ---, ---, ---, ---, ---, ---, ---, ---, ---, 
[1366.270s][info][gc,stats       ]     DU: Universe Roots                9 us, workers (us):   9, ---, ---, ---, ---, ---, ---, ---, ---, ---, ---, ---, ---, ---, ---, ---, ---, ---, ---, ---, ---, ---, ---, ---, 
[1366.270s][info][gc,stats       ]     DU: JNI Handles Roots             5 us, workers (us):   5, ---, ---, ---, ---, ---, ---, ---, ---, ---, ---, ---, ---, ---, ---, ---, ---, ---, ---, ---, ---, ---, ---, ---, 
[1366.270s][info][gc,stats       ]     DU: Synchronizer Roots            0 us, workers (us): ---, ---,   0, ---, ---, ---, ---, ---, ---, ---, ---, ---, ---, ---, ---, ---, ---, ---, ---, ---, ---, ---, ---, ---, 
[1366.270s][info][gc,stats       ]     DU: Management Roots              1 us, workers (us): ---,   1, ---, ---, ---, ---, ---, ---, ---, ---, ---, ---, ---, ---, ---, ---, ---, ---, ---, ---, ---, ---, ---, ---, 
[1366.270s][info][gc,stats       ]     DU: System Dict Roots            14 us, workers (us): ---, ---, ---,  14, ---, ---, ---, ---, ---, ---, ---, ---, ---, ---, ---, ---, ---, ---, ---, ---, ---, ---, ---, ---, 
[1366.270s][info][gc,stats       ]     DU: CLDG Roots                  910 us, workers (us): 499, ---, ---, 411, ---, ---, ---, ---, ---, ---, ---, ---, ---, ---, ---, ---, ---, ---, ---, ---, ---, ---, ---, ---, 
[1366.270s][info][gc,stats       ]     DU: JVMTI Roots                   1 us, workers (us): ---, ---,   1, ---, ---, ---, ---, ---, ---, ---, ---, ---, ---, ---, ---, ---, ---, ---, ---, ---, ---, ---, ---, ---, 
[1366.271s][info][gc,stats       ] 
[1366.271s][info][gc,stats       ] Allocation pacing accrued:
[1366.271s][info][gc,stats       ]       0 of   160 ms (  0.0%): <total>
[1366.271s][info][gc,stats       ]       0 of   160 ms (  0.0%): <average total>
[1366.271s][info][gc,stats       ] 
[1366.271s][info][gc,metaspace   ] Metaspace: 24233K->24233K(1071104K)
[1366.271s][info][gc,ergo        ] Pacer for Idle. Initial: 2621K, Alloc Tax Rate: 1.0x
[1366.283s][info][gc             ] Trigger: Allocated since last cycle (14080K) is larger than allocation threshold (13107K)
[1366.283s][info][gc,ergo        ] Free: 101632K, Max: 256K regular, 101632K humongous, Frag: 0% external, 0% internal; Reserve: 6656K, Max: 256K
[1366.283s][info][gc,start       ] GC(17467) Concurrent reset
[1366.283s][info][gc,task        ] GC(17467) Using 4 of 24 workers for concurrent reset
[1366.283s][info][gc,ergo        ] GC(17467) Pacer for Reset. Non-Taxable: 128M
[1366.284s][info][gc             ] GC(17467) Concurrent reset 0.375ms
[1366.285s][info][gc,start       ] GC(17467) Pause Init Mark
[1366.285s][info][gc,task        ] GC(17467) Using 4 of 24 workers for init marking
[1366.288s][info][gc,ergo        ] GC(17467) Pacer for Mark. Expected Live: 9850K, Free: 101632K, Non-Taxable: 10163K, Alloc Tax Rate: 0.1x
[1366.288s][info][gc             ] GC(17467) Pause Init Mark 3.114ms
[1366.288s][info][gc,start       ] GC(17467) Concurrent marking
[1366.288s][info][gc,task        ] GC(17467) Using 4 of 24 workers for concurrent marking
[1366.350s][info][gc             ] GC(17467) Concurrent marking 61.824ms
[1366.350s][info][gc,start       ] GC(17467) Pause Final Mark
[1366.350s][info][gc,task        ] GC(17467) Using 4 of 24 workers for final marking
[1366.351s][info][gc,ergo        ] GC(17467) CSet Selection. Actual Free: 15104K, Max CSet: 11328K
[1366.351s][info][gc,ergo        ] GC(17467) Collectable Garbage: 5442K (99%), Immediate: 5120K (93%), CSet: 322K (5%)
[1366.351s][info][gc,ergo        ] GC(17467) Pacer for Evacuation. Used CSet: 512K, Free: 8704K, Non-Taxable: 870K, Alloc Tax Rate: 1.1x
[1366.351s][info][gc             ] GC(17467) Pause Final Mark 1.325ms
[1366.351s][info][gc             ] Failed to allocate Shared, 8192K
[1366.351s][info][gc             ] Cancelling GC: Allocation Failure
[1366.351s][info][gc,start       ] GC(17467) Concurrent cleanup
[1366.352s][info][gc             ] GC(17467) Concurrent cleanup 113M->108M(128M) 0.957ms
[1366.352s][info][gc,ergo        ] GC(17467) Free: 8704K, Max: 256K regular, 5376K humongous, Frag: 39% external, 42% internal; Reserve: 6651K, Max: 256K
[1366.352s][info][gc,start       ] GC(17467) Concurrent evacuation
[1366.352s][info][gc,task        ] GC(17467) Using 4 of 24 workers for concurrent evacuation
[1366.353s][info][gc             ] GC(17467) Concurrent evacuation 1.074ms
[1366.353s][info][gc,ergo        ] Free: 8704K, Max: 256K regular, 5376K humongous, Frag: 39% external, 42% internal; Reserve: 6400K, Max: 256K
[1366.354s][info][gc,stats       ] 
[1366.354s][info][gc,stats       ] All times are wall-clock times, except per-root-class counters, that are sum over
[1366.354s][info][gc,stats       ] all workers. Dividing the <total> over the root stage time estimates parallelism.
[1366.354s][info][gc,stats       ] 
[1366.354s][info][gc,stats       ] Concurrent Reset                    355 us
[1366.354s][info][gc,stats       ] Pause Init Mark (G)                4108 us
[1366.354s][info][gc,stats       ] Pause Init Mark (N)                3058 us
[1366.354s][info][gc,stats       ]   Accumulate Stats                    5 us
[1366.354s][info][gc,stats       ]   Make Parsable                      45 us
[1366.354s][info][gc,stats       ]   Update Region States                5 us
[1366.354s][info][gc,stats       ]   Scan Roots                       2623 us, parallelism: 1.97x
[1366.354s][info][gc,stats       ]     S: <total>                     5161 us
[1366.354s][info][gc,stats       ]     S: Thread Roots                 221 us, workers (us):   2,  92, 124,   2, ---, ---, ---, ---, ---, ---, ---, ---, ---, ---, ---, ---, ---, ---, ---, ---, ---, ---, ---, ---, 
[1366.354s][info][gc,stats       ]     S: Universe Roots                24 us, workers (us):  24, ---, ---, ---, ---, ---, ---, ---, ---, ---, ---, ---, ---, ---, ---, ---, ---, ---, ---, ---, ---, ---, ---, ---, 
[1366.354s][info][gc,stats       ]     S: JNI Handles Roots             12 us, workers (us): ---, ---,  12, ---, ---, ---, ---, ---, ---, ---, ---, ---, ---, ---, ---, ---, ---, ---, ---, ---, ---, ---, ---, ---, 
[1366.354s][info][gc,stats       ]     S: Synchronizer Roots             0 us, workers (us): ---,   0, ---, ---, ---, ---, ---, ---, ---, ---, ---, ---, ---, ---, ---, ---, ---, ---, ---, ---, ---, ---, ---, ---, 
[1366.354s][info][gc,stats       ]     S: Management Roots              13 us, workers (us): ---, ---,  13, ---, ---, ---, ---, ---, ---, ---, ---, ---, ---, ---, ---, ---, ---, ---, ---, ---, ---, ---, ---, ---, 
[1366.354s][info][gc,stats       ]     S: System Dict Roots             36 us, workers (us): ---,  36, ---, ---, ---, ---, ---, ---, ---, ---, ---, ---, ---, ---, ---, ---, ---, ---, ---, ---, ---, ---, ---, ---, 
[1366.354s][info][gc,stats       ]     S: CLDG Roots                  4855 us, workers (us): 2390, ---, ---, 2465, ---, ---, ---, ---, ---, ---, ---, ---, ---, ---, ---, ---, ---, ---, ---, ---, ---, ---, ---, ---, 
[1366.354s][info][gc,stats       ]     S: JVMTI Roots                    0 us, workers (us): ---, ---,   0, ---, ---, ---, ---, ---, ---, ---, ---, ---, ---, ---, ---, ---, ---, ---, ---, ---, ---, ---, ---, ---, 
[1366.354s][info][gc,stats       ]   Resize TLABs                        5 us
[1366.354s][info][gc,stats       ] Concurrent Marking                61770 us
[1366.354s][info][gc,stats       ] Pause Final Mark (G)               1546 us
[1366.354s][info][gc,stats       ] Pause Final Mark (N)               1289 us
[1366.354s][info][gc,stats       ]   Finish Queues                     150 us
[1366.354s][info][gc,stats       ]   System Purge                      352 us
[1366.354s][info][gc,stats       ]     Weak Roots                      351 us
[1366.354s][info][gc,stats       ]   Update Region States               23 us
[1366.354s][info][gc,stats       ]   Retire TLABs                       45 us
[1366.354s][info][gc,stats       ]   Choose Collection Set              62 us
[1366.354s][info][gc,stats       ]   Rebuild Free Set                   11 us
[1366.354s][info][gc,stats       ]   Initial Evacuation                624 us, parallelism: 2.31x
[1366.354s][info][gc,stats       ]     E: <total>                     1442 us
[1366.354s][info][gc,stats       ]     E: Thread Roots                 108 us, workers (us):   2,  20,  69,  17, ---, ---, ---, ---, ---, ---, ---, ---, ---, ---, ---, ---, ---, ---, ---, ---, ---, ---, ---, ---, 
[1366.354s][info][gc,stats       ]     E: Code Cache Roots            1019 us, workers (us): 346, 152, 295, 227, ---, ---, ---, ---, ---, ---, ---, ---, ---, ---, ---, ---, ---, ---, ---, ---, ---, ---, ---, ---, 
[1366.354s][info][gc,stats       ]     E: Universe Roots                 4 us, workers (us):   4, ---, ---, ---, ---, ---, ---, ---, ---, ---, ---, ---, ---, ---, ---, ---, ---, ---, ---, ---, ---, ---, ---, ---, 
[1366.354s][info][gc,stats       ]     E: JNI Handles Roots              1 us, workers (us):   1, ---, ---, ---, ---, ---, ---, ---, ---, ---, ---, ---, ---, ---, ---, ---, ---, ---, ---, ---, ---, ---, ---, ---, 
[1366.354s][info][gc,stats       ]     E: Synchronizer Roots             0 us, workers (us):   0, ---, ---, ---, ---, ---, ---, ---, ---, ---, ---, ---, ---, ---, ---, ---, ---, ---, ---, ---, ---, ---, ---, ---, 
[1366.354s][info][gc,stats       ]     E: Management Roots               1 us, workers (us):   1, ---, ---, ---, ---, ---, ---, ---, ---, ---, ---, ---, ---, ---, ---, ---, ---, ---, ---, ---, ---, ---, ---, ---, 
[1366.354s][info][gc,stats       ]     E: System Dict Roots              7 us, workers (us):   7, ---, ---, ---, ---, ---, ---, ---, ---, ---, ---, ---, ---, ---, ---, ---, ---, ---, ---, ---, ---, ---, ---, ---, 
[1366.354s][info][gc,stats       ]     E: CLDG Roots                   300 us, workers (us): ---, 185, ---, 115, ---, ---, ---, ---, ---, ---, ---, ---, ---, ---, ---, ---, ---, ---, ---, ---, ---, ---, ---, ---, 
[1366.354s][info][gc,stats       ]     E: JVMTI Roots                    0 us, workers (us):   0, ---, ---, ---, ---, ---, ---, ---, ---, ---, ---, ---, ---, ---, ---, ---, ---, ---, ---, ---, ---, ---, ---, ---, 
[1366.354s][info][gc,stats       ] Concurrent Cleanup                  907 us
[1366.354s][info][gc,stats       ] Concurrent Evacuation              1059 us
[1366.354s][info][gc,stats       ] Pacing                            55163 us
[1366.354s][info][gc,stats       ] 
[1366.354s][info][gc,stats       ] Allocation pacing accrued:
[1366.354s][info][gc,stats       ]      55 of    84 ms ( 65.9%): pl.nadoba.jvm.gc.benchmark.App.main()
[1366.354s][info][gc,stats       ]      55 of    84 ms ( 65.9%): <total>
[1366.354s][info][gc,stats       ]       6 of    84 ms (  6.6%): <average total>
[1366.354s][info][gc,stats       ]      55 of    84 ms ( 65.9%): <average non-zero>
[1366.354s][info][gc,stats       ] 
[1366.354s][info][gc,metaspace   ] Metaspace: 24233K->24233K(1071104K)
[1366.354s][info][gc,ergo        ] Pacer for Idle. Initial: 2621K, Alloc Tax Rate: 1.0x
[1366.355s][info][gc             ] Trigger: Handle Allocation Failure
[1366.355s][info][gc,ergo        ] Free: 8704K, Max: 256K regular, 5376K humongous, Frag: 39% external, 42% internal; Reserve: 6400K, Max: 256K
[1366.356s][info][gc,start       ] GC(17468) Pause Degenerated GC (Evacuation)
[1366.356s][info][gc,task        ] GC(17468) Using 4 of 24 workers for stw degenerated gc
[1366.356s][info][gc,ergo        ] GC(17468) Pacer for Update Refs. Used: 108M, Free: 8704K, Non-Taxable: 870K, Alloc Tax Rate: 15.6x
[1366.371s][info][gc,ergo        ] GC(17468) Good progress for free space: 8960K, need 1310K
[1366.371s][info][gc,ergo        ] GC(17468) Good progress for used space: 512K, need 256K
[1366.371s][info][gc             ] GC(17468) Pause Degenerated GC (Evacuation) 108M->107M(128M) 15.582ms
[1366.371s][info][gc,ergo        ] Free: 8960K, Max: 256K regular, 5632K humongous, Frag: 38% external, 41% internal; Reserve: 6656K, Max: 256K
[1366.371s][info][gc             ] Failed to allocate Shared, 8192K
[1366.371s][info][gc             ] Cancelling GC: Allocation Failure
[1366.371s][info][gc,stats       ] 
[1366.372s][info][gc,stats       ] All times are wall-clock times, except per-root-class counters, that are sum over
[1366.372s][info][gc,stats       ] all workers. Dividing the <total> over the root stage time estimates parallelism.
[1366.372s][info][gc,stats       ] 
[1366.372s][info][gc,stats       ]   Retire GCLABs                      17 us
[1366.372s][info][gc,stats       ]   Finish Work                     13949 us
[1366.372s][info][gc,stats       ]   Update Region States                9 us
[1366.372s][info][gc,stats       ]   Trash Collection Set                5 us
[1366.372s][info][gc,stats       ]   Rebuild Free Set                   12 us
[1366.372s][info][gc,stats       ] Pause Degenerated GC (G)          15877 us
[1366.372s][info][gc,stats       ] Pause Degenerated GC (N)          15538 us
[1366.372s][info][gc,stats       ]   Degen Update Roots                826 us, parallelism: 1.88x
[1366.372s][info][gc,stats       ]     DU: <total>                    1556 us
[1366.372s][info][gc,stats       ]     DU: Thread Roots                 74 us, workers (us):   2,  42,   3,  28, ---, ---, ---, ---, ---, ---, ---, ---, ---, ---, ---, ---, ---, ---, ---, ---, ---, ---, ---, ---, 
[1366.372s][info][gc,stats       ]     DU: Code Cache Roots            979 us, workers (us): 434, 157, 361,  26, ---, ---, ---, ---, ---, ---, ---, ---, ---, ---, ---, ---, ---, ---, ---, ---, ---, ---, ---, ---, 
[1366.372s][info][gc,stats       ]     DU: Universe Roots                6 us, workers (us):   6, ---, ---, ---, ---, ---, ---, ---, ---, ---, ---, ---, ---, ---, ---, ---, ---, ---, ---, ---, ---, ---, ---, ---, 
[1366.372s][info][gc,stats       ]     DU: JNI Handles Roots             6 us, workers (us): ---, ---,   6, ---, ---, ---, ---, ---, ---, ---, ---, ---, ---, ---, ---, ---, ---, ---, ---, ---, ---, ---, ---, ---, 
[1366.372s][info][gc,stats       ]     DU: Synchronizer Roots            0 us, workers (us):   0, ---, ---, ---, ---, ---, ---, ---, ---, ---, ---, ---, ---, ---, ---, ---, ---, ---, ---, ---, ---, ---, ---, ---, 
[1366.372s][info][gc,stats       ]     DU: Management Roots              1 us, workers (us):   1, ---, ---, ---, ---, ---, ---, ---, ---, ---, ---, ---, ---, ---, ---, ---, ---, ---, ---, ---, ---, ---, ---, ---, 
[1366.372s][info][gc,stats       ]     DU: System Dict Roots             9 us, workers (us):   9, ---, ---, ---, ---, ---, ---, ---, ---, ---, ---, ---, ---, ---, ---, ---, ---, ---, ---, ---, ---, ---, ---, ---, 
[1366.372s][info][gc,stats       ]     DU: CLDG Roots                  480 us, workers (us): ---, 172, ---, 308, ---, ---, ---, ---, ---, ---, ---, ---, ---, ---, ---, ---, ---, ---, ---, ---, ---, ---, ---, ---, 
[1366.372s][info][gc,stats       ]     DU: JVMTI Roots                   1 us, workers (us): ---,   1, ---, ---, ---, ---, ---, ---, ---, ---, ---, ---, ---, ---, ---, ---, ---, ---, ---, ---, ---, ---, ---, ---, 
[1366.372s][info][gc,stats       ] 
[1366.372s][info][gc,stats       ] Allocation pacing accrued:
[1366.372s][info][gc,stats       ]       0 of    18 ms (  0.0%): <total>
[1366.372s][info][gc,stats       ]       0 of    18 ms (  0.0%): <average total>
[1366.372s][info][gc,stats       ] 
[1366.372s][info][gc,metaspace   ] Metaspace: 24233K->24233K(1071104K)
[1366.372s][info][gc,ergo        ] Pacer for Idle. Initial: 2621K, Alloc Tax Rate: 1.0x
[1366.373s][info][gc             ] Trigger: Handle Allocation Failure
[1366.373s][info][gc,ergo        ] Free: 8960K, Max: 256K regular, 5632K humongous, Frag: 38% external, 41% internal; Reserve: 6656K, Max: 256K
[1366.373s][info][gc,start       ] GC(17469) Pause Degenerated GC (Outside of Cycle)
[1366.373s][info][gc,task        ] GC(17469) Using 4 of 24 workers for stw degenerated gc
[1366.373s][info][gc,ergo        ] GC(17469) Pacer for Reset. Non-Taxable: 128M
[1366.375s][info][gc,ergo        ] GC(17469) Pacer for Mark. Expected Live: 11489K, Free: 8960K, Non-Taxable: 896K, Alloc Tax Rate: 1.6x
[1366.492s][info][gc,stringtable ] GC(17469) Cleaned string and symbol table, strings: 8172 processed, 0 removed, symbols: 67999 processed, 0 removed
[1366.493s][info][gc,ergo        ] GC(17469) CSet Selection. Actual Free: 114M, Max CSet: 87744K
[1366.493s][info][gc,ergo        ] GC(17469) Collectable Garbage: 101698K (99%), Immediate: 101376K (99%), CSet: 322K (0%)
[1366.493s][info][gc,ergo        ] GC(17469) Pacer for Evacuation. Used CSet: 512K, Free: 112M, Non-Taxable: 11545K, Alloc Tax Rate: 1.1x
[1366.506s][info][gc,ergo        ] GC(17469) Pacer for Update Refs. Used: 9215K, Free: 112M, Non-Taxable: 11545K, Alloc Tax Rate: 1.1x
[1366.521s][info][gc,ergo        ] GC(17469) Good progress for free space: 113M, need 1310K
[1366.521s][info][gc,ergo        ] GC(17469) Good progress for used space: 101632K, need 256K
[1366.521s][info][gc             ] GC(17469) Pause Degenerated GC (Outside of Cycle) 107M->8M(128M) 147.310ms
[1366.521s][info][gc,ergo        ] Free: 113M, Max: 256K regular, 113M humongous, Frag: 0% external, 5% internal; Reserve: 6656K, Max: 256K
[1366.521s][info][gc,stats       ] 
[1366.521s][info][gc,stats       ] All times are wall-clock times, except per-root-class counters, that are sum over
[1366.521s][info][gc,stats       ] all workers. Dividing the <total> over the root stage time estimates parallelism.
[1366.521s][info][gc,stats       ] 
[1366.521s][info][gc,stats       ]   Accumulate Stats                    6 us
[1366.521s][info][gc,stats       ]   Make Parsable                       7 us
[1366.521s][info][gc,stats       ]   Update Region States                6 us
[1366.521s][info][gc,stats       ]   Scan Roots                        661 us, parallelism: 1.54x
[1366.521s][info][gc,stats       ]     S: <total>                     1018 us
[1366.521s][info][gc,stats       ]     S: Thread Roots                 376 us, workers (us): 185,  70,   1, 120, ---, ---, ---, ---, ---, ---, ---, ---, ---, ---, ---, ---, ---, ---, ---, ---, ---, ---, ---, ---, 
[1366.521s][info][gc,stats       ]     S: Universe Roots                28 us, workers (us):  28, ---, ---, ---, ---, ---, ---, ---, ---, ---, ---, ---, ---, ---, ---, ---, ---, ---, ---, ---, ---, ---, ---, ---, 
[1366.521s][info][gc,stats       ]     S: JNI Handles Roots             20 us, workers (us): ---,  20, ---, ---, ---, ---, ---, ---, ---, ---, ---, ---, ---, ---, ---, ---, ---, ---, ---, ---, ---, ---, ---, ---, 
[1366.521s][info][gc,stats       ]     S: Synchronizer Roots             0 us, workers (us):   0, ---, ---, ---, ---, ---, ---, ---, ---, ---, ---, ---, ---, ---, ---, ---, ---, ---, ---, ---, ---, ---, ---, ---, 
[1366.521s][info][gc,stats       ]     S: Management Roots               2 us, workers (us):   2, ---, ---, ---, ---, ---, ---, ---, ---, ---, ---, ---, ---, ---, ---, ---, ---, ---, ---, ---, ---, ---, ---, ---, 
[1366.521s][info][gc,stats       ]     S: System Dict Roots             28 us, workers (us):  28, ---, ---, ---, ---, ---, ---, ---, ---, ---, ---, ---, ---, ---, ---, ---, ---, ---, ---, ---, ---, ---, ---, ---, 
[1366.521s][info][gc,stats       ]     S: CLDG Roots                   564 us, workers (us): ---,  11, 553, ---, ---, ---, ---, ---, ---, ---, ---, ---, ---, ---, ---, ---, ---, ---, ---, ---, ---, ---, ---, ---, 
[1366.521s][info][gc,stats       ]     S: JVMTI Roots                    1 us, workers (us): ---,   1, ---, ---, ---, ---, ---, ---, ---, ---, ---, ---, ---, ---, ---, ---, ---, ---, ---, ---, ---, ---, ---, ---, 
[1366.521s][info][gc,stats       ]   Resize TLABs                        4 us
[1366.521s][info][gc,stats       ]   Finish Queues                   58572 us
[1366.521s][info][gc,stats       ]   Weak References                  4213 us
[1366.521s][info][gc,stats       ]     Process                        4199 us
[1366.521s][info][gc,stats       ]   System Purge                      275 us
[1366.521s][info][gc,stats       ]     Unload Classes                   91 us
[1366.521s][info][gc,stats       ]     Cleanup                       54114 us, parallelism: 1.27x
[1366.521s][info][gc,stats       ]       CU: <total>                 68546 us
[1366.521s][info][gc,stats       ]       CU: Code Cache Roots        52218 us, workers (us): 12889, 13047, 13055, 13227, ---, ---, ---, ---, ---, ---, ---, ---, ---, ---, ---, ---, ---, ---, ---, ---, ---, ---, ---, ---, 
[1366.521s][info][gc,stats       ]       CU: Code Cache Cleaning      4413 us, workers (us): 1138, 1099, 1099, 1077, ---, ---, ---, ---, ---, ---, ---, ---, ---, ---, ---, ---, ---, ---, ---, ---, ---, ---, ---, ---, 
[1366.521s][info][gc,stats       ]       CU: String Table Roots       3513 us, workers (us): 1066, 880, 870, 698, ---, ---, ---, ---, ---, ---, ---, ---, ---, ---, ---, ---, ---, ---, ---, ---, ---, ---, ---, ---, 
[1366.521s][info][gc,stats       ]       CU: Resolved Table Roots       22 us, workers (us):   0,   0,   0,  21, ---, ---, ---, ---, ---, ---, ---, ---, ---, ---, ---, ---, ---, ---, ---, ---, ---, ---, ---, ---, 
[1366.521s][info][gc,stats       ]       CU: CLDG Roots               8380 us, workers (us): 2086, 2070, 2104, 2120, ---, ---, ---, ---, ---, ---, ---, ---, ---, ---, ---, ---, ---, ---, ---, ---, ---, ---, ---, ---, 
[1366.521s][info][gc,stats       ]     Weak Roots                      274 us
[1366.521s][info][gc,stats       ]     CLDG                              1 us
[1366.521s][info][gc,stats       ]   Update Region States               11 us
[1366.521s][info][gc,stats       ]   Retire TLABs                        8 us
[1366.521s][info][gc,stats       ]   Choose Collection Set             246 us
[1366.521s][info][gc,stats       ]   Rebuild Free Set                    9 us
[1366.521s][info][gc,stats       ]   Initial Evacuation                  7 us
[1366.521s][info][gc,stats       ]   Retire GCLABs                      28 us
[1366.521s][info][gc,stats       ]   Finish Work                     13625 us
[1366.521s][info][gc,stats       ]   Update Region States                5 us
[1366.521s][info][gc,stats       ]   Trash Collection Set                3 us
[1366.521s][info][gc,stats       ]   Rebuild Free Set                   10 us
[1366.521s][info][gc,stats       ] Pause Degenerated GC (G)         147611 us
[1366.521s][info][gc,stats       ] Pause Degenerated GC (N)         147267 us
[1366.521s][info][gc,stats       ]   Degen Update Roots                798 us, parallelism: 2.22x
[1366.521s][info][gc,stats       ]     DU: <total>                    1776 us
[1366.521s][info][gc,stats       ]     DU: Thread Roots                168 us, workers (us):  48,   1,  53,  66, ---, ---, ---, ---, ---, ---, ---, ---, ---, ---, ---, ---, ---, ---, ---, ---, ---, ---, ---, ---, 
[1366.522s][info][gc,stats       ]     DU: Code Cache Roots           1100 us, workers (us): 407, 214, 367, 112, ---, ---, ---, ---, ---, ---, ---, ---, ---, ---, ---, ---, ---, ---, ---, ---, ---, ---, ---, ---, 
[1366.522s][info][gc,stats       ]     DU: Universe Roots                7 us, workers (us):   7, ---, ---, ---, ---, ---, ---, ---, ---, ---, ---, ---, ---, ---, ---, ---, ---, ---, ---, ---, ---, ---, ---, ---, 
[1366.522s][info][gc,stats       ]     DU: JNI Handles Roots             3 us, workers (us):   3, ---, ---, ---, ---, ---, ---, ---, ---, ---, ---, ---, ---, ---, ---, ---, ---, ---, ---, ---, ---, ---, ---, ---, 
[1366.522s][info][gc,stats       ]     DU: Synchronizer Roots            0 us, workers (us): ---,   0, ---, ---, ---, ---, ---, ---, ---, ---, ---, ---, ---, ---, ---, ---, ---, ---, ---, ---, ---, ---, ---, ---, 
[1366.522s][info][gc,stats       ]     DU: Management Roots              1 us, workers (us): ---,   1, ---, ---, ---, ---, ---, ---, ---, ---, ---, ---, ---, ---, ---, ---, ---, ---, ---, ---, ---, ---, ---, ---, 
[1366.522s][info][gc,stats       ]     DU: System Dict Roots            16 us, workers (us): ---, ---,  16, ---, ---, ---, ---, ---, ---, ---, ---, ---, ---, ---, ---, ---, ---, ---, ---, ---, ---, ---, ---, ---, 
[1366.522s][info][gc,stats       ]     DU: CLDG Roots                  479 us, workers (us): ---, 228, ---, 251, ---, ---, ---, ---, ---, ---, ---, ---, ---, ---, ---, ---, ---, ---, ---, ---, ---, ---, ---, ---, 
[1366.522s][info][gc,stats       ]     DU: JVMTI Roots                   1 us, workers (us): ---,   1, ---, ---, ---, ---, ---, ---, ---, ---, ---, ---, ---, ---, ---, ---, ---, ---, ---, ---, ---, ---, ---, ---, 
[1366.522s][info][gc,stats       ] 
[1366.522s][info][gc,stats       ] Allocation pacing accrued:
[1366.522s][info][gc,stats       ]       0 of   150 ms (  0.0%): <total>
[1366.522s][info][gc,stats       ]       0 of   150 ms (  0.0%): <average total>
[1366.522s][info][gc,stats       ] 
[1366.522s][info][gc,metaspace   ] Metaspace: 24233K->24233K(1071104K)
[1366.522s][info][gc,ergo        ] Pacer for Idle. Initial: 2621K, Alloc Tax Rate: 1.0x
[1366.532s][info][gc             ] Trigger: Allocated since last cycle (13962K) is larger than allocation threshold (13107K)
[1366.532s][info][gc,ergo        ] Free: 101750K, Max: 256K regular, 101632K humongous, Frag: 0% external, 0% internal; Reserve: 6656K, Max: 256K
[1366.532s][info][gc,start       ] GC(17470) Concurrent reset
[1366.533s][info][gc,task        ] GC(17470) Using 4 of 24 workers for concurrent reset
[1366.533s][info][gc,ergo        ] GC(17470) Pacer for Reset. Non-Taxable: 128M
[1366.533s][info][gc             ] GC(17470) Concurrent reset 0.377ms
[1366.534s][info][gc,start       ] GC(17470) Pause Init Mark (process weakrefs)
[1366.534s][info][gc,task        ] GC(17470) Using 4 of 24 workers for init marking
[1366.537s][info][gc,ergo        ] GC(17470) Pacer for Mark. Expected Live: 11489K, Free: 101750K, Non-Taxable: 10175K, Alloc Tax Rate: 0.1x
[1366.537s][info][gc             ] GC(17470) Pause Init Mark (process weakrefs) 3.530ms
[1366.537s][info][gc,start       ] GC(17470) Concurrent marking (process weakrefs)
[1366.537s][info][gc,task        ] GC(17470) Using 4 of 24 workers for concurrent marking
[1366.604s][info][gc             ] GC(17470) Concurrent marking (process weakrefs) 66.430ms
[1366.604s][info][gc,start       ] GC(17470) Concurrent precleaning
[1366.604s][info][gc,task        ] GC(17470) Using 1 of 24 workers for concurrent preclean
[1366.604s][info][gc,ergo        ] GC(17470) Pacer for Precleaning. Non-Taxable: 128M
[1366.606s][info][gc             ] GC(17470) Concurrent precleaning 2.300ms
[1366.606s][info][gc,start       ] GC(17470) Pause Final Mark (process weakrefs)
[1366.606s][info][gc,task        ] GC(17470) Using 4 of 24 workers for final marking
[1366.607s][info][gc,ergo        ] GC(17470) CSet Selection. Actual Free: 46848K, Max CSet: 35136K
[1366.607s][info][gc,ergo        ] GC(17470) Collectable Garbage: 8395K (99%), Immediate: 8192K (97%), CSet: 203K (2%)
[1366.608s][info][gc,ergo        ] GC(17470) Pacer for Evacuation. Used CSet: 512K, Free: 40448K, Non-Taxable: 4044K, Alloc Tax Rate: 1.1x
[1366.608s][info][gc             ] GC(17470) Pause Final Mark (process weakrefs) 1.613ms
[1366.608s][info][gc,start       ] GC(17470) Concurrent cleanup
[1366.609s][info][gc             ] GC(17470) Concurrent cleanup 86M->82M(128M) 1.245ms
[1366.609s][info][gc,ergo        ] GC(17470) Free: 36096K, Max: 256K regular, 32000K humongous, Frag: 12% external, 15% internal; Reserve: 6653K, Max: 256K
[1366.609s][info][gc,start       ] GC(17470) Concurrent evacuation
[1366.609s][info][gc,task        ] GC(17470) Using 4 of 24 workers for concurrent evacuation
[1366.610s][info][gc             ] GC(17470) Concurrent evacuation 0.962ms
[1366.610s][info][gc,start       ] GC(17470) Pause Init Update Refs
[1366.611s][info][gc,ergo        ] GC(17470) Pacer for Update Refs. Used: 86527K, Free: 34560K, Non-Taxable: 3456K, Alloc Tax Rate: 3.1x
[1366.611s][info][gc             ] GC(17470) Pause Init Update Refs 0.117ms
[1366.611s][info][gc,start       ] GC(17470) Concurrent update references
[1366.611s][info][gc,task        ] GC(17470) Using 4 of 24 workers for concurrent reference update
[1366.625s][info][gc             ] GC(17470) Concurrent update references 14.653ms
[1366.627s][info][gc,start       ] GC(17470) Pause Final Update Refs
[1366.627s][info][gc,task        ] GC(17470) Using 4 of 24 workers for final reference update
[1366.627s][info][gc             ] GC(17470) Pause Final Update Refs 0.276ms
[1366.628s][info][gc,start       ] GC(17470) Concurrent cleanup
[1366.628s][info][gc             ] GC(17470) Concurrent cleanup 111M->111M(128M) 0.172ms
[1366.628s][info][gc             ] GC(17470) Dat log --- cycle is complete
Current gc epoch: 9287
heap: ______
capacity: 134217728
used: 116391944
committed: 134217728
bytes_allocated_since_gc_start: 106814496
hot_size: 0
cold_size: 11869094
num_regions: 512
hot_region_count: 18446744073709538235
cold_region_count: 13383
histogram: Placeholder

[1366.628s][info][gc             ] GC(17470) Obj count ac histogram
[1366.628s][info][gc             ] GC(17470) 	0: 954570
[1366.628s][info][gc             ] GC(17470) 	1: 30
[1366.628s][info][gc             ] GC(17470) 	2: 8697
[1366.628s][info][gc             ] GC(17470) 	3: 16867
[1366.628s][info][gc             ] GC(17470) 	4: 19105
[1366.628s][info][gc             ] GC(17470) 	5: 9751
[1366.628s][info][gc             ] GC(17470) 	6: 35
[1366.628s][info][gc             ] GC(17470) 	7: 15
[1366.628s][info][gc             ] GC(17470) 	8: 0
[1366.628s][info][gc             ] GC(17470) 	9: 0
[1366.628s][info][gc             ] GC(17470) 	10: 0
[1366.628s][info][gc             ] GC(17470) 	11: 0
[1366.628s][info][gc             ] GC(17470) 	12: 0
[1366.628s][info][gc             ] GC(17470) 	13: 0
[1366.628s][info][gc             ] GC(17470) 	14: 0
[1366.628s][info][gc             ] GC(17470) 	15: 0
[1366.628s][info][gc             ] GC(17470) 	16: 0
[1366.628s][info][gc             ] GC(17470) 	17: 0
[1366.628s][info][gc             ] GC(17470) 	18: 0
[1366.628s][info][gc             ] GC(17470) 	19: 0
[1366.628s][info][gc             ] GC(17470) Obj size ac histogram
[1366.628s][info][gc             ] GC(17470) 	0: 8555597
[1366.628s][info][gc             ] GC(17470) 	1: 1440
[1366.628s][info][gc             ] GC(17470) 	2: 108225
[1366.628s][info][gc             ] GC(17470) 	3: 205462
[1366.628s][info][gc             ] GC(17470) 	4: 196897
[1366.628s][info][gc             ] GC(17470) 	5: 75255
[1366.628s][info][gc             ] GC(17470) 	6: 334
[1366.628s][info][gc             ] GC(17470) 	7: 150
[1366.628s][info][gc             ] GC(17470) 	8: 0
[1366.628s][info][gc             ] GC(17470) 	9: 0
[1366.628s][info][gc             ] GC(17470) 	10: 0
[1366.628s][info][gc             ] GC(17470) 	11: 0
[1366.628s][info][gc             ] GC(17470) 	12: 0
[1366.628s][info][gc             ] GC(17470) 	13: 0
[1366.628s][info][gc             ] GC(17470) 	14: 0
[1366.628s][info][gc             ] GC(17470) 	15: 0
[1366.628s][info][gc             ] GC(17470) 	16: 0
[1366.628s][info][gc             ] GC(17470) 	17: 0
[1366.628s][info][gc             ] GC(17470) 	18: 0
[1366.628s][info][gc             ] GC(17470) 	19: 0
[1366.628s][info][gc,ergo        ] Free: 5888K, Max: 256K regular, 3072K humongous, Frag: 48% external, 52% internal; Reserve: 6656K, Max: 256K
[1366.628s][info][gc,stats       ] 
[1366.628s][info][gc,stats       ] All times are wall-clock times, except per-root-class counters, that are sum over
[1366.628s][info][gc,stats       ] all workers. Dividing the <total> over the root stage time estimates parallelism.
[1366.628s][info][gc,stats       ] 
[1366.628s][info][gc,stats       ] Concurrent Reset                    357 us
[1366.628s][info][gc,stats       ] Pause Init Mark (G)                4394 us
[1366.628s][info][gc,stats       ] Pause Init Mark (N)                3482 us
[1366.628s][info][gc,stats       ]   Accumulate Stats                    6 us
[1366.628s][info][gc,stats       ]   Make Parsable                      30 us
[1366.628s][info][gc,stats       ]   Update Region States                6 us
[1366.628s][info][gc,stats       ]   Scan Roots                       2984 us, parallelism: 1.62x
[1366.628s][info][gc,stats       ]     S: <total>                     4849 us
[1366.628s][info][gc,stats       ]     S: Thread Roots                 411 us, workers (us): 249, 158,   1,   3, ---, ---, ---, ---, ---, ---, ---, ---, ---, ---, ---, ---, ---, ---, ---, ---, ---, ---, ---, ---, 
[1366.628s][info][gc,stats       ]     S: Universe Roots                42 us, workers (us):  42, ---, ---, ---, ---, ---, ---, ---, ---, ---, ---, ---, ---, ---, ---, ---, ---, ---, ---, ---, ---, ---, ---, ---, 
[1366.628s][info][gc,stats       ]     S: JNI Handles Roots             27 us, workers (us): ---, ---,  27, ---, ---, ---, ---, ---, ---, ---, ---, ---, ---, ---, ---, ---, ---, ---, ---, ---, ---, ---, ---, ---, 
[1366.628s][info][gc,stats       ]     S: Synchronizer Roots             0 us, workers (us): ---,   0, ---, ---, ---, ---, ---, ---, ---, ---, ---, ---, ---, ---, ---, ---, ---, ---, ---, ---, ---, ---, ---, ---, 
[1366.628s][info][gc,stats       ]     S: Management Roots               3 us, workers (us): ---, ---,   3, ---, ---, ---, ---, ---, ---, ---, ---, ---, ---, ---, ---, ---, ---, ---, ---, ---, ---, ---, ---, ---, 
[1366.628s][info][gc,stats       ]     S: System Dict Roots             40 us, workers (us): ---,  40, ---, ---, ---, ---, ---, ---, ---, ---, ---, ---, ---, ---, ---, ---, ---, ---, ---, ---, ---, ---, ---, ---, 
[1366.628s][info][gc,stats       ]     S: CLDG Roots                  4325 us, workers (us): ---, ---, 1526, 2799, ---, ---, ---, ---, ---, ---, ---, ---, ---, ---, ---, ---, ---, ---, ---, ---, ---, ---, ---, ---, 
[1366.628s][info][gc,stats       ]     S: JVMTI Roots                    1 us, workers (us): ---, ---, ---,   1, ---, ---, ---, ---, ---, ---, ---, ---, ---, ---, ---, ---, ---, ---, ---, ---, ---, ---, ---, ---, 
[1366.629s][info][gc,stats       ]   Resize TLABs                        7 us
[1366.629s][info][gc,stats       ] Concurrent Marking                66375 us
[1366.629s][info][gc,stats       ] Concurrent Precleaning             2276 us
[1366.629s][info][gc,stats       ] Pause Final Mark (G)               1875 us
[1366.629s][info][gc,stats       ] Pause Final Mark (N)               1570 us
[1366.629s][info][gc,stats       ]   Finish Queues                     168 us
[1366.629s][info][gc,stats       ]   Weak References                    45 us
[1366.629s][info][gc,stats       ]     Process                          36 us
[1366.629s][info][gc,stats       ]   System Purge                      477 us
[1366.629s][info][gc,stats       ]     Weak Roots                      476 us
[1366.629s][info][gc,stats       ]   Update Region States               22 us
[1366.629s][info][gc,stats       ]   Retire TLABs                       29 us
[1366.629s][info][gc,stats       ]   Choose Collection Set             104 us
[1366.629s][info][gc,stats       ]   Rebuild Free Set                   16 us
[1366.629s][info][gc,stats       ]   Initial Evacuation                685 us, parallelism: 2.23x
[1366.629s][info][gc,stats       ]     E: <total>                     1525 us
[1366.629s][info][gc,stats       ]     E: Thread Roots                  62 us, workers (us):  29,   3,  30,   1, ---, ---, ---, ---, ---, ---, ---, ---, ---, ---, ---, ---, ---, ---, ---, ---, ---, ---, ---, ---, 
[1366.629s][info][gc,stats       ]     E: Code Cache Roots            1035 us, workers (us): 323, 390, 128, 195, ---, ---, ---, ---, ---, ---, ---, ---, ---, ---, ---, ---, ---, ---, ---, ---, ---, ---, ---, ---, 
[1366.629s][info][gc,stats       ]     E: Universe Roots                 2 us, workers (us):   2, ---, ---, ---, ---, ---, ---, ---, ---, ---, ---, ---, ---, ---, ---, ---, ---, ---, ---, ---, ---, ---, ---, ---, 
[1366.629s][info][gc,stats       ]     E: JNI Handles Roots              1 us, workers (us):   1, ---, ---, ---, ---, ---, ---, ---, ---, ---, ---, ---, ---, ---, ---, ---, ---, ---, ---, ---, ---, ---, ---, ---, 
[1366.629s][info][gc,stats       ]     E: Synchronizer Roots             0 us, workers (us):   0, ---, ---, ---, ---, ---, ---, ---, ---, ---, ---, ---, ---, ---, ---, ---, ---, ---, ---, ---, ---, ---, ---, ---, 
[1366.629s][info][gc,stats       ]     E: Management Roots               1 us, workers (us):   1, ---, ---, ---, ---, ---, ---, ---, ---, ---, ---, ---, ---, ---, ---, ---, ---, ---, ---, ---, ---, ---, ---, ---, 
[1366.629s][info][gc,stats       ]     E: System Dict Roots              3 us, workers (us):   3, ---, ---, ---, ---, ---, ---, ---, ---, ---, ---, ---, ---, ---, ---, ---, ---, ---, ---, ---, ---, ---, ---, ---, 
[1366.629s][info][gc,stats       ]     E: CLDG Roots                   419 us, workers (us): ---, ---, 192, 226, ---, ---, ---, ---, ---, ---, ---, ---, ---, ---, ---, ---, ---, ---, ---, ---, ---, ---, ---, ---, 
[1366.629s][info][gc,stats       ]     E: JVMTI Roots                    0 us, workers (us):   0, ---, ---, ---, ---, ---, ---, ---, ---, ---, ---, ---, ---, ---, ---, ---, ---, ---, ---, ---, ---, ---, ---, ---, 
[1366.629s][info][gc,stats       ] Concurrent Cleanup                 1198 us
[1366.629s][info][gc,stats       ] Concurrent Evacuation               947 us
[1366.629s][info][gc,stats       ] Pause Init  Update Refs (G)         356 us
[1366.629s][info][gc,stats       ] Pause Init  Update Refs (N)          74 us
[1366.629s][info][gc,stats       ]   Retire GCLABs                      52 us
[1366.629s][info][gc,stats       ] Concurrent Update Refs            14624 us
[1366.629s][info][gc,stats       ] Pause Final Update Refs (G)        2189 us
[1366.629s][info][gc,stats       ] Pause Final Update Refs (N)         225 us
[1366.629s][info][gc,stats       ]   Update Roots                      170 us, parallelism: 1.08x
[1366.629s][info][gc,stats       ]     UR: <total>                     183 us
[1366.629s][info][gc,stats       ]     UR: Thread Roots                183 us, workers (us):  82,  42,  26,  32, ---, ---, ---, ---, ---, ---, ---, ---, ---, ---, ---, ---, ---, ---, ---, ---, ---, ---, ---, ---, 
[1366.629s][info][gc,stats       ]   Update Region States               11 us
[1366.629s][info][gc,stats       ]   Trash Collection Set                6 us
[1366.629s][info][gc,stats       ]   Rebuild Free Set                   15 us
[1366.629s][info][gc,stats       ] Concurrent Cleanup                  126 us
[1366.629s][info][gc,stats       ] Pacing                            77936 us
[1366.629s][info][gc,stats       ] 
[1366.629s][info][gc,stats       ] Allocation pacing accrued:
[1366.629s][info][gc,stats       ]      78 of   107 ms ( 72.6%): pl.nadoba.jvm.gc.benchmark.App.main()
[1366.629s][info][gc,stats       ]      78 of   107 ms ( 72.6%): <total>
[1366.629s][info][gc,stats       ]       8 of   107 ms (  7.3%): <average total>
[1366.629s][info][gc,stats       ]      78 of   107 ms ( 72.6%): <average non-zero>
[1366.629s][info][gc,stats       ] 
[1366.629s][info][gc,metaspace   ] Metaspace: 24233K->24233K(1071104K)
[1366.629s][info][gc,ergo        ] Pacer for Idle. Initial: 2621K, Alloc Tax Rate: 1.0x
[1366.630s][info][gc             ] Trigger: Free (5888K) is below minimum threshold (13107K)
[1366.630s][info][gc,ergo        ] Free: 5888K, Max: 256K regular, 3072K humongous, Frag: 48% external, 52% internal; Reserve: 6656K, Max: 256K
[1366.630s][info][gc,start       ] GC(17471) Concurrent reset
[1366.630s][info][gc,task        ] GC(17471) Using 4 of 24 workers for concurrent reset
[1366.630s][info][gc,ergo        ] GC(17471) Pacer for Reset. Non-Taxable: 128M
[1366.631s][info][gc             ] GC(17471) Concurrent reset 0.620ms
[1366.631s][info][gc,start       ] GC(17471) Pause Init Mark
[1366.631s][info][gc,task        ] GC(17471) Using 4 of 24 workers for init marking
[1366.635s][info][gc,ergo        ] GC(17471) Pacer for Mark. Expected Live: 11284K, Free: 5888K, Non-Taxable: 588K, Alloc Tax Rate: 2.3x
[1366.635s][info][gc             ] GC(17471) Pause Init Mark 3.945ms
[1366.635s][info][gc             ] Failed to allocate Shared, 4096K
[1366.635s][info][gc             ] Cancelling GC: Allocation Failure
[1366.635s][info][gc,start       ] GC(17471) Concurrent marking
[1366.635s][info][gc,task        ] GC(17471) Using 4 of 24 workers for concurrent marking
[1366.640s][info][gc             ] GC(17471) Concurrent marking 5.079ms
[1366.640s][info][gc,ergo        ] Free: 5888K, Max: 256K regular, 3072K humongous, Frag: 48% external, 52% internal; Reserve: 6656K, Max: 256K
[1366.640s][info][gc,stats       ] 
[1366.640s][info][gc,stats       ] All times are wall-clock times, except per-root-class counters, that are sum over
[1366.640s][info][gc,stats       ] all workers. Dividing the <total> over the root stage time estimates parallelism.
[1366.640s][info][gc,stats       ] 
[1366.640s][info][gc,stats       ] Concurrent Reset                    602 us
[1366.640s][info][gc,stats       ] Pause Init Mark (G)                4252 us
[1366.640s][info][gc,stats       ] Pause Init Mark (N)                3901 us
[1366.640s][info][gc,stats       ]   Accumulate Stats                    6 us
[1366.641s][info][gc,stats       ]   Make Parsable                      51 us
[1366.641s][info][gc,stats       ]   Update Region States                8 us
[1366.641s][info][gc,stats       ]   Scan Roots                       3323 us, parallelism: 1.85x
[1366.641s][info][gc,stats       ]     S: <total>                     6156 us
[1366.641s][info][gc,stats       ]     S: Thread Roots                 355 us, workers (us):   2, 196, 155,   2, ---, ---, ---, ---, ---, ---, ---, ---, ---, ---, ---, ---, ---, ---, ---, ---, ---, ---, ---, ---, 
[1366.641s][info][gc,stats       ]     S: Universe Roots                25 us, workers (us):  25, ---, ---, ---, ---, ---, ---, ---, ---, ---, ---, ---, ---, ---, ---, ---, ---, ---, ---, ---, ---, ---, ---, ---, 
[1366.641s][info][gc,stats       ]     S: JNI Handles Roots             20 us, workers (us): ---,  20, ---, ---, ---, ---, ---, ---, ---, ---, ---, ---, ---, ---, ---, ---, ---, ---, ---, ---, ---, ---, ---, ---, 
[1366.641s][info][gc,stats       ]     S: Synchronizer Roots             0 us, workers (us): ---,   0, ---, ---, ---, ---, ---, ---, ---, ---, ---, ---, ---, ---, ---, ---, ---, ---, ---, ---, ---, ---, ---, ---, 
[1366.641s][info][gc,stats       ]     S: Management Roots               2 us, workers (us): ---,   2, ---, ---, ---, ---, ---, ---, ---, ---, ---, ---, ---, ---, ---, ---, ---, ---, ---, ---, ---, ---, ---, ---, 
[1366.641s][info][gc,stats       ]     S: System Dict Roots             41 us, workers (us): ---, ---,  41, ---, ---, ---, ---, ---, ---, ---, ---, ---, ---, ---, ---, ---, ---, ---, ---, ---, ---, ---, ---, ---, 
[1366.641s][info][gc,stats       ]     S: CLDG Roots                  5712 us, workers (us): 2580, ---, ---, 3131, ---, ---, ---, ---, ---, ---, ---, ---, ---, ---, ---, ---, ---, ---, ---, ---, ---, ---, ---, ---, 
[1366.641s][info][gc,stats       ]     S: JVMTI Roots                    0 us, workers (us): ---,   0, ---, ---, ---, ---, ---, ---, ---, ---, ---, ---, ---, ---, ---, ---, ---, ---, ---, ---, ---, ---, ---, ---, 
[1366.641s][info][gc,stats       ]   Resize TLABs                        7 us
[1366.641s][info][gc,stats       ] Concurrent Marking                 5022 us
[1366.641s][info][gc,stats       ] Pacing                             5476 us
[1366.641s][info][gc,stats       ] 
[1366.641s][info][gc,stats       ] Allocation pacing accrued:
[1366.641s][info][gc,stats       ]       5 of    12 ms ( 46.7%): pl.nadoba.jvm.gc.benchmark.App.main()
[1366.641s][info][gc,stats       ]       5 of    12 ms ( 46.7%): <total>
[1366.641s][info][gc,stats       ]       1 of    12 ms (  4.7%): <average total>
[1366.641s][info][gc,stats       ]       5 of    12 ms ( 46.7%): <average non-zero>
[1366.641s][info][gc,stats       ] 
[1366.641s][info][gc,metaspace   ] Metaspace: 24233K->24233K(1071104K)
[1366.641s][info][gc,ergo        ] Pacer for Idle. Initial: 2621K, Alloc Tax Rate: 1.0x
[1366.642s][info][gc             ] Trigger: Handle Allocation Failure
[1366.642s][info][gc,ergo        ] Free: 5888K, Max: 256K regular, 3072K humongous, Frag: 48% external, 52% internal; Reserve: 6656K, Max: 256K
[1366.642s][info][gc,start       ] GC(17472) Pause Degenerated GC (Mark)
[1366.642s][info][gc,task        ] GC(17472) Using 4 of 24 workers for stw degenerated gc
[1366.704s][info][gc,ergo        ] GC(17472) CSet Selection. Actual Free: 114M, Max CSet: 87744K
[1366.704s][info][gc,ergo        ] GC(17472) Collectable Garbage: 102M (99%), Immediate: 102M (99%), CSet: 578K (0%)
[1366.704s][info][gc,ergo        ] GC(17472) Pacer for Evacuation. Used CSet: 768K, Free: 112M, Non-Taxable: 11520K, Alloc Tax Rate: 1.1x
[1366.720s][info][gc,ergo        ] GC(17472) Pacer for Update Refs. Used: 9471K, Free: 112M, Non-Taxable: 11520K, Alloc Tax Rate: 1.1x
[1366.734s][info][gc,ergo        ] GC(17472) Good progress for free space: 113M, need 1310K
[1366.734s][info][gc,ergo        ] GC(17472) Good progress for used space: 102M, need 256K
[1366.734s][info][gc             ] GC(17472) Pause Degenerated GC (Mark) 111M->8M(128M) 92.031ms
[1366.734s][info][gc,ergo        ] Free: 113M, Max: 256K regular, 113M humongous, Frag: 0% external, 5% internal; Reserve: 6656K, Max: 256K
[1366.734s][info][gc,stats       ] 
[1366.734s][info][gc,stats       ] All times are wall-clock times, except per-root-class counters, that are sum over
[1366.734s][info][gc,stats       ] all workers. Dividing the <total> over the root stage time estimates parallelism.
[1366.735s][info][gc,stats       ] 
[1366.735s][info][gc,stats       ]   Finish Queues                   60468 us
[1366.735s][info][gc,stats       ]   System Purge                      357 us
[1366.735s][info][gc,stats       ]     Weak Roots                      356 us
[1366.735s][info][gc,stats       ]   Update Region States               20 us
[1366.735s][info][gc,stats       ]   Retire TLABs                        8 us
[1366.735s][info][gc,stats       ]   Choose Collection Set             473 us
[1366.735s][info][gc,stats       ]   Rebuild Free Set                   23 us
[1366.735s][info][gc,stats       ]   Initial Evacuation                 16 us
[1366.735s][info][gc,stats       ]   Retire GCLABs                      11 us
[1366.735s][info][gc,stats       ]   Finish Work                     12841 us
[1366.735s][info][gc,stats       ]   Update Region States                7 us
[1366.735s][info][gc,stats       ]   Trash Collection Set                2 us
[1366.735s][info][gc,stats       ]   Rebuild Free Set                    7 us
[1366.735s][info][gc,stats       ] Pause Degenerated GC (G)          92317 us
[1366.735s][info][gc,stats       ] Pause Degenerated GC (N)          91987 us
[1366.735s][info][gc,stats       ]   Degen Update Roots                909 us, parallelism: 1.96x
[1366.735s][info][gc,stats       ]     DU: <total>                    1778 us
[1366.735s][info][gc,stats       ]     DU: Thread Roots                112 us, workers (us):   2,  36,   2,  72, ---, ---, ---, ---, ---, ---, ---, ---, ---, ---, ---, ---, ---, ---, ---, ---, ---, ---, ---, ---, 
[1366.735s][info][gc,stats       ]     DU: Code Cache Roots           1167 us, workers (us): 449, 159, 424, 135, ---, ---, ---, ---, ---, ---, ---, ---, ---, ---, ---, ---, ---, ---, ---, ---, ---, ---, ---, ---, 
[1366.735s][info][gc,stats       ]     DU: Universe Roots                7 us, workers (us):   7, ---, ---, ---, ---, ---, ---, ---, ---, ---, ---, ---, ---, ---, ---, ---, ---, ---, ---, ---, ---, ---, ---, ---, 
[1366.735s][info][gc,stats       ]     DU: JNI Handles Roots             3 us, workers (us):   3, ---, ---, ---, ---, ---, ---, ---, ---, ---, ---, ---, ---, ---, ---, ---, ---, ---, ---, ---, ---, ---, ---, ---, 
[1366.735s][info][gc,stats       ]     DU: Synchronizer Roots            0 us, workers (us):   0, ---, ---, ---, ---, ---, ---, ---, ---, ---, ---, ---, ---, ---, ---, ---, ---, ---, ---, ---, ---, ---, ---, ---, 
[1366.735s][info][gc,stats       ]     DU: Management Roots              2 us, workers (us):   2, ---, ---, ---, ---, ---, ---, ---, ---, ---, ---, ---, ---, ---, ---, ---, ---, ---, ---, ---, ---, ---, ---, ---, 
[1366.735s][info][gc,stats       ]     DU: System Dict Roots            17 us, workers (us): ---,  17, ---, ---, ---, ---, ---, ---, ---, ---, ---, ---, ---, ---, ---, ---, ---, ---, ---, ---, ---, ---, ---, ---, 
[1366.735s][info][gc,stats       ]     DU: CLDG Roots                  470 us, workers (us): ---, 234, ---, 236, ---, ---, ---, ---, ---, ---, ---, ---, ---, ---, ---, ---, ---, ---, ---, ---, ---, ---, ---, ---, 
[1366.735s][info][gc,stats       ]     DU: JVMTI Roots                   1 us, workers (us):   1, ---, ---, ---, ---, ---, ---, ---, ---, ---, ---, ---, ---, ---, ---, ---, ---, ---, ---, ---, ---, ---, ---, ---, 
[1366.735s][info][gc,stats       ] 
[1366.735s][info][gc,stats       ] Allocation pacing accrued:
[1366.735s][info][gc,stats       ]       0 of    94 ms (  0.0%): <total>
[1366.735s][info][gc,stats       ]       0 of    94 ms (  0.0%): <average total>
[1366.735s][info][gc,stats       ] 
[1366.735s][info][gc,metaspace   ] Metaspace: 24233K->24233K(1071104K)
[1366.735s][info][gc,ergo        ] Pacer for Idle. Initial: 2621K, Alloc Tax Rate: 1.0x
[1366.748s][info][gc             ] Trigger: Allocated since last cycle (16640K) is larger than allocation threshold (13107K)
[1366.748s][info][gc,ergo        ] Free: 99072K, Max: 256K regular, 99072K humongous, Frag: 0% external, 0% internal; Reserve: 6656K, Max: 256K
[1366.748s][info][gc,start       ] GC(17473) Concurrent reset
[1366.748s][info][gc,task        ] GC(17473) Using 4 of 24 workers for concurrent reset
[1366.748s][info][gc,ergo        ] GC(17473) Pacer for Reset. Non-Taxable: 128M
[1366.748s][info][gc             ] GC(17473) Concurrent reset 0.388ms
[1366.750s][info][gc,start       ] GC(17473) Pause Init Mark
[1366.750s][info][gc,task        ] GC(17473) Using 4 of 24 workers for init marking
[1366.752s][info][gc,ergo        ] GC(17473) Pacer for Mark. Expected Live: 11284K, Free: 93696K, Non-Taxable: 9369K, Alloc Tax Rate: 0.1x
[1366.752s][info][gc             ] GC(17473) Pause Init Mark 2.416ms
[1366.752s][info][gc,start       ] GC(17473) Concurrent marking
[1366.752s][info][gc,task        ] GC(17473) Using 4 of 24 workers for concurrent marking
[1366.816s][info][gc             ] GC(17473) Concurrent marking 63.370ms
[1366.816s][info][gc,start       ] GC(17473) Pause Final Mark
[1366.816s][info][gc,task        ] GC(17473) Using 4 of 24 workers for final marking
[1366.816s][info][gc,ergo        ] GC(17473) CSet Selection. Actual Free: 69120K, Max CSet: 51840K
[1366.816s][info][gc,ergo        ] GC(17473) Collectable Garbage: 15682K (99%), Immediate: 15360K (97%), CSet: 322K (2%)
[1366.817s][info][gc,ergo        ] GC(17473) Pacer for Evacuation. Used CSet: 512K, Free: 63488K, Non-Taxable: 6348K, Alloc Tax Rate: 1.1x
[1366.817s][info][gc             ] GC(17473) Pause Final Mark 1.353ms
[1366.817s][info][gc,start       ] GC(17473) Concurrent cleanup
[1366.820s][info][gc             ] GC(17473) Concurrent cleanup 71M->65M(128M) 2.562ms
[1366.820s][info][gc,ergo        ] GC(17473) Free: 55040K, Max: 256K regular, 47104K humongous, Frag: 15% external, 10% internal; Reserve: 6651K, Max: 256K
[1366.820s][info][gc,start       ] GC(17473) Concurrent evacuation
[1366.820s][info][gc,task        ] GC(17473) Using 4 of 24 workers for concurrent evacuation
[1366.820s][info][gc             ] GC(17473) Concurrent evacuation 0.486ms
[1366.820s][info][gc,start       ] GC(17473) Pause Init Update Refs
[1366.821s][info][gc,ergo        ] GC(17473) Pacer for Update Refs. Used: 67071K, Free: 54784K, Non-Taxable: 5478K, Alloc Tax Rate: 1.5x
[1366.821s][info][gc             ] GC(17473) Pause Init Update Refs 0.082ms
[1366.821s][info][gc,start       ] GC(17473) Concurrent update references
[1366.821s][info][gc,task        ] GC(17473) Using 4 of 24 workers for concurrent reference update
[1366.836s][info][gc             ] GC(17473) Concurrent update references 15.204ms
[1366.836s][info][gc,start       ] GC(17473) Pause Final Update Refs
[1366.836s][info][gc,task        ] GC(17473) Using 4 of 24 workers for final reference update
[1366.836s][info][gc             ] GC(17473) Pause Final Update Refs 0.257ms
[1366.836s][info][gc,start       ] GC(17473) Concurrent cleanup
[1366.837s][info][gc             ] GC(17473) Concurrent cleanup 80M->79M(128M) 0.164ms
[1366.837s][info][gc             ] GC(17473) Dat log --- cycle is complete
Current gc epoch: 9288
heap: ______
capacity: 134217728
used: 83885896
committed: 134217728
bytes_allocated_since_gc_start: 78381656
hot_size: 0
cold_size: 5599386
num_regions: 512
hot_region_count: 18446744073709538232
cold_region_count: 13385
histogram: Placeholder

[1366.837s][info][gc             ] GC(17473) Obj count ac histogram
[1366.837s][info][gc             ] GC(17473) 	0: 493781
[1366.837s][info][gc             ] GC(17473) 	1: 13
[1366.837s][info][gc             ] GC(17473) 	2: 17
[1366.837s][info][gc             ] GC(17473) 	3: 4
[1366.837s][info][gc             ] GC(17473) 	4: 0
[1366.837s][info][gc             ] GC(17473) 	5: 0
[1366.837s][info][gc             ] GC(17473) 	6: 0
[1366.837s][info][gc             ] GC(17473) 	7: 0
[1366.837s][info][gc             ] GC(17473) 	8: 0
[1366.837s][info][gc             ] GC(17473) 	9: 0
[1366.837s][info][gc             ] GC(17473) 	10: 0
[1366.837s][info][gc             ] GC(17473) 	11: 0
[1366.837s][info][gc             ] GC(17473) 	12: 0
[1366.837s][info][gc             ] GC(17473) 	13: 0
[1366.837s][info][gc             ] GC(17473) 	14: 0
[1366.837s][info][gc             ] GC(17473) 	15: 0
[1366.837s][info][gc             ] GC(17473) 	16: 0
[1366.837s][info][gc             ] GC(17473) 	17: 0
[1366.837s][info][gc             ] GC(17473) 	18: 0
[1366.837s][info][gc             ] GC(17473) 	19: 0
[1366.837s][info][gc             ] GC(17473) Obj size ac histogram
[1366.837s][info][gc             ] GC(17473) 	0: 4616408
[1366.837s][info][gc             ] GC(17473) 	1: 624
[1366.837s][info][gc             ] GC(17473) 	2: 816
[1366.837s][info][gc             ] GC(17473) 	3: 28
[1366.837s][info][gc             ] GC(17473) 	4: 0
[1366.837s][info][gc             ] GC(17473) 	5: 0
[1366.837s][info][gc             ] GC(17473) 	6: 0
[1366.837s][info][gc             ] GC(17473) 	7: 0
[1366.837s][info][gc             ] GC(17473) 	8: 0
[1366.837s][info][gc             ] GC(17473) 	9: 0
[1366.837s][info][gc             ] GC(17473) 	10: 0
[1366.837s][info][gc             ] GC(17473) 	11: 0
[1366.837s][info][gc             ] GC(17473) 	12: 0
[1366.837s][info][gc             ] GC(17473) 	13: 0
[1366.837s][info][gc             ] GC(17473) 	14: 0
[1366.837s][info][gc             ] GC(17473) 	15: 0
[1366.837s][info][gc             ] GC(17473) 	16: 0
[1366.837s][info][gc             ] GC(17473) 	17: 0
[1366.837s][info][gc             ] GC(17473) 	18: 0
[1366.837s][info][gc             ] GC(17473) 	19: 0
[1366.837s][info][gc,ergo        ] Free: 39168K, Max: 256K regular, 31232K humongous, Frag: 21% external, 14% internal; Reserve: 6656K, Max: 256K
[1366.837s][info][gc,stats       ] 
[1366.837s][info][gc,stats       ] All times are wall-clock times, except per-root-class counters, that are sum over
[1366.837s][info][gc,stats       ] all workers. Dividing the <total> over the root stage time estimates parallelism.
[1366.837s][info][gc,stats       ] 
[1366.837s][info][gc,stats       ] Concurrent Reset                    369 us
[1366.837s][info][gc,stats       ] Pause Init Mark (G)                4052 us
[1366.837s][info][gc,stats       ] Pause Init Mark (N)                2368 us
[1366.837s][info][gc,stats       ]   Accumulate Stats                    4 us
[1366.837s][info][gc,stats       ]   Make Parsable                      39 us
[1366.837s][info][gc,stats       ]   Update Region States               12 us
[1366.837s][info][gc,stats       ]   Scan Roots                       1974 us, parallelism: 1.63x
[1366.837s][info][gc,stats       ]     S: <total>                     3221 us
[1366.837s][info][gc,stats       ]     S: Thread Roots                 230 us, workers (us): 125, 102,   2,   1, ---, ---, ---, ---, ---, ---, ---, ---, ---, ---, ---, ---, ---, ---, ---, ---, ---, ---, ---, ---, 
[1366.837s][info][gc,stats       ]     S: Universe Roots                25 us, workers (us):  25, ---, ---, ---, ---, ---, ---, ---, ---, ---, ---, ---, ---, ---, ---, ---, ---, ---, ---, ---, ---, ---, ---, ---, 
[1366.837s][info][gc,stats       ]     S: JNI Handles Roots             15 us, workers (us):  15, ---, ---, ---, ---, ---, ---, ---, ---, ---, ---, ---, ---, ---, ---, ---, ---, ---, ---, ---, ---, ---, ---, ---, 
[1366.837s][info][gc,stats       ]     S: Synchronizer Roots             0 us, workers (us): ---,   0, ---, ---, ---, ---, ---, ---, ---, ---, ---, ---, ---, ---, ---, ---, ---, ---, ---, ---, ---, ---, ---, ---, 
[1366.837s][info][gc,stats       ]     S: Management Roots               1 us, workers (us): ---,   1, ---, ---, ---, ---, ---, ---, ---, ---, ---, ---, ---, ---, ---, ---, ---, ---, ---, ---, ---, ---, ---, ---, 
[1366.837s][info][gc,stats       ]     S: System Dict Roots             27 us, workers (us): ---,  27, ---, ---, ---, ---, ---, ---, ---, ---, ---, ---, ---, ---, ---, ---, ---, ---, ---, ---, ---, ---, ---, ---, 
[1366.837s][info][gc,stats       ]     S: CLDG Roots                  2922 us, workers (us): ---, ---, 1800, 1121, ---, ---, ---, ---, ---, ---, ---, ---, ---, ---, ---, ---, ---, ---, ---, ---, ---, ---, ---, ---, 
[1366.837s][info][gc,stats       ]     S: JVMTI Roots                    1 us, workers (us): ---, ---,   1, ---, ---, ---, ---, ---, ---, ---, ---, ---, ---, ---, ---, ---, ---, ---, ---, ---, ---, ---, ---, ---, 
[1366.837s][info][gc,stats       ]   Resize TLABs                        3 us
[1366.837s][info][gc,stats       ] Concurrent Marking                63315 us
[1366.837s][info][gc,stats       ] Pause Final Mark (G)               1540 us
[1366.837s][info][gc,stats       ] Pause Final Mark (N)               1317 us
[1366.837s][info][gc,stats       ]   Finish Queues                     150 us
[1366.837s][info][gc,stats       ]   System Purge                      360 us
[1366.837s][info][gc,stats       ]     Weak Roots                      359 us
[1366.837s][info][gc,stats       ]   Update Region States               19 us
[1366.837s][info][gc,stats       ]   Retire TLABs                       48 us
[1366.837s][info][gc,stats       ]   Choose Collection Set              93 us
[1366.837s][info][gc,stats       ]   Rebuild Free Set                   15 us
[1366.838s][info][gc,stats       ]   Initial Evacuation                611 us, parallelism: 2.28x
[1366.838s][info][gc,stats       ]     E: <total>                     1394 us
[1366.838s][info][gc,stats       ]     E: Thread Roots                  97 us, workers (us):   1,  30,  64,   2, ---, ---, ---, ---, ---, ---, ---, ---, ---, ---, ---, ---, ---, ---, ---, ---, ---, ---, ---, ---, 
[1366.838s][info][gc,stats       ]     E: Code Cache Roots             975 us, workers (us): 328, 215, 288, 144, ---, ---, ---, ---, ---, ---, ---, ---, ---, ---, ---, ---, ---, ---, ---, ---, ---, ---, ---, ---, 
[1366.838s][info][gc,stats       ]     E: Universe Roots                 5 us, workers (us):   5, ---, ---, ---, ---, ---, ---, ---, ---, ---, ---, ---, ---, ---, ---, ---, ---, ---, ---, ---, ---, ---, ---, ---, 
[1366.838s][info][gc,stats       ]     E: JNI Handles Roots              1 us, workers (us): ---,   1, ---, ---, ---, ---, ---, ---, ---, ---, ---, ---, ---, ---, ---, ---, ---, ---, ---, ---, ---, ---, ---, ---, 
[1366.838s][info][gc,stats       ]     E: Synchronizer Roots             0 us, workers (us): ---,   0, ---, ---, ---, ---, ---, ---, ---, ---, ---, ---, ---, ---, ---, ---, ---, ---, ---, ---, ---, ---, ---, ---, 
[1366.838s][info][gc,stats       ]     E: Management Roots               1 us, workers (us): ---,   1, ---, ---, ---, ---, ---, ---, ---, ---, ---, ---, ---, ---, ---, ---, ---, ---, ---, ---, ---, ---, ---, ---, 
[1366.838s][info][gc,stats       ]     E: System Dict Roots              9 us, workers (us):   9, ---, ---, ---, ---, ---, ---, ---, ---, ---, ---, ---, ---, ---, ---, ---, ---, ---, ---, ---, ---, ---, ---, ---, 
[1366.838s][info][gc,stats       ]     E: CLDG Roots                   306 us, workers (us): ---,  93, ---, 213, ---, ---, ---, ---, ---, ---, ---, ---, ---, ---, ---, ---, ---, ---, ---, ---, ---, ---, ---, ---, 
[1366.838s][info][gc,stats       ]     E: JVMTI Roots                    0 us, workers (us): ---,   0, ---, ---, ---, ---, ---, ---, ---, ---, ---, ---, ---, ---, ---, ---, ---, ---, ---, ---, ---, ---, ---, ---, 
[1366.838s][info][gc,stats       ] Concurrent Cleanup                 2514 us
[1366.838s][info][gc,stats       ] Concurrent Evacuation               470 us
[1366.838s][info][gc,stats       ] Pause Init  Update Refs (G)         323 us
[1366.838s][info][gc,stats       ] Pause Init  Update Refs (N)          38 us
[1366.838s][info][gc,stats       ]   Retire GCLABs                      18 us
[1366.838s][info][gc,stats       ] Concurrent Update Refs            15174 us
[1366.838s][info][gc,stats       ] Pause Final Update Refs (G)         530 us
[1366.838s][info][gc,stats       ] Pause Final Update Refs (N)         213 us
[1366.838s][info][gc,stats       ]   Update Roots                      156 us, parallelism: 0.91x
[1366.838s][info][gc,stats       ]     UR: <total>                     143 us
[1366.838s][info][gc,stats       ]     UR: Thread Roots                143 us, workers (us):  79,  39,  19,   5, ---, ---, ---, ---, ---, ---, ---, ---, ---, ---, ---, ---, ---, ---, ---, ---, ---, ---, ---, ---, 
[1366.838s][info][gc,stats       ]   Update Region States               11 us
[1366.838s][info][gc,stats       ]   Trash Collection Set                6 us
[1366.838s][info][gc,stats       ]   Rebuild Free Set                   16 us
[1366.838s][info][gc,stats       ] Concurrent Cleanup                  134 us
[1366.838s][info][gc,stats       ] Pacing                            77732 us
[1366.838s][info][gc,stats       ] 
[1366.838s][info][gc,stats       ] Allocation pacing accrued:
[1366.838s][info][gc,stats       ]      78 of   103 ms ( 75.5%): pl.nadoba.jvm.gc.benchmark.App.main()
[1366.838s][info][gc,stats       ]      78 of   103 ms ( 75.5%): <total>
[1366.838s][info][gc,stats       ]       8 of   103 ms (  7.5%): <average total>
[1366.838s][info][gc,stats       ]      78 of   103 ms ( 75.5%): <average non-zero>
[1366.838s][info][gc,stats       ] 
[1366.838s][info][gc,metaspace   ] Metaspace: 24233K->24233K(1071104K)
[1366.838s][info][gc,ergo        ] Pacer for Idle. Initial: 2621K, Alloc Tax Rate: 1.0x
[1366.839s][info][gc             ] Trigger: Allocated since last cycle (81920K) is larger than allocation threshold (13107K)
[1366.839s][info][gc,ergo        ] Free: 33792K, Max: 256K regular, 25856K humongous, Frag: 24% external, 15% internal; Reserve: 6656K, Max: 256K
[1366.839s][info][gc,start       ] GC(17474) Concurrent reset
[1366.839s][info][gc,task        ] GC(17474) Using 4 of 24 workers for concurrent reset
[1366.839s][info][gc,ergo        ] GC(17474) Pacer for Reset. Non-Taxable: 128M
[1366.840s][info][gc             ] GC(17474) Concurrent reset 0.503ms
[1366.840s][info][gc,start       ] GC(17474) Pause Init Mark
[1366.840s][info][gc,task        ] GC(17474) Using 4 of 24 workers for init marking
[1366.843s][info][gc,ergo        ] GC(17474) Pacer for Mark. Expected Live: 12308K, Free: 33792K, Non-Taxable: 3379K, Alloc Tax Rate: 0.4x
[1366.843s][info][gc             ] GC(17474) Pause Init Mark 3.391ms
[1366.843s][info][gc,start       ] GC(17474) Concurrent marking
[1366.843s][info][gc,task        ] GC(17474) Using 4 of 24 workers for concurrent marking
[1366.904s][info][gc             ] GC(17474) Concurrent marking 60.208ms
[1366.904s][info][gc,start       ] GC(17474) Pause Final Mark
[1366.904s][info][gc,task        ] GC(17474) Using 4 of 24 workers for final marking
[1366.905s][info][gc,ergo        ] GC(17474) CSet Selection. Actual Free: 93440K, Max CSet: 70080K
[1366.905s][info][gc,ergo        ] GC(17474) Collectable Garbage: 78402K (99%), Immediate: 78080K (99%), CSet: 322K (0%)
[1366.905s][info][gc,ergo        ] GC(17474) Pacer for Evacuation. Used CSet: 512K, Free: 90368K, Non-Taxable: 9036K, Alloc Tax Rate: 1.1x
[1366.905s][info][gc             ] GC(17474) Pause Final Mark 1.570ms
[1366.905s][info][gc,start       ] GC(17474) Concurrent cleanup
[1366.917s][info][gc             ] GC(17474) Concurrent cleanup 108M->38M(128M) 11.706ms
[1366.917s][info][gc,ergo        ] GC(17474) Free: 83712K, Max: 256K regular, 80384K humongous, Frag: 4% external, 0% internal; Reserve: 6653K, Max: 256K
[1366.917s][info][gc,start       ] GC(17474) Concurrent evacuation
[1366.917s][info][gc,task        ] GC(17474) Using 4 of 24 workers for concurrent evacuation
[1366.918s][info][gc             ] GC(17474) Concurrent evacuation 1.040ms
[1366.918s][info][gc,start       ] GC(17474) Pause Init Update Refs
[1366.918s][info][gc,ergo        ] GC(17474) Pacer for Update Refs. Used: 39423K, Free: 83712K, Non-Taxable: 8371K, Alloc Tax Rate: 1.1x
[1366.918s][info][gc             ] GC(17474) Pause Init Update Refs 0.085ms
[1366.918s][info][gc,start       ] GC(17474) Concurrent update references
[1366.918s][info][gc,task        ] GC(17474) Using 4 of 24 workers for concurrent reference update
[1366.933s][info][gc             ] GC(17474) Concurrent update references 14.410ms
[1366.933s][info][gc,start       ] GC(17474) Pause Final Update Refs
[1366.933s][info][gc,task        ] GC(17474) Using 4 of 24 workers for final reference update
[1366.933s][info][gc             ] GC(17474) Pause Final Update Refs 0.265ms
[1366.933s][info][gc,start       ] GC(17474) Concurrent cleanup
[1366.934s][info][gc             ] GC(17474) Concurrent cleanup 53M->52M(128M) 0.125ms
[1366.934s][info][gc             ] GC(17474) Dat log --- cycle is complete
Current gc epoch: 9289
heap: ______
capacity: 134217728
used: 55574184
committed: 134217728
bytes_allocated_since_gc_start: 48759984
hot_size: 0
cold_size: 2930765
num_regions: 512
hot_region_count: 18446744073709538231
cold_region_count: 13386
histogram: Placeholder

[1366.934s][info][gc             ] GC(17474) Obj count ac histogram
[1366.934s][info][gc             ] GC(17474) 	0: 252260
[1366.934s][info][gc             ] GC(17474) 	1: 15
[1366.934s][info][gc             ] GC(17474) 	2: 2
[1366.934s][info][gc             ] GC(17474) 	3: 0
[1366.934s][info][gc             ] GC(17474) 	4: 0
[1366.934s][info][gc             ] GC(17474) 	5: 0
[1366.934s][info][gc             ] GC(17474) 	6: 0
[1366.934s][info][gc             ] GC(17474) 	7: 0
[1366.934s][info][gc             ] GC(17474) 	8: 0
[1366.934s][info][gc             ] GC(17474) 	9: 0
[1366.934s][info][gc             ] GC(17474) 	10: 0
[1366.934s][info][gc             ] GC(17474) 	11: 0
[1366.934s][info][gc             ] GC(17474) 	12: 0
[1366.934s][info][gc             ] GC(17474) 	13: 0
[1366.934s][info][gc             ] GC(17474) 	14: 0
[1366.934s][info][gc             ] GC(17474) 	15: 0
[1366.934s][info][gc             ] GC(17474) 	16: 0
[1366.934s][info][gc             ] GC(17474) 	17: 0
[1366.934s][info][gc             ] GC(17474) 	18: 0
[1366.934s][info][gc             ] GC(17474) 	19: 0
[1366.934s][info][gc             ] GC(17474) Obj size ac histogram
[1366.934s][info][gc             ] GC(17474) 	0: 2405816
[1366.934s][info][gc             ] GC(17474) 	1: 720
[1366.934s][info][gc             ] GC(17474) 	2: 14
[1366.934s][info][gc             ] GC(17474) 	3: 0
[1366.934s][info][gc             ] GC(17474) 	4: 0
[1366.934s][info][gc             ] GC(17474) 	5: 0
[1366.934s][info][gc             ] GC(17474) 	6: 0
[1366.934s][info][gc             ] GC(17474) 	7: 0
[1366.934s][info][gc             ] GC(17474) 	8: 0
[1366.934s][info][gc             ] GC(17474) 	9: 0
[1366.934s][info][gc             ] GC(17474) 	10: 0
[1366.934s][info][gc             ] GC(17474) 	11: 0
[1366.934s][info][gc             ] GC(17474) 	12: 0
[1366.934s][info][gc             ] GC(17474) 	13: 0
[1366.934s][info][gc             ] GC(17474) 	14: 0
[1366.934s][info][gc             ] GC(17474) 	15: 0
[1366.934s][info][gc             ] GC(17474) 	16: 0
[1366.934s][info][gc             ] GC(17474) 	17: 0
[1366.934s][info][gc             ] GC(17474) 	18: 0
[1366.934s][info][gc             ] GC(17474) 	19: 0
[1366.934s][info][gc,ergo        ] Free: 61696K, Max: 256K regular, 58112K humongous, Frag: 6% external, 9% internal; Reserve: 6656K, Max: 256K
[1366.934s][info][gc,stats       ] 
[1366.934s][info][gc,stats       ] All times are wall-clock times, except per-root-class counters, that are sum over
[1366.934s][info][gc,stats       ] all workers. Dividing the <total> over the root stage time estimates parallelism.
[1366.934s][info][gc,stats       ] 
[1366.934s][info][gc,stats       ] Concurrent Reset                    487 us
[1366.934s][info][gc,stats       ] Pause Init Mark (G)                3683 us
[1366.934s][info][gc,stats       ] Pause Init Mark (N)                3327 us
[1366.934s][info][gc,stats       ]   Accumulate Stats                    5 us
[1366.934s][info][gc,stats       ]   Make Parsable                      51 us
[1366.934s][info][gc,stats       ]   Update Region States                7 us
[1366.934s][info][gc,stats       ]   Scan Roots                       2776 us, parallelism: 1.55x
[1366.934s][info][gc,stats       ]     S: <total>                     4310 us
[1366.934s][info][gc,stats       ]     S: Thread Roots                 323 us, workers (us): 184, 135,   1,   3, ---, ---, ---, ---, ---, ---, ---, ---, ---, ---, ---, ---, ---, ---, ---, ---, ---, ---, ---, ---, 
[1366.934s][info][gc,stats       ]     S: Universe Roots                39 us, workers (us):  39, ---, ---, ---, ---, ---, ---, ---, ---, ---, ---, ---, ---, ---, ---, ---, ---, ---, ---, ---, ---, ---, ---, ---, 
[1366.934s][info][gc,stats       ]     S: JNI Handles Roots             19 us, workers (us):  19, ---, ---, ---, ---, ---, ---, ---, ---, ---, ---, ---, ---, ---, ---, ---, ---, ---, ---, ---, ---, ---, ---, ---, 
[1366.934s][info][gc,stats       ]     S: Synchronizer Roots             0 us, workers (us): ---,   0, ---, ---, ---, ---, ---, ---, ---, ---, ---, ---, ---, ---, ---, ---, ---, ---, ---, ---, ---, ---, ---, ---, 
[1366.934s][info][gc,stats       ]     S: Management Roots               2 us, workers (us): ---,   2, ---, ---, ---, ---, ---, ---, ---, ---, ---, ---, ---, ---, ---, ---, ---, ---, ---, ---, ---, ---, ---, ---, 
[1366.934s][info][gc,stats       ]     S: System Dict Roots             36 us, workers (us): ---,  36, ---, ---, ---, ---, ---, ---, ---, ---, ---, ---, ---, ---, ---, ---, ---, ---, ---, ---, ---, ---, ---, ---, 
[1366.934s][info][gc,stats       ]     S: CLDG Roots                  3889 us, workers (us): ---, ---, 1295, 2594, ---, ---, ---, ---, ---, ---, ---, ---, ---, ---, ---, ---, ---, ---, ---, ---, ---, ---, ---, ---, 
[1366.934s][info][gc,stats       ]     S: JVMTI Roots                    1 us, workers (us):   1, ---, ---, ---, ---, ---, ---, ---, ---, ---, ---, ---, ---, ---, ---, ---, ---, ---, ---, ---, ---, ---, ---, ---, 
[1366.934s][info][gc,stats       ]   Resize TLABs                        7 us
[1366.934s][info][gc,stats       ] Concurrent Marking                60155 us
[1366.934s][info][gc,stats       ] Pause Final Mark (G)               1760 us
[1366.934s][info][gc,stats       ] Pause Final Mark (N)               1528 us
[1366.934s][info][gc,stats       ]   Finish Queues                     165 us
[1366.934s][info][gc,stats       ]   System Purge                      306 us
[1366.934s][info][gc,stats       ]     Weak Roots                      304 us
[1366.934s][info][gc,stats       ]   Update Region States               18 us
[1366.934s][info][gc,stats       ]   Retire TLABs                       52 us
[1366.934s][info][gc,stats       ]   Choose Collection Set             329 us
[1366.934s][info][gc,stats       ]   Rebuild Free Set                   21 us
[1366.934s][info][gc,stats       ]   Initial Evacuation                613 us, parallelism: 2.07x
[1366.934s][info][gc,stats       ]     E: <total>                     1265 us
[1366.934s][info][gc,stats       ]     E: Thread Roots                  53 us, workers (us):  48,   1,   2,   2, ---, ---, ---, ---, ---, ---, ---, ---, ---, ---, ---, ---, ---, ---, ---, ---, ---, ---, ---, ---, 
[1366.934s][info][gc,stats       ]     E: Code Cache Roots             830 us, workers (us): 232, 164, 148, 287, ---, ---, ---, ---, ---, ---, ---, ---, ---, ---, ---, ---, ---, ---, ---, ---, ---, ---, ---, ---, 
[1366.934s][info][gc,stats       ]     E: Universe Roots                14 us, workers (us):  14, ---, ---, ---, ---, ---, ---, ---, ---, ---, ---, ---, ---, ---, ---, ---, ---, ---, ---, ---, ---, ---, ---, ---, 
[1366.934s][info][gc,stats       ]     E: JNI Handles Roots              1 us, workers (us):   1, ---, ---, ---, ---, ---, ---, ---, ---, ---, ---, ---, ---, ---, ---, ---, ---, ---, ---, ---, ---, ---, ---, ---, 
[1366.934s][info][gc,stats       ]     E: Synchronizer Roots             0 us, workers (us): ---,   0, ---, ---, ---, ---, ---, ---, ---, ---, ---, ---, ---, ---, ---, ---, ---, ---, ---, ---, ---, ---, ---, ---, 
[1366.934s][info][gc,stats       ]     E: Management Roots               1 us, workers (us): ---,   1, ---, ---, ---, ---, ---, ---, ---, ---, ---, ---, ---, ---, ---, ---, ---, ---, ---, ---, ---, ---, ---, ---, 
[1366.934s][info][gc,stats       ]     E: System Dict Roots              7 us, workers (us): ---,   7, ---, ---, ---, ---, ---, ---, ---, ---, ---, ---, ---, ---, ---, ---, ---, ---, ---, ---, ---, ---, ---, ---, 
[1366.934s][info][gc,stats       ]     E: CLDG Roots                   359 us, workers (us): ---, 139, 220, ---, ---, ---, ---, ---, ---, ---, ---, ---, ---, ---, ---, ---, ---, ---, ---, ---, ---, ---, ---, ---, 
[1366.934s][info][gc,stats       ]     E: JVMTI Roots                    0 us, workers (us):   0, ---, ---, ---, ---, ---, ---, ---, ---, ---, ---, ---, ---, ---, ---, ---, ---, ---, ---, ---, ---, ---, ---, ---, 
[1366.934s][info][gc,stats       ] Concurrent Cleanup                11658 us
[1366.934s][info][gc,stats       ] Concurrent Evacuation              1034 us
[1366.934s][info][gc,stats       ] Pause Init  Update Refs (G)         291 us
[1366.934s][info][gc,stats       ] Pause Init  Update Refs (N)          43 us
[1366.934s][info][gc,stats       ]   Retire GCLABs                      20 us
[1366.934s][info][gc,stats       ] Concurrent Update Refs            14381 us
[1366.934s][info][gc,stats       ] Pause Final Update Refs (G)         520 us
[1366.934s][info][gc,stats       ] Pause Final Update Refs (N)         221 us
[1366.934s][info][gc,stats       ]   Update Roots                      164 us, parallelism: 1.14x
[1366.934s][info][gc,stats       ]     UR: <total>                     188 us
[1366.934s][info][gc,stats       ]     UR: Thread Roots                188 us, workers (us):  83,  49,  24,  31, ---, ---, ---, ---, ---, ---, ---, ---, ---, ---, ---, ---, ---, ---, ---, ---, ---, ---, ---, ---, 
[1366.934s][info][gc,stats       ]   Update Region States               10 us
[1366.934s][info][gc,stats       ]   Trash Collection Set                6 us
[1366.934s][info][gc,stats       ]   Rebuild Free Set                   18 us
[1366.934s][info][gc,stats       ] Concurrent Cleanup                  108 us
[1366.934s][info][gc,stats       ] Pacing                            84367 us
[1366.934s][info][gc,stats       ] 
[1366.934s][info][gc,stats       ] Allocation pacing accrued:
[1366.934s][info][gc,stats       ]      84 of    96 ms ( 87.6%): pl.nadoba.jvm.gc.benchmark.App.main()
[1366.934s][info][gc,stats       ]      84 of    96 ms ( 87.6%): <total>
[1366.934s][info][gc,stats       ]       8 of    96 ms (  8.8%): <average total>
[1366.934s][info][gc,stats       ]      84 of    96 ms ( 87.6%): <average non-zero>
[1366.934s][info][gc,stats       ] 
[1366.934s][info][gc,metaspace   ] Metaspace: 24233K->24233K(1071104K)
[1366.934s][info][gc,ergo        ] Pacer for Idle. Initial: 2621K, Alloc Tax Rate: 1.0x
[1366.935s][info][gc             ] Trigger: Allocated since last cycle (54017K) is larger than allocation threshold (13107K)
[1366.935s][info][gc,ergo        ] Free: 61696K, Max: 256K regular, 58112K humongous, Frag: 6% external, 9% internal; Reserve: 6656K, Max: 256K
[1366.935s][info][gc,start       ] GC(17475) Concurrent reset
[1366.935s][info][gc,task        ] GC(17475) Using 4 of 24 workers for concurrent reset
[1366.935s][info][gc,ergo        ] GC(17475) Pacer for Reset. Non-Taxable: 128M
[1366.936s][info][gc             ] GC(17475) Concurrent reset 0.435ms
[1366.936s][info][gc,start       ] GC(17475) Pause Init Mark (process weakrefs)
[1366.936s][info][gc,task        ] GC(17475) Using 4 of 24 workers for init marking
[1366.939s][info][gc,ergo        ] GC(17475) Pacer for Mark. Expected Live: 10669K, Free: 61696K, Non-Taxable: 6169K, Alloc Tax Rate: 0.2x
[1366.939s][info][gc             ] GC(17475) Pause Init Mark (process weakrefs) 3.406ms
[1366.940s][info][gc,start       ] GC(17475) Concurrent marking (process weakrefs)
[1366.940s][info][gc,task        ] GC(17475) Using 4 of 24 workers for concurrent marking
[1367.005s][info][gc             ] GC(17475) Concurrent marking (process weakrefs) 65.515ms
[1367.005s][info][gc,start       ] GC(17475) Concurrent precleaning
[1367.005s][info][gc,task        ] GC(17475) Using 1 of 24 workers for concurrent preclean
[1367.005s][info][gc,ergo        ] GC(17475) Pacer for Precleaning. Non-Taxable: 128M
[1367.007s][info][gc             ] GC(17475) Concurrent precleaning 1.906ms
[1367.007s][info][gc,start       ] GC(17475) Pause Final Mark (process weakrefs)
[1367.007s][info][gc,task        ] GC(17475) Using 4 of 24 workers for final marking
[1367.008s][info][gc,ergo        ] GC(17475) CSet Selection. Actual Free: 85248K, Max CSet: 63936K
[1367.008s][info][gc,ergo        ] GC(17475) Collectable Garbage: 51778K (99%), Immediate: 51456K (99%), CSet: 322K (0%)
[1367.009s][info][gc,ergo        ] GC(17475) Pacer for Evacuation. Used CSet: 512K, Free: 80896K, Non-Taxable: 8089K, Alloc Tax Rate: 1.1x
[1367.009s][info][gc             ] GC(17475) Pause Final Mark (process weakrefs) 1.394ms
[1367.009s][info][gc,start       ] GC(17475) Concurrent cleanup
[1367.016s][info][gc             ] GC(17475) Concurrent cleanup 91M->53M(128M) 7.583ms
[1367.016s][info][gc,ergo        ] GC(17475) Free: 67584K, Max: 256K regular, 49664K humongous, Frag: 27% external, 0% internal; Reserve: 6651K, Max: 256K
[1367.016s][info][gc,start       ] GC(17475) Concurrent evacuation
[1367.016s][info][gc,task        ] GC(17475) Using 4 of 24 workers for concurrent evacuation
[1367.017s][info][gc             ] GC(17475) Concurrent evacuation 0.641ms
[1367.017s][info][gc,start       ] GC(17475) Pause Init Update Refs
[1367.017s][info][gc,ergo        ] GC(17475) Pacer for Update Refs. Used: 54783K, Free: 67584K, Non-Taxable: 6758K, Alloc Tax Rate: 1.1x
[1367.017s][info][gc             ] GC(17475) Pause Init Update Refs 0.077ms
[1367.017s][info][gc,start       ] GC(17475) Concurrent update references
[1367.017s][info][gc,task        ] GC(17475) Using 4 of 24 workers for concurrent reference update
[1367.032s][info][gc             ] GC(17475) Concurrent update references 15.123ms
[1367.033s][info][gc,start       ] GC(17475) Pause Final Update Refs
[1367.033s][info][gc,task        ] GC(17475) Using 4 of 24 workers for final reference update
[1367.033s][info][gc             ] GC(17475) Pause Final Update Refs 0.293ms
[1367.033s][info][gc,start       ] GC(17475) Concurrent cleanup
[1367.033s][info][gc             ] GC(17475) Concurrent cleanup 68M->67M(128M) 0.105ms
[1367.033s][info][gc             ] GC(17475) Dat log --- cycle is complete
Current gc epoch: 9290
heap: ______
capacity: 134217728
used: 71302952
committed: 134217728
bytes_allocated_since_gc_start: 65537200
hot_size: 0
cold_size: 2799693
num_regions: 512
hot_region_count: 18446744073709538230
cold_region_count: 13387
histogram: Placeholder

[1367.033s][info][gc             ] GC(17475) Obj count ac histogram
[1367.033s][info][gc             ] GC(17475) 	0: 248978
[1367.033s][info][gc             ] GC(17475) 	1: 15
[1367.033s][info][gc             ] GC(17475) 	2: 4786
[1367.033s][info][gc             ] GC(17475) 	3: 4366
[1367.033s][info][gc             ] GC(17475) 	4: 870
[1367.033s][info][gc             ] GC(17475) 	5: 15
[1367.033s][info][gc             ] GC(17475) 	6: 0
[1367.033s][info][gc             ] GC(17475) 	7: 0
[1367.033s][info][gc             ] GC(17475) 	8: 0
[1367.033s][info][gc             ] GC(17475) 	9: 0
[1367.033s][info][gc             ] GC(17475) 	10: 0
[1367.033s][info][gc             ] GC(17475) 	11: 0
[1367.033s][info][gc             ] GC(17475) 	12: 0
[1367.033s][info][gc             ] GC(17475) 	13: 0
[1367.033s][info][gc             ] GC(17475) 	14: 0
[1367.033s][info][gc             ] GC(17475) 	15: 0
[1367.033s][info][gc             ] GC(17475) 	16: 0
[1367.033s][info][gc             ] GC(17475) 	17: 0
[1367.033s][info][gc             ] GC(17475) 	18: 0
[1367.033s][info][gc             ] GC(17475) 	19: 0
[1367.033s][info][gc             ] GC(17475) Obj size ac histogram
[1367.033s][info][gc             ] GC(17475) 	0: 2261257
[1367.033s][info][gc             ] GC(17475) 	1: 720
[1367.033s][info][gc             ] GC(17475) 	2: 69751
[1367.033s][info][gc             ] GC(17475) 	3: 42051
[1367.033s][info][gc             ] GC(17475) 	4: 5388
[1367.033s][info][gc             ] GC(17475) 	5: 150
[1367.033s][info][gc             ] GC(17475) 	6: 0
[1367.033s][info][gc             ] GC(17475) 	7: 0
[1367.033s][info][gc             ] GC(17475) 	8: 0
[1367.033s][info][gc             ] GC(17475) 	9: 0
[1367.033s][info][gc             ] GC(17475) 	10: 0
[1367.033s][info][gc             ] GC(17475) 	11: 0
[1367.033s][info][gc             ] GC(17475) 	12: 0
[1367.033s][info][gc             ] GC(17475) 	13: 0
[1367.033s][info][gc             ] GC(17475) 	14: 0
[1367.033s][info][gc             ] GC(17475) 	15: 0
[1367.033s][info][gc             ] GC(17475) 	16: 0
[1367.033s][info][gc             ] GC(17475) 	17: 0
[1367.033s][info][gc             ] GC(17475) 	18: 0
[1367.033s][info][gc             ] GC(17475) 	19: 0
[1367.033s][info][gc,ergo        ] Free: 51712K, Max: 256K regular, 49664K humongous, Frag: 4% external, 11% internal; Reserve: 6656K, Max: 256K
[1367.033s][info][gc,stats       ] 
[1367.033s][info][gc,stats       ] All times are wall-clock times, except per-root-class counters, that are sum over
[1367.033s][info][gc,stats       ] all workers. Dividing the <total> over the root stage time estimates parallelism.
[1367.033s][info][gc,stats       ] 
[1367.033s][info][gc,stats       ] Concurrent Reset                    421 us
[1367.033s][info][gc,stats       ] Pause Init Mark (G)                3666 us
[1367.033s][info][gc,stats       ] Pause Init Mark (N)                3364 us
[1367.033s][info][gc,stats       ]   Accumulate Stats                    5 us
[1367.033s][info][gc,stats       ]   Make Parsable                      48 us
[1367.033s][info][gc,stats       ]   Update Region States                7 us
[1367.033s][info][gc,stats       ]   Scan Roots                       2808 us, parallelism: 1.71x
[1367.033s][info][gc,stats       ]     S: <total>                     4802 us
[1367.033s][info][gc,stats       ]     S: Thread Roots                 227 us, workers (us): 132,  89,   2,   3, ---, ---, ---, ---, ---, ---, ---, ---, ---, ---, ---, ---, ---, ---, ---, ---, ---, ---, ---, ---, 
[1367.033s][info][gc,stats       ]     S: Universe Roots                14 us, workers (us):  14, ---, ---, ---, ---, ---, ---, ---, ---, ---, ---, ---, ---, ---, ---, ---, ---, ---, ---, ---, ---, ---, ---, ---, 
[1367.033s][info][gc,stats       ]     S: JNI Handles Roots             10 us, workers (us): ---,  10, ---, ---, ---, ---, ---, ---, ---, ---, ---, ---, ---, ---, ---, ---, ---, ---, ---, ---, ---, ---, ---, ---, 
[1367.033s][info][gc,stats       ]     S: Synchronizer Roots             0 us, workers (us): ---,   0, ---, ---, ---, ---, ---, ---, ---, ---, ---, ---, ---, ---, ---, ---, ---, ---, ---, ---, ---, ---, ---, ---, 
[1367.033s][info][gc,stats       ]     S: Management Roots              12 us, workers (us): ---,  12, ---, ---, ---, ---, ---, ---, ---, ---, ---, ---, ---, ---, ---, ---, ---, ---, ---, ---, ---, ---, ---, ---, 
[1367.033s][info][gc,stats       ]     S: System Dict Roots             12 us, workers (us):  12, ---, ---, ---, ---, ---, ---, ---, ---, ---, ---, ---, ---, ---, ---, ---, ---, ---, ---, ---, ---, ---, ---, ---, 
[1367.033s][info][gc,stats       ]     S: CLDG Roots                  4526 us, workers (us): ---, ---, 2613, 1914, ---, ---, ---, ---, ---, ---, ---, ---, ---, ---, ---, ---, ---, ---, ---, ---, ---, ---, ---, ---, 
[1367.033s][info][gc,stats       ]     S: JVMTI Roots                    0 us, workers (us): ---,   0, ---, ---, ---, ---, ---, ---, ---, ---, ---, ---, ---, ---, ---, ---, ---, ---, ---, ---, ---, ---, ---, ---, 
[1367.033s][info][gc,stats       ]   Resize TLABs                        7 us
[1367.033s][info][gc,stats       ] Concurrent Marking                65478 us
[1367.033s][info][gc,stats       ] Concurrent Precleaning             1884 us
[1367.033s][info][gc,stats       ] Pause Final Mark (G)               1678 us
[1367.033s][info][gc,stats       ] Pause Final Mark (N)               1352 us
[1367.033s][info][gc,stats       ]   Finish Queues                     143 us
[1367.033s][info][gc,stats       ]   Weak References                    45 us
[1367.033s][info][gc,stats       ]     Process                          35 us
[1367.033s][info][gc,stats       ]   System Purge                      337 us
[1367.033s][info][gc,stats       ]     Weak Roots                      336 us
[1367.033s][info][gc,stats       ]   Update Region States               20 us
[1367.033s][info][gc,stats       ]   Retire TLABs                       48 us
[1367.033s][info][gc,stats       ]   Choose Collection Set             231 us
[1367.033s][info][gc,stats       ]   Rebuild Free Set                   20 us
[1367.033s][info][gc,stats       ]   Initial Evacuation                483 us, parallelism: 2.18x
[1367.033s][info][gc,stats       ]     E: <total>                     1054 us
[1367.033s][info][gc,stats       ]     E: Thread Roots                  71 us, workers (us):  44,   2,  24,   1, ---, ---, ---, ---, ---, ---, ---, ---, ---, ---, ---, ---, ---, ---, ---, ---, ---, ---, ---, ---, 
[1367.033s][info][gc,stats       ]     E: Code Cache Roots             810 us, workers (us): 142, 174, 236, 257, ---, ---, ---, ---, ---, ---, ---, ---, ---, ---, ---, ---, ---, ---, ---, ---, ---, ---, ---, ---, 
[1367.033s][info][gc,stats       ]     E: Universe Roots                 2 us, workers (us):   2, ---, ---, ---, ---, ---, ---, ---, ---, ---, ---, ---, ---, ---, ---, ---, ---, ---, ---, ---, ---, ---, ---, ---, 
[1367.034s][info][gc,stats       ]     E: JNI Handles Roots              1 us, workers (us):   1, ---, ---, ---, ---, ---, ---, ---, ---, ---, ---, ---, ---, ---, ---, ---, ---, ---, ---, ---, ---, ---, ---, ---, 
[1367.034s][info][gc,stats       ]     E: Synchronizer Roots             0 us, workers (us):   0, ---, ---, ---, ---, ---, ---, ---, ---, ---, ---, ---, ---, ---, ---, ---, ---, ---, ---, ---, ---, ---, ---, ---, 
[1367.034s][info][gc,stats       ]     E: Management Roots               1 us, workers (us):   1, ---, ---, ---, ---, ---, ---, ---, ---, ---, ---, ---, ---, ---, ---, ---, ---, ---, ---, ---, ---, ---, ---, ---, 
[1367.034s][info][gc,stats       ]     E: System Dict Roots              3 us, workers (us):   3, ---, ---, ---, ---, ---, ---, ---, ---, ---, ---, ---, ---, ---, ---, ---, ---, ---, ---, ---, ---, ---, ---, ---, 
[1367.034s][info][gc,stats       ]     E: CLDG Roots                   166 us, workers (us):  81,  85, ---, ---, ---, ---, ---, ---, ---, ---, ---, ---, ---, ---, ---, ---, ---, ---, ---, ---, ---, ---, ---, ---, 
[1367.034s][info][gc,stats       ]     E: JVMTI Roots                    0 us, workers (us):   0, ---, ---, ---, ---, ---, ---, ---, ---, ---, ---, ---, ---, ---, ---, ---, ---, ---, ---, ---, ---, ---, ---, ---, 
[1367.034s][info][gc,stats       ] Concurrent Cleanup                 7547 us
[1367.034s][info][gc,stats       ] Concurrent Evacuation               629 us
[1367.034s][info][gc,stats       ] Pause Init  Update Refs (G)         322 us
[1367.034s][info][gc,stats       ] Pause Init  Update Refs (N)          37 us
[1367.034s][info][gc,stats       ]   Retire GCLABs                      16 us
[1367.034s][info][gc,stats       ] Concurrent Update Refs            15089 us
[1367.034s][info][gc,stats       ] Pause Final Update Refs (G)         535 us
[1367.034s][info][gc,stats       ] Pause Final Update Refs (N)         245 us
[1367.034s][info][gc,stats       ]   Update Roots                      188 us, parallelism: 1.05x
[1367.034s][info][gc,stats       ]     UR: <total>                     198 us
[1367.034s][info][gc,stats       ]     UR: Thread Roots                198 us, workers (us):  87,  33,  31,  46, ---, ---, ---, ---, ---, ---, ---, ---, ---, ---, ---, ---, ---, ---, ---, ---, ---, ---, ---, ---, 
[1367.034s][info][gc,stats       ]   Update Region States               11 us
[1367.034s][info][gc,stats       ]   Trash Collection Set                6 us
[1367.034s][info][gc,stats       ]   Rebuild Free Set                   18 us
[1367.034s][info][gc,stats       ] Concurrent Cleanup                   90 us
[1367.034s][info][gc,stats       ] Pacing                            81389 us
[1367.034s][info][gc,stats       ] 
[1367.034s][info][gc,stats       ] Allocation pacing accrued:
[1367.034s][info][gc,stats       ]      81 of    99 ms ( 81.9%): pl.nadoba.jvm.gc.benchmark.App.main()
[1367.034s][info][gc,stats       ]      81 of    99 ms ( 81.9%): <total>
[1367.034s][info][gc,stats       ]       8 of    99 ms (  8.2%): <average total>
[1367.034s][info][gc,stats       ]      81 of    99 ms ( 81.9%): <average non-zero>
[1367.034s][info][gc,stats       ] 
[1367.034s][info][gc,metaspace   ] Metaspace: 24233K->24233K(1071104K)
[1367.034s][info][gc,ergo        ] Pacer for Idle. Initial: 2621K, Alloc Tax Rate: 1.0x
[1367.035s][info][gc             ] Trigger: Allocated since last cycle (64001K) is larger than allocation threshold (13107K)
[1367.035s][info][gc,ergo        ] Free: 51712K, Max: 256K regular, 49664K humongous, Frag: 4% external, 11% internal; Reserve: 6656K, Max: 256K
[1367.035s][info][gc,start       ] GC(17476) Concurrent reset
[1367.035s][info][gc,task        ] GC(17476) Using 4 of 24 workers for concurrent reset
[1367.035s][info][gc,ergo        ] GC(17476) Pacer for Reset. Non-Taxable: 128M
[1367.035s][info][gc             ] GC(17476) Concurrent reset 0.382ms
[1367.035s][info][gc,start       ] GC(17476) Pause Init Mark
[1367.035s][info][gc,task        ] GC(17476) Using 4 of 24 workers for init marking
[1367.038s][info][gc,ergo        ] GC(17476) Pacer for Mark. Expected Live: 10669K, Free: 51712K, Non-Taxable: 5171K, Alloc Tax Rate: 0.3x
[1367.038s][info][gc             ] GC(17476) Pause Init Mark 2.633ms
[1367.038s][info][gc,start       ] GC(17476) Concurrent marking
[1367.038s][info][gc,task        ] GC(17476) Using 4 of 24 workers for concurrent marking
[1367.106s][info][gc             ] GC(17476) Concurrent marking 67.721ms
[1367.106s][info][gc,start       ] GC(17476) Pause Final Mark
[1367.106s][info][gc,task        ] GC(17476) Using 4 of 24 workers for final marking
[1367.107s][info][gc,ergo        ] GC(17476) CSet Selection. Actual Free: 79104K, Max CSet: 59328K
[1367.107s][info][gc,ergo        ] GC(17476) Collectable Garbage: 60994K (99%), Immediate: 60672K (99%), CSet: 322K (0%)
[1367.108s][info][gc,ergo        ] GC(17476) Pacer for Evacuation. Used CSet: 512K, Free: 75520K, Non-Taxable: 7552K, Alloc Tax Rate: 1.1x
[1367.108s][info][gc             ] GC(17476) Pause Final Mark 1.864ms
[1367.108s][info][gc,start       ] GC(17476) Concurrent cleanup
[1367.117s][info][gc             ] GC(17476) Concurrent cleanup 105M->59M(128M) 8.691ms
[1367.117s][info][gc,ergo        ] GC(17476) Free: 61440K, Max: 256K regular, 43776K humongous, Frag: 29% external, 0% internal; Reserve: 6653K, Max: 256K
[1367.117s][info][gc,start       ] GC(17476) Concurrent evacuation
[1367.117s][info][gc,task        ] GC(17476) Using 4 of 24 workers for concurrent evacuation
[1367.117s][info][gc             ] GC(17476) Concurrent evacuation 0.438ms
[1367.117s][info][gc,start       ] GC(17476) Pause Init Update Refs
[1367.117s][info][gc,ergo        ] GC(17476) Pacer for Update Refs. Used: 60927K, Free: 61440K, Non-Taxable: 6144K, Alloc Tax Rate: 1.2x
[1367.117s][info][gc             ] GC(17476) Pause Init Update Refs 0.091ms
[1367.117s][info][gc,start       ] GC(17476) Concurrent update references
[1367.117s][info][gc,task        ] GC(17476) Using 4 of 24 workers for concurrent reference update
[1367.135s][info][gc             ] GC(17476) Concurrent update references 17.447ms
[1367.137s][info][gc,start       ] GC(17476) Pause Final Update Refs
[1367.137s][info][gc,task        ] GC(17476) Using 4 of 24 workers for final reference update
[1367.137s][info][gc             ] GC(17476) Pause Final Update Refs 0.267ms
[1367.137s][info][gc,start       ] GC(17476) Concurrent cleanup
[1367.137s][info][gc             ] GC(17476) Concurrent cleanup 93M->92M(128M) 0.129ms
[1367.137s][info][gc             ] GC(17476) Dat log --- cycle is complete
Current gc epoch: 9291
heap: ______
capacity: 134217728
used: 97517416
committed: 134217728
bytes_allocated_since_gc_start: 92275888
hot_size: 0
cold_size: 3061837
num_regions: 512
hot_region_count: 18446744073709538229
cold_region_count: 13388
histogram: Placeholder

[1367.137s][info][gc             ] GC(17476) Obj count ac histogram
[1367.137s][info][gc             ] GC(17476) 	0: 252485
[1367.137s][info][gc             ] GC(17476) 	1: 15
[1367.137s][info][gc             ] GC(17476) 	2: 2
[1367.137s][info][gc             ] GC(17476) 	3: 0
[1367.137s][info][gc             ] GC(17476) 	4: 0
[1367.137s][info][gc             ] GC(17476) 	5: 0
[1367.137s][info][gc             ] GC(17476) 	6: 0
[1367.137s][info][gc             ] GC(17476) 	7: 0
[1367.137s][info][gc             ] GC(17476) 	8: 0
[1367.137s][info][gc             ] GC(17476) 	9: 0
[1367.137s][info][gc             ] GC(17476) 	10: 0
[1367.137s][info][gc             ] GC(17476) 	11: 0
[1367.137s][info][gc             ] GC(17476) 	12: 0
[1367.137s][info][gc             ] GC(17476) 	13: 0
[1367.137s][info][gc             ] GC(17476) 	14: 0
[1367.137s][info][gc             ] GC(17476) 	15: 0
[1367.137s][info][gc             ] GC(17476) 	16: 0
[1367.137s][info][gc             ] GC(17476) 	17: 0
[1367.137s][info][gc             ] GC(17476) 	18: 0
[1367.137s][info][gc             ] GC(17476) 	19: 0
[1367.137s][info][gc             ] GC(17476) Obj size ac histogram
[1367.137s][info][gc             ] GC(17476) 	0: 1704206
[1367.137s][info][gc             ] GC(17476) 	1: 720
[1367.137s][info][gc             ] GC(17476) 	2: 14
[1367.137s][info][gc             ] GC(17476) 	3: 0
[1367.137s][info][gc             ] GC(17476) 	4: 0
[1367.137s][info][gc             ] GC(17476) 	5: 0
[1367.137s][info][gc             ] GC(17476) 	6: 0
[1367.137s][info][gc             ] GC(17476) 	7: 0
[1367.137s][info][gc             ] GC(17476) 	8: 0
[1367.137s][info][gc             ] GC(17476) 	9: 0
[1367.137s][info][gc             ] GC(17476) 	10: 0
[1367.137s][info][gc             ] GC(17476) 	11: 0
[1367.137s][info][gc             ] GC(17476) 	12: 0
[1367.137s][info][gc             ] GC(17476) 	13: 0
[1367.137s][info][gc             ] GC(17476) 	14: 0
[1367.137s][info][gc             ] GC(17476) 	15: 0
[1367.137s][info][gc             ] GC(17476) 	16: 0
[1367.137s][info][gc             ] GC(17476) 	17: 0
[1367.137s][info][gc             ] GC(17476) 	18: 0
[1367.137s][info][gc             ] GC(17476) 	19: 0
[1367.137s][info][gc,ergo        ] Free: 25600K, Max: 256K regular, 13056K humongous, Frag: 49% external, 19% internal; Reserve: 6656K, Max: 256K
[1367.138s][info][gc,stats       ] 
[1367.138s][info][gc,stats       ] All times are wall-clock times, except per-root-class counters, that are sum over
[1367.138s][info][gc,stats       ] all workers. Dividing the <total> over the root stage time estimates parallelism.
[1367.138s][info][gc,stats       ] 
[1367.138s][info][gc,stats       ] Concurrent Reset                    372 us
[1367.138s][info][gc,stats       ] Pause Init Mark (G)                2898 us
[1367.138s][info][gc,stats       ] Pause Init Mark (N)                2588 us
[1367.138s][info][gc,stats       ]   Accumulate Stats                    6 us
[1367.138s][info][gc,stats       ]   Make Parsable                      51 us
[1367.138s][info][gc,stats       ]   Update Region States                8 us
[1367.138s][info][gc,stats       ]   Scan Roots                       2027 us, parallelism: 2.07x
[1367.138s][info][gc,stats       ]     S: <total>                     4199 us
[1367.138s][info][gc,stats       ]     S: Thread Roots                 350 us, workers (us):   1,   2, 170, 178, ---, ---, ---, ---, ---, ---, ---, ---, ---, ---, ---, ---, ---, ---, ---, ---, ---, ---, ---, ---, 
[1367.138s][info][gc,stats       ]     S: Universe Roots                31 us, workers (us):  31, ---, ---, ---, ---, ---, ---, ---, ---, ---, ---, ---, ---, ---, ---, ---, ---, ---, ---, ---, ---, ---, ---, ---, 
[1367.138s][info][gc,stats       ]     S: JNI Handles Roots             20 us, workers (us): ---, ---, ---,  20, ---, ---, ---, ---, ---, ---, ---, ---, ---, ---, ---, ---, ---, ---, ---, ---, ---, ---, ---, ---, 
[1367.138s][info][gc,stats       ]     S: Synchronizer Roots             1 us, workers (us): ---, ---, ---,   1, ---, ---, ---, ---, ---, ---, ---, ---, ---, ---, ---, ---, ---, ---, ---, ---, ---, ---, ---, ---, 
[1367.138s][info][gc,stats       ]     S: Management Roots               3 us, workers (us): ---,   3, ---, ---, ---, ---, ---, ---, ---, ---, ---, ---, ---, ---, ---, ---, ---, ---, ---, ---, ---, ---, ---, ---, 
[1367.138s][info][gc,stats       ]     S: System Dict Roots             48 us, workers (us): ---, ---,  48, ---, ---, ---, ---, ---, ---, ---, ---, ---, ---, ---, ---, ---, ---, ---, ---, ---, ---, ---, ---, ---, 
[1367.138s][info][gc,stats       ]     S: CLDG Roots                  3746 us, workers (us): 1868, 1877, ---, ---, ---, ---, ---, ---, ---, ---, ---, ---, ---, ---, ---, ---, ---, ---, ---, ---, ---, ---, ---, ---, 
[1367.138s][info][gc,stats       ]     S: JVMTI Roots                    0 us, workers (us): ---, ---, ---,   0, ---, ---, ---, ---, ---, ---, ---, ---, ---, ---, ---, ---, ---, ---, ---, ---, ---, ---, ---, ---, 
[1367.138s][info][gc,stats       ]   Resize TLABs                        7 us
[1367.138s][info][gc,stats       ] Concurrent Marking                67685 us
[1367.138s][info][gc,stats       ] Pause Final Mark (G)               2047 us
[1367.138s][info][gc,stats       ] Pause Final Mark (N)               1812 us
[1367.138s][info][gc,stats       ]   Finish Queues                     113 us
[1367.138s][info][gc,stats       ]   System Purge                      438 us
[1367.138s][info][gc,stats       ]     Weak Roots                      437 us
[1367.138s][info][gc,stats       ]   Update Region States               23 us
[1367.138s][info][gc,stats       ]   Retire TLABs                       56 us
[1367.138s][info][gc,stats       ]   Choose Collection Set             345 us
[1367.138s][info][gc,stats       ]   Rebuild Free Set                   21 us
[1367.138s][info][gc,stats       ]   Initial Evacuation                788 us, parallelism: 2.37x
[1367.138s][info][gc,stats       ]     E: <total>                     1863 us
[1367.138s][info][gc,stats       ]     E: Thread Roots                 171 us, workers (us):   1,  39,  68,  63, ---, ---, ---, ---, ---, ---, ---, ---, ---, ---, ---, ---, ---, ---, ---, ---, ---, ---, ---, ---, 
[1367.138s][info][gc,stats       ]     E: Code Cache Roots            1263 us, workers (us): 177, 291, 396, 398, ---, ---, ---, ---, ---, ---, ---, ---, ---, ---, ---, ---, ---, ---, ---, ---, ---, ---, ---, ---, 
[1367.138s][info][gc,stats       ]     E: Universe Roots                 7 us, workers (us):   7, ---, ---, ---, ---, ---, ---, ---, ---, ---, ---, ---, ---, ---, ---, ---, ---, ---, ---, ---, ---, ---, ---, ---, 
[1367.138s][info][gc,stats       ]     E: JNI Handles Roots              2 us, workers (us): ---,   2, ---, ---, ---, ---, ---, ---, ---, ---, ---, ---, ---, ---, ---, ---, ---, ---, ---, ---, ---, ---, ---, ---, 
[1367.138s][info][gc,stats       ]     E: Synchronizer Roots             0 us, workers (us): ---,   0, ---, ---, ---, ---, ---, ---, ---, ---, ---, ---, ---, ---, ---, ---, ---, ---, ---, ---, ---, ---, ---, ---, 
[1367.138s][info][gc,stats       ]     E: Management Roots              14 us, workers (us): ---,  14, ---, ---, ---, ---, ---, ---, ---, ---, ---, ---, ---, ---, ---, ---, ---, ---, ---, ---, ---, ---, ---, ---, 
[1367.138s][info][gc,stats       ]     E: System Dict Roots             14 us, workers (us):  14, ---, ---, ---, ---, ---, ---, ---, ---, ---, ---, ---, ---, ---, ---, ---, ---, ---, ---, ---, ---, ---, ---, ---, 
[1367.138s][info][gc,stats       ]     E: CLDG Roots                   392 us, workers (us): 276, 116, ---, ---, ---, ---, ---, ---, ---, ---, ---, ---, ---, ---, ---, ---, ---, ---, ---, ---, ---, ---, ---, ---, 
[1367.138s][info][gc,stats       ]     E: JVMTI Roots                    1 us, workers (us): ---, ---,   1, ---, ---, ---, ---, ---, ---, ---, ---, ---, ---, ---, ---, ---, ---, ---, ---, ---, ---, ---, ---, ---, 
[1367.138s][info][gc,stats       ] Concurrent Cleanup                 8655 us
[1367.138s][info][gc,stats       ] Concurrent Evacuation               428 us
[1367.138s][info][gc,stats       ] Pause Init  Update Refs (G)         343 us
[1367.138s][info][gc,stats       ] Pause Init  Update Refs (N)          43 us
[1367.138s][info][gc,stats       ]   Retire GCLABs                      21 us
[1367.138s][info][gc,stats       ] Concurrent Update Refs            17429 us
[1367.138s][info][gc,stats       ] Pause Final Update Refs (G)        2160 us
[1367.138s][info][gc,stats       ] Pause Final Update Refs (N)         216 us
[1367.138s][info][gc,stats       ]   Update Roots                      158 us, parallelism: 1.21x
[1367.138s][info][gc,stats       ]     UR: <total>                     191 us
[1367.138s][info][gc,stats       ]     UR: Thread Roots                191 us, workers (us):  78,  30,  45,  38, ---, ---, ---, ---, ---, ---, ---, ---, ---, ---, ---, ---, ---, ---, ---, ---, ---, ---, ---, ---, 
[1367.138s][info][gc,stats       ]   Update Region States               11 us
[1367.138s][info][gc,stats       ]   Trash Collection Set                6 us
[1367.138s][info][gc,stats       ]   Rebuild Free Set                   16 us
[1367.138s][info][gc,stats       ] Concurrent Cleanup                   98 us
[1367.138s][info][gc,stats       ] Pacing                            86150 us
[1367.138s][info][gc,stats       ] 
[1367.138s][info][gc,stats       ] Allocation pacing accrued:
[1367.138s][info][gc,stats       ]      86 of   104 ms ( 82.5%): pl.nadoba.jvm.gc.benchmark.App.main()
[1367.138s][info][gc,stats       ]      86 of   104 ms ( 82.5%): <total>
[1367.138s][info][gc,stats       ]       9 of   104 ms (  8.3%): <average total>
[1367.138s][info][gc,stats       ]      86 of   104 ms ( 82.5%): <average non-zero>
[1367.138s][info][gc,stats       ] 
[1367.138s][info][gc,metaspace   ] Metaspace: 24233K->24233K(1071104K)
[1367.138s][info][gc,ergo        ] Pacer for Idle. Initial: 2621K, Alloc Tax Rate: 1.0x
[1367.139s][info][gc             ] Trigger: Allocated since last cycle (95489K) is larger than allocation threshold (13107K)
[1367.139s][info][gc,ergo        ] Free: 20224K, Max: 256K regular, 9984K humongous, Frag: 51% external, 24% internal; Reserve: 6656K, Max: 256K
[1367.139s][info][gc,start       ] GC(17477) Concurrent reset
[1367.139s][info][gc,task        ] GC(17477) Using 4 of 24 workers for concurrent reset
[1367.139s][info][gc,ergo        ] GC(17477) Pacer for Reset. Non-Taxable: 128M
[1367.140s][info][gc             ] GC(17477) Concurrent reset 0.480ms
[1367.140s][info][gc,start       ] GC(17477) Pause Init Mark
[1367.140s][info][gc,task        ] GC(17477) Using 4 of 24 workers for init marking
[1367.143s][info][gc,ergo        ] GC(17477) Pacer for Mark. Expected Live: 9645K, Free: 20224K, Non-Taxable: 2022K, Alloc Tax Rate: 0.6x
[1367.143s][info][gc             ] GC(17477) Pause Init Mark 2.746ms
[1367.143s][info][gc,start       ] GC(17477) Concurrent marking
[1367.143s][info][gc,task        ] GC(17477) Using 4 of 24 workers for concurrent marking
[1367.169s][info][gc             ] Failed to allocate Shared, 8192K
[1367.169s][info][gc             ] Cancelling GC: Allocation Failure
[1367.171s][info][gc             ] GC(17477) Concurrent marking 28.177ms
[1367.171s][info][gc,ergo        ] Free: 6144K, Max: 256K regular, 2560K humongous, Frag: 59% external, 0% internal; Reserve: 6656K, Max: 256K
[1367.171s][info][gc,stats       ] 
[1367.171s][info][gc,stats       ] All times are wall-clock times, except per-root-class counters, that are sum over
[1367.171s][info][gc,stats       ] all workers. Dividing the <total> over the root stage time estimates parallelism.
[1367.171s][info][gc,stats       ] 
[1367.171s][info][gc,stats       ] Concurrent Reset                    469 us
[1367.171s][info][gc,stats       ] Pause Init Mark (G)                3008 us
[1367.171s][info][gc,stats       ] Pause Init Mark (N)                2705 us
[1367.171s][info][gc,stats       ]   Accumulate Stats                    7 us
[1367.171s][info][gc,stats       ]   Make Parsable                      51 us
[1367.171s][info][gc,stats       ]   Update Region States                8 us
[1367.171s][info][gc,stats       ]   Scan Roots                       2142 us, parallelism: 2.03x
[1367.171s][info][gc,stats       ]     S: <total>                     4338 us
[1367.171s][info][gc,stats       ]     S: Thread Roots                 398 us, workers (us): 254,   2,   1, 142, ---, ---, ---, ---, ---, ---, ---, ---, ---, ---, ---, ---, ---, ---, ---, ---, ---, ---, ---, ---, 
[1367.171s][info][gc,stats       ]     S: Universe Roots                48 us, workers (us):  48, ---, ---, ---, ---, ---, ---, ---, ---, ---, ---, ---, ---, ---, ---, ---, ---, ---, ---, ---, ---, ---, ---, ---, 
[1367.171s][info][gc,stats       ]     S: JNI Handles Roots             37 us, workers (us): ---,  37, ---, ---, ---, ---, ---, ---, ---, ---, ---, ---, ---, ---, ---, ---, ---, ---, ---, ---, ---, ---, ---, ---, 
[1367.171s][info][gc,stats       ]     S: Synchronizer Roots             1 us, workers (us): ---,   1, ---, ---, ---, ---, ---, ---, ---, ---, ---, ---, ---, ---, ---, ---, ---, ---, ---, ---, ---, ---, ---, ---, 
[1367.171s][info][gc,stats       ]     S: Management Roots               3 us, workers (us): ---, ---,   3, ---, ---, ---, ---, ---, ---, ---, ---, ---, ---, ---, ---, ---, ---, ---, ---, ---, ---, ---, ---, ---, 
[1367.171s][info][gc,stats       ]     S: System Dict Roots             51 us, workers (us): ---, ---, ---,  51, ---, ---, ---, ---, ---, ---, ---, ---, ---, ---, ---, ---, ---, ---, ---, ---, ---, ---, ---, ---, 
[1367.171s][info][gc,stats       ]     S: CLDG Roots                  3799 us, workers (us): ---, 1956, 1843, ---, ---, ---, ---, ---, ---, ---, ---, ---, ---, ---, ---, ---, ---, ---, ---, ---, ---, ---, ---, ---, 
[1367.171s][info][gc,stats       ]     S: JVMTI Roots                    1 us, workers (us): ---,   1, ---, ---, ---, ---, ---, ---, ---, ---, ---, ---, ---, ---, ---, ---, ---, ---, ---, ---, ---, ---, ---, ---, 
[1367.171s][info][gc,stats       ]   Resize TLABs                        5 us
[1367.171s][info][gc,stats       ] Concurrent Marking                28143 us
[1367.171s][info][gc,stats       ] Pacing                            27032 us
[1367.171s][info][gc,stats       ] 
[1367.171s][info][gc,stats       ] Allocation pacing accrued:
[1367.171s][info][gc,stats       ]      27 of    33 ms ( 81.4%): pl.nadoba.jvm.gc.benchmark.App.main()
[1367.171s][info][gc,stats       ]      27 of    33 ms ( 81.4%): <total>
[1367.171s][info][gc,stats       ]       3 of    33 ms (  8.1%): <average total>
[1367.171s][info][gc,stats       ]      27 of    33 ms ( 81.4%): <average non-zero>
[1367.171s][info][gc,stats       ] 
[1367.171s][info][gc,metaspace   ] Metaspace: 24233K->24233K(1071104K)
[1367.171s][info][gc,ergo        ] Pacer for Idle. Initial: 2621K, Alloc Tax Rate: 1.0x
[1367.172s][info][gc             ] Trigger: Handle Allocation Failure
[1367.172s][info][gc,ergo        ] Free: 6144K, Max: 256K regular, 2560K humongous, Frag: 59% external, 0% internal; Reserve: 6656K, Max: 256K
[1367.173s][info][gc,start       ] GC(17478) Pause Degenerated GC (Mark)
[1367.173s][info][gc,task        ] GC(17478) Using 4 of 24 workers for stw degenerated gc
[1367.213s][info][gc,ergo        ] GC(17478) CSet Selection. Actual Free: 101M, Max CSet: 78144K
[1367.213s][info][gc,ergo        ] GC(17478) Collectable Garbage: 91714K (99%), Immediate: 91392K (99%), CSet: 322K (0%)
[1367.213s][info][gc,ergo        ] GC(17478) Pacer for Evacuation. Used CSet: 512K, Free: 101376K, Non-Taxable: 10137K, Alloc Tax Rate: 1.1x
[1367.228s][info][gc,ergo        ] GC(17478) Pacer for Update Refs. Used: 22783K, Free: 101376K, Non-Taxable: 10137K, Alloc Tax Rate: 1.1x
[1367.241s][info][gc,ergo        ] GC(17478) Good progress for free space: 101632K, need 1310K
[1367.241s][info][gc,ergo        ] GC(17478) Good progress for used space: 91648K, need 256K
[1367.241s][info][gc             ] GC(17478) Pause Degenerated GC (Mark) 111M->21M(128M) 68.083ms
[1367.241s][info][gc,ergo        ] Free: 101632K, Max: 256K regular, 52480K humongous, Frag: 49% external, 5% internal; Reserve: 6656K, Max: 256K
[1367.241s][info][gc,stats       ] 
[1367.241s][info][gc,stats       ] All times are wall-clock times, except per-root-class counters, that are sum over
[1367.241s][info][gc,stats       ] all workers. Dividing the <total> over the root stage time estimates parallelism.
[1367.241s][info][gc,stats       ] 
[1367.241s][info][gc,stats       ]   Finish Queues                   39196 us
[1367.241s][info][gc,stats       ]   System Purge                      369 us
[1367.241s][info][gc,stats       ]     Weak Roots                      368 us
[1367.241s][info][gc,stats       ]   Update Region States               18 us
[1367.241s][info][gc,stats       ]   Retire TLABs                       54 us
[1367.241s][info][gc,stats       ]   Choose Collection Set             403 us
[1367.241s][info][gc,stats       ]   Rebuild Free Set                   22 us
[1367.241s][info][gc,stats       ]   Initial Evacuation                 17 us
[1367.241s][info][gc,stats       ]   Retire GCLABs                       9 us
[1367.241s][info][gc,stats       ]   Finish Work                     11873 us
[1367.241s][info][gc,stats       ]   Update Region States                6 us
[1367.241s][info][gc,stats       ]   Trash Collection Set                3 us
[1367.241s][info][gc,stats       ]   Rebuild Free Set                    7 us
[1367.241s][info][gc,stats       ] Pause Degenerated GC (G)          68356 us
[1367.241s][info][gc,stats       ] Pause Degenerated GC (N)          68041 us
[1367.241s][info][gc,stats       ]   Degen Update Roots                683 us, parallelism: 2.44x
[1367.241s][info][gc,stats       ]     DU: <total>                    1670 us
[1367.241s][info][gc,stats       ]     DU: Thread Roots                111 us, workers (us):  53,  20,   3,  34, ---, ---, ---, ---, ---, ---, ---, ---, ---, ---, ---, ---, ---, ---, ---, ---, ---, ---, ---, ---, 
[1367.241s][info][gc,stats       ]     DU: Code Cache Roots            930 us, workers (us): 346,   0, 206, 377, ---, ---, ---, ---, ---, ---, ---, ---, ---, ---, ---, ---, ---, ---, ---, ---, ---, ---, ---, ---, 
[1367.241s][info][gc,stats       ]     DU: Universe Roots               15 us, workers (us):  15, ---, ---, ---, ---, ---, ---, ---, ---, ---, ---, ---, ---, ---, ---, ---, ---, ---, ---, ---, ---, ---, ---, ---, 
[1367.241s][info][gc,stats       ]     DU: JNI Handles Roots             2 us, workers (us):   2, ---, ---, ---, ---, ---, ---, ---, ---, ---, ---, ---, ---, ---, ---, ---, ---, ---, ---, ---, ---, ---, ---, ---, 
[1367.241s][info][gc,stats       ]     DU: Synchronizer Roots            0 us, workers (us): ---,   0, ---, ---, ---, ---, ---, ---, ---, ---, ---, ---, ---, ---, ---, ---, ---, ---, ---, ---, ---, ---, ---, ---, 
[1367.241s][info][gc,stats       ]     DU: Management Roots              1 us, workers (us):   1, ---, ---, ---, ---, ---, ---, ---, ---, ---, ---, ---, ---, ---, ---, ---, ---, ---, ---, ---, ---, ---, ---, ---, 
[1367.241s][info][gc,stats       ]     DU: System Dict Roots            42 us, workers (us): ---,  42, ---, ---, ---, ---, ---, ---, ---, ---, ---, ---, ---, ---, ---, ---, ---, ---, ---, ---, ---, ---, ---, ---, 
[1367.241s][info][gc,stats       ]     DU: CLDG Roots                  569 us, workers (us): ---, 381, 188, ---, ---, ---, ---, ---, ---, ---, ---, ---, ---, ---, ---, ---, ---, ---, ---, ---, ---, ---, ---, ---, 
[1367.241s][info][gc,stats       ]     DU: JVMTI Roots                   0 us, workers (us):   0, ---, ---, ---, ---, ---, ---, ---, ---, ---, ---, ---, ---, ---, ---, ---, ---, ---, ---, ---, ---, ---, ---, ---, 
[1367.241s][info][gc,stats       ] 
[1367.241s][info][gc,stats       ] Allocation pacing accrued:
[1367.241s][info][gc,stats       ]       0 of    70 ms (  0.0%): <total>
[1367.241s][info][gc,stats       ]       0 of    70 ms (  0.0%): <average total>
[1367.241s][info][gc,stats       ] 
[1367.241s][info][gc,metaspace   ] Metaspace: 24233K->24233K(1071104K)
[1367.241s][info][gc,ergo        ] Pacer for Idle. Initial: 2621K, Alloc Tax Rate: 1.0x
[1367.244s][info][gc             ] Trigger: Allocated since last cycle (18176K) is larger than allocation threshold (13107K)
[1367.244s][info][gc,ergo        ] Free: 83456K, Max: 256K regular, 40960K humongous, Frag: 51% external, 0% internal; Reserve: 6656K, Max: 256K
[1367.244s][info][gc,start       ] GC(17479) Concurrent reset
[1367.244s][info][gc,task        ] GC(17479) Using 4 of 24 workers for concurrent reset
[1367.244s][info][gc,ergo        ] GC(17479) Pacer for Reset. Non-Taxable: 128M
[1367.244s][info][gc             ] GC(17479) Concurrent reset 0.409ms
[1367.245s][info][gc,start       ] GC(17479) Pause Init Mark
[1367.245s][info][gc,task        ] GC(17479) Using 4 of 24 workers for init marking
[1367.247s][info][gc,ergo        ] GC(17479) Pacer for Mark. Expected Live: 9645K, Free: 83456K, Non-Taxable: 8345K, Alloc Tax Rate: 0.1x
[1367.247s][info][gc             ] GC(17479) Pause Init Mark 2.177ms
[1367.247s][info][gc,start       ] GC(17479) Concurrent marking
[1367.247s][info][gc,task        ] GC(17479) Using 4 of 24 workers for concurrent marking
[1367.285s][info][gc             ] Failed to allocate Shared, 7168K
[1367.285s][info][gc             ] Cancelling GC: Allocation Failure
[1367.286s][info][gc             ] GC(17479) Concurrent marking 38.398ms
[1367.286s][info][gc,ergo        ] Free: 9216K, Max: 256K regular, 3584K humongous, Frag: 62% external, 0% internal; Reserve: 6656K, Max: 256K
[1367.286s][info][gc,stats       ] 
[1367.286s][info][gc,stats       ] All times are wall-clock times, except per-root-class counters, that are sum over
[1367.286s][info][gc,stats       ] all workers. Dividing the <total> over the root stage time estimates parallelism.
[1367.286s][info][gc,stats       ] 
[1367.286s][info][gc,stats       ] Concurrent Reset                    392 us
[1367.286s][info][gc,stats       ] Pause Init Mark (G)                3234 us
[1367.286s][info][gc,stats       ] Pause Init Mark (N)                2151 us
[1367.286s][info][gc,stats       ]   Accumulate Stats                    4 us
[1367.286s][info][gc,stats       ]   Make Parsable                      41 us
[1367.286s][info][gc,stats       ]   Update Region States               14 us
[1367.286s][info][gc,stats       ]   Scan Roots                       1838 us, parallelism: 1.96x
[1367.286s][info][gc,stats       ]     S: <total>                     3598 us
[1367.286s][info][gc,stats       ]     S: Thread Roots                 537 us, workers (us):   1, 222,   2, 312, ---, ---, ---, ---, ---, ---, ---, ---, ---, ---, ---, ---, ---, ---, ---, ---, ---, ---, ---, ---, 
[1367.286s][info][gc,stats       ]     S: Universe Roots                22 us, workers (us):  22, ---, ---, ---, ---, ---, ---, ---, ---, ---, ---, ---, ---, ---, ---, ---, ---, ---, ---, ---, ---, ---, ---, ---, 
[1367.286s][info][gc,stats       ]     S: JNI Handles Roots             32 us, workers (us): ---,  32, ---, ---, ---, ---, ---, ---, ---, ---, ---, ---, ---, ---, ---, ---, ---, ---, ---, ---, ---, ---, ---, ---, 
[1367.286s][info][gc,stats       ]     S: Synchronizer Roots             0 us, workers (us):   0, ---, ---, ---, ---, ---, ---, ---, ---, ---, ---, ---, ---, ---, ---, ---, ---, ---, ---, ---, ---, ---, ---, ---, 
[1367.286s][info][gc,stats       ]     S: Management Roots               1 us, workers (us):   1, ---, ---, ---, ---, ---, ---, ---, ---, ---, ---, ---, ---, ---, ---, ---, ---, ---, ---, ---, ---, ---, ---, ---, 
[1367.286s][info][gc,stats       ]     S: System Dict Roots              8 us, workers (us):   8, ---, ---, ---, ---, ---, ---, ---, ---, ---, ---, ---, ---, ---, ---, ---, ---, ---, ---, ---, ---, ---, ---, ---, 
[1367.286s][info][gc,stats       ]     S: CLDG Roots                  2997 us, workers (us): 1343, ---, 1654, ---, ---, ---, ---, ---, ---, ---, ---, ---, ---, ---, ---, ---, ---, ---, ---, ---, ---, ---, ---, ---, 
[1367.286s][info][gc,stats       ]     S: JVMTI Roots                    1 us, workers (us): ---,   1, ---, ---, ---, ---, ---, ---, ---, ---, ---, ---, ---, ---, ---, ---, ---, ---, ---, ---, ---, ---, ---, ---, 
[1367.286s][info][gc,stats       ]   Resize TLABs                        4 us
[1367.286s][info][gc,stats       ] Concurrent Marking                38353 us
[1367.286s][info][gc,stats       ] Pacing                            22329 us
[1367.286s][info][gc,stats       ] 
[1367.286s][info][gc,stats       ] Allocation pacing accrued:
[1367.286s][info][gc,stats       ]      22 of    45 ms ( 49.8%): pl.nadoba.jvm.gc.benchmark.App.main()
[1367.286s][info][gc,stats       ]      22 of    45 ms ( 49.8%): <total>
[1367.286s][info][gc,stats       ]       2 of    45 ms (  5.0%): <average total>
[1367.286s][info][gc,stats       ]      22 of    45 ms ( 49.8%): <average non-zero>
[1367.286s][info][gc,stats       ] 
[1367.286s][info][gc,metaspace   ] Metaspace: 24233K->24233K(1071104K)
[1367.286s][info][gc,ergo        ] Pacer for Idle. Initial: 2621K, Alloc Tax Rate: 1.0x
[1367.287s][info][gc             ] Trigger: Handle Allocation Failure
[1367.287s][info][gc,ergo        ] Free: 9216K, Max: 256K regular, 3584K humongous, Frag: 62% external, 0% internal; Reserve: 6656K, Max: 256K
[1367.288s][info][gc,start       ] GC(17480) Pause Degenerated GC (Mark)
[1367.288s][info][gc,task        ] GC(17480) Using 4 of 24 workers for stw degenerated gc
[1367.314s][info][gc,ergo        ] GC(17480) CSet Selection. Actual Free: 37632K, Max CSet: 28224K
[1367.314s][info][gc,ergo        ] GC(17480) Collectable Garbage: 22082K (99%), Immediate: 21760K (98%), CSet: 322K (1%)
[1367.314s][info][gc,ergo        ] GC(17480) Pacer for Evacuation. Used CSet: 512K, Free: 31744K, Non-Taxable: 3174K, Alloc Tax Rate: 1.1x
[1367.318s][info][gc,ergo        ] GC(17480) Pacer for Update Refs. Used: 89343K, Free: 31744K, Non-Taxable: 3174K, Alloc Tax Rate: 3.4x
[1367.327s][info][gc,ergo        ] GC(17480) Good progress for free space: 32000K, need 1310K
[1367.327s][info][gc,ergo        ] GC(17480) Good progress for used space: 22016K, need 256K
[1367.327s][info][gc             ] GC(17480) Pause Degenerated GC (Mark) 108M->86M(128M) 39.800ms
[1367.328s][info][gc,ergo        ] Free: 32000K, Max: 256K regular, 13568K humongous, Frag: 58% external, 16% internal; Reserve: 6656K, Max: 256K
[1367.328s][info][gc,stats       ] 
[1367.328s][info][gc,stats       ] All times are wall-clock times, except per-root-class counters, that are sum over
[1367.328s][info][gc,stats       ] all workers. Dividing the <total> over the root stage time estimates parallelism.
[1367.328s][info][gc,stats       ] 
[1367.328s][info][gc,stats       ]   Finish Queues                   25375 us
[1367.328s][info][gc,stats       ]   System Purge                      470 us
[1367.328s][info][gc,stats       ]     Weak Roots                      468 us
[1367.328s][info][gc,stats       ]   Update Region States               18 us
[1367.328s][info][gc,stats       ]   Retire TLABs                       57 us
[1367.328s][info][gc,stats       ]   Choose Collection Set             139 us
[1367.328s][info][gc,stats       ]   Rebuild Free Set                   14 us
[1367.328s][info][gc,stats       ]   Initial Evacuation                 14 us
[1367.328s][info][gc,stats       ]   Retire GCLABs                      14 us
[1367.328s][info][gc,stats       ]   Finish Work                      8727 us
[1367.328s][info][gc,stats       ]   Update Region States               13 us
[1367.328s][info][gc,stats       ]   Trash Collection Set                5 us
[1367.328s][info][gc,stats       ]   Rebuild Free Set                   13 us
[1367.328s][info][gc,stats       ] Pause Degenerated GC (G)          40103 us
[1367.328s][info][gc,stats       ] Pause Degenerated GC (N)          39775 us
[1367.328s][info][gc,stats       ]   Degen Update Roots                707 us, parallelism: 2.31x
[1367.328s][info][gc,stats       ]     DU: <total>                    1635 us
[1367.328s][info][gc,stats       ]     DU: Thread Roots                 76 us, workers (us):  69,   1,   3,   3, ---, ---, ---, ---, ---, ---, ---, ---, ---, ---, ---, ---, ---, ---, ---, ---, ---, ---, ---, ---, 
[1367.328s][info][gc,stats       ]     DU: Code Cache Roots           1240 us, workers (us): 179, 237, 420, 404, ---, ---, ---, ---, ---, ---, ---, ---, ---, ---, ---, ---, ---, ---, ---, ---, ---, ---, ---, ---, 
[1367.328s][info][gc,stats       ]     DU: Universe Roots               15 us, workers (us):  15, ---, ---, ---, ---, ---, ---, ---, ---, ---, ---, ---, ---, ---, ---, ---, ---, ---, ---, ---, ---, ---, ---, ---, 
[1367.328s][info][gc,stats       ]     DU: JNI Handles Roots             1 us, workers (us):   1, ---, ---, ---, ---, ---, ---, ---, ---, ---, ---, ---, ---, ---, ---, ---, ---, ---, ---, ---, ---, ---, ---, ---, 
[1367.328s][info][gc,stats       ]     DU: Synchronizer Roots            0 us, workers (us): ---,   0, ---, ---, ---, ---, ---, ---, ---, ---, ---, ---, ---, ---, ---, ---, ---, ---, ---, ---, ---, ---, ---, ---, 
[1367.328s][info][gc,stats       ]     DU: Management Roots              1 us, workers (us): ---,   1, ---, ---, ---, ---, ---, ---, ---, ---, ---, ---, ---, ---, ---, ---, ---, ---, ---, ---, ---, ---, ---, ---, 
[1367.328s][info][gc,stats       ]     DU: System Dict Roots             5 us, workers (us): ---,   5, ---, ---, ---, ---, ---, ---, ---, ---, ---, ---, ---, ---, ---, ---, ---, ---, ---, ---, ---, ---, ---, ---, 
[1367.328s][info][gc,stats       ]     DU: CLDG Roots                  297 us, workers (us): 138, 159, ---, ---, ---, ---, ---, ---, ---, ---, ---, ---, ---, ---, ---, ---, ---, ---, ---, ---, ---, ---, ---, ---, 
[1367.328s][info][gc,stats       ]     DU: JVMTI Roots                   0 us, workers (us):   0, ---, ---, ---, ---, ---, ---, ---, ---, ---, ---, ---, ---, ---, ---, ---, ---, ---, ---, ---, ---, ---, ---, ---, 
[1367.328s][info][gc,stats       ] 
[1367.328s][info][gc,stats       ] Allocation pacing accrued:
[1367.328s][info][gc,stats       ]       0 of    42 ms (  0.0%): <total>
[1367.328s][info][gc,stats       ]       0 of    42 ms (  0.0%): <average total>
[1367.328s][info][gc,stats       ] 
[1367.328s][info][gc,metaspace   ] Metaspace: 24233K->24233K(1071104K)
[1367.328s][info][gc,ergo        ] Pacer for Idle. Initial: 2621K, Alloc Tax Rate: 1.0x
[1367.337s][info][gc             ] Trigger: Allocated since last cycle (15104K) is larger than allocation threshold (13107K)
[1367.337s][info][gc,ergo        ] Free: 16896K, Max: 256K regular, 13568K humongous, Frag: 20% external, 0% internal; Reserve: 6656K, Max: 256K
[1367.337s][info][gc,start       ] GC(17481) Concurrent reset
[1367.337s][info][gc,task        ] GC(17481) Using 4 of 24 workers for concurrent reset
[1367.337s][info][gc,ergo        ] GC(17481) Pacer for Reset. Non-Taxable: 128M
[1367.337s][info][gc             ] GC(17481) Concurrent reset 0.578ms
[1367.337s][info][gc,start       ] GC(17481) Pause Init Mark
[1367.338s][info][gc,task        ] GC(17481) Using 4 of 24 workers for init marking
[1367.340s][info][gc,ergo        ] GC(17481) Pacer for Mark. Expected Live: 10465K, Free: 16896K, Non-Taxable: 1689K, Alloc Tax Rate: 0.8x
[1367.340s][info][gc             ] GC(17481) Pause Init Mark 2.698ms
[1367.340s][info][gc,start       ] GC(17481) Concurrent marking
[1367.340s][info][gc,task        ] GC(17481) Using 4 of 24 workers for concurrent marking
[1367.402s][info][gc             ] GC(17481) Concurrent marking 61.924ms
[1367.402s][info][gc,start       ] GC(17481) Pause Final Mark
[1367.402s][info][gc,task        ] GC(17481) Using 4 of 24 workers for final marking
[1367.403s][info][gc,ergo        ] GC(17481) CSet Selection. Actual Free: 102M, Max CSet: 78912K
[1367.403s][info][gc,ergo        ] GC(17481) Collectable Garbage: 94786K (99%), Immediate: 94464K (99%), CSet: 322K (0%)
[1367.404s][info][gc,ergo        ] GC(17481) Pacer for Evacuation. Used CSet: 512K, Free: 100M, Non-Taxable: 10265K, Alloc Tax Rate: 1.1x
[1367.404s][info][gc             ] GC(17481) Pause Final Mark 1.684ms
[1367.404s][info][gc,start       ] GC(17481) Concurrent cleanup
[1367.419s][info][gc             ] GC(17481) Concurrent cleanup 112M->35M(128M) 15.138ms
[1367.419s][info][gc,ergo        ] GC(17481) Free: 86272K, Max: 256K regular, 80384K humongous, Frag: 7% external, 0% internal; Reserve: 6651K, Max: 256K
[1367.419s][info][gc,start       ] GC(17481) Concurrent evacuation
[1367.419s][info][gc,task        ] GC(17481) Using 4 of 24 workers for concurrent evacuation
[1367.420s][info][gc             ] GC(17481) Concurrent evacuation 0.814ms
[1367.420s][info][gc,start       ] GC(17481) Pause Init Update Refs
[1367.420s][info][gc,ergo        ] GC(17481) Pacer for Update Refs. Used: 36351K, Free: 86272K, Non-Taxable: 8627K, Alloc Tax Rate: 1.1x
[1367.420s][info][gc             ] GC(17481) Pause Init Update Refs 0.080ms
[1367.420s][info][gc,start       ] GC(17481) Concurrent update references
[1367.421s][info][gc,task        ] GC(17481) Using 4 of 24 workers for concurrent reference update
[1367.436s][info][gc             ] GC(17481) Concurrent update references 15.411ms
[1367.436s][info][gc,start       ] GC(17481) Pause Final Update Refs
[1367.436s][info][gc,task        ] GC(17481) Using 4 of 24 workers for final reference update
[1367.436s][info][gc             ] GC(17481) Pause Final Update Refs 0.282ms
[1367.436s][info][gc,start       ] GC(17481) Concurrent cleanup
[1367.437s][info][gc             ] GC(17481) Concurrent cleanup 53M->61M(128M) 0.157ms
[1367.437s][info][gc             ] GC(17481) Dat log --- cycle is complete
Current gc epoch: 9292
heap: ______
capacity: 134217728
used: 65011496
committed: 134217728
bytes_allocated_since_gc_start: 59245144
hot_size: 0
cold_size: 9971947
num_regions: 512
hot_region_count: 18446744073709538226
cold_region_count: 13391
histogram: Placeholder

[1367.437s][info][gc             ] GC(17481) Obj count ac histogram
[1367.437s][info][gc             ] GC(17481) 	0: 751480
[1367.437s][info][gc             ] GC(17481) 	1: 13
[1367.437s][info][gc             ] GC(17481) 	2: 32
[1367.437s][info][gc             ] GC(17481) 	3: 5
[1367.437s][info][gc             ] GC(17481) 	4: 1
[1367.437s][info][gc             ] GC(17481) 	5: 0
[1367.437s][info][gc             ] GC(17481) 	6: 0
[1367.437s][info][gc             ] GC(17481) 	7: 0
[1367.437s][info][gc             ] GC(17481) 	8: 0
[1367.437s][info][gc             ] GC(17481) 	9: 0
[1367.437s][info][gc             ] GC(17481) 	10: 0
[1367.437s][info][gc             ] GC(17481) 	11: 0
[1367.437s][info][gc             ] GC(17481) 	12: 0
[1367.437s][info][gc             ] GC(17481) 	13: 0
[1367.437s][info][gc             ] GC(17481) 	14: 0
[1367.437s][info][gc             ] GC(17481) 	15: 0
[1367.437s][info][gc             ] GC(17481) 	16: 0
[1367.437s][info][gc             ] GC(17481) 	17: 0
[1367.437s][info][gc             ] GC(17481) 	18: 0
[1367.437s][info][gc             ] GC(17481) 	19: 0
[1367.437s][info][gc             ] GC(17481) Obj size ac histogram
[1367.437s][info][gc             ] GC(17481) 	0: 8100702
[1367.437s][info][gc             ] GC(17481) 	1: 624
[1367.437s][info][gc             ] GC(17481) 	2: 1536
[1367.437s][info][gc             ] GC(17481) 	3: 37
[1367.437s][info][gc             ] GC(17481) 	4: 5
[1367.437s][info][gc             ] GC(17481) 	5: 0
[1367.437s][info][gc             ] GC(17481) 	6: 0
[1367.437s][info][gc             ] GC(17481) 	7: 0
[1367.437s][info][gc             ] GC(17481) 	8: 0
[1367.437s][info][gc             ] GC(17481) 	9: 0
[1367.437s][info][gc             ] GC(17481) 	10: 0
[1367.437s][info][gc             ] GC(17481) 	11: 0
[1367.437s][info][gc             ] GC(17481) 	12: 0
[1367.437s][info][gc             ] GC(17481) 	13: 0
[1367.437s][info][gc             ] GC(17481) 	14: 0
[1367.437s][info][gc             ] GC(17481) 	15: 0
[1367.437s][info][gc             ] GC(17481) 	16: 0
[1367.437s][info][gc             ] GC(17481) 	17: 0
[1367.437s][info][gc             ] GC(17481) 	18: 0
[1367.437s][info][gc             ] GC(17481) 	19: 0
[1367.437s][info][gc,ergo        ] Free: 57856K, Max: 256K regular, 52992K humongous, Frag: 9% external, 9% internal; Reserve: 6656K, Max: 256K
[1367.437s][info][gc,stats       ] 
[1367.437s][info][gc,stats       ] All times are wall-clock times, except per-root-class counters, that are sum over
[1367.437s][info][gc,stats       ] all workers. Dividing the <total> over the root stage time estimates parallelism.
[1367.437s][info][gc,stats       ] 
[1367.437s][info][gc,stats       ] Concurrent Reset                    556 us
[1367.437s][info][gc,stats       ] Pause Init Mark (G)                3019 us
[1367.437s][info][gc,stats       ] Pause Init Mark (N)                2632 us
[1367.437s][info][gc,stats       ]   Accumulate Stats                    5 us
[1367.437s][info][gc,stats       ]   Make Parsable                      52 us
[1367.437s][info][gc,stats       ]   Update Region States                7 us
[1367.437s][info][gc,stats       ]   Scan Roots                       2071 us, parallelism: 1.64x
[1367.437s][info][gc,stats       ]     S: <total>                     3390 us
[1367.437s][info][gc,stats       ]     S: Thread Roots                 240 us, workers (us): 119,   1, 118,   2, ---, ---, ---, ---, ---, ---, ---, ---, ---, ---, ---, ---, ---, ---, ---, ---, ---, ---, ---, ---, 
[1367.437s][info][gc,stats       ]     S: Universe Roots                34 us, workers (us):  34, ---, ---, ---, ---, ---, ---, ---, ---, ---, ---, ---, ---, ---, ---, ---, ---, ---, ---, ---, ---, ---, ---, ---, 
[1367.437s][info][gc,stats       ]     S: JNI Handles Roots             12 us, workers (us): ---,  12, ---, ---, ---, ---, ---, ---, ---, ---, ---, ---, ---, ---, ---, ---, ---, ---, ---, ---, ---, ---, ---, ---, 
[1367.437s][info][gc,stats       ]     S: Synchronizer Roots             0 us, workers (us): ---,   0, ---, ---, ---, ---, ---, ---, ---, ---, ---, ---, ---, ---, ---, ---, ---, ---, ---, ---, ---, ---, ---, ---, 
[1367.437s][info][gc,stats       ]     S: Management Roots               1 us, workers (us): ---,   1, ---, ---, ---, ---, ---, ---, ---, ---, ---, ---, ---, ---, ---, ---, ---, ---, ---, ---, ---, ---, ---, ---, 
[1367.437s][info][gc,stats       ]     S: System Dict Roots             30 us, workers (us): ---, ---,  30, ---, ---, ---, ---, ---, ---, ---, ---, ---, ---, ---, ---, ---, ---, ---, ---, ---, ---, ---, ---, ---, 
[1367.437s][info][gc,stats       ]     S: CLDG Roots                  3072 us, workers (us): ---, 1197, ---, 1874, ---, ---, ---, ---, ---, ---, ---, ---, ---, ---, ---, ---, ---, ---, ---, ---, ---, ---, ---, ---, 
[1367.437s][info][gc,stats       ]     S: JVMTI Roots                    0 us, workers (us): ---,   0, ---, ---, ---, ---, ---, ---, ---, ---, ---, ---, ---, ---, ---, ---, ---, ---, ---, ---, ---, ---, ---, ---, 
[1367.437s][info][gc,stats       ]   Resize TLABs                        7 us
[1367.437s][info][gc,stats       ] Concurrent Marking                61873 us
[1367.437s][info][gc,stats       ] Pause Final Mark (G)               1912 us
[1367.437s][info][gc,stats       ] Pause Final Mark (N)               1640 us
[1367.437s][info][gc,stats       ]   Finish Queues                     177 us
[1367.437s][info][gc,stats       ]   System Purge                      309 us
[1367.437s][info][gc,stats       ]     Weak Roots                      308 us
[1367.437s][info][gc,stats       ]   Update Region States               19 us
[1367.437s][info][gc,stats       ]   Retire TLABs                       54 us
[1367.437s][info][gc,stats       ]   Choose Collection Set             399 us
[1367.437s][info][gc,stats       ]   Rebuild Free Set                   23 us
[1367.437s][info][gc,stats       ]   Initial Evacuation                632 us, parallelism: 2.12x
[1367.437s][info][gc,stats       ]     E: <total>                     1341 us
[1367.437s][info][gc,stats       ]     E: Thread Roots                 122 us, workers (us):  19,  71,   2,  30, ---, ---, ---, ---, ---, ---, ---, ---, ---, ---, ---, ---, ---, ---, ---, ---, ---, ---, ---, ---, 
[1367.437s][info][gc,stats       ]     E: Code Cache Roots            1005 us, workers (us): 204, 259, 352, 189, ---, ---, ---, ---, ---, ---, ---, ---, ---, ---, ---, ---, ---, ---, ---, ---, ---, ---, ---, ---, 
[1367.437s][info][gc,stats       ]     E: Universe Roots                 3 us, workers (us):   3, ---, ---, ---, ---, ---, ---, ---, ---, ---, ---, ---, ---, ---, ---, ---, ---, ---, ---, ---, ---, ---, ---, ---, 
[1367.437s][info][gc,stats       ]     E: JNI Handles Roots              1 us, workers (us):   1, ---, ---, ---, ---, ---, ---, ---, ---, ---, ---, ---, ---, ---, ---, ---, ---, ---, ---, ---, ---, ---, ---, ---, 
[1367.437s][info][gc,stats       ]     E: Synchronizer Roots            11 us, workers (us):  11, ---, ---, ---, ---, ---, ---, ---, ---, ---, ---, ---, ---, ---, ---, ---, ---, ---, ---, ---, ---, ---, ---, ---, 
[1367.437s][info][gc,stats       ]     E: Management Roots               2 us, workers (us): ---,   2, ---, ---, ---, ---, ---, ---, ---, ---, ---, ---, ---, ---, ---, ---, ---, ---, ---, ---, ---, ---, ---, ---, 
[1367.437s][info][gc,stats       ]     E: System Dict Roots              3 us, workers (us):   3, ---, ---, ---, ---, ---, ---, ---, ---, ---, ---, ---, ---, ---, ---, ---, ---, ---, ---, ---, ---, ---, ---, ---, 
[1367.437s][info][gc,stats       ]     E: CLDG Roots                   194 us, workers (us):  84, ---, ---, 111, ---, ---, ---, ---, ---, ---, ---, ---, ---, ---, ---, ---, ---, ---, ---, ---, ---, ---, ---, ---, 
[1367.437s][info][gc,stats       ]     E: JVMTI Roots                    1 us, workers (us): ---,   1, ---, ---, ---, ---, ---, ---, ---, ---, ---, ---, ---, ---, ---, ---, ---, ---, ---, ---, ---, ---, ---, ---, 
[1367.437s][info][gc,stats       ] Concurrent Cleanup                15091 us
[1367.437s][info][gc,stats       ] Concurrent Evacuation               807 us
[1367.437s][info][gc,stats       ] Pause Init  Update Refs (G)         313 us
[1367.437s][info][gc,stats       ] Pause Init  Update Refs (N)          38 us
[1367.437s][info][gc,stats       ]   Retire GCLABs                      17 us
[1367.437s][info][gc,stats       ] Concurrent Update Refs            15397 us
[1367.437s][info][gc,stats       ] Pause Final Update Refs (G)         515 us
[1367.437s][info][gc,stats       ] Pause Final Update Refs (N)         239 us
[1367.437s][info][gc,stats       ]   Update Roots                      174 us, parallelism: 1.20x
[1367.437s][info][gc,stats       ]     UR: <total>                     208 us
[1367.437s][info][gc,stats       ]     UR: Thread Roots                208 us, workers (us): 100,  50,  26,  32, ---, ---, ---, ---, ---, ---, ---, ---, ---, ---, ---, ---, ---, ---, ---, ---, ---, ---, ---, ---, 
[1367.437s][info][gc,stats       ]   Update Region States               18 us
[1367.437s][info][gc,stats       ]   Trash Collection Set                6 us
[1367.437s][info][gc,stats       ]   Rebuild Free Set                   18 us
[1367.437s][info][gc,stats       ] Concurrent Cleanup                  127 us
[1367.437s][info][gc,stats       ] Pacing                            93330 us
[1367.437s][info][gc,stats       ] 
[1367.437s][info][gc,stats       ] Allocation pacing accrued:
[1367.437s][info][gc,stats       ]      93 of   109 ms ( 85.4%): pl.nadoba.jvm.gc.benchmark.App.main()
[1367.437s][info][gc,stats       ]      93 of   109 ms ( 85.4%): <total>
[1367.437s][info][gc,stats       ]       9 of   109 ms (  8.5%): <average total>
[1367.437s][info][gc,stats       ]      93 of   109 ms ( 85.4%): <average non-zero>
[1367.437s][info][gc,stats       ] 
[1367.437s][info][gc,metaspace   ] Metaspace: 24233K->24233K(1071104K)
[1367.437s][info][gc,ergo        ] Pacer for Idle. Initial: 2621K, Alloc Tax Rate: 1.0x
[1367.438s][info][gc             ] Trigger: Allocated since last cycle (57856K) is larger than allocation threshold (13107K)
[1367.438s][info][gc,ergo        ] Free: 57856K, Max: 256K regular, 52992K humongous, Frag: 9% external, 9% internal; Reserve: 6656K, Max: 256K
[1367.438s][info][gc,start       ] GC(17482) Concurrent reset
[1367.438s][info][gc,task        ] GC(17482) Using 4 of 24 workers for concurrent reset
[1367.438s][info][gc,ergo        ] GC(17482) Pacer for Reset. Non-Taxable: 128M
[1367.439s][info][gc             ] GC(17482) Concurrent reset 0.402ms
[1367.441s][info][gc,start       ] GC(17482) Pause Init Mark
[1367.441s][info][gc,task        ] GC(17482) Using 4 of 24 workers for init marking
[1367.444s][info][gc,ergo        ] GC(17482) Pacer for Mark. Expected Live: 10465K, Free: 48128K, Non-Taxable: 4812K, Alloc Tax Rate: 0.3x
[1367.444s][info][gc             ] GC(17482) Pause Init Mark 2.775ms
[1367.444s][info][gc,start       ] GC(17482) Concurrent marking
[1367.444s][info][gc,task        ] GC(17482) Using 4 of 24 workers for concurrent marking
[1367.507s][info][gc             ] GC(17482) Concurrent marking 62.715ms
[1367.507s][info][gc,start       ] GC(17482) Pause Final Mark
[1367.507s][info][gc,task        ] GC(17482) Using 4 of 24 workers for final marking
[1367.508s][info][gc,ergo        ] GC(17482) CSet Selection. Actual Free: 74240K, Max CSet: 55680K
[1367.508s][info][gc,ergo        ] GC(17482) Collectable Garbage: 55874K (99%), Immediate: 55552K (99%), CSet: 322K (0%)
[1367.508s][info][gc,ergo        ] GC(17482) Pacer for Evacuation. Used CSet: 512K, Free: 70912K, Non-Taxable: 7091K, Alloc Tax Rate: 1.1x
[1367.508s][info][gc             ] GC(17482) Pause Final Mark 1.552ms
[1367.508s][info][gc,start       ] GC(17482) Concurrent cleanup
[1367.517s][info][gc             ] GC(17482) Concurrent cleanup 103M->58M(128M) 8.289ms
[1367.517s][info][gc,ergo        ] GC(17482) Free: 60672K, Max: 256K regular, 37632K humongous, Frag: 38% external, 0% internal; Reserve: 6651K, Max: 256K
[1367.517s][info][gc,start       ] GC(17482) Concurrent evacuation
[1367.517s][info][gc,task        ] GC(17482) Using 4 of 24 workers for concurrent evacuation
[1367.517s][info][gc             ] GC(17482) Concurrent evacuation 0.683ms
[1367.518s][info][gc,start       ] GC(17482) Pause Init Update Refs
[1367.518s][info][gc,ergo        ] GC(17482) Pacer for Update Refs. Used: 59903K, Free: 60672K, Non-Taxable: 6067K, Alloc Tax Rate: 1.2x
[1367.518s][info][gc             ] GC(17482) Pause Init Update Refs 0.124ms
[1367.518s][info][gc,start       ] GC(17482) Concurrent update references
[1367.518s][info][gc,task        ] GC(17482) Using 4 of 24 workers for concurrent reference update
[1367.535s][info][gc             ] GC(17482) Concurrent update references 17.416ms
[1367.535s][info][gc,start       ] GC(17482) Pause Final Update Refs
[1367.535s][info][gc,task        ] GC(17482) Using 4 of 24 workers for final reference update
[1367.536s][info][gc             ] GC(17482) Pause Final Update Refs 0.289ms
[1367.536s][info][gc,start       ] GC(17482) Concurrent cleanup
[1367.536s][info][gc             ] GC(17482) Concurrent cleanup 70M->70M(128M) 0.097ms
[1367.536s][info][gc             ] GC(17482) Dat log --- cycle is complete
Current gc epoch: 9293
heap: ______
capacity: 134217728
used: 73400328
committed: 134217728
bytes_allocated_since_gc_start: 70780080
hot_size: 0
cold_size: 4241489
num_regions: 512
hot_region_count: 18446744073709538225
cold_region_count: 13392
histogram: Placeholder

[1367.536s][info][gc             ] GC(17482) Obj count ac histogram
[1367.536s][info][gc             ] GC(17482) 	0: 252463
[1367.536s][info][gc             ] GC(17482) 	1: 15
[1367.536s][info][gc             ] GC(17482) 	2: 2
[1367.536s][info][gc             ] GC(17482) 	3: 0
[1367.536s][info][gc             ] GC(17482) 	4: 0
[1367.536s][info][gc             ] GC(17482) 	5: 0
[1367.536s][info][gc             ] GC(17482) 	6: 0
[1367.536s][info][gc             ] GC(17482) 	7: 0
[1367.536s][info][gc             ] GC(17482) 	8: 0
[1367.536s][info][gc             ] GC(17482) 	9: 0
[1367.536s][info][gc             ] GC(17482) 	10: 0
[1367.536s][info][gc             ] GC(17482) 	11: 0
[1367.536s][info][gc             ] GC(17482) 	12: 0
[1367.536s][info][gc             ] GC(17482) 	13: 0
[1367.536s][info][gc             ] GC(17482) 	14: 0
[1367.536s][info][gc             ] GC(17482) 	15: 0
[1367.536s][info][gc             ] GC(17482) 	16: 0
[1367.536s][info][gc             ] GC(17482) 	17: 0
[1367.536s][info][gc             ] GC(17482) 	18: 0
[1367.536s][info][gc             ] GC(17482) 	19: 0
[1367.536s][info][gc             ] GC(17482) Obj size ac histogram
[1367.536s][info][gc             ] GC(17482) 	0: 3753546
[1367.536s][info][gc             ] GC(17482) 	1: 720
[1367.536s][info][gc             ] GC(17482) 	2: 14
[1367.536s][info][gc             ] GC(17482) 	3: 0
[1367.536s][info][gc             ] GC(17482) 	4: 0
[1367.536s][info][gc             ] GC(17482) 	5: 0
[1367.536s][info][gc             ] GC(17482) 	6: 0
[1367.536s][info][gc             ] GC(17482) 	7: 0
[1367.536s][info][gc             ] GC(17482) 	8: 0
[1367.536s][info][gc             ] GC(17482) 	9: 0
[1367.536s][info][gc             ] GC(17482) 	10: 0
[1367.536s][info][gc             ] GC(17482) 	11: 0
[1367.536s][info][gc             ] GC(17482) 	12: 0
[1367.536s][info][gc             ] GC(17482) 	13: 0
[1367.536s][info][gc             ] GC(17482) 	14: 0
[1367.536s][info][gc             ] GC(17482) 	15: 0
[1367.536s][info][gc             ] GC(17482) 	16: 0
[1367.536s][info][gc             ] GC(17482) 	17: 0
[1367.536s][info][gc             ] GC(17482) 	18: 0
[1367.536s][info][gc             ] GC(17482) 	19: 0
[1367.536s][info][gc,ergo        ] Free: 47872K, Max: 256K regular, 24576K humongous, Frag: 49% external, 11% internal; Reserve: 6656K, Max: 256K
[1367.536s][info][gc,stats       ] 
[1367.536s][info][gc,stats       ] All times are wall-clock times, except per-root-class counters, that are sum over
[1367.536s][info][gc,stats       ] all workers. Dividing the <total> over the root stage time estimates parallelism.
[1367.536s][info][gc,stats       ] 
[1367.536s][info][gc,stats       ] Concurrent Reset                    394 us
[1367.536s][info][gc,stats       ] Pause Init Mark (G)                4893 us
[1367.536s][info][gc,stats       ] Pause Init Mark (N)                2728 us
[1367.536s][info][gc,stats       ]   Accumulate Stats                    6 us
[1367.536s][info][gc,stats       ]   Make Parsable                      48 us
[1367.536s][info][gc,stats       ]   Update Region States                7 us
[1367.536s][info][gc,stats       ]   Scan Roots                       2177 us, parallelism: 1.68x
[1367.536s][info][gc,stats       ]     S: <total>                     3658 us
[1367.536s][info][gc,stats       ]     S: Thread Roots                 492 us, workers (us): 214,   2,   1, 274, ---, ---, ---, ---, ---, ---, ---, ---, ---, ---, ---, ---, ---, ---, ---, ---, ---, ---, ---, ---, 
[1367.536s][info][gc,stats       ]     S: Universe Roots                37 us, workers (us):  37, ---, ---, ---, ---, ---, ---, ---, ---, ---, ---, ---, ---, ---, ---, ---, ---, ---, ---, ---, ---, ---, ---, ---, 
[1367.536s][info][gc,stats       ]     S: JNI Handles Roots             41 us, workers (us):  41, ---, ---, ---, ---, ---, ---, ---, ---, ---, ---, ---, ---, ---, ---, ---, ---, ---, ---, ---, ---, ---, ---, ---, 
[1367.536s][info][gc,stats       ]     S: Synchronizer Roots             0 us, workers (us): ---,   0, ---, ---, ---, ---, ---, ---, ---, ---, ---, ---, ---, ---, ---, ---, ---, ---, ---, ---, ---, ---, ---, ---, 
[1367.536s][info][gc,stats       ]     S: Management Roots               1 us, workers (us): ---,   1, ---, ---, ---, ---, ---, ---, ---, ---, ---, ---, ---, ---, ---, ---, ---, ---, ---, ---, ---, ---, ---, ---, 
[1367.536s][info][gc,stats       ]     S: System Dict Roots             31 us, workers (us): ---,  31, ---, ---, ---, ---, ---, ---, ---, ---, ---, ---, ---, ---, ---, ---, ---, ---, ---, ---, ---, ---, ---, ---, 
[1367.536s][info][gc,stats       ]     S: CLDG Roots                  3056 us, workers (us): ---, 1982, 1075, ---, ---, ---, ---, ---, ---, ---, ---, ---, ---, ---, ---, ---, ---, ---, ---, ---, ---, ---, ---, ---, 
[1367.536s][info][gc,stats       ]     S: JVMTI Roots                    1 us, workers (us):   1, ---, ---, ---, ---, ---, ---, ---, ---, ---, ---, ---, ---, ---, ---, ---, ---, ---, ---, ---, ---, ---, ---, ---, 
[1367.536s][info][gc,stats       ]   Resize TLABs                        7 us
[1367.536s][info][gc,stats       ] Concurrent Marking                62664 us
[1367.536s][info][gc,stats       ] Pause Final Mark (G)               1727 us
[1367.536s][info][gc,stats       ] Pause Final Mark (N)               1510 us
[1367.536s][info][gc,stats       ]   Finish Queues                     136 us
[1367.536s][info][gc,stats       ]   System Purge                      422 us
[1367.536s][info][gc,stats       ]     Weak Roots                      421 us
[1367.536s][info][gc,stats       ]   Update Region States               19 us
[1367.536s][info][gc,stats       ]   Retire TLABs                       50 us
[1367.536s][info][gc,stats       ]   Choose Collection Set             256 us
[1367.536s][info][gc,stats       ]   Rebuild Free Set                   19 us
[1367.536s][info][gc,stats       ]   Initial Evacuation                583 us, parallelism: 2.32x
[1367.536s][info][gc,stats       ]     E: <total>                     1351 us
[1367.536s][info][gc,stats       ]     E: Thread Roots                 113 us, workers (us):  51,  28,   1,  33, ---, ---, ---, ---, ---, ---, ---, ---, ---, ---, ---, ---, ---, ---, ---, ---, ---, ---, ---, ---, 
[1367.536s][info][gc,stats       ]     E: Code Cache Roots             933 us, workers (us): 133, 297, 224, 278, ---, ---, ---, ---, ---, ---, ---, ---, ---, ---, ---, ---, ---, ---, ---, ---, ---, ---, ---, ---, 
[1367.536s][info][gc,stats       ]     E: Universe Roots                 6 us, workers (us):   6, ---, ---, ---, ---, ---, ---, ---, ---, ---, ---, ---, ---, ---, ---, ---, ---, ---, ---, ---, ---, ---, ---, ---, 
[1367.536s][info][gc,stats       ]     E: JNI Handles Roots              2 us, workers (us):   2, ---, ---, ---, ---, ---, ---, ---, ---, ---, ---, ---, ---, ---, ---, ---, ---, ---, ---, ---, ---, ---, ---, ---, 
[1367.536s][info][gc,stats       ]     E: Synchronizer Roots             0 us, workers (us):   0, ---, ---, ---, ---, ---, ---, ---, ---, ---, ---, ---, ---, ---, ---, ---, ---, ---, ---, ---, ---, ---, ---, ---, 
[1367.536s][info][gc,stats       ]     E: Management Roots               2 us, workers (us):   2, ---, ---, ---, ---, ---, ---, ---, ---, ---, ---, ---, ---, ---, ---, ---, ---, ---, ---, ---, ---, ---, ---, ---, 
[1367.536s][info][gc,stats       ]     E: System Dict Roots             10 us, workers (us):  10, ---, ---, ---, ---, ---, ---, ---, ---, ---, ---, ---, ---, ---, ---, ---, ---, ---, ---, ---, ---, ---, ---, ---, 
[1367.536s][info][gc,stats       ]     E: CLDG Roots                   285 us, workers (us): 161, ---, 124, ---, ---, ---, ---, ---, ---, ---, ---, ---, ---, ---, ---, ---, ---, ---, ---, ---, ---, ---, ---, ---, 
[1367.536s][info][gc,stats       ]     E: JVMTI Roots                    1 us, workers (us):   1, ---, ---, ---, ---, ---, ---, ---, ---, ---, ---, ---, ---, ---, ---, ---, ---, ---, ---, ---, ---, ---, ---, ---, 
[1367.536s][info][gc,stats       ] Concurrent Cleanup                 8257 us
[1367.536s][info][gc,stats       ] Concurrent Evacuation               671 us
[1367.536s][info][gc,stats       ] Pause Init  Update Refs (G)         374 us
[1367.536s][info][gc,stats       ] Pause Init  Update Refs (N)          42 us
[1367.536s][info][gc,stats       ]   Retire GCLABs                      17 us
[1367.536s][info][gc,stats       ] Concurrent Update Refs            17403 us
[1367.536s][info][gc,stats       ] Pause Final Update Refs (G)         507 us
[1367.536s][info][gc,stats       ] Pause Final Update Refs (N)         248 us
[1367.536s][info][gc,stats       ]   Update Roots                      160 us, parallelism: 0.62x
[1367.536s][info][gc,stats       ]     UR: <total>                     100 us
[1367.536s][info][gc,stats       ]     UR: Thread Roots                100 us, workers (us):  62,  32,   4,   2, ---, ---, ---, ---, ---, ---, ---, ---, ---, ---, ---, ---, ---, ---, ---, ---, ---, ---, ---, ---, 
[1367.536s][info][gc,stats       ]   Update Region States               15 us
[1367.536s][info][gc,stats       ]   Trash Collection Set                6 us
[1367.536s][info][gc,stats       ]   Rebuild Free Set                   17 us
[1367.536s][info][gc,stats       ] Concurrent Cleanup                   83 us
[1367.536s][info][gc,stats       ] Pacing                            70572 us
[1367.536s][info][gc,stats       ] 
[1367.536s][info][gc,stats       ] Allocation pacing accrued:
[1367.536s][info][gc,stats       ]      71 of    99 ms ( 71.3%): pl.nadoba.jvm.gc.benchmark.App.main()
[1367.536s][info][gc,stats       ]      71 of    99 ms ( 71.3%): <total>
[1367.536s][info][gc,stats       ]       7 of    99 ms (  7.1%): <average total>
[1367.536s][info][gc,stats       ]      71 of    99 ms ( 71.3%): <average non-zero>
[1367.536s][info][gc,stats       ] 
[1367.536s][info][gc,metaspace   ] Metaspace: 24233K->24233K(1071104K)
[1367.536s][info][gc,ergo        ] Pacer for Idle. Initial: 2621K, Alloc Tax Rate: 1.0x
[1367.538s][info][gc             ] Trigger: Allocated since last cycle (69121K) is larger than allocation threshold (13107K)
[1367.538s][info][gc,ergo        ] Free: 47872K, Max: 256K regular, 24576K humongous, Frag: 49% external, 11% internal; Reserve: 6656K, Max: 256K
[1367.538s][info][gc,start       ] GC(17483) Concurrent reset
[1367.538s][info][gc,task        ] GC(17483) Using 4 of 24 workers for concurrent reset
[1367.538s][info][gc,ergo        ] GC(17483) Pacer for Reset. Non-Taxable: 128M
[1367.538s][info][gc             ] GC(17483) Concurrent reset 0.425ms
[1367.540s][info][gc,start       ] GC(17483) Pause Init Mark
[1367.540s][info][gc,task        ] GC(17483) Using 4 of 24 workers for init marking
[1367.543s][info][gc,ergo        ] GC(17483) Pacer for Mark. Expected Live: 12103K, Free: 39424K, Non-Taxable: 3942K, Alloc Tax Rate: 0.4x
[1367.543s][info][gc             ] GC(17483) Pause Init Mark 2.526ms
[1367.543s][info][gc,start       ] GC(17483) Concurrent marking
[1367.543s][info][gc,task        ] GC(17483) Using 4 of 24 workers for concurrent marking
[1367.604s][info][gc             ] Failed to allocate Shared, 8192K
[1367.604s][info][gc             ] Cancelling GC: Allocation Failure
[1367.604s][info][gc             ] GC(17483) Concurrent marking 61.505ms
[1367.604s][info][gc,ergo        ] Free: 6144K, Max: 256K regular, 4864K humongous, Frag: 21% external, 0% internal; Reserve: 6656K, Max: 256K
[1367.604s][info][gc,stats       ] 
[1367.604s][info][gc,stats       ] All times are wall-clock times, except per-root-class counters, that are sum over
[1367.604s][info][gc,stats       ] all workers. Dividing the <total> over the root stage time estimates parallelism.
[1367.604s][info][gc,stats       ] 
[1367.604s][info][gc,stats       ] Concurrent Reset                    410 us
[1367.604s][info][gc,stats       ] Pause Init Mark (G)                4756 us
[1367.604s][info][gc,stats       ] Pause Init Mark (N)                2480 us
[1367.604s][info][gc,stats       ]   Accumulate Stats                    5 us
[1367.604s][info][gc,stats       ]   Make Parsable                      50 us
[1367.604s][info][gc,stats       ]   Update Region States               31 us
[1367.604s][info][gc,stats       ]   Scan Roots                       1922 us, parallelism: 2.01x
[1367.604s][info][gc,stats       ]     S: <total>                     3854 us
[1367.605s][info][gc,stats       ]     S: Thread Roots                 315 us, workers (us): 163,   1, 150,   2, ---, ---, ---, ---, ---, ---, ---, ---, ---, ---, ---, ---, ---, ---, ---, ---, ---, ---, ---, ---, 
[1367.605s][info][gc,stats       ]     S: Universe Roots                48 us, workers (us):  48, ---, ---, ---, ---, ---, ---, ---, ---, ---, ---, ---, ---, ---, ---, ---, ---, ---, ---, ---, ---, ---, ---, ---, 
[1367.605s][info][gc,stats       ]     S: JNI Handles Roots             15 us, workers (us): ---,  15, ---, ---, ---, ---, ---, ---, ---, ---, ---, ---, ---, ---, ---, ---, ---, ---, ---, ---, ---, ---, ---, ---, 
[1367.605s][info][gc,stats       ]     S: Synchronizer Roots             0 us, workers (us): ---,   0, ---, ---, ---, ---, ---, ---, ---, ---, ---, ---, ---, ---, ---, ---, ---, ---, ---, ---, ---, ---, ---, ---, 
[1367.605s][info][gc,stats       ]     S: Management Roots               1 us, workers (us): ---,   1, ---, ---, ---, ---, ---, ---, ---, ---, ---, ---, ---, ---, ---, ---, ---, ---, ---, ---, ---, ---, ---, ---, 
[1367.605s][info][gc,stats       ]     S: System Dict Roots             33 us, workers (us): ---, ---,  33, ---, ---, ---, ---, ---, ---, ---, ---, ---, ---, ---, ---, ---, ---, ---, ---, ---, ---, ---, ---, ---, 
[1367.605s][info][gc,stats       ]     S: CLDG Roots                  3442 us, workers (us): ---, 1712, ---, 1730, ---, ---, ---, ---, ---, ---, ---, ---, ---, ---, ---, ---, ---, ---, ---, ---, ---, ---, ---, ---, 
[1367.605s][info][gc,stats       ]     S: JVMTI Roots                    0 us, workers (us): ---,   0, ---, ---, ---, ---, ---, ---, ---, ---, ---, ---, ---, ---, ---, ---, ---, ---, ---, ---, ---, ---, ---, ---, 
[1367.605s][info][gc,stats       ]   Resize TLABs                        7 us
[1367.605s][info][gc,stats       ] Concurrent Marking                61469 us
[1367.605s][info][gc,stats       ] Pacing                            63965 us
[1367.605s][info][gc,stats       ] 
[1367.605s][info][gc,stats       ] Allocation pacing accrued:
[1367.605s][info][gc,stats       ]      64 of    68 ms ( 93.7%): pl.nadoba.jvm.gc.benchmark.App.main()
[1367.605s][info][gc,stats       ]      64 of    68 ms ( 93.7%): <total>
[1367.605s][info][gc,stats       ]       6 of    68 ms (  9.4%): <average total>
[1367.605s][info][gc,stats       ]      64 of    68 ms ( 93.7%): <average non-zero>
[1367.605s][info][gc,stats       ] 
[1367.605s][info][gc,metaspace   ] Metaspace: 24233K->24233K(1071104K)
[1367.605s][info][gc,ergo        ] Pacer for Idle. Initial: 2621K, Alloc Tax Rate: 1.0x
[1367.606s][info][gc             ] Trigger: Handle Allocation Failure
[1367.606s][info][gc,ergo        ] Free: 6144K, Max: 256K regular, 4864K humongous, Frag: 21% external, 0% internal; Reserve: 6656K, Max: 256K
[1367.606s][info][gc,start       ] GC(17484) Pause Degenerated GC (Mark)
[1367.606s][info][gc,task        ] GC(17484) Using 4 of 24 workers for stw degenerated gc
[1367.607s][info][gc,ergo        ] GC(17484) CSet Selection. Actual Free: 75520K, Max CSet: 56640K
[1367.607s][info][gc,ergo        ] GC(17484) Collectable Garbage: 63042K (99%), Immediate: 62720K (99%), CSet: 322K (0%)
[1367.607s][info][gc,ergo        ] GC(17484) Pacer for Evacuation. Used CSet: 512K, Free: 73728K, Non-Taxable: 7372K, Alloc Tax Rate: 1.1x
[1367.619s][info][gc,ergo        ] GC(17484) Pacer for Update Refs. Used: 48383K, Free: 73728K, Non-Taxable: 7372K, Alloc Tax Rate: 1.1x
[1367.633s][info][gc,ergo        ] GC(17484) Good progress for free space: 73984K, need 1310K
[1367.633s][info][gc,ergo        ] GC(17484) Good progress for used space: 62976K, need 256K
[1367.633s][info][gc             ] GC(17484) Pause Degenerated GC (Mark) 108M->46M(128M) 27.088ms
[1367.633s][info][gc,ergo        ] Free: 73984K, Max: 256K regular, 44800K humongous, Frag: 40% external, 7% internal; Reserve: 6656K, Max: 256K
[1367.633s][info][gc,stats       ] 
[1367.633s][info][gc,stats       ] All times are wall-clock times, except per-root-class counters, that are sum over
[1367.633s][info][gc,stats       ] all workers. Dividing the <total> over the root stage time estimates parallelism.
[1367.633s][info][gc,stats       ] 
[1367.633s][info][gc,stats       ]   Finish Queues                     159 us
[1367.633s][info][gc,stats       ]   System Purge                      443 us
[1367.633s][info][gc,stats       ]     Weak Roots                      442 us
[1367.633s][info][gc,stats       ]   Update Region States               20 us
[1367.633s][info][gc,stats       ]   Retire TLABs                       51 us
[1367.633s][info][gc,stats       ]   Choose Collection Set             288 us
[1367.633s][info][gc,stats       ]   Rebuild Free Set                   20 us
[1367.633s][info][gc,stats       ]   Initial Evacuation                 16 us
[1367.633s][info][gc,stats       ]   Retire GCLABs                      17 us
[1367.633s][info][gc,stats       ]   Finish Work                     13330 us
[1367.633s][info][gc,stats       ]   Update Region States                7 us
[1367.633s][info][gc,stats       ]   Trash Collection Set                3 us
[1367.634s][info][gc,stats       ]   Rebuild Free Set                    6 us
[1367.634s][info][gc,stats       ] Pause Degenerated GC (G)          27347 us
[1367.634s][info][gc,stats       ] Pause Degenerated GC (N)          27045 us
[1367.634s][info][gc,stats       ]   Degen Update Roots                904 us, parallelism: 2.30x
[1367.634s][info][gc,stats       ]     DU: <total>                    2080 us
[1367.634s][info][gc,stats       ]     DU: Thread Roots                177 us, workers (us):  37,  27,  32,  81, ---, ---, ---, ---, ---, ---, ---, ---, ---, ---, ---, ---, ---, ---, ---, ---, ---, ---, ---, ---, 
[1367.634s][info][gc,stats       ]     DU: Code Cache Roots            997 us, workers (us): 479,  64,   1, 453, ---, ---, ---, ---, ---, ---, ---, ---, ---, ---, ---, ---, ---, ---, ---, ---, ---, ---, ---, ---, 
[1367.634s][info][gc,stats       ]     DU: Universe Roots                5 us, workers (us):   5, ---, ---, ---, ---, ---, ---, ---, ---, ---, ---, ---, ---, ---, ---, ---, ---, ---, ---, ---, ---, ---, ---, ---, 
[1367.634s][info][gc,stats       ]     DU: JNI Handles Roots             6 us, workers (us): ---,   6, ---, ---, ---, ---, ---, ---, ---, ---, ---, ---, ---, ---, ---, ---, ---, ---, ---, ---, ---, ---, ---, ---, 
[1367.634s][info][gc,stats       ]     DU: Synchronizer Roots            0 us, workers (us):   0, ---, ---, ---, ---, ---, ---, ---, ---, ---, ---, ---, ---, ---, ---, ---, ---, ---, ---, ---, ---, ---, ---, ---, 
[1367.634s][info][gc,stats       ]     DU: Management Roots              1 us, workers (us):   1, ---, ---, ---, ---, ---, ---, ---, ---, ---, ---, ---, ---, ---, ---, ---, ---, ---, ---, ---, ---, ---, ---, ---, 
[1367.634s][info][gc,stats       ]     DU: System Dict Roots             6 us, workers (us):   6, ---, ---, ---, ---, ---, ---, ---, ---, ---, ---, ---, ---, ---, ---, ---, ---, ---, ---, ---, ---, ---, ---, ---, 
[1367.634s][info][gc,stats       ]     DU: CLDG Roots                  887 us, workers (us): ---, 407, 481, ---, ---, ---, ---, ---, ---, ---, ---, ---, ---, ---, ---, ---, ---, ---, ---, ---, ---, ---, ---, ---, 
[1367.634s][info][gc,stats       ]     DU: JVMTI Roots                   1 us, workers (us): ---,   1, ---, ---, ---, ---, ---, ---, ---, ---, ---, ---, ---, ---, ---, ---, ---, ---, ---, ---, ---, ---, ---, ---, 
[1367.634s][info][gc,stats       ] 
[1367.634s][info][gc,stats       ] Allocation pacing accrued:
[1367.634s][info][gc,stats       ]       0 of    29 ms (  0.0%): <total>
[1367.634s][info][gc,stats       ]       0 of    29 ms (  0.0%): <average total>
[1367.634s][info][gc,stats       ] 
[1367.634s][info][gc,metaspace   ] Metaspace: 24233K->24233K(1071104K)
[1367.634s][info][gc,ergo        ] Pacer for Idle. Initial: 2621K, Alloc Tax Rate: 1.0x
[1367.636s][info][gc             ] Trigger: Allocated since last cycle (14336K) is larger than allocation threshold (13107K)
[1367.636s][info][gc,ergo        ] Free: 59648K, Max: 256K regular, 44800K humongous, Frag: 25% external, 0% internal; Reserve: 6656K, Max: 256K
[1367.636s][info][gc,start       ] GC(17485) Concurrent reset
[1367.636s][info][gc,task        ] GC(17485) Using 4 of 24 workers for concurrent reset
[1367.636s][info][gc,ergo        ] GC(17485) Pacer for Reset. Non-Taxable: 128M
[1367.636s][info][gc             ] GC(17485) Concurrent reset 0.424ms
[1367.638s][info][gc,start       ] GC(17485) Pause Init Mark (process weakrefs)
[1367.638s][info][gc,task        ] GC(17485) Using 4 of 24 workers for init marking
[1367.640s][info][gc,ergo        ] GC(17485) Pacer for Mark. Expected Live: 13741K, Free: 51200K, Non-Taxable: 5120K, Alloc Tax Rate: 0.3x
[1367.640s][info][gc             ] GC(17485) Pause Init Mark (process weakrefs) 2.097ms
[1367.640s][info][gc,start       ] GC(17485) Concurrent marking (process weakrefs)
[1367.640s][info][gc,task        ] GC(17485) Using 4 of 24 workers for concurrent marking
[1367.679s][info][gc             ] Failed to allocate Shared, 8192K
[1367.679s][info][gc             ] Cancelling GC: Allocation Failure
[1367.681s][info][gc             ] GC(17485) Concurrent marking (process weakrefs) 40.403ms
[1367.681s][info][gc,ergo        ] Free: 16896K, Max: 256K regular, 7680K humongous, Frag: 55% external, 0% internal; Reserve: 6656K, Max: 256K
[1367.681s][info][gc,stats       ] 
[1367.681s][info][gc,stats       ] All times are wall-clock times, except per-root-class counters, that are sum over
[1367.681s][info][gc,stats       ] all workers. Dividing the <total> over the root stage time estimates parallelism.
[1367.681s][info][gc,stats       ] 
[1367.681s][info][gc,stats       ] Concurrent Reset                    407 us
[1367.681s][info][gc,stats       ] Pause Init Mark (G)                3784 us
[1367.681s][info][gc,stats       ] Pause Init Mark (N)                2048 us
[1367.681s][info][gc,stats       ]   Accumulate Stats                    4 us
[1367.681s][info][gc,stats       ]   Make Parsable                      50 us
[1367.681s][info][gc,stats       ]   Update Region States                5 us
[1367.681s][info][gc,stats       ]   Scan Roots                       1557 us, parallelism: 1.89x
[1367.681s][info][gc,stats       ]     S: <total>                     2945 us
[1367.681s][info][gc,stats       ]     S: Thread Roots                 321 us, workers (us): 181,   2,   1, 137, ---, ---, ---, ---, ---, ---, ---, ---, ---, ---, ---, ---, ---, ---, ---, ---, ---, ---, ---, ---, 
[1367.681s][info][gc,stats       ]     S: Universe Roots                36 us, workers (us):  36, ---, ---, ---, ---, ---, ---, ---, ---, ---, ---, ---, ---, ---, ---, ---, ---, ---, ---, ---, ---, ---, ---, ---, 
[1367.681s][info][gc,stats       ]     S: JNI Handles Roots             15 us, workers (us):  15, ---, ---, ---, ---, ---, ---, ---, ---, ---, ---, ---, ---, ---, ---, ---, ---, ---, ---, ---, ---, ---, ---, ---, 
[1367.681s][info][gc,stats       ]     S: Synchronizer Roots             1 us, workers (us): ---,   1, ---, ---, ---, ---, ---, ---, ---, ---, ---, ---, ---, ---, ---, ---, ---, ---, ---, ---, ---, ---, ---, ---, 
[1367.681s][info][gc,stats       ]     S: Management Roots               3 us, workers (us): ---,   3, ---, ---, ---, ---, ---, ---, ---, ---, ---, ---, ---, ---, ---, ---, ---, ---, ---, ---, ---, ---, ---, ---, 
[1367.681s][info][gc,stats       ]     S: System Dict Roots             36 us, workers (us): ---,  36, ---, ---, ---, ---, ---, ---, ---, ---, ---, ---, ---, ---, ---, ---, ---, ---, ---, ---, ---, ---, ---, ---, 
[1367.681s][info][gc,stats       ]     S: CLDG Roots                  2532 us, workers (us): ---, 1393, 1140, ---, ---, ---, ---, ---, ---, ---, ---, ---, ---, ---, ---, ---, ---, ---, ---, ---, ---, ---, ---, ---, 
[1367.681s][info][gc,stats       ]     S: JVMTI Roots                    1 us, workers (us):   1, ---, ---, ---, ---, ---, ---, ---, ---, ---, ---, ---, ---, ---, ---, ---, ---, ---, ---, ---, ---, ---, ---, ---, 
[1367.681s][info][gc,stats       ]   Resize TLABs                        7 us
[1367.681s][info][gc,stats       ] Concurrent Marking                40356 us
[1367.681s][info][gc,stats       ] Pacing                            31838 us
[1367.681s][info][gc,stats       ] 
[1367.681s][info][gc,stats       ] Allocation pacing accrued:
[1367.681s][info][gc,stats       ]      32 of    47 ms ( 67.2%): pl.nadoba.jvm.gc.benchmark.App.main()
[1367.681s][info][gc,stats       ]      32 of    47 ms ( 67.2%): <total>
[1367.681s][info][gc,stats       ]       3 of    47 ms (  6.7%): <average total>
[1367.681s][info][gc,stats       ]      32 of    47 ms ( 67.2%): <average non-zero>
[1367.681s][info][gc,stats       ] 
[1367.681s][info][gc,metaspace   ] Metaspace: 24233K->24233K(1071104K)
[1367.681s][info][gc,ergo        ] Pacer for Idle. Initial: 2621K, Alloc Tax Rate: 1.0x
[1367.682s][info][gc             ] Trigger: Handle Allocation Failure
[1367.682s][info][gc,ergo        ] Free: 16896K, Max: 256K regular, 7680K humongous, Frag: 55% external, 0% internal; Reserve: 6656K, Max: 256K
[1367.682s][info][gc,start       ] GC(17486) Pause Degenerated GC (Mark)
[1367.683s][info][gc,task        ] GC(17486) Using 4 of 24 workers for stw degenerated gc
[1367.708s][info][gc,ergo        ] GC(17486) CSet Selection. Actual Free: 76032K, Max CSet: 57024K
[1367.708s][info][gc,ergo        ] GC(17486) Collectable Garbage: 52802K (99%), Immediate: 52480K (99%), CSet: 322K (0%)
[1367.708s][info][gc,ergo        ] GC(17486) Pacer for Evacuation. Used CSet: 512K, Free: 72704K, Non-Taxable: 7270K, Alloc Tax Rate: 1.1x
[1367.718s][info][gc,ergo        ] GC(17486) Pacer for Update Refs. Used: 50431K, Free: 72704K, Non-Taxable: 7270K, Alloc Tax Rate: 1.1x
[1367.735s][info][gc,ergo        ] GC(17486) Good progress for free space: 72960K, need 1310K
[1367.735s][info][gc,ergo        ] GC(17486) Good progress for used space: 52736K, need 256K
[1367.735s][info][gc             ] GC(17486) Pause Degenerated GC (Mark) 100M->48M(128M) 52.236ms
[1367.735s][info][gc,ergo        ] Free: 72960K, Max: 256K regular, 29952K humongous, Frag: 59% external, 8% internal; Reserve: 6656K, Max: 256K
[1367.735s][info][gc,stats       ] 
[1367.735s][info][gc,stats       ] All times are wall-clock times, except per-root-class counters, that are sum over
[1367.735s][info][gc,stats       ] all workers. Dividing the <total> over the root stage time estimates parallelism.
[1367.735s][info][gc,stats       ] 
[1367.735s][info][gc,stats       ]   Finish Queues                   21462 us
[1367.735s][info][gc,stats       ]   Weak References                  3549 us
[1367.735s][info][gc,stats       ]     Process                        3534 us
[1367.735s][info][gc,stats       ]   System Purge                      347 us
[1367.735s][info][gc,stats       ]     Weak Roots                      346 us
[1367.735s][info][gc,stats       ]   Update Region States               21 us
[1367.735s][info][gc,stats       ]   Retire TLABs                       51 us
[1367.735s][info][gc,stats       ]   Choose Collection Set             260 us
[1367.735s][info][gc,stats       ]   Rebuild Free Set                   20 us
[1367.735s][info][gc,stats       ]   Initial Evacuation                 16 us
[1367.735s][info][gc,stats       ]   Retire GCLABs                       8 us
[1367.735s][info][gc,stats       ]   Finish Work                     15929 us
[1367.735s][info][gc,stats       ]   Update Region States               23 us
[1367.735s][info][gc,stats       ]   Trash Collection Set                3 us
[1367.735s][info][gc,stats       ]   Rebuild Free Set                    6 us
[1367.735s][info][gc,stats       ] Pause Degenerated GC (G)          52539 us
[1367.735s][info][gc,stats       ] Pause Degenerated GC (N)          52193 us
[1367.735s][info][gc,stats       ]   Degen Update Roots                740 us, parallelism: 2.05x
[1367.735s][info][gc,stats       ]     DU: <total>                    1520 us
[1367.735s][info][gc,stats       ]     DU: Thread Roots                 74 us, workers (us):  37,   2,  33,   2, ---, ---, ---, ---, ---, ---, ---, ---, ---, ---, ---, ---, ---, ---, ---, ---, ---, ---, ---, ---, 
[1367.735s][info][gc,stats       ]     DU: Code Cache Roots            831 us, workers (us): 152, 368, 311,   1, ---, ---, ---, ---, ---, ---, ---, ---, ---, ---, ---, ---, ---, ---, ---, ---, ---, ---, ---, ---, 
[1367.735s][info][gc,stats       ]     DU: Universe Roots                3 us, workers (us):   3, ---, ---, ---, ---, ---, ---, ---, ---, ---, ---, ---, ---, ---, ---, ---, ---, ---, ---, ---, ---, ---, ---, ---, 
[1367.735s][info][gc,stats       ]     DU: JNI Handles Roots             6 us, workers (us): ---,   6, ---, ---, ---, ---, ---, ---, ---, ---, ---, ---, ---, ---, ---, ---, ---, ---, ---, ---, ---, ---, ---, ---, 
[1367.735s][info][gc,stats       ]     DU: Synchronizer Roots            0 us, workers (us):   0, ---, ---, ---, ---, ---, ---, ---, ---, ---, ---, ---, ---, ---, ---, ---, ---, ---, ---, ---, ---, ---, ---, ---, 
[1367.735s][info][gc,stats       ]     DU: Management Roots              1 us, workers (us):   1, ---, ---, ---, ---, ---, ---, ---, ---, ---, ---, ---, ---, ---, ---, ---, ---, ---, ---, ---, ---, ---, ---, ---, 
[1367.735s][info][gc,stats       ]     DU: System Dict Roots             5 us, workers (us):   5, ---, ---, ---, ---, ---, ---, ---, ---, ---, ---, ---, ---, ---, ---, ---, ---, ---, ---, ---, ---, ---, ---, ---, 
[1367.735s][info][gc,stats       ]     DU: CLDG Roots                  598 us, workers (us): 150, ---, ---, 448, ---, ---, ---, ---, ---, ---, ---, ---, ---, ---, ---, ---, ---, ---, ---, ---, ---, ---, ---, ---, 
[1367.735s][info][gc,stats       ]     DU: JVMTI Roots                   1 us, workers (us): ---,   1, ---, ---, ---, ---, ---, ---, ---, ---, ---, ---, ---, ---, ---, ---, ---, ---, ---, ---, ---, ---, ---, ---, 
[1367.735s][info][gc,stats       ] 
[1367.735s][info][gc,stats       ] Allocation pacing accrued:
[1367.735s][info][gc,stats       ]       0 of    54 ms (  0.0%): <total>
[1367.735s][info][gc,stats       ]       0 of    54 ms (  0.0%): <average total>
[1367.735s][info][gc,stats       ] 
[1367.735s][info][gc,metaspace   ] Metaspace: 24233K->24233K(1071104K)
[1367.735s][info][gc,ergo        ] Pacer for Idle. Initial: 2621K, Alloc Tax Rate: 1.0x
[1367.738s][info][gc             ] Trigger: Allocated since last cycle (14336K) is larger than allocation threshold (13107K)
[1367.738s][info][gc,ergo        ] Free: 58624K, Max: 256K regular, 29952K humongous, Frag: 49% external, 0% internal; Reserve: 6656K, Max: 256K
[1367.738s][info][gc,start       ] GC(17487) Concurrent reset
[1367.738s][info][gc,task        ] GC(17487) Using 4 of 24 workers for concurrent reset
[1367.738s][info][gc,ergo        ] GC(17487) Pacer for Reset. Non-Taxable: 128M
[1367.738s][info][gc             ] GC(17487) Concurrent reset 0.465ms
[1367.739s][info][gc,start       ] GC(17487) Pause Init Mark
[1367.739s][info][gc,task        ] GC(17487) Using 4 of 24 workers for init marking
[1367.741s][info][gc,ergo        ] GC(17487) Pacer for Mark. Expected Live: 15380K, Free: 53248K, Non-Taxable: 5324K, Alloc Tax Rate: 0.4x
[1367.741s][info][gc             ] GC(17487) Pause Init Mark 1.793ms
[1367.741s][info][gc,start       ] GC(17487) Concurrent marking
[1367.741s][info][gc,task        ] GC(17487) Using 4 of 24 workers for concurrent marking
[1367.801s][info][gc             ] GC(17487) Concurrent marking 60.037ms
[1367.802s][info][gc,start       ] GC(17487) Pause Final Mark
[1367.802s][info][gc,task        ] GC(17487) Using 4 of 24 workers for final marking
[1367.803s][info][gc,ergo        ] GC(17487) CSet Selection. Actual Free: 88320K, Max CSet: 66240K
[1367.803s][info][gc,ergo        ] GC(17487) Collectable Garbage: 54850K (99%), Immediate: 54528K (99%), CSet: 322K (0%)
[1367.804s][info][gc,ergo        ] GC(17487) Pacer for Evacuation. Used CSet: 512K, Free: 83968K, Non-Taxable: 8396K, Alloc Tax Rate: 1.1x
[1367.804s][info][gc             ] GC(17487) Pause Final Mark 1.575ms
[1367.804s][info][gc,start       ] GC(17487) Concurrent cleanup
[1367.813s][info][gc             ] GC(17487) Concurrent cleanup 91M->40M(128M) 9.108ms
[1367.813s][info][gc,ergo        ] GC(17487) Free: 81408K, Max: 256K regular, 37888K humongous, Frag: 54% external, 0% internal; Reserve: 6651K, Max: 256K
[1367.813s][info][gc,start       ] GC(17487) Concurrent evacuation
[1367.813s][info][gc,task        ] GC(17487) Using 4 of 24 workers for concurrent evacuation
[1367.814s][info][gc             ] GC(17487) Concurrent evacuation 0.991ms
[1367.814s][info][gc,start       ] GC(17487) Pause Init Update Refs
[1367.814s][info][gc,ergo        ] GC(17487) Pacer for Update Refs. Used: 41471K, Free: 81408K, Non-Taxable: 8140K, Alloc Tax Rate: 1.1x
[1367.814s][info][gc             ] GC(17487) Pause Init Update Refs 0.087ms
[1367.814s][info][gc,start       ] GC(17487) Concurrent update references
[1367.814s][info][gc,task        ] GC(17487) Using 4 of 24 workers for concurrent reference update
[1367.831s][info][gc             ] GC(17487) Concurrent update references 16.149ms
[1367.831s][info][gc,start       ] GC(17487) Pause Final Update Refs
[1367.831s][info][gc,task        ] GC(17487) Using 4 of 24 workers for final reference update
[1367.831s][info][gc             ] GC(17487) Pause Final Update Refs 0.251ms
[1367.831s][info][gc,start       ] GC(17487) Concurrent cleanup
[1367.831s][info][gc             ] GC(17487) Concurrent cleanup 62M->68M(128M) 0.107ms
[1367.831s][info][gc             ] GC(17487) Dat log --- cycle is complete
Current gc epoch: 9294
heap: ______
capacity: 134217728
used: 72351592
committed: 134217728
bytes_allocated_since_gc_start: 67109464
hot_size: 0
cold_size: 11938035
num_regions: 512
hot_region_count: 18446744073709538222
cold_region_count: 13395
histogram: Placeholder

[1367.831s][info][gc             ] GC(17487) Obj count ac histogram
[1367.831s][info][gc             ] GC(17487) 	0: 722577
[1367.831s][info][gc             ] GC(17487) 	1: 15
[1367.831s][info][gc             ] GC(17487) 	2: 8627
[1367.831s][info][gc             ] GC(17487) 	3: 9572
[1367.831s][info][gc             ] GC(17487) 	4: 6542
[1367.831s][info][gc             ] GC(17487) 	5: 40
[1367.831s][info][gc             ] GC(17487) 	6: 0
[1367.831s][info][gc             ] GC(17487) 	7: 0
[1367.831s][info][gc             ] GC(17487) 	8: 0
[1367.831s][info][gc             ] GC(17487) 	9: 0
[1367.831s][info][gc             ] GC(17487) 	10: 0
[1367.831s][info][gc             ] GC(17487) 	11: 0
[1367.831s][info][gc             ] GC(17487) 	12: 0
[1367.831s][info][gc             ] GC(17487) 	13: 0
[1367.831s][info][gc             ] GC(17487) 	14: 0
[1367.831s][info][gc             ] GC(17487) 	15: 0
[1367.832s][info][gc             ] GC(17487) 	16: 0
[1367.832s][info][gc             ] GC(17487) 	17: 0
[1367.832s][info][gc             ] GC(17487) 	18: 0
[1367.832s][info][gc             ] GC(17487) 	19: 0
[1367.832s][info][gc             ] GC(17487) Obj size ac histogram
[1367.832s][info][gc             ] GC(17487) 	0: 8554635
[1367.832s][info][gc             ] GC(17487) 	1: 720
[1367.832s][info][gc             ] GC(17487) 	2: 105408
[1367.832s][info][gc             ] GC(17487) 	3: 128557
[1367.832s][info][gc             ] GC(17487) 	4: 42020
[1367.832s][info][gc             ] GC(17487) 	5: 395
[1367.832s][info][gc             ] GC(17487) 	6: 0
[1367.832s][info][gc             ] GC(17487) 	7: 0
[1367.832s][info][gc             ] GC(17487) 	8: 0
[1367.832s][info][gc             ] GC(17487) 	9: 0
[1367.832s][info][gc             ] GC(17487) 	10: 0
[1367.832s][info][gc             ] GC(17487) 	11: 0
[1367.832s][info][gc             ] GC(17487) 	12: 0
[1367.832s][info][gc             ] GC(17487) 	13: 0
[1367.832s][info][gc             ] GC(17487) 	14: 0
[1367.832s][info][gc             ] GC(17487) 	15: 0
[1367.832s][info][gc             ] GC(17487) 	16: 0
[1367.832s][info][gc             ] GC(17487) 	17: 0
[1367.832s][info][gc             ] GC(17487) 	18: 0
[1367.832s][info][gc             ] GC(17487) 	19: 0
[1367.832s][info][gc,ergo        ] Free: 50176K, Max: 256K regular, 24576K humongous, Frag: 52% external, 11% internal; Reserve: 6656K, Max: 256K
[1367.832s][info][gc,stats       ] 
[1367.832s][info][gc,stats       ] All times are wall-clock times, except per-root-class counters, that are sum over
[1367.832s][info][gc,stats       ] all workers. Dividing the <total> over the root stage time estimates parallelism.
[1367.832s][info][gc,stats       ] 
[1367.832s][info][gc,stats       ] Concurrent Reset                    446 us
[1367.832s][info][gc,stats       ] Pause Init Mark (G)                3066 us
[1367.832s][info][gc,stats       ] Pause Init Mark (N)                1750 us
[1367.832s][info][gc,stats       ]   Accumulate Stats                    5 us
[1367.832s][info][gc,stats       ]   Make Parsable                      46 us
[1367.832s][info][gc,stats       ]   Update Region States                5 us
[1367.832s][info][gc,stats       ]   Scan Roots                       1253 us, parallelism: 1.86x
[1367.832s][info][gc,stats       ]     S: <total>                     2328 us
[1367.832s][info][gc,stats       ]     S: Thread Roots                 347 us, workers (us): 137,   1,   1, 208, ---, ---, ---, ---, ---, ---, ---, ---, ---, ---, ---, ---, ---, ---, ---, ---, ---, ---, ---, ---, 
[1367.832s][info][gc,stats       ]     S: Universe Roots                47 us, workers (us):  47, ---, ---, ---, ---, ---, ---, ---, ---, ---, ---, ---, ---, ---, ---, ---, ---, ---, ---, ---, ---, ---, ---, ---, 
[1367.832s][info][gc,stats       ]     S: JNI Handles Roots             15 us, workers (us):  15, ---, ---, ---, ---, ---, ---, ---, ---, ---, ---, ---, ---, ---, ---, ---, ---, ---, ---, ---, ---, ---, ---, ---, 
[1367.832s][info][gc,stats       ]     S: Synchronizer Roots             0 us, workers (us): ---,   0, ---, ---, ---, ---, ---, ---, ---, ---, ---, ---, ---, ---, ---, ---, ---, ---, ---, ---, ---, ---, ---, ---, 
[1367.832s][info][gc,stats       ]     S: Management Roots               1 us, workers (us): ---,   1, ---, ---, ---, ---, ---, ---, ---, ---, ---, ---, ---, ---, ---, ---, ---, ---, ---, ---, ---, ---, ---, ---, 
[1367.832s][info][gc,stats       ]     S: System Dict Roots             16 us, workers (us): ---,  16, ---, ---, ---, ---, ---, ---, ---, ---, ---, ---, ---, ---, ---, ---, ---, ---, ---, ---, ---, ---, ---, ---, 
[1367.832s][info][gc,stats       ]     S: CLDG Roots                  1902 us, workers (us): ---, 843, 1058, ---, ---, ---, ---, ---, ---, ---, ---, ---, ---, ---, ---, ---, ---, ---, ---, ---, ---, ---, ---, ---, 
[1367.832s][info][gc,stats       ]     S: JVMTI Roots                    1 us, workers (us):   1, ---, ---, ---, ---, ---, ---, ---, ---, ---, ---, ---, ---, ---, ---, ---, ---, ---, ---, ---, ---, ---, ---, ---, 
[1367.832s][info][gc,stats       ]   Resize TLABs                        5 us
[1367.832s][info][gc,stats       ] Concurrent Marking                59985 us
[1367.832s][info][gc,stats       ] Pause Final Mark (G)               2675 us
[1367.832s][info][gc,stats       ] Pause Final Mark (N)               1524 us
[1367.832s][info][gc,stats       ]   Finish Queues                     170 us
[1367.832s][info][gc,stats       ]   System Purge                      399 us
[1367.832s][info][gc,stats       ]     Weak Roots                      398 us
[1367.832s][info][gc,stats       ]   Update Region States               19 us
[1367.832s][info][gc,stats       ]   Retire TLABs                       48 us
[1367.832s][info][gc,stats       ]   Choose Collection Set             247 us
[1367.832s][info][gc,stats       ]   Rebuild Free Set                   18 us
[1367.832s][info][gc,stats       ]   Initial Evacuation                598 us, parallelism: 2.27x
[1367.832s][info][gc,stats       ]     E: <total>                     1354 us
[1367.832s][info][gc,stats       ]     E: Thread Roots                 114 us, workers (us):   1,  24,  31,  58, ---, ---, ---, ---, ---, ---, ---, ---, ---, ---, ---, ---, ---, ---, ---, ---, ---, ---, ---, ---, 
[1367.832s][info][gc,stats       ]     E: Code Cache Roots             767 us, workers (us): 112, 292, 315,  47, ---, ---, ---, ---, ---, ---, ---, ---, ---, ---, ---, ---, ---, ---, ---, ---, ---, ---, ---, ---, 
[1367.832s][info][gc,stats       ]     E: Universe Roots                 6 us, workers (us):   6, ---, ---, ---, ---, ---, ---, ---, ---, ---, ---, ---, ---, ---, ---, ---, ---, ---, ---, ---, ---, ---, ---, ---, 
[1367.832s][info][gc,stats       ]     E: JNI Handles Roots              2 us, workers (us): ---,   2, ---, ---, ---, ---, ---, ---, ---, ---, ---, ---, ---, ---, ---, ---, ---, ---, ---, ---, ---, ---, ---, ---, 
[1367.832s][info][gc,stats       ]     E: Synchronizer Roots             1 us, workers (us):   1, ---, ---, ---, ---, ---, ---, ---, ---, ---, ---, ---, ---, ---, ---, ---, ---, ---, ---, ---, ---, ---, ---, ---, 
[1367.832s][info][gc,stats       ]     E: Management Roots               2 us, workers (us):   2, ---, ---, ---, ---, ---, ---, ---, ---, ---, ---, ---, ---, ---, ---, ---, ---, ---, ---, ---, ---, ---, ---, ---, 
[1367.832s][info][gc,stats       ]     E: System Dict Roots             13 us, workers (us):  13, ---, ---, ---, ---, ---, ---, ---, ---, ---, ---, ---, ---, ---, ---, ---, ---, ---, ---, ---, ---, ---, ---, ---, 
[1367.832s][info][gc,stats       ]     E: CLDG Roots                   449 us, workers (us): 224, ---, ---, 225, ---, ---, ---, ---, ---, ---, ---, ---, ---, ---, ---, ---, ---, ---, ---, ---, ---, ---, ---, ---, 
[1367.832s][info][gc,stats       ]     E: JVMTI Roots                    1 us, workers (us): ---,   1, ---, ---, ---, ---, ---, ---, ---, ---, ---, ---, ---, ---, ---, ---, ---, ---, ---, ---, ---, ---, ---, ---, 
[1367.832s][info][gc,stats       ] Concurrent Cleanup                 9059 us
[1367.832s][info][gc,stats       ] Concurrent Evacuation               978 us
[1367.832s][info][gc,stats       ] Pause Init  Update Refs (G)         287 us
[1367.832s][info][gc,stats       ] Pause Init  Update Refs (N)          44 us
[1367.832s][info][gc,stats       ]   Retire GCLABs                      22 us
[1367.832s][info][gc,stats       ] Concurrent Update Refs            16135 us
[1367.832s][info][gc,stats       ] Pause Final Update Refs (G)         654 us
[1367.832s][info][gc,stats       ] Pause Final Update Refs (N)         208 us
[1367.832s][info][gc,stats       ]   Update Roots                      151 us, parallelism: 1.30x
[1367.832s][info][gc,stats       ]     UR: <total>                     196 us
[1367.832s][info][gc,stats       ]     UR: Thread Roots                196 us, workers (us): 100,  49,  18,  29, ---, ---, ---, ---, ---, ---, ---, ---, ---, ---, ---, ---, ---, ---, ---, ---, ---, ---, ---, ---, 
[1367.832s][info][gc,stats       ]   Update Region States               12 us
[1367.832s][info][gc,stats       ]   Trash Collection Set                6 us
[1367.832s][info][gc,stats       ]   Rebuild Free Set                   18 us
[1367.832s][info][gc,stats       ] Concurrent Cleanup                   93 us
[1367.832s][info][gc,stats       ] Pacing                            75934 us
[1367.832s][info][gc,stats       ] 
[1367.832s][info][gc,stats       ] Allocation pacing accrued:
[1367.832s][info][gc,stats       ]      76 of    97 ms ( 78.6%): pl.nadoba.jvm.gc.benchmark.App.main()
[1367.832s][info][gc,stats       ]      76 of    97 ms ( 78.6%): <total>
[1367.832s][info][gc,stats       ]       8 of    97 ms (  7.9%): <average total>
[1367.832s][info][gc,stats       ]      76 of    97 ms ( 78.6%): <average non-zero>
[1367.832s][info][gc,stats       ] 
[1367.832s][info][gc,metaspace   ] Metaspace: 24233K->24233K(1071104K)
[1367.832s][info][gc,ergo        ] Pacer for Idle. Initial: 2621K, Alloc Tax Rate: 1.0x
[1367.833s][info][gc             ] Trigger: Allocated since last cycle (67840K) is larger than allocation threshold (13107K)
[1367.833s][info][gc,ergo        ] Free: 47872K, Max: 256K regular, 24576K humongous, Frag: 49% external, 11% internal; Reserve: 6656K, Max: 256K
[1367.833s][info][gc,start       ] GC(17488) Concurrent reset
[1367.833s][info][gc,task        ] GC(17488) Using 4 of 24 workers for concurrent reset
[1367.833s][info][gc,ergo        ] GC(17488) Pacer for Reset. Non-Taxable: 128M
[1367.834s][info][gc             ] GC(17488) Concurrent reset 0.370ms
[1367.834s][info][gc,start       ] GC(17488) Pause Init Mark
[1367.834s][info][gc,task        ] GC(17488) Using 4 of 24 workers for init marking
[1367.837s][info][gc,ergo        ] GC(17488) Pacer for Mark. Expected Live: 14561K, Free: 44544K, Non-Taxable: 4454K, Alloc Tax Rate: 0.4x
[1367.837s][info][gc             ] GC(17488) Pause Init Mark 2.449ms
[1367.837s][info][gc,start       ] GC(17488) Concurrent marking
[1367.837s][info][gc,task        ] GC(17488) Using 4 of 24 workers for concurrent marking
[1367.898s][info][gc             ] GC(17488) Concurrent marking 61.567ms
[1367.899s][info][gc,start       ] GC(17488) Pause Final Mark
[1367.899s][info][gc,task        ] GC(17488) Using 4 of 24 workers for final marking
[1367.900s][info][gc,ergo        ] GC(17488) CSet Selection. Actual Free: 74240K, Max CSet: 55680K
[1367.900s][info][gc,ergo        ] GC(17488) Collectable Garbage: 64066K (99%), Immediate: 63744K (99%), CSet: 322K (0%)
[1367.900s][info][gc,ergo        ] GC(17488) Pacer for Evacuation. Used CSet: 512K, Free: 71424K, Non-Taxable: 7142K, Alloc Tax Rate: 1.1x
[1367.900s][info][gc             ] GC(17488) Pause Final Mark 1.703ms
[1367.900s][info][gc,start       ] GC(17488) Concurrent cleanup
[1367.909s][info][gc             ] GC(17488) Concurrent cleanup 112M->57M(128M) 8.983ms
[1367.909s][info][gc,ergo        ] GC(17488) Free: 63744K, Max: 256K regular, 57088K humongous, Frag: 11% external, 0% internal; Reserve: 6651K, Max: 256K
[1367.909s][info][gc,start       ] GC(17488) Concurrent evacuation
[1367.909s][info][gc,task        ] GC(17488) Using 4 of 24 workers for concurrent evacuation
[1367.910s][info][gc             ] GC(17488) Concurrent evacuation 0.921ms
[1367.911s][info][gc,start       ] GC(17488) Pause Init Update Refs
[1367.911s][info][gc,ergo        ] GC(17488) Pacer for Update Refs. Used: 58879K, Free: 63744K, Non-Taxable: 6374K, Alloc Tax Rate: 1.1x
[1367.911s][info][gc             ] GC(17488) Pause Init Update Refs 0.079ms
[1367.911s][info][gc,start       ] GC(17488) Concurrent update references
[1367.911s][info][gc,task        ] GC(17488) Using 4 of 24 workers for concurrent reference update
[1367.928s][info][gc             ] GC(17488) Concurrent update references 17.325ms
[1367.929s][info][gc,start       ] GC(17488) Pause Final Update Refs
[1367.929s][info][gc,task        ] GC(17488) Using 4 of 24 workers for final reference update
[1367.929s][info][gc             ] GC(17488) Pause Final Update Refs 0.276ms
[1367.929s][info][gc,start       ] GC(17488) Concurrent cleanup
[1367.929s][info][gc             ] GC(17488) Concurrent cleanup 78M->84M(128M) 0.123ms
[1367.929s][info][gc             ] GC(17488) Dat log --- cycle is complete
Current gc epoch: 9295
heap: ______
capacity: 134217728
used: 89128744
committed: 134217728
bytes_allocated_since_gc_start: 83362992
hot_size: 0
cold_size: 2930769
num_regions: 512
hot_region_count: 18446744073709538221
cold_region_count: 13396
histogram: Placeholder

[1367.929s][info][gc             ] GC(17488) Obj count ac histogram
[1367.929s][info][gc             ] GC(17488) 	0: 251070
[1367.929s][info][gc             ] GC(17488) 	1: 15
[1367.929s][info][gc             ] GC(17488) 	2: 2
[1367.929s][info][gc             ] GC(17488) 	3: 0
[1367.929s][info][gc             ] GC(17488) 	4: 0
[1367.929s][info][gc             ] GC(17488) 	5: 0
[1367.929s][info][gc             ] GC(17488) 	6: 0
[1367.929s][info][gc             ] GC(17488) 	7: 0
[1367.929s][info][gc             ] GC(17488) 	8: 0
[1367.929s][info][gc             ] GC(17488) 	9: 0
[1367.929s][info][gc             ] GC(17488) 	10: 0
[1367.929s][info][gc             ] GC(17488) 	11: 0
[1367.929s][info][gc             ] GC(17488) 	12: 0
[1367.929s][info][gc             ] GC(17488) 	13: 0
[1367.929s][info][gc             ] GC(17488) 	14: 0
[1367.929s][info][gc             ] GC(17488) 	15: 0
[1367.929s][info][gc             ] GC(17488) 	16: 0
[1367.929s][info][gc             ] GC(17488) 	17: 0
[1367.929s][info][gc             ] GC(17488) 	18: 0
[1367.929s][info][gc             ] GC(17488) 	19: 0
[1367.929s][info][gc             ] GC(17488) Obj size ac histogram
[1367.929s][info][gc             ] GC(17488) 	0: 2423387
[1367.929s][info][gc             ] GC(17488) 	1: 720
[1367.929s][info][gc             ] GC(17488) 	2: 14
[1367.929s][info][gc             ] GC(17488) 	3: 0
[1367.929s][info][gc             ] GC(17488) 	4: 0
[1367.929s][info][gc             ] GC(17488) 	5: 0
[1367.929s][info][gc             ] GC(17488) 	6: 0
[1367.929s][info][gc             ] GC(17488) 	7: 0
[1367.929s][info][gc             ] GC(17488) 	8: 0
[1367.929s][info][gc             ] GC(17488) 	9: 0
[1367.929s][info][gc             ] GC(17488) 	10: 0
[1367.929s][info][gc             ] GC(17488) 	11: 0
[1367.929s][info][gc             ] GC(17488) 	12: 0
[1367.929s][info][gc             ] GC(17488) 	13: 0
[1367.929s][info][gc             ] GC(17488) 	14: 0
[1367.929s][info][gc             ] GC(17488) 	15: 0
[1367.929s][info][gc             ] GC(17488) 	16: 0
[1367.929s][info][gc             ] GC(17488) 	17: 0
[1367.929s][info][gc             ] GC(17488) 	18: 0
[1367.929s][info][gc             ] GC(17488) 	19: 0
[1367.929s][info][gc,ergo        ] Free: 34304K, Max: 256K regular, 27392K humongous, Frag: 21% external, 15% internal; Reserve: 6656K, Max: 256K
[1367.929s][info][gc,stats       ] 
[1367.929s][info][gc,stats       ] All times are wall-clock times, except per-root-class counters, that are sum over
[1367.929s][info][gc,stats       ] all workers. Dividing the <total> over the root stage time estimates parallelism.
[1367.929s][info][gc,stats       ] 
[1367.929s][info][gc,stats       ] Concurrent Reset                    361 us
[1367.929s][info][gc,stats       ] Pause Init Mark (G)                3307 us
[1367.929s][info][gc,stats       ] Pause Init Mark (N)                2405 us
[1367.929s][info][gc,stats       ]   Accumulate Stats                    5 us
[1367.929s][info][gc,stats       ]   Make Parsable                      49 us
[1367.929s][info][gc,stats       ]   Update Region States                7 us
[1367.929s][info][gc,stats       ]   Scan Roots                       1851 us, parallelism: 1.88x
[1367.929s][info][gc,stats       ]     S: <total>                     3479 us
[1367.929s][info][gc,stats       ]     S: Thread Roots                 492 us, workers (us):   1, 192,   1, 297, ---, ---, ---, ---, ---, ---, ---, ---, ---, ---, ---, ---, ---, ---, ---, ---, ---, ---, ---, ---, 
[1367.929s][info][gc,stats       ]     S: Universe Roots                26 us, workers (us):  26, ---, ---, ---, ---, ---, ---, ---, ---, ---, ---, ---, ---, ---, ---, ---, ---, ---, ---, ---, ---, ---, ---, ---, 
[1367.929s][info][gc,stats       ]     S: JNI Handles Roots              9 us, workers (us):   9, ---, ---, ---, ---, ---, ---, ---, ---, ---, ---, ---, ---, ---, ---, ---, ---, ---, ---, ---, ---, ---, ---, ---, 
[1367.929s][info][gc,stats       ]     S: Synchronizer Roots             1 us, workers (us): ---,   1, ---, ---, ---, ---, ---, ---, ---, ---, ---, ---, ---, ---, ---, ---, ---, ---, ---, ---, ---, ---, ---, ---, 
[1367.929s][info][gc,stats       ]     S: Management Roots               1 us, workers (us):   1, ---, ---, ---, ---, ---, ---, ---, ---, ---, ---, ---, ---, ---, ---, ---, ---, ---, ---, ---, ---, ---, ---, ---, 
[1367.929s][info][gc,stats       ]     S: System Dict Roots             53 us, workers (us): ---,  53, ---, ---, ---, ---, ---, ---, ---, ---, ---, ---, ---, ---, ---, ---, ---, ---, ---, ---, ---, ---, ---, ---, 
[1367.929s][info][gc,stats       ]     S: CLDG Roots                  2898 us, workers (us): 1256, ---, 1642, ---, ---, ---, ---, ---, ---, ---, ---, ---, ---, ---, ---, ---, ---, ---, ---, ---, ---, ---, ---, ---, 
[1367.929s][info][gc,stats       ]     S: JVMTI Roots                    0 us, workers (us):   0, ---, ---, ---, ---, ---, ---, ---, ---, ---, ---, ---, ---, ---, ---, ---, ---, ---, ---, ---, ---, ---, ---, ---, 
[1367.929s][info][gc,stats       ]   Resize TLABs                        7 us
[1367.929s][info][gc,stats       ] Concurrent Marking                61536 us
[1367.929s][info][gc,stats       ] Pause Final Mark (G)               1871 us
[1367.929s][info][gc,stats       ] Pause Final Mark (N)               1661 us
[1367.930s][info][gc,stats       ]   Finish Queues                     137 us
[1367.930s][info][gc,stats       ]   System Purge                      494 us
[1367.930s][info][gc,stats       ]     Weak Roots                      492 us
[1367.930s][info][gc,stats       ]   Update Region States               21 us
[1367.930s][info][gc,stats       ]   Retire TLABs                       52 us
[1367.930s][info][gc,stats       ]   Choose Collection Set             287 us
[1367.930s][info][gc,stats       ]   Rebuild Free Set                   19 us
[1367.930s][info][gc,stats       ]   Initial Evacuation                625 us, parallelism: 1.95x
[1367.930s][info][gc,stats       ]     E: <total>                     1223 us
[1367.930s][info][gc,stats       ]     E: Thread Roots                  87 us, workers (us):  24,   2,  16,  46, ---, ---, ---, ---, ---, ---, ---, ---, ---, ---, ---, ---, ---, ---, ---, ---, ---, ---, ---, ---, 
[1367.930s][info][gc,stats       ]     E: Code Cache Roots             896 us, workers (us): 171, 356, 130, 239, ---, ---, ---, ---, ---, ---, ---, ---, ---, ---, ---, ---, ---, ---, ---, ---, ---, ---, ---, ---, 
[1367.930s][info][gc,stats       ]     E: Universe Roots                 2 us, workers (us):   2, ---, ---, ---, ---, ---, ---, ---, ---, ---, ---, ---, ---, ---, ---, ---, ---, ---, ---, ---, ---, ---, ---, ---, 
[1367.930s][info][gc,stats       ]     E: JNI Handles Roots              1 us, workers (us):   1, ---, ---, ---, ---, ---, ---, ---, ---, ---, ---, ---, ---, ---, ---, ---, ---, ---, ---, ---, ---, ---, ---, ---, 
[1367.930s][info][gc,stats       ]     E: Synchronizer Roots             0 us, workers (us):   0, ---, ---, ---, ---, ---, ---, ---, ---, ---, ---, ---, ---, ---, ---, ---, ---, ---, ---, ---, ---, ---, ---, ---, 
[1367.930s][info][gc,stats       ]     E: Management Roots               1 us, workers (us):   1, ---, ---, ---, ---, ---, ---, ---, ---, ---, ---, ---, ---, ---, ---, ---, ---, ---, ---, ---, ---, ---, ---, ---, 
[1367.930s][info][gc,stats       ]     E: System Dict Roots              4 us, workers (us):   4, ---, ---, ---, ---, ---, ---, ---, ---, ---, ---, ---, ---, ---, ---, ---, ---, ---, ---, ---, ---, ---, ---, ---, 
[1367.930s][info][gc,stats       ]     E: CLDG Roots                   231 us, workers (us):  96, ---, 135, ---, ---, ---, ---, ---, ---, ---, ---, ---, ---, ---, ---, ---, ---, ---, ---, ---, ---, ---, ---, ---, 
[1367.930s][info][gc,stats       ]     E: JVMTI Roots                    0 us, workers (us):   0, ---, ---, ---, ---, ---, ---, ---, ---, ---, ---, ---, ---, ---, ---, ---, ---, ---, ---, ---, ---, ---, ---, ---, 
[1367.930s][info][gc,stats       ] Concurrent Cleanup                 8951 us
[1367.930s][info][gc,stats       ] Concurrent Evacuation               913 us
[1367.930s][info][gc,stats       ] Pause Init  Update Refs (G)         284 us
[1367.930s][info][gc,stats       ] Pause Init  Update Refs (N)          39 us
[1367.930s][info][gc,stats       ]   Retire GCLABs                      17 us
[1367.930s][info][gc,stats       ] Concurrent Update Refs            17291 us
[1367.930s][info][gc,stats       ] Pause Final Update Refs (G)        1094 us
[1367.930s][info][gc,stats       ] Pause Final Update Refs (N)         233 us
[1367.930s][info][gc,stats       ]   Update Roots                      177 us, parallelism: 1.11x
[1367.930s][info][gc,stats       ]     UR: <total>                     198 us
[1367.930s][info][gc,stats       ]     UR: Thread Roots                198 us, workers (us):  83,  57,  25,  32, ---, ---, ---, ---, ---, ---, ---, ---, ---, ---, ---, ---, ---, ---, ---, ---, ---, ---, ---, ---, 
[1367.930s][info][gc,stats       ]   Update Region States               11 us
[1367.930s][info][gc,stats       ]   Trash Collection Set                6 us
[1367.930s][info][gc,stats       ]   Rebuild Free Set                   17 us
[1367.930s][info][gc,stats       ] Concurrent Cleanup                   92 us
[1367.930s][info][gc,stats       ] Pacing                            75347 us
[1367.930s][info][gc,stats       ] 
[1367.930s][info][gc,stats       ] Allocation pacing accrued:
[1367.930s][info][gc,stats       ]      75 of    98 ms ( 77.2%): pl.nadoba.jvm.gc.benchmark.App.main()
[1367.930s][info][gc,stats       ]      75 of    98 ms ( 77.2%): <total>
[1367.930s][info][gc,stats       ]       8 of    98 ms (  7.7%): <average total>
[1367.930s][info][gc,stats       ]      75 of    98 ms ( 77.2%): <average non-zero>
[1367.930s][info][gc,stats       ] 
[1367.930s][info][gc,metaspace   ] Metaspace: 24233K->24233K(1071104K)
[1367.930s][info][gc,ergo        ] Pacer for Idle. Initial: 2621K, Alloc Tax Rate: 1.0x
[1367.931s][info][gc             ] Trigger: Allocated since last cycle (81409K) is larger than allocation threshold (13107K)
[1367.931s][info][gc,ergo        ] Free: 34304K, Max: 256K regular, 27392K humongous, Frag: 21% external, 15% internal; Reserve: 6656K, Max: 256K
[1367.931s][info][gc,start       ] GC(17489) Concurrent reset
[1367.931s][info][gc,task        ] GC(17489) Using 4 of 24 workers for concurrent reset
[1367.931s][info][gc,ergo        ] GC(17489) Pacer for Reset. Non-Taxable: 128M
[1367.931s][info][gc             ] GC(17489) Concurrent reset 0.374ms
[1367.931s][info][gc,start       ] GC(17489) Pause Init Mark
[1367.931s][info][gc,task        ] GC(17489) Using 4 of 24 workers for init marking
[1367.934s][info][gc,ergo        ] GC(17489) Pacer for Mark. Expected Live: 15175K, Free: 34304K, Non-Taxable: 3430K, Alloc Tax Rate: 0.5x
[1367.934s][info][gc             ] GC(17489) Pause Init Mark 2.518ms
[1367.934s][info][gc,start       ] GC(17489) Concurrent marking
[1367.934s][info][gc,task        ] GC(17489) Using 4 of 24 workers for concurrent marking
[1367.994s][info][gc             ] GC(17489) Concurrent marking 59.825ms
[1367.994s][info][gc,start       ] GC(17489) Pause Final Mark
[1367.994s][info][gc,task        ] GC(17489) Using 4 of 24 workers for final marking
[1367.995s][info][gc,ergo        ] GC(17489) CSet Selection. Actual Free: 101M, Max CSet: 77760K
[1367.995s][info][gc,ergo        ] GC(17489) Collectable Garbage: 78402K (99%), Immediate: 78080K (99%), CSet: 322K (0%)
[1367.995s][info][gc,ergo        ] GC(17489) Pacer for Evacuation. Used CSet: 512K, Free: 100096K, Non-Taxable: 10009K, Alloc Tax Rate: 1.1x
[1367.996s][info][gc             ] GC(17489) Pause Final Mark 1.505ms
[1367.996s][info][gc,start       ] GC(17489) Concurrent cleanup
[1368.006s][info][gc             ] GC(17489) Concurrent cleanup 97M->32M(128M) 10.506ms
[1368.006s][info][gc,ergo        ] GC(17489) Free: 89088K, Max: 256K regular, 62720K humongous, Frag: 30% external, 0% internal; Reserve: 6653K, Max: 256K
[1368.006s][info][gc,start       ] GC(17489) Concurrent evacuation
[1368.006s][info][gc,task        ] GC(17489) Using 4 of 24 workers for concurrent evacuation
[1368.007s][info][gc             ] GC(17489) Concurrent evacuation 0.430ms
[1368.007s][info][gc,start       ] GC(17489) Pause Init Update Refs
[1368.007s][info][gc,ergo        ] GC(17489) Pacer for Update Refs. Used: 33279K, Free: 89088K, Non-Taxable: 8908K, Alloc Tax Rate: 1.1x
[1368.007s][info][gc             ] GC(17489) Pause Init Update Refs 0.080ms
[1368.007s][info][gc,start       ] GC(17489) Concurrent update references
[1368.007s][info][gc,task        ] GC(17489) Using 4 of 24 workers for concurrent reference update
[1368.024s][info][gc             ] GC(17489) Concurrent update references 17.498ms
[1368.025s][info][gc,start       ] GC(17489) Pause Final Update Refs
[1368.025s][info][gc,task        ] GC(17489) Using 4 of 24 workers for final reference update
[1368.025s][info][gc             ] GC(17489) Pause Final Update Refs 0.266ms
[1368.025s][info][gc,start       ] GC(17489) Concurrent cleanup
[1368.025s][info][gc             ] GC(17489) Concurrent cleanup 47M->54M(128M) 0.104ms
[1368.025s][info][gc             ] GC(17489) Dat log --- cycle is complete
Current gc epoch: 9296
heap: ______
capacity: 134217728
used: 57671528
committed: 134217728
bytes_allocated_since_gc_start: 52430000
hot_size: 0
cold_size: 2537549
num_regions: 512
hot_region_count: 18446744073709538220
cold_region_count: 13397
histogram: Placeholder

[1368.025s][info][gc             ] GC(17489) Obj count ac histogram
[1368.025s][info][gc             ] GC(17489) 	0: 252728
[1368.025s][info][gc             ] GC(17489) 	1: 15
[1368.025s][info][gc             ] GC(17489) 	2: 2
[1368.025s][info][gc             ] GC(17489) 	3: 0
[1368.025s][info][gc             ] GC(17489) 	4: 0
[1368.025s][info][gc             ] GC(17489) 	5: 0
[1368.025s][info][gc             ] GC(17489) 	6: 0
[1368.025s][info][gc             ] GC(17489) 	7: 0
[1368.025s][info][gc             ] GC(17489) 	8: 0
[1368.025s][info][gc             ] GC(17489) 	9: 0
[1368.025s][info][gc             ] GC(17489) 	10: 0
[1368.025s][info][gc             ] GC(17489) 	11: 0
[1368.025s][info][gc             ] GC(17489) 	12: 0
[1368.025s][info][gc             ] GC(17489) 	13: 0
[1368.025s][info][gc             ] GC(17489) 	14: 0
[1368.025s][info][gc             ] GC(17489) 	15: 0
[1368.025s][info][gc             ] GC(17489) 	16: 0
[1368.025s][info][gc             ] GC(17489) 	17: 0
[1368.025s][info][gc             ] GC(17489) 	18: 0
[1368.025s][info][gc             ] GC(17489) 	19: 0
[1368.025s][info][gc             ] GC(17489) Obj size ac histogram
[1368.025s][info][gc             ] GC(17489) 	0: 2023536
[1368.025s][info][gc             ] GC(17489) 	1: 720
[1368.025s][info][gc             ] GC(17489) 	2: 14
[1368.025s][info][gc             ] GC(17489) 	3: 0
[1368.025s][info][gc             ] GC(17489) 	4: 0
[1368.025s][info][gc             ] GC(17489) 	5: 0
[1368.025s][info][gc             ] GC(17489) 	6: 0
[1368.025s][info][gc             ] GC(17489) 	7: 0
[1368.025s][info][gc             ] GC(17489) 	8: 0
[1368.025s][info][gc             ] GC(17489) 	9: 0
[1368.025s][info][gc             ] GC(17489) 	10: 0
[1368.025s][info][gc             ] GC(17489) 	11: 0
[1368.025s][info][gc             ] GC(17489) 	12: 0
[1368.025s][info][gc             ] GC(17489) 	13: 0
[1368.025s][info][gc             ] GC(17489) 	14: 0
[1368.025s][info][gc             ] GC(17489) 	15: 0
[1368.025s][info][gc             ] GC(17489) 	16: 0
[1368.025s][info][gc             ] GC(17489) 	17: 0
[1368.025s][info][gc             ] GC(17489) 	18: 0
[1368.025s][info][gc             ] GC(17489) 	19: 0
[1368.025s][info][gc,ergo        ] Free: 64512K, Max: 256K regular, 62720K humongous, Frag: 3% external, 9% internal; Reserve: 6656K, Max: 256K
[1368.025s][info][gc,stats       ] 
[1368.025s][info][gc,stats       ] All times are wall-clock times, except per-root-class counters, that are sum over
[1368.025s][info][gc,stats       ] all workers. Dividing the <total> over the root stage time estimates parallelism.
[1368.025s][info][gc,stats       ] 
[1368.025s][info][gc,stats       ] Concurrent Reset                    366 us
[1368.025s][info][gc,stats       ] Pause Init Mark (G)                2811 us
[1368.025s][info][gc,stats       ] Pause Init Mark (N)                2473 us
[1368.025s][info][gc,stats       ]   Accumulate Stats                    5 us
[1368.025s][info][gc,stats       ]   Make Parsable                      48 us
[1368.025s][info][gc,stats       ]   Update Region States                7 us
[1368.025s][info][gc,stats       ]   Scan Roots                       1923 us, parallelism: 2.06x
[1368.025s][info][gc,stats       ]     S: <total>                     3952 us
[1368.025s][info][gc,stats       ]     S: Thread Roots                 455 us, workers (us): 251,   1, 201,   1, ---, ---, ---, ---, ---, ---, ---, ---, ---, ---, ---, ---, ---, ---, ---, ---, ---, ---, ---, ---, 
[1368.025s][info][gc,stats       ]     S: Universe Roots                37 us, workers (us):  37, ---, ---, ---, ---, ---, ---, ---, ---, ---, ---, ---, ---, ---, ---, ---, ---, ---, ---, ---, ---, ---, ---, ---, 
[1368.025s][info][gc,stats       ]     S: JNI Handles Roots             21 us, workers (us): ---,  21, ---, ---, ---, ---, ---, ---, ---, ---, ---, ---, ---, ---, ---, ---, ---, ---, ---, ---, ---, ---, ---, ---, 
[1368.025s][info][gc,stats       ]     S: Synchronizer Roots             0 us, workers (us): ---,   0, ---, ---, ---, ---, ---, ---, ---, ---, ---, ---, ---, ---, ---, ---, ---, ---, ---, ---, ---, ---, ---, ---, 
[1368.025s][info][gc,stats       ]     S: Management Roots               1 us, workers (us): ---,   1, ---, ---, ---, ---, ---, ---, ---, ---, ---, ---, ---, ---, ---, ---, ---, ---, ---, ---, ---, ---, ---, ---, 
[1368.025s][info][gc,stats       ]     S: System Dict Roots             55 us, workers (us): ---, ---,  55, ---, ---, ---, ---, ---, ---, ---, ---, ---, ---, ---, ---, ---, ---, ---, ---, ---, ---, ---, ---, ---, 
[1368.025s][info][gc,stats       ]     S: CLDG Roots                  3383 us, workers (us): ---, 1664, ---, 1719, ---, ---, ---, ---, ---, ---, ---, ---, ---, ---, ---, ---, ---, ---, ---, ---, ---, ---, ---, ---, 
[1368.025s][info][gc,stats       ]     S: JVMTI Roots                    0 us, workers (us): ---,   0, ---, ---, ---, ---, ---, ---, ---, ---, ---, ---, ---, ---, ---, ---, ---, ---, ---, ---, ---, ---, ---, ---, 
[1368.025s][info][gc,stats       ]   Resize TLABs                        7 us
[1368.025s][info][gc,stats       ] Concurrent Marking                59773 us
[1368.025s][info][gc,stats       ] Pause Final Mark (G)               1685 us
[1368.025s][info][gc,stats       ] Pause Final Mark (N)               1464 us
[1368.025s][info][gc,stats       ]   Finish Queues                     151 us
[1368.025s][info][gc,stats       ]   System Purge                      418 us
[1368.025s][info][gc,stats       ]     Weak Roots                      416 us
[1368.025s][info][gc,stats       ]   Update Region States               18 us
[1368.025s][info][gc,stats       ]   Retire TLABs                       51 us
[1368.025s][info][gc,stats       ]   Choose Collection Set             330 us
[1368.025s][info][gc,stats       ]   Rebuild Free Set                   21 us
[1368.025s][info][gc,stats       ]   Initial Evacuation                449 us, parallelism: 1.98x
[1368.025s][info][gc,stats       ]     E: <total>                      891 us
[1368.025s][info][gc,stats       ]     E: Thread Roots                  86 us, workers (us):   1,  23,  11,  51, ---, ---, ---, ---, ---, ---, ---, ---, ---, ---, ---, ---, ---, ---, ---, ---, ---, ---, ---, ---, 
[1368.025s][info][gc,stats       ]     E: Code Cache Roots             633 us, workers (us): 157, 186, 120, 171, ---, ---, ---, ---, ---, ---, ---, ---, ---, ---, ---, ---, ---, ---, ---, ---, ---, ---, ---, ---, 
[1368.025s][info][gc,stats       ]     E: Universe Roots                 2 us, workers (us):   2, ---, ---, ---, ---, ---, ---, ---, ---, ---, ---, ---, ---, ---, ---, ---, ---, ---, ---, ---, ---, ---, ---, ---, 
[1368.025s][info][gc,stats       ]     E: JNI Handles Roots              2 us, workers (us): ---,   2, ---, ---, ---, ---, ---, ---, ---, ---, ---, ---, ---, ---, ---, ---, ---, ---, ---, ---, ---, ---, ---, ---, 
[1368.025s][info][gc,stats       ]     E: Synchronizer Roots             0 us, workers (us):   0, ---, ---, ---, ---, ---, ---, ---, ---, ---, ---, ---, ---, ---, ---, ---, ---, ---, ---, ---, ---, ---, ---, ---, 
[1368.026s][info][gc,stats       ]     E: Management Roots               1 us, workers (us):   1, ---, ---, ---, ---, ---, ---, ---, ---, ---, ---, ---, ---, ---, ---, ---, ---, ---, ---, ---, ---, ---, ---, ---, 
[1368.026s][info][gc,stats       ]     E: System Dict Roots              4 us, workers (us):   4, ---, ---, ---, ---, ---, ---, ---, ---, ---, ---, ---, ---, ---, ---, ---, ---, ---, ---, ---, ---, ---, ---, ---, 
[1368.026s][info][gc,stats       ]     E: CLDG Roots                   162 us, workers (us):  80, ---,  82, ---, ---, ---, ---, ---, ---, ---, ---, ---, ---, ---, ---, ---, ---, ---, ---, ---, ---, ---, ---, ---, 
[1368.026s][info][gc,stats       ]     E: JVMTI Roots                    0 us, workers (us): ---, ---,   0, ---, ---, ---, ---, ---, ---, ---, ---, ---, ---, ---, ---, ---, ---, ---, ---, ---, ---, ---, ---, ---, 
[1368.026s][info][gc,stats       ] Concurrent Cleanup                10476 us
[1368.026s][info][gc,stats       ] Concurrent Evacuation               425 us
[1368.026s][info][gc,stats       ] Pause Init  Update Refs (G)         293 us
[1368.026s][info][gc,stats       ] Pause Init  Update Refs (N)          37 us
[1368.026s][info][gc,stats       ]   Retire GCLABs                      16 us
[1368.026s][info][gc,stats       ] Concurrent Update Refs            17474 us
[1368.026s][info][gc,stats       ] Pause Final Update Refs (G)         670 us
[1368.026s][info][gc,stats       ] Pause Final Update Refs (N)         205 us
[1368.026s][info][gc,stats       ]   Update Roots                      143 us, parallelism: 1.39x
[1368.026s][info][gc,stats       ]     UR: <total>                     199 us
[1368.026s][info][gc,stats       ]     UR: Thread Roots                199 us, workers (us):  92,  52,  25,  29, ---, ---, ---, ---, ---, ---, ---, ---, ---, ---, ---, ---, ---, ---, ---, ---, ---, ---, ---, ---, 
[1368.026s][info][gc,stats       ]   Update Region States               16 us
[1368.026s][info][gc,stats       ]   Trash Collection Set                6 us
[1368.026s][info][gc,stats       ]   Rebuild Free Set                   19 us
[1368.026s][info][gc,stats       ] Concurrent Cleanup                   89 us
[1368.026s][info][gc,stats       ] Pacing                            83088 us
[1368.026s][info][gc,stats       ] 
[1368.026s][info][gc,stats       ] Allocation pacing accrued:
[1368.026s][info][gc,stats       ]      83 of    96 ms ( 86.6%): pl.nadoba.jvm.gc.benchmark.App.main()
[1368.026s][info][gc,stats       ]      83 of    96 ms ( 86.6%): <total>
[1368.026s][info][gc,stats       ]       8 of    96 ms (  8.7%): <average total>
[1368.026s][info][gc,stats       ]      83 of    96 ms ( 86.6%): <average non-zero>
[1368.026s][info][gc,stats       ] 
[1368.026s][info][gc,metaspace   ] Metaspace: 24233K->24233K(1071104K)
[1368.026s][info][gc,ergo        ] Pacer for Idle. Initial: 2621K, Alloc Tax Rate: 1.0x
[1368.027s][info][gc             ] Trigger: Allocated since last cycle (51201K) is larger than allocation threshold (13107K)
[1368.027s][info][gc,ergo        ] Free: 64512K, Max: 256K regular, 62720K humongous, Frag: 3% external, 9% internal; Reserve: 6656K, Max: 256K
[1368.027s][info][gc,start       ] GC(17490) Concurrent reset
[1368.027s][info][gc,task        ] GC(17490) Using 4 of 24 workers for concurrent reset
[1368.027s][info][gc,ergo        ] GC(17490) Pacer for Reset. Non-Taxable: 128M
[1368.027s][info][gc             ] GC(17490) Concurrent reset 0.313ms
[1368.028s][info][gc,start       ] GC(17490) Pause Init Mark (process weakrefs)
[1368.028s][info][gc,task        ] GC(17490) Using 4 of 24 workers for init marking
[1368.030s][info][gc,ergo        ] GC(17490) Pacer for Mark. Expected Live: 13537K, Free: 60160K, Non-Taxable: 6016K, Alloc Tax Rate: 0.3x
[1368.030s][info][gc             ] GC(17490) Pause Init Mark (process weakrefs) 2.024ms
[1368.030s][info][gc,start       ] GC(17490) Concurrent marking (process weakrefs)
[1368.030s][info][gc,task        ] GC(17490) Using 4 of 24 workers for concurrent marking
[1368.096s][info][gc             ] GC(17490) Concurrent marking (process weakrefs) 65.659ms
[1368.096s][info][gc,start       ] GC(17490) Concurrent precleaning
[1368.096s][info][gc,task        ] GC(17490) Using 1 of 24 workers for concurrent preclean
[1368.096s][info][gc,ergo        ] GC(17490) Pacer for Precleaning. Non-Taxable: 128M
[1368.101s][info][gc             ] Failed to allocate Shared, 8192K
[1368.101s][info][gc             ] Cancelling GC: Allocation Failure
[1368.101s][info][gc             ] GC(17490) Concurrent precleaning 5.566ms
[1368.102s][info][gc,start       ] GC(17490) Pause Final Mark (process weakrefs)
[1368.102s][info][gc,task        ] GC(17490) Using 4 of 24 workers for final marking
[1368.102s][info][gc             ] GC(17490) Pause Final Mark (process weakrefs) 0.075ms
[1368.102s][info][gc,start       ] GC(17490) Concurrent cleanup
[1368.102s][info][gc             ] GC(17490) Concurrent cleanup 113M->113M(128M) 0.073ms
[1368.102s][info][gc,ergo        ] GC(17490) Free: 1536K, Max: 256K regular, 768K humongous, Frag: 50% external, 0% internal; Reserve: 6656K, Max: 256K
[1368.102s][info][gc             ] GC(17490) Dat log --- cycle is complete
Current gc epoch: 9297
heap: ______
capacity: 134217728
used: 118751496
committed: 134217728
bytes_allocated_since_gc_start: 64488024
hot_size: 0
cold_size: 3192913
num_regions: 512
hot_region_count: 18446744073709538220
cold_region_count: 13397
histogram: Placeholder

[1368.102s][info][gc             ] GC(17490) Obj count ac histogram
[1368.102s][info][gc             ] GC(17490) 	0: 247892
[1368.102s][info][gc             ] GC(17490) 	1: 15
[1368.102s][info][gc             ] GC(17490) 	2: 4958
[1368.102s][info][gc             ] GC(17490) 	3: 4477
[1368.102s][info][gc             ] GC(17490) 	4: 758
[1368.102s][info][gc             ] GC(17490) 	5: 15
[1368.102s][info][gc             ] GC(17490) 	6: 0
[1368.102s][info][gc             ] GC(17490) 	7: 0
[1368.102s][info][gc             ] GC(17490) 	8: 0
[1368.102s][info][gc             ] GC(17490) 	9: 0
[1368.102s][info][gc             ] GC(17490) 	10: 0
[1368.102s][info][gc             ] GC(17490) 	11: 0
[1368.102s][info][gc             ] GC(17490) 	12: 0
[1368.102s][info][gc             ] GC(17490) 	13: 0
[1368.102s][info][gc             ] GC(17490) 	14: 0
[1368.102s][info][gc             ] GC(17490) 	15: 0
[1368.102s][info][gc             ] GC(17490) 	16: 0
[1368.102s][info][gc             ] GC(17490) 	17: 0
[1368.102s][info][gc             ] GC(17490) 	18: 0
[1368.102s][info][gc             ] GC(17490) 	19: 0
[1368.102s][info][gc             ] GC(17490) Obj size ac histogram
[1368.102s][info][gc             ] GC(17490) 	0: 2665453
[1368.102s][info][gc             ] GC(17490) 	1: 720
[1368.102s][info][gc             ] GC(17490) 	2: 69108
[1368.102s][info][gc             ] GC(17490) 	3: 42182
[1368.102s][info][gc             ] GC(17490) 	4: 4611
[1368.102s][info][gc             ] GC(17490) 	5: 150
[1368.102s][info][gc             ] GC(17490) 	6: 0
[1368.102s][info][gc             ] GC(17490) 	7: 0
[1368.102s][info][gc             ] GC(17490) 	8: 0
[1368.102s][info][gc             ] GC(17490) 	9: 0
[1368.102s][info][gc             ] GC(17490) 	10: 0
[1368.102s][info][gc             ] GC(17490) 	11: 0
[1368.102s][info][gc             ] GC(17490) 	12: 0
[1368.102s][info][gc             ] GC(17490) 	13: 0
[1368.102s][info][gc             ] GC(17490) 	14: 0
[1368.102s][info][gc             ] GC(17490) 	15: 0
[1368.102s][info][gc             ] GC(17490) 	16: 0
[1368.102s][info][gc             ] GC(17490) 	17: 0
[1368.102s][info][gc             ] GC(17490) 	18: 0
[1368.102s][info][gc             ] GC(17490) 	19: 0
[1368.102s][info][gc,ergo        ] Free: 1536K, Max: 256K regular, 768K humongous, Frag: 50% external, 0% internal; Reserve: 6656K, Max: 256K
[1368.102s][info][gc,stats       ] 
[1368.102s][info][gc,stats       ] All times are wall-clock times, except per-root-class counters, that are sum over
[1368.102s][info][gc,stats       ] all workers. Dividing the <total> over the root stage time estimates parallelism.
[1368.102s][info][gc,stats       ] 
[1368.102s][info][gc,stats       ] Concurrent Reset                    305 us
[1368.102s][info][gc,stats       ] Pause Init Mark (G)                3138 us
[1368.102s][info][gc,stats       ] Pause Init Mark (N)                1980 us
[1368.102s][info][gc,stats       ]   Accumulate Stats                    5 us
[1368.102s][info][gc,stats       ]   Make Parsable                      48 us
[1368.102s][info][gc,stats       ]   Update Region States                7 us
[1368.102s][info][gc,stats       ]   Scan Roots                       1432 us, parallelism: 2.03x
[1368.102s][info][gc,stats       ]     S: <total>                     2909 us
[1368.102s][info][gc,stats       ]     S: Thread Roots                 547 us, workers (us):   1, 213,   1, 331, ---, ---, ---, ---, ---, ---, ---, ---, ---, ---, ---, ---, ---, ---, ---, ---, ---, ---, ---, ---, 
[1368.102s][info][gc,stats       ]     S: Universe Roots                14 us, workers (us):  14, ---, ---, ---, ---, ---, ---, ---, ---, ---, ---, ---, ---, ---, ---, ---, ---, ---, ---, ---, ---, ---, ---, ---, 
[1368.102s][info][gc,stats       ]     S: JNI Handles Roots              9 us, workers (us):   9, ---, ---, ---, ---, ---, ---, ---, ---, ---, ---, ---, ---, ---, ---, ---, ---, ---, ---, ---, ---, ---, ---, ---, 
[1368.102s][info][gc,stats       ]     S: Synchronizer Roots             1 us, workers (us): ---,   1, ---, ---, ---, ---, ---, ---, ---, ---, ---, ---, ---, ---, ---, ---, ---, ---, ---, ---, ---, ---, ---, ---, 
[1368.103s][info][gc,stats       ]     S: Management Roots               3 us, workers (us): ---,   3, ---, ---, ---, ---, ---, ---, ---, ---, ---, ---, ---, ---, ---, ---, ---, ---, ---, ---, ---, ---, ---, ---, 
[1368.103s][info][gc,stats       ]     S: System Dict Roots             56 us, workers (us): ---,  56, ---, ---, ---, ---, ---, ---, ---, ---, ---, ---, ---, ---, ---, ---, ---, ---, ---, ---, ---, ---, ---, ---, 
[1368.103s][info][gc,stats       ]     S: CLDG Roots                  2280 us, workers (us): 1039, ---, 1241, ---, ---, ---, ---, ---, ---, ---, ---, ---, ---, ---, ---, ---, ---, ---, ---, ---, ---, ---, ---, ---, 
[1368.103s][info][gc,stats       ]     S: JVMTI Roots                    0 us, workers (us): ---, ---,   0, ---, ---, ---, ---, ---, ---, ---, ---, ---, ---, ---, ---, ---, ---, ---, ---, ---, ---, ---, ---, ---, 
[1368.103s][info][gc,stats       ]   Resize TLABs                        7 us
[1368.103s][info][gc,stats       ] Concurrent Marking                65608 us
[1368.103s][info][gc,stats       ] Concurrent Precleaning             5552 us
[1368.103s][info][gc,stats       ] Pause Final Mark (G)                322 us
[1368.103s][info][gc,stats       ] Pause Final Mark (N)                 30 us
[1368.103s][info][gc,stats       ] Concurrent Cleanup                   42 us
[1368.103s][info][gc,stats       ] Pacing                            57977 us
[1368.103s][info][gc,stats       ] 
[1368.103s][info][gc,stats       ] Allocation pacing accrued:
[1368.103s][info][gc,stats       ]      58 of    77 ms ( 75.3%): pl.nadoba.jvm.gc.benchmark.App.main()
[1368.103s][info][gc,stats       ]      58 of    77 ms ( 75.3%): <total>
[1368.103s][info][gc,stats       ]       6 of    77 ms (  7.5%): <average total>
[1368.103s][info][gc,stats       ]      58 of    77 ms ( 75.3%): <average non-zero>
[1368.103s][info][gc,stats       ] 
[1368.103s][info][gc,metaspace   ] Metaspace: 24233K->24233K(1071104K)
[1368.103s][info][gc,ergo        ] Pacer for Idle. Initial: 2621K, Alloc Tax Rate: 1.0x
[1368.104s][info][gc             ] Trigger: Handle Allocation Failure
[1368.104s][info][gc,ergo        ] Free: 1536K, Max: 256K regular, 768K humongous, Frag: 50% external, 0% internal; Reserve: 6656K, Max: 256K
[1368.104s][info][gc,start       ] GC(17491) Pause Degenerated GC (Outside of Cycle)
[1368.104s][info][gc,task        ] GC(17491) Using 4 of 24 workers for stw degenerated gc
[1368.104s][info][gc,ergo        ] GC(17491) Pacer for Reset. Non-Taxable: 128M
[1368.107s][info][gc,ergo        ] GC(17491) Pacer for Mark. Expected Live: 12717K, Free: 1536K, Non-Taxable: 153K, Alloc Tax Rate: 10.1x
[1368.227s][info][gc,stringtable ] GC(17491) Cleaned string and symbol table, strings: 8172 processed, 0 removed, symbols: 67999 processed, 0 removed
[1368.227s][info][gc,ergo        ] GC(17491) CSet Selection. Actual Free: 112M, Max CSet: 86400K
[1368.228s][info][gc,ergo        ] GC(17491) Collectable Garbage: 104M (99%), Immediate: 104M (99%), CSet: 322K (0%)
[1368.228s][info][gc,ergo        ] GC(17491) Pacer for Evacuation. Used CSet: 512K, Free: 112M, Non-Taxable: 11545K, Alloc Tax Rate: 1.1x
[1368.242s][info][gc,ergo        ] GC(17491) Pacer for Update Refs. Used: 9215K, Free: 112M, Non-Taxable: 11545K, Alloc Tax Rate: 1.1x
[1368.259s][info][gc,ergo        ] GC(17491) Good progress for free space: 113M, need 1310K
[1368.259s][info][gc,ergo        ] GC(17491) Good progress for used space: 104M, need 256K
[1368.259s][info][gc             ] GC(17491) Pause Degenerated GC (Outside of Cycle) 113M->8M(128M) 154.952ms
[1368.259s][info][gc,ergo        ] Free: 113M, Max: 256K regular, 113M humongous, Frag: 0% external, 5% internal; Reserve: 6656K, Max: 256K
[1368.259s][info][gc,stats       ] 
[1368.259s][info][gc,stats       ] All times are wall-clock times, except per-root-class counters, that are sum over
[1368.259s][info][gc,stats       ] all workers. Dividing the <total> over the root stage time estimates parallelism.
[1368.259s][info][gc,stats       ] 
[1368.259s][info][gc,stats       ]   Accumulate Stats                    6 us
[1368.259s][info][gc,stats       ]   Make Parsable                      49 us
[1368.259s][info][gc,stats       ]   Update Region States                6 us
[1368.259s][info][gc,stats       ]   Scan Roots                       1757 us, parallelism: 1.20x
[1368.259s][info][gc,stats       ]     S: <total>                     2113 us
[1368.259s][info][gc,stats       ]     S: Thread Roots                 431 us, workers (us):   2, 224,  91, 113, ---, ---, ---, ---, ---, ---, ---, ---, ---, ---, ---, ---, ---, ---, ---, ---, ---, ---, ---, ---, 
[1368.259s][info][gc,stats       ]     S: Universe Roots                32 us, workers (us):  32, ---, ---, ---, ---, ---, ---, ---, ---, ---, ---, ---, ---, ---, ---, ---, ---, ---, ---, ---, ---, ---, ---, ---, 
[1368.259s][info][gc,stats       ]     S: JNI Handles Roots             31 us, workers (us): ---, ---,  31, ---, ---, ---, ---, ---, ---, ---, ---, ---, ---, ---, ---, ---, ---, ---, ---, ---, ---, ---, ---, ---, 
[1368.259s][info][gc,stats       ]     S: Synchronizer Roots             0 us, workers (us): ---,   0, ---, ---, ---, ---, ---, ---, ---, ---, ---, ---, ---, ---, ---, ---, ---, ---, ---, ---, ---, ---, ---, ---, 
[1368.259s][info][gc,stats       ]     S: Management Roots               2 us, workers (us): ---,   2, ---, ---, ---, ---, ---, ---, ---, ---, ---, ---, ---, ---, ---, ---, ---, ---, ---, ---, ---, ---, ---, ---, 
[1368.259s][info][gc,stats       ]     S: System Dict Roots             35 us, workers (us): ---,  35, ---, ---, ---, ---, ---, ---, ---, ---, ---, ---, ---, ---, ---, ---, ---, ---, ---, ---, ---, ---, ---, ---, 
[1368.259s][info][gc,stats       ]     S: CLDG Roots                  1581 us, workers (us): 1557, ---, ---,  24, ---, ---, ---, ---, ---, ---, ---, ---, ---, ---, ---, ---, ---, ---, ---, ---, ---, ---, ---, ---, 
[1368.259s][info][gc,stats       ]     S: JVMTI Roots                    1 us, workers (us):   1, ---, ---, ---, ---, ---, ---, ---, ---, ---, ---, ---, ---, ---, ---, ---, ---, ---, ---, ---, ---, ---, ---, ---, 
[1368.259s][info][gc,stats       ]   Resize TLABs                        6 us
[1368.259s][info][gc,stats       ]   Finish Queues                   59975 us
[1368.259s][info][gc,stats       ]   Weak References                  3512 us
[1368.259s][info][gc,stats       ]     Process                        3497 us
[1368.259s][info][gc,stats       ]   System Purge                      389 us
[1368.259s][info][gc,stats       ]     Unload Classes                  100 us
[1368.259s][info][gc,stats       ]     Cleanup                       56240 us, parallelism: 1.23x
[1368.259s][info][gc,stats       ]       CU: <total>                 68939 us
[1368.259s][info][gc,stats       ]       CU: Code Cache Roots        54120 us, workers (us): 13554, 13562, 13532, 13472, ---, ---, ---, ---, ---, ---, ---, ---, ---, ---, ---, ---, ---, ---, ---, ---, ---, ---, ---, ---, 
[1368.259s][info][gc,stats       ]       CU: Code Cache Cleaning      4280 us, workers (us): 1076, 1052, 1077, 1075, ---, ---, ---, ---, ---, ---, ---, ---, ---, ---, ---, ---, ---, ---, ---, ---, ---, ---, ---, ---, 
[1368.260s][info][gc,stats       ]       CU: String Table Roots       3911 us, workers (us): 992, 944, 965, 1010, ---, ---, ---, ---, ---, ---, ---, ---, ---, ---, ---, ---, ---, ---, ---, ---, ---, ---, ---, ---, 
[1368.260s][info][gc,stats       ]       CU: Resolved Table Roots       23 us, workers (us):   0,  23,   0,   0, ---, ---, ---, ---, ---, ---, ---, ---, ---, ---, ---, ---, ---, ---, ---, ---, ---, ---, ---, ---, 
[1368.260s][info][gc,stats       ]       CU: CLDG Roots               6604 us, workers (us): 1661, 1665, 1619, 1659, ---, ---, ---, ---, ---, ---, ---, ---, ---, ---, ---, ---, ---, ---, ---, ---, ---, ---, ---, ---, 
[1368.260s][info][gc,stats       ]     Weak Roots                      388 us
[1368.260s][info][gc,stats       ]     CLDG                              1 us
[1368.260s][info][gc,stats       ]   Update Region States               12 us
[1368.260s][info][gc,stats       ]   Retire TLABs                       11 us
[1368.260s][info][gc,stats       ]   Choose Collection Set             293 us
[1368.260s][info][gc,stats       ]   Rebuild Free Set                    9 us
[1368.260s][info][gc,stats       ]   Initial Evacuation                 16 us
[1368.260s][info][gc,stats       ]   Retire GCLABs                      16 us
[1368.260s][info][gc,stats       ]   Finish Work                     16333 us
[1368.260s][info][gc,stats       ]   Update Region States                9 us
[1368.260s][info][gc,stats       ]   Trash Collection Set                4 us
[1368.260s][info][gc,stats       ]   Rebuild Free Set                   11 us
[1368.260s][info][gc,stats       ] Pause Degenerated GC (G)         155235 us
[1368.260s][info][gc,stats       ] Pause Degenerated GC (N)         154911 us
[1368.260s][info][gc,stats       ]   Degen Update Roots                778 us, parallelism: 2.45x
[1368.260s][info][gc,stats       ]     DU: <total>                    1905 us
[1368.260s][info][gc,stats       ]     DU: Thread Roots                139 us, workers (us):   2,  34,  42,  61, ---, ---, ---, ---, ---, ---, ---, ---, ---, ---, ---, ---, ---, ---, ---, ---, ---, ---, ---, ---, 
[1368.260s][info][gc,stats       ]     DU: Code Cache Roots           1158 us, workers (us):  67, 420, 439, 232, ---, ---, ---, ---, ---, ---, ---, ---, ---, ---, ---, ---, ---, ---, ---, ---, ---, ---, ---, ---, 
[1368.260s][info][gc,stats       ]     DU: Universe Roots               10 us, workers (us):  10, ---, ---, ---, ---, ---, ---, ---, ---, ---, ---, ---, ---, ---, ---, ---, ---, ---, ---, ---, ---, ---, ---, ---, 
[1368.260s][info][gc,stats       ]     DU: JNI Handles Roots             5 us, workers (us):   5, ---, ---, ---, ---, ---, ---, ---, ---, ---, ---, ---, ---, ---, ---, ---, ---, ---, ---, ---, ---, ---, ---, ---, 
[1368.260s][info][gc,stats       ]     DU: Synchronizer Roots            1 us, workers (us):   1, ---, ---, ---, ---, ---, ---, ---, ---, ---, ---, ---, ---, ---, ---, ---, ---, ---, ---, ---, ---, ---, ---, ---, 
[1368.260s][info][gc,stats       ]     DU: Management Roots              3 us, workers (us):   3, ---, ---, ---, ---, ---, ---, ---, ---, ---, ---, ---, ---, ---, ---, ---, ---, ---, ---, ---, ---, ---, ---, ---, 
[1368.260s][info][gc,stats       ]     DU: System Dict Roots            17 us, workers (us):  17, ---, ---, ---, ---, ---, ---, ---, ---, ---, ---, ---, ---, ---, ---, ---, ---, ---, ---, ---, ---, ---, ---, ---, 
[1368.260s][info][gc,stats       ]     DU: CLDG Roots                  572 us, workers (us): 389, ---, ---, 183, ---, ---, ---, ---, ---, ---, ---, ---, ---, ---, ---, ---, ---, ---, ---, ---, ---, ---, ---, ---, 
[1368.260s][info][gc,stats       ]     DU: JVMTI Roots                   1 us, workers (us):   1, ---, ---, ---, ---, ---, ---, ---, ---, ---, ---, ---, ---, ---, ---, ---, ---, ---, ---, ---, ---, ---, ---, ---, 
[1368.260s][info][gc,stats       ] 
[1368.260s][info][gc,stats       ] Allocation pacing accrued:
[1368.260s][info][gc,stats       ]       0 of   157 ms (  0.0%): <total>
[1368.260s][info][gc,stats       ]       0 of   157 ms (  0.0%): <average total>
[1368.260s][info][gc,stats       ] 
[1368.260s][info][gc,metaspace   ] Metaspace: 24233K->24233K(1071104K)
[1368.260s][info][gc,ergo        ] Pacer for Idle. Initial: 2621K, Alloc Tax Rate: 1.0x
[1368.270s][info][gc             ] Trigger: Allocated since last cycle (20480K) is larger than allocation threshold (13107K)
[1368.270s][info][gc,ergo        ] Free: 95232K, Max: 256K regular, 95232K humongous, Frag: 0% external, 0% internal; Reserve: 6656K, Max: 256K
[1368.270s][info][gc,start       ] GC(17492) Concurrent reset
[1368.270s][info][gc,task        ] GC(17492) Using 4 of 24 workers for concurrent reset
[1368.270s][info][gc,ergo        ] GC(17492) Pacer for Reset. Non-Taxable: 128M
[1368.270s][info][gc             ] GC(17492) Concurrent reset 0.380ms
[1368.271s][info][gc,start       ] GC(17492) Pause Init Mark
[1368.271s][info][gc,task        ] GC(17492) Using 4 of 24 workers for init marking
[1368.273s][info][gc,ergo        ] GC(17492) Pacer for Mark. Expected Live: 11079K, Free: 95232K, Non-Taxable: 9523K, Alloc Tax Rate: 0.1x
[1368.273s][info][gc             ] GC(17492) Pause Init Mark 2.199ms
[1368.274s][info][gc,start       ] GC(17492) Concurrent marking
[1368.274s][info][gc,task        ] GC(17492) Using 4 of 24 workers for concurrent marking
[1368.315s][info][gc             ] GC(17492) Concurrent marking 40.942ms
[1368.315s][info][gc,start       ] GC(17492) Pause Final Mark
[1368.315s][info][gc,task        ] GC(17492) Using 4 of 24 workers for final marking
[1368.316s][info][gc,ergo        ] GC(17492) CSet Selection. Actual Free: 41216K, Max CSet: 30912K
[1368.316s][info][gc,ergo        ] GC(17492) Collectable Garbage: 11586K (99%), Immediate: 11264K (97%), CSet: 322K (2%)
[1368.316s][info][gc,ergo        ] GC(17492) Pacer for Evacuation. Used CSet: 512K, Free: 35072K, Non-Taxable: 3507K, Alloc Tax Rate: 1.1x
[1368.316s][info][gc             ] GC(17492) Pause Final Mark 1.421ms
[1368.316s][info][gc,start       ] GC(17492) Concurrent cleanup
[1368.318s][info][gc             ] GC(17492) Concurrent cleanup 94M->83M(128M) 2.006ms
[1368.318s][info][gc,ergo        ] GC(17492) Free: 35072K, Max: 256K regular, 23296K humongous, Frag: 34% external, 15% internal; Reserve: 6651K, Max: 256K
[1368.318s][info][gc,start       ] GC(17492) Concurrent evacuation
[1368.318s][info][gc,task        ] GC(17492) Using 4 of 24 workers for concurrent evacuation
[1368.319s][info][gc             ] GC(17492) Concurrent evacuation 0.548ms
[1368.319s][info][gc,start       ] GC(17492) Pause Init Update Refs
[1368.319s][info][gc,ergo        ] GC(17492) Pacer for Update Refs. Used: 85247K, Free: 35072K, Non-Taxable: 3507K, Alloc Tax Rate: 3.0x
[1368.319s][info][gc             ] GC(17492) Pause Init Update Refs 0.079ms
[1368.319s][info][gc,start       ] GC(17492) Concurrent update references
[1368.319s][info][gc,task        ] GC(17492) Using 4 of 24 workers for concurrent reference update
[1368.332s][info][gc             ] GC(17492) Concurrent update references 12.755ms
[1368.333s][info][gc,start       ] GC(17492) Pause Final Update Refs
[1368.333s][info][gc,task        ] GC(17492) Using 4 of 24 workers for final reference update
[1368.333s][info][gc             ] GC(17492) Pause Final Update Refs 0.271ms
[1368.333s][info][gc,start       ] GC(17492) Concurrent cleanup
[1368.333s][info][gc             ] GC(17492) Concurrent cleanup 99M->102M(128M) 0.119ms
[1368.333s][info][gc             ] GC(17492) Dat log --- cycle is complete
Current gc epoch: 9298
heap: ______
capacity: 134217728
used: 106954856
committed: 134217728
bytes_allocated_since_gc_start: 95158872
hot_size: 0
cold_size: 6327763
num_regions: 512
hot_region_count: 18446744073709538218
cold_region_count: 13399
histogram: Placeholder

[1368.333s][info][gc             ] GC(17492) Obj count ac histogram
[1368.333s][info][gc             ] GC(17492) 	0: 472542
[1368.333s][info][gc             ] GC(17492) 	1: 30
[1368.333s][info][gc             ] GC(17492) 	2: 7390
[1368.333s][info][gc             ] GC(17492) 	3: 10919
[1368.333s][info][gc             ] GC(17492) 	4: 6856
[1368.333s][info][gc             ] GC(17492) 	5: 39
[1368.333s][info][gc             ] GC(17492) 	6: 0
[1368.333s][info][gc             ] GC(17492) 	7: 0
[1368.333s][info][gc             ] GC(17492) 	8: 0
[1368.334s][info][gc             ] GC(17492) 	9: 0
[1368.334s][info][gc             ] GC(17492) 	10: 0
[1368.334s][info][gc             ] GC(17492) 	11: 0
[1368.334s][info][gc             ] GC(17492) 	12: 0
[1368.334s][info][gc             ] GC(17492) 	13: 0
[1368.334s][info][gc             ] GC(17492) 	14: 0
[1368.334s][info][gc             ] GC(17492) 	15: 0
[1368.334s][info][gc             ] GC(17492) 	16: 0
[1368.334s][info][gc             ] GC(17492) 	17: 0
[1368.334s][info][gc             ] GC(17492) 	18: 0
[1368.334s][info][gc             ] GC(17492) 	19: 0
[1368.334s][info][gc             ] GC(17492) Obj size ac histogram
[1368.334s][info][gc             ] GC(17492) 	0: 5047177
[1368.334s][info][gc             ] GC(17492) 	1: 1440
[1368.334s][info][gc             ] GC(17492) 	2: 94138
[1368.334s][info][gc             ] GC(17492) 	3: 136410
[1368.334s][info][gc             ] GC(17492) 	4: 44033
[1368.334s][info][gc             ] GC(17492) 	5: 387
[1368.334s][info][gc             ] GC(17492) 	6: 0
[1368.334s][info][gc             ] GC(17492) 	7: 0
[1368.334s][info][gc             ] GC(17492) 	8: 0
[1368.334s][info][gc             ] GC(17492) 	9: 0
[1368.334s][info][gc             ] GC(17492) 	10: 0
[1368.334s][info][gc             ] GC(17492) 	11: 0
[1368.334s][info][gc             ] GC(17492) 	12: 0
[1368.334s][info][gc             ] GC(17492) 	13: 0
[1368.334s][info][gc             ] GC(17492) 	14: 0
[1368.334s][info][gc             ] GC(17492) 	15: 0
[1368.334s][info][gc             ] GC(17492) 	16: 0
[1368.334s][info][gc             ] GC(17492) 	17: 0
[1368.334s][info][gc             ] GC(17492) 	18: 0
[1368.334s][info][gc             ] GC(17492) 	19: 0
[1368.334s][info][gc,ergo        ] Free: 14336K, Max: 256K regular, 11520K humongous, Frag: 20% external, 30% internal; Reserve: 6656K, Max: 256K
[1368.334s][info][gc,stats       ] 
[1368.334s][info][gc,stats       ] All times are wall-clock times, except per-root-class counters, that are sum over
[1368.334s][info][gc,stats       ] all workers. Dividing the <total> over the root stage time estimates parallelism.
[1368.334s][info][gc,stats       ] 
[1368.334s][info][gc,stats       ] Concurrent Reset                    352 us
[1368.334s][info][gc,stats       ] Pause Init Mark (G)                3638 us
[1368.334s][info][gc,stats       ] Pause Init Mark (N)                2155 us
[1368.334s][info][gc,stats       ]   Accumulate Stats                    7 us
[1368.334s][info][gc,stats       ]   Make Parsable                      48 us
[1368.334s][info][gc,stats       ]   Update Region States                6 us
[1368.334s][info][gc,stats       ]   Scan Roots                       1605 us, parallelism: 1.94x
[1368.334s][info][gc,stats       ]     S: <total>                     3117 us
[1368.334s][info][gc,stats       ]     S: Thread Roots                 329 us, workers (us):   1, 129, 198,   1, ---, ---, ---, ---, ---, ---, ---, ---, ---, ---, ---, ---, ---, ---, ---, ---, ---, ---, ---, ---, 
[1368.334s][info][gc,stats       ]     S: Universe Roots                34 us, workers (us):  34, ---, ---, ---, ---, ---, ---, ---, ---, ---, ---, ---, ---, ---, ---, ---, ---, ---, ---, ---, ---, ---, ---, ---, 
[1368.334s][info][gc,stats       ]     S: JNI Handles Roots             20 us, workers (us): ---, ---,  20, ---, ---, ---, ---, ---, ---, ---, ---, ---, ---, ---, ---, ---, ---, ---, ---, ---, ---, ---, ---, ---, 
[1368.334s][info][gc,stats       ]     S: Synchronizer Roots             1 us, workers (us): ---,   1, ---, ---, ---, ---, ---, ---, ---, ---, ---, ---, ---, ---, ---, ---, ---, ---, ---, ---, ---, ---, ---, ---, 
[1368.334s][info][gc,stats       ]     S: Management Roots               2 us, workers (us): ---, ---,   2, ---, ---, ---, ---, ---, ---, ---, ---, ---, ---, ---, ---, ---, ---, ---, ---, ---, ---, ---, ---, ---, 
[1368.334s][info][gc,stats       ]     S: System Dict Roots             64 us, workers (us): ---,  64, ---, ---, ---, ---, ---, ---, ---, ---, ---, ---, ---, ---, ---, ---, ---, ---, ---, ---, ---, ---, ---, ---, 
[1368.334s][info][gc,stats       ]     S: CLDG Roots                  2667 us, workers (us): 1238, ---, ---, 1429, ---, ---, ---, ---, ---, ---, ---, ---, ---, ---, ---, ---, ---, ---, ---, ---, ---, ---, ---, ---, 
[1368.334s][info][gc,stats       ]     S: JVMTI Roots                    0 us, workers (us): ---, ---,   0, ---, ---, ---, ---, ---, ---, ---, ---, ---, ---, ---, ---, ---, ---, ---, ---, ---, ---, ---, ---, ---, 
[1368.334s][info][gc,stats       ]   Resize TLABs                        7 us
[1368.334s][info][gc,stats       ] Concurrent Marking                40895 us
[1368.334s][info][gc,stats       ] Pause Final Mark (G)               1612 us
[1368.334s][info][gc,stats       ] Pause Final Mark (N)               1376 us
[1368.334s][info][gc,stats       ]   Finish Queues                     151 us
[1368.334s][info][gc,stats       ]   System Purge                      431 us
[1368.334s][info][gc,stats       ]     Weak Roots                      429 us
[1368.334s][info][gc,stats       ]   Update Region States               22 us
[1368.334s][info][gc,stats       ]   Retire TLABs                       57 us
[1368.334s][info][gc,stats       ]   Choose Collection Set             105 us
[1368.334s][info][gc,stats       ]   Rebuild Free Set                   16 us
[1368.334s][info][gc,stats       ]   Initial Evacuation                560 us, parallelism: 2.27x
[1368.334s][info][gc,stats       ]     E: <total>                     1270 us
[1368.334s][info][gc,stats       ]     E: Thread Roots                  83 us, workers (us):   2,  48,  32,   2, ---, ---, ---, ---, ---, ---, ---, ---, ---, ---, ---, ---, ---, ---, ---, ---, ---, ---, ---, ---, 
[1368.334s][info][gc,stats       ]     E: Code Cache Roots             915 us, workers (us): 342, 237, 168, 168, ---, ---, ---, ---, ---, ---, ---, ---, ---, ---, ---, ---, ---, ---, ---, ---, ---, ---, ---, ---, 
[1368.334s][info][gc,stats       ]     E: Universe Roots                 4 us, workers (us):   4, ---, ---, ---, ---, ---, ---, ---, ---, ---, ---, ---, ---, ---, ---, ---, ---, ---, ---, ---, ---, ---, ---, ---, 
[1368.334s][info][gc,stats       ]     E: JNI Handles Roots             13 us, workers (us): ---, ---,  13, ---, ---, ---, ---, ---, ---, ---, ---, ---, ---, ---, ---, ---, ---, ---, ---, ---, ---, ---, ---, ---, 
[1368.334s][info][gc,stats       ]     E: Synchronizer Roots             0 us, workers (us):   0, ---, ---, ---, ---, ---, ---, ---, ---, ---, ---, ---, ---, ---, ---, ---, ---, ---, ---, ---, ---, ---, ---, ---, 
[1368.334s][info][gc,stats       ]     E: Management Roots               2 us, workers (us):   2, ---, ---, ---, ---, ---, ---, ---, ---, ---, ---, ---, ---, ---, ---, ---, ---, ---, ---, ---, ---, ---, ---, ---, 
[1368.334s][info][gc,stats       ]     E: System Dict Roots              8 us, workers (us):   8, ---, ---, ---, ---, ---, ---, ---, ---, ---, ---, ---, ---, ---, ---, ---, ---, ---, ---, ---, ---, ---, ---, ---, 
[1368.334s][info][gc,stats       ]     E: CLDG Roots                   243 us, workers (us): ---, ---, 110, 133, ---, ---, ---, ---, ---, ---, ---, ---, ---, ---, ---, ---, ---, ---, ---, ---, ---, ---, ---, ---, 
[1368.335s][info][gc,stats       ]     E: JVMTI Roots                    0 us, workers (us): ---,   0, ---, ---, ---, ---, ---, ---, ---, ---, ---, ---, ---, ---, ---, ---, ---, ---, ---, ---, ---, ---, ---, ---, 
[1368.335s][info][gc,stats       ] Concurrent Cleanup                 1964 us
[1368.335s][info][gc,stats       ] Concurrent Evacuation               532 us
[1368.335s][info][gc,stats       ] Pause Init  Update Refs (G)         318 us
[1368.335s][info][gc,stats       ] Pause Init  Update Refs (N)          38 us
[1368.335s][info][gc,stats       ]   Retire GCLABs                      17 us
[1368.335s][info][gc,stats       ] Concurrent Update Refs            12727 us
[1368.335s][info][gc,stats       ] Pause Final Update Refs (G)        1262 us
[1368.335s][info][gc,stats       ] Pause Final Update Refs (N)         227 us
[1368.335s][info][gc,stats       ]   Update Roots                      168 us, parallelism: 0.97x
[1368.335s][info][gc,stats       ]     UR: <total>                     163 us
[1368.335s][info][gc,stats       ]     UR: Thread Roots                163 us, workers (us):  70,  33,  52,   7, ---, ---, ---, ---, ---, ---, ---, ---, ---, ---, ---, ---, ---, ---, ---, ---, ---, ---, ---, ---, 
[1368.335s][info][gc,stats       ]   Update Region States               14 us
[1368.335s][info][gc,stats       ]   Trash Collection Set                7 us
[1368.335s][info][gc,stats       ]   Rebuild Free Set                   15 us
[1368.335s][info][gc,stats       ] Concurrent Cleanup                   82 us
[1368.335s][info][gc,stats       ] Pacing                            48349 us
[1368.335s][info][gc,stats       ] 
[1368.335s][info][gc,stats       ] Allocation pacing accrued:
[1368.335s][info][gc,stats       ]      48 of    75 ms ( 64.6%): pl.nadoba.jvm.gc.benchmark.App.main()
[1368.335s][info][gc,stats       ]      48 of    75 ms ( 64.6%): <total>
[1368.335s][info][gc,stats       ]       5 of    75 ms (  6.5%): <average total>
[1368.335s][info][gc,stats       ]      48 of    75 ms ( 64.6%): <average non-zero>
[1368.335s][info][gc,stats       ] 
[1368.335s][info][gc,metaspace   ] Metaspace: 24233K->24233K(1071104K)
[1368.335s][info][gc,ergo        ] Pacer for Idle. Initial: 2621K, Alloc Tax Rate: 1.0x
[1368.336s][info][gc             ] Trigger: Free (6656K) is below minimum threshold (13107K)
[1368.336s][info][gc,ergo        ] Free: 6656K, Max: 256K regular, 6144K humongous, Frag: 8% external, 49% internal; Reserve: 6656K, Max: 256K
[1368.336s][info][gc,start       ] GC(17493) Concurrent reset
[1368.336s][info][gc,task        ] GC(17493) Using 4 of 24 workers for concurrent reset
[1368.336s][info][gc,ergo        ] GC(17493) Pacer for Reset. Non-Taxable: 128M
[1368.337s][info][gc             ] GC(17493) Concurrent reset 0.626ms
[1368.337s][info][gc,start       ] GC(17493) Pause Init Mark
[1368.337s][info][gc,task        ] GC(17493) Using 4 of 24 workers for init marking
[1368.340s][info][gc,ergo        ] GC(17493) Pacer for Mark. Expected Live: 11693K, Free: 6656K, Non-Taxable: 665K, Alloc Tax Rate: 2.1x
[1368.340s][info][gc             ] GC(17493) Pause Init Mark 2.791ms
[1368.340s][info][gc,start       ] GC(17493) Concurrent marking
[1368.340s][info][gc,task        ] GC(17493) Using 4 of 24 workers for concurrent marking
[1368.352s][info][gc             ] Failed to allocate Shared, 5120K
[1368.352s][info][gc             ] Cancelling GC: Allocation Failure
[1368.356s][info][gc             ] GC(17493) Concurrent marking 15.932ms
[1368.356s][info][gc,ergo        ] Free: 3072K, Max: 256K regular, 2816K humongous, Frag: 9% external, 0% internal; Reserve: 6656K, Max: 256K
[1368.356s][info][gc,stats       ] 
[1368.356s][info][gc,stats       ] All times are wall-clock times, except per-root-class counters, that are sum over
[1368.356s][info][gc,stats       ] all workers. Dividing the <total> over the root stage time estimates parallelism.
[1368.356s][info][gc,stats       ] 
[1368.356s][info][gc,stats       ] Concurrent Reset                    608 us
[1368.356s][info][gc,stats       ] Pause Init Mark (G)                3090 us
[1368.356s][info][gc,stats       ] Pause Init Mark (N)                2746 us
[1368.356s][info][gc,stats       ]   Accumulate Stats                    7 us
[1368.356s][info][gc,stats       ]   Make Parsable                      49 us
[1368.356s][info][gc,stats       ]   Update Region States                9 us
[1368.356s][info][gc,stats       ]   Scan Roots                       2168 us, parallelism: 2.01x
[1368.356s][info][gc,stats       ]     S: <total>                     4354 us
[1368.356s][info][gc,stats       ]     S: Thread Roots                 311 us, workers (us):   2, 168, 140,   1, ---, ---, ---, ---, ---, ---, ---, ---, ---, ---, ---, ---, ---, ---, ---, ---, ---, ---, ---, ---, 
[1368.356s][info][gc,stats       ]     S: Universe Roots                35 us, workers (us):  35, ---, ---, ---, ---, ---, ---, ---, ---, ---, ---, ---, ---, ---, ---, ---, ---, ---, ---, ---, ---, ---, ---, ---, 
[1368.356s][info][gc,stats       ]     S: JNI Handles Roots             42 us, workers (us): ---, ---,  42, ---, ---, ---, ---, ---, ---, ---, ---, ---, ---, ---, ---, ---, ---, ---, ---, ---, ---, ---, ---, ---, 
[1368.356s][info][gc,stats       ]     S: Synchronizer Roots             0 us, workers (us): ---,   0, ---, ---, ---, ---, ---, ---, ---, ---, ---, ---, ---, ---, ---, ---, ---, ---, ---, ---, ---, ---, ---, ---, 
[1368.356s][info][gc,stats       ]     S: Management Roots               2 us, workers (us): ---,   2, ---, ---, ---, ---, ---, ---, ---, ---, ---, ---, ---, ---, ---, ---, ---, ---, ---, ---, ---, ---, ---, ---, 
[1368.356s][info][gc,stats       ]     S: System Dict Roots             46 us, workers (us): ---,  46, ---, ---, ---, ---, ---, ---, ---, ---, ---, ---, ---, ---, ---, ---, ---, ---, ---, ---, ---, ---, ---, ---, 
[1368.356s][info][gc,stats       ]     S: CLDG Roots                  3917 us, workers (us): 1942, ---, ---, 1975, ---, ---, ---, ---, ---, ---, ---, ---, ---, ---, ---, ---, ---, ---, ---, ---, ---, ---, ---, ---, 
[1368.356s][info][gc,stats       ]     S: JVMTI Roots                    1 us, workers (us): ---, ---,   1, ---, ---, ---, ---, ---, ---, ---, ---, ---, ---, ---, ---, ---, ---, ---, ---, ---, ---, ---, ---, ---, 
[1368.356s][info][gc,stats       ]   Resize TLABs                        7 us
[1368.356s][info][gc,stats       ] Concurrent Marking                15881 us
[1368.356s][info][gc,stats       ] Pacing                            16070 us
[1368.356s][info][gc,stats       ] 
[1368.356s][info][gc,stats       ] Allocation pacing accrued:
[1368.356s][info][gc,stats       ]      16 of    21 ms ( 75.1%): pl.nadoba.jvm.gc.benchmark.App.main()
[1368.356s][info][gc,stats       ]      16 of    21 ms ( 75.1%): <total>
[1368.356s][info][gc,stats       ]       2 of    21 ms (  7.5%): <average total>
[1368.356s][info][gc,stats       ]      16 of    21 ms ( 75.1%): <average non-zero>
[1368.356s][info][gc,stats       ] 
[1368.356s][info][gc,metaspace   ] Metaspace: 24233K->24233K(1071104K)
[1368.356s][info][gc,ergo        ] Pacer for Idle. Initial: 2621K, Alloc Tax Rate: 1.0x
[1368.357s][info][gc             ] Trigger: Handle Allocation Failure
[1368.357s][info][gc,ergo        ] Free: 3072K, Max: 256K regular, 2816K humongous, Frag: 9% external, 0% internal; Reserve: 6656K, Max: 256K
[1368.358s][info][gc,start       ] GC(17494) Pause Degenerated GC (Mark)
[1368.358s][info][gc,task        ] GC(17494) Using 4 of 24 workers for stw degenerated gc
[1368.412s][info][gc,ergo        ] GC(17494) CSet Selection. Actual Free: 109M, Max CSet: 84288K
[1368.412s][info][gc,ergo        ] GC(17494) Collectable Garbage: 100M (99%), Immediate: 100M (99%), CSet: 322K (0%)
[1368.412s][info][gc,ergo        ] GC(17494) Pacer for Evacuation. Used CSet: 512K, Free: 109M, Non-Taxable: 11187K, Alloc Tax Rate: 1.1x
[1368.428s][info][gc,ergo        ] GC(17494) Pacer for Update Refs. Used: 12543K, Free: 109M, Non-Taxable: 11187K, Alloc Tax Rate: 1.1x
[1368.441s][info][gc,ergo        ] GC(17494) Good progress for free space: 109M, need 1310K
[1368.441s][info][gc,ergo        ] GC(17494) Good progress for used space: 100M, need 256K
[1368.441s][info][gc             ] GC(17494) Pause Degenerated GC (Mark) 112M->11M(128M) 83.806ms
[1368.441s][info][gc,ergo        ] Free: 109M, Max: 256K regular, 97792K humongous, Frag: 13% external, 5% internal; Reserve: 6656K, Max: 256K
[1368.442s][info][gc,stats       ] 
[1368.442s][info][gc,stats       ] All times are wall-clock times, except per-root-class counters, that are sum over
[1368.442s][info][gc,stats       ] all workers. Dividing the <total> over the root stage time estimates parallelism.
[1368.442s][info][gc,stats       ] 
[1368.442s][info][gc,stats       ]   Finish Queues                   53241 us
[1368.442s][info][gc,stats       ]   System Purge                      396 us
[1368.442s][info][gc,stats       ]     Weak Roots                      394 us
[1368.442s][info][gc,stats       ]   Update Region States               16 us
[1368.442s][info][gc,stats       ]   Retire TLABs                       54 us
[1368.442s][info][gc,stats       ]   Choose Collection Set             472 us
[1368.442s][info][gc,stats       ]   Rebuild Free Set                   22 us
[1368.442s][info][gc,stats       ]   Initial Evacuation                 16 us
[1368.442s][info][gc,stats       ]   Retire GCLABs                       8 us
[1368.442s][info][gc,stats       ]   Finish Work                     12457 us
[1368.442s][info][gc,stats       ]   Update Region States                8 us
[1368.442s][info][gc,stats       ]   Trash Collection Set                3 us
[1368.442s][info][gc,stats       ]   Rebuild Free Set                    9 us
[1368.442s][info][gc,stats       ] Pause Degenerated GC (G)          84101 us
[1368.442s][info][gc,stats       ] Pause Degenerated GC (N)          83749 us
[1368.442s][info][gc,stats       ]   Degen Update Roots                707 us, parallelism: 2.14x
[1368.442s][info][gc,stats       ]     DU: <total>                    1516 us
[1368.442s][info][gc,stats       ]     DU: Thread Roots                 98 us, workers (us):  29,   3,  64,   2, ---, ---, ---, ---, ---, ---, ---, ---, ---, ---, ---, ---, ---, ---, ---, ---, ---, ---, ---, ---, 
[1368.442s][info][gc,stats       ]     DU: Code Cache Roots            976 us, workers (us): 172, 123, 304, 377, ---, ---, ---, ---, ---, ---, ---, ---, ---, ---, ---, ---, ---, ---, ---, ---, ---, ---, ---, ---, 
[1368.442s][info][gc,stats       ]     DU: Universe Roots                5 us, workers (us):   5, ---, ---, ---, ---, ---, ---, ---, ---, ---, ---, ---, ---, ---, ---, ---, ---, ---, ---, ---, ---, ---, ---, ---, 
[1368.442s][info][gc,stats       ]     DU: JNI Handles Roots             6 us, workers (us): ---,   6, ---, ---, ---, ---, ---, ---, ---, ---, ---, ---, ---, ---, ---, ---, ---, ---, ---, ---, ---, ---, ---, ---, 
[1368.442s][info][gc,stats       ]     DU: Synchronizer Roots            0 us, workers (us):   0, ---, ---, ---, ---, ---, ---, ---, ---, ---, ---, ---, ---, ---, ---, ---, ---, ---, ---, ---, ---, ---, ---, ---, 
[1368.442s][info][gc,stats       ]     DU: Management Roots              1 us, workers (us):   1, ---, ---, ---, ---, ---, ---, ---, ---, ---, ---, ---, ---, ---, ---, ---, ---, ---, ---, ---, ---, ---, ---, ---, 
[1368.442s][info][gc,stats       ]     DU: System Dict Roots             8 us, workers (us):   8, ---, ---, ---, ---, ---, ---, ---, ---, ---, ---, ---, ---, ---, ---, ---, ---, ---, ---, ---, ---, ---, ---, ---, 
[1368.442s][info][gc,stats       ]     DU: CLDG Roots                  423 us, workers (us): 177, 245, ---, ---, ---, ---, ---, ---, ---, ---, ---, ---, ---, ---, ---, ---, ---, ---, ---, ---, ---, ---, ---, ---, 
[1368.442s][info][gc,stats       ]     DU: JVMTI Roots                   1 us, workers (us): ---,   1, ---, ---, ---, ---, ---, ---, ---, ---, ---, ---, ---, ---, ---, ---, ---, ---, ---, ---, ---, ---, ---, ---, 
[1368.442s][info][gc,stats       ] 
[1368.442s][info][gc,stats       ] Allocation pacing accrued:
[1368.442s][info][gc,stats       ]       0 of    86 ms (  0.0%): <total>
[1368.442s][info][gc,stats       ]       0 of    86 ms (  0.0%): <average total>
[1368.442s][info][gc,stats       ] 
[1368.442s][info][gc,metaspace   ] Metaspace: 24233K->24233K(1071104K)
[1368.442s][info][gc,ergo        ] Pacer for Idle. Initial: 2621K, Alloc Tax Rate: 1.0x
[1368.454s][info][gc             ] Trigger: Allocated since last cycle (14336K) is larger than allocation threshold (13107K)
[1368.454s][info][gc,ergo        ] Free: 97792K, Max: 256K regular, 91392K humongous, Frag: 7% external, 0% internal; Reserve: 6656K, Max: 256K
[1368.454s][info][gc,start       ] GC(17495) Concurrent reset
[1368.454s][info][gc,task        ] GC(17495) Using 4 of 24 workers for concurrent reset
[1368.454s][info][gc,ergo        ] GC(17495) Pacer for Reset. Non-Taxable: 128M
[1368.454s][info][gc             ] GC(17495) Concurrent reset 0.357ms
[1368.454s][info][gc,start       ] GC(17495) Pause Init Mark (process weakrefs)
[1368.455s][info][gc,task        ] GC(17495) Using 4 of 24 workers for init marking
[1368.457s][info][gc,ergo        ] GC(17495) Pacer for Mark. Expected Live: 11079K, Free: 95488K, Non-Taxable: 9548K, Alloc Tax Rate: 0.1x
[1368.457s][info][gc             ] GC(17495) Pause Init Mark (process weakrefs) 2.127ms
[1368.457s][info][gc,start       ] GC(17495) Concurrent marking (process weakrefs)
[1368.457s][info][gc,task        ] GC(17495) Using 4 of 24 workers for concurrent marking
[1368.518s][info][gc             ] GC(17495) Concurrent marking (process weakrefs) 60.866ms
[1368.518s][info][gc,start       ] GC(17495) Concurrent precleaning
[1368.518s][info][gc,task        ] GC(17495) Using 1 of 24 workers for concurrent preclean
[1368.518s][info][gc,ergo        ] GC(17495) Pacer for Precleaning. Non-Taxable: 128M
[1368.520s][info][gc             ] GC(17495) Concurrent precleaning 1.986ms
[1368.520s][info][gc,start       ] GC(17495) Pause Final Mark (process weakrefs)
[1368.520s][info][gc,task        ] GC(17495) Using 4 of 24 workers for final marking
[1368.521s][info][gc,ergo        ] GC(17495) CSet Selection. Actual Free: 78592K, Max CSet: 58944K
[1368.521s][info][gc,ergo        ] GC(17495) Collectable Garbage: 16962K (99%), Immediate: 16640K (98%), CSet: 322K (1%)
[1368.521s][info][gc,ergo        ] GC(17495) Pacer for Evacuation. Used CSet: 512K, Free: 72960K, Non-Taxable: 7296K, Alloc Tax Rate: 1.1x
[1368.521s][info][gc             ] GC(17495) Pause Final Mark (process weakrefs) 1.325ms
[1368.521s][info][gc,start       ] GC(17495) Concurrent cleanup
[1368.524s][info][gc             ] GC(17495) Concurrent cleanup 72M->62M(128M) 2.805ms
[1368.524s][info][gc,ergo        ] GC(17495) Free: 57856K, Max: 256K regular, 49152K humongous, Frag: 16% external, 0% internal; Reserve: 6651K, Max: 256K
[1368.524s][info][gc,start       ] GC(17495) Concurrent evacuation
[1368.524s][info][gc,task        ] GC(17495) Using 4 of 24 workers for concurrent evacuation
[1368.525s][info][gc             ] GC(17495) Concurrent evacuation 0.779ms
[1368.525s][info][gc,start       ] GC(17495) Pause Init Update Refs
[1368.525s][info][gc,ergo        ] GC(17495) Pacer for Update Refs. Used: 63999K, Free: 57856K, Non-Taxable: 5785K, Alloc Tax Rate: 1.4x
[1368.525s][info][gc             ] GC(17495) Pause Init Update Refs 0.083ms
[1368.525s][info][gc,start       ] GC(17495) Concurrent update references
[1368.525s][info][gc,task        ] GC(17495) Using 4 of 24 workers for concurrent reference update
[1368.541s][info][gc             ] GC(17495) Concurrent update references 15.337ms
[1368.541s][info][gc,start       ] GC(17495) Pause Final Update Refs
[1368.541s][info][gc,task        ] GC(17495) Using 4 of 24 workers for final reference update
[1368.541s][info][gc             ] GC(17495) Pause Final Update Refs 0.301ms
[1368.541s][info][gc,start       ] GC(17495) Concurrent cleanup
[1368.541s][info][gc             ] GC(17495) Concurrent cleanup 72M->71M(128M) 0.158ms
[1368.541s][info][gc             ] GC(17495) Dat log --- cycle is complete
Current gc epoch: 9299
heap: ______
capacity: 134217728
used: 75497288
committed: 134217728
bytes_allocated_since_gc_start: 69993048
hot_size: 0
cold_size: 5206174
num_regions: 512
hot_region_count: 18446744073709538216
cold_region_count: 13401
histogram: Placeholder

[1368.541s][info][gc             ] GC(17495) Obj count ac histogram
[1368.541s][info][gc             ] GC(17495) 	0: 498559
[1368.541s][info][gc             ] GC(17495) 	1: 13
[1368.541s][info][gc             ] GC(17495) 	2: 4150
[1368.541s][info][gc             ] GC(17495) 	3: 3582
[1368.541s][info][gc             ] GC(17495) 	4: 819
[1368.541s][info][gc             ] GC(17495) 	5: 15
[1368.541s][info][gc             ] GC(17495) 	6: 0
[1368.541s][info][gc             ] GC(17495) 	7: 0
[1368.542s][info][gc             ] GC(17495) 	8: 0
[1368.542s][info][gc             ] GC(17495) 	9: 0
[1368.542s][info][gc             ] GC(17495) 	10: 0
[1368.542s][info][gc             ] GC(17495) 	11: 0
[1368.542s][info][gc             ] GC(17495) 	12: 0
[1368.542s][info][gc             ] GC(17495) 	13: 0
[1368.542s][info][gc             ] GC(17495) 	14: 0
[1368.542s][info][gc             ] GC(17495) 	15: 0
[1368.542s][info][gc             ] GC(17495) 	16: 0
[1368.542s][info][gc             ] GC(17495) 	17: 0
[1368.542s][info][gc             ] GC(17495) 	18: 0
[1368.542s][info][gc             ] GC(17495) 	19: 0
[1368.542s][info][gc             ] GC(17495) Obj size ac histogram
[1368.542s][info][gc             ] GC(17495) 	0: 3911924
[1368.542s][info][gc             ] GC(17495) 	1: 624
[1368.542s][info][gc             ] GC(17495) 	2: 60916
[1368.542s][info][gc             ] GC(17495) 	3: 28180
[1368.542s][info][gc             ] GC(17495) 	4: 5032
[1368.542s][info][gc             ] GC(17495) 	5: 150
[1368.542s][info][gc             ] GC(17495) 	6: 0
[1368.542s][info][gc             ] GC(17495) 	7: 0
[1368.542s][info][gc             ] GC(17495) 	8: 0
[1368.542s][info][gc             ] GC(17495) 	9: 0
[1368.542s][info][gc             ] GC(17495) 	10: 0
[1368.542s][info][gc             ] GC(17495) 	11: 0
[1368.542s][info][gc             ] GC(17495) 	12: 0
[1368.542s][info][gc             ] GC(17495) 	13: 0
[1368.542s][info][gc             ] GC(17495) 	14: 0
[1368.542s][info][gc             ] GC(17495) 	15: 0
[1368.542s][info][gc             ] GC(17495) 	16: 0
[1368.542s][info][gc             ] GC(17495) 	17: 0
[1368.542s][info][gc             ] GC(17495) 	18: 0
[1368.542s][info][gc             ] GC(17495) 	19: 0
[1368.542s][info][gc,ergo        ] Free: 47360K, Max: 256K regular, 41728K humongous, Frag: 12% external, 11% internal; Reserve: 6656K, Max: 256K
[1368.542s][info][gc,stats       ] 
[1368.542s][info][gc,stats       ] All times are wall-clock times, except per-root-class counters, that are sum over
[1368.542s][info][gc,stats       ] all workers. Dividing the <total> over the root stage time estimates parallelism.
[1368.542s][info][gc,stats       ] 
[1368.542s][info][gc,stats       ] Concurrent Reset                    338 us
[1368.542s][info][gc,stats       ] Pause Init Mark (G)                2563 us
[1368.542s][info][gc,stats       ] Pause Init Mark (N)                2082 us
[1368.542s][info][gc,stats       ]   Accumulate Stats                    4 us
[1368.542s][info][gc,stats       ]   Make Parsable                      49 us
[1368.542s][info][gc,stats       ]   Update Region States                6 us
[1368.542s][info][gc,stats       ]   Scan Roots                       1584 us, parallelism: 1.89x
[1368.542s][info][gc,stats       ]     S: <total>                     2987 us
[1368.542s][info][gc,stats       ]     S: Thread Roots                 400 us, workers (us):   1,  74, 323,   2, ---, ---, ---, ---, ---, ---, ---, ---, ---, ---, ---, ---, ---, ---, ---, ---, ---, ---, ---, ---, 
[1368.542s][info][gc,stats       ]     S: Universe Roots                11 us, workers (us):  11, ---, ---, ---, ---, ---, ---, ---, ---, ---, ---, ---, ---, ---, ---, ---, ---, ---, ---, ---, ---, ---, ---, ---, 
[1368.542s][info][gc,stats       ]     S: JNI Handles Roots              5 us, workers (us):   5, ---, ---, ---, ---, ---, ---, ---, ---, ---, ---, ---, ---, ---, ---, ---, ---, ---, ---, ---, ---, ---, ---, ---, 
[1368.542s][info][gc,stats       ]     S: Synchronizer Roots             0 us, workers (us): ---,   0, ---, ---, ---, ---, ---, ---, ---, ---, ---, ---, ---, ---, ---, ---, ---, ---, ---, ---, ---, ---, ---, ---, 
[1368.542s][info][gc,stats       ]     S: Management Roots               1 us, workers (us): ---,   1, ---, ---, ---, ---, ---, ---, ---, ---, ---, ---, ---, ---, ---, ---, ---, ---, ---, ---, ---, ---, ---, ---, 
[1368.542s][info][gc,stats       ]     S: System Dict Roots             29 us, workers (us): ---,  29, ---, ---, ---, ---, ---, ---, ---, ---, ---, ---, ---, ---, ---, ---, ---, ---, ---, ---, ---, ---, ---, ---, 
[1368.542s][info][gc,stats       ]     S: CLDG Roots                  2541 us, workers (us): 1139, ---, ---, 1402, ---, ---, ---, ---, ---, ---, ---, ---, ---, ---, ---, ---, ---, ---, ---, ---, ---, ---, ---, ---, 
[1368.542s][info][gc,stats       ]     S: JVMTI Roots                    0 us, workers (us):   0, ---, ---, ---, ---, ---, ---, ---, ---, ---, ---, ---, ---, ---, ---, ---, ---, ---, ---, ---, ---, ---, ---, ---, 
[1368.542s][info][gc,stats       ]   Resize TLABs                        5 us
[1368.542s][info][gc,stats       ] Concurrent Marking                60810 us
[1368.542s][info][gc,stats       ] Concurrent Precleaning             1963 us
[1368.542s][info][gc,stats       ] Pause Final Mark (G)               1628 us
[1368.542s][info][gc,stats       ] Pause Final Mark (N)               1282 us
[1368.542s][info][gc,stats       ]   Finish Queues                     163 us
[1368.542s][info][gc,stats       ]   Weak References                    45 us
[1368.542s][info][gc,stats       ]     Process                          35 us
[1368.542s][info][gc,stats       ]   System Purge                      366 us
[1368.542s][info][gc,stats       ]     Weak Roots                      365 us
[1368.542s][info][gc,stats       ]   Update Region States               19 us
[1368.542s][info][gc,stats       ]   Retire TLABs                       51 us
[1368.542s][info][gc,stats       ]   Choose Collection Set             115 us
[1368.542s][info][gc,stats       ]   Rebuild Free Set                   19 us
[1368.542s][info][gc,stats       ]   Initial Evacuation                478 us, parallelism: 2.09x
[1368.542s][info][gc,stats       ]     E: <total>                     1000 us
[1368.542s][info][gc,stats       ]     E: Thread Roots                  63 us, workers (us):   1,  29,  31,   2, ---, ---, ---, ---, ---, ---, ---, ---, ---, ---, ---, ---, ---, ---, ---, ---, ---, ---, ---, ---, 
[1368.542s][info][gc,stats       ]     E: Code Cache Roots             766 us, workers (us): 248, 119, 135, 265, ---, ---, ---, ---, ---, ---, ---, ---, ---, ---, ---, ---, ---, ---, ---, ---, ---, ---, ---, ---, 
[1368.542s][info][gc,stats       ]     E: Universe Roots                 3 us, workers (us):   3, ---, ---, ---, ---, ---, ---, ---, ---, ---, ---, ---, ---, ---, ---, ---, ---, ---, ---, ---, ---, ---, ---, ---, 
[1368.542s][info][gc,stats       ]     E: JNI Handles Roots              1 us, workers (us):   1, ---, ---, ---, ---, ---, ---, ---, ---, ---, ---, ---, ---, ---, ---, ---, ---, ---, ---, ---, ---, ---, ---, ---, 
[1368.542s][info][gc,stats       ]     E: Synchronizer Roots             0 us, workers (us):   0, ---, ---, ---, ---, ---, ---, ---, ---, ---, ---, ---, ---, ---, ---, ---, ---, ---, ---, ---, ---, ---, ---, ---, 
[1368.542s][info][gc,stats       ]     E: Management Roots               1 us, workers (us):   1, ---, ---, ---, ---, ---, ---, ---, ---, ---, ---, ---, ---, ---, ---, ---, ---, ---, ---, ---, ---, ---, ---, ---, 
[1368.543s][info][gc,stats       ]     E: System Dict Roots              6 us, workers (us):   6, ---, ---, ---, ---, ---, ---, ---, ---, ---, ---, ---, ---, ---, ---, ---, ---, ---, ---, ---, ---, ---, ---, ---, 
[1368.543s][info][gc,stats       ]     E: CLDG Roots                   159 us, workers (us): ---,  83,  76, ---, ---, ---, ---, ---, ---, ---, ---, ---, ---, ---, ---, ---, ---, ---, ---, ---, ---, ---, ---, ---, 
[1368.543s][info][gc,stats       ]     E: JVMTI Roots                    1 us, workers (us):   1, ---, ---, ---, ---, ---, ---, ---, ---, ---, ---, ---, ---, ---, ---, ---, ---, ---, ---, ---, ---, ---, ---, ---, 
[1368.543s][info][gc,stats       ] Concurrent Cleanup                 2758 us
[1368.543s][info][gc,stats       ] Concurrent Evacuation               763 us
[1368.543s][info][gc,stats       ] Pause Init  Update Refs (G)         327 us
[1368.543s][info][gc,stats       ] Pause Init  Update Refs (N)          43 us
[1368.543s][info][gc,stats       ]   Retire GCLABs                      21 us
[1368.543s][info][gc,stats       ] Concurrent Update Refs            15309 us
[1368.543s][info][gc,stats       ] Pause Final Update Refs (G)         568 us
[1368.543s][info][gc,stats       ] Pause Final Update Refs (N)         258 us
[1368.543s][info][gc,stats       ]   Update Roots                      202 us, parallelism: 1.03x
[1368.543s][info][gc,stats       ]     UR: <total>                     208 us
[1368.543s][info][gc,stats       ]     UR: Thread Roots                208 us, workers (us):  60, 100,  21,  27, ---, ---, ---, ---, ---, ---, ---, ---, ---, ---, ---, ---, ---, ---, ---, ---, ---, ---, ---, ---, 
[1368.543s][info][gc,stats       ]   Update Region States               11 us
[1368.543s][info][gc,stats       ]   Trash Collection Set                6 us
[1368.543s][info][gc,stats       ]   Rebuild Free Set                   17 us
[1368.543s][info][gc,stats       ] Concurrent Cleanup                  129 us
[1368.543s][info][gc,stats       ] Pacing                            74449 us
[1368.543s][info][gc,stats       ] 
[1368.543s][info][gc,stats       ] Allocation pacing accrued:
[1368.543s][info][gc,stats       ]      74 of   101 ms ( 73.9%): pl.nadoba.jvm.gc.benchmark.App.main()
[1368.543s][info][gc,stats       ]      74 of   101 ms ( 73.9%): <total>
[1368.543s][info][gc,stats       ]       7 of   101 ms (  7.4%): <average total>
[1368.543s][info][gc,stats       ]      74 of   101 ms ( 73.9%): <average non-zero>
[1368.543s][info][gc,stats       ] 
[1368.543s][info][gc,metaspace   ] Metaspace: 24233K->24233K(1071104K)
[1368.543s][info][gc,ergo        ] Pacer for Idle. Initial: 2621K, Alloc Tax Rate: 1.0x
[1368.544s][info][gc             ] Trigger: Allocated since last cycle (74752K) is larger than allocation threshold (13107K)
[1368.544s][info][gc,ergo        ] Free: 40960K, Max: 256K regular, 35328K humongous, Frag: 14% external, 13% internal; Reserve: 6656K, Max: 256K
[1368.544s][info][gc,start       ] GC(17496) Concurrent reset
[1368.544s][info][gc,task        ] GC(17496) Using 4 of 24 workers for concurrent reset
[1368.544s][info][gc,ergo        ] GC(17496) Pacer for Reset. Non-Taxable: 128M
[1368.545s][info][gc             ] GC(17496) Concurrent reset 0.548ms
[1368.545s][info][gc,start       ] GC(17496) Pause Init Mark
[1368.545s][info][gc,task        ] GC(17496) Using 4 of 24 workers for init marking
[1368.548s][info][gc,ergo        ] GC(17496) Pacer for Mark. Expected Live: 11489K, Free: 40960K, Non-Taxable: 4096K, Alloc Tax Rate: 0.3x
[1368.548s][info][gc             ] GC(17496) Pause Init Mark 3.332ms
[1368.548s][info][gc,start       ] GC(17496) Concurrent marking
[1368.548s][info][gc,task        ] GC(17496) Using 4 of 24 workers for concurrent marking
[1368.612s][info][gc             ] GC(17496) Concurrent marking 63.543ms
[1368.612s][info][gc,start       ] GC(17496) Pause Final Mark
[1368.612s][info][gc,task        ] GC(17496) Using 4 of 24 workers for final marking
[1368.613s][info][gc,ergo        ] GC(17496) CSet Selection. Actual Free: 77056K, Max CSet: 57792K
[1368.613s][info][gc,ergo        ] GC(17496) Collectable Garbage: 65090K (99%), Immediate: 64768K (99%), CSet: 322K (0%)
[1368.613s][info][gc,ergo        ] GC(17496) Pacer for Evacuation. Used CSet: 512K, Free: 73728K, Non-Taxable: 7372K, Alloc Tax Rate: 1.1x
[1368.613s][info][gc             ] GC(17496) Pause Final Mark 1.474ms
[1368.614s][info][gc,start       ] GC(17496) Concurrent cleanup
[1368.624s][info][gc             ] GC(17496) Concurrent cleanup 111M->57M(128M) 10.245ms
[1368.624s][info][gc,ergo        ] GC(17496) Free: 63744K, Max: 256K regular, 62720K humongous, Frag: 2% external, 0% internal; Reserve: 6653K, Max: 256K
[1368.624s][info][gc,start       ] GC(17496) Concurrent evacuation
[1368.624s][info][gc,task        ] GC(17496) Using 4 of 24 workers for concurrent evacuation
[1368.625s][info][gc             ] GC(17496) Concurrent evacuation 0.728ms
[1368.625s][info][gc,start       ] GC(17496) Pause Init Update Refs
[1368.625s][info][gc,ergo        ] GC(17496) Pacer for Update Refs. Used: 58879K, Free: 63744K, Non-Taxable: 6374K, Alloc Tax Rate: 1.1x
[1368.625s][info][gc             ] GC(17496) Pause Init Update Refs 0.081ms
[1368.625s][info][gc,start       ] GC(17496) Concurrent update references
[1368.625s][info][gc,task        ] GC(17496) Using 4 of 24 workers for concurrent reference update
[1368.641s][info][gc             ] GC(17496) Concurrent update references 15.993ms
[1368.641s][info][gc,start       ] GC(17496) Pause Final Update Refs
[1368.641s][info][gc,task        ] GC(17496) Using 4 of 24 workers for final reference update
[1368.641s][info][gc             ] GC(17496) Pause Final Update Refs 0.256ms
[1368.641s][info][gc,start       ] GC(17496) Concurrent cleanup
[1368.641s][info][gc             ] GC(17496) Concurrent cleanup 70M->76M(128M) 0.102ms
[1368.641s][info][gc             ] GC(17496) Dat log --- cycle is complete
Current gc epoch: 9300
heap: ______
capacity: 134217728
used: 80740136
committed: 134217728
bytes_allocated_since_gc_start: 68420784
hot_size: 0
cold_size: 3717201
num_regions: 512
hot_region_count: 18446744073709538215
cold_region_count: 13402
histogram: Placeholder

[1368.641s][info][gc             ] GC(17496) Obj count ac histogram
[1368.641s][info][gc             ] GC(17496) 	0: 249463
[1368.641s][info][gc             ] GC(17496) 	1: 15
[1368.641s][info][gc             ] GC(17496) 	2: 2
[1368.641s][info][gc             ] GC(17496) 	3: 0
[1368.641s][info][gc             ] GC(17496) 	4: 0
[1368.641s][info][gc             ] GC(17496) 	5: 0
[1368.641s][info][gc             ] GC(17496) 	6: 0
[1368.641s][info][gc             ] GC(17496) 	7: 0
[1368.641s][info][gc             ] GC(17496) 	8: 0
[1368.641s][info][gc             ] GC(17496) 	9: 0
[1368.641s][info][gc             ] GC(17496) 	10: 0
[1368.641s][info][gc             ] GC(17496) 	11: 0
[1368.641s][info][gc             ] GC(17496) 	12: 0
[1368.641s][info][gc             ] GC(17496) 	13: 0
[1368.641s][info][gc             ] GC(17496) 	14: 0
[1368.641s][info][gc             ] GC(17496) 	15: 0
[1368.641s][info][gc             ] GC(17496) 	16: 0
[1368.641s][info][gc             ] GC(17496) 	17: 0
[1368.641s][info][gc             ] GC(17496) 	18: 0
[1368.641s][info][gc             ] GC(17496) 	19: 0
[1368.641s][info][gc             ] GC(17496) Obj size ac histogram
[1368.641s][info][gc             ] GC(17496) 	0: 2421250
[1368.641s][info][gc             ] GC(17496) 	1: 720
[1368.641s][info][gc             ] GC(17496) 	2: 14
[1368.641s][info][gc             ] GC(17496) 	3: 0
[1368.641s][info][gc             ] GC(17496) 	4: 0
[1368.641s][info][gc             ] GC(17496) 	5: 0
[1368.641s][info][gc             ] GC(17496) 	6: 0
[1368.641s][info][gc             ] GC(17496) 	7: 0
[1368.641s][info][gc             ] GC(17496) 	8: 0
[1368.642s][info][gc             ] GC(17496) 	9: 0
[1368.642s][info][gc             ] GC(17496) 	10: 0
[1368.642s][info][gc             ] GC(17496) 	11: 0
[1368.642s][info][gc             ] GC(17496) 	12: 0
[1368.642s][info][gc             ] GC(17496) 	13: 0
[1368.642s][info][gc             ] GC(17496) 	14: 0
[1368.642s][info][gc             ] GC(17496) 	15: 0
[1368.642s][info][gc             ] GC(17496) 	16: 0
[1368.642s][info][gc             ] GC(17496) 	17: 0
[1368.642s][info][gc             ] GC(17496) 	18: 0
[1368.642s][info][gc             ] GC(17496) 	19: 0
[1368.642s][info][gc,ergo        ] Free: 42496K, Max: 256K regular, 41216K humongous, Frag: 4% external, 13% internal; Reserve: 6656K, Max: 256K
[1368.642s][info][gc,stats       ] 
[1368.642s][info][gc,stats       ] All times are wall-clock times, except per-root-class counters, that are sum over
[1368.642s][info][gc,stats       ] all workers. Dividing the <total> over the root stage time estimates parallelism.
[1368.642s][info][gc,stats       ] 
[1368.642s][info][gc,stats       ] Concurrent Reset                    531 us
[1368.642s][info][gc,stats       ] Pause Init Mark (G)                3678 us
[1368.642s][info][gc,stats       ] Pause Init Mark (N)                3288 us
[1368.642s][info][gc,stats       ]   Accumulate Stats                    6 us
[1368.642s][info][gc,stats       ]   Make Parsable                      50 us
[1368.642s][info][gc,stats       ]   Update Region States                7 us
[1368.642s][info][gc,stats       ]   Scan Roots                       2725 us, parallelism: 1.62x
[1368.642s][info][gc,stats       ]     S: <total>                     4410 us
[1368.642s][info][gc,stats       ]     S: Thread Roots                 482 us, workers (us): 182, 296,   1,   3, ---, ---, ---, ---, ---, ---, ---, ---, ---, ---, ---, ---, ---, ---, ---, ---, ---, ---, ---, ---, 
[1368.642s][info][gc,stats       ]     S: Universe Roots                35 us, workers (us): ---, ---,  35, ---, ---, ---, ---, ---, ---, ---, ---, ---, ---, ---, ---, ---, ---, ---, ---, ---, ---, ---, ---, ---, 
[1368.642s][info][gc,stats       ]     S: JNI Handles Roots             38 us, workers (us): ---,  38, ---, ---, ---, ---, ---, ---, ---, ---, ---, ---, ---, ---, ---, ---, ---, ---, ---, ---, ---, ---, ---, ---, 
[1368.642s][info][gc,stats       ]     S: Synchronizer Roots             1 us, workers (us):   1, ---, ---, ---, ---, ---, ---, ---, ---, ---, ---, ---, ---, ---, ---, ---, ---, ---, ---, ---, ---, ---, ---, ---, 
[1368.642s][info][gc,stats       ]     S: Management Roots               3 us, workers (us): ---,   3, ---, ---, ---, ---, ---, ---, ---, ---, ---, ---, ---, ---, ---, ---, ---, ---, ---, ---, ---, ---, ---, ---, 
[1368.642s][info][gc,stats       ]     S: System Dict Roots             50 us, workers (us):  50, ---, ---, ---, ---, ---, ---, ---, ---, ---, ---, ---, ---, ---, ---, ---, ---, ---, ---, ---, ---, ---, ---, ---, 
[1368.642s][info][gc,stats       ]     S: CLDG Roots                  3801 us, workers (us): ---, ---, 1266, 2535, ---, ---, ---, ---, ---, ---, ---, ---, ---, ---, ---, ---, ---, ---, ---, ---, ---, ---, ---, ---, 
[1368.642s][info][gc,stats       ]     S: JVMTI Roots                    1 us, workers (us): ---,   1, ---, ---, ---, ---, ---, ---, ---, ---, ---, ---, ---, ---, ---, ---, ---, ---, ---, ---, ---, ---, ---, ---, 
[1368.642s][info][gc,stats       ]   Resize TLABs                        7 us
[1368.642s][info][gc,stats       ] Concurrent Marking                63491 us
[1368.642s][info][gc,stats       ] Pause Final Mark (G)               1666 us
[1368.642s][info][gc,stats       ] Pause Final Mark (N)               1432 us
[1368.642s][info][gc,stats       ]   Finish Queues                     161 us
[1368.642s][info][gc,stats       ]   System Purge                      344 us
[1368.642s][info][gc,stats       ]     Weak Roots                      343 us
[1368.642s][info][gc,stats       ]   Update Region States               20 us
[1368.642s][info][gc,stats       ]   Retire TLABs                       50 us
[1368.642s][info][gc,stats       ]   Choose Collection Set             290 us
[1368.642s][info][gc,stats       ]   Rebuild Free Set                   19 us
[1368.642s][info][gc,stats       ]   Initial Evacuation                522 us, parallelism: 2.10x
[1368.642s][info][gc,stats       ]     E: <total>                     1099 us
[1368.642s][info][gc,stats       ]     E: Thread Roots                  80 us, workers (us):  21,  13,   2,  43, ---, ---, ---, ---, ---, ---, ---, ---, ---, ---, ---, ---, ---, ---, ---, ---, ---, ---, ---, ---, 
[1368.642s][info][gc,stats       ]     E: Code Cache Roots             817 us, workers (us): 245, 163, 287, 122, ---, ---, ---, ---, ---, ---, ---, ---, ---, ---, ---, ---, ---, ---, ---, ---, ---, ---, ---, ---, 
[1368.642s][info][gc,stats       ]     E: Universe Roots                 2 us, workers (us):   2, ---, ---, ---, ---, ---, ---, ---, ---, ---, ---, ---, ---, ---, ---, ---, ---, ---, ---, ---, ---, ---, ---, ---, 
[1368.642s][info][gc,stats       ]     E: JNI Handles Roots              1 us, workers (us):   1, ---, ---, ---, ---, ---, ---, ---, ---, ---, ---, ---, ---, ---, ---, ---, ---, ---, ---, ---, ---, ---, ---, ---, 
[1368.642s][info][gc,stats       ]     E: Synchronizer Roots             0 us, workers (us):   0, ---, ---, ---, ---, ---, ---, ---, ---, ---, ---, ---, ---, ---, ---, ---, ---, ---, ---, ---, ---, ---, ---, ---, 
[1368.642s][info][gc,stats       ]     E: Management Roots               1 us, workers (us):   1, ---, ---, ---, ---, ---, ---, ---, ---, ---, ---, ---, ---, ---, ---, ---, ---, ---, ---, ---, ---, ---, ---, ---, 
[1368.642s][info][gc,stats       ]     E: System Dict Roots              3 us, workers (us):   3, ---, ---, ---, ---, ---, ---, ---, ---, ---, ---, ---, ---, ---, ---, ---, ---, ---, ---, ---, ---, ---, ---, ---, 
[1368.642s][info][gc,stats       ]     E: CLDG Roots                   194 us, workers (us): ---,  88, ---, 105, ---, ---, ---, ---, ---, ---, ---, ---, ---, ---, ---, ---, ---, ---, ---, ---, ---, ---, ---, ---, 
[1368.642s][info][gc,stats       ]     E: JVMTI Roots                    0 us, workers (us): ---,   0, ---, ---, ---, ---, ---, ---, ---, ---, ---, ---, ---, ---, ---, ---, ---, ---, ---, ---, ---, ---, ---, ---, 
[1368.642s][info][gc,stats       ] Concurrent Cleanup                10183 us
[1368.642s][info][gc,stats       ] Concurrent Evacuation               722 us
[1368.642s][info][gc,stats       ] Pause Init  Update Refs (G)         280 us
[1368.642s][info][gc,stats       ] Pause Init  Update Refs (N)          39 us
[1368.642s][info][gc,stats       ]   Retire GCLABs                      18 us
[1368.642s][info][gc,stats       ] Concurrent Update Refs            15955 us
[1368.642s][info][gc,stats       ] Pause Final Update Refs (G)         481 us
[1368.642s][info][gc,stats       ] Pause Final Update Refs (N)         212 us
[1368.642s][info][gc,stats       ]   Update Roots                      155 us, parallelism: 1.31x
[1368.642s][info][gc,stats       ]     UR: <total>                     203 us
[1368.642s][info][gc,stats       ]     UR: Thread Roots                203 us, workers (us): 102,  29,  29,  43, ---, ---, ---, ---, ---, ---, ---, ---, ---, ---, ---, ---, ---, ---, ---, ---, ---, ---, ---, ---, 
[1368.642s][info][gc,stats       ]   Update Region States               11 us
[1368.642s][info][gc,stats       ]   Trash Collection Set                6 us
[1368.642s][info][gc,stats       ]   Rebuild Free Set                   17 us
[1368.642s][info][gc,stats       ] Concurrent Cleanup                   89 us
[1368.642s][info][gc,stats       ] Pacing                            87866 us
[1368.642s][info][gc,stats       ] 
[1368.642s][info][gc,stats       ] Allocation pacing accrued:
[1368.642s][info][gc,stats       ]      88 of    99 ms ( 88.5%): pl.nadoba.jvm.gc.benchmark.App.main()
[1368.642s][info][gc,stats       ]      88 of    99 ms ( 88.5%): <total>
[1368.642s][info][gc,stats       ]       9 of    99 ms (  8.9%): <average total>
[1368.642s][info][gc,stats       ]      88 of    99 ms ( 88.5%): <average non-zero>
[1368.642s][info][gc,stats       ] 
[1368.642s][info][gc,metaspace   ] Metaspace: 24233K->24233K(1071104K)
[1368.642s][info][gc,ergo        ] Pacer for Idle. Initial: 2621K, Alloc Tax Rate: 1.0x
[1368.643s][info][gc             ] Trigger: Allocated since last cycle (66817K) is larger than allocation threshold (13107K)
[1368.643s][info][gc,ergo        ] Free: 42496K, Max: 256K regular, 41216K humongous, Frag: 4% external, 13% internal; Reserve: 6656K, Max: 256K
[1368.643s][info][gc,start       ] GC(17497) Concurrent reset
[1368.643s][info][gc,task        ] GC(17497) Using 4 of 24 workers for concurrent reset
[1368.643s][info][gc,ergo        ] GC(17497) Pacer for Reset. Non-Taxable: 128M
[1368.644s][info][gc             ] GC(17497) Concurrent reset 0.391ms
[1368.644s][info][gc,start       ] GC(17497) Pause Init Mark
[1368.644s][info][gc,task        ] GC(17497) Using 4 of 24 workers for init marking
[1368.646s][info][gc,ergo        ] GC(17497) Pacer for Mark. Expected Live: 11898K, Free: 42496K, Non-Taxable: 4249K, Alloc Tax Rate: 0.3x
[1368.646s][info][gc             ] GC(17497) Pause Init Mark 1.971ms
[1368.646s][info][gc,start       ] GC(17497) Concurrent marking
[1368.646s][info][gc,task        ] GC(17497) Using 4 of 24 workers for concurrent marking
[1368.712s][info][gc             ] GC(17497) Concurrent marking 65.854ms
[1368.712s][info][gc,start       ] GC(17497) Pause Final Mark
[1368.712s][info][gc,task        ] GC(17497) Using 4 of 24 workers for final marking
[1368.713s][info][gc,ergo        ] GC(17497) CSet Selection. Actual Free: 79360K, Max CSet: 59520K
[1368.713s][info][gc,ergo        ] GC(17497) Collectable Garbage: 70210K (99%), Immediate: 69888K (99%), CSet: 322K (0%)
[1368.713s][info][gc,ergo        ] GC(17497) Pacer for Evacuation. Used CSet: 512K, Free: 75776K, Non-Taxable: 7577K, Alloc Tax Rate: 1.1x
[1368.713s][info][gc             ] GC(17497) Pause Final Mark 1.542ms
[1368.713s][info][gc,start       ] GC(17497) Concurrent cleanup
[1368.723s][info][gc             ] GC(17497) Concurrent cleanup 114M->54M(128M) 9.535ms
[1368.723s][info][gc,ergo        ] GC(17497) Free: 66816K, Max: 256K regular, 43520K humongous, Frag: 35% external, 0% internal; Reserve: 6653K, Max: 256K
[1368.723s][info][gc,start       ] GC(17497) Concurrent evacuation
[1368.723s][info][gc,task        ] GC(17497) Using 4 of 24 workers for concurrent evacuation
[1368.723s][info][gc             ] GC(17497) Concurrent evacuation 0.419ms
[1368.724s][info][gc,start       ] GC(17497) Pause Init Update Refs
[1368.724s][info][gc,ergo        ] GC(17497) Pacer for Update Refs. Used: 55807K, Free: 66816K, Non-Taxable: 6681K, Alloc Tax Rate: 1.1x
[1368.724s][info][gc             ] GC(17497) Pause Init Update Refs 0.080ms
[1368.724s][info][gc,start       ] GC(17497) Concurrent update references
[1368.724s][info][gc,task        ] GC(17497) Using 4 of 24 workers for concurrent reference update
[1368.739s][info][gc             ] GC(17497) Concurrent update references 15.068ms
[1368.740s][info][gc,start       ] GC(17497) Pause Final Update Refs
[1368.740s][info][gc,task        ] GC(17497) Using 4 of 24 workers for final reference update
[1368.740s][info][gc             ] GC(17497) Pause Final Update Refs 0.272ms
[1368.740s][info][gc,start       ] GC(17497) Concurrent cleanup
[1368.740s][info][gc             ] GC(17497) Concurrent cleanup 76M->78M(128M) 0.157ms
[1368.740s][info][gc             ] GC(17497) Dat log --- cycle is complete
Current gc epoch: 9301
heap: ______
capacity: 134217728
used: 82837288
committed: 134217728
bytes_allocated_since_gc_start: 77071536
hot_size: 0
cold_size: 3192909
num_regions: 512
hot_region_count: 18446744073709538214
cold_region_count: 13403
histogram: Placeholder

[1368.740s][info][gc             ] GC(17497) Obj count ac histogram
[1368.740s][info][gc             ] GC(17497) 	0: 253842
[1368.740s][info][gc             ] GC(17497) 	1: 15
[1368.740s][info][gc             ] GC(17497) 	2: 2
[1368.740s][info][gc             ] GC(17497) 	3: 0
[1368.740s][info][gc             ] GC(17497) 	4: 0
[1368.740s][info][gc             ] GC(17497) 	5: 0
[1368.740s][info][gc             ] GC(17497) 	6: 0
[1368.740s][info][gc             ] GC(17497) 	7: 0
[1368.740s][info][gc             ] GC(17497) 	8: 0
[1368.740s][info][gc             ] GC(17497) 	9: 0
[1368.740s][info][gc             ] GC(17497) 	10: 0
[1368.740s][info][gc             ] GC(17497) 	11: 0
[1368.740s][info][gc             ] GC(17497) 	12: 0
[1368.740s][info][gc             ] GC(17497) 	13: 0
[1368.740s][info][gc             ] GC(17497) 	14: 0
[1368.740s][info][gc             ] GC(17497) 	15: 0
[1368.740s][info][gc             ] GC(17497) 	16: 0
[1368.740s][info][gc             ] GC(17497) 	17: 0
[1368.740s][info][gc             ] GC(17497) 	18: 0
[1368.740s][info][gc             ] GC(17497) 	19: 0
[1368.740s][info][gc             ] GC(17497) Obj size ac histogram
[1368.740s][info][gc             ] GC(17497) 	0: 2679905
[1368.740s][info][gc             ] GC(17497) 	1: 720
[1368.740s][info][gc             ] GC(17497) 	2: 14
[1368.741s][info][gc             ] GC(17497) 	3: 0
[1368.741s][info][gc             ] GC(17497) 	4: 0
[1368.741s][info][gc             ] GC(17497) 	5: 0
[1368.741s][info][gc             ] GC(17497) 	6: 0
[1368.741s][info][gc             ] GC(17497) 	7: 0
[1368.741s][info][gc             ] GC(17497) 	8: 0
[1368.741s][info][gc             ] GC(17497) 	9: 0
[1368.741s][info][gc             ] GC(17497) 	10: 0
[1368.741s][info][gc             ] GC(17497) 	11: 0
[1368.741s][info][gc             ] GC(17497) 	12: 0
[1368.741s][info][gc             ] GC(17497) 	13: 0
[1368.741s][info][gc             ] GC(17497) 	14: 0
[1368.741s][info][gc             ] GC(17497) 	15: 0
[1368.741s][info][gc             ] GC(17497) 	16: 0
[1368.741s][info][gc             ] GC(17497) 	17: 0
[1368.741s][info][gc             ] GC(17497) 	18: 0
[1368.741s][info][gc             ] GC(17497) 	19: 0
[1368.741s][info][gc,ergo        ] Free: 40448K, Max: 256K regular, 40192K humongous, Frag: 1% external, 13% internal; Reserve: 6656K, Max: 256K
[1368.741s][info][gc,stats       ] 
[1368.741s][info][gc,stats       ] All times are wall-clock times, except per-root-class counters, that are sum over
[1368.741s][info][gc,stats       ] all workers. Dividing the <total> over the root stage time estimates parallelism.
[1368.741s][info][gc,stats       ] 
[1368.741s][info][gc,stats       ] Concurrent Reset                    383 us
[1368.741s][info][gc,stats       ] Pause Init Mark (G)                2260 us
[1368.741s][info][gc,stats       ] Pause Init Mark (N)                1927 us
[1368.741s][info][gc,stats       ]   Accumulate Stats                    5 us
[1368.741s][info][gc,stats       ]   Make Parsable                      49 us
[1368.741s][info][gc,stats       ]   Update Region States                7 us
[1368.741s][info][gc,stats       ]   Scan Roots                       1355 us, parallelism: 1.96x
[1368.741s][info][gc,stats       ]     S: <total>                     2656 us
[1368.741s][info][gc,stats       ]     S: Thread Roots                 201 us, workers (us):  79, 119,   1,   1, ---, ---, ---, ---, ---, ---, ---, ---, ---, ---, ---, ---, ---, ---, ---, ---, ---, ---, ---, ---, 
[1368.741s][info][gc,stats       ]     S: Universe Roots                60 us, workers (us):  60, ---, ---, ---, ---, ---, ---, ---, ---, ---, ---, ---, ---, ---, ---, ---, ---, ---, ---, ---, ---, ---, ---, ---, 
[1368.741s][info][gc,stats       ]     S: JNI Handles Roots             24 us, workers (us): ---, ---,  24, ---, ---, ---, ---, ---, ---, ---, ---, ---, ---, ---, ---, ---, ---, ---, ---, ---, ---, ---, ---, ---, 
[1368.741s][info][gc,stats       ]     S: Synchronizer Roots             0 us, workers (us): ---,   0, ---, ---, ---, ---, ---, ---, ---, ---, ---, ---, ---, ---, ---, ---, ---, ---, ---, ---, ---, ---, ---, ---, 
[1368.741s][info][gc,stats       ]     S: Management Roots               1 us, workers (us): ---,   1, ---, ---, ---, ---, ---, ---, ---, ---, ---, ---, ---, ---, ---, ---, ---, ---, ---, ---, ---, ---, ---, ---, 
[1368.741s][info][gc,stats       ]     S: System Dict Roots             36 us, workers (us): ---,  36, ---, ---, ---, ---, ---, ---, ---, ---, ---, ---, ---, ---, ---, ---, ---, ---, ---, ---, ---, ---, ---, ---, 
[1368.741s][info][gc,stats       ]     S: CLDG Roots                  2334 us, workers (us): ---, ---, 1152, 1182, ---, ---, ---, ---, ---, ---, ---, ---, ---, ---, ---, ---, ---, ---, ---, ---, ---, ---, ---, ---, 
[1368.741s][info][gc,stats       ]     S: JVMTI Roots                    0 us, workers (us): ---, ---,   0, ---, ---, ---, ---, ---, ---, ---, ---, ---, ---, ---, ---, ---, ---, ---, ---, ---, ---, ---, ---, ---, 
[1368.741s][info][gc,stats       ]   Resize TLABs                       16 us
[1368.741s][info][gc,stats       ] Concurrent Marking                65821 us
[1368.741s][info][gc,stats       ] Pause Final Mark (G)               1734 us
[1368.741s][info][gc,stats       ] Pause Final Mark (N)               1490 us
[1368.741s][info][gc,stats       ]   Finish Queues                     167 us
[1368.741s][info][gc,stats       ]   System Purge                      365 us
[1368.741s][info][gc,stats       ]     Weak Roots                      364 us
[1368.741s][info][gc,stats       ]   Update Region States               22 us
[1368.741s][info][gc,stats       ]   Retire TLABs                       52 us
[1368.741s][info][gc,stats       ]   Choose Collection Set             333 us
[1368.741s][info][gc,stats       ]   Rebuild Free Set                   20 us
[1368.741s][info][gc,stats       ]   Initial Evacuation                505 us, parallelism: 2.16x
[1368.741s][info][gc,stats       ]     E: <total>                     1090 us
[1368.741s][info][gc,stats       ]     E: Thread Roots                  64 us, workers (us):   3,  27,  32,   2, ---, ---, ---, ---, ---, ---, ---, ---, ---, ---, ---, ---, ---, ---, ---, ---, ---, ---, ---, ---, 
[1368.741s][info][gc,stats       ]     E: Code Cache Roots             707 us, workers (us): 263, 236, 144,  64, ---, ---, ---, ---, ---, ---, ---, ---, ---, ---, ---, ---, ---, ---, ---, ---, ---, ---, ---, ---, 
[1368.741s][info][gc,stats       ]     E: Universe Roots                 4 us, workers (us):   4, ---, ---, ---, ---, ---, ---, ---, ---, ---, ---, ---, ---, ---, ---, ---, ---, ---, ---, ---, ---, ---, ---, ---, 
[1368.741s][info][gc,stats       ]     E: JNI Handles Roots              1 us, workers (us):   1, ---, ---, ---, ---, ---, ---, ---, ---, ---, ---, ---, ---, ---, ---, ---, ---, ---, ---, ---, ---, ---, ---, ---, 
[1368.741s][info][gc,stats       ]     E: Synchronizer Roots             0 us, workers (us):   0, ---, ---, ---, ---, ---, ---, ---, ---, ---, ---, ---, ---, ---, ---, ---, ---, ---, ---, ---, ---, ---, ---, ---, 
[1368.741s][info][gc,stats       ]     E: Management Roots               2 us, workers (us):   2, ---, ---, ---, ---, ---, ---, ---, ---, ---, ---, ---, ---, ---, ---, ---, ---, ---, ---, ---, ---, ---, ---, ---, 
[1368.741s][info][gc,stats       ]     E: System Dict Roots              7 us, workers (us):   7, ---, ---, ---, ---, ---, ---, ---, ---, ---, ---, ---, ---, ---, ---, ---, ---, ---, ---, ---, ---, ---, ---, ---, 
[1368.741s][info][gc,stats       ]     E: CLDG Roots                   304 us, workers (us): ---, ---,  92, 212, ---, ---, ---, ---, ---, ---, ---, ---, ---, ---, ---, ---, ---, ---, ---, ---, ---, ---, ---, ---, 
[1368.741s][info][gc,stats       ]     E: JVMTI Roots                    0 us, workers (us):   0, ---, ---, ---, ---, ---, ---, ---, ---, ---, ---, ---, ---, ---, ---, ---, ---, ---, ---, ---, ---, ---, ---, ---, 
[1368.741s][info][gc,stats       ] Concurrent Cleanup                 9502 us
[1368.741s][info][gc,stats       ] Concurrent Evacuation               414 us
[1368.741s][info][gc,stats       ] Pause Init  Update Refs (G)         284 us
[1368.741s][info][gc,stats       ] Pause Init  Update Refs (N)          40 us
[1368.741s][info][gc,stats       ]   Retire GCLABs                      18 us
[1368.741s][info][gc,stats       ] Concurrent Update Refs            15052 us
[1368.741s][info][gc,stats       ] Pause Final Update Refs (G)        1365 us
[1368.741s][info][gc,stats       ] Pause Final Update Refs (N)         220 us
[1368.741s][info][gc,stats       ]   Update Roots                      165 us, parallelism: 0.96x
[1368.741s][info][gc,stats       ]     UR: <total>                     159 us
[1368.741s][info][gc,stats       ]     UR: Thread Roots                159 us, workers (us):  52,  28,  22,  57, ---, ---, ---, ---, ---, ---, ---, ---, ---, ---, ---, ---, ---, ---, ---, ---, ---, ---, ---, ---, 
[1368.741s][info][gc,stats       ]   Update Region States               10 us
[1368.741s][info][gc,stats       ]   Trash Collection Set                6 us
[1368.741s][info][gc,stats       ]   Rebuild Free Set                   16 us
[1368.741s][info][gc,stats       ] Concurrent Cleanup                  128 us
[1368.741s][info][gc,stats       ] Pacing                            80056 us
[1368.741s][info][gc,stats       ] 
[1368.741s][info][gc,stats       ] Allocation pacing accrued:
[1368.741s][info][gc,stats       ]      80 of    99 ms ( 80.8%): pl.nadoba.jvm.gc.benchmark.App.main()
[1368.741s][info][gc,stats       ]      80 of    99 ms ( 80.8%): <total>
[1368.741s][info][gc,stats       ]       8 of    99 ms (  8.1%): <average total>
[1368.741s][info][gc,stats       ]      80 of    99 ms ( 80.8%): <average non-zero>
[1368.741s][info][gc,stats       ] 
[1368.741s][info][gc,metaspace   ] Metaspace: 24233K->24233K(1071104K)
[1368.741s][info][gc,ergo        ] Pacer for Idle. Initial: 2621K, Alloc Tax Rate: 1.0x
[1368.742s][info][gc             ] Trigger: Allocated since last cycle (84737K) is larger than allocation threshold (13107K)
[1368.742s][info][gc,ergo        ] Free: 30976K, Max: 256K regular, 30720K humongous, Frag: 1% external, 17% internal; Reserve: 6656K, Max: 256K
[1368.742s][info][gc,start       ] GC(17498) Concurrent reset
[1368.742s][info][gc,task        ] GC(17498) Using 4 of 24 workers for concurrent reset
[1368.742s][info][gc,ergo        ] GC(17498) Pacer for Reset. Non-Taxable: 128M
[1368.743s][info][gc             ] GC(17498) Concurrent reset 0.465ms
[1368.743s][info][gc,start       ] GC(17498) Pause Init Mark
[1368.743s][info][gc,task        ] GC(17498) Using 4 of 24 workers for init marking
[1368.746s][info][gc,ergo        ] GC(17498) Pacer for Mark. Expected Live: 11898K, Free: 29696K, Non-Taxable: 2969K, Alloc Tax Rate: 0.5x
[1368.746s][info][gc             ] GC(17498) Pause Init Mark 2.744ms
[1368.746s][info][gc,start       ] GC(17498) Concurrent marking
[1368.746s][info][gc,task        ] GC(17498) Using 4 of 24 workers for concurrent marking
[1368.809s][info][gc             ] GC(17498) Concurrent marking 62.941ms
[1368.809s][info][gc,start       ] GC(17498) Pause Final Mark
[1368.809s][info][gc,task        ] GC(17498) Using 4 of 24 workers for final marking
[1368.810s][info][gc,ergo        ] GC(17498) CSet Selection. Actual Free: 92416K, Max CSet: 69312K
[1368.810s][info][gc,ergo        ] GC(17498) Collectable Garbage: 81474K (99%), Immediate: 81152K (99%), CSet: 322K (0%)
[1368.810s][info][gc,ergo        ] GC(17498) Pacer for Evacuation. Used CSet: 512K, Free: 89088K, Non-Taxable: 8908K, Alloc Tax Rate: 1.1x
[1368.810s][info][gc             ] GC(17498) Pause Final Mark 1.542ms
[1368.811s][info][gc,start       ] GC(17498) Concurrent cleanup
[1368.823s][info][gc             ] GC(17498) Concurrent cleanup 112M->43M(128M) 11.976ms
[1368.823s][info][gc,ergo        ] GC(17498) Free: 78080K, Max: 256K regular, 71424K humongous, Frag: 9% external, 0% internal; Reserve: 6651K, Max: 256K
[1368.823s][info][gc,start       ] GC(17498) Concurrent evacuation
[1368.823s][info][gc,task        ] GC(17498) Using 4 of 24 workers for concurrent evacuation
[1368.824s][info][gc             ] GC(17498) Concurrent evacuation 1.036ms
[1368.824s][info][gc,start       ] GC(17498) Pause Init Update Refs
[1368.824s][info][gc,ergo        ] GC(17498) Pacer for Update Refs. Used: 44543K, Free: 78080K, Non-Taxable: 7808K, Alloc Tax Rate: 1.1x
[1368.824s][info][gc             ] GC(17498) Pause Init Update Refs 0.082ms
[1368.824s][info][gc,start       ] GC(17498) Concurrent update references
[1368.824s][info][gc,task        ] GC(17498) Using 4 of 24 workers for concurrent reference update
[1368.840s][info][gc             ] GC(17498) Concurrent update references 16.410ms
[1368.840s][info][gc,start       ] GC(17498) Pause Final Update Refs
[1368.841s][info][gc,task        ] GC(17498) Using 4 of 24 workers for final reference update
[1368.841s][info][gc             ] GC(17498) Pause Final Update Refs 0.274ms
[1368.841s][info][gc,start       ] GC(17498) Concurrent cleanup
[1368.841s][info][gc             ] GC(17498) Concurrent cleanup 62M->61M(128M) 0.097ms
[1368.841s][info][gc             ] GC(17498) Dat log --- cycle is complete
Current gc epoch: 9302
heap: ______
capacity: 134217728
used: 65011560
committed: 134217728
bytes_allocated_since_gc_start: 59770032
hot_size: 0
cold_size: 2406481
num_regions: 512
hot_region_count: 18446744073709538213
cold_region_count: 13404
histogram: Placeholder

[1368.841s][info][gc             ] GC(17498) Obj count ac histogram
[1368.841s][info][gc             ] GC(17498) 	0: 249823
[1368.841s][info][gc             ] GC(17498) 	1: 15
[1368.841s][info][gc             ] GC(17498) 	2: 2
[1368.841s][info][gc             ] GC(17498) 	3: 0
[1368.841s][info][gc             ] GC(17498) 	4: 0
[1368.841s][info][gc             ] GC(17498) 	5: 0
[1368.841s][info][gc             ] GC(17498) 	6: 0
[1368.841s][info][gc             ] GC(17498) 	7: 0
[1368.841s][info][gc             ] GC(17498) 	8: 0
[1368.841s][info][gc             ] GC(17498) 	9: 0
[1368.841s][info][gc             ] GC(17498) 	10: 0
[1368.841s][info][gc             ] GC(17498) 	11: 0
[1368.841s][info][gc             ] GC(17498) 	12: 0
[1368.841s][info][gc             ] GC(17498) 	13: 0
[1368.841s][info][gc             ] GC(17498) 	14: 0
[1368.841s][info][gc             ] GC(17498) 	15: 0
[1368.841s][info][gc             ] GC(17498) 	16: 0
[1368.841s][info][gc             ] GC(17498) 	17: 0
[1368.841s][info][gc             ] GC(17498) 	18: 0
[1368.841s][info][gc             ] GC(17498) 	19: 0
[1368.841s][info][gc             ] GC(17498) Obj size ac histogram
[1368.841s][info][gc             ] GC(17498) 	0: 1797259
[1368.841s][info][gc             ] GC(17498) 	1: 720
[1368.841s][info][gc             ] GC(17498) 	2: 14
[1368.841s][info][gc             ] GC(17498) 	3: 0
[1368.841s][info][gc             ] GC(17498) 	4: 0
[1368.841s][info][gc             ] GC(17498) 	5: 0
[1368.841s][info][gc             ] GC(17498) 	6: 0
[1368.841s][info][gc             ] GC(17498) 	7: 0
[1368.841s][info][gc             ] GC(17498) 	8: 0
[1368.841s][info][gc             ] GC(17498) 	9: 0
[1368.841s][info][gc             ] GC(17498) 	10: 0
[1368.841s][info][gc             ] GC(17498) 	11: 0
[1368.841s][info][gc             ] GC(17498) 	12: 0
[1368.841s][info][gc             ] GC(17498) 	13: 0
[1368.841s][info][gc             ] GC(17498) 	14: 0
[1368.841s][info][gc             ] GC(17498) 	15: 0
[1368.841s][info][gc             ] GC(17498) 	16: 0
[1368.841s][info][gc             ] GC(17498) 	17: 0
[1368.841s][info][gc             ] GC(17498) 	18: 0
[1368.841s][info][gc             ] GC(17498) 	19: 0
[1368.841s][info][gc,ergo        ] Free: 57344K, Max: 256K regular, 51712K humongous, Frag: 10% external, 10% internal; Reserve: 6656K, Max: 256K
[1368.841s][info][gc,stats       ] 
[1368.841s][info][gc,stats       ] All times are wall-clock times, except per-root-class counters, that are sum over
[1368.841s][info][gc,stats       ] all workers. Dividing the <total> over the root stage time estimates parallelism.
[1368.841s][info][gc,stats       ] 
[1368.841s][info][gc,stats       ] Concurrent Reset                    455 us
[1368.841s][info][gc,stats       ] Pause Init Mark (G)                3095 us
[1368.841s][info][gc,stats       ] Pause Init Mark (N)                2700 us
[1368.841s][info][gc,stats       ]   Accumulate Stats                    6 us
[1368.841s][info][gc,stats       ]   Make Parsable                      48 us
[1368.841s][info][gc,stats       ]   Update Region States                7 us
[1368.841s][info][gc,stats       ]   Scan Roots                       2155 us, parallelism: 1.69x
[1368.841s][info][gc,stats       ]     S: <total>                     3643 us
[1368.841s][info][gc,stats       ]     S: Thread Roots                 288 us, workers (us): 168,   2, 118,   1, ---, ---, ---, ---, ---, ---, ---, ---, ---, ---, ---, ---, ---, ---, ---, ---, ---, ---, ---, ---, 
[1368.841s][info][gc,stats       ]     S: Universe Roots                13 us, workers (us):  13, ---, ---, ---, ---, ---, ---, ---, ---, ---, ---, ---, ---, ---, ---, ---, ---, ---, ---, ---, ---, ---, ---, ---, 
[1368.841s][info][gc,stats       ]     S: JNI Handles Roots             36 us, workers (us): ---, ---,  36, ---, ---, ---, ---, ---, ---, ---, ---, ---, ---, ---, ---, ---, ---, ---, ---, ---, ---, ---, ---, ---, 
[1368.841s][info][gc,stats       ]     S: Synchronizer Roots             0 us, workers (us):   0, ---, ---, ---, ---, ---, ---, ---, ---, ---, ---, ---, ---, ---, ---, ---, ---, ---, ---, ---, ---, ---, ---, ---, 
[1368.841s][info][gc,stats       ]     S: Management Roots               1 us, workers (us):   1, ---, ---, ---, ---, ---, ---, ---, ---, ---, ---, ---, ---, ---, ---, ---, ---, ---, ---, ---, ---, ---, ---, ---, 
[1368.841s][info][gc,stats       ]     S: System Dict Roots             11 us, workers (us):  11, ---, ---, ---, ---, ---, ---, ---, ---, ---, ---, ---, ---, ---, ---, ---, ---, ---, ---, ---, ---, ---, ---, ---, 
[1368.841s][info][gc,stats       ]     S: CLDG Roots                  3293 us, workers (us): ---, 1964, ---, 1329, ---, ---, ---, ---, ---, ---, ---, ---, ---, ---, ---, ---, ---, ---, ---, ---, ---, ---, ---, ---, 
[1368.841s][info][gc,stats       ]     S: JVMTI Roots                    1 us, workers (us): ---,   1, ---, ---, ---, ---, ---, ---, ---, ---, ---, ---, ---, ---, ---, ---, ---, ---, ---, ---, ---, ---, ---, ---, 
[1368.841s][info][gc,stats       ]   Resize TLABs                        7 us
[1368.841s][info][gc,stats       ] Concurrent Marking                62889 us
[1368.841s][info][gc,stats       ] Pause Final Mark (G)               1719 us
[1368.841s][info][gc,stats       ] Pause Final Mark (N)               1501 us
[1368.841s][info][gc,stats       ]   Finish Queues                     155 us
[1368.841s][info][gc,stats       ]   System Purge                      352 us
[1368.841s][info][gc,stats       ]     Weak Roots                      351 us
[1368.841s][info][gc,stats       ]   Update Region States               18 us
[1368.841s][info][gc,stats       ]   Retire TLABs                       68 us
[1368.841s][info][gc,stats       ]   Choose Collection Set             340 us
[1368.841s][info][gc,stats       ]   Rebuild Free Set                   20 us
[1368.841s][info][gc,stats       ]   Initial Evacuation                522 us, parallelism: 2.18x
[1368.841s][info][gc,stats       ]     E: <total>                     1136 us
[1368.841s][info][gc,stats       ]     E: Thread Roots                  68 us, workers (us):  35,  29,   2,   2, ---, ---, ---, ---, ---, ---, ---, ---, ---, ---, ---, ---, ---, ---, ---, ---, ---, ---, ---, ---, 
[1368.841s][info][gc,stats       ]     E: Code Cache Roots             722 us, workers (us): 222, 146, 282,  72, ---, ---, ---, ---, ---, ---, ---, ---, ---, ---, ---, ---, ---, ---, ---, ---, ---, ---, ---, ---, 
[1368.841s][info][gc,stats       ]     E: Universe Roots                14 us, workers (us):  14, ---, ---, ---, ---, ---, ---, ---, ---, ---, ---, ---, ---, ---, ---, ---, ---, ---, ---, ---, ---, ---, ---, ---, 
[1368.841s][info][gc,stats       ]     E: JNI Handles Roots              1 us, workers (us):   1, ---, ---, ---, ---, ---, ---, ---, ---, ---, ---, ---, ---, ---, ---, ---, ---, ---, ---, ---, ---, ---, ---, ---, 
[1368.841s][info][gc,stats       ]     E: Synchronizer Roots             0 us, workers (us): ---,   0, ---, ---, ---, ---, ---, ---, ---, ---, ---, ---, ---, ---, ---, ---, ---, ---, ---, ---, ---, ---, ---, ---, 
[1368.841s][info][gc,stats       ]     E: Management Roots              13 us, workers (us): ---,  13, ---, ---, ---, ---, ---, ---, ---, ---, ---, ---, ---, ---, ---, ---, ---, ---, ---, ---, ---, ---, ---, ---, 
[1368.841s][info][gc,stats       ]     E: System Dict Roots              4 us, workers (us): ---,   4, ---, ---, ---, ---, ---, ---, ---, ---, ---, ---, ---, ---, ---, ---, ---, ---, ---, ---, ---, ---, ---, ---, 
[1368.841s][info][gc,stats       ]     E: CLDG Roots                   314 us, workers (us): ---,  98, ---, 217, ---, ---, ---, ---, ---, ---, ---, ---, ---, ---, ---, ---, ---, ---, ---, ---, ---, ---, ---, ---, 
[1368.841s][info][gc,stats       ]     E: JVMTI Roots                    0 us, workers (us):   0, ---, ---, ---, ---, ---, ---, ---, ---, ---, ---, ---, ---, ---, ---, ---, ---, ---, ---, ---, ---, ---, ---, ---, 
[1368.841s][info][gc,stats       ] Concurrent Cleanup                11943 us
[1368.841s][info][gc,stats       ] Concurrent Evacuation              1031 us
[1368.841s][info][gc,stats       ] Pause Init  Update Refs (G)         283 us
[1368.841s][info][gc,stats       ] Pause Init  Update Refs (N)          40 us
[1368.841s][info][gc,stats       ]   Retire GCLABs                      19 us
[1368.841s][info][gc,stats       ] Concurrent Update Refs            16368 us
[1368.841s][info][gc,stats       ] Pause Final Update Refs (G)         495 us
[1368.841s][info][gc,stats       ] Pause Final Update Refs (N)         232 us
[1368.841s][info][gc,stats       ]   Update Roots                      171 us, parallelism: 1.17x
[1368.841s][info][gc,stats       ]     UR: <total>                     201 us
[1368.841s][info][gc,stats       ]     UR: Thread Roots                201 us, workers (us):  79,  54,  25,  42, ---, ---, ---, ---, ---, ---, ---, ---, ---, ---, ---, ---, ---, ---, ---, ---, ---, ---, ---, ---, 
[1368.841s][info][gc,stats       ]   Update Region States               16 us
[1368.841s][info][gc,stats       ]   Trash Collection Set                6 us
[1368.841s][info][gc,stats       ]   Rebuild Free Set                   18 us
[1368.841s][info][gc,stats       ] Concurrent Cleanup                   84 us
[1368.841s][info][gc,stats       ] Pacing                            81129 us
[1368.841s][info][gc,stats       ] 
[1368.841s][info][gc,stats       ] Allocation pacing accrued:
[1368.841s][info][gc,stats       ]      81 of   100 ms ( 80.9%): pl.nadoba.jvm.gc.benchmark.App.main()
[1368.841s][info][gc,stats       ]      81 of   100 ms ( 80.9%): <total>
[1368.841s][info][gc,stats       ]       8 of   100 ms (  8.1%): <average total>
[1368.841s][info][gc,stats       ]      81 of   100 ms ( 80.9%): <average non-zero>
[1368.841s][info][gc,stats       ] 
[1368.841s][info][gc,metaspace   ] Metaspace: 24233K->24233K(1071104K)
[1368.841s][info][gc,ergo        ] Pacer for Idle. Initial: 2621K, Alloc Tax Rate: 1.0x
[1368.842s][info][gc             ] Trigger: Allocated since last cycle (58369K) is larger than allocation threshold (13107K)
[1368.842s][info][gc,ergo        ] Free: 57344K, Max: 256K regular, 51712K humongous, Frag: 10% external, 10% internal; Reserve: 6656K, Max: 256K
[1368.843s][info][gc,start       ] GC(17499) Concurrent reset
[1368.843s][info][gc,task        ] GC(17499) Using 4 of 24 workers for concurrent reset
[1368.843s][info][gc,ergo        ] GC(17499) Pacer for Reset. Non-Taxable: 128M
[1368.843s][info][gc             ] GC(17499) Concurrent reset 0.386ms
[1368.843s][info][gc,start       ] GC(17499) Pause Init Mark (unload classes)
[1368.843s][info][gc,task        ] GC(17499) Using 4 of 24 workers for init marking
[1368.844s][info][gc,ergo        ] GC(17499) Pacer for Mark. Expected Live: 10465K, Free: 57344K, Non-Taxable: 5734K, Alloc Tax Rate: 0.2x
[1368.844s][info][gc             ] GC(17499) Pause Init Mark (unload classes) 1.289ms
[1368.844s][info][gc,start       ] GC(17499) Concurrent marking (unload classes)
[1368.845s][info][gc,task        ] GC(17499) Using 4 of 24 workers for concurrent marking
[1368.911s][info][gc             ] GC(17499) Concurrent marking (unload classes) 66.380ms
[1368.913s][info][gc,start       ] GC(17499) Pause Final Mark (unload classes)
[1368.913s][info][gc,task        ] GC(17499) Using 4 of 24 workers for final marking
[1368.973s][info][gc,stringtable ] GC(17499) Cleaned string and symbol table, strings: 8172 processed, 0 removed, symbols: 67999 processed, 0 removed
[1368.973s][info][gc,ergo        ] GC(17499) CSet Selection. Actual Free: 79360K, Max CSet: 59520K
[1368.973s][info][gc,ergo        ] GC(17499) Collectable Garbage: 54850K (99%), Immediate: 54528K (99%), CSet: 322K (0%)
[1368.974s][info][gc,ergo        ] GC(17499) Pacer for Evacuation. Used CSet: 512K, Free: 76288K, Non-Taxable: 7628K, Alloc Tax Rate: 1.1x
[1368.974s][info][gc             ] GC(17499) Pause Final Mark (unload classes) 60.674ms
[1368.974s][info][gc,start       ] GC(17499) Concurrent cleanup
[1368.983s][info][gc             ] GC(17499) Concurrent cleanup 98M->51M(128M) 8.861ms
[1368.983s][info][gc,ergo        ] GC(17499) Free: 69376K, Max: 256K regular, 43520K humongous, Frag: 38% external, 0% internal; Reserve: 6651K, Max: 256K
[1368.983s][info][gc,start       ] GC(17499) Concurrent evacuation
[1368.983s][info][gc,task        ] GC(17499) Using 4 of 24 workers for concurrent evacuation
[1368.984s][info][gc             ] GC(17499) Concurrent evacuation 1.099ms
[1368.984s][info][gc,start       ] GC(17499) Pause Init Update Refs
[1368.984s][info][gc,ergo        ] GC(17499) Pacer for Update Refs. Used: 52735K, Free: 69376K, Non-Taxable: 6937K, Alloc Tax Rate: 1.1x
[1368.984s][info][gc             ] GC(17499) Pause Init Update Refs 0.084ms
[1368.984s][info][gc,start       ] GC(17499) Concurrent update references
[1368.984s][info][gc,task        ] GC(17499) Using 4 of 24 workers for concurrent reference update
[1368.999s][info][gc             ] GC(17499) Concurrent update references 14.879ms
[1369.000s][info][gc,start       ] GC(17499) Pause Final Update Refs
[1369.000s][info][gc,task        ] GC(17499) Using 4 of 24 workers for final reference update
[1369.000s][info][gc             ] GC(17499) Pause Final Update Refs 0.254ms
[1369.000s][info][gc,start       ] GC(17499) Concurrent cleanup
[1369.000s][info][gc             ] GC(17499) Concurrent cleanup 61M->60M(128M) 0.139ms
[1369.000s][info][gc             ] GC(17499) Dat log --- cycle is complete
Current gc epoch: 9303
heap: ______
capacity: 134217728
used: 63962952
committed: 134217728
bytes_allocated_since_gc_start: 58459312
hot_size: 0
cold_size: 2479494
num_regions: 512
hot_region_count: 18446744073709538212
cold_region_count: 13405
histogram: Placeholder

[1369.000s][info][gc             ] GC(17499) Obj count ac histogram
[1369.000s][info][gc             ] GC(17499) 	0: 250310
[1369.000s][info][gc             ] GC(17499) 	1: 15
[1369.000s][info][gc             ] GC(17499) 	2: 2
[1369.000s][info][gc             ] GC(17499) 	3: 0
[1369.000s][info][gc             ] GC(17499) 	4: 0
[1369.000s][info][gc             ] GC(17499) 	5: 0
[1369.000s][info][gc             ] GC(17499) 	6: 0
[1369.000s][info][gc             ] GC(17499) 	7: 0
[1369.000s][info][gc             ] GC(17499) 	8: 0
[1369.000s][info][gc             ] GC(17499) 	9: 0
[1369.000s][info][gc             ] GC(17499) 	10: 0
[1369.000s][info][gc             ] GC(17499) 	11: 0
[1369.000s][info][gc             ] GC(17499) 	12: 0
[1369.000s][info][gc             ] GC(17499) 	13: 0
[1369.000s][info][gc             ] GC(17499) 	14: 0
[1369.000s][info][gc             ] GC(17499) 	15: 0
[1369.000s][info][gc             ] GC(17499) 	16: 0
[1369.000s][info][gc             ] GC(17499) 	17: 0
[1369.000s][info][gc             ] GC(17499) 	18: 0
[1369.000s][info][gc             ] GC(17499) 	19: 0
[1369.000s][info][gc             ] GC(17499) Obj size ac histogram
[1369.000s][info][gc             ] GC(17499) 	0: 2037329
[1369.000s][info][gc             ] GC(17499) 	1: 720
[1369.000s][info][gc             ] GC(17499) 	2: 14
[1369.000s][info][gc             ] GC(17499) 	3: 0
[1369.000s][info][gc             ] GC(17499) 	4: 0
[1369.000s][info][gc             ] GC(17499) 	5: 0
[1369.000s][info][gc             ] GC(17499) 	6: 0
[1369.000s][info][gc             ] GC(17499) 	7: 0
[1369.000s][info][gc             ] GC(17499) 	8: 0
[1369.000s][info][gc             ] GC(17499) 	9: 0
[1369.000s][info][gc             ] GC(17499) 	10: 0
[1369.000s][info][gc             ] GC(17499) 	11: 0
[1369.000s][info][gc             ] GC(17499) 	12: 0
[1369.000s][info][gc             ] GC(17499) 	13: 0
[1369.000s][info][gc             ] GC(17499) 	14: 0
[1369.000s][info][gc             ] GC(17499) 	15: 0
[1369.000s][info][gc             ] GC(17499) 	16: 0
[1369.000s][info][gc             ] GC(17499) 	17: 0
[1369.000s][info][gc             ] GC(17499) 	18: 0
[1369.000s][info][gc             ] GC(17499) 	19: 0
[1369.000s][info][gc,ergo        ] Free: 58624K, Max: 256K regular, 43520K humongous, Frag: 26% external, 9% internal; Reserve: 6656K, Max: 256K
[1369.000s][info][gc,stats       ] 
[1369.000s][info][gc,stats       ] All times are wall-clock times, except per-root-class counters, that are sum over
[1369.000s][info][gc,stats       ] all workers. Dividing the <total> over the root stage time estimates parallelism.
[1369.000s][info][gc,stats       ] 
[1369.000s][info][gc,stats       ] Concurrent Reset                    371 us
[1369.000s][info][gc,stats       ] Pause Init Mark (G)                1555 us
[1369.000s][info][gc,stats       ] Pause Init Mark (N)                1249 us
[1369.000s][info][gc,stats       ]   Accumulate Stats                    6 us
[1369.001s][info][gc,stats       ]   Make Parsable                      48 us
[1369.001s][info][gc,stats       ]   Update Region States                7 us
[1369.001s][info][gc,stats       ]   Scan Roots                        713 us, parallelism: 1.56x
[1369.001s][info][gc,stats       ]     S: <total>                     1115 us
[1369.001s][info][gc,stats       ]     S: Thread Roots                 394 us, workers (us): 209,   1, 109,  76, ---, ---, ---, ---, ---, ---, ---, ---, ---, ---, ---, ---, ---, ---, ---, ---, ---, ---, ---, ---, 
[1369.001s][info][gc,stats       ]     S: Universe Roots                24 us, workers (us):  24, ---, ---, ---, ---, ---, ---, ---, ---, ---, ---, ---, ---, ---, ---, ---, ---, ---, ---, ---, ---, ---, ---, ---, 
[1369.001s][info][gc,stats       ]     S: JNI Handles Roots             26 us, workers (us): ---, ---, ---,  26, ---, ---, ---, ---, ---, ---, ---, ---, ---, ---, ---, ---, ---, ---, ---, ---, ---, ---, ---, ---, 
[1369.001s][info][gc,stats       ]     S: Synchronizer Roots             0 us, workers (us): ---,   0, ---, ---, ---, ---, ---, ---, ---, ---, ---, ---, ---, ---, ---, ---, ---, ---, ---, ---, ---, ---, ---, ---, 
[1369.001s][info][gc,stats       ]     S: Management Roots              18 us, workers (us): ---,  18, ---, ---, ---, ---, ---, ---, ---, ---, ---, ---, ---, ---, ---, ---, ---, ---, ---, ---, ---, ---, ---, ---, 
[1369.001s][info][gc,stats       ]     S: System Dict Roots             61 us, workers (us): ---, ---,  61, ---, ---, ---, ---, ---, ---, ---, ---, ---, ---, ---, ---, ---, ---, ---, ---, ---, ---, ---, ---, ---, 
[1369.001s][info][gc,stats       ]     S: CLDG Roots                   592 us, workers (us):   8, 584, ---, ---, ---, ---, ---, ---, ---, ---, ---, ---, ---, ---, ---, ---, ---, ---, ---, ---, ---, ---, ---, ---, 
[1369.001s][info][gc,stats       ]     S: JVMTI Roots                    1 us, workers (us): ---, ---, ---,   1, ---, ---, ---, ---, ---, ---, ---, ---, ---, ---, ---, ---, ---, ---, ---, ---, ---, ---, ---, ---, 
[1369.001s][info][gc,stats       ]   Resize TLABs                        5 us
[1369.001s][info][gc,stats       ] Concurrent Marking                66331 us
[1369.001s][info][gc,stats       ] Pause Final Mark (G)              63152 us
[1369.001s][info][gc,stats       ] Pause Final Mark (N)              60628 us
[1369.001s][info][gc,stats       ]   Finish Queues                     154 us
[1369.001s][info][gc,stats       ]   System Purge                      405 us
[1369.001s][info][gc,stats       ]     Unload Classes                   92 us
[1369.001s][info][gc,stats       ]     Cleanup                       58940 us, parallelism: 1.36x
[1369.001s][info][gc,stats       ]       CU: <total>                 80003 us
[1369.001s][info][gc,stats       ]       CU: Code Cache Roots        64299 us, workers (us): 16019, 16186, 16040, 16054, ---, ---, ---, ---, ---, ---, ---, ---, ---, ---, ---, ---, ---, ---, ---, ---, ---, ---, ---, ---, 
[1369.001s][info][gc,stats       ]       CU: Code Cache Cleaning      4152 us, workers (us): 1022, 1047, 1040, 1043, ---, ---, ---, ---, ---, ---, ---, ---, ---, ---, ---, ---, ---, ---, ---, ---, ---, ---, ---, ---, 
[1369.001s][info][gc,stats       ]       CU: String Table Roots       3750 us, workers (us): 1009, 829, 963, 948, ---, ---, ---, ---, ---, ---, ---, ---, ---, ---, ---, ---, ---, ---, ---, ---, ---, ---, ---, ---, 
[1369.001s][info][gc,stats       ]       CU: Resolved Table Roots       19 us, workers (us):  19,   0,   0,   0, ---, ---, ---, ---, ---, ---, ---, ---, ---, ---, ---, ---, ---, ---, ---, ---, ---, ---, ---, ---, 
[1369.001s][info][gc,stats       ]       CU: CLDG Roots               7782 us, workers (us): 1917, 1947, 1956, 1962, ---, ---, ---, ---, ---, ---, ---, ---, ---, ---, ---, ---, ---, ---, ---, ---, ---, ---, ---, ---, 
[1369.001s][info][gc,stats       ]     Weak Roots                      404 us
[1369.001s][info][gc,stats       ]     CLDG                              1 us
[1369.001s][info][gc,stats       ]   Update Region States               14 us
[1369.001s][info][gc,stats       ]   Retire TLABs                       40 us
[1369.001s][info][gc,stats       ]   Choose Collection Set             152 us
[1369.001s][info][gc,stats       ]   Rebuild Free Set                    7 us
[1369.001s][info][gc,stats       ]   Initial Evacuation                621 us, parallelism: 2.37x
[1369.001s][info][gc,stats       ]     E: <total>                     1474 us
[1369.001s][info][gc,stats       ]     E: Thread Roots                 117 us, workers (us):  55,  58,   2,   2, ---, ---, ---, ---, ---, ---, ---, ---, ---, ---, ---, ---, ---, ---, ---, ---, ---, ---, ---, ---, 
[1369.001s][info][gc,stats       ]     E: Code Cache Roots             980 us, workers (us): 324, 149, 164, 343, ---, ---, ---, ---, ---, ---, ---, ---, ---, ---, ---, ---, ---, ---, ---, ---, ---, ---, ---, ---, 
[1369.001s][info][gc,stats       ]     E: Universe Roots                 3 us, workers (us):   3, ---, ---, ---, ---, ---, ---, ---, ---, ---, ---, ---, ---, ---, ---, ---, ---, ---, ---, ---, ---, ---, ---, ---, 
[1369.001s][info][gc,stats       ]     E: JNI Handles Roots              1 us, workers (us):   1, ---, ---, ---, ---, ---, ---, ---, ---, ---, ---, ---, ---, ---, ---, ---, ---, ---, ---, ---, ---, ---, ---, ---, 
[1369.001s][info][gc,stats       ]     E: Synchronizer Roots             0 us, workers (us):   0, ---, ---, ---, ---, ---, ---, ---, ---, ---, ---, ---, ---, ---, ---, ---, ---, ---, ---, ---, ---, ---, ---, ---, 
[1369.001s][info][gc,stats       ]     E: Management Roots               1 us, workers (us):   1, ---, ---, ---, ---, ---, ---, ---, ---, ---, ---, ---, ---, ---, ---, ---, ---, ---, ---, ---, ---, ---, ---, ---, 
[1369.001s][info][gc,stats       ]     E: System Dict Roots              7 us, workers (us):   7, ---, ---, ---, ---, ---, ---, ---, ---, ---, ---, ---, ---, ---, ---, ---, ---, ---, ---, ---, ---, ---, ---, ---, 
[1369.001s][info][gc,stats       ]     E: CLDG Roots                   366 us, workers (us): ---, 155, 211, ---, ---, ---, ---, ---, ---, ---, ---, ---, ---, ---, ---, ---, ---, ---, ---, ---, ---, ---, ---, ---, 
[1369.001s][info][gc,stats       ]     E: JVMTI Roots                    0 us, workers (us):   0, ---, ---, ---, ---, ---, ---, ---, ---, ---, ---, ---, ---, ---, ---, ---, ---, ---, ---, ---, ---, ---, ---, ---, 
[1369.001s][info][gc,stats       ] Concurrent Cleanup                 8824 us
[1369.001s][info][gc,stats       ] Concurrent Evacuation              1084 us
[1369.001s][info][gc,stats       ] Pause Init  Update Refs (G)         332 us
[1369.001s][info][gc,stats       ] Pause Init  Update Refs (N)          42 us
[1369.001s][info][gc,stats       ]   Retire GCLABs                      21 us
[1369.001s][info][gc,stats       ] Concurrent Update Refs            14855 us
[1369.001s][info][gc,stats       ] Pause Final Update Refs (G)         504 us
[1369.001s][info][gc,stats       ] Pause Final Update Refs (N)         212 us
[1369.001s][info][gc,stats       ]   Update Roots                      148 us, parallelism: 1.16x
[1369.001s][info][gc,stats       ]     UR: <total>                     172 us
[1369.001s][info][gc,stats       ]     UR: Thread Roots                172 us, workers (us):  61,  49,  27,  34, ---, ---, ---, ---, ---, ---, ---, ---, ---, ---, ---, ---, ---, ---, ---, ---, ---, ---, ---, ---, 
[1369.001s][info][gc,stats       ]   Update Region States               16 us
[1369.001s][info][gc,stats       ]   Trash Collection Set                7 us
[1369.001s][info][gc,stats       ]   Rebuild Free Set                   18 us
[1369.001s][info][gc,stats       ] Concurrent Cleanup                  111 us
[1369.001s][info][gc,stats       ] Pacing                            87382 us
[1369.001s][info][gc,stats       ] 
[1369.001s][info][gc,stats       ] Allocation pacing accrued:
[1369.001s][info][gc,stats       ]      87 of   160 ms ( 54.6%): pl.nadoba.jvm.gc.benchmark.App.main()
[1369.001s][info][gc,stats       ]      87 of   160 ms ( 54.6%): <total>
[1369.001s][info][gc,stats       ]       9 of   160 ms (  5.5%): <average total>
[1369.001s][info][gc,stats       ]      87 of   160 ms ( 54.6%): <average non-zero>
[1369.001s][info][gc,stats       ] 
[1369.001s][info][gc,metaspace   ] Metaspace: 24233K->24233K(1071104K)
[1369.001s][info][gc,ergo        ] Pacer for Idle. Initial: 2621K, Alloc Tax Rate: 1.0x
[1369.002s][info][gc             ] Trigger: Allocated since last cycle (63489K) is larger than allocation threshold (13107K)
[1369.003s][info][gc,ergo        ] Free: 52224K, Max: 256K regular, 43520K humongous, Frag: 17% external, 10% internal; Reserve: 6656K, Max: 256K
[1369.003s][info][gc,start       ] GC(17500) Concurrent reset
[1369.003s][info][gc,task        ] GC(17500) Using 4 of 24 workers for concurrent reset
[1369.003s][info][gc,ergo        ] GC(17500) Pacer for Reset. Non-Taxable: 128M
[1369.003s][info][gc             ] GC(17500) Concurrent reset 0.497ms
[1369.003s][info][gc,start       ] GC(17500) Pause Init Mark (process weakrefs)
[1369.003s][info][gc,task        ] GC(17500) Using 4 of 24 workers for init marking
[1369.006s][info][gc,ergo        ] GC(17500) Pacer for Mark. Expected Live: 10465K, Free: 52224K, Non-Taxable: 5222K, Alloc Tax Rate: 0.2x
[1369.006s][info][gc             ] GC(17500) Pause Init Mark (process weakrefs) 2.782ms
[1369.006s][info][gc,start       ] GC(17500) Concurrent marking (process weakrefs)
[1369.006s][info][gc,task        ] GC(17500) Using 4 of 24 workers for concurrent marking
[1369.075s][info][gc             ] GC(17500) Concurrent marking (process weakrefs) 68.763ms
[1369.075s][info][gc,start       ] GC(17500) Concurrent precleaning
[1369.075s][info][gc,task        ] GC(17500) Using 1 of 24 workers for concurrent preclean
[1369.075s][info][gc,ergo        ] GC(17500) Pacer for Precleaning. Non-Taxable: 128M
[1369.076s][info][gc             ] Failed to allocate Shared, 7168K
[1369.076s][info][gc             ] Cancelling GC: Allocation Failure
[1369.077s][info][gc             ] GC(17500) Concurrent precleaning 1.671ms
[1369.077s][info][gc,start       ] GC(17500) Pause Final Mark (process weakrefs)
[1369.077s][info][gc,task        ] GC(17500) Using 4 of 24 workers for final marking
[1369.077s][info][gc             ] GC(17500) Pause Final Mark (process weakrefs) 0.272ms
[1369.077s][info][gc,start       ] GC(17500) Concurrent cleanup
[1369.077s][info][gc             ] GC(17500) Concurrent cleanup 113M->113M(128M) 0.069ms
[1369.077s][info][gc,ergo        ] GC(17500) Free: 2816K, Max: 256K regular, 1024K humongous, Frag: 64% external, 0% internal; Reserve: 6656K, Max: 256K
[1369.077s][info][gc             ] GC(17500) Dat log --- cycle is complete
Current gc epoch: 9304
heap: ______
capacity: 134217728
used: 118751336
committed: 134217728
bytes_allocated_since_gc_start: 50594392
hot_size: 0
cold_size: 3320108
num_regions: 512
hot_region_count: 18446744073709538212
cold_region_count: 13405
histogram: Placeholder

[1369.077s][info][gc             ] GC(17500) Obj count ac histogram
[1369.077s][info][gc             ] GC(17500) 	0: 246380
[1369.077s][info][gc             ] GC(17500) 	1: 15
[1369.077s][info][gc             ] GC(17500) 	2: 4604
[1369.077s][info][gc             ] GC(17500) 	3: 3905
[1369.077s][info][gc             ] GC(17500) 	4: 776
[1369.077s][info][gc             ] GC(17500) 	5: 15
[1369.077s][info][gc             ] GC(17500) 	6: 0
[1369.077s][info][gc             ] GC(17500) 	7: 0
[1369.077s][info][gc             ] GC(17500) 	8: 0
[1369.077s][info][gc             ] GC(17500) 	9: 0
[1369.077s][info][gc             ] GC(17500) 	10: 0
[1369.077s][info][gc             ] GC(17500) 	11: 0
[1369.077s][info][gc             ] GC(17500) 	12: 0
[1369.077s][info][gc             ] GC(17500) 	13: 0
[1369.077s][info][gc             ] GC(17500) 	14: 0
[1369.077s][info][gc             ] GC(17500) 	15: 0
[1369.077s][info][gc             ] GC(17500) 	16: 0
[1369.077s][info][gc             ] GC(17500) 	17: 0
[1369.077s][info][gc             ] GC(17500) 	18: 0
[1369.077s][info][gc             ] GC(17500) 	19: 0
[1369.077s][info][gc             ] GC(17500) Obj size ac histogram
[1369.077s][info][gc             ] GC(17500) 	0: 1591695
[1369.078s][info][gc             ] GC(17500) 	1: 720
[1369.078s][info][gc             ] GC(17500) 	2: 65760
[1369.078s][info][gc             ] GC(17500) 	3: 39545
[1369.078s][info][gc             ] GC(17500) 	4: 4728
[1369.078s][info][gc             ] GC(17500) 	5: 150
[1369.078s][info][gc             ] GC(17500) 	6: 0
[1369.078s][info][gc             ] GC(17500) 	7: 0
[1369.078s][info][gc             ] GC(17500) 	8: 0
[1369.078s][info][gc             ] GC(17500) 	9: 0
[1369.078s][info][gc             ] GC(17500) 	10: 0
[1369.078s][info][gc             ] GC(17500) 	11: 0
[1369.078s][info][gc             ] GC(17500) 	12: 0
[1369.078s][info][gc             ] GC(17500) 	13: 0
[1369.078s][info][gc             ] GC(17500) 	14: 0
[1369.078s][info][gc             ] GC(17500) 	15: 0
[1369.078s][info][gc             ] GC(17500) 	16: 0
[1369.078s][info][gc             ] GC(17500) 	17: 0
[1369.078s][info][gc             ] GC(17500) 	18: 0
[1369.078s][info][gc             ] GC(17500) 	19: 0
[1369.078s][info][gc,ergo        ] Free: 2816K, Max: 256K regular, 1024K humongous, Frag: 64% external, 0% internal; Reserve: 6656K, Max: 256K
[1369.078s][info][gc,stats       ] 
[1369.078s][info][gc,stats       ] All times are wall-clock times, except per-root-class counters, that are sum over
[1369.078s][info][gc,stats       ] all workers. Dividing the <total> over the root stage time estimates parallelism.
[1369.078s][info][gc,stats       ] 
[1369.078s][info][gc,stats       ] Concurrent Reset                    481 us
[1369.078s][info][gc,stats       ] Pause Init Mark (G)                3079 us
[1369.078s][info][gc,stats       ] Pause Init Mark (N)                2737 us
[1369.078s][info][gc,stats       ]   Accumulate Stats                    6 us
[1369.078s][info][gc,stats       ]   Make Parsable                      50 us
[1369.078s][info][gc,stats       ]   Update Region States                8 us
[1369.078s][info][gc,stats       ]   Scan Roots                       2184 us, parallelism: 1.67x
[1369.078s][info][gc,stats       ]     S: <total>                     3644 us
[1369.078s][info][gc,stats       ]     S: Thread Roots                 353 us, workers (us): 225, 125,   2,   2, ---, ---, ---, ---, ---, ---, ---, ---, ---, ---, ---, ---, ---, ---, ---, ---, ---, ---, ---, ---, 
[1369.078s][info][gc,stats       ]     S: Universe Roots                28 us, workers (us):  28, ---, ---, ---, ---, ---, ---, ---, ---, ---, ---, ---, ---, ---, ---, ---, ---, ---, ---, ---, ---, ---, ---, ---, 
[1369.078s][info][gc,stats       ]     S: JNI Handles Roots             18 us, workers (us):  18, ---, ---, ---, ---, ---, ---, ---, ---, ---, ---, ---, ---, ---, ---, ---, ---, ---, ---, ---, ---, ---, ---, ---, 
[1369.078s][info][gc,stats       ]     S: Synchronizer Roots             0 us, workers (us): ---,   0, ---, ---, ---, ---, ---, ---, ---, ---, ---, ---, ---, ---, ---, ---, ---, ---, ---, ---, ---, ---, ---, ---, 
[1369.078s][info][gc,stats       ]     S: Management Roots               2 us, workers (us): ---,   2, ---, ---, ---, ---, ---, ---, ---, ---, ---, ---, ---, ---, ---, ---, ---, ---, ---, ---, ---, ---, ---, ---, 
[1369.078s][info][gc,stats       ]     S: System Dict Roots             32 us, workers (us): ---,  32, ---, ---, ---, ---, ---, ---, ---, ---, ---, ---, ---, ---, ---, ---, ---, ---, ---, ---, ---, ---, ---, ---, 
[1369.078s][info][gc,stats       ]     S: CLDG Roots                  3209 us, workers (us): ---, ---, 1992, 1218, ---, ---, ---, ---, ---, ---, ---, ---, ---, ---, ---, ---, ---, ---, ---, ---, ---, ---, ---, ---, 
[1369.078s][info][gc,stats       ]     S: JVMTI Roots                    1 us, workers (us): ---, ---,   1, ---, ---, ---, ---, ---, ---, ---, ---, ---, ---, ---, ---, ---, ---, ---, ---, ---, ---, ---, ---, ---, 
[1369.078s][info][gc,stats       ]   Resize TLABs                        7 us
[1369.078s][info][gc,stats       ] Concurrent Marking                68709 us
[1369.078s][info][gc,stats       ] Concurrent Precleaning             1646 us
[1369.078s][info][gc,stats       ] Pause Final Mark (G)                524 us
[1369.078s][info][gc,stats       ] Pause Final Mark (N)                228 us
[1369.078s][info][gc,stats       ] Concurrent Cleanup                   40 us
[1369.078s][info][gc,stats       ] Pacing                            64447 us
[1369.078s][info][gc,stats       ] 
[1369.078s][info][gc,stats       ] Allocation pacing accrued:
[1369.078s][info][gc,stats       ]      64 of    77 ms ( 83.8%): pl.nadoba.jvm.gc.benchmark.App.main()
[1369.078s][info][gc,stats       ]      64 of    77 ms ( 83.8%): <total>
[1369.078s][info][gc,stats       ]       6 of    77 ms (  8.4%): <average total>
[1369.078s][info][gc,stats       ]      64 of    77 ms ( 83.8%): <average non-zero>
[1369.078s][info][gc,stats       ] 
[1369.078s][info][gc,metaspace   ] Metaspace: 24233K->24233K(1071104K)
[1369.078s][info][gc,ergo        ] Pacer for Idle. Initial: 2621K, Alloc Tax Rate: 1.0x
[1369.079s][info][gc             ] Trigger: Handle Allocation Failure
[1369.079s][info][gc,ergo        ] Free: 2816K, Max: 256K regular, 1024K humongous, Frag: 64% external, 0% internal; Reserve: 6656K, Max: 256K
[1369.080s][info][gc,start       ] GC(17501) Pause Degenerated GC (Outside of Cycle)
[1369.080s][info][gc,task        ] GC(17501) Using 4 of 24 workers for stw degenerated gc
[1369.080s][info][gc,ergo        ] GC(17501) Pacer for Reset. Non-Taxable: 128M
[1369.082s][info][gc,ergo        ] GC(17501) Pacer for Mark. Expected Live: 10055K, Free: 2816K, Non-Taxable: 281K, Alloc Tax Rate: 4.4x
[1369.205s][info][gc,stringtable ] GC(17501) Cleaned string and symbol table, strings: 8172 processed, 0 removed, symbols: 67999 processed, 0 removed
[1369.206s][info][gc,ergo        ] GC(17501) CSet Selection. Actual Free: 113M, Max CSet: 87360K
[1369.206s][info][gc,ergo        ] GC(17501) Collectable Garbage: 104M (99%), Immediate: 104M (99%), CSet: 322K (0%)
[1369.206s][info][gc,ergo        ] GC(17501) Pacer for Evacuation. Used CSet: 512K, Free: 112M, Non-Taxable: 11545K, Alloc Tax Rate: 1.1x
[1369.219s][info][gc,ergo        ] GC(17501) Pacer for Update Refs. Used: 9215K, Free: 112M, Non-Taxable: 11545K, Alloc Tax Rate: 1.1x
[1369.237s][info][gc,ergo        ] GC(17501) Good progress for free space: 113M, need 1310K
[1369.237s][info][gc,ergo        ] GC(17501) Good progress for used space: 104M, need 256K
[1369.237s][info][gc             ] GC(17501) Pause Degenerated GC (Outside of Cycle) 113M->8M(128M) 157.877ms
[1369.238s][info][gc,ergo        ] Free: 113M, Max: 256K regular, 113M humongous, Frag: 0% external, 5% internal; Reserve: 6656K, Max: 256K
[1369.238s][info][gc,stats       ] 
[1369.238s][info][gc,stats       ] All times are wall-clock times, except per-root-class counters, that are sum over
[1369.238s][info][gc,stats       ] all workers. Dividing the <total> over the root stage time estimates parallelism.
[1369.238s][info][gc,stats       ] 
[1369.238s][info][gc,stats       ]   Accumulate Stats                    7 us
[1369.238s][info][gc,stats       ]   Make Parsable                      51 us
[1369.238s][info][gc,stats       ]   Update Region States                7 us
[1369.238s][info][gc,stats       ]   Scan Roots                        887 us, parallelism: 1.31x
[1369.238s][info][gc,stats       ]     S: <total>                     1163 us
[1369.238s][info][gc,stats       ]     S: Thread Roots                 309 us, workers (us): 150,   1, 101,  56, ---, ---, ---, ---, ---, ---, ---, ---, ---, ---, ---, ---, ---, ---, ---, ---, ---, ---, ---, ---, 
[1369.238s][info][gc,stats       ]     S: Universe Roots                23 us, workers (us):  23, ---, ---, ---, ---, ---, ---, ---, ---, ---, ---, ---, ---, ---, ---, ---, ---, ---, ---, ---, ---, ---, ---, ---, 
[1369.238s][info][gc,stats       ]     S: JNI Handles Roots             11 us, workers (us):  11, ---, ---, ---, ---, ---, ---, ---, ---, ---, ---, ---, ---, ---, ---, ---, ---, ---, ---, ---, ---, ---, ---, ---, 
[1369.238s][info][gc,stats       ]     S: Synchronizer Roots             0 us, workers (us): ---,   0, ---, ---, ---, ---, ---, ---, ---, ---, ---, ---, ---, ---, ---, ---, ---, ---, ---, ---, ---, ---, ---, ---, 
[1369.238s][info][gc,stats       ]     S: Management Roots               2 us, workers (us): ---,   2, ---, ---, ---, ---, ---, ---, ---, ---, ---, ---, ---, ---, ---, ---, ---, ---, ---, ---, ---, ---, ---, ---, 
[1369.238s][info][gc,stats       ]     S: System Dict Roots             29 us, workers (us): ---, ---,  29, ---, ---, ---, ---, ---, ---, ---, ---, ---, ---, ---, ---, ---, ---, ---, ---, ---, ---, ---, ---, ---, 
[1369.238s][info][gc,stats       ]     S: CLDG Roots                   790 us, workers (us): ---, 766, ---,  25, ---, ---, ---, ---, ---, ---, ---, ---, ---, ---, ---, ---, ---, ---, ---, ---, ---, ---, ---, ---, 
[1369.238s][info][gc,stats       ]     S: JVMTI Roots                    0 us, workers (us): ---,   0, ---, ---, ---, ---, ---, ---, ---, ---, ---, ---, ---, ---, ---, ---, ---, ---, ---, ---, ---, ---, ---, ---, 
[1369.238s][info][gc,stats       ]   Resize TLABs                        5 us
[1369.238s][info][gc,stats       ]   Finish Queues                   65262 us
[1369.238s][info][gc,stats       ]   Weak References                  3961 us
[1369.238s][info][gc,stats       ]     Process                        3948 us
[1369.238s][info][gc,stats       ]   System Purge                      394 us
[1369.238s][info][gc,stats       ]     Unload Classes                   90 us
[1369.238s][info][gc,stats       ]     Cleanup                       54078 us, parallelism: 1.26x
[1369.238s][info][gc,stats       ]       CU: <total>                 67938 us
[1369.238s][info][gc,stats       ]       CU: Code Cache Roots        51395 us, workers (us): 13076, 12886, 12678, 12754, ---, ---, ---, ---, ---, ---, ---, ---, ---, ---, ---, ---, ---, ---, ---, ---, ---, ---, ---, ---, 
[1369.238s][info][gc,stats       ]       CU: Code Cache Cleaning      4455 us, workers (us): 1122, 1102, 1115, 1115, ---, ---, ---, ---, ---, ---, ---, ---, ---, ---, ---, ---, ---, ---, ---, ---, ---, ---, ---, ---, 
[1369.238s][info][gc,stats       ]       CU: String Table Roots       3780 us, workers (us): 732, 913, 1111, 1025, ---, ---, ---, ---, ---, ---, ---, ---, ---, ---, ---, ---, ---, ---, ---, ---, ---, ---, ---, ---, 
[1369.238s][info][gc,stats       ]       CU: Resolved Table Roots       19 us, workers (us):   0,  18,   0,   0, ---, ---, ---, ---, ---, ---, ---, ---, ---, ---, ---, ---, ---, ---, ---, ---, ---, ---, ---, ---, 
[1369.238s][info][gc,stats       ]       CU: CLDG Roots               8290 us, workers (us): 2066, 2043, 2087, 2094, ---, ---, ---, ---, ---, ---, ---, ---, ---, ---, ---, ---, ---, ---, ---, ---, ---, ---, ---, ---, 
[1369.238s][info][gc,stats       ]     Weak Roots                      393 us
[1369.238s][info][gc,stats       ]     CLDG                              1 us
[1369.238s][info][gc,stats       ]   Update Region States               11 us
[1369.238s][info][gc,stats       ]   Retire TLABs                        8 us
[1369.238s][info][gc,stats       ]   Choose Collection Set             283 us
[1369.238s][info][gc,stats       ]   Rebuild Free Set                    9 us
[1369.238s][info][gc,stats       ]   Initial Evacuation                  7 us
[1369.238s][info][gc,stats       ]   Retire GCLABs                      12 us
[1369.238s][info][gc,stats       ]   Finish Work                     17145 us
[1369.238s][info][gc,stats       ]   Update Region States                7 us
[1369.238s][info][gc,stats       ]   Trash Collection Set                3 us
[1369.238s][info][gc,stats       ]   Rebuild Free Set                    7 us
[1369.238s][info][gc,stats       ] Pause Degenerated GC (G)         158167 us
[1369.238s][info][gc,stats       ] Pause Degenerated GC (N)         157833 us
[1369.238s][info][gc,stats       ]   Degen Update Roots                822 us, parallelism: 2.41x
[1369.238s][info][gc,stats       ]     DU: <total>                    1976 us
[1369.238s][info][gc,stats       ]     DU: Thread Roots                171 us, workers (us):   2,  44,  63,  61, ---, ---, ---, ---, ---, ---, ---, ---, ---, ---, ---, ---, ---, ---, ---, ---, ---, ---, ---, ---, 
[1369.238s][info][gc,stats       ]     DU: Code Cache Roots           1103 us, workers (us): 500, 188, 415,   1, ---, ---, ---, ---, ---, ---, ---, ---, ---, ---, ---, ---, ---, ---, ---, ---, ---, ---, ---, ---, 
[1369.238s][info][gc,stats       ]     DU: Universe Roots               10 us, workers (us):  10, ---, ---, ---, ---, ---, ---, ---, ---, ---, ---, ---, ---, ---, ---, ---, ---, ---, ---, ---, ---, ---, ---, ---, 
[1369.238s][info][gc,stats       ]     DU: JNI Handles Roots             4 us, workers (us): ---,   4, ---, ---, ---, ---, ---, ---, ---, ---, ---, ---, ---, ---, ---, ---, ---, ---, ---, ---, ---, ---, ---, ---, 
[1369.238s][info][gc,stats       ]     DU: Synchronizer Roots            0 us, workers (us):   0, ---, ---, ---, ---, ---, ---, ---, ---, ---, ---, ---, ---, ---, ---, ---, ---, ---, ---, ---, ---, ---, ---, ---, 
[1369.238s][info][gc,stats       ]     DU: Management Roots              3 us, workers (us):   3, ---, ---, ---, ---, ---, ---, ---, ---, ---, ---, ---, ---, ---, ---, ---, ---, ---, ---, ---, ---, ---, ---, ---, 
[1369.239s][info][gc,stats       ]     DU: System Dict Roots            14 us, workers (us):  14, ---, ---, ---, ---, ---, ---, ---, ---, ---, ---, ---, ---, ---, ---, ---, ---, ---, ---, ---, ---, ---, ---, ---, 
[1369.239s][info][gc,stats       ]     DU: CLDG Roots                  671 us, workers (us): ---, 238, ---, 433, ---, ---, ---, ---, ---, ---, ---, ---, ---, ---, ---, ---, ---, ---, ---, ---, ---, ---, ---, ---, 
[1369.239s][info][gc,stats       ]     DU: JVMTI Roots                   1 us, workers (us): ---,   1, ---, ---, ---, ---, ---, ---, ---, ---, ---, ---, ---, ---, ---, ---, ---, ---, ---, ---, ---, ---, ---, ---, 
[1369.239s][info][gc,stats       ] 
[1369.239s][info][gc,stats       ] Allocation pacing accrued:
[1369.239s][info][gc,stats       ]       0 of   160 ms (  0.0%): <total>
[1369.239s][info][gc,stats       ]       0 of   160 ms (  0.0%): <average total>
[1369.239s][info][gc,stats       ] 
[1369.239s][info][gc,metaspace   ] Metaspace: 24233K->24233K(1071104K)
[1369.239s][info][gc,ergo        ] Pacer for Idle. Initial: 2621K, Alloc Tax Rate: 1.0x
[1369.246s][info][gc             ] Trigger: Allocated since last cycle (20480K) is larger than allocation threshold (13107K)
[1369.246s][info][gc,ergo        ] Free: 95232K, Max: 256K regular, 95232K humongous, Frag: 0% external, 0% internal; Reserve: 6656K, Max: 256K
[1369.246s][info][gc,start       ] GC(17502) Concurrent reset
[1369.246s][info][gc,task        ] GC(17502) Using 4 of 24 workers for concurrent reset
[1369.246s][info][gc,ergo        ] GC(17502) Pacer for Reset. Non-Taxable: 128M
[1369.247s][info][gc             ] GC(17502) Concurrent reset 0.382ms
[1369.247s][info][gc,start       ] GC(17502) Pause Init Mark
[1369.247s][info][gc,task        ] GC(17502) Using 4 of 24 workers for init marking
[1369.249s][info][gc,ergo        ] GC(17502) Pacer for Mark. Expected Live: 8826K, Free: 95232K, Non-Taxable: 9523K, Alloc Tax Rate: 0.1x
[1369.249s][info][gc             ] GC(17502) Pause Init Mark 2.022ms
[1369.249s][info][gc,start       ] GC(17502) Concurrent marking
[1369.249s][info][gc,task        ] GC(17502) Using 4 of 24 workers for concurrent marking
[1369.290s][info][gc             ] Failed to allocate Shared, 6144K
[1369.290s][info][gc             ] Cancelling GC: Allocation Failure
[1369.291s][info][gc             ] GC(17502) Concurrent marking 42.323ms
[1369.292s][info][gc,ergo        ] Free: 5632K, Max: 256K regular, 5632K humongous, Frag: 0% external, 0% internal; Reserve: 6656K, Max: 256K
[1369.292s][info][gc,stats       ] 
[1369.292s][info][gc,stats       ] All times are wall-clock times, except per-root-class counters, that are sum over
[1369.292s][info][gc,stats       ] all workers. Dividing the <total> over the root stage time estimates parallelism.
[1369.292s][info][gc,stats       ] 
[1369.292s][info][gc,stats       ] Concurrent Reset                    362 us
[1369.292s][info][gc,stats       ] Pause Init Mark (G)                2521 us
[1369.292s][info][gc,stats       ] Pause Init Mark (N)                1995 us
[1369.292s][info][gc,stats       ]   Accumulate Stats                    5 us
[1369.292s][info][gc,stats       ]   Make Parsable                      45 us
[1369.292s][info][gc,stats       ]   Update Region States                5 us
[1369.292s][info][gc,stats       ]   Scan Roots                       1606 us, parallelism: 1.76x
[1369.292s][info][gc,stats       ]     S: <total>                     2819 us
[1369.292s][info][gc,stats       ]     S: Thread Roots                 353 us, workers (us):   2, 208,   1, 142, ---, ---, ---, ---, ---, ---, ---, ---, ---, ---, ---, ---, ---, ---, ---, ---, ---, ---, ---, ---, 
[1369.292s][info][gc,stats       ]     S: Universe Roots                20 us, workers (us):  20, ---, ---, ---, ---, ---, ---, ---, ---, ---, ---, ---, ---, ---, ---, ---, ---, ---, ---, ---, ---, ---, ---, ---, 
[1369.292s][info][gc,stats       ]     S: JNI Handles Roots             35 us, workers (us): ---,  35, ---, ---, ---, ---, ---, ---, ---, ---, ---, ---, ---, ---, ---, ---, ---, ---, ---, ---, ---, ---, ---, ---, 
[1369.292s][info][gc,stats       ]     S: Synchronizer Roots             1 us, workers (us): ---, ---,   1, ---, ---, ---, ---, ---, ---, ---, ---, ---, ---, ---, ---, ---, ---, ---, ---, ---, ---, ---, ---, ---, 
[1369.292s][info][gc,stats       ]     S: Management Roots               3 us, workers (us): ---,   3, ---, ---, ---, ---, ---, ---, ---, ---, ---, ---, ---, ---, ---, ---, ---, ---, ---, ---, ---, ---, ---, ---, 
[1369.292s][info][gc,stats       ]     S: System Dict Roots             39 us, workers (us): ---, ---, ---,  39, ---, ---, ---, ---, ---, ---, ---, ---, ---, ---, ---, ---, ---, ---, ---, ---, ---, ---, ---, ---, 
[1369.292s][info][gc,stats       ]     S: CLDG Roots                  2356 us, workers (us): 1444, ---, 912, ---, ---, ---, ---, ---, ---, ---, ---, ---, ---, ---, ---, ---, ---, ---, ---, ---, ---, ---, ---, ---, 
[1369.292s][info][gc,stats       ]     S: JVMTI Roots                   12 us, workers (us): ---, ---,  12, ---, ---, ---, ---, ---, ---, ---, ---, ---, ---, ---, ---, ---, ---, ---, ---, ---, ---, ---, ---, ---, 
[1369.292s][info][gc,stats       ]   Resize TLABs                        4 us
[1369.292s][info][gc,stats       ] Concurrent Marking                42268 us
[1369.292s][info][gc,stats       ] Pacing                            27302 us
[1369.292s][info][gc,stats       ] 
[1369.292s][info][gc,stats       ] Allocation pacing accrued:
[1369.292s][info][gc,stats       ]      27 of    53 ms ( 51.1%): pl.nadoba.jvm.gc.benchmark.App.main()
[1369.292s][info][gc,stats       ]      27 of    53 ms ( 51.1%): <total>
[1369.292s][info][gc,stats       ]       3 of    53 ms (  5.1%): <average total>
[1369.292s][info][gc,stats       ]      27 of    53 ms ( 51.1%): <average non-zero>
[1369.292s][info][gc,stats       ] 
[1369.292s][info][gc,metaspace   ] Metaspace: 24233K->24233K(1071104K)
[1369.292s][info][gc,ergo        ] Pacer for Idle. Initial: 2621K, Alloc Tax Rate: 1.0x
[1369.293s][info][gc             ] Trigger: Handle Allocation Failure
[1369.293s][info][gc,ergo        ] Free: 5632K, Max: 256K regular, 5632K humongous, Frag: 0% external, 0% internal; Reserve: 6656K, Max: 256K
[1369.293s][info][gc,start       ] GC(17503) Pause Degenerated GC (Mark)
[1369.293s][info][gc,task        ] GC(17503) Using 4 of 24 workers for stw degenerated gc
[1369.317s][info][gc,ergo        ] GC(17503) CSet Selection. Actual Free: 23552K, Max CSet: 17664K
[1369.317s][info][gc,ergo        ] GC(17503) Collectable Garbage: 11586K (99%), Immediate: 11264K (97%), CSet: 322K (2%)
[1369.317s][info][gc,ergo        ] GC(17503) Pacer for Evacuation. Used CSet: 512K, Free: 17408K, Non-Taxable: 1740K, Alloc Tax Rate: 1.1x
[1369.319s][info][gc,ergo        ] GC(17503) Pacer for Update Refs. Used: 100M, Free: 17408K, Non-Taxable: 1740K, Alloc Tax Rate: 7.2x
[1369.329s][info][gc,ergo        ] GC(17503) Good progress for free space: 17664K, need 1310K
[1369.329s][info][gc,ergo        ] GC(17503) Good progress for used space: 11520K, need 256K
[1369.329s][info][gc             ] GC(17503) Pause Degenerated GC (Mark) 111M->99M(128M) 35.863ms
[1369.329s][info][gc,ergo        ] Free: 17664K, Max: 256K regular, 12032K humongous, Frag: 32% external, 26% internal; Reserve: 6656K, Max: 256K
[1369.330s][info][gc,stats       ] 
[1369.330s][info][gc,stats       ] All times are wall-clock times, except per-root-class counters, that are sum over
[1369.330s][info][gc,stats       ] all workers. Dividing the <total> over the root stage time estimates parallelism.
[1369.330s][info][gc,stats       ] 
[1369.330s][info][gc,stats       ]   Finish Queues                   22678 us
[1369.330s][info][gc,stats       ]   System Purge                      352 us
[1369.330s][info][gc,stats       ]     Weak Roots                      349 us
[1369.330s][info][gc,stats       ]   Update Region States               19 us
[1369.330s][info][gc,stats       ]   Retire TLABs                       47 us
[1369.330s][info][gc,stats       ]   Choose Collection Set             104 us
[1369.330s][info][gc,stats       ]   Rebuild Free Set                    9 us
[1369.330s][info][gc,stats       ]   Initial Evacuation                 10 us
[1369.330s][info][gc,stats       ]   Retire GCLABs                      15 us
[1369.330s][info][gc,stats       ]   Finish Work                      8997 us
[1369.330s][info][gc,stats       ]   Update Region States               13 us
[1369.330s][info][gc,stats       ]   Trash Collection Set                6 us
[1369.330s][info][gc,stats       ]   Rebuild Free Set                   13 us
[1369.330s][info][gc,stats       ] Pause Degenerated GC (G)          36174 us
[1369.330s][info][gc,stats       ] Pause Degenerated GC (N)          35828 us
[1369.330s][info][gc,stats       ]   Degen Update Roots                798 us, parallelism: 2.13x
[1369.330s][info][gc,stats       ]     DU: <total>                    1703 us
[1369.330s][info][gc,stats       ]     DU: Thread Roots                169 us, workers (us):  76,  39,   1,  52, ---, ---, ---, ---, ---, ---, ---, ---, ---, ---, ---, ---, ---, ---, ---, ---, ---, ---, ---, ---, 
[1369.330s][info][gc,stats       ]     DU: Code Cache Roots           1139 us, workers (us): 151, 373, 278, 337, ---, ---, ---, ---, ---, ---, ---, ---, ---, ---, ---, ---, ---, ---, ---, ---, ---, ---, ---, ---, 
[1369.330s][info][gc,stats       ]     DU: Universe Roots                9 us, workers (us):   9, ---, ---, ---, ---, ---, ---, ---, ---, ---, ---, ---, ---, ---, ---, ---, ---, ---, ---, ---, ---, ---, ---, ---, 
[1369.330s][info][gc,stats       ]     DU: JNI Handles Roots             6 us, workers (us): ---, ---,   6, ---, ---, ---, ---, ---, ---, ---, ---, ---, ---, ---, ---, ---, ---, ---, ---, ---, ---, ---, ---, ---, 
[1369.330s][info][gc,stats       ]     DU: Synchronizer Roots            0 us, workers (us): ---,   0, ---, ---, ---, ---, ---, ---, ---, ---, ---, ---, ---, ---, ---, ---, ---, ---, ---, ---, ---, ---, ---, ---, 
[1369.330s][info][gc,stats       ]     DU: Management Roots              7 us, workers (us):   7, ---, ---, ---, ---, ---, ---, ---, ---, ---, ---, ---, ---, ---, ---, ---, ---, ---, ---, ---, ---, ---, ---, ---, 
[1369.330s][info][gc,stats       ]     DU: System Dict Roots            11 us, workers (us): ---,  11, ---, ---, ---, ---, ---, ---, ---, ---, ---, ---, ---, ---, ---, ---, ---, ---, ---, ---, ---, ---, ---, ---, 
[1369.330s][info][gc,stats       ]     DU: CLDG Roots                  361 us, workers (us): 187, ---, 174, ---, ---, ---, ---, ---, ---, ---, ---, ---, ---, ---, ---, ---, ---, ---, ---, ---, ---, ---, ---, ---, 
[1369.330s][info][gc,stats       ]     DU: JVMTI Roots                   1 us, workers (us): ---, ---,   1, ---, ---, ---, ---, ---, ---, ---, ---, ---, ---, ---, ---, ---, ---, ---, ---, ---, ---, ---, ---, ---, 
[1369.330s][info][gc,stats       ] 
[1369.330s][info][gc,stats       ] Allocation pacing accrued:
[1369.330s][info][gc,stats       ]       0 of    38 ms (  0.0%): <total>
[1369.330s][info][gc,stats       ]       0 of    38 ms (  0.0%): <average total>
[1369.330s][info][gc,stats       ] 
[1369.330s][info][gc,metaspace   ] Metaspace: 24233K->24233K(1071104K)
[1369.330s][info][gc,ergo        ] Pacer for Idle. Initial: 2621K, Alloc Tax Rate: 1.0x
[1369.331s][info][gc             ] Trigger: Free (11008K) is below minimum threshold (13107K)
[1369.331s][info][gc,ergo        ] Free: 11008K, Max: 256K regular, 5632K humongous, Frag: 49% external, 0% internal; Reserve: 6656K, Max: 256K
[1369.331s][info][gc,start       ] GC(17504) Concurrent reset
[1369.331s][info][gc,task        ] GC(17504) Using 4 of 24 workers for concurrent reset
[1369.331s][info][gc,ergo        ] GC(17504) Pacer for Reset. Non-Taxable: 128M
[1369.332s][info][gc             ] GC(17504) Concurrent reset 0.664ms
[1369.332s][info][gc,start       ] GC(17504) Pause Init Mark
[1369.332s][info][gc,task        ] GC(17504) Using 4 of 24 workers for init marking
[1369.335s][info][gc,ergo        ] GC(17504) Pacer for Mark. Expected Live: 10465K, Free: 11008K, Non-Taxable: 1100K, Alloc Tax Rate: 1.2x
[1369.335s][info][gc             ] GC(17504) Pause Init Mark 2.573ms
[1369.335s][info][gc,start       ] GC(17504) Concurrent marking
[1369.335s][info][gc,task        ] GC(17504) Using 4 of 24 workers for concurrent marking
[1369.336s][info][gc             ] Failed to allocate Shared, 6144K
[1369.336s][info][gc             ] Cancelling GC: Allocation Failure
[1369.342s][info][gc             ] GC(17504) Concurrent marking 7.623ms
[1369.342s][info][gc,ergo        ] Free: 11008K, Max: 256K regular, 5632K humongous, Frag: 49% external, 0% internal; Reserve: 6656K, Max: 256K
[1369.343s][info][gc,stats       ] 
[1369.343s][info][gc,stats       ] All times are wall-clock times, except per-root-class counters, that are sum over
[1369.343s][info][gc,stats       ] all workers. Dividing the <total> over the root stage time estimates parallelism.
[1369.343s][info][gc,stats       ] 
[1369.343s][info][gc,stats       ] Concurrent Reset                    644 us
[1369.343s][info][gc,stats       ] Pause Init Mark (G)                2891 us
[1369.343s][info][gc,stats       ] Pause Init Mark (N)                2528 us
[1369.343s][info][gc,stats       ]   Accumulate Stats                    7 us
[1369.343s][info][gc,stats       ]   Make Parsable                      49 us
[1369.343s][info][gc,stats       ]   Update Region States                8 us
[1369.343s][info][gc,stats       ]   Scan Roots                       1972 us, parallelism: 1.84x
[1369.343s][info][gc,stats       ]     S: <total>                     3621 us
[1369.343s][info][gc,stats       ]     S: Thread Roots                 250 us, workers (us):   1, 153,  94,   1, ---, ---, ---, ---, ---, ---, ---, ---, ---, ---, ---, ---, ---, ---, ---, ---, ---, ---, ---, ---, 
[1369.343s][info][gc,stats       ]     S: Universe Roots                24 us, workers (us):  24, ---, ---, ---, ---, ---, ---, ---, ---, ---, ---, ---, ---, ---, ---, ---, ---, ---, ---, ---, ---, ---, ---, ---, 
[1369.343s][info][gc,stats       ]     S: JNI Handles Roots             38 us, workers (us): ---, ---,  38, ---, ---, ---, ---, ---, ---, ---, ---, ---, ---, ---, ---, ---, ---, ---, ---, ---, ---, ---, ---, ---, 
[1369.343s][info][gc,stats       ]     S: Synchronizer Roots             0 us, workers (us): ---,   0, ---, ---, ---, ---, ---, ---, ---, ---, ---, ---, ---, ---, ---, ---, ---, ---, ---, ---, ---, ---, ---, ---, 
[1369.343s][info][gc,stats       ]     S: Management Roots               1 us, workers (us): ---,   1, ---, ---, ---, ---, ---, ---, ---, ---, ---, ---, ---, ---, ---, ---, ---, ---, ---, ---, ---, ---, ---, ---, 
[1369.343s][info][gc,stats       ]     S: System Dict Roots             15 us, workers (us): ---,  15, ---, ---, ---, ---, ---, ---, ---, ---, ---, ---, ---, ---, ---, ---, ---, ---, ---, ---, ---, ---, ---, ---, 
[1369.343s][info][gc,stats       ]     S: CLDG Roots                  3292 us, workers (us): 1507, ---, ---, 1785, ---, ---, ---, ---, ---, ---, ---, ---, ---, ---, ---, ---, ---, ---, ---, ---, ---, ---, ---, ---, 
[1369.343s][info][gc,stats       ]     S: JVMTI Roots                    1 us, workers (us): ---, ---,   1, ---, ---, ---, ---, ---, ---, ---, ---, ---, ---, ---, ---, ---, ---, ---, ---, ---, ---, ---, ---, ---, 
[1369.343s][info][gc,stats       ]   Resize TLABs                        7 us
[1369.343s][info][gc,stats       ] Concurrent Marking                 7571 us
[1369.343s][info][gc,stats       ] Pacing                             4884 us
[1369.343s][info][gc,stats       ] 
[1369.343s][info][gc,stats       ] Allocation pacing accrued:
[1369.343s][info][gc,stats       ]       5 of    13 ms ( 37.9%): pl.nadoba.jvm.gc.benchmark.App.main()
[1369.343s][info][gc,stats       ]       5 of    13 ms ( 37.9%): <total>
[1369.343s][info][gc,stats       ]       0 of    13 ms (  3.8%): <average total>
[1369.343s][info][gc,stats       ]       5 of    13 ms ( 37.9%): <average non-zero>
[1369.343s][info][gc,stats       ] 
[1369.343s][info][gc,metaspace   ] Metaspace: 24233K->24233K(1071104K)
[1369.343s][info][gc,ergo        ] Pacer for Idle. Initial: 2621K, Alloc Tax Rate: 1.0x
[1369.344s][info][gc             ] Trigger: Handle Allocation Failure
[1369.344s][info][gc,ergo        ] Free: 11008K, Max: 256K regular, 5632K humongous, Frag: 49% external, 0% internal; Reserve: 6656K, Max: 256K
[1369.344s][info][gc,start       ] GC(17505) Pause Degenerated GC (Mark)
[1369.344s][info][gc,task        ] GC(17505) Using 4 of 24 workers for stw degenerated gc
[1369.400s][info][gc,ergo        ] GC(17505) CSet Selection. Actual Free: 114M, Max CSet: 87936K
[1369.400s][info][gc,ergo        ] GC(17505) Collectable Garbage: 99906K (99%), Immediate: 99584K (99%), CSet: 322K (0%)
[1369.400s][info][gc,ergo        ] GC(17505) Pacer for Evacuation. Used CSet: 512K, Free: 112M, Non-Taxable: 11545K, Alloc Tax Rate: 1.1x
[1369.415s][info][gc,ergo        ] GC(17505) Pacer for Update Refs. Used: 9215K, Free: 112M, Non-Taxable: 11545K, Alloc Tax Rate: 1.1x
[1369.428s][info][gc,ergo        ] GC(17505) Good progress for free space: 113M, need 1310K
[1369.428s][info][gc,ergo        ] GC(17505) Good progress for used space: 99840K, need 256K
[1369.428s][info][gc             ] GC(17505) Pause Degenerated GC (Mark) 106M->8M(128M) 83.319ms
[1369.428s][info][gc,ergo        ] Free: 113M, Max: 256K regular, 113M humongous, Frag: 0% external, 5% internal; Reserve: 6656K, Max: 256K
[1369.428s][info][gc,stats       ] 
[1369.428s][info][gc,stats       ] All times are wall-clock times, except per-root-class counters, that are sum over
[1369.428s][info][gc,stats       ] all workers. Dividing the <total> over the root stage time estimates parallelism.
[1369.428s][info][gc,stats       ] 
[1369.428s][info][gc,stats       ]   Finish Queues                   54445 us
[1369.428s][info][gc,stats       ]   System Purge                      356 us
[1369.428s][info][gc,stats       ]     Weak Roots                      354 us
[1369.428s][info][gc,stats       ]   Update Region States               18 us
[1369.428s][info][gc,stats       ]   Retire TLABs                        7 us
[1369.428s][info][gc,stats       ]   Choose Collection Set             466 us
[1369.428s][info][gc,stats       ]   Rebuild Free Set                   23 us
[1369.428s][info][gc,stats       ]   Initial Evacuation                 17 us
[1369.428s][info][gc,stats       ]   Retire GCLABs                       9 us
[1369.428s][info][gc,stats       ]   Finish Work                     11459 us
[1369.428s][info][gc,stats       ]   Update Region States               12 us
[1369.428s][info][gc,stats       ]   Trash Collection Set                3 us
[1369.428s][info][gc,stats       ]   Rebuild Free Set                   10 us
[1369.428s][info][gc,stats       ] Pause Degenerated GC (G)          83615 us
[1369.428s][info][gc,stats       ] Pause Degenerated GC (N)          83281 us
[1369.428s][info][gc,stats       ]   Degen Update Roots                663 us, parallelism: 2.32x
[1369.428s][info][gc,stats       ]     DU: <total>                    1534 us
[1369.428s][info][gc,stats       ]     DU: Thread Roots                 98 us, workers (us):   1,  47,  47,   2, ---, ---, ---, ---, ---, ---, ---, ---, ---, ---, ---, ---, ---, ---, ---, ---, ---, ---, ---, ---, 
[1369.428s][info][gc,stats       ]     DU: Code Cache Roots           1035 us, workers (us): 209, 326, 131, 368, ---, ---, ---, ---, ---, ---, ---, ---, ---, ---, ---, ---, ---, ---, ---, ---, ---, ---, ---, ---, 
[1369.428s][info][gc,stats       ]     DU: Universe Roots                9 us, workers (us):   9, ---, ---, ---, ---, ---, ---, ---, ---, ---, ---, ---, ---, ---, ---, ---, ---, ---, ---, ---, ---, ---, ---, ---, 
[1369.428s][info][gc,stats       ]     DU: JNI Handles Roots            14 us, workers (us):  14, ---, ---, ---, ---, ---, ---, ---, ---, ---, ---, ---, ---, ---, ---, ---, ---, ---, ---, ---, ---, ---, ---, ---, 
[1369.428s][info][gc,stats       ]     DU: Synchronizer Roots            0 us, workers (us): ---,   0, ---, ---, ---, ---, ---, ---, ---, ---, ---, ---, ---, ---, ---, ---, ---, ---, ---, ---, ---, ---, ---, ---, 
[1369.428s][info][gc,stats       ]     DU: Management Roots              2 us, workers (us): ---,   2, ---, ---, ---, ---, ---, ---, ---, ---, ---, ---, ---, ---, ---, ---, ---, ---, ---, ---, ---, ---, ---, ---, 
[1369.428s][info][gc,stats       ]     DU: System Dict Roots            23 us, workers (us): ---,  23, ---, ---, ---, ---, ---, ---, ---, ---, ---, ---, ---, ---, ---, ---, ---, ---, ---, ---, ---, ---, ---, ---, 
[1369.428s][info][gc,stats       ]     DU: CLDG Roots                  352 us, workers (us): 167, ---, 185, ---, ---, ---, ---, ---, ---, ---, ---, ---, ---, ---, ---, ---, ---, ---, ---, ---, ---, ---, ---, ---, 
[1369.428s][info][gc,stats       ]     DU: JVMTI Roots                   1 us, workers (us):   1, ---, ---, ---, ---, ---, ---, ---, ---, ---, ---, ---, ---, ---, ---, ---, ---, ---, ---, ---, ---, ---, ---, ---, 
[1369.428s][info][gc,stats       ] 
[1369.428s][info][gc,stats       ] Allocation pacing accrued:
[1369.428s][info][gc,stats       ]       0 of    85 ms (  0.0%): <total>
[1369.428s][info][gc,stats       ]       0 of    85 ms (  0.0%): <average total>
[1369.428s][info][gc,stats       ] 
[1369.428s][info][gc,metaspace   ] Metaspace: 24233K->24233K(1071104K)
[1369.428s][info][gc,ergo        ] Pacer for Idle. Initial: 2621K, Alloc Tax Rate: 1.0x
[1369.431s][info][gc             ] Trigger: Allocated since last cycle (15360K) is larger than allocation threshold (13107K)
[1369.431s][info][gc,ergo        ] Free: 100352K, Max: 256K regular, 100352K humongous, Frag: 0% external, 0% internal; Reserve: 6656K, Max: 256K
[1369.431s][info][gc,start       ] GC(17506) Concurrent reset
[1369.431s][info][gc,task        ] GC(17506) Using 4 of 24 workers for concurrent reset
[1369.431s][info][gc,ergo        ] GC(17506) Pacer for Reset. Non-Taxable: 128M
[1369.431s][info][gc             ] GC(17506) Concurrent reset 0.346ms
[1369.431s][info][gc,start       ] GC(17506) Pause Init Mark
[1369.431s][info][gc,task        ] GC(17506) Using 4 of 24 workers for init marking
[1369.433s][info][gc,ergo        ] GC(17506) Pacer for Mark. Expected Live: 10260K, Free: 98048K, Non-Taxable: 9804K, Alloc Tax Rate: 0.1x
[1369.433s][info][gc             ] GC(17506) Pause Init Mark 2.031ms
[1369.433s][info][gc,start       ] GC(17506) Concurrent marking
[1369.433s][info][gc,task        ] GC(17506) Using 4 of 24 workers for concurrent marking
[1369.500s][info][gc             ] GC(17506) Concurrent marking 66.437ms
[1369.502s][info][gc,start       ] GC(17506) Pause Final Mark
[1369.502s][info][gc,task        ] GC(17506) Using 4 of 24 workers for final marking
[1369.503s][info][gc,ergo        ] GC(17506) CSet Selection. Actual Free: 57088K, Max CSet: 42816K
[1369.503s][info][gc,ergo        ] GC(17506) Collectable Garbage: 14658K (99%), Immediate: 14336K (97%), CSet: 322K (2%)
[1369.503s][info][gc,ergo        ] GC(17506) Pacer for Evacuation. Used CSet: 512K, Free: 51200K, Non-Taxable: 5120K, Alloc Tax Rate: 1.1x
[1369.503s][info][gc             ] GC(17506) Pause Final Mark 1.291ms
[1369.503s][info][gc,start       ] GC(17506) Concurrent cleanup
[1369.506s][info][gc             ] GC(17506) Concurrent cleanup 83M->69M(128M) 2.500ms
[1369.506s][info][gc,ergo        ] GC(17506) Free: 50944K, Max: 256K regular, 36096K humongous, Frag: 30% external, 0% internal; Reserve: 6651K, Max: 256K
[1369.506s][info][gc,start       ] GC(17506) Concurrent evacuation
[1369.506s][info][gc,task        ] GC(17506) Using 4 of 24 workers for concurrent evacuation
[1369.507s][info][gc             ] GC(17506) Concurrent evacuation 1.084ms
[1369.507s][info][gc,start       ] GC(17506) Pause Init Update Refs
[1369.507s][info][gc,ergo        ] GC(17506) Pacer for Update Refs. Used: 71167K, Free: 50944K, Non-Taxable: 5094K, Alloc Tax Rate: 1.7x
[1369.507s][info][gc             ] GC(17506) Pause Init Update Refs 0.078ms
[1369.507s][info][gc,start       ] GC(17506) Concurrent update references
[1369.507s][info][gc,task        ] GC(17506) Using 4 of 24 workers for concurrent reference update
[1369.522s][info][gc             ] GC(17506) Concurrent update references 14.490ms
[1369.524s][info][gc,start       ] GC(17506) Pause Final Update Refs
[1369.524s][info][gc,task        ] GC(17506) Using 4 of 24 workers for final reference update
[1369.524s][info][gc             ] GC(17506) Pause Final Update Refs 0.247ms
[1369.524s][info][gc,start       ] GC(17506) Concurrent cleanup
[1369.524s][info][gc             ] GC(17506) Concurrent cleanup 95M->94M(128M) 0.182ms
[1369.524s][info][gc             ] GC(17506) Dat log --- cycle is complete
Current gc epoch: 9305
heap: ______
capacity: 134217728
used: 99614600
committed: 134217728
bytes_allocated_since_gc_start: 94634584
hot_size: 0
cold_size: 11140717
num_regions: 512
hot_region_count: 18446744073709538208
cold_region_count: 13409
histogram: Placeholder

[1369.524s][info][gc             ] GC(17506) Obj count ac histogram
[1369.524s][info][gc             ] GC(17506) 	0: 965476
[1369.524s][info][gc             ] GC(17506) 	1: 29
[1369.524s][info][gc             ] GC(17506) 	2: 12817
[1369.524s][info][gc             ] GC(17506) 	3: 25644
[1369.524s][info][gc             ] GC(17506) 	4: 17484
[1369.524s][info][gc             ] GC(17506) 	5: 90
[1369.524s][info][gc             ] GC(17506) 	6: 0
[1369.524s][info][gc             ] GC(17506) 	7: 0
[1369.524s][info][gc             ] GC(17506) 	8: 0
[1369.524s][info][gc             ] GC(17506) 	9: 0
[1369.524s][info][gc             ] GC(17506) 	10: 0
[1369.524s][info][gc             ] GC(17506) 	11: 0
[1369.524s][info][gc             ] GC(17506) 	12: 0
[1369.524s][info][gc             ] GC(17506) 	13: 0
[1369.524s][info][gc             ] GC(17506) 	14: 0
[1369.524s][info][gc             ] GC(17506) 	15: 0
[1369.524s][info][gc             ] GC(17506) 	16: 0
[1369.524s][info][gc             ] GC(17506) 	17: 0
[1369.524s][info][gc             ] GC(17506) 	18: 0
[1369.524s][info][gc             ] GC(17506) 	19: 0
[1369.524s][info][gc             ] GC(17506) Obj size ac histogram
[1369.524s][info][gc             ] GC(17506) 	0: 7829386
[1369.524s][info][gc             ] GC(17506) 	1: 1350
[1369.524s][info][gc             ] GC(17506) 	2: 160789
[1369.524s][info][gc             ] GC(17506) 	3: 337711
[1369.524s][info][gc             ] GC(17506) 	4: 113325
[1369.524s][info][gc             ] GC(17506) 	5: 882
[1369.524s][info][gc             ] GC(17506) 	6: 0
[1369.524s][info][gc             ] GC(17506) 	7: 0
[1369.524s][info][gc             ] GC(17506) 	8: 0
[1369.524s][info][gc             ] GC(17506) 	9: 0
[1369.524s][info][gc             ] GC(17506) 	10: 0
[1369.524s][info][gc             ] GC(17506) 	11: 0
[1369.524s][info][gc             ] GC(17506) 	12: 0
[1369.524s][info][gc             ] GC(17506) 	13: 0
[1369.524s][info][gc             ] GC(17506) 	14: 0
[1369.524s][info][gc             ] GC(17506) 	15: 0
[1369.524s][info][gc             ] GC(17506) 	16: 0
[1369.524s][info][gc             ] GC(17506) 	17: 0
[1369.524s][info][gc             ] GC(17506) 	18: 0
[1369.524s][info][gc             ] GC(17506) 	19: 0
[1369.524s][info][gc,ergo        ] Free: 23296K, Max: 256K regular, 19968K humongous, Frag: 15% external, 21% internal; Reserve: 6656K, Max: 256K
[1369.525s][info][gc,stats       ] 
[1369.525s][info][gc,stats       ] All times are wall-clock times, except per-root-class counters, that are sum over
[1369.525s][info][gc,stats       ] all workers. Dividing the <total> over the root stage time estimates parallelism.
[1369.525s][info][gc,stats       ] 
[1369.525s][info][gc,stats       ] Concurrent Reset                    327 us
[1369.525s][info][gc,stats       ] Pause Init Mark (G)                2446 us
[1369.525s][info][gc,stats       ] Pause Init Mark (N)                1988 us
[1369.525s][info][gc,stats       ]   Accumulate Stats                    4 us
[1369.525s][info][gc,stats       ]   Make Parsable                      59 us
[1369.525s][info][gc,stats       ]   Update Region States                4 us
[1369.525s][info][gc,stats       ]   Scan Roots                       1534 us, parallelism: 2.03x
[1369.525s][info][gc,stats       ]     S: <total>                     3112 us
[1369.525s][info][gc,stats       ]     S: Thread Roots                 521 us, workers (us):   1,   1, 208, 310, ---, ---, ---, ---, ---, ---, ---, ---, ---, ---, ---, ---, ---, ---, ---, ---, ---, ---, ---, ---, 
[1369.525s][info][gc,stats       ]     S: Universe Roots                27 us, workers (us):  27, ---, ---, ---, ---, ---, ---, ---, ---, ---, ---, ---, ---, ---, ---, ---, ---, ---, ---, ---, ---, ---, ---, ---, 
[1369.525s][info][gc,stats       ]     S: JNI Handles Roots             12 us, workers (us): ---,  12, ---, ---, ---, ---, ---, ---, ---, ---, ---, ---, ---, ---, ---, ---, ---, ---, ---, ---, ---, ---, ---, ---, 
[1369.525s][info][gc,stats       ]     S: Synchronizer Roots             0 us, workers (us): ---,   0, ---, ---, ---, ---, ---, ---, ---, ---, ---, ---, ---, ---, ---, ---, ---, ---, ---, ---, ---, ---, ---, ---, 
[1369.525s][info][gc,stats       ]     S: Management Roots               1 us, workers (us): ---,   1, ---, ---, ---, ---, ---, ---, ---, ---, ---, ---, ---, ---, ---, ---, ---, ---, ---, ---, ---, ---, ---, ---, 
[1369.525s][info][gc,stats       ]     S: System Dict Roots             56 us, workers (us): ---, ---,  56, ---, ---, ---, ---, ---, ---, ---, ---, ---, ---, ---, ---, ---, ---, ---, ---, ---, ---, ---, ---, ---, 
[1369.525s][info][gc,stats       ]     S: CLDG Roots                  2494 us, workers (us): 1122, 1372, ---, ---, ---, ---, ---, ---, ---, ---, ---, ---, ---, ---, ---, ---, ---, ---, ---, ---, ---, ---, ---, ---, 
[1369.525s][info][gc,stats       ]     S: JVMTI Roots                    0 us, workers (us): ---,   0, ---, ---, ---, ---, ---, ---, ---, ---, ---, ---, ---, ---, ---, ---, ---, ---, ---, ---, ---, ---, ---, ---, 
[1369.525s][info][gc,stats       ]   Resize TLABs                        4 us
[1369.525s][info][gc,stats       ] Concurrent Marking                66383 us
[1369.525s][info][gc,stats       ] Pause Final Mark (G)               3354 us
[1369.525s][info][gc,stats       ] Pause Final Mark (N)               1243 us
[1369.525s][info][gc,stats       ]   Finish Queues                     180 us
[1369.525s][info][gc,stats       ]   System Purge                      450 us
[1369.525s][info][gc,stats       ]     Weak Roots                      449 us
[1369.525s][info][gc,stats       ]   Update Region States               17 us
[1369.525s][info][gc,stats       ]   Retire TLABs                       45 us
[1369.525s][info][gc,stats       ]   Choose Collection Set              89 us
[1369.525s][info][gc,stats       ]   Rebuild Free Set                   13 us
[1369.525s][info][gc,stats       ]   Initial Evacuation                426 us, parallelism: 1.93x
[1369.525s][info][gc,stats       ]     E: <total>                      820 us
[1369.525s][info][gc,stats       ]     E: Thread Roots                  69 us, workers (us):   1,  18,   1,  49, ---, ---, ---, ---, ---, ---, ---, ---, ---, ---, ---, ---, ---, ---, ---, ---, ---, ---, ---, ---, 
[1369.525s][info][gc,stats       ]     E: Code Cache Roots             568 us, workers (us): 216, 169, 111,  71, ---, ---, ---, ---, ---, ---, ---, ---, ---, ---, ---, ---, ---, ---, ---, ---, ---, ---, ---, ---, 
[1369.525s][info][gc,stats       ]     E: Universe Roots                 5 us, workers (us):   5, ---, ---, ---, ---, ---, ---, ---, ---, ---, ---, ---, ---, ---, ---, ---, ---, ---, ---, ---, ---, ---, ---, ---, 
[1369.525s][info][gc,stats       ]     E: JNI Handles Roots              2 us, workers (us): ---, ---,   2, ---, ---, ---, ---, ---, ---, ---, ---, ---, ---, ---, ---, ---, ---, ---, ---, ---, ---, ---, ---, ---, 
[1369.525s][info][gc,stats       ]     E: Synchronizer Roots             0 us, workers (us):   0, ---, ---, ---, ---, ---, ---, ---, ---, ---, ---, ---, ---, ---, ---, ---, ---, ---, ---, ---, ---, ---, ---, ---, 
[1369.525s][info][gc,stats       ]     E: Management Roots               1 us, workers (us):   1, ---, ---, ---, ---, ---, ---, ---, ---, ---, ---, ---, ---, ---, ---, ---, ---, ---, ---, ---, ---, ---, ---, ---, 
[1369.525s][info][gc,stats       ]     E: System Dict Roots              8 us, workers (us):   8, ---, ---, ---, ---, ---, ---, ---, ---, ---, ---, ---, ---, ---, ---, ---, ---, ---, ---, ---, ---, ---, ---, ---, 
[1369.525s][info][gc,stats       ]     E: CLDG Roots                   168 us, workers (us): ---, ---,  86,  82, ---, ---, ---, ---, ---, ---, ---, ---, ---, ---, ---, ---, ---, ---, ---, ---, ---, ---, ---, ---, 
[1369.525s][info][gc,stats       ]     E: JVMTI Roots                    0 us, workers (us): ---,   0, ---, ---, ---, ---, ---, ---, ---, ---, ---, ---, ---, ---, ---, ---, ---, ---, ---, ---, ---, ---, ---, ---, 
[1369.525s][info][gc,stats       ] Concurrent Cleanup                 2450 us
[1369.525s][info][gc,stats       ] Concurrent Evacuation              1047 us
[1369.525s][info][gc,stats       ] Pause Init  Update Refs (G)         316 us
[1369.525s][info][gc,stats       ] Pause Init  Update Refs (N)          38 us
[1369.525s][info][gc,stats       ]   Retire GCLABs                      16 us
[1369.525s][info][gc,stats       ] Concurrent Update Refs            14461 us
[1369.525s][info][gc,stats       ] Pause Final Update Refs (G)        2133 us
[1369.525s][info][gc,stats       ] Pause Final Update Refs (N)         208 us
[1369.525s][info][gc,stats       ]   Update Roots                      164 us, parallelism: 0.91x
[1369.525s][info][gc,stats       ]     UR: <total>                     150 us
[1369.525s][info][gc,stats       ]     UR: Thread Roots                150 us, workers (us):  34,  27,  32,  57, ---, ---, ---, ---, ---, ---, ---, ---, ---, ---, ---, ---, ---, ---, ---, ---, ---, ---, ---, ---, 
[1369.525s][info][gc,stats       ]   Update Region States                9 us
[1369.525s][info][gc,stats       ]   Trash Collection Set                5 us
[1369.525s][info][gc,stats       ]   Rebuild Free Set                   12 us
[1369.525s][info][gc,stats       ] Concurrent Cleanup                  135 us
[1369.525s][info][gc,stats       ] Pacing                            70699 us
[1369.525s][info][gc,stats       ] 
[1369.525s][info][gc,stats       ] Allocation pacing accrued:
[1369.525s][info][gc,stats       ]      71 of    97 ms ( 72.8%): pl.nadoba.jvm.gc.benchmark.App.main()
[1369.525s][info][gc,stats       ]      71 of    97 ms ( 72.8%): <total>
[1369.525s][info][gc,stats       ]       7 of    97 ms (  7.3%): <average total>
[1369.525s][info][gc,stats       ]      71 of    97 ms ( 72.8%): <average non-zero>
[1369.525s][info][gc,stats       ] 
[1369.525s][info][gc,metaspace   ] Metaspace: 24233K->24233K(1071104K)
[1369.525s][info][gc,ergo        ] Pacer for Idle. Initial: 2621K, Alloc Tax Rate: 1.0x
[1369.527s][info][gc             ] Trigger: Free (12544K) is below minimum threshold (13107K)
[1369.527s][info][gc,ergo        ] Free: 12544K, Max: 256K regular, 9216K humongous, Frag: 27% external, 33% internal; Reserve: 6656K, Max: 256K
[1369.527s][info][gc,start       ] GC(17507) Concurrent reset
[1369.527s][info][gc,task        ] GC(17507) Using 4 of 24 workers for concurrent reset
[1369.527s][info][gc,ergo        ] GC(17507) Pacer for Reset. Non-Taxable: 128M
[1369.527s][info][gc             ] GC(17507) Concurrent reset 0.645ms
[1369.529s][info][gc,start       ] GC(17507) Pause Init Mark
[1369.529s][info][gc,task        ] GC(17507) Using 4 of 24 workers for init marking
[1369.532s][info][gc,ergo        ] GC(17507) Pacer for Mark. Expected Live: 10669K, Free: 4096K, Non-Taxable: 409K, Alloc Tax Rate: 3.2x
[1369.532s][info][gc             ] GC(17507) Pause Init Mark 3.346ms
[1369.532s][info][gc,start       ] GC(17507) Concurrent marking
[1369.532s][info][gc,task        ] GC(17507) Using 4 of 24 workers for concurrent marking
[1369.544s][info][gc             ] Failed to allocate Shared, 8192K
[1369.544s][info][gc             ] Cancelling GC: Allocation Failure
[1369.548s][info][gc             ] GC(17507) Concurrent marking 15.440ms
[1369.548s][info][gc,ergo        ] Free: 3840K, Max: 256K regular, 2816K humongous, Frag: 27% external, 0% internal; Reserve: 6656K, Max: 256K
[1369.548s][info][gc,stats       ] 
[1369.548s][info][gc,stats       ] All times are wall-clock times, except per-root-class counters, that are sum over
[1369.548s][info][gc,stats       ] all workers. Dividing the <total> over the root stage time estimates parallelism.
[1369.548s][info][gc,stats       ] 
[1369.548s][info][gc,stats       ] Concurrent Reset                    627 us
[1369.548s][info][gc,stats       ] Pause Init Mark (G)                4808 us
[1369.548s][info][gc,stats       ] Pause Init Mark (N)                3302 us
[1369.548s][info][gc,stats       ]   Accumulate Stats                    5 us
[1369.548s][info][gc,stats       ]   Make Parsable                      49 us
[1369.548s][info][gc,stats       ]   Update Region States                8 us
[1369.548s][info][gc,stats       ]   Scan Roots                       2726 us, parallelism: 1.84x
[1369.548s][info][gc,stats       ]     S: <total>                     5006 us
[1369.548s][info][gc,stats       ]     S: Thread Roots                 521 us, workers (us):   1,   2, 164, 353, ---, ---, ---, ---, ---, ---, ---, ---, ---, ---, ---, ---, ---, ---, ---, ---, ---, ---, ---, ---, 
[1369.548s][info][gc,stats       ]     S: Universe Roots                26 us, workers (us):  26, ---, ---, ---, ---, ---, ---, ---, ---, ---, ---, ---, ---, ---, ---, ---, ---, ---, ---, ---, ---, ---, ---, ---, 
[1369.548s][info][gc,stats       ]     S: JNI Handles Roots             39 us, workers (us): ---, ---, ---,  39, ---, ---, ---, ---, ---, ---, ---, ---, ---, ---, ---, ---, ---, ---, ---, ---, ---, ---, ---, ---, 
[1369.548s][info][gc,stats       ]     S: Synchronizer Roots             0 us, workers (us): ---, ---,   0, ---, ---, ---, ---, ---, ---, ---, ---, ---, ---, ---, ---, ---, ---, ---, ---, ---, ---, ---, ---, ---, 
[1369.548s][info][gc,stats       ]     S: Management Roots               3 us, workers (us): ---,   3, ---, ---, ---, ---, ---, ---, ---, ---, ---, ---, ---, ---, ---, ---, ---, ---, ---, ---, ---, ---, ---, ---, 
[1369.548s][info][gc,stats       ]     S: System Dict Roots             45 us, workers (us): ---, ---,  45, ---, ---, ---, ---, ---, ---, ---, ---, ---, ---, ---, ---, ---, ---, ---, ---, ---, ---, ---, ---, ---, 
[1369.548s][info][gc,stats       ]     S: CLDG Roots                  4370 us, workers (us): 1834, 2536, ---, ---, ---, ---, ---, ---, ---, ---, ---, ---, ---, ---, ---, ---, ---, ---, ---, ---, ---, ---, ---, ---, 
[1369.548s][info][gc,stats       ]     S: JVMTI Roots                    1 us, workers (us): ---, ---, ---,   1, ---, ---, ---, ---, ---, ---, ---, ---, ---, ---, ---, ---, ---, ---, ---, ---, ---, ---, ---, ---, 
[1369.548s][info][gc,stats       ]   Resize TLABs                        7 us
[1369.548s][info][gc,stats       ] Concurrent Marking                15388 us
[1369.548s][info][gc,stats       ] Pacing                            11785 us
[1369.548s][info][gc,stats       ] 
[1369.548s][info][gc,stats       ] Allocation pacing accrued:
[1369.548s][info][gc,stats       ]      12 of    23 ms ( 52.0%): pl.nadoba.jvm.gc.benchmark.App.main()
[1369.548s][info][gc,stats       ]      12 of    23 ms ( 52.0%): <total>
[1369.548s][info][gc,stats       ]       1 of    23 ms (  5.2%): <average total>
[1369.548s][info][gc,stats       ]      12 of    23 ms ( 52.0%): <average non-zero>
[1369.548s][info][gc,stats       ] 
[1369.548s][info][gc,metaspace   ] Metaspace: 24233K->24233K(1071104K)
[1369.548s][info][gc,ergo        ] Pacer for Idle. Initial: 2621K, Alloc Tax Rate: 1.0x
[1369.549s][info][gc             ] Trigger: Handle Allocation Failure
[1369.549s][info][gc,ergo        ] Free: 3840K, Max: 256K regular, 2816K humongous, Frag: 27% external, 0% internal; Reserve: 6656K, Max: 256K
[1369.549s][info][gc,start       ] GC(17508) Pause Degenerated GC (Mark)
[1369.550s][info][gc,task        ] GC(17508) Using 4 of 24 workers for stw degenerated gc
[1369.597s][info][gc,ergo        ] GC(17508) CSet Selection. Actual Free: 106M, Max CSet: 81792K
[1369.597s][info][gc,ergo        ] GC(17508) Collectable Garbage: 98882K (99%), Immediate: 98560K (99%), CSet: 322K (0%)
[1369.597s][info][gc,ergo        ] GC(17508) Pacer for Evacuation. Used CSet: 512K, Free: 104M, Non-Taxable: 10675K, Alloc Tax Rate: 1.1x
[1369.614s][info][gc,ergo        ] GC(17508) Pacer for Update Refs. Used: 17663K, Free: 104M, Non-Taxable: 10675K, Alloc Tax Rate: 1.1x
[1369.625s][info][gc,ergo        ] GC(17508) Good progress for free space: 104M, need 1310K
[1369.625s][info][gc,ergo        ] GC(17508) Good progress for used space: 98816K, need 256K
[1369.625s][info][gc             ] GC(17508) Pause Degenerated GC (Mark) 113M->16M(128M) 75.739ms
[1369.625s][info][gc,ergo        ] Free: 104M, Max: 256K regular, 100M humongous, Frag: 5% external, 5% internal; Reserve: 6656K, Max: 256K
[1369.625s][info][gc,stats       ] 
[1369.625s][info][gc,stats       ] All times are wall-clock times, except per-root-class counters, that are sum over
[1369.626s][info][gc,stats       ] all workers. Dividing the <total> over the root stage time estimates parallelism.
[1369.626s][info][gc,stats       ] 
[1369.626s][info][gc,stats       ]   Finish Queues                   46899 us
[1369.626s][info][gc,stats       ]   System Purge                      440 us
[1369.626s][info][gc,stats       ]     Weak Roots                      438 us
[1369.626s][info][gc,stats       ]   Update Region States               19 us
[1369.626s][info][gc,stats       ]   Retire TLABs                       59 us
[1369.626s][info][gc,stats       ]   Choose Collection Set             444 us
[1369.626s][info][gc,stats       ]   Rebuild Free Set                   22 us
[1369.626s][info][gc,stats       ]   Initial Evacuation                 17 us
[1369.626s][info][gc,stats       ]   Retire GCLABs                       9 us
[1369.626s][info][gc,stats       ]   Finish Work                     10762 us
[1369.626s][info][gc,stats       ]   Update Region States                6 us
[1369.626s][info][gc,stats       ]   Trash Collection Set                3 us
[1369.626s][info][gc,stats       ]   Rebuild Free Set                   11 us
[1369.626s][info][gc,stats       ] Pause Degenerated GC (G)          76032 us
[1369.626s][info][gc,stats       ] Pause Degenerated GC (N)          75694 us
[1369.626s][info][gc,stats       ]   Degen Update Roots                801 us, parallelism: 2.10x
[1369.626s][info][gc,stats       ]     DU: <total>                    1682 us
[1369.626s][info][gc,stats       ]     DU: Thread Roots                102 us, workers (us):   2,  26,  68,   6, ---, ---, ---, ---, ---, ---, ---, ---, ---, ---, ---, ---, ---, ---, ---, ---, ---, ---, ---, ---, 
[1369.626s][info][gc,stats       ]     DU: Code Cache Roots           1100 us, workers (us): 443, 134, 133, 389, ---, ---, ---, ---, ---, ---, ---, ---, ---, ---, ---, ---, ---, ---, ---, ---, ---, ---, ---, ---, 
[1369.626s][info][gc,stats       ]     DU: Universe Roots                4 us, workers (us): ---,   4, ---, ---, ---, ---, ---, ---, ---, ---, ---, ---, ---, ---, ---, ---, ---, ---, ---, ---, ---, ---, ---, ---, 
[1369.626s][info][gc,stats       ]     DU: JNI Handles Roots             2 us, workers (us): ---,   2, ---, ---, ---, ---, ---, ---, ---, ---, ---, ---, ---, ---, ---, ---, ---, ---, ---, ---, ---, ---, ---, ---, 
[1369.626s][info][gc,stats       ]     DU: Synchronizer Roots            1 us, workers (us):   1, ---, ---, ---, ---, ---, ---, ---, ---, ---, ---, ---, ---, ---, ---, ---, ---, ---, ---, ---, ---, ---, ---, ---, 
[1369.626s][info][gc,stats       ]     DU: Management Roots              2 us, workers (us): ---, ---,   2, ---, ---, ---, ---, ---, ---, ---, ---, ---, ---, ---, ---, ---, ---, ---, ---, ---, ---, ---, ---, ---, 
[1369.626s][info][gc,stats       ]     DU: System Dict Roots            15 us, workers (us):  15, ---, ---, ---, ---, ---, ---, ---, ---, ---, ---, ---, ---, ---, ---, ---, ---, ---, ---, ---, ---, ---, ---, ---, 
[1369.626s][info][gc,stats       ]     DU: CLDG Roots                  458 us, workers (us): ---, 244, 213, ---, ---, ---, ---, ---, ---, ---, ---, ---, ---, ---, ---, ---, ---, ---, ---, ---, ---, ---, ---, ---, 
[1369.626s][info][gc,stats       ]     DU: JVMTI Roots                   0 us, workers (us): ---,   0, ---, ---, ---, ---, ---, ---, ---, ---, ---, ---, ---, ---, ---, ---, ---, ---, ---, ---, ---, ---, ---, ---, 
[1369.626s][info][gc,stats       ] 
[1369.626s][info][gc,stats       ] Allocation pacing accrued:
[1369.626s][info][gc,stats       ]       0 of    78 ms (  0.0%): <total>
[1369.626s][info][gc,stats       ]       0 of    78 ms (  0.0%): <average total>
[1369.626s][info][gc,stats       ] 
[1369.626s][info][gc,metaspace   ] Metaspace: 24233K->24233K(1071104K)
[1369.626s][info][gc,ergo        ] Pacer for Idle. Initial: 2621K, Alloc Tax Rate: 1.0x
[1369.629s][info][gc             ] Trigger: Allocated since last cycle (17152K) is larger than allocation threshold (13107K)
[1369.629s][info][gc,ergo        ] Free: 89856K, Max: 256K regular, 85760K humongous, Frag: 5% external, 0% internal; Reserve: 6656K, Max: 256K
[1369.629s][info][gc,start       ] GC(17509) Concurrent reset
[1369.629s][info][gc,task        ] GC(17509) Using 4 of 24 workers for concurrent reset
[1369.629s][info][gc,ergo        ] GC(17509) Pacer for Reset. Non-Taxable: 128M
[1369.630s][info][gc             ] GC(17509) Concurrent reset 0.462ms
[1369.631s][info][gc,start       ] GC(17509) Pause Init Mark
[1369.631s][info][gc,task        ] GC(17509) Using 4 of 24 workers for init marking
[1369.633s][info][gc,ergo        ] GC(17509) Pacer for Mark. Expected Live: 12308K, Free: 84480K, Non-Taxable: 8448K, Alloc Tax Rate: 0.2x
[1369.633s][info][gc             ] GC(17509) Pause Init Mark 2.122ms
[1369.633s][info][gc,start       ] GC(17509) Concurrent marking
[1369.633s][info][gc,task        ] GC(17509) Using 4 of 24 workers for concurrent marking
[1369.701s][info][gc             ] GC(17509) Concurrent marking 67.923ms
[1369.703s][info][gc,start       ] GC(17509) Pause Final Mark
[1369.703s][info][gc,task        ] GC(17509) Using 4 of 24 workers for final marking
[1369.704s][info][gc,ergo        ] GC(17509) CSet Selection. Actual Free: 47104K, Max CSet: 35328K
[1369.704s][info][gc,ergo        ] GC(17509) Collectable Garbage: 25154K (99%), Immediate: 24832K (98%), CSet: 322K (1%)
[1369.704s][info][gc,ergo        ] GC(17509) Pacer for Evacuation. Used CSet: 512K, Free: 41216K, Non-Taxable: 4121K, Alloc Tax Rate: 1.1x
[1369.705s][info][gc             ] GC(17509) Pause Final Mark 1.282ms
[1369.705s][info][gc,start       ] GC(17509) Concurrent cleanup
[1369.709s][info][gc             ] GC(17509) Concurrent cleanup 102M->78M(128M) 4.226ms
[1369.709s][info][gc,ergo        ] GC(17509) Free: 40960K, Max: 256K regular, 23296K humongous, Frag: 44% external, 0% internal; Reserve: 6651K, Max: 256K
[1369.709s][info][gc,start       ] GC(17509) Concurrent evacuation
[1369.709s][info][gc,task        ] GC(17509) Using 4 of 24 workers for concurrent evacuation
[1369.710s][info][gc             ] GC(17509) Concurrent evacuation 0.573ms
[1369.710s][info][gc,start       ] GC(17509) Pause Init Update Refs
[1369.710s][info][gc,ergo        ] GC(17509) Pacer for Update Refs. Used: 80383K, Free: 40960K, Non-Taxable: 4096K, Alloc Tax Rate: 2.4x
[1369.710s][info][gc             ] GC(17509) Pause Init Update Refs 0.065ms
[1369.710s][info][gc,start       ] GC(17509) Concurrent update references
[1369.710s][info][gc,task        ] GC(17509) Using 4 of 24 workers for concurrent reference update
[1369.724s][info][gc             ] GC(17509) Concurrent update references 14.602ms
[1369.726s][info][gc,start       ] GC(17509) Pause Final Update Refs
[1369.726s][info][gc,task        ] GC(17509) Using 4 of 24 workers for final reference update
[1369.726s][info][gc             ] GC(17509) Pause Final Update Refs 0.263ms
[1369.726s][info][gc,start       ] GC(17509) Concurrent cleanup
[1369.727s][info][gc             ] GC(17509) Concurrent cleanup 95M->99M(128M) 0.174ms
[1369.727s][info][gc             ] GC(17509) Dat log --- cycle is complete
Current gc epoch: 9306
heap: ______
capacity: 134217728
used: 104857512
committed: 134217728
bytes_allocated_since_gc_start: 100139608
hot_size: 0
cold_size: 7696546
num_regions: 512
hot_region_count: 18446744073709538206
cold_region_count: 13411
histogram: Placeholder

[1369.727s][info][gc             ] GC(17509) Obj count ac histogram
[1369.727s][info][gc             ] GC(17509) 	0: 496071
[1369.727s][info][gc             ] GC(17509) 	1: 13
[1369.727s][info][gc             ] GC(17509) 	2: 17
[1369.727s][info][gc             ] GC(17509) 	3: 4
[1369.727s][info][gc             ] GC(17509) 	4: 0
[1369.727s][info][gc             ] GC(17509) 	5: 0
[1369.727s][info][gc             ] GC(17509) 	6: 0
[1369.727s][info][gc             ] GC(17509) 	7: 0
[1369.727s][info][gc             ] GC(17509) 	8: 0
[1369.727s][info][gc             ] GC(17509) 	9: 0
[1369.727s][info][gc             ] GC(17509) 	10: 0
[1369.727s][info][gc             ] GC(17509) 	11: 0
[1369.727s][info][gc             ] GC(17509) 	12: 0
[1369.727s][info][gc             ] GC(17509) 	13: 0
[1369.727s][info][gc             ] GC(17509) 	14: 0
[1369.727s][info][gc             ] GC(17509) 	15: 0
[1369.727s][info][gc             ] GC(17509) 	16: 0
[1369.727s][info][gc             ] GC(17509) 	17: 0
[1369.727s][info][gc             ] GC(17509) 	18: 0
[1369.727s][info][gc             ] GC(17509) 	19: 0
[1369.727s][info][gc             ] GC(17509) Obj size ac histogram
[1369.727s][info][gc             ] GC(17509) 	0: 6036578
[1369.727s][info][gc             ] GC(17509) 	1: 624
[1369.727s][info][gc             ] GC(17509) 	2: 816
[1369.727s][info][gc             ] GC(17509) 	3: 28
[1369.727s][info][gc             ] GC(17509) 	4: 0
[1369.727s][info][gc             ] GC(17509) 	5: 0
[1369.727s][info][gc             ] GC(17509) 	6: 0
[1369.727s][info][gc             ] GC(17509) 	7: 0
[1369.727s][info][gc             ] GC(17509) 	8: 0
[1369.727s][info][gc             ] GC(17509) 	9: 0
[1369.727s][info][gc             ] GC(17509) 	10: 0
[1369.727s][info][gc             ] GC(17509) 	11: 0
[1369.727s][info][gc             ] GC(17509) 	12: 0
[1369.727s][info][gc             ] GC(17509) 	13: 0
[1369.727s][info][gc             ] GC(17509) 	14: 0
[1369.727s][info][gc             ] GC(17509) 	15: 0
[1369.727s][info][gc             ] GC(17509) 	16: 0
[1369.727s][info][gc             ] GC(17509) 	17: 0
[1369.727s][info][gc             ] GC(17509) 	18: 0
[1369.727s][info][gc             ] GC(17509) 	19: 0
[1369.727s][info][gc,ergo        ] Free: 17920K, Max: 256K regular, 14848K humongous, Frag: 18% external, 26% internal; Reserve: 6656K, Max: 256K
[1369.727s][info][gc,stats       ] 
[1369.727s][info][gc,stats       ] All times are wall-clock times, except per-root-class counters, that are sum over
[1369.727s][info][gc,stats       ] all workers. Dividing the <total> over the root stage time estimates parallelism.
[1369.727s][info][gc,stats       ] 
[1369.727s][info][gc,stats       ] Concurrent Reset                    441 us
[1369.727s][info][gc,stats       ] Pause Init Mark (G)                3235 us
[1369.727s][info][gc,stats       ] Pause Init Mark (N)                2094 us
[1369.727s][info][gc,stats       ]   Accumulate Stats                    4 us
[1369.727s][info][gc,stats       ]   Make Parsable                      44 us
[1369.727s][info][gc,stats       ]   Update Region States                5 us
[1369.727s][info][gc,stats       ]   Scan Roots                       1739 us, parallelism: 1.51x
[1369.727s][info][gc,stats       ]     S: <total>                     2623 us
[1369.727s][info][gc,stats       ]     S: Thread Roots                 202 us, workers (us):   1, 107,  93,   1, ---, ---, ---, ---, ---, ---, ---, ---, ---, ---, ---, ---, ---, ---, ---, ---, ---, ---, ---, ---, 
[1369.727s][info][gc,stats       ]     S: Universe Roots                11 us, workers (us):  11, ---, ---, ---, ---, ---, ---, ---, ---, ---, ---, ---, ---, ---, ---, ---, ---, ---, ---, ---, ---, ---, ---, ---, 
[1369.727s][info][gc,stats       ]     S: JNI Handles Roots              6 us, workers (us):   6, ---, ---, ---, ---, ---, ---, ---, ---, ---, ---, ---, ---, ---, ---, ---, ---, ---, ---, ---, ---, ---, ---, ---, 
[1369.727s][info][gc,stats       ]     S: Synchronizer Roots             0 us, workers (us): ---,   0, ---, ---, ---, ---, ---, ---, ---, ---, ---, ---, ---, ---, ---, ---, ---, ---, ---, ---, ---, ---, ---, ---, 
[1369.727s][info][gc,stats       ]     S: Management Roots              13 us, workers (us): ---,  13, ---, ---, ---, ---, ---, ---, ---, ---, ---, ---, ---, ---, ---, ---, ---, ---, ---, ---, ---, ---, ---, ---, 
[1369.727s][info][gc,stats       ]     S: System Dict Roots             19 us, workers (us): ---, ---,  19, ---, ---, ---, ---, ---, ---, ---, ---, ---, ---, ---, ---, ---, ---, ---, ---, ---, ---, ---, ---, ---, 
[1369.727s][info][gc,stats       ]     S: CLDG Roots                  2370 us, workers (us): 811, ---, ---, 1559, ---, ---, ---, ---, ---, ---, ---, ---, ---, ---, ---, ---, ---, ---, ---, ---, ---, ---, ---, ---, 
[1369.727s][info][gc,stats       ]     S: JVMTI Roots                    1 us, workers (us):   1, ---, ---, ---, ---, ---, ---, ---, ---, ---, ---, ---, ---, ---, ---, ---, ---, ---, ---, ---, ---, ---, ---, ---, 
[1369.727s][info][gc,stats       ]   Resize TLABs                        6 us
[1369.727s][info][gc,stats       ] Concurrent Marking                67870 us
[1369.727s][info][gc,stats       ] Pause Final Mark (G)               3639 us
[1369.727s][info][gc,stats       ] Pause Final Mark (N)               1233 us
[1369.727s][info][gc,stats       ]   Finish Queues                     157 us
[1369.727s][info][gc,stats       ]   System Purge                      339 us
[1369.727s][info][gc,stats       ]     Weak Roots                      338 us
[1369.727s][info][gc,stats       ]   Update Region States               19 us
[1369.727s][info][gc,stats       ]   Retire TLABs                       45 us
[1369.727s][info][gc,stats       ]   Choose Collection Set             119 us
[1369.727s][info][gc,stats       ]   Rebuild Free Set                   13 us
[1369.727s][info][gc,stats       ]   Initial Evacuation                516 us, parallelism: 2.01x
[1369.727s][info][gc,stats       ]     E: <total>                     1036 us
[1369.727s][info][gc,stats       ]     E: Thread Roots                  91 us, workers (us):  45,   1,  32,  13, ---, ---, ---, ---, ---, ---, ---, ---, ---, ---, ---, ---, ---, ---, ---, ---, ---, ---, ---, ---, 
[1369.727s][info][gc,stats       ]     E: Code Cache Roots             735 us, workers (us): 215, 268, 131, 121, ---, ---, ---, ---, ---, ---, ---, ---, ---, ---, ---, ---, ---, ---, ---, ---, ---, ---, ---, ---, 
[1369.728s][info][gc,stats       ]     E: Universe Roots                 3 us, workers (us):   3, ---, ---, ---, ---, ---, ---, ---, ---, ---, ---, ---, ---, ---, ---, ---, ---, ---, ---, ---, ---, ---, ---, ---, 
[1369.728s][info][gc,stats       ]     E: JNI Handles Roots              1 us, workers (us):   1, ---, ---, ---, ---, ---, ---, ---, ---, ---, ---, ---, ---, ---, ---, ---, ---, ---, ---, ---, ---, ---, ---, ---, 
[1369.728s][info][gc,stats       ]     E: Synchronizer Roots             0 us, workers (us):   0, ---, ---, ---, ---, ---, ---, ---, ---, ---, ---, ---, ---, ---, ---, ---, ---, ---, ---, ---, ---, ---, ---, ---, 
[1369.728s][info][gc,stats       ]     E: Management Roots               2 us, workers (us):   2, ---, ---, ---, ---, ---, ---, ---, ---, ---, ---, ---, ---, ---, ---, ---, ---, ---, ---, ---, ---, ---, ---, ---, 
[1369.728s][info][gc,stats       ]     E: System Dict Roots              5 us, workers (us):   5, ---, ---, ---, ---, ---, ---, ---, ---, ---, ---, ---, ---, ---, ---, ---, ---, ---, ---, ---, ---, ---, ---, ---, 
[1369.728s][info][gc,stats       ]     E: CLDG Roots                   197 us, workers (us): ---, ---,  91, 106, ---, ---, ---, ---, ---, ---, ---, ---, ---, ---, ---, ---, ---, ---, ---, ---, ---, ---, ---, ---, 
[1369.728s][info][gc,stats       ]     E: JVMTI Roots                    0 us, workers (us):   0, ---, ---, ---, ---, ---, ---, ---, ---, ---, ---, ---, ---, ---, ---, ---, ---, ---, ---, ---, ---, ---, ---, ---, 
[1369.728s][info][gc,stats       ] Concurrent Cleanup                 4177 us
[1369.728s][info][gc,stats       ] Concurrent Evacuation               557 us
[1369.728s][info][gc,stats       ] Pause Init  Update Refs (G)         281 us
[1369.728s][info][gc,stats       ] Pause Init  Update Refs (N)          31 us
[1369.728s][info][gc,stats       ]   Retire GCLABs                      14 us
[1369.728s][info][gc,stats       ] Concurrent Update Refs            14574 us
[1369.728s][info][gc,stats       ] Pause Final Update Refs (G)        1880 us
[1369.728s][info][gc,stats       ] Pause Final Update Refs (N)         200 us
[1369.728s][info][gc,stats       ]   Update Roots                      150 us, parallelism: 1.23x
[1369.728s][info][gc,stats       ]     UR: <total>                     185 us
[1369.728s][info][gc,stats       ]     UR: Thread Roots                185 us, workers (us): 103,  28,  52,   2, ---, ---, ---, ---, ---, ---, ---, ---, ---, ---, ---, ---, ---, ---, ---, ---, ---, ---, ---, ---, 
[1369.728s][info][gc,stats       ]   Update Region States               10 us
[1369.728s][info][gc,stats       ]   Trash Collection Set                6 us
[1369.728s][info][gc,stats       ]   Rebuild Free Set                   14 us
[1369.728s][info][gc,stats       ] Concurrent Cleanup                  128 us
[1369.728s][info][gc,stats       ] Pacing                            71797 us
[1369.728s][info][gc,stats       ] 
[1369.728s][info][gc,stats       ] Allocation pacing accrued:
[1369.728s][info][gc,stats       ]      72 of   102 ms ( 70.5%): pl.nadoba.jvm.gc.benchmark.App.main()
[1369.728s][info][gc,stats       ]      72 of   102 ms ( 70.5%): <total>
[1369.728s][info][gc,stats       ]       7 of   102 ms (  7.0%): <average total>
[1369.728s][info][gc,stats       ]      72 of   102 ms ( 70.5%): <average non-zero>
[1369.728s][info][gc,stats       ] 
[1369.728s][info][gc,metaspace   ] Metaspace: 24233K->24233K(1071104K)
[1369.728s][info][gc,ergo        ] Pacer for Idle. Initial: 2621K, Alloc Tax Rate: 1.0x
[1369.729s][info][gc             ] Trigger: Free (9216K) is below minimum threshold (13107K)
[1369.729s][info][gc,ergo        ] Free: 9216K, Max: 256K regular, 7424K humongous, Frag: 20% external, 40% internal; Reserve: 6656K, Max: 256K
[1369.729s][info][gc,start       ] GC(17510) Concurrent reset
[1369.729s][info][gc,task        ] GC(17510) Using 4 of 24 workers for concurrent reset
[1369.729s][info][gc,ergo        ] GC(17510) Pacer for Reset. Non-Taxable: 128M
[1369.730s][info][gc             ] Failed to allocate Shared, 9216K
[1369.730s][info][gc             ] Cancelling GC: Allocation Failure
[1369.730s][info][gc             ] GC(17510) Concurrent reset 0.621ms
[1369.730s][info][gc,start       ] GC(17510) Pause Init Mark (process weakrefs)
[1369.730s][info][gc,task        ] GC(17510) Using 4 of 24 workers for init marking
[1369.733s][info][gc,ergo        ] GC(17510) Pacer for Mark. Expected Live: 13332K, Free: 9216K, Non-Taxable: 921K, Alloc Tax Rate: 1.8x
[1369.733s][info][gc             ] GC(17510) Pause Init Mark (process weakrefs) 3.231ms
[1369.733s][info][gc,start       ] GC(17510) Concurrent marking (process weakrefs)
[1369.733s][info][gc,task        ] GC(17510) Using 4 of 24 workers for concurrent marking
[1369.738s][info][gc             ] GC(17510) Concurrent marking (process weakrefs) 4.860ms
[1369.738s][info][gc,ergo        ] Free: 9216K, Max: 256K regular, 7424K humongous, Frag: 20% external, 40% internal; Reserve: 6656K, Max: 256K
[1369.738s][info][gc,stats       ] 
[1369.738s][info][gc,stats       ] All times are wall-clock times, except per-root-class counters, that are sum over
[1369.738s][info][gc,stats       ] all workers. Dividing the <total> over the root stage time estimates parallelism.
[1369.738s][info][gc,stats       ] 
[1369.738s][info][gc,stats       ] Concurrent Reset                    604 us
[1369.738s][info][gc,stats       ] Pause Init Mark (G)                3537 us
[1369.738s][info][gc,stats       ] Pause Init Mark (N)                3191 us
[1369.738s][info][gc,stats       ]   Accumulate Stats                    6 us
[1369.738s][info][gc,stats       ]   Make Parsable                      48 us
[1369.738s][info][gc,stats       ]   Update Region States                8 us
[1369.738s][info][gc,stats       ]   Scan Roots                       2672 us, parallelism: 1.48x
[1369.738s][info][gc,stats       ]     S: <total>                     3959 us
[1369.738s][info][gc,stats       ]     S: Thread Roots                 273 us, workers (us): 192,   3,  78,   1, ---, ---, ---, ---, ---, ---, ---, ---, ---, ---, ---, ---, ---, ---, ---, ---, ---, ---, ---, ---, 
[1369.738s][info][gc,stats       ]     S: Universe Roots                36 us, workers (us):  36, ---, ---, ---, ---, ---, ---, ---, ---, ---, ---, ---, ---, ---, ---, ---, ---, ---, ---, ---, ---, ---, ---, ---, 
[1369.738s][info][gc,stats       ]     S: JNI Handles Roots             15 us, workers (us): ---, ---, ---,  15, ---, ---, ---, ---, ---, ---, ---, ---, ---, ---, ---, ---, ---, ---, ---, ---, ---, ---, ---, ---, 
[1369.738s][info][gc,stats       ]     S: Synchronizer Roots             0 us, workers (us): ---, ---,   0, ---, ---, ---, ---, ---, ---, ---, ---, ---, ---, ---, ---, ---, ---, ---, ---, ---, ---, ---, ---, ---, 
[1369.739s][info][gc,stats       ]     S: Management Roots               1 us, workers (us): ---, ---, ---,   1, ---, ---, ---, ---, ---, ---, ---, ---, ---, ---, ---, ---, ---, ---, ---, ---, ---, ---, ---, ---, 
[1369.739s][info][gc,stats       ]     S: System Dict Roots             34 us, workers (us): ---, ---,  34, ---, ---, ---, ---, ---, ---, ---, ---, ---, ---, ---, ---, ---, ---, ---, ---, ---, ---, ---, ---, ---, 
[1369.739s][info][gc,stats       ]     S: CLDG Roots                  3597 us, workers (us): ---, 2488, ---, 1108, ---, ---, ---, ---, ---, ---, ---, ---, ---, ---, ---, ---, ---, ---, ---, ---, ---, ---, ---, ---, 
[1369.739s][info][gc,stats       ]     S: JVMTI Roots                    1 us, workers (us): ---,   1, ---, ---, ---, ---, ---, ---, ---, ---, ---, ---, ---, ---, ---, ---, ---, ---, ---, ---, ---, ---, ---, ---, 
[1369.739s][info][gc,stats       ]   Resize TLABs                        6 us
[1369.739s][info][gc,stats       ] Concurrent Marking                 4809 us
[1369.739s][info][gc,stats       ] 
[1369.739s][info][gc,stats       ] Allocation pacing accrued:
[1369.739s][info][gc,stats       ]       0 of    11 ms (  0.0%): <total>
[1369.739s][info][gc,stats       ]       0 of    11 ms (  0.0%): <average total>
[1369.739s][info][gc,stats       ] 
[1369.739s][info][gc,metaspace   ] Metaspace: 24233K->24233K(1071104K)
[1369.739s][info][gc,ergo        ] Pacer for Idle. Initial: 2621K, Alloc Tax Rate: 1.0x
[1369.740s][info][gc             ] Trigger: Handle Allocation Failure
[1369.740s][info][gc,ergo        ] Free: 9216K, Max: 256K regular, 7424K humongous, Frag: 20% external, 40% internal; Reserve: 6656K, Max: 256K
[1369.740s][info][gc,start       ] GC(17511) Pause Degenerated GC (Mark)
[1369.740s][info][gc,task        ] GC(17511) Using 4 of 24 workers for stw degenerated gc
[1369.808s][info][gc,ergo        ] GC(17511) CSet Selection. Actual Free: 114M, Max CSet: 88128K
[1369.808s][info][gc,ergo        ] GC(17511) Collectable Garbage: 101954K (99%), Immediate: 101632K (99%), CSet: 322K (0%)
[1369.808s][info][gc,ergo        ] GC(17511) Pacer for Evacuation. Used CSet: 512K, Free: 112M, Non-Taxable: 11545K, Alloc Tax Rate: 1.1x
[1369.823s][info][gc,ergo        ] GC(17511) Pacer for Update Refs. Used: 9215K, Free: 112M, Non-Taxable: 11545K, Alloc Tax Rate: 1.1x
[1369.837s][info][gc,ergo        ] GC(17511) Good progress for free space: 113M, need 1310K
[1369.837s][info][gc,ergo        ] GC(17511) Good progress for used space: 101888K, need 256K
[1369.837s][info][gc             ] GC(17511) Pause Degenerated GC (Mark) 107M->8M(128M) 97.215ms
[1369.837s][info][gc,ergo        ] Free: 113M, Max: 256K regular, 113M humongous, Frag: 0% external, 5% internal; Reserve: 6656K, Max: 256K
[1369.837s][info][gc,stats       ] 
[1369.837s][info][gc,stats       ] All times are wall-clock times, except per-root-class counters, that are sum over
[1369.837s][info][gc,stats       ] all workers. Dividing the <total> over the root stage time estimates parallelism.
[1369.837s][info][gc,stats       ] 
[1369.838s][info][gc,stats       ]   Finish Queues                   63324 us
[1369.838s][info][gc,stats       ]   Weak References                  3917 us
[1369.838s][info][gc,stats       ]     Process                        3903 us
[1369.838s][info][gc,stats       ]   System Purge                      359 us
[1369.838s][info][gc,stats       ]     Weak Roots                      358 us
[1369.838s][info][gc,stats       ]   Update Region States               18 us
[1369.838s][info][gc,stats       ]   Retire TLABs                        7 us
[1369.838s][info][gc,stats       ]   Choose Collection Set             440 us
[1369.838s][info][gc,stats       ]   Rebuild Free Set                   22 us
[1369.838s][info][gc,stats       ]   Initial Evacuation                 15 us
[1369.838s][info][gc,stats       ]   Retire GCLABs                       9 us
[1369.838s][info][gc,stats       ]   Finish Work                     13465 us
[1369.838s][info][gc,stats       ]   Update Region States                7 us
[1369.838s][info][gc,stats       ]   Trash Collection Set                2 us
[1369.838s][info][gc,stats       ]   Rebuild Free Set                    7 us
[1369.838s][info][gc,stats       ] Pause Degenerated GC (G)          97501 us
[1369.838s][info][gc,stats       ] Pause Degenerated GC (N)          97172 us
[1369.838s][info][gc,stats       ]   Degen Update Roots                790 us, parallelism: 2.20x
[1369.838s][info][gc,stats       ]     DU: <total>                    1738 us
[1369.838s][info][gc,stats       ]     DU: Thread Roots                119 us, workers (us):  25,  50,   2,  41, ---, ---, ---, ---, ---, ---, ---, ---, ---, ---, ---, ---, ---, ---, ---, ---, ---, ---, ---, ---, 
[1369.838s][info][gc,stats       ]     DU: Code Cache Roots            898 us, workers (us): 383, 128,   1, 386, ---, ---, ---, ---, ---, ---, ---, ---, ---, ---, ---, ---, ---, ---, ---, ---, ---, ---, ---, ---, 
[1369.838s][info][gc,stats       ]     DU: Universe Roots                5 us, workers (us):   5, ---, ---, ---, ---, ---, ---, ---, ---, ---, ---, ---, ---, ---, ---, ---, ---, ---, ---, ---, ---, ---, ---, ---, 
[1369.838s][info][gc,stats       ]     DU: JNI Handles Roots             7 us, workers (us): ---, ---,   7, ---, ---, ---, ---, ---, ---, ---, ---, ---, ---, ---, ---, ---, ---, ---, ---, ---, ---, ---, ---, ---, 
[1369.838s][info][gc,stats       ]     DU: Synchronizer Roots            0 us, workers (us): ---,   0, ---, ---, ---, ---, ---, ---, ---, ---, ---, ---, ---, ---, ---, ---, ---, ---, ---, ---, ---, ---, ---, ---, 
[1369.838s][info][gc,stats       ]     DU: Management Roots              2 us, workers (us): ---,   2, ---, ---, ---, ---, ---, ---, ---, ---, ---, ---, ---, ---, ---, ---, ---, ---, ---, ---, ---, ---, ---, ---, 
[1369.838s][info][gc,stats       ]     DU: System Dict Roots             7 us, workers (us):   7, ---, ---, ---, ---, ---, ---, ---, ---, ---, ---, ---, ---, ---, ---, ---, ---, ---, ---, ---, ---, ---, ---, ---, 
[1369.838s][info][gc,stats       ]     DU: CLDG Roots                  699 us, workers (us): ---, 241, 459, ---, ---, ---, ---, ---, ---, ---, ---, ---, ---, ---, ---, ---, ---, ---, ---, ---, ---, ---, ---, ---, 
[1369.838s][info][gc,stats       ]     DU: JVMTI Roots                   1 us, workers (us): ---, ---, ---,   1, ---, ---, ---, ---, ---, ---, ---, ---, ---, ---, ---, ---, ---, ---, ---, ---, ---, ---, ---, ---, 
[1369.838s][info][gc,stats       ] 
[1369.838s][info][gc,stats       ] Allocation pacing accrued:
[1369.838s][info][gc,stats       ]       0 of    99 ms (  0.0%): <total>
[1369.838s][info][gc,stats       ]       0 of    99 ms (  0.0%): <average total>
[1369.838s][info][gc,stats       ] 
[1369.838s][info][gc,metaspace   ] Metaspace: 24233K->24233K(1071104K)
[1369.838s][info][gc,ergo        ] Pacer for Idle. Initial: 2621K, Alloc Tax Rate: 1.0x
[1369.840s][info][gc             ] Trigger: Allocated since last cycle (16128K) is larger than allocation threshold (13107K)
[1369.840s][info][gc,ergo        ] Free: 99584K, Max: 256K regular, 99584K humongous, Frag: 0% external, 0% internal; Reserve: 6656K, Max: 256K
[1369.840s][info][gc,start       ] GC(17512) Concurrent reset
[1369.840s][info][gc,task        ] GC(17512) Using 4 of 24 workers for concurrent reset
[1369.840s][info][gc,ergo        ] GC(17512) Pacer for Reset. Non-Taxable: 128M
[1369.841s][info][gc             ] GC(17512) Concurrent reset 0.340ms
[1369.841s][info][gc,start       ] GC(17512) Pause Init Mark
[1369.841s][info][gc,task        ] GC(17512) Using 4 of 24 workers for init marking
[1369.844s][info][gc,ergo        ] GC(17512) Pacer for Mark. Expected Live: 11693K, Free: 99584K, Non-Taxable: 9958K, Alloc Tax Rate: 0.1x
[1369.844s][info][gc             ] GC(17512) Pause Init Mark 2.565ms
[1369.844s][info][gc,start       ] GC(17512) Concurrent marking
[1369.844s][info][gc,task        ] GC(17512) Using 4 of 24 workers for concurrent marking
[1369.882s][info][gc             ] GC(17512) Concurrent marking 38.159ms
[1369.882s][info][gc,start       ] GC(17512) Pause Final Mark
[1369.882s][info][gc,task        ] GC(17512) Using 4 of 24 workers for final marking
[1369.883s][info][gc,ergo        ] GC(17512) CSet Selection. Actual Free: 52992K, Max CSet: 39744K
[1369.883s][info][gc,ergo        ] GC(17512) Collectable Garbage: 9538K (99%), Immediate: 9216K (96%), CSet: 322K (3%)
[1369.883s][info][gc,ergo        ] GC(17512) Pacer for Evacuation. Used CSet: 512K, Free: 46592K, Non-Taxable: 4659K, Alloc Tax Rate: 1.1x
[1369.883s][info][gc             ] GC(17512) Pause Final Mark 1.326ms
[1369.883s][info][gc,start       ] GC(17512) Concurrent cleanup
[1369.885s][info][gc             ] GC(17512) Concurrent cleanup 82M->82M(128M) 1.597ms
[1369.885s][info][gc,ergo        ] GC(17512) Free: 37120K, Max: 256K regular, 37120K humongous, Frag: 0% external, 14% internal; Reserve: 6651K, Max: 256K
[1369.885s][info][gc,start       ] GC(17512) Concurrent evacuation
[1369.885s][info][gc,task        ] GC(17512) Using 4 of 24 workers for concurrent evacuation
[1369.886s][info][gc             ] GC(17512) Concurrent evacuation 0.509ms
[1369.887s][info][gc,start       ] GC(17512) Pause Init Update Refs
[1369.887s][info][gc,ergo        ] GC(17512) Pacer for Update Refs. Used: 84223K, Free: 37120K, Non-Taxable: 3712K, Alloc Tax Rate: 2.8x
[1369.887s][info][gc             ] GC(17512) Pause Init Update Refs 0.065ms
[1369.887s][info][gc,start       ] GC(17512) Concurrent update references
[1369.887s][info][gc,task        ] GC(17512) Using 4 of 24 workers for concurrent reference update
[1369.901s][info][gc             ] GC(17512) Concurrent update references 13.619ms
[1369.901s][info][gc,start       ] GC(17512) Pause Final Update Refs
[1369.901s][info][gc,task        ] GC(17512) Using 4 of 24 workers for final reference update
[1369.902s][info][gc             ] GC(17512) Pause Final Update Refs 0.253ms
[1369.902s][info][gc,start       ] GC(17512) Concurrent cleanup
[1369.902s][info][gc             ] GC(17512) Concurrent cleanup 87M->86M(128M) 0.151ms
[1369.902s][info][gc             ] GC(17512) Dat log --- cycle is complete
Current gc epoch: 9307
heap: ______
capacity: 134217728
used: 91225960
committed: 134217728
bytes_allocated_since_gc_start: 79430232
hot_size: 0
cold_size: 5861530
num_regions: 512
hot_region_count: 18446744073709538204
cold_region_count: 13413
histogram: Placeholder

[1369.902s][info][gc             ] GC(17512) Obj count ac histogram
[1369.902s][info][gc             ] GC(17512) 	0: 472879
[1369.902s][info][gc             ] GC(17512) 	1: 30
[1369.902s][info][gc             ] GC(17512) 	2: 8011
[1369.902s][info][gc             ] GC(17512) 	3: 9911
[1369.902s][info][gc             ] GC(17512) 	4: 6675
[1369.902s][info][gc             ] GC(17512) 	5: 40
[1369.902s][info][gc             ] GC(17512) 	6: 0
[1369.902s][info][gc             ] GC(17512) 	7: 0
[1369.902s][info][gc             ] GC(17512) 	8: 0
[1369.902s][info][gc             ] GC(17512) 	9: 0
[1369.902s][info][gc             ] GC(17512) 	10: 0
[1369.902s][info][gc             ] GC(17512) 	11: 0
[1369.902s][info][gc             ] GC(17512) 	12: 0
[1369.902s][info][gc             ] GC(17512) 	13: 0
[1369.902s][info][gc             ] GC(17512) 	14: 0
[1369.902s][info][gc             ] GC(17512) 	15: 0
[1369.902s][info][gc             ] GC(17512) 	16: 0
[1369.902s][info][gc             ] GC(17512) 	17: 0
[1369.902s][info][gc             ] GC(17512) 	18: 0
[1369.902s][info][gc             ] GC(17512) 	19: 0
[1369.902s][info][gc             ] GC(17512) Obj size ac histogram
[1369.902s][info][gc             ] GC(17512) 	0: 4615384
[1369.902s][info][gc             ] GC(17512) 	1: 1440
[1369.902s][info][gc             ] GC(17512) 	2: 96337
[1369.902s][info][gc             ] GC(17512) 	3: 130821
[1369.902s][info][gc             ] GC(17512) 	4: 42800
[1369.902s][info][gc             ] GC(17512) 	5: 394
[1369.902s][info][gc             ] GC(17512) 	6: 0
[1369.902s][info][gc             ] GC(17512) 	7: 0
[1369.902s][info][gc             ] GC(17512) 	8: 0
[1369.902s][info][gc             ] GC(17512) 	9: 0
[1369.902s][info][gc             ] GC(17512) 	10: 0
[1369.902s][info][gc             ] GC(17512) 	11: 0
[1369.902s][info][gc             ] GC(17512) 	12: 0
[1369.902s][info][gc             ] GC(17512) 	13: 0
[1369.902s][info][gc             ] GC(17512) 	14: 0
[1369.902s][info][gc             ] GC(17512) 	15: 0
[1369.902s][info][gc             ] GC(17512) 	16: 0
[1369.902s][info][gc             ] GC(17512) 	17: 0
[1369.902s][info][gc             ] GC(17512) 	18: 0
[1369.902s][info][gc             ] GC(17512) 	19: 0
[1369.902s][info][gc,ergo        ] Free: 31744K, Max: 256K regular, 31488K humongous, Frag: 1% external, 16% internal; Reserve: 6656K, Max: 256K
[1369.902s][info][gc,stats       ] 
[1369.902s][info][gc,stats       ] All times are wall-clock times, except per-root-class counters, that are sum over
[1369.902s][info][gc,stats       ] all workers. Dividing the <total> over the root stage time estimates parallelism.
[1369.902s][info][gc,stats       ] 
[1369.902s][info][gc,stats       ] Concurrent Reset                    322 us
[1369.902s][info][gc,stats       ] Pause Init Mark (G)                3187 us
[1369.902s][info][gc,stats       ] Pause Init Mark (N)                2522 us
[1369.902s][info][gc,stats       ]   Accumulate Stats                    4 us
[1369.902s][info][gc,stats       ]   Make Parsable                      45 us
[1369.902s][info][gc,stats       ]   Update Region States                4 us
[1369.902s][info][gc,stats       ]   Scan Roots                       2059 us, parallelism: 2.03x
[1369.902s][info][gc,stats       ]     S: <total>                     4173 us
[1369.902s][info][gc,stats       ]     S: Thread Roots                 414 us, workers (us):   1, 183,   1, 229, ---, ---, ---, ---, ---, ---, ---, ---, ---, ---, ---, ---, ---, ---, ---, ---, ---, ---, ---, ---, 
[1369.902s][info][gc,stats       ]     S: Universe Roots                16 us, workers (us):  16, ---, ---, ---, ---, ---, ---, ---, ---, ---, ---, ---, ---, ---, ---, ---, ---, ---, ---, ---, ---, ---, ---, ---, 
[1369.902s][info][gc,stats       ]     S: JNI Handles Roots             28 us, workers (us): ---,  28, ---, ---, ---, ---, ---, ---, ---, ---, ---, ---, ---, ---, ---, ---, ---, ---, ---, ---, ---, ---, ---, ---, 
[1369.902s][info][gc,stats       ]     S: Synchronizer Roots             0 us, workers (us):   0, ---, ---, ---, ---, ---, ---, ---, ---, ---, ---, ---, ---, ---, ---, ---, ---, ---, ---, ---, ---, ---, ---, ---, 
[1369.902s][info][gc,stats       ]     S: Management Roots               1 us, workers (us):   1, ---, ---, ---, ---, ---, ---, ---, ---, ---, ---, ---, ---, ---, ---, ---, ---, ---, ---, ---, ---, ---, ---, ---, 
[1369.903s][info][gc,stats       ]     S: System Dict Roots             16 us, workers (us):  16, ---, ---, ---, ---, ---, ---, ---, ---, ---, ---, ---, ---, ---, ---, ---, ---, ---, ---, ---, ---, ---, ---, ---, 
[1369.903s][info][gc,stats       ]     S: CLDG Roots                  3697 us, workers (us): 1902, ---, 1795, ---, ---, ---, ---, ---, ---, ---, ---, ---, ---, ---, ---, ---, ---, ---, ---, ---, ---, ---, ---, ---, 
[1369.903s][info][gc,stats       ]     S: JVMTI Roots                    1 us, workers (us): ---,   1, ---, ---, ---, ---, ---, ---, ---, ---, ---, ---, ---, ---, ---, ---, ---, ---, ---, ---, ---, ---, ---, ---, 
[1369.903s][info][gc,stats       ]   Resize TLABs                        4 us
[1369.903s][info][gc,stats       ] Concurrent Marking                38104 us
[1369.903s][info][gc,stats       ] Pause Final Mark (G)               1500 us
[1369.903s][info][gc,stats       ] Pause Final Mark (N)               1301 us
[1369.903s][info][gc,stats       ]   Finish Queues                     148 us
[1369.903s][info][gc,stats       ]   System Purge                      410 us
[1369.903s][info][gc,stats       ]     Weak Roots                      409 us
[1369.903s][info][gc,stats       ]   Update Region States               22 us
[1369.903s][info][gc,stats       ]   Retire TLABs                       50 us
[1369.903s][info][gc,stats       ]   Choose Collection Set              88 us
[1369.903s][info][gc,stats       ]   Rebuild Free Set                   16 us
[1369.903s][info][gc,stats       ]   Initial Evacuation                553 us, parallelism: 1.89x
[1369.903s][info][gc,stats       ]     E: <total>                     1047 us
[1369.903s][info][gc,stats       ]     E: Thread Roots                  76 us, workers (us):   1,   1,  29,  44, ---, ---, ---, ---, ---, ---, ---, ---, ---, ---, ---, ---, ---, ---, ---, ---, ---, ---, ---, ---, 
[1369.903s][info][gc,stats       ]     E: Code Cache Roots             720 us, workers (us): 137, 250, 230, 103, ---, ---, ---, ---, ---, ---, ---, ---, ---, ---, ---, ---, ---, ---, ---, ---, ---, ---, ---, ---, 
[1369.903s][info][gc,stats       ]     E: Universe Roots                 3 us, workers (us):   3, ---, ---, ---, ---, ---, ---, ---, ---, ---, ---, ---, ---, ---, ---, ---, ---, ---, ---, ---, ---, ---, ---, ---, 
[1369.903s][info][gc,stats       ]     E: JNI Handles Roots              1 us, workers (us):   1, ---, ---, ---, ---, ---, ---, ---, ---, ---, ---, ---, ---, ---, ---, ---, ---, ---, ---, ---, ---, ---, ---, ---, 
[1369.903s][info][gc,stats       ]     E: Synchronizer Roots             0 us, workers (us):   0, ---, ---, ---, ---, ---, ---, ---, ---, ---, ---, ---, ---, ---, ---, ---, ---, ---, ---, ---, ---, ---, ---, ---, 
[1369.903s][info][gc,stats       ]     E: Management Roots               1 us, workers (us):   1, ---, ---, ---, ---, ---, ---, ---, ---, ---, ---, ---, ---, ---, ---, ---, ---, ---, ---, ---, ---, ---, ---, ---, 
[1369.903s][info][gc,stats       ]     E: System Dict Roots              6 us, workers (us):   6, ---, ---, ---, ---, ---, ---, ---, ---, ---, ---, ---, ---, ---, ---, ---, ---, ---, ---, ---, ---, ---, ---, ---, 
[1369.903s][info][gc,stats       ]     E: CLDG Roots                   238 us, workers (us): 136, ---, ---, 102, ---, ---, ---, ---, ---, ---, ---, ---, ---, ---, ---, ---, ---, ---, ---, ---, ---, ---, ---, ---, 
[1369.903s][info][gc,stats       ]     E: JVMTI Roots                    0 us, workers (us):   0, ---, ---, ---, ---, ---, ---, ---, ---, ---, ---, ---, ---, ---, ---, ---, ---, ---, ---, ---, ---, ---, ---, ---, 
[1369.903s][info][gc,stats       ] Concurrent Cleanup                 1549 us
[1369.903s][info][gc,stats       ] Concurrent Evacuation               493 us
[1369.903s][info][gc,stats       ] Pause Init  Update Refs (G)        1764 us
[1369.903s][info][gc,stats       ] Pause Init  Update Refs (N)          29 us
[1369.903s][info][gc,stats       ]   Retire GCLABs                      11 us
[1369.903s][info][gc,stats       ] Concurrent Update Refs            13569 us
[1369.903s][info][gc,stats       ] Pause Final Update Refs (G)         527 us
[1369.903s][info][gc,stats       ] Pause Final Update Refs (N)         206 us
[1369.903s][info][gc,stats       ]   Update Roots                      151 us, parallelism: 0.84x
[1369.903s][info][gc,stats       ]     UR: <total>                     128 us
[1369.903s][info][gc,stats       ]     UR: Thread Roots                128 us, workers (us):  43,  26,  43,  15, ---, ---, ---, ---, ---, ---, ---, ---, ---, ---, ---, ---, ---, ---, ---, ---, ---, ---, ---, ---, 
[1369.903s][info][gc,stats       ]   Update Region States               13 us
[1369.903s][info][gc,stats       ]   Trash Collection Set                7 us
[1369.903s][info][gc,stats       ]   Rebuild Free Set                   15 us
[1369.903s][info][gc,stats       ] Concurrent Cleanup                  122 us
[1369.903s][info][gc,stats       ] Pacing                            38095 us
[1369.903s][info][gc,stats       ] 
[1369.903s][info][gc,stats       ] Allocation pacing accrued:
[1369.903s][info][gc,stats       ]      38 of    65 ms ( 58.5%): pl.nadoba.jvm.gc.benchmark.App.main()
[1369.903s][info][gc,stats       ]      38 of    65 ms ( 58.5%): <total>
[1369.903s][info][gc,stats       ]       4 of    65 ms (  5.8%): <average total>
[1369.903s][info][gc,stats       ]      38 of    65 ms ( 58.5%): <average non-zero>
[1369.903s][info][gc,stats       ] 
[1369.903s][info][gc,metaspace   ] Metaspace: 24233K->24233K(1071104K)
[1369.903s][info][gc,ergo        ] Pacer for Idle. Initial: 2621K, Alloc Tax Rate: 1.0x
[1369.904s][info][gc             ] Trigger: Allocated since last cycle (77568K) is larger than allocation threshold (13107K)
[1369.904s][info][gc,ergo        ] Free: 31744K, Max: 256K regular, 31488K humongous, Frag: 1% external, 16% internal; Reserve: 6656K, Max: 256K
[1369.904s][info][gc,start       ] GC(17513) Concurrent reset
[1369.904s][info][gc,task        ] GC(17513) Using 4 of 24 workers for concurrent reset
[1369.904s][info][gc,ergo        ] GC(17513) Pacer for Reset. Non-Taxable: 128M
[1369.905s][info][gc             ] GC(17513) Concurrent reset 0.570ms
[1369.907s][info][gc,start       ] GC(17513) Pause Init Mark
[1369.907s][info][gc,task        ] GC(17513) Using 4 of 24 workers for init marking
[1369.909s][info][gc,ergo        ] GC(17513) Pacer for Mark. Expected Live: 12922K, Free: 23296K, Non-Taxable: 2329K, Alloc Tax Rate: 0.7x
[1369.909s][info][gc             ] GC(17513) Pause Init Mark 2.698ms
[1369.909s][info][gc,start       ] GC(17513) Concurrent marking
[1369.909s][info][gc,task        ] GC(17513) Using 4 of 24 workers for concurrent marking
[1369.942s][info][gc             ] Failed to allocate Shared, 3072K
[1369.942s][info][gc             ] Cancelling GC: Allocation Failure
[1369.943s][info][gc             ] GC(17513) Concurrent marking 33.334ms
[1369.943s][info][gc,ergo        ] Free: 2816K, Max: 256K regular, 2816K humongous, Frag: 0% external, 0% internal; Reserve: 6656K, Max: 256K
[1369.943s][info][gc,stats       ] 
[1369.943s][info][gc,stats       ] All times are wall-clock times, except per-root-class counters, that are sum over
[1369.943s][info][gc,stats       ] all workers. Dividing the <total> over the root stage time estimates parallelism.
[1369.943s][info][gc,stats       ] 
[1369.943s][info][gc,stats       ] Concurrent Reset                    553 us
[1369.943s][info][gc,stats       ] Pause Init Mark (G)                4535 us
[1369.943s][info][gc,stats       ] Pause Init Mark (N)                2649 us
[1369.943s][info][gc,stats       ]   Accumulate Stats                    6 us
[1369.943s][info][gc,stats       ]   Make Parsable                      50 us
[1369.943s][info][gc,stats       ]   Update Region States                7 us
[1369.943s][info][gc,stats       ]   Scan Roots                       2106 us, parallelism: 1.74x
[1369.943s][info][gc,stats       ]     S: <total>                     3663 us
[1369.943s][info][gc,stats       ]     S: Thread Roots                 356 us, workers (us): 245,   1, 108,   2, ---, ---, ---, ---, ---, ---, ---, ---, ---, ---, ---, ---, ---, ---, ---, ---, ---, ---, ---, ---, 
[1369.943s][info][gc,stats       ]     S: Universe Roots                41 us, workers (us):  41, ---, ---, ---, ---, ---, ---, ---, ---, ---, ---, ---, ---, ---, ---, ---, ---, ---, ---, ---, ---, ---, ---, ---, 
[1369.943s][info][gc,stats       ]     S: JNI Handles Roots             20 us, workers (us): ---,  20, ---, ---, ---, ---, ---, ---, ---, ---, ---, ---, ---, ---, ---, ---, ---, ---, ---, ---, ---, ---, ---, ---, 
[1369.943s][info][gc,stats       ]     S: Synchronizer Roots             0 us, workers (us): ---,   0, ---, ---, ---, ---, ---, ---, ---, ---, ---, ---, ---, ---, ---, ---, ---, ---, ---, ---, ---, ---, ---, ---, 
[1369.943s][info][gc,stats       ]     S: Management Roots               1 us, workers (us): ---,   1, ---, ---, ---, ---, ---, ---, ---, ---, ---, ---, ---, ---, ---, ---, ---, ---, ---, ---, ---, ---, ---, ---, 
[1369.943s][info][gc,stats       ]     S: System Dict Roots             38 us, workers (us): ---, ---,  38, ---, ---, ---, ---, ---, ---, ---, ---, ---, ---, ---, ---, ---, ---, ---, ---, ---, ---, ---, ---, ---, 
[1369.943s][info][gc,stats       ]     S: CLDG Roots                  3206 us, workers (us): ---, 1280, ---, 1926, ---, ---, ---, ---, ---, ---, ---, ---, ---, ---, ---, ---, ---, ---, ---, ---, ---, ---, ---, ---, 
[1369.943s][info][gc,stats       ]     S: JVMTI Roots                    0 us, workers (us): ---,   0, ---, ---, ---, ---, ---, ---, ---, ---, ---, ---, ---, ---, ---, ---, ---, ---, ---, ---, ---, ---, ---, ---, 
[1369.943s][info][gc,stats       ]   Resize TLABs                        7 us
[1369.943s][info][gc,stats       ] Concurrent Marking                33275 us
[1369.943s][info][gc,stats       ] Pacing                            32243 us
[1369.943s][info][gc,stats       ] 
[1369.943s][info][gc,stats       ] Allocation pacing accrued:
[1369.943s][info][gc,stats       ]      32 of    40 ms ( 80.2%): pl.nadoba.jvm.gc.benchmark.App.main()
[1369.943s][info][gc,stats       ]      32 of    40 ms ( 80.2%): <total>
[1369.943s][info][gc,stats       ]       3 of    40 ms (  8.0%): <average total>
[1369.943s][info][gc,stats       ]      32 of    40 ms ( 80.2%): <average non-zero>
[1369.943s][info][gc,stats       ] 
[1369.943s][info][gc,metaspace   ] Metaspace: 24233K->24233K(1071104K)
[1369.943s][info][gc,ergo        ] Pacer for Idle. Initial: 2621K, Alloc Tax Rate: 1.0x
[1369.944s][info][gc             ] Trigger: Handle Allocation Failure
[1369.945s][info][gc,ergo        ] Free: 2816K, Max: 256K regular, 2816K humongous, Frag: 0% external, 0% internal; Reserve: 6656K, Max: 256K
[1369.945s][info][gc,start       ] GC(17514) Pause Degenerated GC (Mark)
[1369.945s][info][gc,task        ] GC(17514) Using 4 of 24 workers for stw degenerated gc
[1369.981s][info][gc,ergo        ] GC(17514) CSet Selection. Actual Free: 89600K, Max CSet: 67200K
[1369.981s][info][gc,ergo        ] GC(17514) Collectable Garbage: 80450K (99%), Immediate: 80128K (99%), CSet: 322K (0%)
[1369.981s][info][gc,ergo        ] GC(17514) Pacer for Evacuation. Used CSet: 512K, Free: 86528K, Non-Taxable: 8652K, Alloc Tax Rate: 1.1x
[1369.995s][info][gc,ergo        ] GC(17514) Pacer for Update Refs. Used: 37119K, Free: 86528K, Non-Taxable: 8652K, Alloc Tax Rate: 1.1x
[1370.008s][info][gc,ergo        ] GC(17514) Good progress for free space: 86784K, need 1310K
[1370.008s][info][gc,ergo        ] GC(17514) Good progress for used space: 80384K, need 256K
[1370.008s][info][gc             ] GC(17514) Pause Degenerated GC (Mark) 114M->35M(128M) 62.942ms
[1370.008s][info][gc,ergo        ] Free: 86784K, Max: 256K regular, 74496K humongous, Frag: 15% external, 6% internal; Reserve: 6656K, Max: 256K
[1370.008s][info][gc,stats       ] 
[1370.008s][info][gc,stats       ] All times are wall-clock times, except per-root-class counters, that are sum over
[1370.008s][info][gc,stats       ] all workers. Dividing the <total> over the root stage time estimates parallelism.
[1370.008s][info][gc,stats       ] 
[1370.008s][info][gc,stats       ]   Finish Queues                   35496 us
[1370.008s][info][gc,stats       ]   System Purge                      372 us
[1370.008s][info][gc,stats       ]     Weak Roots                      370 us
[1370.008s][info][gc,stats       ]   Update Region States               19 us
[1370.008s][info][gc,stats       ]   Retire TLABs                       53 us
[1370.008s][info][gc,stats       ]   Choose Collection Set             365 us
[1370.008s][info][gc,stats       ]   Rebuild Free Set                   20 us
[1370.008s][info][gc,stats       ]   Initial Evacuation                 17 us
[1370.008s][info][gc,stats       ]   Retire GCLABs                      17 us
[1370.008s][info][gc,stats       ]   Finish Work                     11804 us
[1370.008s][info][gc,stats       ]   Update Region States               12 us
[1370.008s][info][gc,stats       ]   Trash Collection Set                3 us
[1370.008s][info][gc,stats       ]   Rebuild Free Set                    6 us
[1370.008s][info][gc,stats       ] Pause Degenerated GC (G)          63242 us
[1370.008s][info][gc,stats       ] Pause Degenerated GC (N)          62901 us
[1370.008s][info][gc,stats       ]   Degen Update Roots                632 us, parallelism: 2.05x
[1370.008s][info][gc,stats       ]     DU: <total>                    1299 us
[1370.008s][info][gc,stats       ]     DU: Thread Roots                107 us, workers (us):  28,   2,  33,  44, ---, ---, ---, ---, ---, ---, ---, ---, ---, ---, ---, ---, ---, ---, ---, ---, ---, ---, ---, ---, 
[1370.008s][info][gc,stats       ]     DU: Code Cache Roots            788 us, workers (us): 297,  87, 123, 281, ---, ---, ---, ---, ---, ---, ---, ---, ---, ---, ---, ---, ---, ---, ---, ---, ---, ---, ---, ---, 
[1370.008s][info][gc,stats       ]     DU: Universe Roots               13 us, workers (us):  13, ---, ---, ---, ---, ---, ---, ---, ---, ---, ---, ---, ---, ---, ---, ---, ---, ---, ---, ---, ---, ---, ---, ---, 
[1370.008s][info][gc,stats       ]     DU: JNI Handles Roots             5 us, workers (us): ---,   5, ---, ---, ---, ---, ---, ---, ---, ---, ---, ---, ---, ---, ---, ---, ---, ---, ---, ---, ---, ---, ---, ---, 
[1370.008s][info][gc,stats       ]     DU: Synchronizer Roots            0 us, workers (us):   0, ---, ---, ---, ---, ---, ---, ---, ---, ---, ---, ---, ---, ---, ---, ---, ---, ---, ---, ---, ---, ---, ---, ---, 
[1370.008s][info][gc,stats       ]     DU: Management Roots              1 us, workers (us):   1, ---, ---, ---, ---, ---, ---, ---, ---, ---, ---, ---, ---, ---, ---, ---, ---, ---, ---, ---, ---, ---, ---, ---, 
[1370.008s][info][gc,stats       ]     DU: System Dict Roots             7 us, workers (us):   7, ---, ---, ---, ---, ---, ---, ---, ---, ---, ---, ---, ---, ---, ---, ---, ---, ---, ---, ---, ---, ---, ---, ---, 
[1370.008s][info][gc,stats       ]     DU: CLDG Roots                  376 us, workers (us): ---, 219, 157, ---, ---, ---, ---, ---, ---, ---, ---, ---, ---, ---, ---, ---, ---, ---, ---, ---, ---, ---, ---, ---, 
[1370.008s][info][gc,stats       ]     DU: JVMTI Roots                   1 us, workers (us): ---,   1, ---, ---, ---, ---, ---, ---, ---, ---, ---, ---, ---, ---, ---, ---, ---, ---, ---, ---, ---, ---, ---, ---, 
[1370.008s][info][gc,stats       ] 
[1370.008s][info][gc,stats       ] Allocation pacing accrued:
[1370.008s][info][gc,stats       ]       0 of    65 ms (  0.0%): <total>
[1370.008s][info][gc,stats       ]       0 of    65 ms (  0.0%): <average total>
[1370.008s][info][gc,stats       ] 
[1370.008s][info][gc,metaspace   ] Metaspace: 24233K->24233K(1071104K)
[1370.008s][info][gc,ergo        ] Pacer for Idle. Initial: 2621K, Alloc Tax Rate: 1.0x
[1370.026s][info][gc             ] Trigger: Allocated since last cycle (16640K) is larger than allocation threshold (13107K)
[1370.026s][info][gc,ergo        ] Free: 70144K, Max: 256K regular, 66816K humongous, Frag: 5% external, 0% internal; Reserve: 6656K, Max: 256K
[1370.027s][info][gc,start       ] GC(17515) Concurrent reset
[1370.027s][info][gc,task        ] GC(17515) Using 4 of 24 workers for concurrent reset
[1370.027s][info][gc,ergo        ] GC(17515) Pacer for Reset. Non-Taxable: 128M
[1370.027s][info][gc             ] GC(17515) Concurrent reset 0.437ms
[1370.028s][info][gc,start       ] GC(17515) Pause Init Mark (process weakrefs)
[1370.028s][info][gc,task        ] GC(17515) Using 4 of 24 workers for init marking
[1370.030s][info][gc,ergo        ] GC(17515) Pacer for Mark. Expected Live: 14151K, Free: 70144K, Non-Taxable: 7014K, Alloc Tax Rate: 0.2x
[1370.030s][info][gc             ] GC(17515) Pause Init Mark (process weakrefs) 2.576ms
[1370.030s][info][gc,start       ] GC(17515) Concurrent marking (process weakrefs)
[1370.030s][info][gc,task        ] GC(17515) Using 4 of 24 workers for concurrent marking
[1370.092s][info][gc             ] GC(17515) Concurrent marking (process weakrefs) 61.215ms
[1370.092s][info][gc,start       ] GC(17515) Concurrent precleaning
[1370.092s][info][gc,task        ] GC(17515) Using 1 of 24 workers for concurrent preclean
[1370.092s][info][gc,ergo        ] GC(17515) Pacer for Precleaning. Non-Taxable: 128M
[1370.094s][info][gc             ] GC(17515) Concurrent precleaning 2.190ms
[1370.094s][info][gc,start       ] GC(17515) Pause Final Mark (process weakrefs)
[1370.094s][info][gc,task        ] GC(17515) Using 4 of 24 workers for final marking
[1370.095s][info][gc,ergo        ] GC(17515) CSet Selection. Actual Free: 65024K, Max CSet: 48768K
[1370.095s][info][gc,ergo        ] GC(17515) Collectable Garbage: 38466K (99%), Immediate: 38144K (99%), CSet: 322K (0%)
[1370.096s][info][gc,ergo        ] GC(17515) Pacer for Evacuation. Used CSet: 512K, Free: 60160K, Non-Taxable: 6016K, Alloc Tax Rate: 1.1x
[1370.096s][info][gc             ] GC(17515) Pause Final Mark (process weakrefs) 1.552ms
[1370.096s][info][gc,start       ] GC(17515) Concurrent cleanup
[1370.102s][info][gc             ] GC(17515) Concurrent cleanup 97M->66M(128M) 6.472ms
[1370.102s][info][gc,ergo        ] GC(17515) Free: 53248K, Max: 256K regular, 48640K humongous, Frag: 9% external, 0% internal; Reserve: 6651K, Max: 256K
[1370.102s][info][gc,start       ] GC(17515) Concurrent evacuation
[1370.102s][info][gc,task        ] GC(17515) Using 4 of 24 workers for concurrent evacuation
[1370.103s][info][gc             ] GC(17515) Concurrent evacuation 1.051ms
[1370.103s][info][gc,start       ] GC(17515) Pause Init Update Refs
[1370.104s][info][gc,ergo        ] GC(17515) Pacer for Update Refs. Used: 68095K, Free: 53248K, Non-Taxable: 5324K, Alloc Tax Rate: 1.6x
[1370.104s][info][gc             ] GC(17515) Pause Init Update Refs 0.077ms
[1370.104s][info][gc,start       ] GC(17515) Concurrent update references
[1370.104s][info][gc,task        ] GC(17515) Using 4 of 24 workers for concurrent reference update
[1370.120s][info][gc             ] GC(17515) Concurrent update references 16.786ms
[1370.122s][info][gc,start       ] GC(17515) Pause Final Update Refs
[1370.122s][info][gc,task        ] GC(17515) Using 4 of 24 workers for final reference update
[1370.122s][info][gc             ] GC(17515) Pause Final Update Refs 0.274ms
[1370.122s][info][gc,start       ] GC(17515) Concurrent cleanup
[1370.123s][info][gc             ] GC(17515) Concurrent cleanup 83M->87M(128M) 0.183ms
[1370.123s][info][gc             ] GC(17515) Dat log --- cycle is complete
Current gc epoch: 9308
heap: ______
capacity: 134217728
used: 92274664
committed: 134217728
bytes_allocated_since_gc_start: 82575960
hot_size: 0
cold_size: 7696546
num_regions: 512
hot_region_count: 18446744073709538202
cold_region_count: 13415
histogram: Placeholder

[1370.123s][info][gc             ] GC(17515) Obj count ac histogram
[1370.123s][info][gc             ] GC(17515) 	0: 499374
[1370.123s][info][gc             ] GC(17515) 	1: 13
[1370.123s][info][gc             ] GC(17515) 	2: 4366
[1370.123s][info][gc             ] GC(17515) 	3: 3499
[1370.123s][info][gc             ] GC(17515) 	4: 777
[1370.123s][info][gc             ] GC(17515) 	5: 15
[1370.123s][info][gc             ] GC(17515) 	6: 0
[1370.123s][info][gc             ] GC(17515) 	7: 0
[1370.123s][info][gc             ] GC(17515) 	8: 0
[1370.123s][info][gc             ] GC(17515) 	9: 0
[1370.123s][info][gc             ] GC(17515) 	10: 0
[1370.123s][info][gc             ] GC(17515) 	11: 0
[1370.123s][info][gc             ] GC(17515) 	12: 0
[1370.123s][info][gc             ] GC(17515) 	13: 0
[1370.123s][info][gc             ] GC(17515) 	14: 0
[1370.123s][info][gc             ] GC(17515) 	15: 0
[1370.123s][info][gc             ] GC(17515) 	16: 0
[1370.123s][info][gc             ] GC(17515) 	17: 0
[1370.123s][info][gc             ] GC(17515) 	18: 0
[1370.123s][info][gc             ] GC(17515) 	19: 0
[1370.123s][info][gc             ] GC(17515) Obj size ac histogram
[1370.123s][info][gc             ] GC(17515) 	0: 6069158
[1370.123s][info][gc             ] GC(17515) 	1: 624
[1370.123s][info][gc             ] GC(17515) 	2: 64104
[1370.123s][info][gc             ] GC(17515) 	3: 26239
[1370.123s][info][gc             ] GC(17515) 	4: 4743
[1370.123s][info][gc             ] GC(17515) 	5: 150
[1370.123s][info][gc             ] GC(17515) 	6: 0
[1370.123s][info][gc             ] GC(17515) 	7: 0
[1370.123s][info][gc             ] GC(17515) 	8: 0
[1370.123s][info][gc             ] GC(17515) 	9: 0
[1370.123s][info][gc             ] GC(17515) 	10: 0
[1370.123s][info][gc             ] GC(17515) 	11: 0
[1370.123s][info][gc             ] GC(17515) 	12: 0
[1370.123s][info][gc             ] GC(17515) 	13: 0
[1370.123s][info][gc             ] GC(17515) 	14: 0
[1370.123s][info][gc             ] GC(17515) 	15: 0
[1370.123s][info][gc             ] GC(17515) 	16: 0
[1370.123s][info][gc             ] GC(17515) 	17: 0
[1370.123s][info][gc             ] GC(17515) 	18: 0
[1370.123s][info][gc             ] GC(17515) 	19: 0
[1370.123s][info][gc,ergo        ] Free: 29696K, Max: 256K regular, 28416K humongous, Frag: 5% external, 17% internal; Reserve: 6656K, Max: 256K
[1370.123s][info][gc,stats       ] 
[1370.123s][info][gc,stats       ] All times are wall-clock times, except per-root-class counters, that are sum over
[1370.123s][info][gc,stats       ] all workers. Dividing the <total> over the root stage time estimates parallelism.
[1370.123s][info][gc,stats       ] 
[1370.123s][info][gc,stats       ] Concurrent Reset                    417 us
[1370.123s][info][gc,stats       ] Pause Init Mark (G)                3376 us
[1370.123s][info][gc,stats       ] Pause Init Mark (N)                2531 us
[1370.123s][info][gc,stats       ]   Accumulate Stats                    4 us
[1370.123s][info][gc,stats       ]   Make Parsable                      43 us
[1370.123s][info][gc,stats       ]   Update Region States                5 us
[1370.123s][info][gc,stats       ]   Scan Roots                       2023 us, parallelism: 1.85x
[1370.123s][info][gc,stats       ]     S: <total>                     3736 us
[1370.123s][info][gc,stats       ]     S: Thread Roots                 479 us, workers (us):   1,   2, 281, 194, ---, ---, ---, ---, ---, ---, ---, ---, ---, ---, ---, ---, ---, ---, ---, ---, ---, ---, ---, ---, 
[1370.123s][info][gc,stats       ]     S: Universe Roots                22 us, workers (us):  22, ---, ---, ---, ---, ---, ---, ---, ---, ---, ---, ---, ---, ---, ---, ---, ---, ---, ---, ---, ---, ---, ---, ---, 
[1370.123s][info][gc,stats       ]     S: JNI Handles Roots              4 us, workers (us):   4, ---, ---, ---, ---, ---, ---, ---, ---, ---, ---, ---, ---, ---, ---, ---, ---, ---, ---, ---, ---, ---, ---, ---, 
[1370.123s][info][gc,stats       ]     S: Synchronizer Roots             0 us, workers (us):   0, ---, ---, ---, ---, ---, ---, ---, ---, ---, ---, ---, ---, ---, ---, ---, ---, ---, ---, ---, ---, ---, ---, ---, 
[1370.123s][info][gc,stats       ]     S: Management Roots               1 us, workers (us):   1, ---, ---, ---, ---, ---, ---, ---, ---, ---, ---, ---, ---, ---, ---, ---, ---, ---, ---, ---, ---, ---, ---, ---, 
[1370.123s][info][gc,stats       ]     S: System Dict Roots              9 us, workers (us):   9, ---, ---, ---, ---, ---, ---, ---, ---, ---, ---, ---, ---, ---, ---, ---, ---, ---, ---, ---, ---, ---, ---, ---, 
[1370.123s][info][gc,stats       ]     S: CLDG Roots                  3221 us, workers (us): 1378, 1843, ---, ---, ---, ---, ---, ---, ---, ---, ---, ---, ---, ---, ---, ---, ---, ---, ---, ---, ---, ---, ---, ---, 
[1370.123s][info][gc,stats       ]     S: JVMTI Roots                    0 us, workers (us):   0, ---, ---, ---, ---, ---, ---, ---, ---, ---, ---, ---, ---, ---, ---, ---, ---, ---, ---, ---, ---, ---, ---, ---, 
[1370.123s][info][gc,stats       ]   Resize TLABs                        7 us
[1370.123s][info][gc,stats       ] Concurrent Marking                61161 us
[1370.123s][info][gc,stats       ] Concurrent Precleaning             2168 us
[1370.123s][info][gc,stats       ] Pause Final Mark (G)               1851 us
[1370.123s][info][gc,stats       ] Pause Final Mark (N)               1509 us
[1370.123s][info][gc,stats       ]   Finish Queues                     156 us
[1370.123s][info][gc,stats       ]   Weak References                    45 us
[1370.123s][info][gc,stats       ]     Process                          36 us
[1370.123s][info][gc,stats       ]   System Purge                      402 us
[1370.123s][info][gc,stats       ]     Weak Roots                      401 us
[1370.123s][info][gc,stats       ]   Update Region States               21 us
[1370.123s][info][gc,stats       ]   Retire TLABs                       50 us
[1370.123s][info][gc,stats       ]   Choose Collection Set             189 us
[1370.123s][info][gc,stats       ]   Rebuild Free Set                   18 us
[1370.123s][info][gc,stats       ]   Initial Evacuation                604 us, parallelism: 2.03x
[1370.123s][info][gc,stats       ]     E: <total>                     1226 us
[1370.123s][info][gc,stats       ]     E: Thread Roots                 127 us, workers (us):  16,  22,   1,  88, ---, ---, ---, ---, ---, ---, ---, ---, ---, ---, ---, ---, ---, ---, ---, ---, ---, ---, ---, ---, 
[1370.123s][info][gc,stats       ]     E: Code Cache Roots             703 us, workers (us): 258, 154, 291,   0, ---, ---, ---, ---, ---, ---, ---, ---, ---, ---, ---, ---, ---, ---, ---, ---, ---, ---, ---, ---, 
[1370.123s][info][gc,stats       ]     E: Universe Roots                14 us, workers (us):  14, ---, ---, ---, ---, ---, ---, ---, ---, ---, ---, ---, ---, ---, ---, ---, ---, ---, ---, ---, ---, ---, ---, ---, 
[1370.123s][info][gc,stats       ]     E: JNI Handles Roots              1 us, workers (us):   1, ---, ---, ---, ---, ---, ---, ---, ---, ---, ---, ---, ---, ---, ---, ---, ---, ---, ---, ---, ---, ---, ---, ---, 
[1370.123s][info][gc,stats       ]     E: Synchronizer Roots             0 us, workers (us): ---,   0, ---, ---, ---, ---, ---, ---, ---, ---, ---, ---, ---, ---, ---, ---, ---, ---, ---, ---, ---, ---, ---, ---, 
[1370.124s][info][gc,stats       ]     E: Management Roots               4 us, workers (us): ---, ---,   4, ---, ---, ---, ---, ---, ---, ---, ---, ---, ---, ---, ---, ---, ---, ---, ---, ---, ---, ---, ---, ---, 
[1370.124s][info][gc,stats       ]     E: System Dict Roots             13 us, workers (us): ---, ---, ---,  13, ---, ---, ---, ---, ---, ---, ---, ---, ---, ---, ---, ---, ---, ---, ---, ---, ---, ---, ---, ---, 
[1370.124s][info][gc,stats       ]     E: CLDG Roots                   364 us, workers (us): ---, 112, ---, 252, ---, ---, ---, ---, ---, ---, ---, ---, ---, ---, ---, ---, ---, ---, ---, ---, ---, ---, ---, ---, 
[1370.124s][info][gc,stats       ]     E: JVMTI Roots                    1 us, workers (us): ---,   1, ---, ---, ---, ---, ---, ---, ---, ---, ---, ---, ---, ---, ---, ---, ---, ---, ---, ---, ---, ---, ---, ---, 
[1370.124s][info][gc,stats       ] Concurrent Cleanup                 6426 us
[1370.124s][info][gc,stats       ] Concurrent Evacuation              1043 us
[1370.124s][info][gc,stats       ] Pause Init  Update Refs (G)         318 us
[1370.124s][info][gc,stats       ] Pause Init  Update Refs (N)          37 us
[1370.124s][info][gc,stats       ]   Retire GCLABs                      16 us
[1370.124s][info][gc,stats       ] Concurrent Update Refs            16757 us
[1370.124s][info][gc,stats       ] Pause Final Update Refs (G)        2049 us
[1370.124s][info][gc,stats       ] Pause Final Update Refs (N)         224 us
[1370.124s][info][gc,stats       ]   Update Roots                      168 us, parallelism: 0.85x
[1370.124s][info][gc,stats       ]     UR: <total>                     143 us
[1370.124s][info][gc,stats       ]     UR: Thread Roots                143 us, workers (us):  36,  28,  51,  29, ---, ---, ---, ---, ---, ---, ---, ---, ---, ---, ---, ---, ---, ---, ---, ---, ---, ---, ---, ---, 
[1370.124s][info][gc,stats       ]   Update Region States               11 us
[1370.124s][info][gc,stats       ]   Trash Collection Set                6 us
[1370.124s][info][gc,stats       ]   Rebuild Free Set                   17 us
[1370.124s][info][gc,stats       ] Concurrent Cleanup                  137 us
[1370.124s][info][gc,stats       ] Pacing                            90576 us
[1370.124s][info][gc,stats       ] 
[1370.124s][info][gc,stats       ] Allocation pacing accrued:
[1370.124s][info][gc,stats       ]      91 of   115 ms ( 78.5%): pl.nadoba.jvm.gc.benchmark.App.main()
[1370.124s][info][gc,stats       ]      91 of   115 ms ( 78.5%): <total>
[1370.124s][info][gc,stats       ]       9 of   115 ms (  7.9%): <average total>
[1370.124s][info][gc,stats       ]      91 of   115 ms ( 78.5%): <average non-zero>
[1370.124s][info][gc,stats       ] 
[1370.124s][info][gc,metaspace   ] Metaspace: 24233K->24233K(1071104K)
[1370.124s][info][gc,ergo        ] Pacer for Idle. Initial: 2621K, Alloc Tax Rate: 1.0x
[1370.125s][info][gc             ] Trigger: Allocated since last cycle (83968K) is larger than allocation threshold (13107K)
[1370.125s][info][gc,ergo        ] Free: 26368K, Max: 256K regular, 25088K humongous, Frag: 5% external, 19% internal; Reserve: 6656K, Max: 256K
[1370.125s][info][gc,start       ] GC(17516) Concurrent reset
[1370.125s][info][gc,task        ] GC(17516) Using 4 of 24 workers for concurrent reset
[1370.125s][info][gc,ergo        ] GC(17516) Pacer for Reset. Non-Taxable: 128M
[1370.125s][info][gc             ] GC(17516) Concurrent reset 0.478ms
[1370.126s][info][gc,start       ] GC(17516) Pause Init Mark
[1370.126s][info][gc,task        ] GC(17516) Using 4 of 24 workers for init marking
[1370.128s][info][gc,ergo        ] GC(17516) Pacer for Mark. Expected Live: 13537K, Free: 26368K, Non-Taxable: 2636K, Alloc Tax Rate: 0.6x
[1370.128s][info][gc             ] GC(17516) Pause Init Mark 2.477ms
[1370.128s][info][gc,start       ] GC(17516) Concurrent marking
[1370.128s][info][gc,task        ] GC(17516) Using 4 of 24 workers for concurrent marking
[1370.167s][info][gc             ] Failed to allocate Shared, 3072K
[1370.167s][info][gc             ] Cancelling GC: Allocation Failure
[1370.167s][info][gc             ] GC(17516) Concurrent marking 39.262ms
[1370.168s][info][gc,ergo        ] Free: 3584K, Max: 256K regular, 2560K humongous, Frag: 29% external, 0% internal; Reserve: 6656K, Max: 256K
[1370.168s][info][gc,stats       ] 
[1370.168s][info][gc,stats       ] All times are wall-clock times, except per-root-class counters, that are sum over
[1370.168s][info][gc,stats       ] all workers. Dividing the <total> over the root stage time estimates parallelism.
[1370.168s][info][gc,stats       ] 
[1370.168s][info][gc,stats       ] Concurrent Reset                    462 us
[1370.168s][info][gc,stats       ] Pause Init Mark (G)                2792 us
[1370.168s][info][gc,stats       ] Pause Init Mark (N)                2421 us
[1370.168s][info][gc,stats       ]   Accumulate Stats                    6 us
[1370.168s][info][gc,stats       ]   Make Parsable                      49 us
[1370.168s][info][gc,stats       ]   Update Region States                7 us
[1370.168s][info][gc,stats       ]   Scan Roots                       1866 us, parallelism: 1.88x
[1370.168s][info][gc,stats       ]     S: <total>                     3508 us
[1370.168s][info][gc,stats       ]     S: Thread Roots                 406 us, workers (us):   1, 164, 240,   2, ---, ---, ---, ---, ---, ---, ---, ---, ---, ---, ---, ---, ---, ---, ---, ---, ---, ---, ---, ---, 
[1370.168s][info][gc,stats       ]     S: Universe Roots                33 us, workers (us):  33, ---, ---, ---, ---, ---, ---, ---, ---, ---, ---, ---, ---, ---, ---, ---, ---, ---, ---, ---, ---, ---, ---, ---, 
[1370.168s][info][gc,stats       ]     S: JNI Handles Roots             27 us, workers (us): ---, ---,  27, ---, ---, ---, ---, ---, ---, ---, ---, ---, ---, ---, ---, ---, ---, ---, ---, ---, ---, ---, ---, ---, 
[1370.168s][info][gc,stats       ]     S: Synchronizer Roots             1 us, workers (us): ---,   1, ---, ---, ---, ---, ---, ---, ---, ---, ---, ---, ---, ---, ---, ---, ---, ---, ---, ---, ---, ---, ---, ---, 
[1370.168s][info][gc,stats       ]     S: Management Roots               3 us, workers (us): ---, ---,   3, ---, ---, ---, ---, ---, ---, ---, ---, ---, ---, ---, ---, ---, ---, ---, ---, ---, ---, ---, ---, ---, 
[1370.168s][info][gc,stats       ]     S: System Dict Roots             46 us, workers (us): ---,  46, ---, ---, ---, ---, ---, ---, ---, ---, ---, ---, ---, ---, ---, ---, ---, ---, ---, ---, ---, ---, ---, ---, 
[1370.168s][info][gc,stats       ]     S: CLDG Roots                  2991 us, workers (us): 1310, ---, ---, 1681, ---, ---, ---, ---, ---, ---, ---, ---, ---, ---, ---, ---, ---, ---, ---, ---, ---, ---, ---, ---, 
[1370.168s][info][gc,stats       ]     S: JVMTI Roots                    1 us, workers (us): ---, ---,   1, ---, ---, ---, ---, ---, ---, ---, ---, ---, ---, ---, ---, ---, ---, ---, ---, ---, ---, ---, ---, ---, 
[1370.168s][info][gc,stats       ]   Resize TLABs                        7 us
[1370.168s][info][gc,stats       ] Concurrent Marking                39211 us
[1370.168s][info][gc,stats       ] Pacing                            37450 us
[1370.168s][info][gc,stats       ] 
[1370.168s][info][gc,stats       ] Allocation pacing accrued:
[1370.168s][info][gc,stats       ]      37 of    44 ms ( 84.6%): pl.nadoba.jvm.gc.benchmark.App.main()
[1370.168s][info][gc,stats       ]      37 of    44 ms ( 84.6%): <total>
[1370.168s][info][gc,stats       ]       4 of    44 ms (  8.5%): <average total>
[1370.168s][info][gc,stats       ]      37 of    44 ms ( 84.6%): <average non-zero>
[1370.168s][info][gc,stats       ] 
[1370.168s][info][gc,metaspace   ] Metaspace: 24233K->24233K(1071104K)
[1370.168s][info][gc,ergo        ] Pacer for Idle. Initial: 2621K, Alloc Tax Rate: 1.0x
[1370.169s][info][gc             ] Trigger: Handle Allocation Failure
[1370.169s][info][gc,ergo        ] Free: 3584K, Max: 256K regular, 2560K humongous, Frag: 29% external, 0% internal; Reserve: 6656K, Max: 256K
[1370.169s][info][gc,start       ] GC(17517) Pause Degenerated GC (Mark)
[1370.169s][info][gc,task        ] GC(17517) Using 4 of 24 workers for stw degenerated gc
[1370.171s][info][gc,ergo        ] GC(17517) CSet Selection. Actual Free: 94464K, Max CSet: 70848K
[1370.171s][info][gc,ergo        ] GC(17517) Collectable Garbage: 84546K (99%), Immediate: 84224K (99%), CSet: 322K (0%)
[1370.171s][info][gc,ergo        ] GC(17517) Pacer for Evacuation. Used CSet: 512K, Free: 92672K, Non-Taxable: 9267K, Alloc Tax Rate: 1.1x
[1370.183s][info][gc,ergo        ] GC(17517) Pacer for Update Refs. Used: 30975K, Free: 92672K, Non-Taxable: 9267K, Alloc Tax Rate: 1.1x
[1370.199s][info][gc,ergo        ] GC(17517) Good progress for free space: 92928K, need 1310K
[1370.199s][info][gc,ergo        ] GC(17517) Good progress for used space: 84480K, need 256K
[1370.199s][info][gc             ] GC(17517) Pause Degenerated GC (Mark) 112M->29M(128M) 29.421ms
[1370.199s][info][gc,ergo        ] Free: 92928K, Max: 256K regular, 87552K humongous, Frag: 6% external, 6% internal; Reserve: 6656K, Max: 256K
[1370.199s][info][gc,stats       ] 
[1370.199s][info][gc,stats       ] All times are wall-clock times, except per-root-class counters, that are sum over
[1370.199s][info][gc,stats       ] all workers. Dividing the <total> over the root stage time estimates parallelism.
[1370.199s][info][gc,stats       ] 
[1370.199s][info][gc,stats       ]   Finish Queues                     182 us
[1370.199s][info][gc,stats       ]   System Purge                      472 us
[1370.199s][info][gc,stats       ]     Weak Roots                      471 us
[1370.199s][info][gc,stats       ]   Update Region States               21 us
[1370.199s][info][gc,stats       ]   Retire TLABs                       56 us
[1370.199s][info][gc,stats       ]   Choose Collection Set             387 us
[1370.199s][info][gc,stats       ]   Rebuild Free Set                   21 us
[1370.199s][info][gc,stats       ]   Initial Evacuation                 16 us
[1370.199s][info][gc,stats       ]   Retire GCLABs                      10 us
[1370.199s][info][gc,stats       ]   Finish Work                     14072 us
[1370.199s][info][gc,stats       ]   Update Region States                6 us
[1370.199s][info][gc,stats       ]   Trash Collection Set                3 us
[1370.199s][info][gc,stats       ]   Rebuild Free Set                   10 us
[1370.199s][info][gc,stats       ] Pause Degenerated GC (G)          29691 us
[1370.199s][info][gc,stats       ] Pause Degenerated GC (N)          29375 us
[1370.199s][info][gc,stats       ]   Degen Update Roots               1071 us, parallelism: 2.37x
[1370.199s][info][gc,stats       ]     DU: <total>                    2536 us
[1370.199s][info][gc,stats       ]     DU: Thread Roots                216 us, workers (us):  90,  30,  46,  50, ---, ---, ---, ---, ---, ---, ---, ---, ---, ---, ---, ---, ---, ---, ---, ---, ---, ---, ---, ---, 
[1370.199s][info][gc,stats       ]     DU: Code Cache Roots           1372 us, workers (us):  56, 150, 572, 594, ---, ---, ---, ---, ---, ---, ---, ---, ---, ---, ---, ---, ---, ---, ---, ---, ---, ---, ---, ---, 
[1370.199s][info][gc,stats       ]     DU: Universe Roots                9 us, workers (us):   9, ---, ---, ---, ---, ---, ---, ---, ---, ---, ---, ---, ---, ---, ---, ---, ---, ---, ---, ---, ---, ---, ---, ---, 
[1370.199s][info][gc,stats       ]     DU: JNI Handles Roots             4 us, workers (us):   4, ---, ---, ---, ---, ---, ---, ---, ---, ---, ---, ---, ---, ---, ---, ---, ---, ---, ---, ---, ---, ---, ---, ---, 
[1370.199s][info][gc,stats       ]     DU: Synchronizer Roots            0 us, workers (us):   0, ---, ---, ---, ---, ---, ---, ---, ---, ---, ---, ---, ---, ---, ---, ---, ---, ---, ---, ---, ---, ---, ---, ---, 
[1370.199s][info][gc,stats       ]     DU: Management Roots              2 us, workers (us):   2, ---, ---, ---, ---, ---, ---, ---, ---, ---, ---, ---, ---, ---, ---, ---, ---, ---, ---, ---, ---, ---, ---, ---, 
[1370.199s][info][gc,stats       ]     DU: System Dict Roots            13 us, workers (us):  13, ---, ---, ---, ---, ---, ---, ---, ---, ---, ---, ---, ---, ---, ---, ---, ---, ---, ---, ---, ---, ---, ---, ---, 
[1370.199s][info][gc,stats       ]     DU: CLDG Roots                  919 us, workers (us): 478, 441, ---, ---, ---, ---, ---, ---, ---, ---, ---, ---, ---, ---, ---, ---, ---, ---, ---, ---, ---, ---, ---, ---, 
[1370.199s][info][gc,stats       ]     DU: JVMTI Roots                   1 us, workers (us):   1, ---, ---, ---, ---, ---, ---, ---, ---, ---, ---, ---, ---, ---, ---, ---, ---, ---, ---, ---, ---, ---, ---, ---, 
[1370.199s][info][gc,stats       ] 
[1370.199s][info][gc,stats       ] Allocation pacing accrued:
[1370.199s][info][gc,stats       ]       0 of    31 ms (  0.0%): <total>
[1370.199s][info][gc,stats       ]       0 of    31 ms (  0.0%): <average total>
[1370.199s][info][gc,stats       ] 
[1370.200s][info][gc,metaspace   ] Metaspace: 24233K->24233K(1071104K)
[1370.200s][info][gc,ergo        ] Pacer for Idle. Initial: 2621K, Alloc Tax Rate: 1.0x
[1370.225s][info][gc             ] Trigger: Allocated since last cycle (20480K) is larger than allocation threshold (13107K)
[1370.225s][info][gc,ergo        ] Free: 72448K, Max: 256K regular, 67328K humongous, Frag: 8% external, 0% internal; Reserve: 6656K, Max: 256K
[1370.225s][info][gc,start       ] GC(17518) Concurrent reset
[1370.225s][info][gc,task        ] GC(17518) Using 4 of 24 workers for concurrent reset
[1370.225s][info][gc,ergo        ] GC(17518) Pacer for Reset. Non-Taxable: 128M
[1370.225s][info][gc             ] GC(17518) Concurrent reset 0.457ms
[1370.227s][info][gc,start       ] GC(17518) Pause Init Mark
[1370.227s][info][gc,task        ] GC(17518) Using 4 of 24 workers for init marking
[1370.229s][info][gc,ergo        ] GC(17518) Pacer for Mark. Expected Live: 12513K, Free: 72448K, Non-Taxable: 7244K, Alloc Tax Rate: 0.2x
[1370.229s][info][gc             ] GC(17518) Pause Init Mark 2.043ms
[1370.229s][info][gc,start       ] GC(17518) Concurrent marking
[1370.229s][info][gc,task        ] GC(17518) Using 4 of 24 workers for concurrent marking
[1370.290s][info][gc             ] GC(17518) Concurrent marking 61.643ms
[1370.291s][info][gc,start       ] GC(17518) Pause Final Mark
[1370.291s][info][gc,task        ] GC(17518) Using 4 of 24 workers for final marking
[1370.291s][info][gc,ergo        ] GC(17518) CSet Selection. Actual Free: 46848K, Max CSet: 35136K
[1370.291s][info][gc,ergo        ] GC(17518) Collectable Garbage: 33346K (99%), Immediate: 33024K (98%), CSet: 322K (0%)
[1370.292s][info][gc,ergo        ] GC(17518) Pacer for Evacuation. Used CSet: 512K, Free: 41728K, Non-Taxable: 4172K, Alloc Tax Rate: 1.1x
[1370.292s][info][gc             ] GC(17518) Pause Final Mark 1.498ms
[1370.292s][info][gc,start       ] GC(17518) Concurrent cleanup
[1370.298s][info][gc             ] GC(17518) Concurrent cleanup 110M->88M(128M) 5.658ms
[1370.298s][info][gc,ergo        ] GC(17518) Free: 30720K, Max: 256K regular, 29696K humongous, Frag: 4% external, 0% internal; Reserve: 6651K, Max: 256K
[1370.298s][info][gc,start       ] GC(17518) Concurrent evacuation
[1370.298s][info][gc,task        ] GC(17518) Using 4 of 24 workers for concurrent evacuation
[1370.298s][info][gc             ] GC(17518) Concurrent evacuation 0.618ms
[1370.299s][info][gc,start       ] GC(17518) Pause Init Update Refs
[1370.299s][info][gc,ergo        ] GC(17518) Pacer for Update Refs. Used: 90623K, Free: 30720K, Non-Taxable: 3072K, Alloc Tax Rate: 3.6x
[1370.299s][info][gc             ] GC(17518) Pause Init Update Refs 0.083ms
[1370.299s][info][gc,start       ] GC(17518) Concurrent update references
[1370.299s][info][gc,task        ] GC(17518) Using 4 of 24 workers for concurrent reference update
[1370.314s][info][gc             ] GC(17518) Concurrent update references 15.540ms
[1370.315s][info][gc,start       ] GC(17518) Pause Final Update Refs
[1370.315s][info][gc,task        ] GC(17518) Using 4 of 24 workers for final reference update
[1370.315s][info][gc             ] GC(17518) Pause Final Update Refs 0.270ms
[1370.315s][info][gc,start       ] GC(17518) Concurrent cleanup
[1370.315s][info][gc             ] GC(17518) Concurrent cleanup 93M->92M(128M) 0.152ms
[1370.315s][info][gc             ] GC(17518) Dat log --- cycle is complete
Current gc epoch: 9309
heap: ______
capacity: 134217728
used: 97517480
committed: 134217728
bytes_allocated_since_gc_start: 84148824
hot_size: 0
cold_size: 7565470
num_regions: 512
hot_region_count: 18446744073709538200
cold_region_count: 13417
histogram: Placeholder

[1370.315s][info][gc             ] GC(17518) Obj count ac histogram
[1370.315s][info][gc             ] GC(17518) 	0: 486282
[1370.315s][info][gc             ] GC(17518) 	1: 15
[1370.315s][info][gc             ] GC(17518) 	2: 17
[1370.315s][info][gc             ] GC(17518) 	3: 2
[1370.315s][info][gc             ] GC(17518) 	4: 0
[1370.315s][info][gc             ] GC(17518) 	5: 0
[1370.315s][info][gc             ] GC(17518) 	6: 0
[1370.315s][info][gc             ] GC(17518) 	7: 0
[1370.315s][info][gc             ] GC(17518) 	8: 0
[1370.315s][info][gc             ] GC(17518) 	9: 0
[1370.315s][info][gc             ] GC(17518) 	10: 0
[1370.315s][info][gc             ] GC(17518) 	11: 0
[1370.315s][info][gc             ] GC(17518) 	12: 0
[1370.315s][info][gc             ] GC(17518) 	13: 0
[1370.315s][info][gc             ] GC(17518) 	14: 0
[1370.315s][info][gc             ] GC(17518) 	15: 0
[1370.315s][info][gc             ] GC(17518) 	16: 0
[1370.315s][info][gc             ] GC(17518) 	17: 0
[1370.315s][info][gc             ] GC(17518) 	18: 0
[1370.315s][info][gc             ] GC(17518) 	19: 0
[1370.315s][info][gc             ] GC(17518) Obj size ac histogram
[1370.315s][info][gc             ] GC(17518) 	0: 5188601
[1370.315s][info][gc             ] GC(17518) 	1: 720
[1370.315s][info][gc             ] GC(17518) 	2: 734
[1370.315s][info][gc             ] GC(17518) 	3: 14
[1370.315s][info][gc             ] GC(17518) 	4: 0
[1370.315s][info][gc             ] GC(17518) 	5: 0
[1370.315s][info][gc             ] GC(17518) 	6: 0
[1370.315s][info][gc             ] GC(17518) 	7: 0
[1370.315s][info][gc             ] GC(17518) 	8: 0
[1370.315s][info][gc             ] GC(17518) 	9: 0
[1370.315s][info][gc             ] GC(17518) 	10: 0
[1370.315s][info][gc             ] GC(17518) 	11: 0
[1370.315s][info][gc             ] GC(17518) 	12: 0
[1370.315s][info][gc             ] GC(17518) 	13: 0
[1370.315s][info][gc             ] GC(17518) 	14: 0
[1370.315s][info][gc             ] GC(17518) 	15: 0
[1370.315s][info][gc             ] GC(17518) 	16: 0
[1370.315s][info][gc             ] GC(17518) 	17: 0
[1370.315s][info][gc             ] GC(17518) 	18: 0
[1370.315s][info][gc             ] GC(17518) 	19: 0
[1370.316s][info][gc,ergo        ] Free: 25088K, Max: 256K regular, 23808K humongous, Frag: 6% external, 20% internal; Reserve: 6656K, Max: 256K
[1370.316s][info][gc,stats       ] 
[1370.316s][info][gc,stats       ] All times are wall-clock times, except per-root-class counters, that are sum over
[1370.316s][info][gc,stats       ] all workers. Dividing the <total> over the root stage time estimates parallelism.
[1370.316s][info][gc,stats       ] 
[1370.316s][info][gc,stats       ] Concurrent Reset                    430 us
[1370.316s][info][gc,stats       ] Pause Init Mark (G)                3209 us
[1370.316s][info][gc,stats       ] Pause Init Mark (N)                2009 us
[1370.316s][info][gc,stats       ]   Accumulate Stats                    4 us
[1370.316s][info][gc,stats       ]   Make Parsable                      44 us
[1370.316s][info][gc,stats       ]   Update Region States                5 us
[1370.316s][info][gc,stats       ]   Scan Roots                       1607 us, parallelism: 1.81x
[1370.316s][info][gc,stats       ]     S: <total>                     2905 us
[1370.316s][info][gc,stats       ]     S: Thread Roots                 267 us, workers (us):   2, 141, 123,   1, ---, ---, ---, ---, ---, ---, ---, ---, ---, ---, ---, ---, ---, ---, ---, ---, ---, ---, ---, ---, 
[1370.316s][info][gc,stats       ]     S: Universe Roots                22 us, workers (us):  22, ---, ---, ---, ---, ---, ---, ---, ---, ---, ---, ---, ---, ---, ---, ---, ---, ---, ---, ---, ---, ---, ---, ---, 
[1370.316s][info][gc,stats       ]     S: JNI Handles Roots             34 us, workers (us): ---, ---,  34, ---, ---, ---, ---, ---, ---, ---, ---, ---, ---, ---, ---, ---, ---, ---, ---, ---, ---, ---, ---, ---, 
[1370.316s][info][gc,stats       ]     S: Synchronizer Roots             0 us, workers (us): ---,   0, ---, ---, ---, ---, ---, ---, ---, ---, ---, ---, ---, ---, ---, ---, ---, ---, ---, ---, ---, ---, ---, ---, 
[1370.316s][info][gc,stats       ]     S: Management Roots               1 us, workers (us): ---,   1, ---, ---, ---, ---, ---, ---, ---, ---, ---, ---, ---, ---, ---, ---, ---, ---, ---, ---, ---, ---, ---, ---, 
[1370.316s][info][gc,stats       ]     S: System Dict Roots             30 us, workers (us): ---,  30, ---, ---, ---, ---, ---, ---, ---, ---, ---, ---, ---, ---, ---, ---, ---, ---, ---, ---, ---, ---, ---, ---, 
[1370.316s][info][gc,stats       ]     S: CLDG Roots                  2550 us, workers (us): 1427, ---, ---, 1123, ---, ---, ---, ---, ---, ---, ---, ---, ---, ---, ---, ---, ---, ---, ---, ---, ---, ---, ---, ---, 
[1370.316s][info][gc,stats       ]     S: JVMTI Roots                    1 us, workers (us): ---, ---, ---,   1, ---, ---, ---, ---, ---, ---, ---, ---, ---, ---, ---, ---, ---, ---, ---, ---, ---, ---, ---, ---, 
[1370.316s][info][gc,stats       ]   Resize TLABs                        7 us
[1370.316s][info][gc,stats       ] Concurrent Marking                61590 us
[1370.316s][info][gc,stats       ] Pause Final Mark (G)               1700 us
[1370.316s][info][gc,stats       ] Pause Final Mark (N)               1465 us
[1370.316s][info][gc,stats       ]   Finish Queues                     136 us
[1370.316s][info][gc,stats       ]   System Purge                      364 us
[1370.316s][info][gc,stats       ]     Weak Roots                      363 us
[1370.316s][info][gc,stats       ]   Update Region States               22 us
[1370.316s][info][gc,stats       ]   Retire TLABs                       48 us
[1370.316s][info][gc,stats       ]   Choose Collection Set             159 us
[1370.316s][info][gc,stats       ]   Rebuild Free Set                   15 us
[1370.316s][info][gc,stats       ]   Initial Evacuation                703 us, parallelism: 2.22x
[1370.316s][info][gc,stats       ]     E: <total>                     1559 us
[1370.316s][info][gc,stats       ]     E: Thread Roots                 127 us, workers (us):  36,  17,  16,  57, ---, ---, ---, ---, ---, ---, ---, ---, ---, ---, ---, ---, ---, ---, ---, ---, ---, ---, ---, ---, 
[1370.316s][info][gc,stats       ]     E: Code Cache Roots            1060 us, workers (us): 213, 149, 353, 344, ---, ---, ---, ---, ---, ---, ---, ---, ---, ---, ---, ---, ---, ---, ---, ---, ---, ---, ---, ---, 
[1370.316s][info][gc,stats       ]     E: Universe Roots                 5 us, workers (us):   5, ---, ---, ---, ---, ---, ---, ---, ---, ---, ---, ---, ---, ---, ---, ---, ---, ---, ---, ---, ---, ---, ---, ---, 
[1370.316s][info][gc,stats       ]     E: JNI Handles Roots              2 us, workers (us):   2, ---, ---, ---, ---, ---, ---, ---, ---, ---, ---, ---, ---, ---, ---, ---, ---, ---, ---, ---, ---, ---, ---, ---, 
[1370.316s][info][gc,stats       ]     E: Synchronizer Roots             0 us, workers (us):   0, ---, ---, ---, ---, ---, ---, ---, ---, ---, ---, ---, ---, ---, ---, ---, ---, ---, ---, ---, ---, ---, ---, ---, 
[1370.316s][info][gc,stats       ]     E: Management Roots               1 us, workers (us):   1, ---, ---, ---, ---, ---, ---, ---, ---, ---, ---, ---, ---, ---, ---, ---, ---, ---, ---, ---, ---, ---, ---, ---, 
[1370.316s][info][gc,stats       ]     E: System Dict Roots              8 us, workers (us):   8, ---, ---, ---, ---, ---, ---, ---, ---, ---, ---, ---, ---, ---, ---, ---, ---, ---, ---, ---, ---, ---, ---, ---, 
[1370.316s][info][gc,stats       ]     E: CLDG Roots                   355 us, workers (us): 140, 215, ---, ---, ---, ---, ---, ---, ---, ---, ---, ---, ---, ---, ---, ---, ---, ---, ---, ---, ---, ---, ---, ---, 
[1370.316s][info][gc,stats       ]     E: JVMTI Roots                    0 us, workers (us):   0, ---, ---, ---, ---, ---, ---, ---, ---, ---, ---, ---, ---, ---, ---, ---, ---, ---, ---, ---, ---, ---, ---, ---, 
[1370.316s][info][gc,stats       ] Concurrent Cleanup                 5608 us
[1370.316s][info][gc,stats       ] Concurrent Evacuation               602 us
[1370.316s][info][gc,stats       ] Pause Init  Update Refs (G)         328 us
[1370.316s][info][gc,stats       ] Pause Init  Update Refs (N)          40 us
[1370.316s][info][gc,stats       ]   Retire GCLABs                      18 us
[1370.316s][info][gc,stats       ] Concurrent Update Refs            15505 us
[1370.316s][info][gc,stats       ] Pause Final Update Refs (G)         530 us
[1370.316s][info][gc,stats       ] Pause Final Update Refs (N)         228 us
[1370.316s][info][gc,stats       ]   Update Roots                      167 us, parallelism: 1.26x
[1370.316s][info][gc,stats       ]     UR: <total>                     211 us
[1370.316s][info][gc,stats       ]     UR: Thread Roots                211 us, workers (us):  80,  49,  53,  29, ---, ---, ---, ---, ---, ---, ---, ---, ---, ---, ---, ---, ---, ---, ---, ---, ---, ---, ---, ---, 
[1370.316s][info][gc,stats       ]   Update Region States               16 us
[1370.316s][info][gc,stats       ]   Trash Collection Set                6 us
[1370.316s][info][gc,stats       ]   Rebuild Free Set                   14 us
[1370.316s][info][gc,stats       ] Concurrent Cleanup                  124 us
[1370.316s][info][gc,stats       ] Pacing                            86337 us
[1370.316s][info][gc,stats       ] 
[1370.316s][info][gc,stats       ] Allocation pacing accrued:
[1370.316s][info][gc,stats       ]      86 of   117 ms ( 73.8%): pl.nadoba.jvm.gc.benchmark.App.main()
[1370.316s][info][gc,stats       ]      86 of   117 ms ( 73.8%): <total>
[1370.316s][info][gc,stats       ]       9 of   117 ms (  7.4%): <average total>
[1370.316s][info][gc,stats       ]      86 of   117 ms ( 73.8%): <average non-zero>
[1370.316s][info][gc,stats       ] 
[1370.316s][info][gc,metaspace   ] Metaspace: 24233K->24233K(1071104K)
[1370.316s][info][gc,ergo        ] Pacer for Idle. Initial: 2621K, Alloc Tax Rate: 1.0x
[1370.318s][info][gc             ] Trigger: Allocated since last cycle (82176K) is larger than allocation threshold (13107K)
[1370.318s][info][gc,ergo        ] Free: 25088K, Max: 256K regular, 23808K humongous, Frag: 6% external, 20% internal; Reserve: 6656K, Max: 256K
[1370.318s][info][gc,start       ] GC(17519) Concurrent reset
[1370.318s][info][gc,task        ] GC(17519) Using 4 of 24 workers for concurrent reset
[1370.318s][info][gc,ergo        ] GC(17519) Pacer for Reset. Non-Taxable: 128M
[1370.318s][info][gc             ] GC(17519) Concurrent reset 0.529ms
[1370.318s][info][gc,start       ] GC(17519) Pause Init Mark
[1370.318s][info][gc,task        ] GC(17519) Using 4 of 24 workers for init marking
[1370.322s][info][gc,ergo        ] GC(17519) Pacer for Mark. Expected Live: 14151K, Free: 25088K, Non-Taxable: 2508K, Alloc Tax Rate: 0.7x
[1370.322s][info][gc             ] GC(17519) Pause Init Mark 3.345ms
[1370.322s][info][gc,start       ] GC(17519) Concurrent marking
[1370.322s][info][gc,task        ] GC(17519) Using 4 of 24 workers for concurrent marking
[1370.359s][info][gc             ] Failed to allocate Shared, 9216K
[1370.359s][info][gc             ] Cancelling GC: Allocation Failure
[1370.363s][info][gc             ] GC(17519) Concurrent marking 41.271ms
[1370.363s][info][gc,ergo        ] Free: 8704K, Max: 256K regular, 7680K humongous, Frag: 12% external, 0% internal; Reserve: 6656K, Max: 256K
[1370.363s][info][gc,stats       ] 
[1370.363s][info][gc,stats       ] All times are wall-clock times, except per-root-class counters, that are sum over
[1370.363s][info][gc,stats       ] all workers. Dividing the <total> over the root stage time estimates parallelism.
[1370.363s][info][gc,stats       ] 
[1370.363s][info][gc,stats       ] Concurrent Reset                    515 us
[1370.363s][info][gc,stats       ] Pause Init Mark (G)                3657 us
[1370.363s][info][gc,stats       ] Pause Init Mark (N)                3301 us
[1370.363s][info][gc,stats       ]   Accumulate Stats                    6 us
[1370.363s][info][gc,stats       ]   Make Parsable                      52 us
[1370.363s][info][gc,stats       ]   Update Region States                8 us
[1370.363s][info][gc,stats       ]   Scan Roots                       2741 us, parallelism: 1.95x
[1370.363s][info][gc,stats       ]     S: <total>                     5345 us
[1370.363s][info][gc,stats       ]     S: Thread Roots                 230 us, workers (us):  98, 128,   2,   2, ---, ---, ---, ---, ---, ---, ---, ---, ---, ---, ---, ---, ---, ---, ---, ---, ---, ---, ---, ---, 
[1370.363s][info][gc,stats       ]     S: Universe Roots                45 us, workers (us):  45, ---, ---, ---, ---, ---, ---, ---, ---, ---, ---, ---, ---, ---, ---, ---, ---, ---, ---, ---, ---, ---, ---, ---, 
[1370.363s][info][gc,stats       ]     S: JNI Handles Roots             34 us, workers (us): ---, ---,  34, ---, ---, ---, ---, ---, ---, ---, ---, ---, ---, ---, ---, ---, ---, ---, ---, ---, ---, ---, ---, ---, 
[1370.363s][info][gc,stats       ]     S: Synchronizer Roots             0 us, workers (us): ---,   0, ---, ---, ---, ---, ---, ---, ---, ---, ---, ---, ---, ---, ---, ---, ---, ---, ---, ---, ---, ---, ---, ---, 
[1370.363s][info][gc,stats       ]     S: Management Roots               1 us, workers (us): ---,   1, ---, ---, ---, ---, ---, ---, ---, ---, ---, ---, ---, ---, ---, ---, ---, ---, ---, ---, ---, ---, ---, ---, 
[1370.363s][info][gc,stats       ]     S: System Dict Roots             42 us, workers (us): ---,  42, ---, ---, ---, ---, ---, ---, ---, ---, ---, ---, ---, ---, ---, ---, ---, ---, ---, ---, ---, ---, ---, ---, 
[1370.363s][info][gc,stats       ]     S: CLDG Roots                  4993 us, workers (us): ---, ---, 2448, 2544, ---, ---, ---, ---, ---, ---, ---, ---, ---, ---, ---, ---, ---, ---, ---, ---, ---, ---, ---, ---, 
[1370.363s][info][gc,stats       ]     S: JVMTI Roots                    1 us, workers (us): ---, ---,   1, ---, ---, ---, ---, ---, ---, ---, ---, ---, ---, ---, ---, ---, ---, ---, ---, ---, ---, ---, ---, ---, 
[1370.363s][info][gc,stats       ]   Resize TLABs                        7 us
[1370.363s][info][gc,stats       ] Concurrent Marking                41208 us
[1370.363s][info][gc,stats       ] Pacing                            43640 us
[1370.364s][info][gc,stats       ] 
[1370.364s][info][gc,stats       ] Allocation pacing accrued:
[1370.364s][info][gc,stats       ]      44 of    47 ms ( 92.6%): pl.nadoba.jvm.gc.benchmark.App.main()
[1370.364s][info][gc,stats       ]      44 of    47 ms ( 92.6%): <total>
[1370.364s][info][gc,stats       ]       4 of    47 ms (  9.3%): <average total>
[1370.364s][info][gc,stats       ]      44 of    47 ms ( 92.6%): <average non-zero>
[1370.364s][info][gc,stats       ] 
[1370.364s][info][gc,metaspace   ] Metaspace: 24233K->24233K(1071104K)
[1370.364s][info][gc,ergo        ] Pacer for Idle. Initial: 2621K, Alloc Tax Rate: 1.0x
[1370.365s][info][gc             ] Trigger: Handle Allocation Failure
[1370.365s][info][gc,ergo        ] Free: 8704K, Max: 256K regular, 7680K humongous, Frag: 12% external, 0% internal; Reserve: 6656K, Max: 256K
[1370.365s][info][gc,start       ] GC(17520) Pause Degenerated GC (Mark)
[1370.365s][info][gc,task        ] GC(17520) Using 4 of 24 workers for stw degenerated gc
[1370.391s][info][gc,ergo        ] GC(17520) CSet Selection. Actual Free: 101632K, Max CSet: 76224K
[1370.391s][info][gc,ergo        ] GC(17520) Collectable Garbage: 86594K (99%), Immediate: 86272K (99%), CSet: 322K (0%)
[1370.391s][info][gc,ergo        ] GC(17520) Pacer for Evacuation. Used CSet: 512K, Free: 99072K, Non-Taxable: 9907K, Alloc Tax Rate: 1.1x
[1370.406s][info][gc,ergo        ] GC(17520) Pacer for Update Refs. Used: 24831K, Free: 99072K, Non-Taxable: 9907K, Alloc Tax Rate: 1.1x
[1370.418s][info][gc,ergo        ] GC(17520) Good progress for free space: 99328K, need 1310K
[1370.418s][info][gc,ergo        ] GC(17520) Good progress for used space: 86528K, need 256K
[1370.419s][info][gc             ] GC(17520) Pause Degenerated GC (Mark) 108M->23M(128M) 53.539ms
[1370.419s][info][gc,ergo        ] Free: 99328K, Max: 256K regular, 91648K humongous, Frag: 8% external, 6% internal; Reserve: 6656K, Max: 256K
[1370.419s][info][gc,stats       ] 
[1370.419s][info][gc,stats       ] All times are wall-clock times, except per-root-class counters, that are sum over
[1370.419s][info][gc,stats       ] all workers. Dividing the <total> over the root stage time estimates parallelism.
[1370.419s][info][gc,stats       ] 
[1370.419s][info][gc,stats       ]   Finish Queues                   25125 us
[1370.419s][info][gc,stats       ]   System Purge                      306 us
[1370.419s][info][gc,stats       ]     Weak Roots                      304 us
[1370.419s][info][gc,stats       ]   Update Region States               21 us
[1370.419s][info][gc,stats       ]   Retire TLABs                       60 us
[1370.419s][info][gc,stats       ]   Choose Collection Set             458 us
[1370.419s][info][gc,stats       ]   Rebuild Free Set                   22 us
[1370.419s][info][gc,stats       ]   Initial Evacuation                 17 us
[1370.419s][info][gc,stats       ]   Retire GCLABs                      10 us
[1370.419s][info][gc,stats       ]   Finish Work                     11167 us
[1370.419s][info][gc,stats       ]   Update Region States                9 us
[1370.419s][info][gc,stats       ]   Trash Collection Set                4 us
[1370.419s][info][gc,stats       ]   Rebuild Free Set                    7 us
[1370.419s][info][gc,stats       ] Pause Degenerated GC (G)          53856 us
[1370.419s][info][gc,stats       ] Pause Degenerated GC (N)          53489 us
[1370.419s][info][gc,stats       ]   Degen Update Roots                731 us, parallelism: 2.22x
[1370.419s][info][gc,stats       ]     DU: <total>                    1626 us
[1370.419s][info][gc,stats       ]     DU: Thread Roots                132 us, workers (us):   1,  32,  36,  63, ---, ---, ---, ---, ---, ---, ---, ---, ---, ---, ---, ---, ---, ---, ---, ---, ---, ---, ---, ---, 
[1370.419s][info][gc,stats       ]     DU: Code Cache Roots           1074 us, workers (us): 423, 146, 354, 151, ---, ---, ---, ---, ---, ---, ---, ---, ---, ---, ---, ---, ---, ---, ---, ---, ---, ---, ---, ---, 
[1370.419s][info][gc,stats       ]     DU: Universe Roots               10 us, workers (us):  10, ---, ---, ---, ---, ---, ---, ---, ---, ---, ---, ---, ---, ---, ---, ---, ---, ---, ---, ---, ---, ---, ---, ---, 
[1370.419s][info][gc,stats       ]     DU: JNI Handles Roots             5 us, workers (us):   5, ---, ---, ---, ---, ---, ---, ---, ---, ---, ---, ---, ---, ---, ---, ---, ---, ---, ---, ---, ---, ---, ---, ---, 
[1370.419s][info][gc,stats       ]     DU: Synchronizer Roots            1 us, workers (us):   1, ---, ---, ---, ---, ---, ---, ---, ---, ---, ---, ---, ---, ---, ---, ---, ---, ---, ---, ---, ---, ---, ---, ---, 
[1370.419s][info][gc,stats       ]     DU: Management Roots              3 us, workers (us):   3, ---, ---, ---, ---, ---, ---, ---, ---, ---, ---, ---, ---, ---, ---, ---, ---, ---, ---, ---, ---, ---, ---, ---, 
[1370.419s][info][gc,stats       ]     DU: System Dict Roots            17 us, workers (us):  17, ---, ---, ---, ---, ---, ---, ---, ---, ---, ---, ---, ---, ---, ---, ---, ---, ---, ---, ---, ---, ---, ---, ---, 
[1370.419s][info][gc,stats       ]     DU: CLDG Roots                  383 us, workers (us): ---, 196, ---, 188, ---, ---, ---, ---, ---, ---, ---, ---, ---, ---, ---, ---, ---, ---, ---, ---, ---, ---, ---, ---, 
[1370.419s][info][gc,stats       ]     DU: JVMTI Roots                   1 us, workers (us):   1, ---, ---, ---, ---, ---, ---, ---, ---, ---, ---, ---, ---, ---, ---, ---, ---, ---, ---, ---, ---, ---, ---, ---, 
[1370.419s][info][gc,stats       ] 
[1370.419s][info][gc,stats       ] Allocation pacing accrued:
[1370.419s][info][gc,stats       ]       0 of    56 ms (  0.0%): <total>
[1370.419s][info][gc,stats       ]       0 of    56 ms (  0.0%): <average total>
[1370.419s][info][gc,stats       ] 
[1370.419s][info][gc,metaspace   ] Metaspace: 24233K->24233K(1071104K)
[1370.419s][info][gc,ergo        ] Pacer for Idle. Initial: 2621K, Alloc Tax Rate: 1.0x
[1370.421s][info][gc             ] Trigger: Allocated since last cycle (14080K) is larger than allocation threshold (13107K)
[1370.421s][info][gc,ergo        ] Free: 85248K, Max: 256K regular, 77568K humongous, Frag: 10% external, 0% internal; Reserve: 6656K, Max: 256K
[1370.421s][info][gc,start       ] GC(17521) Concurrent reset
[1370.421s][info][gc,task        ] GC(17521) Using 4 of 24 workers for concurrent reset
[1370.421s][info][gc,ergo        ] GC(17521) Pacer for Reset. Non-Taxable: 128M
[1370.422s][info][gc             ] GC(17521) Concurrent reset 0.405ms
[1370.422s][info][gc,start       ] GC(17521) Pause Init Mark
[1370.422s][info][gc,task        ] GC(17521) Using 4 of 24 workers for init marking
[1370.425s][info][gc,ergo        ] GC(17521) Pacer for Mark. Expected Live: 12922K, Free: 85248K, Non-Taxable: 8524K, Alloc Tax Rate: 0.2x
[1370.425s][info][gc             ] GC(17521) Pause Init Mark 2.474ms
[1370.425s][info][gc,start       ] GC(17521) Concurrent marking
[1370.425s][info][gc,task        ] GC(17521) Using 4 of 24 workers for concurrent marking
[1370.485s][info][gc             ] GC(17521) Concurrent marking 60.405ms
[1370.485s][info][gc,start       ] GC(17521) Pause Final Mark
[1370.485s][info][gc,task        ] GC(17521) Using 4 of 24 workers for final marking
[1370.486s][info][gc,ergo        ] GC(17521) CSet Selection. Actual Free: 87296K, Max CSet: 65472K
[1370.486s][info][gc,ergo        ] GC(17521) Collectable Garbage: 29250K (99%), Immediate: 28928K (98%), CSet: 322K (1%)
[1370.487s][info][gc,ergo        ] GC(17521) Pacer for Evacuation. Used CSet: 512K, Free: 81920K, Non-Taxable: 8192K, Alloc Tax Rate: 1.1x
[1370.487s][info][gc             ] GC(17521) Pause Final Mark 1.578ms
[1370.487s][info][gc,start       ] GC(17521) Concurrent cleanup
[1370.492s][info][gc             ] GC(17521) Concurrent cleanup 68M->48M(128M) 4.762ms
[1370.492s][info][gc,ergo        ] GC(17521) Free: 72960K, Max: 256K regular, 67840K humongous, Frag: 8% external, 0% internal; Reserve: 6651K, Max: 256K
[1370.492s][info][gc,start       ] GC(17521) Concurrent evacuation
[1370.492s][info][gc,task        ] GC(17521) Using 4 of 24 workers for concurrent evacuation
[1370.493s][info][gc             ] GC(17521) Concurrent evacuation 0.828ms
[1370.493s][info][gc,start       ] GC(17521) Pause Init Update Refs
[1370.493s][info][gc,ergo        ] GC(17521) Pacer for Update Refs. Used: 49663K, Free: 72960K, Non-Taxable: 7296K, Alloc Tax Rate: 1.1x
[1370.493s][info][gc             ] GC(17521) Pause Init Update Refs 0.080ms
[1370.493s][info][gc,start       ] GC(17521) Concurrent update references
[1370.493s][info][gc,task        ] GC(17521) Using 4 of 24 workers for concurrent reference update
[1370.509s][info][gc             ] GC(17521) Concurrent update references 16.218ms
[1370.509s][info][gc,start       ] GC(17521) Pause Final Update Refs
[1370.509s][info][gc,task        ] GC(17521) Using 4 of 24 workers for final reference update
[1370.510s][info][gc             ] GC(17521) Pause Final Update Refs 0.321ms
[1370.510s][info][gc,start       ] GC(17521) Concurrent cleanup
[1370.510s][info][gc             ] GC(17521) Concurrent cleanup 63M->62M(128M) 0.159ms
[1370.510s][info][gc             ] GC(17521) Dat log --- cycle is complete
Current gc epoch: 9310
heap: ______
capacity: 134217728
used: 66060008
committed: 134217728
bytes_allocated_since_gc_start: 59769432
hot_size: 0
cold_size: 5992602
num_regions: 512
hot_region_count: 18446744073709538198
cold_region_count: 13419
histogram: Placeholder

[1370.510s][info][gc             ] GC(17521) Obj count ac histogram
[1370.510s][info][gc             ] GC(17521) 	0: 503648
[1370.510s][info][gc             ] GC(17521) 	1: 13
[1370.510s][info][gc             ] GC(17521) 	2: 17
[1370.510s][info][gc             ] GC(17521) 	3: 4
[1370.510s][info][gc             ] GC(17521) 	4: 0
[1370.510s][info][gc             ] GC(17521) 	5: 0
[1370.510s][info][gc             ] GC(17521) 	6: 0
[1370.510s][info][gc             ] GC(17521) 	7: 0
[1370.510s][info][gc             ] GC(17521) 	8: 0
[1370.510s][info][gc             ] GC(17521) 	9: 0
[1370.510s][info][gc             ] GC(17521) 	10: 0
[1370.510s][info][gc             ] GC(17521) 	11: 0
[1370.510s][info][gc             ] GC(17521) 	12: 0
[1370.510s][info][gc             ] GC(17521) 	13: 0
[1370.510s][info][gc             ] GC(17521) 	14: 0
[1370.510s][info][gc             ] GC(17521) 	15: 0
[1370.510s][info][gc             ] GC(17521) 	16: 0
[1370.510s][info][gc             ] GC(17521) 	17: 0
[1370.510s][info][gc             ] GC(17521) 	18: 0
[1370.510s][info][gc             ] GC(17521) 	19: 0
[1370.510s][info][gc             ] GC(17521) Obj size ac histogram
[1370.510s][info][gc             ] GC(17521) 	0: 3954665
[1370.510s][info][gc             ] GC(17521) 	1: 624
[1370.510s][info][gc             ] GC(17521) 	2: 816
[1370.510s][info][gc             ] GC(17521) 	3: 28
[1370.510s][info][gc             ] GC(17521) 	4: 0
[1370.510s][info][gc             ] GC(17521) 	5: 0
[1370.510s][info][gc             ] GC(17521) 	6: 0
[1370.510s][info][gc             ] GC(17521) 	7: 0
[1370.510s][info][gc             ] GC(17521) 	8: 0
[1370.510s][info][gc             ] GC(17521) 	9: 0
[1370.510s][info][gc             ] GC(17521) 	10: 0
[1370.510s][info][gc             ] GC(17521) 	11: 0
[1370.510s][info][gc             ] GC(17521) 	12: 0
[1370.510s][info][gc             ] GC(17521) 	13: 0
[1370.510s][info][gc             ] GC(17521) 	14: 0
[1370.510s][info][gc             ] GC(17521) 	15: 0
[1370.510s][info][gc             ] GC(17521) 	16: 0
[1370.510s][info][gc             ] GC(17521) 	17: 0
[1370.510s][info][gc             ] GC(17521) 	18: 0
[1370.510s][info][gc             ] GC(17521) 	19: 0
[1370.510s][info][gc,ergo        ] Free: 57344K, Max: 256K regular, 51968K humongous, Frag: 10% external, 10% internal; Reserve: 6656K, Max: 256K
[1370.510s][info][gc,stats       ] 
[1370.510s][info][gc,stats       ] All times are wall-clock times, except per-root-class counters, that are sum over
[1370.510s][info][gc,stats       ] all workers. Dividing the <total> over the root stage time estimates parallelism.
[1370.510s][info][gc,stats       ] 
[1370.510s][info][gc,stats       ] Concurrent Reset                    385 us
[1370.510s][info][gc,stats       ] Pause Init Mark (G)                2789 us
[1370.510s][info][gc,stats       ] Pause Init Mark (N)                2435 us
[1370.511s][info][gc,stats       ]   Accumulate Stats                    6 us
[1370.511s][info][gc,stats       ]   Make Parsable                      53 us
[1370.511s][info][gc,stats       ]   Update Region States                7 us
[1370.511s][info][gc,stats       ]   Scan Roots                       1957 us, parallelism: 1.80x
[1370.511s][info][gc,stats       ]     S: <total>                     3521 us
[1370.511s][info][gc,stats       ]     S: Thread Roots                 365 us, workers (us):   1, 180,   2, 182, ---, ---, ---, ---, ---, ---, ---, ---, ---, ---, ---, ---, ---, ---, ---, ---, ---, ---, ---, ---, 
[1370.511s][info][gc,stats       ]     S: Universe Roots                15 us, workers (us):  15, ---, ---, ---, ---, ---, ---, ---, ---, ---, ---, ---, ---, ---, ---, ---, ---, ---, ---, ---, ---, ---, ---, ---, 
[1370.511s][info][gc,stats       ]     S: JNI Handles Roots              9 us, workers (us):   9, ---, ---, ---, ---, ---, ---, ---, ---, ---, ---, ---, ---, ---, ---, ---, ---, ---, ---, ---, ---, ---, ---, ---, 
[1370.511s][info][gc,stats       ]     S: Synchronizer Roots             0 us, workers (us): ---,   0, ---, ---, ---, ---, ---, ---, ---, ---, ---, ---, ---, ---, ---, ---, ---, ---, ---, ---, ---, ---, ---, ---, 
[1370.511s][info][gc,stats       ]     S: Management Roots               2 us, workers (us): ---,   2, ---, ---, ---, ---, ---, ---, ---, ---, ---, ---, ---, ---, ---, ---, ---, ---, ---, ---, ---, ---, ---, ---, 
[1370.511s][info][gc,stats       ]     S: System Dict Roots             32 us, workers (us): ---,  32, ---, ---, ---, ---, ---, ---, ---, ---, ---, ---, ---, ---, ---, ---, ---, ---, ---, ---, ---, ---, ---, ---, 
[1370.511s][info][gc,stats       ]     S: CLDG Roots                  3098 us, workers (us): 1296, ---, 1802, ---, ---, ---, ---, ---, ---, ---, ---, ---, ---, ---, ---, ---, ---, ---, ---, ---, ---, ---, ---, ---, 
[1370.511s][info][gc,stats       ]     S: JVMTI Roots                    0 us, workers (us):   0, ---, ---, ---, ---, ---, ---, ---, ---, ---, ---, ---, ---, ---, ---, ---, ---, ---, ---, ---, ---, ---, ---, ---, 
[1370.511s][info][gc,stats       ]   Resize TLABs                        7 us
[1370.511s][info][gc,stats       ] Concurrent Marking                60354 us
[1370.511s][info][gc,stats       ] Pause Final Mark (G)               1769 us
[1370.511s][info][gc,stats       ] Pause Final Mark (N)               1535 us
[1370.511s][info][gc,stats       ]   Finish Queues                     157 us
[1370.511s][info][gc,stats       ]   System Purge                      310 us
[1370.511s][info][gc,stats       ]     Weak Roots                      309 us
[1370.511s][info][gc,stats       ]   Update Region States               18 us
[1370.511s][info][gc,stats       ]   Retire TLABs                       50 us
[1370.511s][info][gc,stats       ]   Choose Collection Set             156 us
[1370.511s][info][gc,stats       ]   Rebuild Free Set                   18 us
[1370.511s][info][gc,stats       ]   Initial Evacuation                802 us, parallelism: 2.37x
[1370.511s][info][gc,stats       ]     E: <total>                     1897 us
[1370.511s][info][gc,stats       ]     E: Thread Roots                 163 us, workers (us):  29,  39,  68,  28, ---, ---, ---, ---, ---, ---, ---, ---, ---, ---, ---, ---, ---, ---, ---, ---, ---, ---, ---, ---, 
[1370.511s][info][gc,stats       ]     E: Code Cache Roots            1229 us, workers (us): 436, 169, 401, 223, ---, ---, ---, ---, ---, ---, ---, ---, ---, ---, ---, ---, ---, ---, ---, ---, ---, ---, ---, ---, 
[1370.511s][info][gc,stats       ]     E: Universe Roots                 6 us, workers (us):   6, ---, ---, ---, ---, ---, ---, ---, ---, ---, ---, ---, ---, ---, ---, ---, ---, ---, ---, ---, ---, ---, ---, ---, 
[1370.511s][info][gc,stats       ]     E: JNI Handles Roots              2 us, workers (us):   2, ---, ---, ---, ---, ---, ---, ---, ---, ---, ---, ---, ---, ---, ---, ---, ---, ---, ---, ---, ---, ---, ---, ---, 
[1370.511s][info][gc,stats       ]     E: Synchronizer Roots             0 us, workers (us):   0, ---, ---, ---, ---, ---, ---, ---, ---, ---, ---, ---, ---, ---, ---, ---, ---, ---, ---, ---, ---, ---, ---, ---, 
[1370.511s][info][gc,stats       ]     E: Management Roots               2 us, workers (us):   2, ---, ---, ---, ---, ---, ---, ---, ---, ---, ---, ---, ---, ---, ---, ---, ---, ---, ---, ---, ---, ---, ---, ---, 
[1370.511s][info][gc,stats       ]     E: System Dict Roots             13 us, workers (us):  13, ---, ---, ---, ---, ---, ---, ---, ---, ---, ---, ---, ---, ---, ---, ---, ---, ---, ---, ---, ---, ---, ---, ---, 
[1370.511s][info][gc,stats       ]     E: CLDG Roots                   481 us, workers (us): ---, 277, ---, 205, ---, ---, ---, ---, ---, ---, ---, ---, ---, ---, ---, ---, ---, ---, ---, ---, ---, ---, ---, ---, 
[1370.511s][info][gc,stats       ]     E: JVMTI Roots                    1 us, workers (us):   1, ---, ---, ---, ---, ---, ---, ---, ---, ---, ---, ---, ---, ---, ---, ---, ---, ---, ---, ---, ---, ---, ---, ---, 
[1370.511s][info][gc,stats       ] Concurrent Cleanup                 4713 us
[1370.511s][info][gc,stats       ] Concurrent Evacuation               812 us
[1370.511s][info][gc,stats       ] Pause Init  Update Refs (G)         321 us
[1370.511s][info][gc,stats       ] Pause Init  Update Refs (N)          40 us
[1370.511s][info][gc,stats       ]   Retire GCLABs                      19 us
[1370.511s][info][gc,stats       ] Concurrent Update Refs            16190 us
[1370.511s][info][gc,stats       ] Pause Final Update Refs (G)         582 us
[1370.511s][info][gc,stats       ] Pause Final Update Refs (N)         280 us
[1370.511s][info][gc,stats       ]   Update Roots                      223 us, parallelism: 1.43x
[1370.511s][info][gc,stats       ]     UR: <total>                     319 us
[1370.511s][info][gc,stats       ]     UR: Thread Roots                319 us, workers (us):  63, 124,  26, 106, ---, ---, ---, ---, ---, ---, ---, ---, ---, ---, ---, ---, ---, ---, ---, ---, ---, ---, ---, ---, 
[1370.511s][info][gc,stats       ]   Update Region States               10 us
[1370.511s][info][gc,stats       ]   Trash Collection Set                6 us
[1370.511s][info][gc,stats       ]   Rebuild Free Set                   18 us
[1370.511s][info][gc,stats       ] Concurrent Cleanup                  129 us
[1370.511s][info][gc,stats       ] Pacing                            71073 us
[1370.511s][info][gc,stats       ] 
[1370.511s][info][gc,stats       ] Allocation pacing accrued:
[1370.511s][info][gc,stats       ]      71 of    92 ms ( 77.3%): pl.nadoba.jvm.gc.benchmark.App.main()
[1370.511s][info][gc,stats       ]      71 of    92 ms ( 77.3%): <total>
[1370.511s][info][gc,stats       ]       7 of    92 ms (  7.7%): <average total>
[1370.511s][info][gc,stats       ]      71 of    92 ms ( 77.3%): <average non-zero>
[1370.511s][info][gc,stats       ] 
[1370.511s][info][gc,metaspace   ] Metaspace: 24233K->24233K(1071104K)
[1370.511s][info][gc,ergo        ] Pacer for Idle. Initial: 2621K, Alloc Tax Rate: 1.0x
[1370.512s][info][gc             ] Trigger: Allocated since last cycle (58368K) is larger than allocation threshold (13107K)
[1370.512s][info][gc,ergo        ] Free: 57344K, Max: 256K regular, 51968K humongous, Frag: 10% external, 10% internal; Reserve: 6656K, Max: 256K
[1370.512s][info][gc,start       ] GC(17522) Concurrent reset
[1370.512s][info][gc,task        ] GC(17522) Using 4 of 24 workers for concurrent reset
[1370.512s][info][gc,ergo        ] GC(17522) Pacer for Reset. Non-Taxable: 128M
[1370.513s][info][gc             ] GC(17522) Concurrent reset 0.484ms
[1370.513s][info][gc,start       ] GC(17522) Pause Init Mark
[1370.513s][info][gc,task        ] GC(17522) Using 4 of 24 workers for init marking
[1370.515s][info][gc,ergo        ] GC(17522) Pacer for Mark. Expected Live: 11284K, Free: 57344K, Non-Taxable: 5734K, Alloc Tax Rate: 0.2x
[1370.515s][info][gc             ] GC(17522) Pause Init Mark 2.011ms
[1370.515s][info][gc,start       ] GC(17522) Concurrent marking
[1370.515s][info][gc,task        ] GC(17522) Using 4 of 24 workers for concurrent marking
[1370.579s][info][gc             ] GC(17522) Concurrent marking 63.731ms
[1370.579s][info][gc,start       ] GC(17522) Pause Final Mark
[1370.579s][info][gc,task        ] GC(17522) Using 4 of 24 workers for final marking
[1370.580s][info][gc,ergo        ] GC(17522) CSet Selection. Actual Free: 85760K, Max CSet: 64320K
[1370.580s][info][gc,ergo        ] GC(17522) Collectable Garbage: 55874K (99%), Immediate: 55552K (99%), CSet: 322K (0%)
[1370.581s][info][gc,ergo        ] GC(17522) Pacer for Evacuation. Used CSet: 512K, Free: 81664K, Non-Taxable: 8166K, Alloc Tax Rate: 1.1x
[1370.581s][info][gc             ] GC(17522) Pause Final Mark 1.476ms
[1370.581s][info][gc,start       ] GC(17522) Concurrent cleanup
[1370.590s][info][gc             ] GC(17522) Concurrent cleanup 94M->47M(128M) 9.479ms
[1370.590s][info][gc,ergo        ] GC(17522) Free: 73216K, Max: 256K regular, 48128K humongous, Frag: 35% external, 0% internal; Reserve: 6651K, Max: 256K
[1370.590s][info][gc,start       ] GC(17522) Concurrent evacuation
[1370.590s][info][gc,task        ] GC(17522) Using 4 of 24 workers for concurrent evacuation
[1370.591s][info][gc             ] GC(17522) Concurrent evacuation 0.841ms
[1370.591s][info][gc,start       ] GC(17522) Pause Init Update Refs
[1370.591s][info][gc,ergo        ] GC(17522) Pacer for Update Refs. Used: 48639K, Free: 73216K, Non-Taxable: 7321K, Alloc Tax Rate: 1.1x
[1370.591s][info][gc             ] GC(17522) Pause Init Update Refs 0.082ms
[1370.591s][info][gc,start       ] GC(17522) Concurrent update references
[1370.591s][info][gc,task        ] GC(17522) Using 4 of 24 workers for concurrent reference update
[1370.606s][info][gc             ] GC(17522) Concurrent update references 14.580ms
[1370.608s][info][gc,start       ] GC(17522) Pause Final Update Refs
[1370.608s][info][gc,task        ] GC(17522) Using 4 of 24 workers for final reference update
[1370.608s][info][gc             ] GC(17522) Pause Final Update Refs 0.261ms
[1370.608s][info][gc,start       ] GC(17522) Concurrent cleanup
[1370.608s][info][gc             ] GC(17522) Concurrent cleanup 69M->74M(128M) 0.132ms
[1370.608s][info][gc             ] GC(17522) Dat log --- cycle is complete
Current gc epoch: 9311
heap: ______
capacity: 134217728
used: 78643080
committed: 134217728
bytes_allocated_since_gc_start: 73663664
hot_size: 0
cold_size: 2799693
num_regions: 512
hot_region_count: 18446744073709538197
cold_region_count: 13420
histogram: Placeholder

[1370.608s][info][gc             ] GC(17522) Obj count ac histogram
[1370.608s][info][gc             ] GC(17522) 	0: 249955
[1370.608s][info][gc             ] GC(17522) 	1: 15
[1370.608s][info][gc             ] GC(17522) 	2: 2
[1370.608s][info][gc             ] GC(17522) 	3: 0
[1370.608s][info][gc             ] GC(17522) 	4: 0
[1370.608s][info][gc             ] GC(17522) 	5: 0
[1370.608s][info][gc             ] GC(17522) 	6: 0
[1370.608s][info][gc             ] GC(17522) 	7: 0
[1370.608s][info][gc             ] GC(17522) 	8: 0
[1370.608s][info][gc             ] GC(17522) 	9: 0
[1370.608s][info][gc             ] GC(17522) 	10: 0
[1370.608s][info][gc             ] GC(17522) 	11: 0
[1370.608s][info][gc             ] GC(17522) 	12: 0
[1370.608s][info][gc             ] GC(17522) 	13: 0
[1370.608s][info][gc             ] GC(17522) 	14: 0
[1370.608s][info][gc             ] GC(17522) 	15: 0
[1370.608s][info][gc             ] GC(17522) 	16: 0
[1370.608s][info][gc             ] GC(17522) 	17: 0
[1370.608s][info][gc             ] GC(17522) 	18: 0
[1370.608s][info][gc             ] GC(17522) 	19: 0
[1370.608s][info][gc             ] GC(17522) Obj size ac histogram
[1370.608s][info][gc             ] GC(17522) 	0: 1662914
[1370.608s][info][gc             ] GC(17522) 	1: 720
[1370.608s][info][gc             ] GC(17522) 	2: 14
[1370.608s][info][gc             ] GC(17522) 	3: 0
[1370.608s][info][gc             ] GC(17522) 	4: 0
[1370.608s][info][gc             ] GC(17522) 	5: 0
[1370.608s][info][gc             ] GC(17522) 	6: 0
[1370.608s][info][gc             ] GC(17522) 	7: 0
[1370.608s][info][gc             ] GC(17522) 	8: 0
[1370.608s][info][gc             ] GC(17522) 	9: 0
[1370.608s][info][gc             ] GC(17522) 	10: 0
[1370.608s][info][gc             ] GC(17522) 	11: 0
[1370.608s][info][gc             ] GC(17522) 	12: 0
[1370.608s][info][gc             ] GC(17522) 	13: 0
[1370.608s][info][gc             ] GC(17522) 	14: 0
[1370.608s][info][gc             ] GC(17522) 	15: 0
[1370.608s][info][gc             ] GC(17522) 	16: 0
[1370.609s][info][gc             ] GC(17522) 	17: 0
[1370.609s][info][gc             ] GC(17522) 	18: 0
[1370.609s][info][gc             ] GC(17522) 	19: 0
[1370.609s][info][gc,ergo        ] Free: 43776K, Max: 256K regular, 23552K humongous, Frag: 47% external, 12% internal; Reserve: 6656K, Max: 256K
[1370.609s][info][gc,stats       ] 
[1370.609s][info][gc,stats       ] All times are wall-clock times, except per-root-class counters, that are sum over
[1370.609s][info][gc,stats       ] all workers. Dividing the <total> over the root stage time estimates parallelism.
[1370.609s][info][gc,stats       ] 
[1370.609s][info][gc,stats       ] Concurrent Reset                    467 us
[1370.609s][info][gc,stats       ] Pause Init Mark (G)                2315 us
[1370.609s][info][gc,stats       ] Pause Init Mark (N)                1967 us
[1370.609s][info][gc,stats       ]   Accumulate Stats                    7 us
[1370.609s][info][gc,stats       ]   Make Parsable                      49 us
[1370.609s][info][gc,stats       ]   Update Region States                7 us
[1370.609s][info][gc,stats       ]   Scan Roots                       1398 us, parallelism: 1.98x
[1370.609s][info][gc,stats       ]     S: <total>                     2768 us
[1370.609s][info][gc,stats       ]     S: Thread Roots                 401 us, workers (us): 230, 169,   2,   1, ---, ---, ---, ---, ---, ---, ---, ---, ---, ---, ---, ---, ---, ---, ---, ---, ---, ---, ---, ---, 
[1370.609s][info][gc,stats       ]     S: Universe Roots                28 us, workers (us):  28, ---, ---, ---, ---, ---, ---, ---, ---, ---, ---, ---, ---, ---, ---, ---, ---, ---, ---, ---, ---, ---, ---, ---, 
[1370.609s][info][gc,stats       ]     S: JNI Handles Roots             36 us, workers (us): ---,  36, ---, ---, ---, ---, ---, ---, ---, ---, ---, ---, ---, ---, ---, ---, ---, ---, ---, ---, ---, ---, ---, ---, 
[1370.609s][info][gc,stats       ]     S: Synchronizer Roots             1 us, workers (us): ---,   1, ---, ---, ---, ---, ---, ---, ---, ---, ---, ---, ---, ---, ---, ---, ---, ---, ---, ---, ---, ---, ---, ---, 
[1370.609s][info][gc,stats       ]     S: Management Roots               2 us, workers (us): ---,   2, ---, ---, ---, ---, ---, ---, ---, ---, ---, ---, ---, ---, ---, ---, ---, ---, ---, ---, ---, ---, ---, ---, 
[1370.609s][info][gc,stats       ]     S: System Dict Roots             36 us, workers (us):  36, ---, ---, ---, ---, ---, ---, ---, ---, ---, ---, ---, ---, ---, ---, ---, ---, ---, ---, ---, ---, ---, ---, ---, 
[1370.609s][info][gc,stats       ]     S: CLDG Roots                  2262 us, workers (us): ---, ---, 1208, 1054, ---, ---, ---, ---, ---, ---, ---, ---, ---, ---, ---, ---, ---, ---, ---, ---, ---, ---, ---, ---, 
[1370.609s][info][gc,stats       ]     S: JVMTI Roots                    1 us, workers (us): ---, ---, ---,   1, ---, ---, ---, ---, ---, ---, ---, ---, ---, ---, ---, ---, ---, ---, ---, ---, ---, ---, ---, ---, 
[1370.609s][info][gc,stats       ]   Resize TLABs                        7 us
[1370.609s][info][gc,stats       ] Concurrent Marking                63679 us
[1370.609s][info][gc,stats       ] Pause Final Mark (G)               1664 us
[1370.609s][info][gc,stats       ] Pause Final Mark (N)               1432 us
[1370.609s][info][gc,stats       ]   Finish Queues                     158 us
[1370.609s][info][gc,stats       ]   System Purge                      384 us
[1370.609s][info][gc,stats       ]     Weak Roots                      382 us
[1370.609s][info][gc,stats       ]   Update Region States               21 us
[1370.609s][info][gc,stats       ]   Retire TLABs                       53 us
[1370.609s][info][gc,stats       ]   Choose Collection Set             262 us
[1370.609s][info][gc,stats       ]   Rebuild Free Set                   20 us
[1370.609s][info][gc,stats       ]   Initial Evacuation                509 us, parallelism: 2.34x
[1370.609s][info][gc,stats       ]     E: <total>                     1188 us
[1370.609s][info][gc,stats       ]     E: Thread Roots                  81 us, workers (us):  46,   1,  32,   1, ---, ---, ---, ---, ---, ---, ---, ---, ---, ---, ---, ---, ---, ---, ---, ---, ---, ---, ---, ---, 
[1370.609s][info][gc,stats       ]     E: Code Cache Roots             871 us, workers (us): 233, 196, 155, 287, ---, ---, ---, ---, ---, ---, ---, ---, ---, ---, ---, ---, ---, ---, ---, ---, ---, ---, ---, ---, 
[1370.609s][info][gc,stats       ]     E: Universe Roots                14 us, workers (us):  14, ---, ---, ---, ---, ---, ---, ---, ---, ---, ---, ---, ---, ---, ---, ---, ---, ---, ---, ---, ---, ---, ---, ---, 
[1370.609s][info][gc,stats       ]     E: JNI Handles Roots              1 us, workers (us):   1, ---, ---, ---, ---, ---, ---, ---, ---, ---, ---, ---, ---, ---, ---, ---, ---, ---, ---, ---, ---, ---, ---, ---, 
[1370.609s][info][gc,stats       ]     E: Synchronizer Roots             0 us, workers (us):   0, ---, ---, ---, ---, ---, ---, ---, ---, ---, ---, ---, ---, ---, ---, ---, ---, ---, ---, ---, ---, ---, ---, ---, 
[1370.609s][info][gc,stats       ]     E: Management Roots               1 us, workers (us):   1, ---, ---, ---, ---, ---, ---, ---, ---, ---, ---, ---, ---, ---, ---, ---, ---, ---, ---, ---, ---, ---, ---, ---, 
[1370.609s][info][gc,stats       ]     E: System Dict Roots              3 us, workers (us):   3, ---, ---, ---, ---, ---, ---, ---, ---, ---, ---, ---, ---, ---, ---, ---, ---, ---, ---, ---, ---, ---, ---, ---, 
[1370.609s][info][gc,stats       ]     E: CLDG Roots                   216 us, workers (us): ---, 106, 110, ---, ---, ---, ---, ---, ---, ---, ---, ---, ---, ---, ---, ---, ---, ---, ---, ---, ---, ---, ---, ---, 
[1370.609s][info][gc,stats       ]     E: JVMTI Roots                    0 us, workers (us):   0, ---, ---, ---, ---, ---, ---, ---, ---, ---, ---, ---, ---, ---, ---, ---, ---, ---, ---, ---, ---, ---, ---, ---, 
[1370.609s][info][gc,stats       ] Concurrent Cleanup                 9431 us
[1370.609s][info][gc,stats       ] Concurrent Evacuation               834 us
[1370.609s][info][gc,stats       ] Pause Init  Update Refs (G)         294 us
[1370.609s][info][gc,stats       ] Pause Init  Update Refs (N)          39 us
[1370.609s][info][gc,stats       ]   Retire GCLABs                      18 us
[1370.609s][info][gc,stats       ] Concurrent Update Refs            14552 us
[1370.609s][info][gc,stats       ] Pause Final Update Refs (G)        2159 us
[1370.609s][info][gc,stats       ] Pause Final Update Refs (N)         214 us
[1370.609s][info][gc,stats       ]   Update Roots                      158 us, parallelism: 1.37x
[1370.609s][info][gc,stats       ]     UR: <total>                     217 us
[1370.609s][info][gc,stats       ]     UR: Thread Roots                217 us, workers (us): 107,  47,  20,  43, ---, ---, ---, ---, ---, ---, ---, ---, ---, ---, ---, ---, ---, ---, ---, ---, ---, ---, ---, ---, 
[1370.609s][info][gc,stats       ]   Update Region States               10 us
[1370.609s][info][gc,stats       ]   Trash Collection Set                6 us
[1370.609s][info][gc,stats       ]   Rebuild Free Set                   17 us
[1370.609s][info][gc,stats       ] Concurrent Cleanup                  103 us
[1370.609s][info][gc,stats       ] Pacing                            87123 us
[1370.609s][info][gc,stats       ] 
[1370.609s][info][gc,stats       ] Allocation pacing accrued:
[1370.609s][info][gc,stats       ]      87 of    98 ms ( 89.0%): pl.nadoba.jvm.gc.benchmark.App.main()
[1370.609s][info][gc,stats       ]      87 of    98 ms ( 89.0%): <total>
[1370.609s][info][gc,stats       ]       9 of    98 ms (  8.9%): <average total>
[1370.609s][info][gc,stats       ]      87 of    98 ms ( 89.0%): <average non-zero>
[1370.609s][info][gc,stats       ] 
[1370.609s][info][gc,metaspace   ] Metaspace: 24233K->24233K(1071104K)
[1370.609s][info][gc,ergo        ] Pacer for Idle. Initial: 2621K, Alloc Tax Rate: 1.0x
[1370.610s][info][gc             ] Trigger: Allocated since last cycle (71937K) is larger than allocation threshold (13107K)
[1370.610s][info][gc,ergo        ] Free: 43776K, Max: 256K regular, 23552K humongous, Frag: 47% external, 12% internal; Reserve: 6656K, Max: 256K
[1370.610s][info][gc,start       ] GC(17523) Concurrent reset
[1370.610s][info][gc,task        ] GC(17523) Using 4 of 24 workers for concurrent reset
[1370.610s][info][gc,ergo        ] GC(17523) Pacer for Reset. Non-Taxable: 128M
[1370.611s][info][gc             ] GC(17523) Concurrent reset 0.404ms
[1370.611s][info][gc,start       ] GC(17523) Pause Init Mark
[1370.611s][info][gc,task        ] GC(17523) Using 4 of 24 workers for init marking
[1370.613s][info][gc,ergo        ] GC(17523) Pacer for Mark. Expected Live: 10260K, Free: 43776K, Non-Taxable: 4377K, Alloc Tax Rate: 0.3x
[1370.613s][info][gc             ] GC(17523) Pause Init Mark 2.635ms
[1370.614s][info][gc,start       ] GC(17523) Concurrent marking
[1370.614s][info][gc,task        ] GC(17523) Using 4 of 24 workers for concurrent marking
[1370.680s][info][gc             ] GC(17523) Concurrent marking 66.129ms
[1370.680s][info][gc,start       ] GC(17523) Pause Final Mark
[1370.680s][info][gc,task        ] GC(17523) Using 4 of 24 workers for final marking
[1370.681s][info][gc,ergo        ] GC(17523) CSet Selection. Actual Free: 86528K, Max CSet: 64896K
[1370.681s][info][gc,ergo        ] GC(17523) Collectable Garbage: 68162K (99%), Immediate: 67840K (99%), CSet: 322K (0%)
[1370.681s][info][gc,ergo        ] GC(17523) Pacer for Evacuation. Used CSet: 512K, Free: 83712K, Non-Taxable: 8371K, Alloc Tax Rate: 1.1x
[1370.681s][info][gc             ] GC(17523) Pause Final Mark 1.513ms
[1370.681s][info][gc,start       ] GC(17523) Concurrent cleanup
[1370.691s][info][gc             ] GC(17523) Concurrent cleanup 104M->49M(128M) 9.888ms
[1370.691s][info][gc,ergo        ] GC(17523) Free: 71680K, Max: 256K regular, 29184K humongous, Frag: 60% external, 0% internal; Reserve: 6651K, Max: 256K
[1370.691s][info][gc,start       ] GC(17523) Concurrent evacuation
[1370.691s][info][gc,task        ] GC(17523) Using 4 of 24 workers for concurrent evacuation
[1370.692s][info][gc             ] GC(17523) Concurrent evacuation 0.603ms
[1370.692s][info][gc,start       ] GC(17523) Pause Init Update Refs
[1370.692s][info][gc,ergo        ] GC(17523) Pacer for Update Refs. Used: 50687K, Free: 71680K, Non-Taxable: 7168K, Alloc Tax Rate: 1.1x
[1370.692s][info][gc             ] GC(17523) Pause Init Update Refs 0.082ms
[1370.692s][info][gc,start       ] GC(17523) Concurrent update references
[1370.692s][info][gc,task        ] GC(17523) Using 4 of 24 workers for concurrent reference update
[1370.708s][info][gc             ] GC(17523) Concurrent update references 16.036ms
[1370.709s][info][gc,start       ] GC(17523) Pause Final Update Refs
[1370.709s][info][gc,task        ] GC(17523) Using 4 of 24 workers for final reference update
[1370.709s][info][gc             ] GC(17523) Pause Final Update Refs 0.311ms
[1370.709s][info][gc,start       ] GC(17523) Concurrent cleanup
[1370.709s][info][gc             ] GC(17523) Concurrent cleanup 59M->58M(128M) 0.134ms
[1370.709s][info][gc             ] GC(17523) Dat log --- cycle is complete
Current gc epoch: 9312
heap: ______
capacity: 134217728
used: 61865736
committed: 134217728
bytes_allocated_since_gc_start: 55837872
hot_size: 0
cold_size: 2668621
num_regions: 512
hot_region_count: 18446744073709538196
cold_region_count: 13421
histogram: Placeholder

[1370.709s][info][gc             ] GC(17523) Obj count ac histogram
[1370.709s][info][gc             ] GC(17523) 	0: 255031
[1370.709s][info][gc             ] GC(17523) 	1: 15
[1370.709s][info][gc             ] GC(17523) 	2: 2
[1370.709s][info][gc             ] GC(17523) 	3: 0
[1370.709s][info][gc             ] GC(17523) 	4: 0
[1370.709s][info][gc             ] GC(17523) 	5: 0
[1370.709s][info][gc             ] GC(17523) 	6: 0
[1370.709s][info][gc             ] GC(17523) 	7: 0
[1370.709s][info][gc             ] GC(17523) 	8: 0
[1370.709s][info][gc             ] GC(17523) 	9: 0
[1370.709s][info][gc             ] GC(17523) 	10: 0
[1370.709s][info][gc             ] GC(17523) 	11: 0
[1370.709s][info][gc             ] GC(17523) 	12: 0
[1370.709s][info][gc             ] GC(17523) 	13: 0
[1370.709s][info][gc             ] GC(17523) 	14: 0
[1370.709s][info][gc             ] GC(17523) 	15: 0
[1370.709s][info][gc             ] GC(17523) 	16: 0
[1370.709s][info][gc             ] GC(17523) 	17: 0
[1370.709s][info][gc             ] GC(17523) 	18: 0
[1370.709s][info][gc             ] GC(17523) 	19: 0
[1370.709s][info][gc             ] GC(17523) Obj size ac histogram
[1370.709s][info][gc             ] GC(17523) 	0: 2204057
[1370.709s][info][gc             ] GC(17523) 	1: 720
[1370.709s][info][gc             ] GC(17523) 	2: 14
[1370.709s][info][gc             ] GC(17523) 	3: 0
[1370.709s][info][gc             ] GC(17523) 	4: 0
[1370.709s][info][gc             ] GC(17523) 	5: 0
[1370.709s][info][gc             ] GC(17523) 	6: 0
[1370.709s][info][gc             ] GC(17523) 	7: 0
[1370.709s][info][gc             ] GC(17523) 	8: 0
[1370.709s][info][gc             ] GC(17523) 	9: 0
[1370.709s][info][gc             ] GC(17523) 	10: 0
[1370.709s][info][gc             ] GC(17523) 	11: 0
[1370.709s][info][gc             ] GC(17523) 	12: 0
[1370.709s][info][gc             ] GC(17523) 	13: 0
[1370.709s][info][gc             ] GC(17523) 	14: 0
[1370.709s][info][gc             ] GC(17523) 	15: 0
[1370.709s][info][gc             ] GC(17523) 	16: 0
[1370.709s][info][gc             ] GC(17523) 	17: 0
[1370.709s][info][gc             ] GC(17523) 	18: 0
[1370.709s][info][gc             ] GC(17523) 	19: 0
[1370.709s][info][gc,ergo        ] Free: 53760K, Max: 256K regular, 29184K humongous, Frag: 46% external, 10% internal; Reserve: 6656K, Max: 256K
[1370.709s][info][gc,stats       ] 
[1370.709s][info][gc,stats       ] All times are wall-clock times, except per-root-class counters, that are sum over
[1370.709s][info][gc,stats       ] all workers. Dividing the <total> over the root stage time estimates parallelism.
[1370.709s][info][gc,stats       ] 
[1370.709s][info][gc,stats       ] Concurrent Reset                    389 us
[1370.709s][info][gc,stats       ] Pause Init Mark (G)                2914 us
[1370.709s][info][gc,stats       ] Pause Init Mark (N)                2594 us
[1370.709s][info][gc,stats       ]   Accumulate Stats                    6 us
[1370.709s][info][gc,stats       ]   Make Parsable                      47 us
[1370.709s][info][gc,stats       ]   Update Region States                7 us
[1370.709s][info][gc,stats       ]   Scan Roots                       2031 us, parallelism: 1.66x
[1370.709s][info][gc,stats       ]     S: <total>                     3370 us
[1370.709s][info][gc,stats       ]     S: Thread Roots                 189 us, workers (us):   2,  98,  87,   1, ---, ---, ---, ---, ---, ---, ---, ---, ---, ---, ---, ---, ---, ---, ---, ---, ---, ---, ---, ---, 
[1370.709s][info][gc,stats       ]     S: Universe Roots                21 us, workers (us):  21, ---, ---, ---, ---, ---, ---, ---, ---, ---, ---, ---, ---, ---, ---, ---, ---, ---, ---, ---, ---, ---, ---, ---, 
[1370.709s][info][gc,stats       ]     S: JNI Handles Roots             10 us, workers (us): ---,  10, ---, ---, ---, ---, ---, ---, ---, ---, ---, ---, ---, ---, ---, ---, ---, ---, ---, ---, ---, ---, ---, ---, 
[1370.709s][info][gc,stats       ]     S: Synchronizer Roots             0 us, workers (us): ---,   0, ---, ---, ---, ---, ---, ---, ---, ---, ---, ---, ---, ---, ---, ---, ---, ---, ---, ---, ---, ---, ---, ---, 
[1370.709s][info][gc,stats       ]     S: Management Roots               1 us, workers (us): ---,   1, ---, ---, ---, ---, ---, ---, ---, ---, ---, ---, ---, ---, ---, ---, ---, ---, ---, ---, ---, ---, ---, ---, 
[1370.709s][info][gc,stats       ]     S: System Dict Roots             28 us, workers (us): ---, ---,  28, ---, ---, ---, ---, ---, ---, ---, ---, ---, ---, ---, ---, ---, ---, ---, ---, ---, ---, ---, ---, ---, 
[1370.709s][info][gc,stats       ]     S: CLDG Roots                  3120 us, workers (us): 1848, ---, ---, 1273, ---, ---, ---, ---, ---, ---, ---, ---, ---, ---, ---, ---, ---, ---, ---, ---, ---, ---, ---, ---, 
[1370.709s][info][gc,stats       ]     S: JVMTI Roots                    0 us, workers (us): ---,   0, ---, ---, ---, ---, ---, ---, ---, ---, ---, ---, ---, ---, ---, ---, ---, ---, ---, ---, ---, ---, ---, ---, 
[1370.709s][info][gc,stats       ]   Resize TLABs                        6 us
[1370.709s][info][gc,stats       ] Concurrent Marking                66069 us
[1370.709s][info][gc,stats       ] Pause Final Mark (G)               1698 us
[1370.709s][info][gc,stats       ] Pause Final Mark (N)               1470 us
[1370.709s][info][gc,stats       ]   Finish Queues                     171 us
[1370.709s][info][gc,stats       ]   System Purge                      329 us
[1370.709s][info][gc,stats       ]     Weak Roots                      328 us
[1370.709s][info][gc,stats       ]   Update Region States               21 us
[1370.709s][info][gc,stats       ]   Retire TLABs                       50 us
[1370.709s][info][gc,stats       ]   Choose Collection Set             306 us
[1370.709s][info][gc,stats       ]   Rebuild Free Set                   21 us
[1370.709s][info][gc,stats       ]   Initial Evacuation                546 us, parallelism: 2.32x
[1370.709s][info][gc,stats       ]     E: <total>                     1266 us
[1370.709s][info][gc,stats       ]     E: Thread Roots                 116 us, workers (us):  27,  19,  15,  54, ---, ---, ---, ---, ---, ---, ---, ---, ---, ---, ---, ---, ---, ---, ---, ---, ---, ---, ---, ---, 
[1370.710s][info][gc,stats       ]     E: Code Cache Roots             923 us, workers (us): 196, 293, 288, 146, ---, ---, ---, ---, ---, ---, ---, ---, ---, ---, ---, ---, ---, ---, ---, ---, ---, ---, ---, ---, 
[1370.710s][info][gc,stats       ]     E: Universe Roots                 3 us, workers (us):   3, ---, ---, ---, ---, ---, ---, ---, ---, ---, ---, ---, ---, ---, ---, ---, ---, ---, ---, ---, ---, ---, ---, ---, 
[1370.710s][info][gc,stats       ]     E: JNI Handles Roots              1 us, workers (us):   1, ---, ---, ---, ---, ---, ---, ---, ---, ---, ---, ---, ---, ---, ---, ---, ---, ---, ---, ---, ---, ---, ---, ---, 
[1370.710s][info][gc,stats       ]     E: Synchronizer Roots             0 us, workers (us):   0, ---, ---, ---, ---, ---, ---, ---, ---, ---, ---, ---, ---, ---, ---, ---, ---, ---, ---, ---, ---, ---, ---, ---, 
[1370.710s][info][gc,stats       ]     E: Management Roots               1 us, workers (us):   1, ---, ---, ---, ---, ---, ---, ---, ---, ---, ---, ---, ---, ---, ---, ---, ---, ---, ---, ---, ---, ---, ---, ---, 
[1370.710s][info][gc,stats       ]     E: System Dict Roots              4 us, workers (us):   4, ---, ---, ---, ---, ---, ---, ---, ---, ---, ---, ---, ---, ---, ---, ---, ---, ---, ---, ---, ---, ---, ---, ---, 
[1370.710s][info][gc,stats       ]     E: CLDG Roots                   218 us, workers (us): 105, ---, ---, 113, ---, ---, ---, ---, ---, ---, ---, ---, ---, ---, ---, ---, ---, ---, ---, ---, ---, ---, ---, ---, 
[1370.710s][info][gc,stats       ]     E: JVMTI Roots                    0 us, workers (us):   0, ---, ---, ---, ---, ---, ---, ---, ---, ---, ---, ---, ---, ---, ---, ---, ---, ---, ---, ---, ---, ---, ---, ---, 
[1370.710s][info][gc,stats       ] Concurrent Cleanup                 9834 us
[1370.710s][info][gc,stats       ] Concurrent Evacuation               598 us
[1370.710s][info][gc,stats       ] Pause Init  Update Refs (G)         285 us
[1370.710s][info][gc,stats       ] Pause Init  Update Refs (N)          39 us
[1370.710s][info][gc,stats       ]   Retire GCLABs                      18 us
[1370.710s][info][gc,stats       ] Concurrent Update Refs            16011 us
[1370.710s][info][gc,stats       ] Pause Final Update Refs (G)         571 us
[1370.710s][info][gc,stats       ] Pause Final Update Refs (N)         266 us
[1370.710s][info][gc,stats       ]   Update Roots                      202 us, parallelism: 1.12x
[1370.710s][info][gc,stats       ]     UR: <total>                     225 us
[1370.710s][info][gc,stats       ]     UR: Thread Roots                225 us, workers (us):  99,  29,  56,  41, ---, ---, ---, ---, ---, ---, ---, ---, ---, ---, ---, ---, ---, ---, ---, ---, ---, ---, ---, ---, 
[1370.710s][info][gc,stats       ]   Update Region States               18 us
[1370.710s][info][gc,stats       ]   Trash Collection Set                6 us
[1370.710s][info][gc,stats       ]   Rebuild Free Set                   18 us
[1370.710s][info][gc,stats       ] Concurrent Cleanup                   95 us
[1370.710s][info][gc,stats       ] Pacing                            88557 us
[1370.710s][info][gc,stats       ] 
[1370.710s][info][gc,stats       ] Allocation pacing accrued:
[1370.710s][info][gc,stats       ]      89 of   101 ms ( 88.0%): pl.nadoba.jvm.gc.benchmark.App.main()
[1370.710s][info][gc,stats       ]      89 of   101 ms ( 88.0%): <total>
[1370.710s][info][gc,stats       ]       9 of   101 ms (  8.8%): <average total>
[1370.710s][info][gc,stats       ]      89 of   101 ms ( 88.0%): <average non-zero>
[1370.710s][info][gc,stats       ] 
[1370.710s][info][gc,metaspace   ] Metaspace: 24233K->24233K(1071104K)
[1370.710s][info][gc,ergo        ] Pacer for Idle. Initial: 2621K, Alloc Tax Rate: 1.0x
[1370.711s][info][gc             ] Trigger: Allocated since last cycle (64257K) is larger than allocation threshold (13107K)
[1370.711s][info][gc,ergo        ] Free: 51456K, Max: 256K regular, 29184K humongous, Frag: 44% external, 11% internal; Reserve: 6656K, Max: 256K
[1370.711s][info][gc,start       ] GC(17524) Concurrent reset
[1370.711s][info][gc,task        ] GC(17524) Using 4 of 24 workers for concurrent reset
[1370.711s][info][gc,ergo        ] GC(17524) Pacer for Reset. Non-Taxable: 128M
[1370.711s][info][gc             ] GC(17524) Concurrent reset 0.350ms
[1370.712s][info][gc,start       ] GC(17524) Pause Init Mark
[1370.712s][info][gc,task        ] GC(17524) Using 4 of 24 workers for init marking
[1370.714s][info][gc,ergo        ] GC(17524) Pacer for Mark. Expected Live: 10260K, Free: 44800K, Non-Taxable: 4480K, Alloc Tax Rate: 0.3x
[1370.715s][info][gc             ] GC(17524) Pause Init Mark 2.141ms
[1370.715s][info][gc,start       ] GC(17524) Concurrent marking
[1370.715s][info][gc,task        ] GC(17524) Using 4 of 24 workers for concurrent marking
[1370.777s][info][gc             ] GC(17524) Concurrent marking 62.853ms
[1370.778s][info][gc,start       ] GC(17524) Pause Final Mark
[1370.778s][info][gc,task        ] GC(17524) Using 4 of 24 workers for final marking
[1370.779s][info][gc,ergo        ] GC(17524) CSet Selection. Actual Free: 73728K, Max CSet: 55296K
[1370.779s][info][gc,ergo        ] GC(17524) Collectable Garbage: 62018K (99%), Immediate: 61696K (99%), CSet: 322K (0%)
[1370.780s][info][gc,ergo        ] GC(17524) Pacer for Evacuation. Used CSet: 512K, Free: 70656K, Non-Taxable: 7065K, Alloc Tax Rate: 1.1x
[1370.780s][info][gc             ] GC(17524) Pause Final Mark 1.595ms
[1370.780s][info][gc,start       ] GC(17524) Concurrent cleanup
[1370.789s][info][gc             ] GC(17524) Concurrent cleanup 110M->56M(128M) 9.251ms
[1370.789s][info][gc,ergo        ] GC(17524) Free: 64000K, Max: 256K regular, 24320K humongous, Frag: 62% external, 0% internal; Reserve: 6651K, Max: 256K
[1370.789s][info][gc,start       ] GC(17524) Concurrent evacuation
[1370.789s][info][gc,task        ] GC(17524) Using 4 of 24 workers for concurrent evacuation
[1370.790s][info][gc             ] GC(17524) Concurrent evacuation 1.052ms
[1370.790s][info][gc,start       ] GC(17524) Pause Init Update Refs
[1370.790s][info][gc,ergo        ] GC(17524) Pacer for Update Refs. Used: 57855K, Free: 64000K, Non-Taxable: 6400K, Alloc Tax Rate: 1.1x
[1370.790s][info][gc             ] GC(17524) Pause Init Update Refs 0.080ms
[1370.790s][info][gc,start       ] GC(17524) Concurrent update references
[1370.790s][info][gc,task        ] GC(17524) Using 4 of 24 workers for concurrent reference update
[1370.806s][info][gc             ] GC(17524) Concurrent update references 15.569ms
[1370.808s][info][gc,start       ] GC(17524) Pause Final Update Refs
[1370.808s][info][gc,task        ] GC(17524) Using 4 of 24 workers for final reference update
[1370.808s][info][gc             ] GC(17524) Pause Final Update Refs 0.295ms
[1370.808s][info][gc,start       ] GC(17524) Concurrent cleanup
[1370.808s][info][gc             ] GC(17524) Concurrent cleanup 75M->74M(128M) 0.161ms
[1370.808s][info][gc             ] GC(17524) Dat log --- cycle is complete
Current gc epoch: 9313
heap: ______
capacity: 134217728
used: 78643112
committed: 134217728
bytes_allocated_since_gc_start: 75236528
hot_size: 0
cold_size: 3455057
num_regions: 512
hot_region_count: 18446744073709538195
cold_region_count: 13422
histogram: Placeholder

[1370.808s][info][gc             ] GC(17524) Obj count ac histogram
[1370.808s][info][gc             ] GC(17524) 	0: 244051
[1370.808s][info][gc             ] GC(17524) 	1: 15
[1370.808s][info][gc             ] GC(17524) 	2: 2
[1370.808s][info][gc             ] GC(17524) 	3: 0
[1370.808s][info][gc             ] GC(17524) 	4: 0
[1370.808s][info][gc             ] GC(17524) 	5: 0
[1370.808s][info][gc             ] GC(17524) 	6: 0
[1370.808s][info][gc             ] GC(17524) 	7: 0
[1370.808s][info][gc             ] GC(17524) 	8: 0
[1370.808s][info][gc             ] GC(17524) 	9: 0
[1370.808s][info][gc             ] GC(17524) 	10: 0
[1370.808s][info][gc             ] GC(17524) 	11: 0
[1370.808s][info][gc             ] GC(17524) 	12: 0
[1370.808s][info][gc             ] GC(17524) 	13: 0
[1370.808s][info][gc             ] GC(17524) 	14: 0
[1370.808s][info][gc             ] GC(17524) 	15: 0
[1370.808s][info][gc             ] GC(17524) 	16: 0
[1370.808s][info][gc             ] GC(17524) 	17: 0
[1370.808s][info][gc             ] GC(17524) 	18: 0
[1370.808s][info][gc             ] GC(17524) 	19: 0
[1370.808s][info][gc             ] GC(17524) Obj size ac histogram
[1370.808s][info][gc             ] GC(17524) 	0: 2265018
[1370.808s][info][gc             ] GC(17524) 	1: 720
[1370.808s][info][gc             ] GC(17524) 	2: 14
[1370.808s][info][gc             ] GC(17524) 	3: 0
[1370.808s][info][gc             ] GC(17524) 	4: 0
[1370.808s][info][gc             ] GC(17524) 	5: 0
[1370.808s][info][gc             ] GC(17524) 	6: 0
[1370.808s][info][gc             ] GC(17524) 	7: 0
[1370.808s][info][gc             ] GC(17524) 	8: 0
[1370.808s][info][gc             ] GC(17524) 	9: 0
[1370.808s][info][gc             ] GC(17524) 	10: 0
[1370.808s][info][gc             ] GC(17524) 	11: 0
[1370.808s][info][gc             ] GC(17524) 	12: 0
[1370.808s][info][gc             ] GC(17524) 	13: 0
[1370.808s][info][gc             ] GC(17524) 	14: 0
[1370.808s][info][gc             ] GC(17524) 	15: 0
[1370.808s][info][gc             ] GC(17524) 	16: 0
[1370.808s][info][gc             ] GC(17524) 	17: 0
[1370.808s][info][gc             ] GC(17524) 	18: 0
[1370.808s][info][gc             ] GC(17524) 	19: 0
[1370.808s][info][gc,ergo        ] Free: 43520K, Max: 256K regular, 18176K humongous, Frag: 59% external, 12% internal; Reserve: 6656K, Max: 256K
[1370.808s][info][gc,stats       ] 
[1370.808s][info][gc,stats       ] All times are wall-clock times, except per-root-class counters, that are sum over
[1370.808s][info][gc,stats       ] all workers. Dividing the <total> over the root stage time estimates parallelism.
[1370.808s][info][gc,stats       ] 
[1370.808s][info][gc,stats       ] Concurrent Reset                    342 us
[1370.808s][info][gc,stats       ] Pause Init Mark (G)                3445 us
[1370.808s][info][gc,stats       ] Pause Init Mark (N)                2096 us
[1370.808s][info][gc,stats       ]   Accumulate Stats                    6 us
[1370.808s][info][gc,stats       ]   Make Parsable                      50 us
[1370.808s][info][gc,stats       ]   Update Region States               23 us
[1370.808s][info][gc,stats       ]   Scan Roots                       1537 us, parallelism: 1.81x
[1370.808s][info][gc,stats       ]     S: <total>                     2775 us
[1370.809s][info][gc,stats       ]     S: Thread Roots                 343 us, workers (us): 260,   1,  80,   1, ---, ---, ---, ---, ---, ---, ---, ---, ---, ---, ---, ---, ---, ---, ---, ---, ---, ---, ---, ---, 
[1370.809s][info][gc,stats       ]     S: Universe Roots                55 us, workers (us):  55, ---, ---, ---, ---, ---, ---, ---, ---, ---, ---, ---, ---, ---, ---, ---, ---, ---, ---, ---, ---, ---, ---, ---, 
[1370.809s][info][gc,stats       ]     S: JNI Handles Roots             26 us, workers (us): ---, ---,  26, ---, ---, ---, ---, ---, ---, ---, ---, ---, ---, ---, ---, ---, ---, ---, ---, ---, ---, ---, ---, ---, 
[1370.809s][info][gc,stats       ]     S: Synchronizer Roots             0 us, workers (us): ---,   0, ---, ---, ---, ---, ---, ---, ---, ---, ---, ---, ---, ---, ---, ---, ---, ---, ---, ---, ---, ---, ---, ---, 
[1370.809s][info][gc,stats       ]     S: Management Roots               1 us, workers (us): ---,   1, ---, ---, ---, ---, ---, ---, ---, ---, ---, ---, ---, ---, ---, ---, ---, ---, ---, ---, ---, ---, ---, ---, 
[1370.809s][info][gc,stats       ]     S: System Dict Roots             26 us, workers (us): ---,  26, ---, ---, ---, ---, ---, ---, ---, ---, ---, ---, ---, ---, ---, ---, ---, ---, ---, ---, ---, ---, ---, ---, 
[1370.809s][info][gc,stats       ]     S: CLDG Roots                  2323 us, workers (us): ---, 1364, ---, 960, ---, ---, ---, ---, ---, ---, ---, ---, ---, ---, ---, ---, ---, ---, ---, ---, ---, ---, ---, ---, 
[1370.809s][info][gc,stats       ]     S: JVMTI Roots                    0 us, workers (us): ---, ---,   0, ---, ---, ---, ---, ---, ---, ---, ---, ---, ---, ---, ---, ---, ---, ---, ---, ---, ---, ---, ---, ---, 
[1370.809s][info][gc,stats       ]   Resize TLABs                        7 us
[1370.809s][info][gc,stats       ] Concurrent Marking                62801 us
[1370.809s][info][gc,stats       ] Pause Final Mark (G)               2240 us
[1370.809s][info][gc,stats       ] Pause Final Mark (N)               1552 us
[1370.809s][info][gc,stats       ]   Finish Queues                     158 us
[1370.809s][info][gc,stats       ]   System Purge                      333 us
[1370.809s][info][gc,stats       ]     Weak Roots                      332 us
[1370.809s][info][gc,stats       ]   Update Region States               21 us
[1370.809s][info][gc,stats       ]   Retire TLABs                       50 us
[1370.809s][info][gc,stats       ]   Choose Collection Set             296 us
[1370.809s][info][gc,stats       ]   Rebuild Free Set                   19 us
[1370.809s][info][gc,stats       ]   Initial Evacuation                649 us, parallelism: 2.14x
[1370.809s][info][gc,stats       ]     E: <total>                     1393 us
[1370.809s][info][gc,stats       ]     E: Thread Roots                  84 us, workers (us):   2,  28,  51,   3, ---, ---, ---, ---, ---, ---, ---, ---, ---, ---, ---, ---, ---, ---, ---, ---, ---, ---, ---, ---, 
[1370.809s][info][gc,stats       ]     E: Code Cache Roots             974 us, workers (us): 171, 219, 271, 313, ---, ---, ---, ---, ---, ---, ---, ---, ---, ---, ---, ---, ---, ---, ---, ---, ---, ---, ---, ---, 
[1370.809s][info][gc,stats       ]     E: Universe Roots                 6 us, workers (us):   6, ---, ---, ---, ---, ---, ---, ---, ---, ---, ---, ---, ---, ---, ---, ---, ---, ---, ---, ---, ---, ---, ---, ---, 
[1370.809s][info][gc,stats       ]     E: JNI Handles Roots             13 us, workers (us): ---,  13, ---, ---, ---, ---, ---, ---, ---, ---, ---, ---, ---, ---, ---, ---, ---, ---, ---, ---, ---, ---, ---, ---, 
[1370.809s][info][gc,stats       ]     E: Synchronizer Roots             0 us, workers (us): ---,   0, ---, ---, ---, ---, ---, ---, ---, ---, ---, ---, ---, ---, ---, ---, ---, ---, ---, ---, ---, ---, ---, ---, 
[1370.809s][info][gc,stats       ]     E: Management Roots               1 us, workers (us): ---,   1, ---, ---, ---, ---, ---, ---, ---, ---, ---, ---, ---, ---, ---, ---, ---, ---, ---, ---, ---, ---, ---, ---, 
[1370.809s][info][gc,stats       ]     E: System Dict Roots             10 us, workers (us):  10, ---, ---, ---, ---, ---, ---, ---, ---, ---, ---, ---, ---, ---, ---, ---, ---, ---, ---, ---, ---, ---, ---, ---, 
[1370.809s][info][gc,stats       ]     E: CLDG Roots                   305 us, workers (us): 226,  79, ---, ---, ---, ---, ---, ---, ---, ---, ---, ---, ---, ---, ---, ---, ---, ---, ---, ---, ---, ---, ---, ---, 
[1370.809s][info][gc,stats       ]     E: JVMTI Roots                    0 us, workers (us): ---,   0, ---, ---, ---, ---, ---, ---, ---, ---, ---, ---, ---, ---, ---, ---, ---, ---, ---, ---, ---, ---, ---, ---, 
[1370.809s][info][gc,stats       ] Concurrent Cleanup                 9208 us
[1370.809s][info][gc,stats       ] Concurrent Evacuation              1041 us
[1370.809s][info][gc,stats       ] Pause Init  Update Refs (G)         308 us
[1370.809s][info][gc,stats       ] Pause Init  Update Refs (N)          39 us
[1370.809s][info][gc,stats       ]   Retire GCLABs                      19 us
[1370.809s][info][gc,stats       ] Concurrent Update Refs            15535 us
[1370.809s][info][gc,stats       ] Pause Final Update Refs (G)        1830 us
[1370.809s][info][gc,stats       ] Pause Final Update Refs (N)         247 us
[1370.809s][info][gc,stats       ]   Update Roots                      190 us, parallelism: 1.08x
[1370.809s][info][gc,stats       ]     UR: <total>                     205 us
[1370.809s][info][gc,stats       ]     UR: Thread Roots                205 us, workers (us):  97,  37,  19,  53, ---, ---, ---, ---, ---, ---, ---, ---, ---, ---, ---, ---, ---, ---, ---, ---, ---, ---, ---, ---, 
[1370.809s][info][gc,stats       ]   Update Region States               10 us
[1370.809s][info][gc,stats       ]   Trash Collection Set                6 us
[1370.809s][info][gc,stats       ]   Rebuild Free Set                   17 us
[1370.809s][info][gc,stats       ] Concurrent Cleanup                  122 us
[1370.809s][info][gc,stats       ] Pacing                            75605 us
[1370.809s][info][gc,stats       ] 
[1370.809s][info][gc,stats       ] Allocation pacing accrued:
[1370.809s][info][gc,stats       ]      76 of    99 ms ( 76.1%): pl.nadoba.jvm.gc.benchmark.App.main()
[1370.809s][info][gc,stats       ]      76 of    99 ms ( 76.1%): <total>
[1370.809s][info][gc,stats       ]       8 of    99 ms (  7.6%): <average total>
[1370.809s][info][gc,stats       ]      76 of    99 ms ( 76.1%): <average non-zero>
[1370.809s][info][gc,stats       ] 
[1370.809s][info][gc,metaspace   ] Metaspace: 24233K->24233K(1071104K)
[1370.809s][info][gc,ergo        ] Pacer for Idle. Initial: 2621K, Alloc Tax Rate: 1.0x
[1370.810s][info][gc             ] Trigger: Allocated since last cycle (78081K) is larger than allocation threshold (13107K)
[1370.810s][info][gc,ergo        ] Free: 38912K, Max: 256K regular, 18176K humongous, Frag: 54% external, 14% internal; Reserve: 6656K, Max: 256K
[1370.810s][info][gc,start       ] GC(17525) Concurrent reset
[1370.810s][info][gc,task        ] GC(17525) Using 4 of 24 workers for concurrent reset
[1370.810s][info][gc,ergo        ] GC(17525) Pacer for Reset. Non-Taxable: 128M
[1370.811s][info][gc             ] GC(17525) Concurrent reset 0.420ms
[1370.811s][info][gc,start       ] GC(17525) Pause Init Mark (process weakrefs)
[1370.811s][info][gc,task        ] GC(17525) Using 4 of 24 workers for init marking
[1370.815s][info][gc,ergo        ] GC(17525) Pacer for Mark. Expected Live: 9645K, Free: 38912K, Non-Taxable: 3891K, Alloc Tax Rate: 0.3x
[1370.815s][info][gc             ] GC(17525) Pause Init Mark (process weakrefs) 3.944ms
[1370.815s][info][gc,start       ] GC(17525) Concurrent marking (process weakrefs)
[1370.815s][info][gc,task        ] GC(17525) Using 4 of 24 workers for concurrent marking
[1370.882s][info][gc             ] GC(17525) Concurrent marking (process weakrefs) 66.745ms
[1370.882s][info][gc,start       ] GC(17525) Concurrent precleaning
[1370.882s][info][gc,task        ] GC(17525) Using 1 of 24 workers for concurrent preclean
[1370.882s][info][gc,ergo        ] GC(17525) Pacer for Precleaning. Non-Taxable: 128M
[1370.886s][info][gc             ] GC(17525) Concurrent precleaning 3.923ms
[1370.886s][info][gc,start       ] GC(17525) Pause Final Mark (process weakrefs)
[1370.886s][info][gc,task        ] GC(17525) Using 4 of 24 workers for final marking
[1370.887s][info][gc,ergo        ] GC(17525) CSet Selection. Actual Free: 89088K, Max CSet: 66816K
[1370.887s][info][gc,ergo        ] GC(17525) Collectable Garbage: 72258K (99%), Immediate: 71936K (99%), CSet: 322K (0%)
[1370.888s][info][gc,ergo        ] GC(17525) Pacer for Evacuation. Used CSet: 512K, Free: 87040K, Non-Taxable: 8704K, Alloc Tax Rate: 1.1x
[1370.888s][info][gc             ] GC(17525) Pause Final Mark (process weakrefs) 1.756ms
[1370.888s][info][gc,start       ] GC(17525) Concurrent cleanup
[1370.898s][info][gc             ] GC(17525) Concurrent cleanup 105M->42M(128M) 10.614ms
[1370.898s][info][gc,ergo        ] GC(17525) Free: 79360K, Max: 256K regular, 29696K humongous, Frag: 63% external, 0% internal; Reserve: 6651K, Max: 256K
[1370.898s][info][gc,start       ] GC(17525) Concurrent evacuation
[1370.898s][info][gc,task        ] GC(17525) Using 4 of 24 workers for concurrent evacuation
[1370.899s][info][gc             ] GC(17525) Concurrent evacuation 1.044ms
[1370.900s][info][gc,start       ] GC(17525) Pause Init Update Refs
[1370.900s][info][gc,ergo        ] GC(17525) Pacer for Update Refs. Used: 43519K, Free: 79360K, Non-Taxable: 7936K, Alloc Tax Rate: 1.1x
[1370.900s][info][gc             ] GC(17525) Pause Init Update Refs 0.080ms
[1370.900s][info][gc,start       ] GC(17525) Concurrent update references
[1370.900s][info][gc,task        ] GC(17525) Using 4 of 24 workers for concurrent reference update
[1370.916s][info][gc             ] GC(17525) Concurrent update references 16.094ms
[1370.916s][info][gc,start       ] GC(17525) Pause Final Update Refs
[1370.916s][info][gc,task        ] GC(17525) Using 4 of 24 workers for final reference update
[1370.916s][info][gc             ] GC(17525) Pause Final Update Refs 0.254ms
[1370.916s][info][gc,start       ] GC(17525) Concurrent cleanup
[1370.916s][info][gc             ] GC(17525) Concurrent cleanup 59M->58M(128M) 0.130ms
[1370.916s][info][gc             ] GC(17525) Dat log --- cycle is complete
Current gc epoch: 9314
heap: ______
capacity: 134217728
used: 61865704
committed: 134217728
bytes_allocated_since_gc_start: 55575728
hot_size: 0
cold_size: 2537549
num_regions: 512
hot_region_count: 18446744073709538194
cold_region_count: 13423
histogram: Placeholder

[1370.917s][info][gc             ] GC(17525) Obj count ac histogram
[1370.917s][info][gc             ] GC(17525) 	0: 244771
[1370.917s][info][gc             ] GC(17525) 	1: 15
[1370.917s][info][gc             ] GC(17525) 	2: 4992
[1370.917s][info][gc             ] GC(17525) 	3: 4501
[1370.917s][info][gc             ] GC(17525) 	4: 800
[1370.917s][info][gc             ] GC(17525) 	5: 15
[1370.917s][info][gc             ] GC(17525) 	6: 0
[1370.917s][info][gc             ] GC(17525) 	7: 0
[1370.917s][info][gc             ] GC(17525) 	8: 0
[1370.917s][info][gc             ] GC(17525) 	9: 0
[1370.917s][info][gc             ] GC(17525) 	10: 0
[1370.917s][info][gc             ] GC(17525) 	11: 0
[1370.917s][info][gc             ] GC(17525) 	12: 0
[1370.917s][info][gc             ] GC(17525) 	13: 0
[1370.917s][info][gc             ] GC(17525) 	14: 0
[1370.917s][info][gc             ] GC(17525) 	15: 0
[1370.917s][info][gc             ] GC(17525) 	16: 0
[1370.917s][info][gc             ] GC(17525) 	17: 0
[1370.917s][info][gc             ] GC(17525) 	18: 0
[1370.917s][info][gc             ] GC(17525) 	19: 0
[1370.917s][info][gc             ] GC(17525) Obj size ac histogram
[1370.917s][info][gc             ] GC(17525) 	0: 2009194
[1370.917s][info][gc             ] GC(17525) 	1: 720
[1370.917s][info][gc             ] GC(17525) 	2: 70013
[1370.917s][info][gc             ] GC(17525) 	3: 42409
[1370.917s][info][gc             ] GC(17525) 	4: 4906
[1370.917s][info][gc             ] GC(17525) 	5: 150
[1370.917s][info][gc             ] GC(17525) 	6: 0
[1370.917s][info][gc             ] GC(17525) 	7: 0
[1370.917s][info][gc             ] GC(17525) 	8: 0
[1370.917s][info][gc             ] GC(17525) 	9: 0
[1370.917s][info][gc             ] GC(17525) 	10: 0
[1370.917s][info][gc             ] GC(17525) 	11: 0
[1370.917s][info][gc             ] GC(17525) 	12: 0
[1370.917s][info][gc             ] GC(17525) 	13: 0
[1370.917s][info][gc             ] GC(17525) 	14: 0
[1370.917s][info][gc             ] GC(17525) 	15: 0
[1370.917s][info][gc             ] GC(17525) 	16: 0
[1370.917s][info][gc             ] GC(17525) 	17: 0
[1370.917s][info][gc             ] GC(17525) 	18: 0
[1370.917s][info][gc             ] GC(17525) 	19: 0
[1370.917s][info][gc,ergo        ] Free: 61440K, Max: 256K regular, 29696K humongous, Frag: 52% external, 9% internal; Reserve: 6656K, Max: 256K
[1370.917s][info][gc,stats       ] 
[1370.917s][info][gc,stats       ] All times are wall-clock times, except per-root-class counters, that are sum over
[1370.917s][info][gc,stats       ] all workers. Dividing the <total> over the root stage time estimates parallelism.
[1370.917s][info][gc,stats       ] 
[1370.917s][info][gc,stats       ] Concurrent Reset                    408 us
[1370.917s][info][gc,stats       ] Pause Init Mark (G)                4242 us
[1370.917s][info][gc,stats       ] Pause Init Mark (N)                3902 us
[1370.917s][info][gc,stats       ]   Accumulate Stats                    5 us
[1370.917s][info][gc,stats       ]   Make Parsable                      49 us
[1370.917s][info][gc,stats       ]   Update Region States                7 us
[1370.917s][info][gc,stats       ]   Scan Roots                       3355 us, parallelism: 1.69x
[1370.917s][info][gc,stats       ]     S: <total>                     5661 us
[1370.917s][info][gc,stats       ]     S: Thread Roots                 275 us, workers (us):   1, 140,   3, 130, ---, ---, ---, ---, ---, ---, ---, ---, ---, ---, ---, ---, ---, ---, ---, ---, ---, ---, ---, ---, 
[1370.917s][info][gc,stats       ]     S: Universe Roots                39 us, workers (us):  39, ---, ---, ---, ---, ---, ---, ---, ---, ---, ---, ---, ---, ---, ---, ---, ---, ---, ---, ---, ---, ---, ---, ---, 
[1370.917s][info][gc,stats       ]     S: JNI Handles Roots             22 us, workers (us): ---, ---, ---,  22, ---, ---, ---, ---, ---, ---, ---, ---, ---, ---, ---, ---, ---, ---, ---, ---, ---, ---, ---, ---, 
[1370.917s][info][gc,stats       ]     S: Synchronizer Roots             0 us, workers (us): ---,   0, ---, ---, ---, ---, ---, ---, ---, ---, ---, ---, ---, ---, ---, ---, ---, ---, ---, ---, ---, ---, ---, ---, 
[1370.917s][info][gc,stats       ]     S: Management Roots               1 us, workers (us): ---,   1, ---, ---, ---, ---, ---, ---, ---, ---, ---, ---, ---, ---, ---, ---, ---, ---, ---, ---, ---, ---, ---, ---, 
[1370.917s][info][gc,stats       ]     S: System Dict Roots             31 us, workers (us): ---,  31, ---, ---, ---, ---, ---, ---, ---, ---, ---, ---, ---, ---, ---, ---, ---, ---, ---, ---, ---, ---, ---, ---, 
[1370.917s][info][gc,stats       ]     S: CLDG Roots                  5291 us, workers (us): 2123, ---, 3168, ---, ---, ---, ---, ---, ---, ---, ---, ---, ---, ---, ---, ---, ---, ---, ---, ---, ---, ---, ---, ---, 
[1370.917s][info][gc,stats       ]     S: JVMTI Roots                    1 us, workers (us): ---, ---,   1, ---, ---, ---, ---, ---, ---, ---, ---, ---, ---, ---, ---, ---, ---, ---, ---, ---, ---, ---, ---, ---, 
[1370.917s][info][gc,stats       ]   Resize TLABs                        7 us
[1370.917s][info][gc,stats       ] Concurrent Marking                66693 us
[1370.917s][info][gc,stats       ] Concurrent Precleaning             3904 us
[1370.917s][info][gc,stats       ] Pause Final Mark (G)               2046 us
[1370.917s][info][gc,stats       ] Pause Final Mark (N)               1708 us
[1370.917s][info][gc,stats       ]   Finish Queues                     142 us
[1370.917s][info][gc,stats       ]   Weak References                    46 us
[1370.917s][info][gc,stats       ]     Process                          36 us
[1370.917s][info][gc,stats       ]   System Purge                      342 us
[1370.917s][info][gc,stats       ]     Weak Roots                      341 us
[1370.917s][info][gc,stats       ]   Update Region States               23 us
[1370.917s][info][gc,stats       ]   Retire TLABs                       53 us
[1370.917s][info][gc,stats       ]   Choose Collection Set             318 us
[1370.917s][info][gc,stats       ]   Rebuild Free Set                   21 us
[1370.917s][info][gc,stats       ]   Initial Evacuation                738 us, parallelism: 2.02x
[1370.917s][info][gc,stats       ]     E: <total>                     1492 us
[1370.917s][info][gc,stats       ]     E: Thread Roots                  83 us, workers (us):  16,  20,   2,  45, ---, ---, ---, ---, ---, ---, ---, ---, ---, ---, ---, ---, ---, ---, ---, ---, ---, ---, ---, ---, 
[1370.917s][info][gc,stats       ]     E: Code Cache Roots            1040 us, workers (us): 150, 162, 431, 298, ---, ---, ---, ---, ---, ---, ---, ---, ---, ---, ---, ---, ---, ---, ---, ---, ---, ---, ---, ---, 
[1370.917s][info][gc,stats       ]     E: Universe Roots                 5 us, workers (us):   5, ---, ---, ---, ---, ---, ---, ---, ---, ---, ---, ---, ---, ---, ---, ---, ---, ---, ---, ---, ---, ---, ---, ---, 
[1370.917s][info][gc,stats       ]     E: JNI Handles Roots              2 us, workers (us): ---,   2, ---, ---, ---, ---, ---, ---, ---, ---, ---, ---, ---, ---, ---, ---, ---, ---, ---, ---, ---, ---, ---, ---, 
[1370.917s][info][gc,stats       ]     E: Synchronizer Roots             0 us, workers (us):   0, ---, ---, ---, ---, ---, ---, ---, ---, ---, ---, ---, ---, ---, ---, ---, ---, ---, ---, ---, ---, ---, ---, ---, 
[1370.917s][info][gc,stats       ]     E: Management Roots               2 us, workers (us):   2, ---, ---, ---, ---, ---, ---, ---, ---, ---, ---, ---, ---, ---, ---, ---, ---, ---, ---, ---, ---, ---, ---, ---, 
[1370.917s][info][gc,stats       ]     E: System Dict Roots              9 us, workers (us):   9, ---, ---, ---, ---, ---, ---, ---, ---, ---, ---, ---, ---, ---, ---, ---, ---, ---, ---, ---, ---, ---, ---, ---, 
[1370.917s][info][gc,stats       ]     E: CLDG Roots                   350 us, workers (us): 175, 174, ---, ---, ---, ---, ---, ---, ---, ---, ---, ---, ---, ---, ---, ---, ---, ---, ---, ---, ---, ---, ---, ---, 
[1370.917s][info][gc,stats       ]     E: JVMTI Roots                    1 us, workers (us): ---,   1, ---, ---, ---, ---, ---, ---, ---, ---, ---, ---, ---, ---, ---, ---, ---, ---, ---, ---, ---, ---, ---, ---, 
[1370.917s][info][gc,stats       ] Concurrent Cleanup                10570 us
[1370.917s][info][gc,stats       ] Concurrent Evacuation              1035 us
[1370.917s][info][gc,stats       ] Pause Init  Update Refs (G)         322 us
[1370.917s][info][gc,stats       ] Pause Init  Update Refs (N)          37 us
[1370.917s][info][gc,stats       ]   Retire GCLABs                      16 us
[1370.917s][info][gc,stats       ] Concurrent Update Refs            16066 us
[1370.917s][info][gc,stats       ] Pause Final Update Refs (G)         520 us
[1370.917s][info][gc,stats       ] Pause Final Update Refs (N)         209 us
[1370.917s][info][gc,stats       ]   Update Roots                      152 us, parallelism: 0.85x
[1370.917s][info][gc,stats       ]     UR: <total>                     129 us
[1370.917s][info][gc,stats       ]     UR: Thread Roots                129 us, workers (us):  39,  54,  27,   9, ---, ---, ---, ---, ---, ---, ---, ---, ---, ---, ---, ---, ---, ---, ---, ---, ---, ---, ---, ---, 
[1370.917s][info][gc,stats       ]   Update Region States               11 us
[1370.917s][info][gc,stats       ]   Trash Collection Set                6 us
[1370.917s][info][gc,stats       ]   Rebuild Free Set                   18 us
[1370.917s][info][gc,stats       ] Concurrent Cleanup                  109 us
[1370.917s][info][gc,stats       ] Pacing                            90309 us
[1370.917s][info][gc,stats       ] 
[1370.917s][info][gc,stats       ] Allocation pacing accrued:
[1370.917s][info][gc,stats       ]      90 of   108 ms ( 83.3%): pl.nadoba.jvm.gc.benchmark.App.main()
[1370.917s][info][gc,stats       ]      90 of   108 ms ( 83.3%): <total>
[1370.917s][info][gc,stats       ]       9 of   108 ms (  8.3%): <average total>
[1370.917s][info][gc,stats       ]      90 of   108 ms ( 83.3%): <average non-zero>
[1370.917s][info][gc,stats       ] 
[1370.917s][info][gc,metaspace   ] Metaspace: 24233K->24233K(1071104K)
[1370.917s][info][gc,ergo        ] Pacer for Idle. Initial: 2621K, Alloc Tax Rate: 1.0x
[1370.919s][info][gc             ] Trigger: Allocated since last cycle (54273K) is larger than allocation threshold (13107K)
[1370.919s][info][gc,ergo        ] Free: 61440K, Max: 256K regular, 29696K humongous, Frag: 52% external, 9% internal; Reserve: 6656K, Max: 256K
[1370.919s][info][gc,start       ] GC(17526) Concurrent reset
[1370.919s][info][gc,task        ] GC(17526) Using 4 of 24 workers for concurrent reset
[1370.919s][info][gc,ergo        ] GC(17526) Pacer for Reset. Non-Taxable: 128M
[1370.919s][info][gc             ] GC(17526) Concurrent reset 0.397ms
[1370.919s][info][gc,start       ] GC(17526) Pause Init Mark
[1370.919s][info][gc,task        ] GC(17526) Using 4 of 24 workers for init marking
[1370.921s][info][gc,ergo        ] GC(17526) Pacer for Mark. Expected Live: 9645K, Free: 61440K, Non-Taxable: 6144K, Alloc Tax Rate: 0.2x
[1370.921s][info][gc             ] GC(17526) Pause Init Mark 1.901ms
[1370.921s][info][gc,start       ] GC(17526) Concurrent marking
[1370.921s][info][gc,task        ] GC(17526) Using 4 of 24 workers for concurrent marking
[1370.959s][info][gc             ] GC(17526) Concurrent marking 37.593ms
[1370.959s][info][gc,start       ] GC(17526) Pause Final Mark
[1370.959s][info][gc,task        ] GC(17526) Using 4 of 24 workers for final marking
[1370.960s][info][gc,ergo        ] GC(17526) CSet Selection. Actual Free: 94720K, Max CSet: 71040K
[1370.960s][info][gc,ergo        ] GC(17526) Collectable Garbage: 51778K (99%), Immediate: 51456K (99%), CSet: 322K (0%)
[1370.960s][info][gc,ergo        ] GC(17526) Pacer for Evacuation. Used CSet: 512K, Free: 90624K, Non-Taxable: 9062K, Alloc Tax Rate: 1.1x
[1370.960s][info][gc             ] GC(17526) Pause Final Mark 1.504ms
[1370.961s][info][gc,start       ] GC(17526) Concurrent cleanup
[1370.969s][info][gc             ] GC(17526) Concurrent cleanup 81M->43M(128M) 8.097ms
[1370.969s][info][gc,ergo        ] GC(17526) Free: 78592K, Max: 256K regular, 45056K humongous, Frag: 43% external, 0% internal; Reserve: 6651K, Max: 256K
[1370.969s][info][gc,start       ] GC(17526) Concurrent evacuation
[1370.969s][info][gc,task        ] GC(17526) Using 4 of 24 workers for concurrent evacuation
[1370.970s][info][gc             ] GC(17526) Concurrent evacuation 0.751ms
[1370.970s][info][gc,start       ] GC(17526) Pause Init Update Refs
[1370.970s][info][gc,ergo        ] GC(17526) Pacer for Update Refs. Used: 44543K, Free: 78592K, Non-Taxable: 7859K, Alloc Tax Rate: 1.1x
[1370.970s][info][gc             ] GC(17526) Pause Init Update Refs 0.084ms
[1370.970s][info][gc,start       ] GC(17526) Concurrent update references
[1370.970s][info][gc,task        ] GC(17526) Using 4 of 24 workers for concurrent reference update
[1370.987s][info][gc             ] GC(17526) Concurrent update references 17.306ms
[1370.987s][info][gc,start       ] GC(17526) Pause Final Update Refs
[1370.987s][info][gc,task        ] GC(17526) Using 4 of 24 workers for final reference update
[1370.988s][info][gc             ] GC(17526) Pause Final Update Refs 0.278ms
[1370.988s][info][gc,start       ] GC(17526) Concurrent cleanup
[1370.988s][info][gc             ] GC(17526) Concurrent cleanup 62M->61M(128M) 0.102ms
[1370.988s][info][gc             ] GC(17526) Dat log --- cycle is complete
Current gc epoch: 9315
heap: ______
capacity: 134217728
used: 65011432
committed: 134217728
bytes_allocated_since_gc_start: 58721456
hot_size: 0
cold_size: 3192909
num_regions: 512
hot_region_count: 18446744073709538193
cold_region_count: 13424
histogram: Placeholder

[1370.988s][info][gc             ] GC(17526) Obj count ac histogram
[1370.988s][info][gc             ] GC(17526) 	0: 239305
[1370.988s][info][gc             ] GC(17526) 	1: 15
[1370.988s][info][gc             ] GC(17526) 	2: 2
[1370.988s][info][gc             ] GC(17526) 	3: 0
[1370.988s][info][gc             ] GC(17526) 	4: 0
[1370.988s][info][gc             ] GC(17526) 	5: 0
[1370.988s][info][gc             ] GC(17526) 	6: 0
[1370.988s][info][gc             ] GC(17526) 	7: 0
[1370.988s][info][gc             ] GC(17526) 	8: 0
[1370.988s][info][gc             ] GC(17526) 	9: 0
[1370.988s][info][gc             ] GC(17526) 	10: 0
[1370.988s][info][gc             ] GC(17526) 	11: 0
[1370.988s][info][gc             ] GC(17526) 	12: 0
[1370.988s][info][gc             ] GC(17526) 	13: 0
[1370.988s][info][gc             ] GC(17526) 	14: 0
[1370.988s][info][gc             ] GC(17526) 	15: 0
[1370.988s][info][gc             ] GC(17526) 	16: 0
[1370.988s][info][gc             ] GC(17526) 	17: 0
[1370.988s][info][gc             ] GC(17526) 	18: 0
[1370.988s][info][gc             ] GC(17526) 	19: 0
[1370.988s][info][gc             ] GC(17526) Obj size ac histogram
[1370.988s][info][gc             ] GC(17526) 	0: 2555586
[1370.988s][info][gc             ] GC(17526) 	1: 720
[1370.988s][info][gc             ] GC(17526) 	2: 14
[1370.988s][info][gc             ] GC(17526) 	3: 0
[1370.988s][info][gc             ] GC(17526) 	4: 0
[1370.988s][info][gc             ] GC(17526) 	5: 0
[1370.988s][info][gc             ] GC(17526) 	6: 0
[1370.988s][info][gc             ] GC(17526) 	7: 0
[1370.988s][info][gc             ] GC(17526) 	8: 0
[1370.988s][info][gc             ] GC(17526) 	9: 0
[1370.988s][info][gc             ] GC(17526) 	10: 0
[1370.988s][info][gc             ] GC(17526) 	11: 0
[1370.988s][info][gc             ] GC(17526) 	12: 0
[1370.988s][info][gc             ] GC(17526) 	13: 0
[1370.988s][info][gc             ] GC(17526) 	14: 0
[1370.988s][info][gc             ] GC(17526) 	15: 0
[1370.988s][info][gc             ] GC(17526) 	16: 0
[1370.988s][info][gc             ] GC(17526) 	17: 0
[1370.988s][info][gc             ] GC(17526) 	18: 0
[1370.988s][info][gc             ] GC(17526) 	19: 0
[1370.988s][info][gc,ergo        ] Free: 58368K, Max: 256K regular, 45056K humongous, Frag: 23% external, 9% internal; Reserve: 6656K, Max: 256K
[1370.988s][info][gc,stats       ] 
[1370.988s][info][gc,stats       ] All times are wall-clock times, except per-root-class counters, that are sum over
[1370.988s][info][gc,stats       ] all workers. Dividing the <total> over the root stage time estimates parallelism.
[1370.988s][info][gc,stats       ] 
[1370.988s][info][gc,stats       ] Concurrent Reset                    382 us
[1370.988s][info][gc,stats       ] Pause Init Mark (G)                2207 us
[1370.988s][info][gc,stats       ] Pause Init Mark (N)                1860 us
[1370.988s][info][gc,stats       ]   Accumulate Stats                    6 us
[1370.988s][info][gc,stats       ]   Make Parsable                      50 us
[1370.988s][info][gc,stats       ]   Update Region States                7 us
[1370.988s][info][gc,stats       ]   Scan Roots                       1307 us, parallelism: 1.97x
[1370.988s][info][gc,stats       ]     S: <total>                     2579 us
[1370.988s][info][gc,stats       ]     S: Thread Roots                 444 us, workers (us): 242, 199,   1,   1, ---, ---, ---, ---, ---, ---, ---, ---, ---, ---, ---, ---, ---, ---, ---, ---, ---, ---, ---, ---, 
[1370.988s][info][gc,stats       ]     S: Universe Roots                45 us, workers (us):  45, ---, ---, ---, ---, ---, ---, ---, ---, ---, ---, ---, ---, ---, ---, ---, ---, ---, ---, ---, ---, ---, ---, ---, 
[1370.988s][info][gc,stats       ]     S: JNI Handles Roots             22 us, workers (us): ---, ---,  22, ---, ---, ---, ---, ---, ---, ---, ---, ---, ---, ---, ---, ---, ---, ---, ---, ---, ---, ---, ---, ---, 
[1370.988s][info][gc,stats       ]     S: Synchronizer Roots             1 us, workers (us): ---,   1, ---, ---, ---, ---, ---, ---, ---, ---, ---, ---, ---, ---, ---, ---, ---, ---, ---, ---, ---, ---, ---, ---, 
[1370.988s][info][gc,stats       ]     S: Management Roots               2 us, workers (us): ---,   2, ---, ---, ---, ---, ---, ---, ---, ---, ---, ---, ---, ---, ---, ---, ---, ---, ---, ---, ---, ---, ---, ---, 
[1370.988s][info][gc,stats       ]     S: System Dict Roots             66 us, workers (us): ---,  66, ---, ---, ---, ---, ---, ---, ---, ---, ---, ---, ---, ---, ---, ---, ---, ---, ---, ---, ---, ---, ---, ---, 
[1370.988s][info][gc,stats       ]     S: CLDG Roots                  1999 us, workers (us): ---, ---, 896, 1103, ---, ---, ---, ---, ---, ---, ---, ---, ---, ---, ---, ---, ---, ---, ---, ---, ---, ---, ---, ---, 
[1370.988s][info][gc,stats       ]     S: JVMTI Roots                    1 us, workers (us): ---, ---,   1, ---, ---, ---, ---, ---, ---, ---, ---, ---, ---, ---, ---, ---, ---, ---, ---, ---, ---, ---, ---, ---, 
[1370.988s][info][gc,stats       ]   Resize TLABs                        7 us
[1370.988s][info][gc,stats       ] Concurrent Marking                37541 us
[1370.988s][info][gc,stats       ] Pause Final Mark (G)               1721 us
[1370.988s][info][gc,stats       ] Pause Final Mark (N)               1461 us
[1370.988s][info][gc,stats       ]   Finish Queues                     135 us
[1370.988s][info][gc,stats       ]   System Purge                      454 us
[1370.988s][info][gc,stats       ]     Weak Roots                      453 us
[1370.988s][info][gc,stats       ]   Update Region States               20 us
[1370.988s][info][gc,stats       ]   Retire TLABs                       54 us
[1370.988s][info][gc,stats       ]   Choose Collection Set             246 us
[1370.988s][info][gc,stats       ]   Rebuild Free Set                   21 us
[1370.988s][info][gc,stats       ]   Initial Evacuation                505 us, parallelism: 2.16x
[1370.988s][info][gc,stats       ]     E: <total>                     1092 us
[1370.988s][info][gc,stats       ]     E: Thread Roots                  70 us, workers (us):  32,   1,  35,   2, ---, ---, ---, ---, ---, ---, ---, ---, ---, ---, ---, ---, ---, ---, ---, ---, ---, ---, ---, ---, 
[1370.988s][info][gc,stats       ]     E: Code Cache Roots             777 us, workers (us): 230, 143, 241, 162, ---, ---, ---, ---, ---, ---, ---, ---, ---, ---, ---, ---, ---, ---, ---, ---, ---, ---, ---, ---, 
[1370.988s][info][gc,stats       ]     E: Universe Roots                 2 us, workers (us):   2, ---, ---, ---, ---, ---, ---, ---, ---, ---, ---, ---, ---, ---, ---, ---, ---, ---, ---, ---, ---, ---, ---, ---, 
[1370.988s][info][gc,stats       ]     E: JNI Handles Roots              1 us, workers (us):   1, ---, ---, ---, ---, ---, ---, ---, ---, ---, ---, ---, ---, ---, ---, ---, ---, ---, ---, ---, ---, ---, ---, ---, 
[1370.988s][info][gc,stats       ]     E: Synchronizer Roots             0 us, workers (us):   0, ---, ---, ---, ---, ---, ---, ---, ---, ---, ---, ---, ---, ---, ---, ---, ---, ---, ---, ---, ---, ---, ---, ---, 
[1370.988s][info][gc,stats       ]     E: Management Roots               1 us, workers (us):   1, ---, ---, ---, ---, ---, ---, ---, ---, ---, ---, ---, ---, ---, ---, ---, ---, ---, ---, ---, ---, ---, ---, ---, 
[1370.988s][info][gc,stats       ]     E: System Dict Roots              4 us, workers (us):   4, ---, ---, ---, ---, ---, ---, ---, ---, ---, ---, ---, ---, ---, ---, ---, ---, ---, ---, ---, ---, ---, ---, ---, 
[1370.988s][info][gc,stats       ]     E: CLDG Roots                   237 us, workers (us): ---, 132, ---, 105, ---, ---, ---, ---, ---, ---, ---, ---, ---, ---, ---, ---, ---, ---, ---, ---, ---, ---, ---, ---, 
[1370.988s][info][gc,stats       ]     E: JVMTI Roots                    0 us, workers (us):   0, ---, ---, ---, ---, ---, ---, ---, ---, ---, ---, ---, ---, ---, ---, ---, ---, ---, ---, ---, ---, ---, ---, ---, 
[1370.988s][info][gc,stats       ] Concurrent Cleanup                 8048 us
[1370.988s][info][gc,stats       ] Concurrent Evacuation               740 us
[1370.988s][info][gc,stats       ] Pause Init  Update Refs (G)         305 us
[1370.988s][info][gc,stats       ] Pause Init  Update Refs (N)          39 us
[1370.988s][info][gc,stats       ]   Retire GCLABs                      18 us
[1370.988s][info][gc,stats       ] Concurrent Update Refs            17282 us
[1370.988s][info][gc,stats       ] Pause Final Update Refs (G)         494 us
[1370.988s][info][gc,stats       ] Pause Final Update Refs (N)         235 us
[1370.988s][info][gc,stats       ]   Update Roots                      181 us, parallelism: 1.11x
[1370.988s][info][gc,stats       ]     UR: <total>                     201 us
[1370.988s][info][gc,stats       ]     UR: Thread Roots                201 us, workers (us):  89,  48,  30,  33, ---, ---, ---, ---, ---, ---, ---, ---, ---, ---, ---, ---, ---, ---, ---, ---, ---, ---, ---, ---, 
[1370.988s][info][gc,stats       ]   Update Region States               10 us
[1370.988s][info][gc,stats       ]   Trash Collection Set                5 us
[1370.988s][info][gc,stats       ]   Rebuild Free Set                   18 us
[1370.988s][info][gc,stats       ] Concurrent Cleanup                   88 us
[1370.988s][info][gc,stats       ] Pacing                            55021 us
[1370.988s][info][gc,stats       ] 
[1370.988s][info][gc,stats       ] Allocation pacing accrued:
[1370.988s][info][gc,stats       ]      55 of    71 ms ( 77.6%): pl.nadoba.jvm.gc.benchmark.App.main()
[1370.988s][info][gc,stats       ]      55 of    71 ms ( 77.6%): <total>
[1370.988s][info][gc,stats       ]       6 of    71 ms (  7.8%): <average total>
[1370.988s][info][gc,stats       ]      55 of    71 ms ( 77.6%): <average non-zero>
[1370.988s][info][gc,stats       ] 
[1370.988s][info][gc,metaspace   ] Metaspace: 24233K->24233K(1071104K)
[1370.988s][info][gc,ergo        ] Pacer for Idle. Initial: 2621K, Alloc Tax Rate: 1.0x
[1370.989s][info][gc             ] Trigger: Allocated since last cycle (57345K) is larger than allocation threshold (13107K)
[1370.989s][info][gc,ergo        ] Free: 58368K, Max: 256K regular, 45056K humongous, Frag: 23% external, 9% internal; Reserve: 6656K, Max: 256K
[1370.989s][info][gc,start       ] GC(17527) Concurrent reset
[1370.989s][info][gc,task        ] GC(17527) Using 4 of 24 workers for concurrent reset
[1370.989s][info][gc,ergo        ] GC(17527) Pacer for Reset. Non-Taxable: 128M
[1370.990s][info][gc             ] GC(17527) Concurrent reset 0.395ms
[1370.990s][info][gc,start       ] GC(17527) Pause Init Mark
[1370.990s][info][gc,task        ] GC(17527) Using 4 of 24 workers for init marking
[1370.993s][info][gc,ergo        ] GC(17527) Pacer for Mark. Expected Live: 9645K, Free: 58368K, Non-Taxable: 5836K, Alloc Tax Rate: 0.2x
[1370.993s][info][gc             ] GC(17527) Pause Init Mark 2.739ms
[1370.993s][info][gc,start       ] GC(17527) Concurrent marking
[1370.993s][info][gc,task        ] GC(17527) Using 4 of 24 workers for concurrent marking
[1371.059s][info][gc             ] GC(17527) Concurrent marking 65.987ms
[1371.059s][info][gc,start       ] GC(17527) Pause Final Mark
[1371.059s][info][gc,task        ] GC(17527) Using 4 of 24 workers for final marking
[1371.060s][info][gc,ergo        ] GC(17527) CSet Selection. Actual Free: 81920K, Max CSet: 61440K
[1371.060s][info][gc,ergo        ] GC(17527) Collectable Garbage: 54850K (99%), Immediate: 54528K (99%), CSet: 322K (0%)
[1371.060s][info][gc,ergo        ] GC(17527) Pacer for Evacuation. Used CSet: 512K, Free: 77824K, Non-Taxable: 7782K, Alloc Tax Rate: 1.1x
[1371.060s][info][gc             ] GC(17527) Pause Final Mark 1.420ms
[1371.060s][info][gc,start       ] GC(17527) Concurrent cleanup
[1371.068s][info][gc             ] GC(17527) Concurrent cleanup 97M->47M(128M) 7.435ms
[1371.068s][info][gc,ergo        ] GC(17527) Free: 73728K, Max: 256K regular, 26624K humongous, Frag: 64% external, 0% internal; Reserve: 6653K, Max: 256K
[1371.068s][info][gc,start       ] GC(17527) Concurrent evacuation
[1371.068s][info][gc,task        ] GC(17527) Using 4 of 24 workers for concurrent evacuation
[1371.068s][info][gc             ] GC(17527) Concurrent evacuation 0.432ms
[1371.069s][info][gc,start       ] GC(17527) Pause Init Update Refs
[1371.069s][info][gc,ergo        ] GC(17527) Pacer for Update Refs. Used: 48639K, Free: 73728K, Non-Taxable: 7372K, Alloc Tax Rate: 1.1x
[1371.069s][info][gc             ] GC(17527) Pause Init Update Refs 0.081ms
[1371.069s][info][gc,start       ] GC(17527) Concurrent update references
[1371.069s][info][gc,task        ] GC(17527) Using 4 of 24 workers for concurrent reference update
[1371.084s][info][gc             ] GC(17527) Concurrent update references 15.339ms
[1371.085s][info][gc,start       ] GC(17527) Pause Final Update Refs
[1371.085s][info][gc,task        ] GC(17527) Using 4 of 24 workers for final reference update
[1371.085s][info][gc             ] GC(17527) Pause Final Update Refs 0.277ms
[1371.085s][info][gc,start       ] GC(17527) Concurrent cleanup
[1371.085s][info][gc             ] GC(17527) Concurrent cleanup 63M->68M(128M) 0.155ms
[1371.085s][info][gc             ] GC(17527) Dat log --- cycle is complete
Current gc epoch: 9316
heap: ______
capacity: 134217728
used: 72351560
committed: 134217728
bytes_allocated_since_gc_start: 66847920
hot_size: 0
cold_size: 3061837
num_regions: 512
hot_region_count: 18446744073709538192
cold_region_count: 13425
histogram: Placeholder

[1371.085s][info][gc             ] GC(17527) Obj count ac histogram
[1371.085s][info][gc             ] GC(17527) 	0: 254319
[1371.085s][info][gc             ] GC(17527) 	1: 15
[1371.085s][info][gc             ] GC(17527) 	2: 2
[1371.085s][info][gc             ] GC(17527) 	3: 0
[1371.085s][info][gc             ] GC(17527) 	4: 0
[1371.085s][info][gc             ] GC(17527) 	5: 0
[1371.085s][info][gc             ] GC(17527) 	6: 0
[1371.085s][info][gc             ] GC(17527) 	7: 0
[1371.085s][info][gc             ] GC(17527) 	8: 0
[1371.085s][info][gc             ] GC(17527) 	9: 0
[1371.085s][info][gc             ] GC(17527) 	10: 0
[1371.085s][info][gc             ] GC(17527) 	11: 0
[1371.085s][info][gc             ] GC(17527) 	12: 0
[1371.085s][info][gc             ] GC(17527) 	13: 0
[1371.085s][info][gc             ] GC(17527) 	14: 0
[1371.085s][info][gc             ] GC(17527) 	15: 0
[1371.085s][info][gc             ] GC(17527) 	16: 0
[1371.085s][info][gc             ] GC(17527) 	17: 0
[1371.085s][info][gc             ] GC(17527) 	18: 0
[1371.085s][info][gc             ] GC(17527) 	19: 0
[1371.085s][info][gc             ] GC(17527) Obj size ac histogram
[1371.085s][info][gc             ] GC(17527) 	0: 2593344
[1371.085s][info][gc             ] GC(17527) 	1: 720
[1371.085s][info][gc             ] GC(17527) 	2: 14
[1371.085s][info][gc             ] GC(17527) 	3: 0
[1371.085s][info][gc             ] GC(17527) 	4: 0
[1371.085s][info][gc             ] GC(17527) 	5: 0
[1371.085s][info][gc             ] GC(17527) 	6: 0
[1371.085s][info][gc             ] GC(17527) 	7: 0
[1371.085s][info][gc             ] GC(17527) 	8: 0
[1371.085s][info][gc             ] GC(17527) 	9: 0
[1371.085s][info][gc             ] GC(17527) 	10: 0
[1371.085s][info][gc             ] GC(17527) 	11: 0
[1371.085s][info][gc             ] GC(17527) 	12: 0
[1371.085s][info][gc             ] GC(17527) 	13: 0
[1371.085s][info][gc             ] GC(17527) 	14: 0
[1371.085s][info][gc             ] GC(17527) 	15: 0
[1371.085s][info][gc             ] GC(17527) 	16: 0
[1371.086s][info][gc             ] GC(17527) 	17: 0
[1371.086s][info][gc             ] GC(17527) 	18: 0
[1371.086s][info][gc             ] GC(17527) 	19: 0
[1371.086s][info][gc,ergo        ] Free: 50432K, Max: 256K regular, 20224K humongous, Frag: 60% external, 11% internal; Reserve: 6656K, Max: 256K
[1371.086s][info][gc,stats       ] 
[1371.086s][info][gc,stats       ] All times are wall-clock times, except per-root-class counters, that are sum over
[1371.086s][info][gc,stats       ] all workers. Dividing the <total> over the root stage time estimates parallelism.
[1371.086s][info][gc,stats       ] 
[1371.086s][info][gc,stats       ] Concurrent Reset                    372 us
[1371.086s][info][gc,stats       ] Pause Init Mark (G)                2993 us
[1371.086s][info][gc,stats       ] Pause Init Mark (N)                2688 us
[1371.086s][info][gc,stats       ]   Accumulate Stats                    6 us
[1371.086s][info][gc,stats       ]   Make Parsable                      47 us
[1371.086s][info][gc,stats       ]   Update Region States                7 us
[1371.086s][info][gc,stats       ]   Scan Roots                       2149 us, parallelism: 1.95x
[1371.086s][info][gc,stats       ]     S: <total>                     4186 us
[1371.086s][info][gc,stats       ]     S: Thread Roots                 368 us, workers (us): 228,   1, 137,   2, ---, ---, ---, ---, ---, ---, ---, ---, ---, ---, ---, ---, ---, ---, ---, ---, ---, ---, ---, ---, 
[1371.086s][info][gc,stats       ]     S: Universe Roots                53 us, workers (us):  53, ---, ---, ---, ---, ---, ---, ---, ---, ---, ---, ---, ---, ---, ---, ---, ---, ---, ---, ---, ---, ---, ---, ---, 
[1371.086s][info][gc,stats       ]     S: JNI Handles Roots             30 us, workers (us): ---, ---,  30, ---, ---, ---, ---, ---, ---, ---, ---, ---, ---, ---, ---, ---, ---, ---, ---, ---, ---, ---, ---, ---, 
[1371.086s][info][gc,stats       ]     S: Synchronizer Roots             0 us, workers (us): ---,   0, ---, ---, ---, ---, ---, ---, ---, ---, ---, ---, ---, ---, ---, ---, ---, ---, ---, ---, ---, ---, ---, ---, 
[1371.086s][info][gc,stats       ]     S: Management Roots               1 us, workers (us): ---,   1, ---, ---, ---, ---, ---, ---, ---, ---, ---, ---, ---, ---, ---, ---, ---, ---, ---, ---, ---, ---, ---, ---, 
[1371.086s][info][gc,stats       ]     S: System Dict Roots             34 us, workers (us): ---,  34, ---, ---, ---, ---, ---, ---, ---, ---, ---, ---, ---, ---, ---, ---, ---, ---, ---, ---, ---, ---, ---, ---, 
[1371.086s][info][gc,stats       ]     S: CLDG Roots                  3697 us, workers (us): ---, 1953, ---, 1744, ---, ---, ---, ---, ---, ---, ---, ---, ---, ---, ---, ---, ---, ---, ---, ---, ---, ---, ---, ---, 
[1371.086s][info][gc,stats       ]     S: JVMTI Roots                    1 us, workers (us): ---, ---, ---,   1, ---, ---, ---, ---, ---, ---, ---, ---, ---, ---, ---, ---, ---, ---, ---, ---, ---, ---, ---, ---, 
[1371.086s][info][gc,stats       ]   Resize TLABs                        7 us
[1371.086s][info][gc,stats       ] Concurrent Marking                65955 us
[1371.086s][info][gc,stats       ] Pause Final Mark (G)               1586 us
[1371.086s][info][gc,stats       ] Pause Final Mark (N)               1378 us
[1371.086s][info][gc,stats       ]   Finish Queues                     162 us
[1371.086s][info][gc,stats       ]   System Purge                      346 us
[1371.086s][info][gc,stats       ]     Weak Roots                      344 us
[1371.086s][info][gc,stats       ]   Update Region States               21 us
[1371.086s][info][gc,stats       ]   Retire TLABs                       51 us
[1371.086s][info][gc,stats       ]   Choose Collection Set             244 us
[1371.086s][info][gc,stats       ]   Rebuild Free Set                   20 us
[1371.086s][info][gc,stats       ]   Initial Evacuation                509 us, parallelism: 2.06x
[1371.086s][info][gc,stats       ]     E: <total>                     1048 us
[1371.086s][info][gc,stats       ]     E: Thread Roots                  86 us, workers (us):   2,  27,  55,   2, ---, ---, ---, ---, ---, ---, ---, ---, ---, ---, ---, ---, ---, ---, ---, ---, ---, ---, ---, ---, 
[1371.086s][info][gc,stats       ]     E: Code Cache Roots             686 us, workers (us): 236, 211, 106, 133, ---, ---, ---, ---, ---, ---, ---, ---, ---, ---, ---, ---, ---, ---, ---, ---, ---, ---, ---, ---, 
[1371.086s][info][gc,stats       ]     E: Universe Roots                 4 us, workers (us):   4, ---, ---, ---, ---, ---, ---, ---, ---, ---, ---, ---, ---, ---, ---, ---, ---, ---, ---, ---, ---, ---, ---, ---, 
[1371.086s][info][gc,stats       ]     E: JNI Handles Roots              1 us, workers (us): ---,   1, ---, ---, ---, ---, ---, ---, ---, ---, ---, ---, ---, ---, ---, ---, ---, ---, ---, ---, ---, ---, ---, ---, 
[1371.086s][info][gc,stats       ]     E: Synchronizer Roots             0 us, workers (us):   0, ---, ---, ---, ---, ---, ---, ---, ---, ---, ---, ---, ---, ---, ---, ---, ---, ---, ---, ---, ---, ---, ---, ---, 
[1371.086s][info][gc,stats       ]     E: Management Roots               1 us, workers (us):   1, ---, ---, ---, ---, ---, ---, ---, ---, ---, ---, ---, ---, ---, ---, ---, ---, ---, ---, ---, ---, ---, ---, ---, 
[1371.086s][info][gc,stats       ]     E: System Dict Roots             20 us, workers (us):  20, ---, ---, ---, ---, ---, ---, ---, ---, ---, ---, ---, ---, ---, ---, ---, ---, ---, ---, ---, ---, ---, ---, ---, 
[1371.086s][info][gc,stats       ]     E: CLDG Roots                   250 us, workers (us): ---, ---, 108, 142, ---, ---, ---, ---, ---, ---, ---, ---, ---, ---, ---, ---, ---, ---, ---, ---, ---, ---, ---, ---, 
[1371.086s][info][gc,stats       ]     E: JVMTI Roots                    0 us, workers (us): ---,   0, ---, ---, ---, ---, ---, ---, ---, ---, ---, ---, ---, ---, ---, ---, ---, ---, ---, ---, ---, ---, ---, ---, 
[1371.086s][info][gc,stats       ] Concurrent Cleanup                 7403 us
[1371.086s][info][gc,stats       ] Concurrent Evacuation               422 us
[1371.086s][info][gc,stats       ] Pause Init  Update Refs (G)         297 us
[1371.086s][info][gc,stats       ] Pause Init  Update Refs (N)          39 us
[1371.086s][info][gc,stats       ]   Retire GCLABs                      18 us
[1371.086s][info][gc,stats       ] Concurrent Update Refs            15320 us
[1371.086s][info][gc,stats       ] Pause Final Update Refs (G)         951 us
[1371.086s][info][gc,stats       ] Pause Final Update Refs (N)         233 us
[1371.086s][info][gc,stats       ]   Update Roots                      176 us, parallelism: 1.11x
[1371.086s][info][gc,stats       ]     UR: <total>                     195 us
[1371.086s][info][gc,stats       ]     UR: Thread Roots                195 us, workers (us):  92,  32,  39,  32, ---, ---, ---, ---, ---, ---, ---, ---, ---, ---, ---, ---, ---, ---, ---, ---, ---, ---, ---, ---, 
[1371.086s][info][gc,stats       ]   Update Region States               11 us
[1371.086s][info][gc,stats       ]   Trash Collection Set                6 us
[1371.086s][info][gc,stats       ]   Rebuild Free Set                   18 us
[1371.086s][info][gc,stats       ] Concurrent Cleanup                  125 us
[1371.086s][info][gc,stats       ] Pacing                            89255 us
[1371.086s][info][gc,stats       ] 
[1371.086s][info][gc,stats       ] Allocation pacing accrued:
[1371.086s][info][gc,stats       ]      89 of    98 ms ( 91.1%): pl.nadoba.jvm.gc.benchmark.App.main()
[1371.086s][info][gc,stats       ]      89 of    98 ms ( 91.1%): <total>
[1371.086s][info][gc,stats       ]       9 of    98 ms (  9.1%): <average total>
[1371.086s][info][gc,stats       ]      89 of    98 ms ( 91.1%): <average non-zero>
[1371.086s][info][gc,stats       ] 
[1371.086s][info][gc,metaspace   ] Metaspace: 24233K->24233K(1071104K)
[1371.086s][info][gc,ergo        ] Pacer for Idle. Initial: 2621K, Alloc Tax Rate: 1.0x
[1371.087s][info][gc             ] Trigger: Allocated since last cycle (65281K) is larger than allocation threshold (13107K)
[1371.087s][info][gc,ergo        ] Free: 50432K, Max: 256K regular, 20224K humongous, Frag: 60% external, 11% internal; Reserve: 6656K, Max: 256K
[1371.087s][info][gc,start       ] GC(17528) Concurrent reset
[1371.087s][info][gc,task        ] GC(17528) Using 4 of 24 workers for concurrent reset
[1371.087s][info][gc,ergo        ] GC(17528) Pacer for Reset. Non-Taxable: 128M
[1371.088s][info][gc             ] GC(17528) Concurrent reset 0.483ms
[1371.088s][info][gc,start       ] GC(17528) Pause Init Mark
[1371.088s][info][gc,task        ] GC(17528) Using 4 of 24 workers for init marking
[1371.092s][info][gc,ergo        ] GC(17528) Pacer for Mark. Expected Live: 9645K, Free: 50432K, Non-Taxable: 5043K, Alloc Tax Rate: 0.2x
[1371.092s][info][gc             ] GC(17528) Pause Init Mark 3.471ms
[1371.092s][info][gc,start       ] GC(17528) Concurrent marking
[1371.092s][info][gc,task        ] GC(17528) Using 4 of 24 workers for concurrent marking
[1371.155s][info][gc             ] GC(17528) Concurrent marking 63.680ms
[1371.155s][info][gc,start       ] GC(17528) Pause Final Mark
[1371.156s][info][gc,task        ] GC(17528) Using 4 of 24 workers for final marking
[1371.156s][info][gc,ergo        ] GC(17528) CSet Selection. Actual Free: 99072K, Max CSet: 74304K
[1371.156s][info][gc,ergo        ] GC(17528) Collectable Garbage: 62018K (99%), Immediate: 61696K (99%), CSet: 322K (0%)
[1371.157s][info][gc,ergo        ] GC(17528) Pacer for Evacuation. Used CSet: 512K, Free: 95766K, Non-Taxable: 9576K, Alloc Tax Rate: 1.1x
[1371.157s][info][gc             ] GC(17528) Pause Final Mark 1.676ms
[1371.157s][info][gc,start       ] GC(17528) Concurrent cleanup
[1371.158s][info][gc             ] Cancelling GC: Stopping VM
[1371.167s][info][gc             ] GC(17528) Concurrent cleanup 87M->27M(128M) 10.227ms
[1371.168s][info][gc,ergo        ] GC(17528) Free: 95510K, Max: 256K regular, 63744K humongous, Frag: 34% external, 0% internal; Reserve: 6651K, Max: 256K
[1371.168s][info][gc,start       ] GC(17528) Concurrent evacuation
[1371.168s][info][gc,task        ] GC(17528) Using 3 of 24 workers for concurrent evacuation
[1371.169s][info][gc             ] GC(17528) Concurrent evacuation 1.100ms
[1371.169s][info][gc,ergo        ] Free: 95510K, Max: 256K regular, 63744K humongous, Frag: 34% external, 0% internal; Reserve: 6400K, Max: 256K
[1371.169s][info][gc,stats       ] 
[1371.169s][info][gc,stats       ] All times are wall-clock times, except per-root-class counters, that are sum over
[1371.169s][info][gc,stats       ] all workers. Dividing the <total> over the root stage time estimates parallelism.
[1371.169s][info][gc,stats       ] 
[1371.169s][info][gc,stats       ] Concurrent Reset                    469 us
[1371.169s][info][gc,stats       ] Pause Init Mark (G)                3758 us
[1371.169s][info][gc,stats       ] Pause Init Mark (N)                3427 us
[1371.169s][info][gc,stats       ]   Accumulate Stats                    5 us
[1371.169s][info][gc,stats       ]   Make Parsable                      50 us
[1371.169s][info][gc,stats       ]   Update Region States                8 us
[1371.169s][info][gc,stats       ]   Scan Roots                       2870 us, parallelism: 1.65x
[1371.169s][info][gc,stats       ]     S: <total>                     4729 us
[1371.169s][info][gc,stats       ]     S: Thread Roots                 323 us, workers (us):   3, 180,   1, 140, ---, ---, ---, ---, ---, ---, ---, ---, ---, ---, ---, ---, ---, ---, ---, ---, ---, ---, ---, ---, 
[1371.169s][info][gc,stats       ]     S: Universe Roots                31 us, workers (us):  31, ---, ---, ---, ---, ---, ---, ---, ---, ---, ---, ---, ---, ---, ---, ---, ---, ---, ---, ---, ---, ---, ---, ---, 
[1371.169s][info][gc,stats       ]     S: JNI Handles Roots             34 us, workers (us): ---, ---, ---,  34, ---, ---, ---, ---, ---, ---, ---, ---, ---, ---, ---, ---, ---, ---, ---, ---, ---, ---, ---, ---, 
[1371.169s][info][gc,stats       ]     S: Synchronizer Roots             0 us, workers (us): ---,   0, ---, ---, ---, ---, ---, ---, ---, ---, ---, ---, ---, ---, ---, ---, ---, ---, ---, ---, ---, ---, ---, ---, 
[1371.169s][info][gc,stats       ]     S: Management Roots               1 us, workers (us): ---,   1, ---, ---, ---, ---, ---, ---, ---, ---, ---, ---, ---, ---, ---, ---, ---, ---, ---, ---, ---, ---, ---, ---, 
[1371.169s][info][gc,stats       ]     S: System Dict Roots             27 us, workers (us): ---,  27, ---, ---, ---, ---, ---, ---, ---, ---, ---, ---, ---, ---, ---, ---, ---, ---, ---, ---, ---, ---, ---, ---, 
[1371.169s][info][gc,stats       ]     S: CLDG Roots                  4311 us, workers (us): 2674, ---, 1637, ---, ---, ---, ---, ---, ---, ---, ---, ---, ---, ---, ---, ---, ---, ---, ---, ---, ---, ---, ---, ---, 
[1371.169s][info][gc,stats       ]     S: JVMTI Roots                    1 us, workers (us): ---, ---,   1, ---, ---, ---, ---, ---, ---, ---, ---, ---, ---, ---, ---, ---, ---, ---, ---, ---, ---, ---, ---, ---, 
[1371.169s][info][gc,stats       ]   Resize TLABs                        7 us
[1371.169s][info][gc,stats       ] Concurrent Marking                63622 us
[1371.169s][info][gc,stats       ] Pause Final Mark (G)               1856 us
[1371.169s][info][gc,stats       ] Pause Final Mark (N)               1629 us
[1371.169s][info][gc,stats       ]   Finish Queues                     152 us
[1371.169s][info][gc,stats       ]   System Purge                      278 us
[1371.169s][info][gc,stats       ]     Weak Roots                      277 us
[1371.169s][info][gc,stats       ]   Update Region States               22 us
[1371.169s][info][gc,stats       ]   Retire TLABs                       41 us
[1371.169s][info][gc,stats       ]   Choose Collection Set             303 us
[1371.169s][info][gc,stats       ]   Rebuild Free Set                   22 us
[1371.169s][info][gc,stats       ]   Initial Evacuation                785 us, parallelism: 2.09x
[1371.169s][info][gc,stats       ]     E: <total>                     1643 us
[1371.169s][info][gc,stats       ]     E: Thread Roots                 327 us, workers (us): 132,  28,   2, 165, ---, ---, ---, ---, ---, ---, ---, ---, ---, ---, ---, ---, ---, ---, ---, ---, ---, ---, ---, ---, 
[1371.169s][info][gc,stats       ]     E: Code Cache Roots            1028 us, workers (us): 196, 142, 350, 340, ---, ---, ---, ---, ---, ---, ---, ---, ---, ---, ---, ---, ---, ---, ---, ---, ---, ---, ---, ---, 
[1371.169s][info][gc,stats       ]     E: Universe Roots                 2 us, workers (us):   2, ---, ---, ---, ---, ---, ---, ---, ---, ---, ---, ---, ---, ---, ---, ---, ---, ---, ---, ---, ---, ---, ---, ---, 
[1371.169s][info][gc,stats       ]     E: JNI Handles Roots              1 us, workers (us):   1, ---, ---, ---, ---, ---, ---, ---, ---, ---, ---, ---, ---, ---, ---, ---, ---, ---, ---, ---, ---, ---, ---, ---, 
[1371.169s][info][gc,stats       ]     E: Synchronizer Roots             0 us, workers (us):   0, ---, ---, ---, ---, ---, ---, ---, ---, ---, ---, ---, ---, ---, ---, ---, ---, ---, ---, ---, ---, ---, ---, ---, 
[1371.169s][info][gc,stats       ]     E: Management Roots               1 us, workers (us):   1, ---, ---, ---, ---, ---, ---, ---, ---, ---, ---, ---, ---, ---, ---, ---, ---, ---, ---, ---, ---, ---, ---, ---, 
[1371.169s][info][gc,stats       ]     E: System Dict Roots              4 us, workers (us):   4, ---, ---, ---, ---, ---, ---, ---, ---, ---, ---, ---, ---, ---, ---, ---, ---, ---, ---, ---, ---, ---, ---, ---, 
[1371.169s][info][gc,stats       ]     E: CLDG Roots                   280 us, workers (us): 101, 179, ---, ---, ---, ---, ---, ---, ---, ---, ---, ---, ---, ---, ---, ---, ---, ---, ---, ---, ---, ---, ---, ---, 
[1371.169s][info][gc,stats       ]     E: JVMTI Roots                    0 us, workers (us):   0, ---, ---, ---, ---, ---, ---, ---, ---, ---, ---, ---, ---, ---, ---, ---, ---, ---, ---, ---, ---, ---, ---, ---, 
[1371.169s][info][gc,stats       ] 
[1371.169s][info][gc,stats       ] Allocation pacing accrued:
[1371.169s][info][gc,stats       ]      11 of    83 ms ( 13.5%): main
[1371.169s][info][gc,stats       ]      11 of    83 ms ( 13.5%): C1 CompilerThread0
[1371.169s][info][gc,stats       ]      22 of    83 ms ( 27.0%): <total>
[1371.169s][info][gc,stats       ]       2 of    83 ms (  2.7%): <average total>
[1371.169s][info][gc,stats       ]      11 of    83 ms ( 13.5%): <average non-zero>
[1371.169s][info][gc,stats       ] 
[1371.169s][info][gc,metaspace   ] Metaspace: 24233K->24257K(1071104K)
[1371.169s][info][gc,ergo        ] Pacer for Idle. Initial: 2621K, Alloc Tax Rate: 1.0x
[1371.170s][info][gc,heap,exit   ] Heap
[1371.170s][info][gc,heap,exit   ] Shenandoah Heap
[1371.170s][info][gc,heap,exit   ]  128M max, 128M soft max, 128M committed, 28393K used
[1371.170s][info][gc,heap,exit   ]  512 x 256K regions
[1371.170s][info][gc,heap,exit   ] Status: has forwarded objects, evacuating, cancelled
[1371.170s][info][gc,heap,exit   ] Reserved region:
[1371.170s][info][gc,heap,exit   ]  - [0x00000000f8000000, 0x0000000100000000) 
[1371.170s][info][gc,heap,exit   ] Collection set:
[1371.170s][info][gc,heap,exit   ]  - map (vanilla): 0x0000000000013e00
[1371.170s][info][gc,heap,exit   ]  - map (biased):  0x0000000000010000
[1371.170s][info][gc,heap,exit   ] 
[1371.170s][info][gc,heap,exit   ]  Metaspace       used 24257K, capacity 24765K, committed 25264K, reserved 1071104K
[1371.170s][info][gc,heap,exit   ]   class space    used 2519K, capacity 2721K, committed 2816K, reserved 1048576K
[1371.175s][info][gc,stats       ] 
[1371.175s][info][gc,stats       ] GC STATISTICS:
[1371.175s][info][gc,stats       ]   "(G)" (gross) pauses include VM time: time to notify and block threads, do the pre-
[1371.175s][info][gc,stats       ]         and post-safepoint housekeeping. Use -XX:+PrintSafepointStatistics to dissect.
[1371.176s][info][gc,stats       ]   "(N)" (net) pauses are the times spent in the actual GC code.
[1371.176s][info][gc,stats       ]   "a" is average time for each phase, look at levels to see if average makes sense.
[1371.176s][info][gc,stats       ]   "lvls" are quantiles: 0% (minimum), 25%, 50% (median), 75%, 100% (maximum).
[1371.176s][info][gc,stats       ] 
[1371.176s][info][gc,stats       ]   All times are wall-clock times, except per-root-class counters, that are sum over
[1371.176s][info][gc,stats       ]   all workers. Dividing the <total> over the root stage time estimates parallelism.
[1371.176s][info][gc,stats       ] 
[1371.176s][info][gc,stats       ]   Pacing delays are measured from entering the pacing code till exiting it. Therefore,
[1371.176s][info][gc,stats       ]   observed pacing delays may be higher than the threshold when paced thread spent more
[1371.176s][info][gc,stats       ]   time in the pacing code. It usually happens when thread is de-scheduled while paced,
[1371.176s][info][gc,stats       ]   OS takes longer to unblock the thread, or JVM experiences an STW pause.
[1371.176s][info][gc,stats       ] 
[1371.176s][info][gc,stats       ]   Higher delay would prevent application outpacing the GC, but it will hide the GC latencies
[1371.176s][info][gc,stats       ]   from the STW pause times. Pacing affects the individual threads, and so it would also be
[1371.176s][info][gc,stats       ]   invisible to the usual profiling tools, but would add up to end-to-end application latency.
[1371.176s][info][gc,stats       ]   Raise max pacing delay with care.
[1371.176s][info][gc,stats       ] 
[1371.176s][info][gc,stats       ] Concurrent Reset               =    5.618 s (a =      428 us) (n = 13113) (lvls, us =      182,      369,      416,      473,     1399)
[1371.176s][info][gc,stats       ] Pause Init Mark (G)            =   40.887 s (a =     3118 us) (n = 13113) (lvls, us =     1152,     2480,     3047,     3613,     6137)
[1371.176s][info][gc,stats       ] Pause Init Mark (N)            =   32.342 s (a =     2466 us) (n = 13113) (lvls, us =      926,     1953,     2461,     2910,     4928)
[1371.176s][info][gc,stats       ]   Accumulate Stats             =    0.073 s (a =        5 us) (n = 13727) (lvls, us =        2,        4,        5,        6,       26)
[1371.176s][info][gc,stats       ]   Make Parsable                =    0.595 s (a =       43 us) (n = 13727) (lvls, us =        2,       38,       45,       49,      256)
[1371.176s][info][gc,stats       ]   Update Region States         =    0.084 s (a =        6 us) (n = 13727) (lvls, us =        2,        4,        6,        7,       47)
[1371.176s][info][gc,stats       ]   Scan Roots                   =   27.253 s (a =     1985 us) (n = 13727) (lvls, us =      580,     1465,     1973,     2461,     4381)
[1371.176s][info][gc,stats       ]     S: <total>                 =   49.169 s (a =     3582 us) (n = 13727) (lvls, us =      725,     2793,     3574,     4336,     8181)
[1371.176s][info][gc,stats       ]     S: Thread Roots            =    4.770 s (a =      347 us) (n = 13727) (lvls, us =      146,      293,      348,      402,     2710)
[1371.176s][info][gc,stats       ]     S: Universe Roots          =    0.362 s (a =       26 us) (n = 13727) (lvls, us =        9,       17,       24,       32,      106)
[1371.176s][info][gc,stats       ]     S: JNI Handles Roots       =    0.268 s (a =       20 us) (n = 13727) (lvls, us =        4,       12,       18,       27,      126)
[1371.176s][info][gc,stats       ]     S: Synchronizer Roots      =    0.006 s (a =        0 us) (n = 13727) (lvls, us =        0,        0,        0,        0,       18)
[1371.176s][info][gc,stats       ]     S: Management Roots        =    0.031 s (a =        2 us) (n = 13727) (lvls, us =        0,        1,        2,        2,       24)
[1371.176s][info][gc,stats       ]     S: System Dict Roots       =    0.439 s (a =       32 us) (n = 13727) (lvls, us =        8,       22,       30,       42,      201)
[1371.176s][info][gc,stats       ]     S: CLDG Roots              =   43.283 s (a =     3153 us) (n = 13727) (lvls, us =      479,     2363,     3145,     3906,     7181)
[1371.176s][info][gc,stats       ]     S: JVMTI Roots             =    0.010 s (a =        1 us) (n = 13727) (lvls, us =        0,        0,        1,        1,       19)
[1371.176s][info][gc,stats       ]   Resize TLABs                 =    0.079 s (a =        6 us) (n = 13727) (lvls, us =        2,        4,        6,        7,       27)
[1371.176s][info][gc,stats       ] Concurrent Marking             =  718.661 s (a =    54805 us) (n = 13113) (lvls, us =      119,    40820,    62109,    65234,    74353)
[1371.176s][info][gc,stats       ] Concurrent Precleaning         =    5.447 s (a =     2636 us) (n =  2066) (lvls, us =       87,     1953,     2617,     3477,     5614)
[1371.176s][info][gc,stats       ] Pause Final Mark (G)           =   21.742 s (a =     2320 us) (n =  9372) (lvls, us =      117,     1465,     1660,     1914,    63152)
[1371.176s][info][gc,stats       ] Pause Final Mark (N)           =   17.698 s (a =     1888 us) (n =  9372) (lvls, us =       11,     1250,     1387,     1523,    61493)
[1371.176s][info][gc,stats       ]   Finish Queues                =  130.601 s (a =     9876 us) (n = 13224) (lvls, us =       30,      146,      160,    12891,    72285)
[1371.176s][info][gc,stats       ]   Weak References              =    4.416 s (a =     1523 us) (n =  2899) (lvls, us =       16,       40,       47,     3359,     4796)
[1371.176s][info][gc,stats       ]     Process                    =    4.387 s (a =     1513 us) (n =  2899) (lvls, us =       13,       31,       37,     3359,     4784)
[1371.176s][info][gc,stats       ]   System Purge                 =    4.667 s (a =      353 us) (n = 13224) (lvls, us =       64,      307,      346,      393,     1479)
[1371.176s][info][gc,stats       ]     Unload Classes             =    0.065 s (a =       87 us) (n =   746) (lvls, us =       39,       79,       85,       89,     1222)
[1371.176s][info][gc,stats       ]     Cleanup                    =   40.272 s (a =    53984 us) (n =   746) (lvls, us =    43750,    53320,    54492,    55273,    61469)
[1371.176s][info][gc,stats       ]       CU: <total>              =   51.640 s (a =    69223 us) (n =   746) (lvls, us =    55664,    65820,    67773,    71094,    95739)
[1371.176s][info][gc,stats       ]       CU: Code Cache Roots     =   39.838 s (a =    53401 us) (n =   746) (lvls, us =    43750,    50195,    51367,    54688,    77899)
[1371.176s][info][gc,stats       ]       CU: Code Cache Cleaning  =    3.091 s (a =     4144 us) (n =   746) (lvls, us =     2949,     3945,     4121,     4258,    10298)
[1371.176s][info][gc,stats       ]       CU: String Table Roots   =    2.775 s (a =     3720 us) (n =   746) (lvls, us =     2754,     3379,     3633,     3770,    16226)
[1371.176s][info][gc,stats       ]       CU: Resolved Table Roots =    0.013 s (a =       17 us) (n =   746) (lvls, us =       11,       15,       17,       20,       45)
[1371.176s][info][gc,stats       ]       CU: CLDG Roots           =    5.923 s (a =     7940 us) (n =   746) (lvls, us =     5039,     7793,     8125,     8359,    12738)
[1371.176s][info][gc,stats       ]     Weak Roots                 =    4.652 s (a =      352 us) (n = 13224) (lvls, us =       64,      307,      346,      391,     1478)
[1371.176s][info][gc,stats       ]     CLDG                       =    0.001 s (a =        1 us) (n =   746) (lvls, us =        0,        1,        1,        1,      243)
[1371.176s][info][gc,stats       ]   Update Region States         =    0.243 s (a =       18 us) (n = 13224) (lvls, us =        6,       15,       19,       21,      648)
[1371.176s][info][gc,stats       ]   Retire TLABs                 =    0.587 s (a =       44 us) (n = 13224) (lvls, us =        2,       39,       48,       52,      696)
[1371.176s][info][gc,stats       ]   Choose Collection Set        =    3.313 s (a =      251 us) (n = 13224) (lvls, us =       19,      168,      260,      322,      756)
[1371.176s][info][gc,stats       ]   Rebuild Free Set             =    0.211 s (a =       16 us) (n = 13224) (lvls, us =        5,       11,       17,       21,       62)
[1371.176s][info][gc,stats       ]   Initial Evacuation           =    5.166 s (a =      392 us) (n = 13184) (lvls, us =        5,       17,      520,      598,     2970)
[1371.176s][info][gc,stats       ]     E: <total>                 =   11.703 s (a =     1321 us) (n =  8858) (lvls, us =      730,     1172,     1309,     1445,     7512)
[1371.176s][info][gc,stats       ]     E: Thread Roots            =    0.867 s (a =       98 us) (n =  8858) (lvls, us =       45,       80,       96,      111,      789)
[1371.176s][info][gc,stats       ]     E: Code Cache Roots        =    8.326 s (a =      940 us) (n =  8858) (lvls, us =      309,      822,      941,     1035,     6662)
[1371.176s][info][gc,stats       ]     E: Universe Roots          =    0.036 s (a =        4 us) (n =  8858) (lvls, us =        2,        2,        3,        4,       34)
[1371.176s][info][gc,stats       ]     E: JNI Handles Roots       =    0.020 s (a =        2 us) (n =  8858) (lvls, us =        1,        1,        2,        2,       26)
[1371.176s][info][gc,stats       ]     E: Synchronizer Roots      =    0.003 s (a =        0 us) (n =  8858) (lvls, us =        0,        0,        0,        0,       21)
[1371.176s][info][gc,stats       ]     E: Management Roots        =    0.017 s (a =        2 us) (n =  8858) (lvls, us =        0,        1,        2,        2,       33)
[1371.176s][info][gc,stats       ]     E: System Dict Roots       =    0.074 s (a =        8 us) (n =  8858) (lvls, us =        3,        6,        7,       10,       61)
[1371.177s][info][gc,stats       ]     E: CLDG Roots              =    2.353 s (a =      266 us) (n =  8858) (lvls, us =      145,      199,      248,      316,      952)
[1371.177s][info][gc,stats       ]     E: JVMTI Roots             =    0.006 s (a =        1 us) (n =  8858) (lvls, us =        0,        0,        1,        1,       18)
[1371.177s][info][gc,stats       ] Concurrent Cleanup             =   67.280 s (a =     7180 us) (n =  9371) (lvls, us =       12,     4980,     7910,     9570,    15765)
[1371.177s][info][gc,stats       ] Concurrent Evacuation          =    4.617 s (a =      521 us) (n =  8857) (lvls, us =       30,      406,      502,      621,     6771)
[1371.177s][info][gc,stats       ] Pause Init  Update Refs (G)    =    3.075 s (a =      347 us) (n =  8854) (lvls, us =       95,      262,      307,      346,     4055)
[1371.177s][info][gc,stats       ] Pause Init  Update Refs (N)    =    0.290 s (a =       33 us) (n =  8854) (lvls, us =        8,       27,       34,       38,      143)
[1371.177s][info][gc,stats       ]   Retire GCLABs                =    0.172 s (a =       13 us) (n = 13183) (lvls, us =        3,        9,       12,       16,      120)
[1371.177s][info][gc,stats       ] Concurrent Update Refs         =  135.000 s (a =    15247 us) (n =  8854) (lvls, us =     1680,    14258,    15234,    16211,    24363)
[1371.177s][info][gc,stats       ] Pause Final Update Refs (G)    =    6.548 s (a =      744 us) (n =  8803) (lvls, us =      164,      463,      533,      889,     2910)
[1371.177s][info][gc,stats       ] Pause Final Update Refs (N)    =    1.761 s (a =      200 us) (n =  8803) (lvls, us =       71,      180,      201,      219,     1249)
[1371.177s][info][gc,stats       ]   Finish Work                  =   55.624 s (a =    12761 us) (n =  4359) (lvls, us =      410,    10742,    12305,    14648,    19927)
[1371.177s][info][gc,stats       ]   Update Roots                 =    1.320 s (a =      150 us) (n =  8803) (lvls, us =       50,      135,      150,      164,     1217)
[1371.177s][info][gc,stats       ]     UR: <total>                =    1.483 s (a =      168 us) (n =  8803) (lvls, us =       37,      148,      170,      189,     1257)
[1371.177s][info][gc,stats       ]     UR: Thread Roots           =    1.483 s (a =      168 us) (n =  8803) (lvls, us =       37,      148,      170,      189,     1257)
[1371.177s][info][gc,stats       ]   Update Region States         =    0.141 s (a =       11 us) (n = 13183) (lvls, us =        2,        8,       10,       13,       64)
[1371.177s][info][gc,stats       ]   Trash Collection Set         =    0.061 s (a =        5 us) (n = 13183) (lvls, us =        2,        3,        5,        6,       38)
[1371.177s][info][gc,stats       ]   Rebuild Free Set             =    0.167 s (a =       13 us) (n = 13183) (lvls, us =        4,        9,       13,       17,       76)
[1371.177s][info][gc,stats       ] Concurrent Cleanup             =    0.852 s (a =       97 us) (n =  8803) (lvls, us =       16,       75,       93,      113,     2713)
[1371.177s][info][gc,stats       ] Pause Degenerated GC (G)       =  287.486 s (a =    65576 us) (n =  4384) (lvls, us =      895,    39062,    53906,    75781,   165003)
[1371.177s][info][gc,stats       ] Pause Degenerated GC (N)       =  285.950 s (a =    65226 us) (n =  4384) (lvls, us =      600,    38867,    53516,    75586,   164563)
[1371.177s][info][gc,stats       ]   Degen Update Roots           =    3.342 s (a =      763 us) (n =  4380) (lvls, us =      475,      682,      752,      828,     3051)
[1371.177s][info][gc,stats       ]     DU: <total>                =    7.290 s (a =     1664 us) (n =  4380) (lvls, us =     1016,     1465,     1621,     1797,     7382)
[1371.177s][info][gc,stats       ]     DU: Thread Roots           =    0.555 s (a =      127 us) (n =  4380) (lvls, us =       56,      102,      123,      146,      392)
[1371.177s][info][gc,stats       ]     DU: Code Cache Roots       =    4.358 s (a =      995 us) (n =  4380) (lvls, us =      428,      879,      977,     1074,     5850)
[1371.177s][info][gc,stats       ]     DU: Universe Roots         =    0.034 s (a =        8 us) (n =  4380) (lvls, us =        2,        5,        7,        9,       36)
[1371.177s][info][gc,stats       ]     DU: JNI Handles Roots      =    0.019 s (a =        4 us) (n =  4380) (lvls, us =        1,        2,        4,        5,       46)
[1371.177s][info][gc,stats       ]     DU: Synchronizer Roots     =    0.002 s (a =        0 us) (n =  4380) (lvls, us =        0,        0,        0,        1,       16)
[1371.177s][info][gc,stats       ]     DU: Management Roots       =    0.009 s (a =        2 us) (n =  4380) (lvls, us =        1,        1,        2,        2,       18)
[1371.177s][info][gc,stats       ]     DU: System Dict Roots      =    0.052 s (a =       12 us) (n =  4380) (lvls, us =        4,        8,       11,       15,       78)
[1371.177s][info][gc,stats       ]     DU: CLDG Roots             =    2.258 s (a =      516 us) (n =  4380) (lvls, us =      275,      396,      504,      613,     1242)
[1371.177s][info][gc,stats       ]     DU: JVMTI Roots            =    0.003 s (a =        1 us) (n =  4380) (lvls, us =        0,        0,        1,        1,       17)
[1371.177s][info][gc,stats       ] Pause Full GC (G)              =    5.290 s (a =   165311 us) (n =    32) (lvls, us =   111328,   160156,   169922,   171875,   181189)
[1371.177s][info][gc,stats       ] Pause Full GC (N)              =    5.278 s (a =   164945 us) (n =    32) (lvls, us =   111328,   160156,   169922,   171875,   180813)
[1371.177s][info][gc,stats       ]   Pre Heap Dump                =    0.000 s (a =        1 us) (n =    32) (lvls, us =        1,        1,        1,        1,        1)
[1371.177s][info][gc,stats       ]   Prepare                      =    0.029 s (a =      917 us) (n =    32) (lvls, us =      588,      785,      910,      988,     1649)
[1371.177s][info][gc,stats       ]   Scan Roots                   =    0.035 s (a =     1102 us) (n =    32) (lvls, us =      637,      779,     1055,     1445,     1481)
[1371.177s][info][gc,stats       ]     FS: <total>                =    0.044 s (a =     1390 us) (n =    32) (lvls, us =      908,     1094,     1406,     1660,     1801)
[1371.177s][info][gc,stats       ]     FS: Thread Roots           =    0.011 s (a =      356 us) (n =    32) (lvls, us =      221,      318,      365,      385,      453)
[1371.177s][info][gc,stats       ]     FS: Universe Roots         =    0.001 s (a =       22 us) (n =    32) (lvls, us =       10,       15,       20,       24,       38)
[1371.177s][info][gc,stats       ]     FS: JNI Handles Roots      =    0.001 s (a =       16 us) (n =    32) (lvls, us =        4,       10,       15,       21,       26)
[1371.177s][info][gc,stats       ]     FS: Synchronizer Roots     =    0.000 s (a =        1 us) (n =    32) (lvls, us =        0,        0,        0,        1,       10)
[1371.177s][info][gc,stats       ]     FS: Management Roots       =    0.000 s (a =        2 us) (n =    32) (lvls, us =        1,        1,        2,        2,        3)
[1371.177s][info][gc,stats       ]     FS: System Dict Roots      =    0.001 s (a =       30 us) (n =    32) (lvls, us =       10,       19,       27,       38,       62)
[1371.177s][info][gc,stats       ]     FS: CLDG Roots             =    0.031 s (a =      964 us) (n =    32) (lvls, us =      521,      660,      939,     1250,     1321)
[1371.177s][info][gc,stats       ]     FS: JVMTI Roots            =    0.000 s (a =        1 us) (n =    32) (lvls, us =        0,        0,        1,        1,        1)
[1371.177s][info][gc,stats       ]   Mark                         =    3.689 s (a =   115271 us) (n =    32) (lvls, us =    83594,   111328,   117188,   121094,   127843)
[1371.177s][info][gc,stats       ]     Finish Queues              =    1.827 s (a =    57099 us) (n =    32) (lvls, us =    35352,    56641,    58984,    60938,    66446)
[1371.177s][info][gc,stats       ]     Weak References            =    0.112 s (a =     3491 us) (n =    32) (lvls, us =     1211,     3223,     3574,     3848,     4311)
[1371.177s][info][gc,stats       ]       Process                  =    0.111 s (a =     3478 us) (n =    32) (lvls, us =     1191,     3223,     3574,     3828,     4297)
[1371.177s][info][gc,stats       ]     System Purge               =    0.012 s (a =      373 us) (n =    32) (lvls, us =      150,      330,      387,      422,      489)
[1371.177s][info][gc,stats       ]       Unload Classes           =    0.003 s (a =       85 us) (n =    32) (lvls, us =       44,       86,       89,       92,       97)
[1371.177s][info][gc,stats       ]       Cleanup                  =    1.690 s (a =    52826 us) (n =    32) (lvls, us =    38477,    51758,    54102,    55078,    57300)
[1371.177s][info][gc,stats       ]         CU: <total>            =    2.285 s (a =    71401 us) (n =    32) (lvls, us =    61719,    66797,    67578,    68555,   106020)
[1371.177s][info][gc,stats       ]         CU: Code Cache Roots   =    1.734 s (a =    54181 us) (n =    32) (lvls, us =    48633,    50195,    51563,    52930,    84788)
[1371.177s][info][gc,stats       ]         CU: Code Cache Cleaning =    0.153 s (a =     4778 us) (n =    32) (lvls, us =     3750,     4082,     4199,     4316,    15785)
[1371.177s][info][gc,stats       ]         CU: String Table Roots =    0.115 s (a =     3591 us) (n =    32) (lvls, us =     2891,     3438,     3594,     3711,     4280)
[1371.177s][info][gc,stats       ]         CU: Resolved Table Roots =    0.001 s (a =       18 us) (n =    32) (lvls, us =       13,       16,       19,       20,       23)
[1371.177s][info][gc,stats       ]         CU: CLDG Roots         =    0.283 s (a =     8832 us) (n =    32) (lvls, us =     6250,     7871,     8184,     8457,    20960)
[1371.177s][info][gc,stats       ]       Weak Roots               =    0.012 s (a =      372 us) (n =    32) (lvls, us =      150,      330,      387,      420,      487)
[1371.177s][info][gc,stats       ]       CLDG                     =    0.000 s (a =        1 us) (n =    32) (lvls, us =        0,        1,        1,        1,        1)
[1371.178s][info][gc,stats       ]   Calculate Addresses          =    0.789 s (a =    24671 us) (n =    32) (lvls, us =    15820,    23828,    25195,    25977,    28250)
[1371.178s][info][gc,stats       ]     Regular Objects            =    0.407 s (a =    12714 us) (n =    32) (lvls, us =     3418,    12109,    12891,    14062,    16020)
[1371.178s][info][gc,stats       ]     Humongous Objects          =    0.000 s (a =       10 us) (n =    32) (lvls, us =        5,        7,       10,       10,       17)
[1371.178s][info][gc,stats       ]   Adjust Pointers              =    0.487 s (a =    15228 us) (n =    32) (lvls, us =     6250,    14844,    15625,    16602,    18325)
[1371.178s][info][gc,stats       ]     FA: <total>                =    0.328 s (a =    10259 us) (n =    32) (lvls, us =     6035,     8906,     9961,    11523,    12766)
[1371.178s][info][gc,stats       ]     FA: Thread Roots           =    0.005 s (a =      152 us) (n =    32) (lvls, us =       90,      133,      158,      166,      209)
[1371.178s][info][gc,stats       ]     FA: Code Cache Roots       =    0.304 s (a =     9485 us) (n =    32) (lvls, us =     5488,     8145,     9180,    10742,    11897)
[1371.178s][info][gc,stats       ]     FA: Universe Roots         =    0.000 s (a =        6 us) (n =    32) (lvls, us =        3,        5,        6,        7,        8)
[1371.178s][info][gc,stats       ]     FA: JNI Handles Roots      =    0.000 s (a =        3 us) (n =    32) (lvls, us =        2,        3,        3,        4,        9)
[1371.178s][info][gc,stats       ]     FA: Synchronizer Roots     =    0.000 s (a =        1 us) (n =    32) (lvls, us =        0,        0,        1,        1,        1)
[1371.178s][info][gc,stats       ]     FA: Management Roots       =    0.000 s (a =        2 us) (n =    32) (lvls, us =        1,        2,        2,        3,        3)
[1371.178s][info][gc,stats       ]     FA: System Dict Roots      =    0.000 s (a =       13 us) (n =    32) (lvls, us =        7,       10,       12,       14,       25)
[1371.178s][info][gc,stats       ]     FA: CLDG Roots             =    0.019 s (a =      596 us) (n =    32) (lvls, us =      412,      535,      604,      660,      730)
[1371.178s][info][gc,stats       ]     FA: JVMTI Roots            =    0.000 s (a =        1 us) (n =    32) (lvls, us =        0,        1,        1,        1,        1)
[1371.178s][info][gc,stats       ]   Copy Objects                 =    0.232 s (a =     7262 us) (n =    32) (lvls, us =     3730,     6230,     7012,     8281,    10942)
[1371.178s][info][gc,stats       ]     Regular Objects            =    0.220 s (a =     6882 us) (n =    32) (lvls, us =     3066,     5879,     6777,     7891,    10612)
[1371.178s][info][gc,stats       ]     Humongous Objects          =    0.000 s (a =        7 us) (n =    32) (lvls, us =        3,        5,        6,        8,       20)
[1371.178s][info][gc,stats       ]     Reset Complete Bitmap      =    0.005 s (a =      162 us) (n =    32) (lvls, us =       94,      150,      168,      174,      191)
[1371.178s][info][gc,stats       ]     Rebuild Region Sets        =    0.007 s (a =      208 us) (n =    32) (lvls, us =       76,      117,      146,      186,     1124)
[1371.178s][info][gc,stats       ]   Resize TLABs                 =    0.000 s (a =        8 us) (n =    32) (lvls, us =        5,        7,        8,        9,       10)
[1371.178s][info][gc,stats       ]   Post Heap Dump               =    0.000 s (a =        1 us) (n =    32) (lvls, us =        1,        1,        1,        1,        2)
[1371.178s][info][gc,stats       ] Pacing                         =  843.406 s (a =    48115 us) (n = 17529) (lvls, us =        0,        0,    57617,    77148,   151122)
[1371.178s][info][gc,stats       ] 
[1371.178s][info][gc,stats       ] 
[1371.178s][info][gc,stats       ] Under allocation pressure, concurrent cycles may cancel, and either continue cycle
[1371.178s][info][gc,stats       ] under stop-the-world pause or result in stop-the-world Full GC. Increase heap size,
[1371.178s][info][gc,stats       ] tune GC heuristics, set more aggressive pacing delay, or lower allocation rate
[1371.178s][info][gc,stats       ] to avoid Degenerated and Full GC cycles.
[1371.178s][info][gc,stats       ] 
[1371.178s][info][gc,stats       ]  9317 successful concurrent GCs
[1371.178s][info][gc,stats       ]       0 invoked explicitly
[1371.178s][info][gc,stats       ]       0 invoked implicitly
[1371.178s][info][gc,stats       ] 
[1371.178s][info][gc,stats       ]  4384 Degenerated GCs
[1371.178s][info][gc,stats       ]    4384 caused by allocation failure
[1371.178s][info][gc,stats       ]       614 happened at Outside of Cycle
[1371.178s][info][gc,stats       ]      3716 happened at Mark
[1371.178s][info][gc,stats       ]         3 happened at Evacuation
[1371.178s][info][gc,stats       ]        51 happened at Update Refs
[1371.178s][info][gc,stats       ]       0 upgraded to Full GC
[1371.178s][info][gc,stats       ] 
[1371.178s][info][gc,stats       ]    32 Full GCs
[1371.178s][info][gc,stats       ]       0 invoked explicitly
[1371.178s][info][gc,stats       ]       0 invoked implicitly
[1371.178s][info][gc,stats       ]      32 caused by allocation failure
[1371.178s][info][gc,stats       ]       0 upgraded from Degenerated GC
[1371.178s][info][gc,stats       ] 
[1371.178s][info][gc,stats       ] 
